[2025-11-15T22:55:23.299+0000] {processor.py:157} INFO - Started process (PID=168) to work on /opt/airflow/dags/utils/helpers.py
[2025-11-15T22:55:23.299+0000] {processor.py:829} INFO - Processing file /opt/airflow/dags/utils/helpers.py for tasks to queue
[2025-11-15T22:55:23.300+0000] {logging_mixin.py:154} INFO - [2025-11-15T22:55:23.300+0000] {dagbag.py:536} INFO - Filling up the DagBag from /opt/airflow/dags/utils/helpers.py
[2025-11-15T22:55:23.302+0000] {processor.py:841} WARNING - No viable dags retrieved from /opt/airflow/dags/utils/helpers.py
[2025-11-15T22:55:23.313+0000] {processor.py:179} INFO - Processing /opt/airflow/dags/utils/helpers.py took 0.017 seconds
[2025-11-15T22:55:53.611+0000] {processor.py:157} INFO - Started process (PID=230) to work on /opt/airflow/dags/utils/helpers.py
[2025-11-15T22:55:53.728+0000] {processor.py:829} INFO - Processing file /opt/airflow/dags/utils/helpers.py for tasks to queue
[2025-11-15T22:55:53.729+0000] {logging_mixin.py:154} INFO - [2025-11-15T22:55:53.728+0000] {dagbag.py:536} INFO - Filling up the DagBag from /opt/airflow/dags/utils/helpers.py
[2025-11-15T22:55:53.730+0000] {processor.py:841} WARNING - No viable dags retrieved from /opt/airflow/dags/utils/helpers.py
[2025-11-15T22:55:53.741+0000] {processor.py:179} INFO - Processing /opt/airflow/dags/utils/helpers.py took 0.133 seconds
[2025-11-15T22:56:23.946+0000] {processor.py:157} INFO - Started process (PID=289) to work on /opt/airflow/dags/utils/helpers.py
[2025-11-15T22:56:23.947+0000] {processor.py:829} INFO - Processing file /opt/airflow/dags/utils/helpers.py for tasks to queue
[2025-11-15T22:56:23.947+0000] {logging_mixin.py:154} INFO - [2025-11-15T22:56:23.947+0000] {dagbag.py:536} INFO - Filling up the DagBag from /opt/airflow/dags/utils/helpers.py
[2025-11-15T22:56:23.949+0000] {processor.py:841} WARNING - No viable dags retrieved from /opt/airflow/dags/utils/helpers.py
[2025-11-15T22:56:23.960+0000] {processor.py:179} INFO - Processing /opt/airflow/dags/utils/helpers.py took 0.017 seconds
[2025-11-15T22:56:54.242+0000] {processor.py:157} INFO - Started process (PID=348) to work on /opt/airflow/dags/utils/helpers.py
[2025-11-15T22:56:54.243+0000] {processor.py:829} INFO - Processing file /opt/airflow/dags/utils/helpers.py for tasks to queue
[2025-11-15T22:56:54.243+0000] {logging_mixin.py:154} INFO - [2025-11-15T22:56:54.243+0000] {dagbag.py:536} INFO - Filling up the DagBag from /opt/airflow/dags/utils/helpers.py
[2025-11-15T22:56:54.245+0000] {processor.py:841} WARNING - No viable dags retrieved from /opt/airflow/dags/utils/helpers.py
[2025-11-15T22:56:54.256+0000] {processor.py:179} INFO - Processing /opt/airflow/dags/utils/helpers.py took 0.016 seconds
[2025-11-15T22:57:24.346+0000] {processor.py:157} INFO - Started process (PID=400) to work on /opt/airflow/dags/utils/helpers.py
[2025-11-15T22:57:24.348+0000] {processor.py:829} INFO - Processing file /opt/airflow/dags/utils/helpers.py for tasks to queue
[2025-11-15T22:57:24.348+0000] {logging_mixin.py:154} INFO - [2025-11-15T22:57:24.348+0000] {dagbag.py:536} INFO - Filling up the DagBag from /opt/airflow/dags/utils/helpers.py
[2025-11-15T22:57:24.350+0000] {processor.py:841} WARNING - No viable dags retrieved from /opt/airflow/dags/utils/helpers.py
[2025-11-15T22:57:24.360+0000] {processor.py:179} INFO - Processing /opt/airflow/dags/utils/helpers.py took 0.017 seconds
[2025-11-15T22:57:54.799+0000] {processor.py:157} INFO - Started process (PID=459) to work on /opt/airflow/dags/utils/helpers.py
[2025-11-15T22:57:54.801+0000] {processor.py:829} INFO - Processing file /opt/airflow/dags/utils/helpers.py for tasks to queue
[2025-11-15T22:57:54.801+0000] {logging_mixin.py:154} INFO - [2025-11-15T22:57:54.801+0000] {dagbag.py:536} INFO - Filling up the DagBag from /opt/airflow/dags/utils/helpers.py
[2025-11-15T22:57:54.803+0000] {processor.py:841} WARNING - No viable dags retrieved from /opt/airflow/dags/utils/helpers.py
[2025-11-15T22:57:54.815+0000] {processor.py:179} INFO - Processing /opt/airflow/dags/utils/helpers.py took 0.019 seconds
[2025-11-15T22:58:25.318+0000] {processor.py:157} INFO - Started process (PID=518) to work on /opt/airflow/dags/utils/helpers.py
[2025-11-15T22:58:25.319+0000] {processor.py:829} INFO - Processing file /opt/airflow/dags/utils/helpers.py for tasks to queue
[2025-11-15T22:58:25.319+0000] {logging_mixin.py:154} INFO - [2025-11-15T22:58:25.319+0000] {dagbag.py:536} INFO - Filling up the DagBag from /opt/airflow/dags/utils/helpers.py
[2025-11-15T22:58:25.321+0000] {processor.py:841} WARNING - No viable dags retrieved from /opt/airflow/dags/utils/helpers.py
[2025-11-15T22:58:25.331+0000] {processor.py:179} INFO - Processing /opt/airflow/dags/utils/helpers.py took 0.016 seconds
[2025-11-15T22:58:55.369+0000] {processor.py:157} INFO - Started process (PID=577) to work on /opt/airflow/dags/utils/helpers.py
[2025-11-15T22:58:55.370+0000] {processor.py:829} INFO - Processing file /opt/airflow/dags/utils/helpers.py for tasks to queue
[2025-11-15T22:58:55.370+0000] {logging_mixin.py:154} INFO - [2025-11-15T22:58:55.370+0000] {dagbag.py:536} INFO - Filling up the DagBag from /opt/airflow/dags/utils/helpers.py
[2025-11-15T22:58:55.372+0000] {processor.py:841} WARNING - No viable dags retrieved from /opt/airflow/dags/utils/helpers.py
[2025-11-15T22:58:55.382+0000] {processor.py:179} INFO - Processing /opt/airflow/dags/utils/helpers.py took 0.015 seconds
[2025-11-15T22:59:25.747+0000] {processor.py:157} INFO - Started process (PID=629) to work on /opt/airflow/dags/utils/helpers.py
[2025-11-15T22:59:25.748+0000] {processor.py:829} INFO - Processing file /opt/airflow/dags/utils/helpers.py for tasks to queue
[2025-11-15T22:59:25.748+0000] {logging_mixin.py:154} INFO - [2025-11-15T22:59:25.748+0000] {dagbag.py:536} INFO - Filling up the DagBag from /opt/airflow/dags/utils/helpers.py
[2025-11-15T22:59:25.750+0000] {processor.py:841} WARNING - No viable dags retrieved from /opt/airflow/dags/utils/helpers.py
[2025-11-15T22:59:25.761+0000] {processor.py:179} INFO - Processing /opt/airflow/dags/utils/helpers.py took 0.016 seconds
[2025-11-15T22:59:56.235+0000] {processor.py:157} INFO - Started process (PID=688) to work on /opt/airflow/dags/utils/helpers.py
[2025-11-15T22:59:56.235+0000] {processor.py:829} INFO - Processing file /opt/airflow/dags/utils/helpers.py for tasks to queue
[2025-11-15T22:59:56.236+0000] {logging_mixin.py:154} INFO - [2025-11-15T22:59:56.236+0000] {dagbag.py:536} INFO - Filling up the DagBag from /opt/airflow/dags/utils/helpers.py
[2025-11-15T22:59:56.237+0000] {processor.py:841} WARNING - No viable dags retrieved from /opt/airflow/dags/utils/helpers.py
[2025-11-15T22:59:56.249+0000] {processor.py:179} INFO - Processing /opt/airflow/dags/utils/helpers.py took 0.018 seconds
[2025-11-15T23:00:26.622+0000] {processor.py:157} INFO - Started process (PID=748) to work on /opt/airflow/dags/utils/helpers.py
[2025-11-15T23:00:26.623+0000] {processor.py:829} INFO - Processing file /opt/airflow/dags/utils/helpers.py for tasks to queue
[2025-11-15T23:00:26.623+0000] {logging_mixin.py:154} INFO - [2025-11-15T23:00:26.623+0000] {dagbag.py:536} INFO - Filling up the DagBag from /opt/airflow/dags/utils/helpers.py
[2025-11-15T23:00:26.625+0000] {processor.py:841} WARNING - No viable dags retrieved from /opt/airflow/dags/utils/helpers.py
[2025-11-15T23:00:26.635+0000] {processor.py:179} INFO - Processing /opt/airflow/dags/utils/helpers.py took 0.016 seconds
[2025-11-15T23:00:57.060+0000] {processor.py:157} INFO - Started process (PID=807) to work on /opt/airflow/dags/utils/helpers.py
[2025-11-15T23:00:57.061+0000] {processor.py:829} INFO - Processing file /opt/airflow/dags/utils/helpers.py for tasks to queue
[2025-11-15T23:00:57.061+0000] {logging_mixin.py:154} INFO - [2025-11-15T23:00:57.061+0000] {dagbag.py:536} INFO - Filling up the DagBag from /opt/airflow/dags/utils/helpers.py
[2025-11-15T23:00:57.063+0000] {processor.py:841} WARNING - No viable dags retrieved from /opt/airflow/dags/utils/helpers.py
[2025-11-15T23:00:57.073+0000] {processor.py:179} INFO - Processing /opt/airflow/dags/utils/helpers.py took 0.016 seconds
[2025-11-15T23:01:27.481+0000] {processor.py:157} INFO - Started process (PID=866) to work on /opt/airflow/dags/utils/helpers.py
[2025-11-15T23:01:27.482+0000] {processor.py:829} INFO - Processing file /opt/airflow/dags/utils/helpers.py for tasks to queue
[2025-11-15T23:01:27.482+0000] {logging_mixin.py:154} INFO - [2025-11-15T23:01:27.482+0000] {dagbag.py:536} INFO - Filling up the DagBag from /opt/airflow/dags/utils/helpers.py
[2025-11-15T23:01:27.484+0000] {processor.py:841} WARNING - No viable dags retrieved from /opt/airflow/dags/utils/helpers.py
[2025-11-15T23:01:27.495+0000] {processor.py:179} INFO - Processing /opt/airflow/dags/utils/helpers.py took 0.016 seconds
[2025-11-15T23:01:57.839+0000] {processor.py:157} INFO - Started process (PID=918) to work on /opt/airflow/dags/utils/helpers.py
[2025-11-15T23:01:57.840+0000] {processor.py:829} INFO - Processing file /opt/airflow/dags/utils/helpers.py for tasks to queue
[2025-11-15T23:01:57.841+0000] {logging_mixin.py:154} INFO - [2025-11-15T23:01:57.841+0000] {dagbag.py:536} INFO - Filling up the DagBag from /opt/airflow/dags/utils/helpers.py
[2025-11-15T23:01:57.843+0000] {processor.py:841} WARNING - No viable dags retrieved from /opt/airflow/dags/utils/helpers.py
[2025-11-15T23:01:57.854+0000] {processor.py:179} INFO - Processing /opt/airflow/dags/utils/helpers.py took 0.017 seconds
[2025-11-15T23:02:28.178+0000] {processor.py:157} INFO - Started process (PID=977) to work on /opt/airflow/dags/utils/helpers.py
[2025-11-15T23:02:28.178+0000] {processor.py:829} INFO - Processing file /opt/airflow/dags/utils/helpers.py for tasks to queue
[2025-11-15T23:02:28.179+0000] {logging_mixin.py:154} INFO - [2025-11-15T23:02:28.179+0000] {dagbag.py:536} INFO - Filling up the DagBag from /opt/airflow/dags/utils/helpers.py
[2025-11-15T23:02:28.180+0000] {processor.py:841} WARNING - No viable dags retrieved from /opt/airflow/dags/utils/helpers.py
[2025-11-15T23:02:28.191+0000] {processor.py:179} INFO - Processing /opt/airflow/dags/utils/helpers.py took 0.016 seconds
[2025-11-15T23:02:58.534+0000] {processor.py:157} INFO - Started process (PID=1036) to work on /opt/airflow/dags/utils/helpers.py
[2025-11-15T23:02:58.535+0000] {processor.py:829} INFO - Processing file /opt/airflow/dags/utils/helpers.py for tasks to queue
[2025-11-15T23:02:58.535+0000] {logging_mixin.py:154} INFO - [2025-11-15T23:02:58.535+0000] {dagbag.py:536} INFO - Filling up the DagBag from /opt/airflow/dags/utils/helpers.py
[2025-11-15T23:02:58.537+0000] {processor.py:841} WARNING - No viable dags retrieved from /opt/airflow/dags/utils/helpers.py
[2025-11-15T23:02:58.547+0000] {processor.py:179} INFO - Processing /opt/airflow/dags/utils/helpers.py took 0.015 seconds
[2025-11-15T23:03:28.885+0000] {processor.py:157} INFO - Started process (PID=1095) to work on /opt/airflow/dags/utils/helpers.py
[2025-11-15T23:03:28.886+0000] {processor.py:829} INFO - Processing file /opt/airflow/dags/utils/helpers.py for tasks to queue
[2025-11-15T23:03:28.886+0000] {logging_mixin.py:154} INFO - [2025-11-15T23:03:28.886+0000] {dagbag.py:536} INFO - Filling up the DagBag from /opt/airflow/dags/utils/helpers.py
[2025-11-15T23:03:28.888+0000] {processor.py:841} WARNING - No viable dags retrieved from /opt/airflow/dags/utils/helpers.py
[2025-11-15T23:03:28.899+0000] {processor.py:179} INFO - Processing /opt/airflow/dags/utils/helpers.py took 0.016 seconds
[2025-11-15T23:03:59.380+0000] {processor.py:157} INFO - Started process (PID=1154) to work on /opt/airflow/dags/utils/helpers.py
[2025-11-15T23:03:59.382+0000] {processor.py:829} INFO - Processing file /opt/airflow/dags/utils/helpers.py for tasks to queue
[2025-11-15T23:03:59.382+0000] {logging_mixin.py:154} INFO - [2025-11-15T23:03:59.382+0000] {dagbag.py:536} INFO - Filling up the DagBag from /opt/airflow/dags/utils/helpers.py
[2025-11-15T23:03:59.384+0000] {processor.py:841} WARNING - No viable dags retrieved from /opt/airflow/dags/utils/helpers.py
[2025-11-15T23:03:59.397+0000] {processor.py:179} INFO - Processing /opt/airflow/dags/utils/helpers.py took 0.019 seconds
[2025-11-15T23:04:29.770+0000] {processor.py:157} INFO - Started process (PID=1206) to work on /opt/airflow/dags/utils/helpers.py
[2025-11-15T23:04:29.771+0000] {processor.py:829} INFO - Processing file /opt/airflow/dags/utils/helpers.py for tasks to queue
[2025-11-15T23:04:29.771+0000] {logging_mixin.py:154} INFO - [2025-11-15T23:04:29.771+0000] {dagbag.py:536} INFO - Filling up the DagBag from /opt/airflow/dags/utils/helpers.py
[2025-11-15T23:04:29.773+0000] {processor.py:841} WARNING - No viable dags retrieved from /opt/airflow/dags/utils/helpers.py
[2025-11-15T23:04:29.782+0000] {processor.py:179} INFO - Processing /opt/airflow/dags/utils/helpers.py took 0.015 seconds
[2025-11-15T23:05:00.126+0000] {processor.py:157} INFO - Started process (PID=1265) to work on /opt/airflow/dags/utils/helpers.py
[2025-11-15T23:05:00.126+0000] {processor.py:829} INFO - Processing file /opt/airflow/dags/utils/helpers.py for tasks to queue
[2025-11-15T23:05:00.127+0000] {logging_mixin.py:154} INFO - [2025-11-15T23:05:00.127+0000] {dagbag.py:536} INFO - Filling up the DagBag from /opt/airflow/dags/utils/helpers.py
[2025-11-15T23:05:00.129+0000] {processor.py:841} WARNING - No viable dags retrieved from /opt/airflow/dags/utils/helpers.py
[2025-11-15T23:05:00.139+0000] {processor.py:179} INFO - Processing /opt/airflow/dags/utils/helpers.py took 0.016 seconds
[2025-11-15T23:05:30.343+0000] {processor.py:157} INFO - Started process (PID=1324) to work on /opt/airflow/dags/utils/helpers.py
[2025-11-15T23:05:30.344+0000] {processor.py:829} INFO - Processing file /opt/airflow/dags/utils/helpers.py for tasks to queue
[2025-11-15T23:05:30.344+0000] {logging_mixin.py:154} INFO - [2025-11-15T23:05:30.344+0000] {dagbag.py:536} INFO - Filling up the DagBag from /opt/airflow/dags/utils/helpers.py
[2025-11-15T23:05:30.346+0000] {processor.py:841} WARNING - No viable dags retrieved from /opt/airflow/dags/utils/helpers.py
[2025-11-15T23:05:30.356+0000] {processor.py:179} INFO - Processing /opt/airflow/dags/utils/helpers.py took 0.016 seconds
[2025-11-15T23:06:00.766+0000] {processor.py:157} INFO - Started process (PID=1383) to work on /opt/airflow/dags/utils/helpers.py
[2025-11-15T23:06:00.767+0000] {processor.py:829} INFO - Processing file /opt/airflow/dags/utils/helpers.py for tasks to queue
[2025-11-15T23:06:00.767+0000] {logging_mixin.py:154} INFO - [2025-11-15T23:06:00.767+0000] {dagbag.py:536} INFO - Filling up the DagBag from /opt/airflow/dags/utils/helpers.py
[2025-11-15T23:06:00.769+0000] {processor.py:841} WARNING - No viable dags retrieved from /opt/airflow/dags/utils/helpers.py
[2025-11-15T23:06:00.780+0000] {processor.py:179} INFO - Processing /opt/airflow/dags/utils/helpers.py took 0.017 seconds
[2025-11-15T23:06:31.071+0000] {processor.py:157} INFO - Started process (PID=1442) to work on /opt/airflow/dags/utils/helpers.py
[2025-11-15T23:06:31.071+0000] {processor.py:829} INFO - Processing file /opt/airflow/dags/utils/helpers.py for tasks to queue
[2025-11-15T23:06:31.072+0000] {logging_mixin.py:154} INFO - [2025-11-15T23:06:31.072+0000] {dagbag.py:536} INFO - Filling up the DagBag from /opt/airflow/dags/utils/helpers.py
[2025-11-15T23:06:31.074+0000] {processor.py:841} WARNING - No viable dags retrieved from /opt/airflow/dags/utils/helpers.py
[2025-11-15T23:06:31.089+0000] {processor.py:179} INFO - Processing /opt/airflow/dags/utils/helpers.py took 0.022 seconds
[2025-11-15T23:07:01.360+0000] {processor.py:157} INFO - Started process (PID=1494) to work on /opt/airflow/dags/utils/helpers.py
[2025-11-15T23:07:01.361+0000] {processor.py:829} INFO - Processing file /opt/airflow/dags/utils/helpers.py for tasks to queue
[2025-11-15T23:07:01.362+0000] {logging_mixin.py:154} INFO - [2025-11-15T23:07:01.361+0000] {dagbag.py:536} INFO - Filling up the DagBag from /opt/airflow/dags/utils/helpers.py
[2025-11-15T23:07:01.363+0000] {processor.py:841} WARNING - No viable dags retrieved from /opt/airflow/dags/utils/helpers.py
[2025-11-15T23:07:01.374+0000] {processor.py:179} INFO - Processing /opt/airflow/dags/utils/helpers.py took 0.017 seconds
[2025-11-15T23:07:31.418+0000] {processor.py:157} INFO - Started process (PID=1553) to work on /opt/airflow/dags/utils/helpers.py
[2025-11-15T23:07:31.419+0000] {processor.py:829} INFO - Processing file /opt/airflow/dags/utils/helpers.py for tasks to queue
[2025-11-15T23:07:31.419+0000] {logging_mixin.py:154} INFO - [2025-11-15T23:07:31.419+0000] {dagbag.py:536} INFO - Filling up the DagBag from /opt/airflow/dags/utils/helpers.py
[2025-11-15T23:07:31.421+0000] {processor.py:841} WARNING - No viable dags retrieved from /opt/airflow/dags/utils/helpers.py
[2025-11-15T23:07:31.432+0000] {processor.py:179} INFO - Processing /opt/airflow/dags/utils/helpers.py took 0.017 seconds
[2025-11-15T23:08:01.699+0000] {processor.py:157} INFO - Started process (PID=1612) to work on /opt/airflow/dags/utils/helpers.py
[2025-11-15T23:08:01.701+0000] {processor.py:829} INFO - Processing file /opt/airflow/dags/utils/helpers.py for tasks to queue
[2025-11-15T23:08:01.701+0000] {logging_mixin.py:154} INFO - [2025-11-15T23:08:01.701+0000] {dagbag.py:536} INFO - Filling up the DagBag from /opt/airflow/dags/utils/helpers.py
[2025-11-15T23:08:01.703+0000] {processor.py:841} WARNING - No viable dags retrieved from /opt/airflow/dags/utils/helpers.py
[2025-11-15T23:08:01.714+0000] {processor.py:179} INFO - Processing /opt/airflow/dags/utils/helpers.py took 0.017 seconds
[2025-11-15T23:08:32.033+0000] {processor.py:157} INFO - Started process (PID=1671) to work on /opt/airflow/dags/utils/helpers.py
[2025-11-15T23:08:32.034+0000] {processor.py:829} INFO - Processing file /opt/airflow/dags/utils/helpers.py for tasks to queue
[2025-11-15T23:08:32.035+0000] {logging_mixin.py:154} INFO - [2025-11-15T23:08:32.035+0000] {dagbag.py:536} INFO - Filling up the DagBag from /opt/airflow/dags/utils/helpers.py
[2025-11-15T23:08:32.037+0000] {processor.py:841} WARNING - No viable dags retrieved from /opt/airflow/dags/utils/helpers.py
[2025-11-15T23:08:32.050+0000] {processor.py:179} INFO - Processing /opt/airflow/dags/utils/helpers.py took 0.020 seconds
[2025-11-15T23:09:02.403+0000] {processor.py:157} INFO - Started process (PID=1721) to work on /opt/airflow/dags/utils/helpers.py
[2025-11-15T23:09:02.403+0000] {processor.py:829} INFO - Processing file /opt/airflow/dags/utils/helpers.py for tasks to queue
[2025-11-15T23:09:02.404+0000] {logging_mixin.py:154} INFO - [2025-11-15T23:09:02.404+0000] {dagbag.py:536} INFO - Filling up the DagBag from /opt/airflow/dags/utils/helpers.py
[2025-11-15T23:09:02.407+0000] {processor.py:841} WARNING - No viable dags retrieved from /opt/airflow/dags/utils/helpers.py
[2025-11-15T23:09:02.418+0000] {processor.py:179} INFO - Processing /opt/airflow/dags/utils/helpers.py took 0.022 seconds
[2025-11-15T23:09:54.846+0000] {processor.py:157} INFO - Started process (PID=174) to work on /opt/airflow/dags/utils/helpers.py
[2025-11-15T23:09:54.848+0000] {processor.py:829} INFO - Processing file /opt/airflow/dags/utils/helpers.py for tasks to queue
[2025-11-15T23:09:54.849+0000] {logging_mixin.py:154} INFO - [2025-11-15T23:09:54.849+0000] {dagbag.py:536} INFO - Filling up the DagBag from /opt/airflow/dags/utils/helpers.py
[2025-11-15T23:09:54.851+0000] {processor.py:841} WARNING - No viable dags retrieved from /opt/airflow/dags/utils/helpers.py
[2025-11-15T23:09:54.877+0000] {processor.py:179} INFO - Processing /opt/airflow/dags/utils/helpers.py took 0.034 seconds
[2025-11-15T23:10:24.958+0000] {processor.py:157} INFO - Started process (PID=227) to work on /opt/airflow/dags/utils/helpers.py
[2025-11-15T23:10:24.959+0000] {processor.py:829} INFO - Processing file /opt/airflow/dags/utils/helpers.py for tasks to queue
[2025-11-15T23:10:24.960+0000] {logging_mixin.py:154} INFO - [2025-11-15T23:10:24.959+0000] {dagbag.py:536} INFO - Filling up the DagBag from /opt/airflow/dags/utils/helpers.py
[2025-11-15T23:10:24.961+0000] {processor.py:841} WARNING - No viable dags retrieved from /opt/airflow/dags/utils/helpers.py
[2025-11-15T23:10:24.972+0000] {processor.py:179} INFO - Processing /opt/airflow/dags/utils/helpers.py took 0.017 seconds
[2025-11-15T23:10:55.113+0000] {processor.py:157} INFO - Started process (PID=286) to work on /opt/airflow/dags/utils/helpers.py
[2025-11-15T23:10:55.114+0000] {processor.py:829} INFO - Processing file /opt/airflow/dags/utils/helpers.py for tasks to queue
[2025-11-15T23:10:55.114+0000] {logging_mixin.py:154} INFO - [2025-11-15T23:10:55.114+0000] {dagbag.py:536} INFO - Filling up the DagBag from /opt/airflow/dags/utils/helpers.py
[2025-11-15T23:10:55.116+0000] {processor.py:841} WARNING - No viable dags retrieved from /opt/airflow/dags/utils/helpers.py
[2025-11-15T23:10:55.127+0000] {processor.py:179} INFO - Processing /opt/airflow/dags/utils/helpers.py took 0.017 seconds
[2025-11-15T23:11:25.390+0000] {processor.py:157} INFO - Started process (PID=345) to work on /opt/airflow/dags/utils/helpers.py
[2025-11-15T23:11:25.391+0000] {processor.py:829} INFO - Processing file /opt/airflow/dags/utils/helpers.py for tasks to queue
[2025-11-15T23:11:25.391+0000] {logging_mixin.py:154} INFO - [2025-11-15T23:11:25.391+0000] {dagbag.py:536} INFO - Filling up the DagBag from /opt/airflow/dags/utils/helpers.py
[2025-11-15T23:11:25.393+0000] {processor.py:841} WARNING - No viable dags retrieved from /opt/airflow/dags/utils/helpers.py
[2025-11-15T23:11:25.406+0000] {processor.py:179} INFO - Processing /opt/airflow/dags/utils/helpers.py took 0.019 seconds
[2025-11-15T23:11:55.565+0000] {processor.py:157} INFO - Started process (PID=404) to work on /opt/airflow/dags/utils/helpers.py
[2025-11-15T23:11:55.566+0000] {processor.py:829} INFO - Processing file /opt/airflow/dags/utils/helpers.py for tasks to queue
[2025-11-15T23:11:55.566+0000] {logging_mixin.py:154} INFO - [2025-11-15T23:11:55.566+0000] {dagbag.py:536} INFO - Filling up the DagBag from /opt/airflow/dags/utils/helpers.py
[2025-11-15T23:11:55.568+0000] {processor.py:841} WARNING - No viable dags retrieved from /opt/airflow/dags/utils/helpers.py
[2025-11-15T23:11:55.578+0000] {processor.py:179} INFO - Processing /opt/airflow/dags/utils/helpers.py took 0.016 seconds
[2025-11-15T23:12:25.707+0000] {processor.py:157} INFO - Started process (PID=456) to work on /opt/airflow/dags/utils/helpers.py
[2025-11-15T23:12:25.707+0000] {processor.py:829} INFO - Processing file /opt/airflow/dags/utils/helpers.py for tasks to queue
[2025-11-15T23:12:25.707+0000] {logging_mixin.py:154} INFO - [2025-11-15T23:12:25.707+0000] {dagbag.py:536} INFO - Filling up the DagBag from /opt/airflow/dags/utils/helpers.py
[2025-11-15T23:12:25.709+0000] {processor.py:841} WARNING - No viable dags retrieved from /opt/airflow/dags/utils/helpers.py
[2025-11-15T23:12:25.721+0000] {processor.py:179} INFO - Processing /opt/airflow/dags/utils/helpers.py took 0.017 seconds
[2025-11-15T23:12:55.895+0000] {processor.py:157} INFO - Started process (PID=515) to work on /opt/airflow/dags/utils/helpers.py
[2025-11-15T23:12:55.896+0000] {processor.py:829} INFO - Processing file /opt/airflow/dags/utils/helpers.py for tasks to queue
[2025-11-15T23:12:55.897+0000] {logging_mixin.py:154} INFO - [2025-11-15T23:12:55.896+0000] {dagbag.py:536} INFO - Filling up the DagBag from /opt/airflow/dags/utils/helpers.py
[2025-11-15T23:12:55.898+0000] {processor.py:841} WARNING - No viable dags retrieved from /opt/airflow/dags/utils/helpers.py
[2025-11-15T23:12:55.910+0000] {processor.py:179} INFO - Processing /opt/airflow/dags/utils/helpers.py took 0.017 seconds
[2025-11-15T23:13:26.063+0000] {processor.py:157} INFO - Started process (PID=574) to work on /opt/airflow/dags/utils/helpers.py
[2025-11-15T23:13:26.064+0000] {processor.py:829} INFO - Processing file /opt/airflow/dags/utils/helpers.py for tasks to queue
[2025-11-15T23:13:26.064+0000] {logging_mixin.py:154} INFO - [2025-11-15T23:13:26.064+0000] {dagbag.py:536} INFO - Filling up the DagBag from /opt/airflow/dags/utils/helpers.py
[2025-11-15T23:13:26.066+0000] {processor.py:841} WARNING - No viable dags retrieved from /opt/airflow/dags/utils/helpers.py
[2025-11-15T23:13:26.077+0000] {processor.py:179} INFO - Processing /opt/airflow/dags/utils/helpers.py took 0.015 seconds
[2025-11-15T23:13:56.226+0000] {processor.py:157} INFO - Started process (PID=633) to work on /opt/airflow/dags/utils/helpers.py
[2025-11-15T23:13:56.226+0000] {processor.py:829} INFO - Processing file /opt/airflow/dags/utils/helpers.py for tasks to queue
[2025-11-15T23:13:56.227+0000] {logging_mixin.py:154} INFO - [2025-11-15T23:13:56.227+0000] {dagbag.py:536} INFO - Filling up the DagBag from /opt/airflow/dags/utils/helpers.py
[2025-11-15T23:13:56.229+0000] {processor.py:841} WARNING - No viable dags retrieved from /opt/airflow/dags/utils/helpers.py
[2025-11-15T23:13:56.239+0000] {processor.py:179} INFO - Processing /opt/airflow/dags/utils/helpers.py took 0.016 seconds
[2025-11-15T23:14:26.378+0000] {processor.py:157} INFO - Started process (PID=692) to work on /opt/airflow/dags/utils/helpers.py
[2025-11-15T23:14:26.378+0000] {processor.py:829} INFO - Processing file /opt/airflow/dags/utils/helpers.py for tasks to queue
[2025-11-15T23:14:26.379+0000] {logging_mixin.py:154} INFO - [2025-11-15T23:14:26.379+0000] {dagbag.py:536} INFO - Filling up the DagBag from /opt/airflow/dags/utils/helpers.py
[2025-11-15T23:14:26.381+0000] {processor.py:841} WARNING - No viable dags retrieved from /opt/airflow/dags/utils/helpers.py
[2025-11-15T23:14:26.392+0000] {processor.py:179} INFO - Processing /opt/airflow/dags/utils/helpers.py took 0.017 seconds
[2025-11-15T23:14:57.360+0000] {processor.py:157} INFO - Started process (PID=744) to work on /opt/airflow/dags/utils/helpers.py
[2025-11-15T23:14:57.361+0000] {processor.py:829} INFO - Processing file /opt/airflow/dags/utils/helpers.py for tasks to queue
[2025-11-15T23:14:57.361+0000] {logging_mixin.py:154} INFO - [2025-11-15T23:14:57.361+0000] {dagbag.py:536} INFO - Filling up the DagBag from /opt/airflow/dags/utils/helpers.py
[2025-11-15T23:14:57.363+0000] {processor.py:841} WARNING - No viable dags retrieved from /opt/airflow/dags/utils/helpers.py
[2025-11-15T23:14:57.373+0000] {processor.py:179} INFO - Processing /opt/airflow/dags/utils/helpers.py took 0.016 seconds
[2025-11-15T23:15:27.503+0000] {processor.py:157} INFO - Started process (PID=803) to work on /opt/airflow/dags/utils/helpers.py
[2025-11-15T23:15:27.504+0000] {processor.py:829} INFO - Processing file /opt/airflow/dags/utils/helpers.py for tasks to queue
[2025-11-15T23:15:27.504+0000] {logging_mixin.py:154} INFO - [2025-11-15T23:15:27.504+0000] {dagbag.py:536} INFO - Filling up the DagBag from /opt/airflow/dags/utils/helpers.py
[2025-11-15T23:15:27.506+0000] {processor.py:841} WARNING - No viable dags retrieved from /opt/airflow/dags/utils/helpers.py
[2025-11-15T23:15:27.516+0000] {processor.py:179} INFO - Processing /opt/airflow/dags/utils/helpers.py took 0.016 seconds
[2025-11-15T23:15:57.655+0000] {processor.py:157} INFO - Started process (PID=862) to work on /opt/airflow/dags/utils/helpers.py
[2025-11-15T23:15:57.656+0000] {processor.py:829} INFO - Processing file /opt/airflow/dags/utils/helpers.py for tasks to queue
[2025-11-15T23:15:57.656+0000] {logging_mixin.py:154} INFO - [2025-11-15T23:15:57.656+0000] {dagbag.py:536} INFO - Filling up the DagBag from /opt/airflow/dags/utils/helpers.py
[2025-11-15T23:15:57.658+0000] {processor.py:841} WARNING - No viable dags retrieved from /opt/airflow/dags/utils/helpers.py
[2025-11-15T23:15:57.669+0000] {processor.py:179} INFO - Processing /opt/airflow/dags/utils/helpers.py took 0.017 seconds
[2025-11-15T23:16:27.796+0000] {processor.py:157} INFO - Started process (PID=921) to work on /opt/airflow/dags/utils/helpers.py
[2025-11-15T23:16:27.797+0000] {processor.py:829} INFO - Processing file /opt/airflow/dags/utils/helpers.py for tasks to queue
[2025-11-15T23:16:27.797+0000] {logging_mixin.py:154} INFO - [2025-11-15T23:16:27.797+0000] {dagbag.py:536} INFO - Filling up the DagBag from /opt/airflow/dags/utils/helpers.py
[2025-11-15T23:16:27.799+0000] {processor.py:841} WARNING - No viable dags retrieved from /opt/airflow/dags/utils/helpers.py
[2025-11-15T23:16:27.810+0000] {processor.py:179} INFO - Processing /opt/airflow/dags/utils/helpers.py took 0.016 seconds
[2025-11-15T23:16:57.974+0000] {processor.py:157} INFO - Started process (PID=980) to work on /opt/airflow/dags/utils/helpers.py
[2025-11-15T23:16:57.975+0000] {processor.py:829} INFO - Processing file /opt/airflow/dags/utils/helpers.py for tasks to queue
[2025-11-15T23:16:57.976+0000] {logging_mixin.py:154} INFO - [2025-11-15T23:16:57.975+0000] {dagbag.py:536} INFO - Filling up the DagBag from /opt/airflow/dags/utils/helpers.py
[2025-11-15T23:16:57.978+0000] {processor.py:841} WARNING - No viable dags retrieved from /opt/airflow/dags/utils/helpers.py
[2025-11-15T23:16:57.991+0000] {processor.py:179} INFO - Processing /opt/airflow/dags/utils/helpers.py took 0.019 seconds
[2025-11-15T23:17:28.135+0000] {processor.py:157} INFO - Started process (PID=1032) to work on /opt/airflow/dags/utils/helpers.py
[2025-11-15T23:17:28.136+0000] {processor.py:829} INFO - Processing file /opt/airflow/dags/utils/helpers.py for tasks to queue
[2025-11-15T23:17:28.136+0000] {logging_mixin.py:154} INFO - [2025-11-15T23:17:28.136+0000] {dagbag.py:536} INFO - Filling up the DagBag from /opt/airflow/dags/utils/helpers.py
[2025-11-15T23:17:28.138+0000] {processor.py:841} WARNING - No viable dags retrieved from /opt/airflow/dags/utils/helpers.py
[2025-11-15T23:17:28.149+0000] {processor.py:179} INFO - Processing /opt/airflow/dags/utils/helpers.py took 0.017 seconds
[2025-11-15T23:17:58.284+0000] {processor.py:157} INFO - Started process (PID=1091) to work on /opt/airflow/dags/utils/helpers.py
[2025-11-15T23:17:58.285+0000] {processor.py:829} INFO - Processing file /opt/airflow/dags/utils/helpers.py for tasks to queue
[2025-11-15T23:17:58.286+0000] {logging_mixin.py:154} INFO - [2025-11-15T23:17:58.285+0000] {dagbag.py:536} INFO - Filling up the DagBag from /opt/airflow/dags/utils/helpers.py
[2025-11-15T23:17:58.287+0000] {processor.py:841} WARNING - No viable dags retrieved from /opt/airflow/dags/utils/helpers.py
[2025-11-15T23:17:58.298+0000] {processor.py:179} INFO - Processing /opt/airflow/dags/utils/helpers.py took 0.017 seconds
[2025-11-15T23:18:28.451+0000] {processor.py:157} INFO - Started process (PID=1150) to work on /opt/airflow/dags/utils/helpers.py
[2025-11-15T23:18:28.452+0000] {processor.py:829} INFO - Processing file /opt/airflow/dags/utils/helpers.py for tasks to queue
[2025-11-15T23:18:28.452+0000] {logging_mixin.py:154} INFO - [2025-11-15T23:18:28.452+0000] {dagbag.py:536} INFO - Filling up the DagBag from /opt/airflow/dags/utils/helpers.py
[2025-11-15T23:18:28.454+0000] {processor.py:841} WARNING - No viable dags retrieved from /opt/airflow/dags/utils/helpers.py
[2025-11-15T23:18:28.465+0000] {processor.py:179} INFO - Processing /opt/airflow/dags/utils/helpers.py took 0.017 seconds
[2025-11-15T23:18:58.585+0000] {processor.py:157} INFO - Started process (PID=1209) to work on /opt/airflow/dags/utils/helpers.py
[2025-11-15T23:18:58.587+0000] {processor.py:829} INFO - Processing file /opt/airflow/dags/utils/helpers.py for tasks to queue
[2025-11-15T23:18:58.588+0000] {logging_mixin.py:154} INFO - [2025-11-15T23:18:58.588+0000] {dagbag.py:536} INFO - Filling up the DagBag from /opt/airflow/dags/utils/helpers.py
[2025-11-15T23:18:58.590+0000] {processor.py:841} WARNING - No viable dags retrieved from /opt/airflow/dags/utils/helpers.py
[2025-11-15T23:18:58.600+0000] {processor.py:179} INFO - Processing /opt/airflow/dags/utils/helpers.py took 0.018 seconds
[2025-11-15T23:19:28.715+0000] {processor.py:157} INFO - Started process (PID=1259) to work on /opt/airflow/dags/utils/helpers.py
[2025-11-15T23:19:28.716+0000] {processor.py:829} INFO - Processing file /opt/airflow/dags/utils/helpers.py for tasks to queue
[2025-11-15T23:19:28.717+0000] {logging_mixin.py:154} INFO - [2025-11-15T23:19:28.717+0000] {dagbag.py:536} INFO - Filling up the DagBag from /opt/airflow/dags/utils/helpers.py
[2025-11-15T23:19:28.719+0000] {processor.py:841} WARNING - No viable dags retrieved from /opt/airflow/dags/utils/helpers.py
[2025-11-15T23:19:28.731+0000] {processor.py:179} INFO - Processing /opt/airflow/dags/utils/helpers.py took 0.019 seconds
[2025-11-15T23:19:58.868+0000] {processor.py:157} INFO - Started process (PID=1303) to work on /opt/airflow/dags/utils/helpers.py
[2025-11-15T23:19:58.880+0000] {processor.py:829} INFO - Processing file /opt/airflow/dags/utils/helpers.py for tasks to queue
[2025-11-15T23:19:58.881+0000] {logging_mixin.py:154} INFO - [2025-11-15T23:19:58.880+0000] {dagbag.py:536} INFO - Filling up the DagBag from /opt/airflow/dags/utils/helpers.py
[2025-11-15T23:19:58.882+0000] {processor.py:841} WARNING - No viable dags retrieved from /opt/airflow/dags/utils/helpers.py
[2025-11-15T23:19:58.892+0000] {processor.py:179} INFO - Processing /opt/airflow/dags/utils/helpers.py took 0.027 seconds
[2025-11-15T23:20:29.032+0000] {processor.py:157} INFO - Started process (PID=1362) to work on /opt/airflow/dags/utils/helpers.py
[2025-11-15T23:20:29.061+0000] {processor.py:829} INFO - Processing file /opt/airflow/dags/utils/helpers.py for tasks to queue
[2025-11-15T23:20:29.062+0000] {logging_mixin.py:154} INFO - [2025-11-15T23:20:29.062+0000] {dagbag.py:536} INFO - Filling up the DagBag from /opt/airflow/dags/utils/helpers.py
[2025-11-15T23:20:29.063+0000] {processor.py:841} WARNING - No viable dags retrieved from /opt/airflow/dags/utils/helpers.py
[2025-11-15T23:20:29.073+0000] {processor.py:179} INFO - Processing /opt/airflow/dags/utils/helpers.py took 0.044 seconds
[2025-11-15T23:20:59.267+0000] {processor.py:157} INFO - Started process (PID=1421) to work on /opt/airflow/dags/utils/helpers.py
[2025-11-15T23:20:59.267+0000] {processor.py:829} INFO - Processing file /opt/airflow/dags/utils/helpers.py for tasks to queue
[2025-11-15T23:20:59.268+0000] {logging_mixin.py:154} INFO - [2025-11-15T23:20:59.268+0000] {dagbag.py:536} INFO - Filling up the DagBag from /opt/airflow/dags/utils/helpers.py
[2025-11-15T23:20:59.269+0000] {processor.py:841} WARNING - No viable dags retrieved from /opt/airflow/dags/utils/helpers.py
[2025-11-15T23:20:59.282+0000] {processor.py:179} INFO - Processing /opt/airflow/dags/utils/helpers.py took 0.017 seconds
[2025-11-15T23:21:29.431+0000] {processor.py:157} INFO - Started process (PID=1480) to work on /opt/airflow/dags/utils/helpers.py
[2025-11-15T23:21:29.432+0000] {processor.py:829} INFO - Processing file /opt/airflow/dags/utils/helpers.py for tasks to queue
[2025-11-15T23:21:29.433+0000] {logging_mixin.py:154} INFO - [2025-11-15T23:21:29.432+0000] {dagbag.py:536} INFO - Filling up the DagBag from /opt/airflow/dags/utils/helpers.py
[2025-11-15T23:21:29.434+0000] {processor.py:841} WARNING - No viable dags retrieved from /opt/airflow/dags/utils/helpers.py
[2025-11-15T23:21:29.444+0000] {processor.py:179} INFO - Processing /opt/airflow/dags/utils/helpers.py took 0.015 seconds
[2025-11-15T23:21:59.580+0000] {processor.py:157} INFO - Started process (PID=1532) to work on /opt/airflow/dags/utils/helpers.py
[2025-11-15T23:21:59.580+0000] {processor.py:829} INFO - Processing file /opt/airflow/dags/utils/helpers.py for tasks to queue
[2025-11-15T23:21:59.581+0000] {logging_mixin.py:154} INFO - [2025-11-15T23:21:59.581+0000] {dagbag.py:536} INFO - Filling up the DagBag from /opt/airflow/dags/utils/helpers.py
[2025-11-15T23:21:59.582+0000] {processor.py:841} WARNING - No viable dags retrieved from /opt/airflow/dags/utils/helpers.py
[2025-11-15T23:21:59.593+0000] {processor.py:179} INFO - Processing /opt/airflow/dags/utils/helpers.py took 0.016 seconds
[2025-11-15T23:22:29.851+0000] {processor.py:157} INFO - Started process (PID=1591) to work on /opt/airflow/dags/utils/helpers.py
[2025-11-15T23:22:29.852+0000] {processor.py:829} INFO - Processing file /opt/airflow/dags/utils/helpers.py for tasks to queue
[2025-11-15T23:22:29.853+0000] {logging_mixin.py:154} INFO - [2025-11-15T23:22:29.852+0000] {dagbag.py:536} INFO - Filling up the DagBag from /opt/airflow/dags/utils/helpers.py
[2025-11-15T23:22:29.854+0000] {processor.py:841} WARNING - No viable dags retrieved from /opt/airflow/dags/utils/helpers.py
[2025-11-15T23:22:29.867+0000] {processor.py:179} INFO - Processing /opt/airflow/dags/utils/helpers.py took 0.019 seconds
[2025-11-15T23:23:00.099+0000] {processor.py:157} INFO - Started process (PID=1650) to work on /opt/airflow/dags/utils/helpers.py
[2025-11-15T23:23:00.099+0000] {processor.py:829} INFO - Processing file /opt/airflow/dags/utils/helpers.py for tasks to queue
[2025-11-15T23:23:00.099+0000] {logging_mixin.py:154} INFO - [2025-11-15T23:23:00.099+0000] {dagbag.py:536} INFO - Filling up the DagBag from /opt/airflow/dags/utils/helpers.py
[2025-11-15T23:23:00.101+0000] {processor.py:841} WARNING - No viable dags retrieved from /opt/airflow/dags/utils/helpers.py
[2025-11-15T23:23:00.111+0000] {processor.py:179} INFO - Processing /opt/airflow/dags/utils/helpers.py took 0.015 seconds
[2025-11-15T23:23:30.367+0000] {processor.py:157} INFO - Started process (PID=1710) to work on /opt/airflow/dags/utils/helpers.py
[2025-11-15T23:23:30.401+0000] {processor.py:829} INFO - Processing file /opt/airflow/dags/utils/helpers.py for tasks to queue
[2025-11-15T23:23:30.401+0000] {logging_mixin.py:154} INFO - [2025-11-15T23:23:30.401+0000] {dagbag.py:536} INFO - Filling up the DagBag from /opt/airflow/dags/utils/helpers.py
[2025-11-15T23:23:30.403+0000] {processor.py:841} WARNING - No viable dags retrieved from /opt/airflow/dags/utils/helpers.py
[2025-11-15T23:23:30.413+0000] {processor.py:179} INFO - Processing /opt/airflow/dags/utils/helpers.py took 0.049 seconds
[2025-11-15T23:24:00.613+0000] {processor.py:157} INFO - Started process (PID=1762) to work on /opt/airflow/dags/utils/helpers.py
[2025-11-15T23:24:00.614+0000] {processor.py:829} INFO - Processing file /opt/airflow/dags/utils/helpers.py for tasks to queue
[2025-11-15T23:24:00.614+0000] {logging_mixin.py:154} INFO - [2025-11-15T23:24:00.614+0000] {dagbag.py:536} INFO - Filling up the DagBag from /opt/airflow/dags/utils/helpers.py
[2025-11-15T23:24:00.615+0000] {processor.py:841} WARNING - No viable dags retrieved from /opt/airflow/dags/utils/helpers.py
[2025-11-15T23:24:00.626+0000] {processor.py:179} INFO - Processing /opt/airflow/dags/utils/helpers.py took 0.015 seconds
[2025-11-15T23:24:30.780+0000] {processor.py:157} INFO - Started process (PID=1821) to work on /opt/airflow/dags/utils/helpers.py
[2025-11-15T23:24:30.780+0000] {processor.py:829} INFO - Processing file /opt/airflow/dags/utils/helpers.py for tasks to queue
[2025-11-15T23:24:30.781+0000] {logging_mixin.py:154} INFO - [2025-11-15T23:24:30.781+0000] {dagbag.py:536} INFO - Filling up the DagBag from /opt/airflow/dags/utils/helpers.py
[2025-11-15T23:24:30.783+0000] {processor.py:841} WARNING - No viable dags retrieved from /opt/airflow/dags/utils/helpers.py
[2025-11-15T23:24:30.795+0000] {processor.py:179} INFO - Processing /opt/airflow/dags/utils/helpers.py took 0.019 seconds
[2025-11-15T23:25:01.044+0000] {processor.py:157} INFO - Started process (PID=1880) to work on /opt/airflow/dags/utils/helpers.py
[2025-11-15T23:25:01.044+0000] {processor.py:829} INFO - Processing file /opt/airflow/dags/utils/helpers.py for tasks to queue
[2025-11-15T23:25:01.045+0000] {logging_mixin.py:154} INFO - [2025-11-15T23:25:01.044+0000] {dagbag.py:536} INFO - Filling up the DagBag from /opt/airflow/dags/utils/helpers.py
[2025-11-15T23:25:01.046+0000] {processor.py:841} WARNING - No viable dags retrieved from /opt/airflow/dags/utils/helpers.py
[2025-11-15T23:25:01.059+0000] {processor.py:179} INFO - Processing /opt/airflow/dags/utils/helpers.py took 0.018 seconds
[2025-11-15T23:25:31.180+0000] {processor.py:157} INFO - Started process (PID=1939) to work on /opt/airflow/dags/utils/helpers.py
[2025-11-15T23:25:31.181+0000] {processor.py:829} INFO - Processing file /opt/airflow/dags/utils/helpers.py for tasks to queue
[2025-11-15T23:25:31.181+0000] {logging_mixin.py:154} INFO - [2025-11-15T23:25:31.181+0000] {dagbag.py:536} INFO - Filling up the DagBag from /opt/airflow/dags/utils/helpers.py
[2025-11-15T23:25:31.183+0000] {processor.py:841} WARNING - No viable dags retrieved from /opt/airflow/dags/utils/helpers.py
[2025-11-15T23:25:31.193+0000] {processor.py:179} INFO - Processing /opt/airflow/dags/utils/helpers.py took 0.016 seconds
[2025-11-15T23:26:01.322+0000] {processor.py:157} INFO - Started process (PID=1998) to work on /opt/airflow/dags/utils/helpers.py
[2025-11-15T23:26:01.323+0000] {processor.py:829} INFO - Processing file /opt/airflow/dags/utils/helpers.py for tasks to queue
[2025-11-15T23:26:01.323+0000] {logging_mixin.py:154} INFO - [2025-11-15T23:26:01.323+0000] {dagbag.py:536} INFO - Filling up the DagBag from /opt/airflow/dags/utils/helpers.py
[2025-11-15T23:26:01.325+0000] {processor.py:841} WARNING - No viable dags retrieved from /opt/airflow/dags/utils/helpers.py
[2025-11-15T23:26:01.335+0000] {processor.py:179} INFO - Processing /opt/airflow/dags/utils/helpers.py took 0.016 seconds
[2025-11-15T23:26:31.479+0000] {processor.py:157} INFO - Started process (PID=2050) to work on /opt/airflow/dags/utils/helpers.py
[2025-11-15T23:26:31.479+0000] {processor.py:829} INFO - Processing file /opt/airflow/dags/utils/helpers.py for tasks to queue
[2025-11-15T23:26:31.480+0000] {logging_mixin.py:154} INFO - [2025-11-15T23:26:31.480+0000] {dagbag.py:536} INFO - Filling up the DagBag from /opt/airflow/dags/utils/helpers.py
[2025-11-15T23:26:31.482+0000] {processor.py:841} WARNING - No viable dags retrieved from /opt/airflow/dags/utils/helpers.py
[2025-11-15T23:26:31.493+0000] {processor.py:179} INFO - Processing /opt/airflow/dags/utils/helpers.py took 0.018 seconds
[2025-11-15T23:27:01.642+0000] {processor.py:157} INFO - Started process (PID=2109) to work on /opt/airflow/dags/utils/helpers.py
[2025-11-15T23:27:01.643+0000] {processor.py:829} INFO - Processing file /opt/airflow/dags/utils/helpers.py for tasks to queue
[2025-11-15T23:27:01.643+0000] {logging_mixin.py:154} INFO - [2025-11-15T23:27:01.643+0000] {dagbag.py:536} INFO - Filling up the DagBag from /opt/airflow/dags/utils/helpers.py
[2025-11-15T23:27:01.644+0000] {processor.py:841} WARNING - No viable dags retrieved from /opt/airflow/dags/utils/helpers.py
[2025-11-15T23:27:01.655+0000] {processor.py:179} INFO - Processing /opt/airflow/dags/utils/helpers.py took 0.016 seconds
[2025-11-15T23:27:31.772+0000] {processor.py:157} INFO - Started process (PID=2168) to work on /opt/airflow/dags/utils/helpers.py
[2025-11-15T23:27:31.772+0000] {processor.py:829} INFO - Processing file /opt/airflow/dags/utils/helpers.py for tasks to queue
[2025-11-15T23:27:31.773+0000] {logging_mixin.py:154} INFO - [2025-11-15T23:27:31.773+0000] {dagbag.py:536} INFO - Filling up the DagBag from /opt/airflow/dags/utils/helpers.py
[2025-11-15T23:27:31.774+0000] {processor.py:841} WARNING - No viable dags retrieved from /opt/airflow/dags/utils/helpers.py
[2025-11-15T23:27:31.784+0000] {processor.py:179} INFO - Processing /opt/airflow/dags/utils/helpers.py took 0.015 seconds
[2025-11-15T23:28:01.866+0000] {processor.py:157} INFO - Started process (PID=2227) to work on /opt/airflow/dags/utils/helpers.py
[2025-11-15T23:28:01.867+0000] {processor.py:829} INFO - Processing file /opt/airflow/dags/utils/helpers.py for tasks to queue
[2025-11-15T23:28:01.867+0000] {logging_mixin.py:154} INFO - [2025-11-15T23:28:01.867+0000] {dagbag.py:536} INFO - Filling up the DagBag from /opt/airflow/dags/utils/helpers.py
[2025-11-15T23:28:01.869+0000] {processor.py:841} WARNING - No viable dags retrieved from /opt/airflow/dags/utils/helpers.py
[2025-11-15T23:28:01.879+0000] {processor.py:179} INFO - Processing /opt/airflow/dags/utils/helpers.py took 0.015 seconds
[2025-11-15T23:28:32.012+0000] {processor.py:157} INFO - Started process (PID=2283) to work on /opt/airflow/dags/utils/helpers.py
[2025-11-15T23:28:32.013+0000] {processor.py:829} INFO - Processing file /opt/airflow/dags/utils/helpers.py for tasks to queue
[2025-11-15T23:28:32.013+0000] {logging_mixin.py:154} INFO - [2025-11-15T23:28:32.013+0000] {dagbag.py:536} INFO - Filling up the DagBag from /opt/airflow/dags/utils/helpers.py
[2025-11-15T23:28:32.015+0000] {processor.py:841} WARNING - No viable dags retrieved from /opt/airflow/dags/utils/helpers.py
[2025-11-15T23:28:32.026+0000] {processor.py:179} INFO - Processing /opt/airflow/dags/utils/helpers.py took 0.017 seconds
[2025-11-15T23:29:02.314+0000] {processor.py:157} INFO - Started process (PID=2321) to work on /opt/airflow/dags/utils/helpers.py
[2025-11-15T23:29:02.314+0000] {processor.py:829} INFO - Processing file /opt/airflow/dags/utils/helpers.py for tasks to queue
[2025-11-15T23:29:02.315+0000] {logging_mixin.py:154} INFO - [2025-11-15T23:29:02.315+0000] {dagbag.py:536} INFO - Filling up the DagBag from /opt/airflow/dags/utils/helpers.py
[2025-11-15T23:29:02.317+0000] {processor.py:841} WARNING - No viable dags retrieved from /opt/airflow/dags/utils/helpers.py
[2025-11-15T23:29:02.328+0000] {processor.py:179} INFO - Processing /opt/airflow/dags/utils/helpers.py took 0.017 seconds
[2025-11-15T23:29:32.460+0000] {processor.py:157} INFO - Started process (PID=2380) to work on /opt/airflow/dags/utils/helpers.py
[2025-11-15T23:29:32.461+0000] {processor.py:829} INFO - Processing file /opt/airflow/dags/utils/helpers.py for tasks to queue
[2025-11-15T23:29:32.461+0000] {logging_mixin.py:154} INFO - [2025-11-15T23:29:32.461+0000] {dagbag.py:536} INFO - Filling up the DagBag from /opt/airflow/dags/utils/helpers.py
[2025-11-15T23:29:32.462+0000] {processor.py:841} WARNING - No viable dags retrieved from /opt/airflow/dags/utils/helpers.py
[2025-11-15T23:29:32.473+0000] {processor.py:179} INFO - Processing /opt/airflow/dags/utils/helpers.py took 0.015 seconds
[2025-11-15T23:30:02.605+0000] {processor.py:157} INFO - Started process (PID=2439) to work on /opt/airflow/dags/utils/helpers.py
[2025-11-15T23:30:02.606+0000] {processor.py:829} INFO - Processing file /opt/airflow/dags/utils/helpers.py for tasks to queue
[2025-11-15T23:30:02.606+0000] {logging_mixin.py:154} INFO - [2025-11-15T23:30:02.606+0000] {dagbag.py:536} INFO - Filling up the DagBag from /opt/airflow/dags/utils/helpers.py
[2025-11-15T23:30:02.608+0000] {processor.py:841} WARNING - No viable dags retrieved from /opt/airflow/dags/utils/helpers.py
[2025-11-15T23:30:02.620+0000] {processor.py:179} INFO - Processing /opt/airflow/dags/utils/helpers.py took 0.018 seconds
[2025-11-15T23:30:32.754+0000] {processor.py:157} INFO - Started process (PID=2498) to work on /opt/airflow/dags/utils/helpers.py
[2025-11-15T23:30:32.754+0000] {processor.py:829} INFO - Processing file /opt/airflow/dags/utils/helpers.py for tasks to queue
[2025-11-15T23:30:32.755+0000] {logging_mixin.py:154} INFO - [2025-11-15T23:30:32.755+0000] {dagbag.py:536} INFO - Filling up the DagBag from /opt/airflow/dags/utils/helpers.py
[2025-11-15T23:30:32.757+0000] {processor.py:841} WARNING - No viable dags retrieved from /opt/airflow/dags/utils/helpers.py
[2025-11-15T23:30:32.772+0000] {processor.py:179} INFO - Processing /opt/airflow/dags/utils/helpers.py took 0.021 seconds
[2025-11-15T23:31:02.919+0000] {processor.py:157} INFO - Started process (PID=2550) to work on /opt/airflow/dags/utils/helpers.py
[2025-11-15T23:31:02.920+0000] {processor.py:829} INFO - Processing file /opt/airflow/dags/utils/helpers.py for tasks to queue
[2025-11-15T23:31:02.920+0000] {logging_mixin.py:154} INFO - [2025-11-15T23:31:02.920+0000] {dagbag.py:536} INFO - Filling up the DagBag from /opt/airflow/dags/utils/helpers.py
[2025-11-15T23:31:02.922+0000] {processor.py:841} WARNING - No viable dags retrieved from /opt/airflow/dags/utils/helpers.py
[2025-11-15T23:31:02.934+0000] {processor.py:179} INFO - Processing /opt/airflow/dags/utils/helpers.py took 0.018 seconds
[2025-11-15T23:31:33.031+0000] {processor.py:157} INFO - Started process (PID=2609) to work on /opt/airflow/dags/utils/helpers.py
[2025-11-15T23:31:33.032+0000] {processor.py:829} INFO - Processing file /opt/airflow/dags/utils/helpers.py for tasks to queue
[2025-11-15T23:31:33.032+0000] {logging_mixin.py:154} INFO - [2025-11-15T23:31:33.032+0000] {dagbag.py:536} INFO - Filling up the DagBag from /opt/airflow/dags/utils/helpers.py
[2025-11-15T23:31:33.034+0000] {processor.py:841} WARNING - No viable dags retrieved from /opt/airflow/dags/utils/helpers.py
[2025-11-15T23:31:33.043+0000] {processor.py:179} INFO - Processing /opt/airflow/dags/utils/helpers.py took 0.014 seconds
[2025-11-15T23:32:03.203+0000] {processor.py:157} INFO - Started process (PID=2668) to work on /opt/airflow/dags/utils/helpers.py
[2025-11-15T23:32:03.204+0000] {processor.py:829} INFO - Processing file /opt/airflow/dags/utils/helpers.py for tasks to queue
[2025-11-15T23:32:03.204+0000] {logging_mixin.py:154} INFO - [2025-11-15T23:32:03.204+0000] {dagbag.py:536} INFO - Filling up the DagBag from /opt/airflow/dags/utils/helpers.py
[2025-11-15T23:32:03.206+0000] {processor.py:841} WARNING - No viable dags retrieved from /opt/airflow/dags/utils/helpers.py
[2025-11-15T23:32:03.217+0000] {processor.py:179} INFO - Processing /opt/airflow/dags/utils/helpers.py took 0.017 seconds
[2025-11-15T23:32:33.379+0000] {processor.py:157} INFO - Started process (PID=2727) to work on /opt/airflow/dags/utils/helpers.py
[2025-11-15T23:32:33.380+0000] {processor.py:829} INFO - Processing file /opt/airflow/dags/utils/helpers.py for tasks to queue
[2025-11-15T23:32:33.380+0000] {logging_mixin.py:154} INFO - [2025-11-15T23:32:33.380+0000] {dagbag.py:536} INFO - Filling up the DagBag from /opt/airflow/dags/utils/helpers.py
[2025-11-15T23:32:33.382+0000] {processor.py:841} WARNING - No viable dags retrieved from /opt/airflow/dags/utils/helpers.py
[2025-11-15T23:32:33.392+0000] {processor.py:179} INFO - Processing /opt/airflow/dags/utils/helpers.py took 0.016 seconds
[2025-11-15T23:33:03.527+0000] {processor.py:157} INFO - Started process (PID=2779) to work on /opt/airflow/dags/utils/helpers.py
[2025-11-15T23:33:03.528+0000] {processor.py:829} INFO - Processing file /opt/airflow/dags/utils/helpers.py for tasks to queue
[2025-11-15T23:33:03.529+0000] {logging_mixin.py:154} INFO - [2025-11-15T23:33:03.528+0000] {dagbag.py:536} INFO - Filling up the DagBag from /opt/airflow/dags/utils/helpers.py
[2025-11-15T23:33:03.531+0000] {processor.py:841} WARNING - No viable dags retrieved from /opt/airflow/dags/utils/helpers.py
[2025-11-15T23:33:03.542+0000] {processor.py:179} INFO - Processing /opt/airflow/dags/utils/helpers.py took 0.017 seconds
[2025-11-15T23:33:33.706+0000] {processor.py:157} INFO - Started process (PID=2837) to work on /opt/airflow/dags/utils/helpers.py
[2025-11-15T23:33:33.707+0000] {processor.py:829} INFO - Processing file /opt/airflow/dags/utils/helpers.py for tasks to queue
[2025-11-15T23:33:33.707+0000] {logging_mixin.py:154} INFO - [2025-11-15T23:33:33.707+0000] {dagbag.py:536} INFO - Filling up the DagBag from /opt/airflow/dags/utils/helpers.py
[2025-11-15T23:33:33.709+0000] {processor.py:841} WARNING - No viable dags retrieved from /opt/airflow/dags/utils/helpers.py
[2025-11-15T23:33:33.722+0000] {processor.py:179} INFO - Processing /opt/airflow/dags/utils/helpers.py took 0.018 seconds
[2025-11-15T23:34:03.890+0000] {processor.py:157} INFO - Started process (PID=2892) to work on /opt/airflow/dags/utils/helpers.py
[2025-11-15T23:34:03.920+0000] {processor.py:829} INFO - Processing file /opt/airflow/dags/utils/helpers.py for tasks to queue
[2025-11-15T23:34:03.921+0000] {logging_mixin.py:154} INFO - [2025-11-15T23:34:03.921+0000] {dagbag.py:536} INFO - Filling up the DagBag from /opt/airflow/dags/utils/helpers.py
[2025-11-15T23:34:03.922+0000] {processor.py:841} WARNING - No viable dags retrieved from /opt/airflow/dags/utils/helpers.py
[2025-11-15T23:34:03.932+0000] {processor.py:179} INFO - Processing /opt/airflow/dags/utils/helpers.py took 0.045 seconds
[2025-11-15T23:34:34.048+0000] {processor.py:157} INFO - Started process (PID=2951) to work on /opt/airflow/dags/utils/helpers.py
[2025-11-15T23:34:34.048+0000] {processor.py:829} INFO - Processing file /opt/airflow/dags/utils/helpers.py for tasks to queue
[2025-11-15T23:34:34.049+0000] {logging_mixin.py:154} INFO - [2025-11-15T23:34:34.048+0000] {dagbag.py:536} INFO - Filling up the DagBag from /opt/airflow/dags/utils/helpers.py
[2025-11-15T23:34:34.050+0000] {processor.py:841} WARNING - No viable dags retrieved from /opt/airflow/dags/utils/helpers.py
[2025-11-15T23:34:34.060+0000] {processor.py:179} INFO - Processing /opt/airflow/dags/utils/helpers.py took 0.016 seconds
[2025-11-15T23:35:04.126+0000] {processor.py:157} INFO - Started process (PID=3010) to work on /opt/airflow/dags/utils/helpers.py
[2025-11-15T23:35:04.127+0000] {processor.py:829} INFO - Processing file /opt/airflow/dags/utils/helpers.py for tasks to queue
[2025-11-15T23:35:04.127+0000] {logging_mixin.py:154} INFO - [2025-11-15T23:35:04.127+0000] {dagbag.py:536} INFO - Filling up the DagBag from /opt/airflow/dags/utils/helpers.py
[2025-11-15T23:35:04.129+0000] {processor.py:841} WARNING - No viable dags retrieved from /opt/airflow/dags/utils/helpers.py
[2025-11-15T23:35:04.140+0000] {processor.py:179} INFO - Processing /opt/airflow/dags/utils/helpers.py took 0.018 seconds
[2025-11-15T23:35:34.829+0000] {processor.py:157} INFO - Started process (PID=3069) to work on /opt/airflow/dags/utils/helpers.py
[2025-11-15T23:35:34.830+0000] {processor.py:829} INFO - Processing file /opt/airflow/dags/utils/helpers.py for tasks to queue
[2025-11-15T23:35:34.830+0000] {logging_mixin.py:154} INFO - [2025-11-15T23:35:34.830+0000] {dagbag.py:536} INFO - Filling up the DagBag from /opt/airflow/dags/utils/helpers.py
[2025-11-15T23:35:34.832+0000] {processor.py:841} WARNING - No viable dags retrieved from /opt/airflow/dags/utils/helpers.py
[2025-11-15T23:35:34.844+0000] {processor.py:179} INFO - Processing /opt/airflow/dags/utils/helpers.py took 0.018 seconds
[2025-11-15T23:36:04.944+0000] {processor.py:157} INFO - Started process (PID=3121) to work on /opt/airflow/dags/utils/helpers.py
[2025-11-15T23:36:04.945+0000] {processor.py:829} INFO - Processing file /opt/airflow/dags/utils/helpers.py for tasks to queue
[2025-11-15T23:36:04.945+0000] {logging_mixin.py:154} INFO - [2025-11-15T23:36:04.945+0000] {dagbag.py:536} INFO - Filling up the DagBag from /opt/airflow/dags/utils/helpers.py
[2025-11-15T23:36:04.947+0000] {processor.py:841} WARNING - No viable dags retrieved from /opt/airflow/dags/utils/helpers.py
[2025-11-15T23:36:04.958+0000] {processor.py:179} INFO - Processing /opt/airflow/dags/utils/helpers.py took 0.016 seconds
[2025-11-15T23:36:35.139+0000] {processor.py:157} INFO - Started process (PID=3180) to work on /opt/airflow/dags/utils/helpers.py
[2025-11-15T23:36:35.140+0000] {processor.py:829} INFO - Processing file /opt/airflow/dags/utils/helpers.py for tasks to queue
[2025-11-15T23:36:35.140+0000] {logging_mixin.py:154} INFO - [2025-11-15T23:36:35.140+0000] {dagbag.py:536} INFO - Filling up the DagBag from /opt/airflow/dags/utils/helpers.py
[2025-11-15T23:36:35.142+0000] {processor.py:841} WARNING - No viable dags retrieved from /opt/airflow/dags/utils/helpers.py
[2025-11-15T23:36:35.152+0000] {processor.py:179} INFO - Processing /opt/airflow/dags/utils/helpers.py took 0.015 seconds
[2025-11-15T23:37:05.303+0000] {processor.py:157} INFO - Started process (PID=3239) to work on /opt/airflow/dags/utils/helpers.py
[2025-11-15T23:37:05.317+0000] {processor.py:829} INFO - Processing file /opt/airflow/dags/utils/helpers.py for tasks to queue
[2025-11-15T23:37:05.318+0000] {logging_mixin.py:154} INFO - [2025-11-15T23:37:05.318+0000] {dagbag.py:536} INFO - Filling up the DagBag from /opt/airflow/dags/utils/helpers.py
[2025-11-15T23:37:05.319+0000] {processor.py:841} WARNING - No viable dags retrieved from /opt/airflow/dags/utils/helpers.py
[2025-11-15T23:37:05.334+0000] {processor.py:179} INFO - Processing /opt/airflow/dags/utils/helpers.py took 0.034 seconds
[2025-11-15T23:37:35.481+0000] {processor.py:157} INFO - Started process (PID=3298) to work on /opt/airflow/dags/utils/helpers.py
[2025-11-15T23:37:35.481+0000] {processor.py:829} INFO - Processing file /opt/airflow/dags/utils/helpers.py for tasks to queue
[2025-11-15T23:37:35.482+0000] {logging_mixin.py:154} INFO - [2025-11-15T23:37:35.481+0000] {dagbag.py:536} INFO - Filling up the DagBag from /opt/airflow/dags/utils/helpers.py
[2025-11-15T23:37:35.484+0000] {processor.py:841} WARNING - No viable dags retrieved from /opt/airflow/dags/utils/helpers.py
[2025-11-15T23:37:35.494+0000] {processor.py:179} INFO - Processing /opt/airflow/dags/utils/helpers.py took 0.016 seconds
[2025-11-15T23:38:05.722+0000] {processor.py:157} INFO - Started process (PID=3350) to work on /opt/airflow/dags/utils/helpers.py
[2025-11-15T23:38:05.723+0000] {processor.py:829} INFO - Processing file /opt/airflow/dags/utils/helpers.py for tasks to queue
[2025-11-15T23:38:05.723+0000] {logging_mixin.py:154} INFO - [2025-11-15T23:38:05.723+0000] {dagbag.py:536} INFO - Filling up the DagBag from /opt/airflow/dags/utils/helpers.py
[2025-11-15T23:38:05.725+0000] {processor.py:841} WARNING - No viable dags retrieved from /opt/airflow/dags/utils/helpers.py
[2025-11-15T23:38:05.736+0000] {processor.py:179} INFO - Processing /opt/airflow/dags/utils/helpers.py took 0.016 seconds
[2025-11-15T23:38:35.959+0000] {processor.py:157} INFO - Started process (PID=3407) to work on /opt/airflow/dags/utils/helpers.py
[2025-11-15T23:38:35.959+0000] {processor.py:829} INFO - Processing file /opt/airflow/dags/utils/helpers.py for tasks to queue
[2025-11-15T23:38:35.960+0000] {logging_mixin.py:154} INFO - [2025-11-15T23:38:35.960+0000] {dagbag.py:536} INFO - Filling up the DagBag from /opt/airflow/dags/utils/helpers.py
[2025-11-15T23:38:35.962+0000] {processor.py:841} WARNING - No viable dags retrieved from /opt/airflow/dags/utils/helpers.py
[2025-11-15T23:38:35.974+0000] {processor.py:179} INFO - Processing /opt/airflow/dags/utils/helpers.py took 0.018 seconds
[2025-11-15T23:39:06.214+0000] {processor.py:157} INFO - Started process (PID=3451) to work on /opt/airflow/dags/utils/helpers.py
[2025-11-15T23:39:06.225+0000] {processor.py:829} INFO - Processing file /opt/airflow/dags/utils/helpers.py for tasks to queue
[2025-11-15T23:39:06.225+0000] {logging_mixin.py:154} INFO - [2025-11-15T23:39:06.225+0000] {dagbag.py:536} INFO - Filling up the DagBag from /opt/airflow/dags/utils/helpers.py
[2025-11-15T23:39:06.227+0000] {processor.py:841} WARNING - No viable dags retrieved from /opt/airflow/dags/utils/helpers.py
[2025-11-15T23:39:06.236+0000] {processor.py:179} INFO - Processing /opt/airflow/dags/utils/helpers.py took 0.025 seconds
[2025-11-15T23:39:36.414+0000] {processor.py:157} INFO - Started process (PID=3510) to work on /opt/airflow/dags/utils/helpers.py
[2025-11-15T23:39:36.414+0000] {processor.py:829} INFO - Processing file /opt/airflow/dags/utils/helpers.py for tasks to queue
[2025-11-15T23:39:36.415+0000] {logging_mixin.py:154} INFO - [2025-11-15T23:39:36.415+0000] {dagbag.py:536} INFO - Filling up the DagBag from /opt/airflow/dags/utils/helpers.py
[2025-11-15T23:39:36.416+0000] {processor.py:841} WARNING - No viable dags retrieved from /opt/airflow/dags/utils/helpers.py
[2025-11-15T23:39:36.427+0000] {processor.py:179} INFO - Processing /opt/airflow/dags/utils/helpers.py took 0.015 seconds
[2025-11-15T23:40:06.552+0000] {processor.py:157} INFO - Started process (PID=3569) to work on /opt/airflow/dags/utils/helpers.py
[2025-11-15T23:40:06.553+0000] {processor.py:829} INFO - Processing file /opt/airflow/dags/utils/helpers.py for tasks to queue
[2025-11-15T23:40:06.553+0000] {logging_mixin.py:154} INFO - [2025-11-15T23:40:06.553+0000] {dagbag.py:536} INFO - Filling up the DagBag from /opt/airflow/dags/utils/helpers.py
[2025-11-15T23:40:06.555+0000] {processor.py:841} WARNING - No viable dags retrieved from /opt/airflow/dags/utils/helpers.py
[2025-11-15T23:40:06.566+0000] {processor.py:179} INFO - Processing /opt/airflow/dags/utils/helpers.py took 0.016 seconds
[2025-11-15T23:40:36.670+0000] {processor.py:157} INFO - Started process (PID=3621) to work on /opt/airflow/dags/utils/helpers.py
[2025-11-15T23:40:36.671+0000] {processor.py:829} INFO - Processing file /opt/airflow/dags/utils/helpers.py for tasks to queue
[2025-11-15T23:40:36.671+0000] {logging_mixin.py:154} INFO - [2025-11-15T23:40:36.671+0000] {dagbag.py:536} INFO - Filling up the DagBag from /opt/airflow/dags/utils/helpers.py
[2025-11-15T23:40:36.673+0000] {processor.py:841} WARNING - No viable dags retrieved from /opt/airflow/dags/utils/helpers.py
[2025-11-15T23:40:36.684+0000] {processor.py:179} INFO - Processing /opt/airflow/dags/utils/helpers.py took 0.017 seconds
[2025-11-15T23:41:06.923+0000] {processor.py:157} INFO - Started process (PID=3680) to work on /opt/airflow/dags/utils/helpers.py
[2025-11-15T23:41:06.924+0000] {processor.py:829} INFO - Processing file /opt/airflow/dags/utils/helpers.py for tasks to queue
[2025-11-15T23:41:06.924+0000] {logging_mixin.py:154} INFO - [2025-11-15T23:41:06.924+0000] {dagbag.py:536} INFO - Filling up the DagBag from /opt/airflow/dags/utils/helpers.py
[2025-11-15T23:41:06.926+0000] {processor.py:841} WARNING - No viable dags retrieved from /opt/airflow/dags/utils/helpers.py
[2025-11-15T23:41:06.937+0000] {processor.py:179} INFO - Processing /opt/airflow/dags/utils/helpers.py took 0.017 seconds
[2025-11-15T23:41:37.115+0000] {processor.py:157} INFO - Started process (PID=3739) to work on /opt/airflow/dags/utils/helpers.py
[2025-11-15T23:41:37.115+0000] {processor.py:829} INFO - Processing file /opt/airflow/dags/utils/helpers.py for tasks to queue
[2025-11-15T23:41:37.115+0000] {logging_mixin.py:154} INFO - [2025-11-15T23:41:37.115+0000] {dagbag.py:536} INFO - Filling up the DagBag from /opt/airflow/dags/utils/helpers.py
[2025-11-15T23:41:37.117+0000] {processor.py:841} WARNING - No viable dags retrieved from /opt/airflow/dags/utils/helpers.py
[2025-11-15T23:41:37.129+0000] {processor.py:179} INFO - Processing /opt/airflow/dags/utils/helpers.py took 0.017 seconds
[2025-11-15T23:42:07.196+0000] {processor.py:157} INFO - Started process (PID=3798) to work on /opt/airflow/dags/utils/helpers.py
[2025-11-15T23:42:07.196+0000] {processor.py:829} INFO - Processing file /opt/airflow/dags/utils/helpers.py for tasks to queue
[2025-11-15T23:42:07.197+0000] {logging_mixin.py:154} INFO - [2025-11-15T23:42:07.197+0000] {dagbag.py:536} INFO - Filling up the DagBag from /opt/airflow/dags/utils/helpers.py
[2025-11-15T23:42:07.198+0000] {processor.py:841} WARNING - No viable dags retrieved from /opt/airflow/dags/utils/helpers.py
[2025-11-15T23:42:07.209+0000] {processor.py:179} INFO - Processing /opt/airflow/dags/utils/helpers.py took 0.016 seconds
[2025-11-15T23:42:37.344+0000] {processor.py:157} INFO - Started process (PID=3858) to work on /opt/airflow/dags/utils/helpers.py
[2025-11-15T23:42:37.344+0000] {processor.py:829} INFO - Processing file /opt/airflow/dags/utils/helpers.py for tasks to queue
[2025-11-15T23:42:37.344+0000] {logging_mixin.py:154} INFO - [2025-11-15T23:42:37.344+0000] {dagbag.py:536} INFO - Filling up the DagBag from /opt/airflow/dags/utils/helpers.py
[2025-11-15T23:42:37.346+0000] {processor.py:841} WARNING - No viable dags retrieved from /opt/airflow/dags/utils/helpers.py
[2025-11-15T23:42:37.356+0000] {processor.py:179} INFO - Processing /opt/airflow/dags/utils/helpers.py took 0.015 seconds
[2025-11-15T23:43:07.557+0000] {processor.py:157} INFO - Started process (PID=3910) to work on /opt/airflow/dags/utils/helpers.py
[2025-11-15T23:43:07.565+0000] {processor.py:829} INFO - Processing file /opt/airflow/dags/utils/helpers.py for tasks to queue
[2025-11-15T23:43:07.566+0000] {logging_mixin.py:154} INFO - [2025-11-15T23:43:07.566+0000] {dagbag.py:536} INFO - Filling up the DagBag from /opt/airflow/dags/utils/helpers.py
[2025-11-15T23:43:07.567+0000] {processor.py:841} WARNING - No viable dags retrieved from /opt/airflow/dags/utils/helpers.py
[2025-11-15T23:43:07.577+0000] {processor.py:179} INFO - Processing /opt/airflow/dags/utils/helpers.py took 0.023 seconds
[2025-11-15T23:43:37.697+0000] {processor.py:157} INFO - Started process (PID=3969) to work on /opt/airflow/dags/utils/helpers.py
[2025-11-15T23:43:37.697+0000] {processor.py:829} INFO - Processing file /opt/airflow/dags/utils/helpers.py for tasks to queue
[2025-11-15T23:43:37.698+0000] {logging_mixin.py:154} INFO - [2025-11-15T23:43:37.697+0000] {dagbag.py:536} INFO - Filling up the DagBag from /opt/airflow/dags/utils/helpers.py
[2025-11-15T23:43:37.699+0000] {processor.py:841} WARNING - No viable dags retrieved from /opt/airflow/dags/utils/helpers.py
[2025-11-15T23:43:37.710+0000] {processor.py:179} INFO - Processing /opt/airflow/dags/utils/helpers.py took 0.016 seconds
[2025-11-15T23:44:07.940+0000] {processor.py:157} INFO - Started process (PID=4028) to work on /opt/airflow/dags/utils/helpers.py
[2025-11-15T23:44:07.940+0000] {processor.py:829} INFO - Processing file /opt/airflow/dags/utils/helpers.py for tasks to queue
[2025-11-15T23:44:07.941+0000] {logging_mixin.py:154} INFO - [2025-11-15T23:44:07.941+0000] {dagbag.py:536} INFO - Filling up the DagBag from /opt/airflow/dags/utils/helpers.py
[2025-11-15T23:44:07.942+0000] {processor.py:841} WARNING - No viable dags retrieved from /opt/airflow/dags/utils/helpers.py
[2025-11-15T23:44:07.954+0000] {processor.py:179} INFO - Processing /opt/airflow/dags/utils/helpers.py took 0.017 seconds
[2025-11-15T23:44:38.156+0000] {processor.py:157} INFO - Started process (PID=4087) to work on /opt/airflow/dags/utils/helpers.py
[2025-11-15T23:44:38.157+0000] {processor.py:829} INFO - Processing file /opt/airflow/dags/utils/helpers.py for tasks to queue
[2025-11-15T23:44:38.157+0000] {logging_mixin.py:154} INFO - [2025-11-15T23:44:38.157+0000] {dagbag.py:536} INFO - Filling up the DagBag from /opt/airflow/dags/utils/helpers.py
[2025-11-15T23:44:38.159+0000] {processor.py:841} WARNING - No viable dags retrieved from /opt/airflow/dags/utils/helpers.py
[2025-11-15T23:44:38.169+0000] {processor.py:179} INFO - Processing /opt/airflow/dags/utils/helpers.py took 0.016 seconds
[2025-11-15T23:45:08.828+0000] {processor.py:157} INFO - Started process (PID=4146) to work on /opt/airflow/dags/utils/helpers.py
[2025-11-15T23:45:08.828+0000] {processor.py:829} INFO - Processing file /opt/airflow/dags/utils/helpers.py for tasks to queue
[2025-11-15T23:45:08.829+0000] {logging_mixin.py:154} INFO - [2025-11-15T23:45:08.829+0000] {dagbag.py:536} INFO - Filling up the DagBag from /opt/airflow/dags/utils/helpers.py
[2025-11-15T23:45:08.830+0000] {processor.py:841} WARNING - No viable dags retrieved from /opt/airflow/dags/utils/helpers.py
[2025-11-15T23:45:08.841+0000] {processor.py:179} INFO - Processing /opt/airflow/dags/utils/helpers.py took 0.018 seconds
[2025-11-15T23:45:38.936+0000] {processor.py:157} INFO - Started process (PID=4199) to work on /opt/airflow/dags/utils/helpers.py
[2025-11-15T23:45:38.937+0000] {processor.py:829} INFO - Processing file /opt/airflow/dags/utils/helpers.py for tasks to queue
[2025-11-15T23:45:38.938+0000] {logging_mixin.py:154} INFO - [2025-11-15T23:45:38.938+0000] {dagbag.py:536} INFO - Filling up the DagBag from /opt/airflow/dags/utils/helpers.py
[2025-11-15T23:45:38.939+0000] {processor.py:841} WARNING - No viable dags retrieved from /opt/airflow/dags/utils/helpers.py
[2025-11-15T23:45:38.950+0000] {processor.py:179} INFO - Processing /opt/airflow/dags/utils/helpers.py took 0.016 seconds
[2025-11-15T23:46:09.168+0000] {processor.py:157} INFO - Started process (PID=4258) to work on /opt/airflow/dags/utils/helpers.py
[2025-11-15T23:46:09.168+0000] {processor.py:829} INFO - Processing file /opt/airflow/dags/utils/helpers.py for tasks to queue
[2025-11-15T23:46:09.169+0000] {logging_mixin.py:154} INFO - [2025-11-15T23:46:09.169+0000] {dagbag.py:536} INFO - Filling up the DagBag from /opt/airflow/dags/utils/helpers.py
[2025-11-15T23:46:09.170+0000] {processor.py:841} WARNING - No viable dags retrieved from /opt/airflow/dags/utils/helpers.py
[2025-11-15T23:46:09.181+0000] {processor.py:179} INFO - Processing /opt/airflow/dags/utils/helpers.py took 0.015 seconds
[2025-11-15T23:46:39.278+0000] {processor.py:157} INFO - Started process (PID=4317) to work on /opt/airflow/dags/utils/helpers.py
[2025-11-15T23:46:39.302+0000] {processor.py:829} INFO - Processing file /opt/airflow/dags/utils/helpers.py for tasks to queue
[2025-11-15T23:46:39.303+0000] {logging_mixin.py:154} INFO - [2025-11-15T23:46:39.303+0000] {dagbag.py:536} INFO - Filling up the DagBag from /opt/airflow/dags/utils/helpers.py
[2025-11-15T23:46:39.305+0000] {processor.py:841} WARNING - No viable dags retrieved from /opt/airflow/dags/utils/helpers.py
[2025-11-15T23:46:39.316+0000] {processor.py:179} INFO - Processing /opt/airflow/dags/utils/helpers.py took 0.041 seconds
[2025-11-15T23:47:09.341+0000] {processor.py:157} INFO - Started process (PID=4376) to work on /opt/airflow/dags/utils/helpers.py
[2025-11-15T23:47:09.341+0000] {processor.py:829} INFO - Processing file /opt/airflow/dags/utils/helpers.py for tasks to queue
[2025-11-15T23:47:09.341+0000] {logging_mixin.py:154} INFO - [2025-11-15T23:47:09.341+0000] {dagbag.py:536} INFO - Filling up the DagBag from /opt/airflow/dags/utils/helpers.py
[2025-11-15T23:47:09.343+0000] {processor.py:841} WARNING - No viable dags retrieved from /opt/airflow/dags/utils/helpers.py
[2025-11-15T23:47:09.354+0000] {processor.py:179} INFO - Processing /opt/airflow/dags/utils/helpers.py took 0.016 seconds
[2025-11-15T23:47:39.532+0000] {processor.py:157} INFO - Started process (PID=4435) to work on /opt/airflow/dags/utils/helpers.py
[2025-11-15T23:47:39.533+0000] {processor.py:829} INFO - Processing file /opt/airflow/dags/utils/helpers.py for tasks to queue
[2025-11-15T23:47:39.533+0000] {logging_mixin.py:154} INFO - [2025-11-15T23:47:39.533+0000] {dagbag.py:536} INFO - Filling up the DagBag from /opt/airflow/dags/utils/helpers.py
[2025-11-15T23:47:39.535+0000] {processor.py:841} WARNING - No viable dags retrieved from /opt/airflow/dags/utils/helpers.py
[2025-11-15T23:47:39.547+0000] {processor.py:179} INFO - Processing /opt/airflow/dags/utils/helpers.py took 0.017 seconds
[2025-11-15T23:48:09.785+0000] {processor.py:157} INFO - Started process (PID=4487) to work on /opt/airflow/dags/utils/helpers.py
[2025-11-15T23:48:09.785+0000] {processor.py:829} INFO - Processing file /opt/airflow/dags/utils/helpers.py for tasks to queue
[2025-11-15T23:48:09.786+0000] {logging_mixin.py:154} INFO - [2025-11-15T23:48:09.785+0000] {dagbag.py:536} INFO - Filling up the DagBag from /opt/airflow/dags/utils/helpers.py
[2025-11-15T23:48:09.787+0000] {processor.py:841} WARNING - No viable dags retrieved from /opt/airflow/dags/utils/helpers.py
[2025-11-15T23:48:09.797+0000] {processor.py:179} INFO - Processing /opt/airflow/dags/utils/helpers.py took 0.015 seconds
[2025-11-15T23:48:39.848+0000] {processor.py:157} INFO - Started process (PID=4546) to work on /opt/airflow/dags/utils/helpers.py
[2025-11-15T23:48:39.849+0000] {processor.py:829} INFO - Processing file /opt/airflow/dags/utils/helpers.py for tasks to queue
[2025-11-15T23:48:39.849+0000] {logging_mixin.py:154} INFO - [2025-11-15T23:48:39.849+0000] {dagbag.py:536} INFO - Filling up the DagBag from /opt/airflow/dags/utils/helpers.py
[2025-11-15T23:48:39.851+0000] {processor.py:841} WARNING - No viable dags retrieved from /opt/airflow/dags/utils/helpers.py
[2025-11-15T23:48:39.862+0000] {processor.py:179} INFO - Processing /opt/airflow/dags/utils/helpers.py took 0.017 seconds
[2025-11-15T23:49:10.072+0000] {processor.py:157} INFO - Started process (PID=4588) to work on /opt/airflow/dags/utils/helpers.py
[2025-11-15T23:49:10.072+0000] {processor.py:829} INFO - Processing file /opt/airflow/dags/utils/helpers.py for tasks to queue
[2025-11-15T23:49:10.073+0000] {logging_mixin.py:154} INFO - [2025-11-15T23:49:10.073+0000] {dagbag.py:536} INFO - Filling up the DagBag from /opt/airflow/dags/utils/helpers.py
[2025-11-15T23:49:10.075+0000] {processor.py:841} WARNING - No viable dags retrieved from /opt/airflow/dags/utils/helpers.py
[2025-11-15T23:49:10.086+0000] {processor.py:179} INFO - Processing /opt/airflow/dags/utils/helpers.py took 0.017 seconds
[2025-11-15T23:49:40.379+0000] {processor.py:157} INFO - Started process (PID=4647) to work on /opt/airflow/dags/utils/helpers.py
[2025-11-15T23:49:40.380+0000] {processor.py:829} INFO - Processing file /opt/airflow/dags/utils/helpers.py for tasks to queue
[2025-11-15T23:49:40.380+0000] {logging_mixin.py:154} INFO - [2025-11-15T23:49:40.380+0000] {dagbag.py:536} INFO - Filling up the DagBag from /opt/airflow/dags/utils/helpers.py
[2025-11-15T23:49:40.382+0000] {processor.py:841} WARNING - No viable dags retrieved from /opt/airflow/dags/utils/helpers.py
[2025-11-15T23:49:40.394+0000] {processor.py:179} INFO - Processing /opt/airflow/dags/utils/helpers.py took 0.018 seconds
[2025-11-15T23:50:10.603+0000] {processor.py:157} INFO - Started process (PID=4699) to work on /opt/airflow/dags/utils/helpers.py
[2025-11-15T23:50:10.603+0000] {processor.py:829} INFO - Processing file /opt/airflow/dags/utils/helpers.py for tasks to queue
[2025-11-15T23:50:10.604+0000] {logging_mixin.py:154} INFO - [2025-11-15T23:50:10.603+0000] {dagbag.py:536} INFO - Filling up the DagBag from /opt/airflow/dags/utils/helpers.py
[2025-11-15T23:50:10.605+0000] {processor.py:841} WARNING - No viable dags retrieved from /opt/airflow/dags/utils/helpers.py
[2025-11-15T23:50:10.617+0000] {processor.py:179} INFO - Processing /opt/airflow/dags/utils/helpers.py took 0.017 seconds
[2025-11-15T23:50:40.714+0000] {processor.py:157} INFO - Started process (PID=4758) to work on /opt/airflow/dags/utils/helpers.py
[2025-11-15T23:50:40.714+0000] {processor.py:829} INFO - Processing file /opt/airflow/dags/utils/helpers.py for tasks to queue
[2025-11-15T23:50:40.715+0000] {logging_mixin.py:154} INFO - [2025-11-15T23:50:40.715+0000] {dagbag.py:536} INFO - Filling up the DagBag from /opt/airflow/dags/utils/helpers.py
[2025-11-15T23:50:40.716+0000] {processor.py:841} WARNING - No viable dags retrieved from /opt/airflow/dags/utils/helpers.py
[2025-11-15T23:50:40.728+0000] {processor.py:179} INFO - Processing /opt/airflow/dags/utils/helpers.py took 0.017 seconds
[2025-11-15T23:51:10.828+0000] {processor.py:157} INFO - Started process (PID=4817) to work on /opt/airflow/dags/utils/helpers.py
[2025-11-15T23:51:10.828+0000] {processor.py:829} INFO - Processing file /opt/airflow/dags/utils/helpers.py for tasks to queue
[2025-11-15T23:51:10.828+0000] {logging_mixin.py:154} INFO - [2025-11-15T23:51:10.828+0000] {dagbag.py:536} INFO - Filling up the DagBag from /opt/airflow/dags/utils/helpers.py
[2025-11-15T23:51:10.830+0000] {processor.py:841} WARNING - No viable dags retrieved from /opt/airflow/dags/utils/helpers.py
[2025-11-15T23:51:10.840+0000] {processor.py:179} INFO - Processing /opt/airflow/dags/utils/helpers.py took 0.015 seconds
[2025-11-15T23:51:40.902+0000] {processor.py:157} INFO - Started process (PID=4876) to work on /opt/airflow/dags/utils/helpers.py
[2025-11-15T23:51:40.903+0000] {processor.py:829} INFO - Processing file /opt/airflow/dags/utils/helpers.py for tasks to queue
[2025-11-15T23:51:40.903+0000] {logging_mixin.py:154} INFO - [2025-11-15T23:51:40.903+0000] {dagbag.py:536} INFO - Filling up the DagBag from /opt/airflow/dags/utils/helpers.py
[2025-11-15T23:51:40.905+0000] {processor.py:841} WARNING - No viable dags retrieved from /opt/airflow/dags/utils/helpers.py
[2025-11-15T23:51:40.918+0000] {processor.py:179} INFO - Processing /opt/airflow/dags/utils/helpers.py took 0.018 seconds
