[2025-10-28T00:46:37.209+0000] {taskinstance.py:1159} INFO - Dependencies all met for dep_context=non-requeueable deps ti=<TaskInstance: hiring_dynamic.train_random_forest scheduled__2025-09-05T15:00:00+00:00 [queued]>
[2025-10-28T00:46:37.212+0000] {taskinstance.py:1159} INFO - Dependencies all met for dep_context=requeueable deps ti=<TaskInstance: hiring_dynamic.train_random_forest scheduled__2025-09-05T15:00:00+00:00 [queued]>
[2025-10-28T00:46:37.212+0000] {taskinstance.py:1361} INFO - Starting attempt 1 of 1
[2025-10-28T00:46:37.218+0000] {taskinstance.py:1382} INFO - Executing <Task(PythonOperator): train_random_forest> on 2025-09-05 15:00:00+00:00
[2025-10-28T00:46:37.221+0000] {standard_task_runner.py:57} INFO - Started process 2958 to run task
[2025-10-28T00:46:37.223+0000] {standard_task_runner.py:84} INFO - Running: ['airflow', 'tasks', 'run', 'hiring_dynamic', 'train_random_forest', 'scheduled__2025-09-05T15:00:00+00:00', '--job-id', '127', '--raw', '--subdir', 'DAGS_FOLDER/dag_dynamic.py', '--cfg-path', '/tmp/tmpid1hppdc']
[2025-10-28T00:46:37.224+0000] {standard_task_runner.py:85} INFO - Job 127: Subtask train_random_forest
[2025-10-28T00:46:37.239+0000] {task_command.py:416} INFO - Running <TaskInstance: hiring_dynamic.train_random_forest scheduled__2025-09-05T15:00:00+00:00 [running]> on host d1f69dfe6243
[2025-10-28T00:46:37.264+0000] {taskinstance.py:1662} INFO - Exporting env vars: AIRFLOW_CTX_DAG_OWNER='airflow' AIRFLOW_CTX_DAG_ID='hiring_dynamic' AIRFLOW_CTX_TASK_ID='train_random_forest' AIRFLOW_CTX_EXECUTION_DATE='2025-09-05T15:00:00+00:00' AIRFLOW_CTX_TRY_NUMBER='1' AIRFLOW_CTX_DAG_RUN_ID='scheduled__2025-09-05T15:00:00+00:00'
[2025-10-28T00:46:37.269+0000] {logging_mixin.py:154} INFO - Entrenando modelo: random_forest
[2025-10-28T00:46:37.943+0000] {logging_mixin.py:154} INFO - Modelo random_forest guardado en: /opt/airflow/data/dynamic/2025-09-05/models/random_forest.joblib
[2025-10-28T00:46:37.953+0000] {python.py:194} INFO - Done. Returned value was: None
[2025-10-28T00:46:37.957+0000] {taskinstance.py:1400} INFO - Marking task as SUCCESS. dag_id=hiring_dynamic, task_id=train_random_forest, execution_date=20250905T150000, start_date=20251028T004637, end_date=20251028T004637
[2025-10-28T00:46:38.002+0000] {local_task_job_runner.py:228} INFO - Task exited with return code 0
[2025-10-28T00:46:38.021+0000] {taskinstance.py:2778} INFO - 0 downstream tasks scheduled from follow-on schedule check
[2025-10-28T01:33:28.554+0000] {taskinstance.py:1159} INFO - Dependencies all met for dep_context=non-requeueable deps ti=<TaskInstance: hiring_dynamic.train_random_forest scheduled__2025-09-05T15:00:00+00:00 [queued]>
[2025-10-28T01:33:28.558+0000] {taskinstance.py:1159} INFO - Dependencies all met for dep_context=requeueable deps ti=<TaskInstance: hiring_dynamic.train_random_forest scheduled__2025-09-05T15:00:00+00:00 [queued]>
[2025-10-28T01:33:28.558+0000] {taskinstance.py:1361} INFO - Starting attempt 1 of 1
[2025-10-28T01:33:28.564+0000] {taskinstance.py:1382} INFO - Executing <Task(PythonOperator): train_random_forest> on 2025-09-05 15:00:00+00:00
[2025-10-28T01:33:28.574+0000] {standard_task_runner.py:57} INFO - Started process 2948 to run task
[2025-10-28T01:33:28.578+0000] {standard_task_runner.py:84} INFO - Running: ['airflow', 'tasks', 'run', 'hiring_dynamic', 'train_random_forest', 'scheduled__2025-09-05T15:00:00+00:00', '--job-id', '116', '--raw', '--subdir', 'DAGS_FOLDER/dag_dynamic.py', '--cfg-path', '/tmp/tmp17cnv4k0']
[2025-10-28T01:33:28.579+0000] {standard_task_runner.py:85} INFO - Job 116: Subtask train_random_forest
[2025-10-28T01:33:28.603+0000] {task_command.py:416} INFO - Running <TaskInstance: hiring_dynamic.train_random_forest scheduled__2025-09-05T15:00:00+00:00 [running]> on host c46dbfd34b1f
[2025-10-28T01:33:28.638+0000] {taskinstance.py:1662} INFO - Exporting env vars: AIRFLOW_CTX_DAG_OWNER='airflow' AIRFLOW_CTX_DAG_ID='hiring_dynamic' AIRFLOW_CTX_TASK_ID='train_random_forest' AIRFLOW_CTX_EXECUTION_DATE='2025-09-05T15:00:00+00:00' AIRFLOW_CTX_TRY_NUMBER='1' AIRFLOW_CTX_DAG_RUN_ID='scheduled__2025-09-05T15:00:00+00:00'
[2025-10-28T01:33:28.646+0000] {logging_mixin.py:154} INFO - Entrenando modelo: random_forest
[2025-10-28T01:33:29.200+0000] {logging_mixin.py:154} INFO - Modelo random_forest guardado en: /opt/airflow/data/dynamic/2025-09-05/models/random_forest.joblib
[2025-10-28T01:33:29.205+0000] {python.py:194} INFO - Done. Returned value was: None
[2025-10-28T01:33:29.207+0000] {taskinstance.py:1400} INFO - Marking task as SUCCESS. dag_id=hiring_dynamic, task_id=train_random_forest, execution_date=20250905T150000, start_date=20251028T013328, end_date=20251028T013329
[2025-10-28T01:33:29.251+0000] {local_task_job_runner.py:228} INFO - Task exited with return code 0
[2025-10-28T01:33:29.262+0000] {taskinstance.py:2778} INFO - 0 downstream tasks scheduled from follow-on schedule check
