[2025-10-28T00:44:27.268+0000] {taskinstance.py:1159} INFO - Dependencies all met for dep_context=non-requeueable deps ti=<TaskInstance: hiring_dynamic.split_data scheduled__2025-05-05T15:00:00+00:00 [queued]>
[2025-10-28T00:44:27.271+0000] {taskinstance.py:1159} INFO - Dependencies all met for dep_context=requeueable deps ti=<TaskInstance: hiring_dynamic.split_data scheduled__2025-05-05T15:00:00+00:00 [queued]>
[2025-10-28T00:44:27.272+0000] {taskinstance.py:1361} INFO - Starting attempt 1 of 1
[2025-10-28T00:44:27.278+0000] {taskinstance.py:1382} INFO - Executing <Task(PythonOperator): split_data> on 2025-05-05 15:00:00+00:00
[2025-10-28T00:44:27.282+0000] {standard_task_runner.py:57} INFO - Started process 2142 to run task
[2025-10-28T00:44:27.285+0000] {standard_task_runner.py:84} INFO - Running: ['airflow', 'tasks', 'run', 'hiring_dynamic', 'split_data', 'scheduled__2025-05-05T15:00:00+00:00', '--job-id', '94', '--raw', '--subdir', 'DAGS_FOLDER/dag_dynamic.py', '--cfg-path', '/tmp/tmp1skmwssn']
[2025-10-28T00:44:27.286+0000] {standard_task_runner.py:85} INFO - Job 94: Subtask split_data
[2025-10-28T00:44:27.315+0000] {task_command.py:416} INFO - Running <TaskInstance: hiring_dynamic.split_data scheduled__2025-05-05T15:00:00+00:00 [running]> on host d1f69dfe6243
[2025-10-28T00:44:27.348+0000] {taskinstance.py:1662} INFO - Exporting env vars: AIRFLOW_CTX_DAG_OWNER='airflow' AIRFLOW_CTX_DAG_ID='hiring_dynamic' AIRFLOW_CTX_TASK_ID='split_data' AIRFLOW_CTX_EXECUTION_DATE='2025-05-05T15:00:00+00:00' AIRFLOW_CTX_TRY_NUMBER='1' AIRFLOW_CTX_DAG_RUN_ID='scheduled__2025-05-05T15:00:00+00:00'
[2025-10-28T00:44:27.363+0000] {logging_mixin.py:154} INFO - Train guardado en: /opt/airflow/data/dynamic/2025-05-05/splits/train.csv - Shape: (1200, 10)
[2025-10-28T00:44:27.363+0000] {logging_mixin.py:154} INFO - Test guardado en: /opt/airflow/data/dynamic/2025-05-05/splits/test.csv - Shape: (300, 10)
[2025-10-28T00:44:27.370+0000] {python.py:194} INFO - Done. Returned value was: None
[2025-10-28T00:44:27.373+0000] {taskinstance.py:1400} INFO - Marking task as SUCCESS. dag_id=hiring_dynamic, task_id=split_data, execution_date=20250505T150000, start_date=20251028T004427, end_date=20251028T004427
[2025-10-28T00:44:27.387+0000] {local_task_job_runner.py:228} INFO - Task exited with return code 0
[2025-10-28T00:44:27.399+0000] {taskinstance.py:2778} INFO - 3 downstream tasks scheduled from follow-on schedule check
[2025-10-28T01:31:16.642+0000] {taskinstance.py:1159} INFO - Dependencies all met for dep_context=non-requeueable deps ti=<TaskInstance: hiring_dynamic.split_data scheduled__2025-05-05T15:00:00+00:00 [queued]>
[2025-10-28T01:31:16.645+0000] {taskinstance.py:1159} INFO - Dependencies all met for dep_context=requeueable deps ti=<TaskInstance: hiring_dynamic.split_data scheduled__2025-05-05T15:00:00+00:00 [queued]>
[2025-10-28T01:31:16.645+0000] {taskinstance.py:1361} INFO - Starting attempt 1 of 1
[2025-10-28T01:31:16.651+0000] {taskinstance.py:1382} INFO - Executing <Task(PythonOperator): split_data> on 2025-05-05 15:00:00+00:00
[2025-10-28T01:31:16.654+0000] {standard_task_runner.py:57} INFO - Started process 2203 to run task
[2025-10-28T01:31:16.659+0000] {standard_task_runner.py:84} INFO - Running: ['airflow', 'tasks', 'run', 'hiring_dynamic', 'split_data', 'scheduled__2025-05-05T15:00:00+00:00', '--job-id', '86', '--raw', '--subdir', 'DAGS_FOLDER/dag_dynamic.py', '--cfg-path', '/tmp/tmphr7xws2m']
[2025-10-28T01:31:16.662+0000] {standard_task_runner.py:85} INFO - Job 86: Subtask split_data
[2025-10-28T01:31:16.689+0000] {task_command.py:416} INFO - Running <TaskInstance: hiring_dynamic.split_data scheduled__2025-05-05T15:00:00+00:00 [running]> on host c46dbfd34b1f
[2025-10-28T01:31:16.737+0000] {taskinstance.py:1662} INFO - Exporting env vars: AIRFLOW_CTX_DAG_OWNER='airflow' AIRFLOW_CTX_DAG_ID='hiring_dynamic' AIRFLOW_CTX_TASK_ID='split_data' AIRFLOW_CTX_EXECUTION_DATE='2025-05-05T15:00:00+00:00' AIRFLOW_CTX_TRY_NUMBER='1' AIRFLOW_CTX_DAG_RUN_ID='scheduled__2025-05-05T15:00:00+00:00'
[2025-10-28T01:31:16.756+0000] {logging_mixin.py:154} INFO - Train guardado en: /opt/airflow/data/dynamic/2025-05-05/splits/train.csv - Shape: (1200, 10)
[2025-10-28T01:31:16.757+0000] {logging_mixin.py:154} INFO - Test guardado en: /opt/airflow/data/dynamic/2025-05-05/splits/test.csv - Shape: (300, 10)
[2025-10-28T01:31:16.763+0000] {python.py:194} INFO - Done. Returned value was: None
[2025-10-28T01:31:16.766+0000] {taskinstance.py:1400} INFO - Marking task as SUCCESS. dag_id=hiring_dynamic, task_id=split_data, execution_date=20250505T150000, start_date=20251028T013116, end_date=20251028T013116
[2025-10-28T01:31:16.804+0000] {local_task_job_runner.py:228} INFO - Task exited with return code 0
[2025-10-28T01:31:16.817+0000] {taskinstance.py:2778} INFO - 3 downstream tasks scheduled from follow-on schedule check
