[2025-10-28T00:43:21.407+0000] {taskinstance.py:1159} INFO - Dependencies all met for dep_context=non-requeueable deps ti=<TaskInstance: hiring_dynamic.split_data scheduled__2025-03-05T15:00:00+00:00 [queued]>
[2025-10-28T00:43:21.410+0000] {taskinstance.py:1159} INFO - Dependencies all met for dep_context=requeueable deps ti=<TaskInstance: hiring_dynamic.split_data scheduled__2025-03-05T15:00:00+00:00 [queued]>
[2025-10-28T00:43:21.410+0000] {taskinstance.py:1361} INFO - Starting attempt 1 of 1
[2025-10-28T00:43:21.416+0000] {taskinstance.py:1382} INFO - Executing <Task(PythonOperator): split_data> on 2025-03-05 15:00:00+00:00
[2025-10-28T00:43:21.419+0000] {standard_task_runner.py:57} INFO - Started process 1743 to run task
[2025-10-28T00:43:21.421+0000] {standard_task_runner.py:84} INFO - Running: ['airflow', 'tasks', 'run', 'hiring_dynamic', 'split_data', 'scheduled__2025-03-05T15:00:00+00:00', '--job-id', '77', '--raw', '--subdir', 'DAGS_FOLDER/dag_dynamic.py', '--cfg-path', '/tmp/tmpig0th5ts']
[2025-10-28T00:43:21.422+0000] {standard_task_runner.py:85} INFO - Job 77: Subtask split_data
[2025-10-28T00:43:21.438+0000] {task_command.py:416} INFO - Running <TaskInstance: hiring_dynamic.split_data scheduled__2025-03-05T15:00:00+00:00 [running]> on host d1f69dfe6243
[2025-10-28T00:43:21.464+0000] {taskinstance.py:1662} INFO - Exporting env vars: AIRFLOW_CTX_DAG_OWNER='airflow' AIRFLOW_CTX_DAG_ID='hiring_dynamic' AIRFLOW_CTX_TASK_ID='split_data' AIRFLOW_CTX_EXECUTION_DATE='2025-03-05T15:00:00+00:00' AIRFLOW_CTX_TRY_NUMBER='1' AIRFLOW_CTX_DAG_RUN_ID='scheduled__2025-03-05T15:00:00+00:00'
[2025-10-28T00:43:21.478+0000] {logging_mixin.py:154} INFO - Train guardado en: /opt/airflow/data/dynamic/2025-03-05/splits/train.csv - Shape: (1200, 10)
[2025-10-28T00:43:21.478+0000] {logging_mixin.py:154} INFO - Test guardado en: /opt/airflow/data/dynamic/2025-03-05/splits/test.csv - Shape: (300, 10)
[2025-10-28T00:43:21.485+0000] {python.py:194} INFO - Done. Returned value was: None
[2025-10-28T00:43:21.487+0000] {taskinstance.py:1400} INFO - Marking task as SUCCESS. dag_id=hiring_dynamic, task_id=split_data, execution_date=20250305T150000, start_date=20251028T004321, end_date=20251028T004321
[2025-10-28T00:43:21.522+0000] {local_task_job_runner.py:228} INFO - Task exited with return code 0
[2025-10-28T00:43:21.535+0000] {taskinstance.py:2778} INFO - 3 downstream tasks scheduled from follow-on schedule check
[2025-10-28T01:30:05.119+0000] {taskinstance.py:1159} INFO - Dependencies all met for dep_context=non-requeueable deps ti=<TaskInstance: hiring_dynamic.split_data scheduled__2025-03-05T15:00:00+00:00 [queued]>
[2025-10-28T01:30:05.133+0000] {taskinstance.py:1159} INFO - Dependencies all met for dep_context=requeueable deps ti=<TaskInstance: hiring_dynamic.split_data scheduled__2025-03-05T15:00:00+00:00 [queued]>
[2025-10-28T01:30:05.133+0000] {taskinstance.py:1361} INFO - Starting attempt 1 of 1
[2025-10-28T01:30:05.141+0000] {taskinstance.py:1382} INFO - Executing <Task(PythonOperator): split_data> on 2025-03-05 15:00:00+00:00
[2025-10-28T01:30:05.153+0000] {standard_task_runner.py:57} INFO - Started process 1770 to run task
[2025-10-28T01:30:05.159+0000] {standard_task_runner.py:84} INFO - Running: ['airflow', 'tasks', 'run', 'hiring_dynamic', 'split_data', 'scheduled__2025-03-05T15:00:00+00:00', '--job-id', '67', '--raw', '--subdir', 'DAGS_FOLDER/dag_dynamic.py', '--cfg-path', '/tmp/tmpg1zf8_xj']
[2025-10-28T01:30:05.160+0000] {standard_task_runner.py:85} INFO - Job 67: Subtask split_data
[2025-10-28T01:30:05.184+0000] {task_command.py:416} INFO - Running <TaskInstance: hiring_dynamic.split_data scheduled__2025-03-05T15:00:00+00:00 [running]> on host c46dbfd34b1f
[2025-10-28T01:30:05.215+0000] {taskinstance.py:1662} INFO - Exporting env vars: AIRFLOW_CTX_DAG_OWNER='airflow' AIRFLOW_CTX_DAG_ID='hiring_dynamic' AIRFLOW_CTX_TASK_ID='split_data' AIRFLOW_CTX_EXECUTION_DATE='2025-03-05T15:00:00+00:00' AIRFLOW_CTX_TRY_NUMBER='1' AIRFLOW_CTX_DAG_RUN_ID='scheduled__2025-03-05T15:00:00+00:00'
[2025-10-28T01:30:05.234+0000] {logging_mixin.py:154} INFO - Train guardado en: /opt/airflow/data/dynamic/2025-03-05/splits/train.csv - Shape: (1200, 10)
[2025-10-28T01:30:05.234+0000] {logging_mixin.py:154} INFO - Test guardado en: /opt/airflow/data/dynamic/2025-03-05/splits/test.csv - Shape: (300, 10)
[2025-10-28T01:30:05.242+0000] {python.py:194} INFO - Done. Returned value was: None
[2025-10-28T01:30:05.244+0000] {taskinstance.py:1400} INFO - Marking task as SUCCESS. dag_id=hiring_dynamic, task_id=split_data, execution_date=20250305T150000, start_date=20251028T013005, end_date=20251028T013005
[2025-10-28T01:30:05.257+0000] {local_task_job_runner.py:228} INFO - Task exited with return code 0
[2025-10-28T01:30:05.270+0000] {taskinstance.py:2778} INFO - 3 downstream tasks scheduled from follow-on schedule check
