[2025-12-07T03:14:32.562+0000] {taskinstance.py:1159} INFO - Dependencies all met for dep_context=non-requeueable deps ti=<TaskInstance: sodai_drinks_production_pipeline.process_data manual__2025-12-07T03:04:22+00:00 [queued]>
[2025-12-07T03:14:32.567+0000] {taskinstance.py:1159} INFO - Dependencies all met for dep_context=requeueable deps ti=<TaskInstance: sodai_drinks_production_pipeline.process_data manual__2025-12-07T03:04:22+00:00 [queued]>
[2025-12-07T03:14:32.567+0000] {taskinstance.py:1361} INFO - Starting attempt 2 of 2
[2025-12-07T03:14:32.574+0000] {taskinstance.py:1382} INFO - Executing <Task(PythonOperator): process_data> on 2025-12-07 03:04:22+00:00
[2025-12-07T03:14:32.584+0000] {standard_task_runner.py:57} INFO - Started process 2074 to run task
[2025-12-07T03:14:32.588+0000] {standard_task_runner.py:84} INFO - Running: ['***', 'tasks', 'run', 'sodai_drinks_production_pipeline', 'process_data', 'manual__2025-12-07T03:04:22+00:00', '--job-id', '54', '--raw', '--subdir', 'DAGS_FOLDER/pipeline_productivo.py', '--cfg-path', '/tmp/tmpw95m8242']
[2025-12-07T03:14:32.592+0000] {standard_task_runner.py:85} INFO - Job 54: Subtask process_data
[2025-12-07T03:14:32.640+0000] {task_command.py:416} INFO - Running <TaskInstance: sodai_drinks_production_pipeline.process_data manual__2025-12-07T03:04:22+00:00 [running]> on host d63631a18ada
[2025-12-07T03:14:32.698+0000] {taskinstance.py:1662} INFO - Exporting env vars: AIRFLOW_CTX_DAG_EMAIL='team@sodaidrinks.com' AIRFLOW_CTX_DAG_OWNER='sodai_drinks_team' AIRFLOW_CTX_DAG_ID='sodai_drinks_production_pipeline' AIRFLOW_CTX_TASK_ID='process_data' AIRFLOW_CTX_EXECUTION_DATE='2025-12-07T03:04:22+00:00' AIRFLOW_CTX_TRY_NUMBER='2' AIRFLOW_CTX_DAG_RUN_ID='manual__2025-12-07T03:04:22+00:00'
[2025-12-07T03:14:32.699+0000] {data_processing.py:169} INFO - Iniciando procesamiento de datos...
[2025-12-07T03:14:32.753+0000] {data_processing.py:181} INFO - Datos cargados - Transacciones: 6190, Clientes: 1569, Productos: 971
[2025-12-07T03:14:32.759+0000] {data_processing.py:188} INFO - Predicción para semana: 2025-04
[2025-12-07T03:14:32.759+0000] {data_processing.py:73} INFO - Creando variable target...
[2025-12-07T03:14:33.024+0000] {data_processing.py:90} INFO - ✅ Ejemplos positivos (compraron): 4,866
[2025-12-07T03:14:33.026+0000] {data_processing.py:105} INFO - 🎲 Generando 48,660 ejemplos negativos (ratio 10.0:1)...
[2025-12-07T03:14:35.038+0000] {data_processing.py:133} INFO - ⚖️ Aplicando undersampling con RandomUnderSampler...
[2025-12-07T03:14:35.039+0000] {data_processing.py:134} INFO -    Antes: 48,660 negativos
[2025-12-07T03:14:35.052+0000] {data_processing.py:151} INFO -    Después: 4,866 negativos
[2025-12-07T03:14:35.052+0000] {data_processing.py:155} INFO - 📊 Dataset balanceado:
[2025-12-07T03:14:35.052+0000] {data_processing.py:156} INFO -    - Positivos: 4,866
[2025-12-07T03:14:35.052+0000] {data_processing.py:157} INFO -    - Negativos: 4,866
[2025-12-07T03:14:35.052+0000] {data_processing.py:158} INFO -    - Total: 9,732
[2025-12-07T03:14:35.065+0000] {data_processing.py:197} INFO - Dataset merged: (9732, 17)
[2025-12-07T03:14:35.066+0000] {data_processing.py:208} INFO - Features: ['customer_type', 'Y', 'X', 'num_deliver_per_week', 'brand', 'category', 'sub_category', 'segment', 'package', 'size']
[2025-12-07T03:14:35.066+0000] {data_processing.py:209} INFO - Distribución de clases - 0: 4866, 1: 4866
[2025-12-07T03:14:35.073+0000] {data_processing.py:217} INFO - Columna 'brand' convertida a 'brand_num' (numérica)
[2025-12-07T03:14:35.078+0000] {data_processing.py:263} INFO - Ajustando preprocessor...
[2025-12-07T03:14:35.096+0000] {data_processing.py:295} INFO - Datos transformados: (9732, 18)
[2025-12-07T03:14:35.096+0000] {data_processing.py:296} INFO - Verificación de clases - 0: 4866, 1: 4866
[2025-12-07T03:14:35.132+0000] {data_processing.py:323} INFO - Preprocessing completado exitosamente
[2025-12-07T03:14:35.134+0000] {python.py:194} INFO - Done. Returned value was: {'status': 'success', 'processed_records': 9732, 'num_features': 15, 'positive_class': 4866, 'negative_class': 4866, 'prediction_week': '2025-02-02T00:00:00'}
[2025-12-07T03:14:35.148+0000] {taskinstance.py:1400} INFO - Marking task as SUCCESS. dag_id=sodai_drinks_production_pipeline, task_id=process_data, execution_date=20251207T030422, start_date=20251207T031432, end_date=20251207T031435
[2025-12-07T03:14:35.223+0000] {local_task_job_runner.py:228} INFO - Task exited with return code 0
[2025-12-07T03:14:35.243+0000] {taskinstance.py:2778} INFO - 1 downstream tasks scheduled from follow-on schedule check
