[2025-10-28T21:45:11.536+0000] {taskinstance.py:1159} INFO - Dependencies all met for dep_context=non-requeueable deps ti=<TaskInstance: sodai_drinks_production_pipeline.detect_drift manual__2025-10-28T21:26:07.421553+00:00 [queued]>
[2025-10-28T21:45:11.545+0000] {taskinstance.py:1159} INFO - Dependencies all met for dep_context=requeueable deps ti=<TaskInstance: sodai_drinks_production_pipeline.detect_drift manual__2025-10-28T21:26:07.421553+00:00 [queued]>
[2025-10-28T21:45:11.548+0000] {taskinstance.py:1361} INFO - Starting attempt 2 of 3
[2025-10-28T21:45:11.566+0000] {taskinstance.py:1382} INFO - Executing <Task(PythonOperator): detect_drift> on 2025-10-28 21:26:07.421553+00:00
[2025-10-28T21:45:11.582+0000] {standard_task_runner.py:57} INFO - Started process 610 to run task
[2025-10-28T21:45:11.595+0000] {standard_task_runner.py:84} INFO - Running: ['***', 'tasks', 'run', 'sodai_drinks_production_pipeline', 'detect_drift', 'manual__2025-10-28T21:26:07.421553+00:00', '--job-id', '22', '--raw', '--subdir', 'DAGS_FOLDER/pipeline_productivo.py', '--cfg-path', '/tmp/tmpnt62lngz']
[2025-10-28T21:45:11.600+0000] {standard_task_runner.py:85} INFO - Job 22: Subtask detect_drift
[2025-10-28T21:45:11.682+0000] {task_command.py:416} INFO - Running <TaskInstance: sodai_drinks_production_pipeline.detect_drift manual__2025-10-28T21:26:07.421553+00:00 [running]> on host ee70ee0df05e
[2025-10-28T21:45:11.767+0000] {taskinstance.py:1662} INFO - Exporting env vars: AIRFLOW_CTX_DAG_EMAIL='team@sodaidrinks.com' AIRFLOW_CTX_DAG_OWNER='sodai_drinks_team' AIRFLOW_CTX_DAG_ID='sodai_drinks_production_pipeline' AIRFLOW_CTX_TASK_ID='detect_drift' AIRFLOW_CTX_EXECUTION_DATE='2025-10-28T21:26:07.421553+00:00' AIRFLOW_CTX_TRY_NUMBER='2' AIRFLOW_CTX_DAG_RUN_ID='manual__2025-10-28T21:26:07.421553+00:00'
[2025-10-28T21:45:11.768+0000] {drift_detection.py:80} INFO - Iniciando detección de drift...
[2025-10-28T21:45:11.921+0000] {drift_detection.py:110} INFO - Datos de referencia: 94587 registros
[2025-10-28T21:45:11.922+0000] {drift_detection.py:111} INFO - Datos actuales: 94587 registros
[2025-10-28T21:45:11.955+0000] {drift_detection.py:119} INFO - Analizando drift en 19 features numéricas
[2025-10-28T21:45:11.978+0000] {drift_detection.py:30} INFO - KS Test - Statistic: 0.0000, P-value: 1.0000
[2025-10-28T21:45:11.989+0000] {drift_detection.py:65} INFO - PSI: 0.0000
[2025-10-28T21:45:12.003+0000] {drift_detection.py:30} INFO - KS Test - Statistic: 0.0000, P-value: 1.0000
[2025-10-28T21:45:12.012+0000] {drift_detection.py:65} INFO - PSI: 0.0000
[2025-10-28T21:45:12.022+0000] {drift_detection.py:30} INFO - KS Test - Statistic: 0.0000, P-value: 1.0000
[2025-10-28T21:45:12.027+0000] {drift_detection.py:65} INFO - PSI: 0.0000
[2025-10-28T21:45:12.037+0000] {drift_detection.py:30} INFO - KS Test - Statistic: 0.0000, P-value: 1.0000
[2025-10-28T21:45:12.041+0000] {drift_detection.py:65} INFO - PSI: 0.0000
[2025-10-28T21:45:12.053+0000] {drift_detection.py:30} INFO - KS Test - Statistic: 0.0000, P-value: 1.0000
[2025-10-28T21:45:12.060+0000] {drift_detection.py:65} INFO - PSI: 0.0000
[2025-10-28T21:45:12.062+0000] {taskinstance.py:1937} ERROR - Task failed with exception
Traceback (most recent call last):
  File "/home/airflow/.local/lib/python3.10/site-packages/airflow/operators/python.py", line 192, in execute
    return_value = self.execute_callable()
  File "/home/airflow/.local/lib/python3.10/site-packages/airflow/operators/python.py", line 209, in execute_callable
    return self.python_callable(*self.op_args, **self.op_kwargs)
  File "/opt/airflow/dags/tasks/drift_detection.py", line 158, in detect_drift
    json.dump(drift_results, f, indent=2)
  File "/usr/local/lib/python3.10/json/__init__.py", line 179, in dump
    for chunk in iterable:
  File "/usr/local/lib/python3.10/json/encoder.py", line 431, in _iterencode
    yield from _iterencode_dict(o, _current_indent_level)
  File "/usr/local/lib/python3.10/json/encoder.py", line 405, in _iterencode_dict
    yield from chunks
  File "/usr/local/lib/python3.10/json/encoder.py", line 405, in _iterencode_dict
    yield from chunks
  File "/usr/local/lib/python3.10/json/encoder.py", line 438, in _iterencode
    o = _default(o)
  File "/usr/local/lib/python3.10/json/encoder.py", line 179, in default
    raise TypeError(f'Object of type {o.__class__.__name__} '
TypeError: Object of type bool_ is not JSON serializable
[2025-10-28T21:45:12.084+0000] {taskinstance.py:1400} INFO - Marking task as UP_FOR_RETRY. dag_id=sodai_drinks_production_pipeline, task_id=detect_drift, execution_date=20251028T212607, start_date=20251028T214511, end_date=20251028T214512
[2025-10-28T21:45:12.094+0000] {standard_task_runner.py:104} ERROR - Failed to execute job 22 for task detect_drift (Object of type bool_ is not JSON serializable; 610)
[2025-10-28T21:45:12.149+0000] {local_task_job_runner.py:228} INFO - Task exited with return code 1
[2025-10-28T21:45:12.196+0000] {taskinstance.py:2778} INFO - 0 downstream tasks scheduled from follow-on schedule check
