[2025-10-28T00:43:13.238+0000] {taskinstance.py:1159} INFO - Dependencies all met for dep_context=non-requeueable deps ti=<TaskInstance: hiring_dynamic.decide_download scheduled__2025-07-05T15:00:00+00:00 [queued]>
[2025-10-28T00:43:13.240+0000] {taskinstance.py:1159} INFO - Dependencies all met for dep_context=requeueable deps ti=<TaskInstance: hiring_dynamic.decide_download scheduled__2025-07-05T15:00:00+00:00 [queued]>
[2025-10-28T00:43:13.240+0000] {taskinstance.py:1361} INFO - Starting attempt 1 of 1
[2025-10-28T00:43:13.246+0000] {taskinstance.py:1382} INFO - Executing <Task(BranchPythonOperator): decide_download> on 2025-07-05 15:00:00+00:00
[2025-10-28T00:43:13.249+0000] {standard_task_runner.py:57} INFO - Started process 1665 to run task
[2025-10-28T00:43:13.252+0000] {standard_task_runner.py:84} INFO - Running: ['airflow', 'tasks', 'run', 'hiring_dynamic', 'decide_download', 'scheduled__2025-07-05T15:00:00+00:00', '--job-id', '73', '--raw', '--subdir', 'DAGS_FOLDER/dag_dynamic.py', '--cfg-path', '/tmp/tmpfwzle67q']
[2025-10-28T00:43:13.253+0000] {standard_task_runner.py:85} INFO - Job 73: Subtask decide_download
[2025-10-28T00:43:13.268+0000] {task_command.py:416} INFO - Running <TaskInstance: hiring_dynamic.decide_download scheduled__2025-07-05T15:00:00+00:00 [running]> on host d1f69dfe6243
[2025-10-28T00:43:13.293+0000] {taskinstance.py:1662} INFO - Exporting env vars: AIRFLOW_CTX_DAG_OWNER='airflow' AIRFLOW_CTX_DAG_ID='hiring_dynamic' AIRFLOW_CTX_TASK_ID='decide_download' AIRFLOW_CTX_EXECUTION_DATE='2025-07-05T15:00:00+00:00' AIRFLOW_CTX_TRY_NUMBER='1' AIRFLOW_CTX_DAG_RUN_ID='scheduled__2025-07-05T15:00:00+00:00'
[2025-10-28T00:43:13.294+0000] {logging_mixin.py:154} INFO - Fecha 2025-07-05 >= 2024-11-01: descargando data_1 y data_2
[2025-10-28T00:43:13.294+0000] {python.py:194} INFO - Done. Returned value was: ['download_data_1', 'download_data_2']
[2025-10-28T00:43:13.294+0000] {python.py:227} INFO - Branch callable return ['download_data_1', 'download_data_2']
[2025-10-28T00:43:13.294+0000] {skipmixin.py:173} INFO - Following branch ['download_data_1', 'download_data_2']
[2025-10-28T00:43:13.297+0000] {skipmixin.py:239} INFO - Skipping tasks [('download_data_1_only', -1)]
[2025-10-28T00:43:13.307+0000] {taskinstance.py:1400} INFO - Marking task as SUCCESS. dag_id=hiring_dynamic, task_id=decide_download, execution_date=20250705T150000, start_date=20251028T004313, end_date=20251028T004313
[2025-10-28T00:43:13.313+0000] {local_task_job_runner.py:228} INFO - Task exited with return code 0
[2025-10-28T00:43:13.326+0000] {taskinstance.py:2778} INFO - 2 downstream tasks scheduled from follow-on schedule check
[2025-10-28T01:29:55.571+0000] {taskinstance.py:1159} INFO - Dependencies all met for dep_context=non-requeueable deps ti=<TaskInstance: hiring_dynamic.decide_download scheduled__2025-07-05T15:00:00+00:00 [queued]>
[2025-10-28T01:29:55.575+0000] {taskinstance.py:1159} INFO - Dependencies all met for dep_context=requeueable deps ti=<TaskInstance: hiring_dynamic.decide_download scheduled__2025-07-05T15:00:00+00:00 [queued]>
[2025-10-28T01:29:55.575+0000] {taskinstance.py:1361} INFO - Starting attempt 1 of 1
[2025-10-28T01:29:55.581+0000] {taskinstance.py:1382} INFO - Executing <Task(BranchPythonOperator): decide_download> on 2025-07-05 15:00:00+00:00
[2025-10-28T01:29:55.585+0000] {standard_task_runner.py:57} INFO - Started process 1692 to run task
[2025-10-28T01:29:55.588+0000] {standard_task_runner.py:84} INFO - Running: ['airflow', 'tasks', 'run', 'hiring_dynamic', 'decide_download', 'scheduled__2025-07-05T15:00:00+00:00', '--job-id', '63', '--raw', '--subdir', 'DAGS_FOLDER/dag_dynamic.py', '--cfg-path', '/tmp/tmp9bk51azh']
[2025-10-28T01:29:55.589+0000] {standard_task_runner.py:85} INFO - Job 63: Subtask decide_download
[2025-10-28T01:29:55.605+0000] {task_command.py:416} INFO - Running <TaskInstance: hiring_dynamic.decide_download scheduled__2025-07-05T15:00:00+00:00 [running]> on host c46dbfd34b1f
[2025-10-28T01:29:55.636+0000] {taskinstance.py:1662} INFO - Exporting env vars: AIRFLOW_CTX_DAG_OWNER='airflow' AIRFLOW_CTX_DAG_ID='hiring_dynamic' AIRFLOW_CTX_TASK_ID='decide_download' AIRFLOW_CTX_EXECUTION_DATE='2025-07-05T15:00:00+00:00' AIRFLOW_CTX_TRY_NUMBER='1' AIRFLOW_CTX_DAG_RUN_ID='scheduled__2025-07-05T15:00:00+00:00'
[2025-10-28T01:29:55.637+0000] {logging_mixin.py:154} INFO - Fecha 2025-07-05 >= 2024-11-01: descargando data_1 y data_2
[2025-10-28T01:29:55.637+0000] {python.py:194} INFO - Done. Returned value was: ['download_data_1', 'download_data_2']
[2025-10-28T01:29:55.637+0000] {python.py:227} INFO - Branch callable return ['download_data_1', 'download_data_2']
[2025-10-28T01:29:55.637+0000] {skipmixin.py:173} INFO - Following branch ['download_data_1', 'download_data_2']
[2025-10-28T01:29:55.640+0000] {skipmixin.py:239} INFO - Skipping tasks [('download_data_1_only', -1)]
[2025-10-28T01:29:55.653+0000] {taskinstance.py:1400} INFO - Marking task as SUCCESS. dag_id=hiring_dynamic, task_id=decide_download, execution_date=20250705T150000, start_date=20251028T012955, end_date=20251028T012955
[2025-10-28T01:29:55.687+0000] {local_task_job_runner.py:228} INFO - Task exited with return code 0
[2025-10-28T01:29:55.703+0000] {taskinstance.py:2778} INFO - 2 downstream tasks scheduled from follow-on schedule check
