[2025-10-28T00:46:43.693+0000] {taskinstance.py:1159} INFO - Dependencies all met for dep_context=non-requeueable deps ti=<TaskInstance: hiring_dynamic.train_logistic_regression scheduled__2025-09-05T15:00:00+00:00 [queued]>
[2025-10-28T00:46:43.696+0000] {taskinstance.py:1159} INFO - Dependencies all met for dep_context=requeueable deps ti=<TaskInstance: hiring_dynamic.train_logistic_regression scheduled__2025-09-05T15:00:00+00:00 [queued]>
[2025-10-28T00:46:43.696+0000] {taskinstance.py:1361} INFO - Starting attempt 1 of 1
[2025-10-28T00:46:43.701+0000] {taskinstance.py:1382} INFO - Executing <Task(PythonOperator): train_logistic_regression> on 2025-09-05 15:00:00+00:00
[2025-10-28T00:46:43.705+0000] {standard_task_runner.py:57} INFO - Started process 3003 to run task
[2025-10-28T00:46:43.707+0000] {standard_task_runner.py:84} INFO - Running: ['airflow', 'tasks', 'run', 'hiring_dynamic', 'train_logistic_regression', 'scheduled__2025-09-05T15:00:00+00:00', '--job-id', '129', '--raw', '--subdir', 'DAGS_FOLDER/dag_dynamic.py', '--cfg-path', '/tmp/tmptiwwlwu9']
[2025-10-28T00:46:43.708+0000] {standard_task_runner.py:85} INFO - Job 129: Subtask train_logistic_regression
[2025-10-28T00:46:43.725+0000] {task_command.py:416} INFO - Running <TaskInstance: hiring_dynamic.train_logistic_regression scheduled__2025-09-05T15:00:00+00:00 [running]> on host d1f69dfe6243
[2025-10-28T00:46:43.758+0000] {taskinstance.py:1662} INFO - Exporting env vars: AIRFLOW_CTX_DAG_OWNER='airflow' AIRFLOW_CTX_DAG_ID='hiring_dynamic' AIRFLOW_CTX_TASK_ID='train_logistic_regression' AIRFLOW_CTX_EXECUTION_DATE='2025-09-05T15:00:00+00:00' AIRFLOW_CTX_TRY_NUMBER='1' AIRFLOW_CTX_DAG_RUN_ID='scheduled__2025-09-05T15:00:00+00:00'
[2025-10-28T00:46:43.765+0000] {logging_mixin.py:154} INFO - Entrenando modelo: logistic_regression
[2025-10-28T00:46:52.409+0000] {logging_mixin.py:154} INFO - Modelo logistic_regression guardado en: /opt/airflow/data/dynamic/2025-09-05/models/logistic_regression.joblib
[2025-10-28T00:46:52.436+0000] {python.py:194} INFO - Done. Returned value was: None
[2025-10-28T00:46:52.451+0000] {taskinstance.py:1400} INFO - Marking task as SUCCESS. dag_id=hiring_dynamic, task_id=train_logistic_regression, execution_date=20250905T150000, start_date=20251028T004643, end_date=20251028T004652
[2025-10-28T00:46:52.482+0000] {local_task_job_runner.py:228} INFO - Task exited with return code 0
[2025-10-28T00:46:52.508+0000] {taskinstance.py:2778} INFO - 1 downstream tasks scheduled from follow-on schedule check
[2025-10-28T01:33:34.815+0000] {taskinstance.py:1159} INFO - Dependencies all met for dep_context=non-requeueable deps ti=<TaskInstance: hiring_dynamic.train_logistic_regression scheduled__2025-09-05T15:00:00+00:00 [queued]>
[2025-10-28T01:33:34.818+0000] {taskinstance.py:1159} INFO - Dependencies all met for dep_context=requeueable deps ti=<TaskInstance: hiring_dynamic.train_logistic_regression scheduled__2025-09-05T15:00:00+00:00 [queued]>
[2025-10-28T01:33:34.818+0000] {taskinstance.py:1361} INFO - Starting attempt 1 of 1
[2025-10-28T01:33:34.826+0000] {taskinstance.py:1382} INFO - Executing <Task(PythonOperator): train_logistic_regression> on 2025-09-05 15:00:00+00:00
[2025-10-28T01:33:34.833+0000] {standard_task_runner.py:57} INFO - Started process 2993 to run task
[2025-10-28T01:33:34.837+0000] {standard_task_runner.py:84} INFO - Running: ['airflow', 'tasks', 'run', 'hiring_dynamic', 'train_logistic_regression', 'scheduled__2025-09-05T15:00:00+00:00', '--job-id', '118', '--raw', '--subdir', 'DAGS_FOLDER/dag_dynamic.py', '--cfg-path', '/tmp/tmp84gc6g_j']
[2025-10-28T01:33:34.839+0000] {standard_task_runner.py:85} INFO - Job 118: Subtask train_logistic_regression
[2025-10-28T01:33:34.860+0000] {task_command.py:416} INFO - Running <TaskInstance: hiring_dynamic.train_logistic_regression scheduled__2025-09-05T15:00:00+00:00 [running]> on host c46dbfd34b1f
[2025-10-28T01:33:34.894+0000] {taskinstance.py:1662} INFO - Exporting env vars: AIRFLOW_CTX_DAG_OWNER='airflow' AIRFLOW_CTX_DAG_ID='hiring_dynamic' AIRFLOW_CTX_TASK_ID='train_logistic_regression' AIRFLOW_CTX_EXECUTION_DATE='2025-09-05T15:00:00+00:00' AIRFLOW_CTX_TRY_NUMBER='1' AIRFLOW_CTX_DAG_RUN_ID='scheduled__2025-09-05T15:00:00+00:00'
[2025-10-28T01:33:34.900+0000] {logging_mixin.py:154} INFO - Entrenando modelo: logistic_regression
[2025-10-28T01:33:43.956+0000] {logging_mixin.py:154} INFO - Modelo logistic_regression guardado en: /opt/airflow/data/dynamic/2025-09-05/models/logistic_regression.joblib
[2025-10-28T01:33:43.987+0000] {python.py:194} INFO - Done. Returned value was: None
[2025-10-28T01:33:43.994+0000] {taskinstance.py:1400} INFO - Marking task as SUCCESS. dag_id=hiring_dynamic, task_id=train_logistic_regression, execution_date=20250905T150000, start_date=20251028T013334, end_date=20251028T013343
[2025-10-28T01:33:44.054+0000] {local_task_job_runner.py:228} INFO - Task exited with return code 0
[2025-10-28T01:33:44.072+0000] {taskinstance.py:2778} INFO - 1 downstream tasks scheduled from follow-on schedule check
