[2025-10-28T00:45:23.304+0000] {taskinstance.py:1159} INFO - Dependencies all met for dep_context=non-requeueable deps ti=<TaskInstance: hiring_dynamic.train_gradient_boosting scheduled__2025-06-05T15:00:00+00:00 [queued]>
[2025-10-28T00:45:23.308+0000] {taskinstance.py:1159} INFO - Dependencies all met for dep_context=requeueable deps ti=<TaskInstance: hiring_dynamic.train_gradient_boosting scheduled__2025-06-05T15:00:00+00:00 [queued]>
[2025-10-28T00:45:23.308+0000] {taskinstance.py:1361} INFO - Starting attempt 1 of 1
[2025-10-28T00:45:23.313+0000] {taskinstance.py:1382} INFO - Executing <Task(PythonOperator): train_gradient_boosting> on 2025-06-05 15:00:00+00:00
[2025-10-28T00:45:23.317+0000] {standard_task_runner.py:57} INFO - Started process 2515 to run task
[2025-10-28T00:45:23.319+0000] {standard_task_runner.py:84} INFO - Running: ['airflow', 'tasks', 'run', 'hiring_dynamic', 'train_gradient_boosting', 'scheduled__2025-06-05T15:00:00+00:00', '--job-id', '110', '--raw', '--subdir', 'DAGS_FOLDER/dag_dynamic.py', '--cfg-path', '/tmp/tmpci8tzzxa']
[2025-10-28T00:45:23.321+0000] {standard_task_runner.py:85} INFO - Job 110: Subtask train_gradient_boosting
[2025-10-28T00:45:23.339+0000] {task_command.py:416} INFO - Running <TaskInstance: hiring_dynamic.train_gradient_boosting scheduled__2025-06-05T15:00:00+00:00 [running]> on host d1f69dfe6243
[2025-10-28T00:45:23.370+0000] {taskinstance.py:1662} INFO - Exporting env vars: AIRFLOW_CTX_DAG_OWNER='airflow' AIRFLOW_CTX_DAG_ID='hiring_dynamic' AIRFLOW_CTX_TASK_ID='train_gradient_boosting' AIRFLOW_CTX_EXECUTION_DATE='2025-06-05T15:00:00+00:00' AIRFLOW_CTX_TRY_NUMBER='1' AIRFLOW_CTX_DAG_RUN_ID='scheduled__2025-06-05T15:00:00+00:00'
[2025-10-28T00:45:23.376+0000] {logging_mixin.py:154} INFO - Entrenando modelo: gradient_boosting
[2025-10-28T00:45:23.654+0000] {logging_mixin.py:154} INFO - Modelo gradient_boosting guardado en: /opt/airflow/data/dynamic/2025-06-05/models/gradient_boosting.joblib
[2025-10-28T00:45:23.659+0000] {python.py:194} INFO - Done. Returned value was: None
[2025-10-28T00:45:23.661+0000] {taskinstance.py:1400} INFO - Marking task as SUCCESS. dag_id=hiring_dynamic, task_id=train_gradient_boosting, execution_date=20250605T150000, start_date=20251028T004523, end_date=20251028T004523
[2025-10-28T00:45:23.671+0000] {local_task_job_runner.py:228} INFO - Task exited with return code 0
[2025-10-28T00:45:23.680+0000] {taskinstance.py:2778} INFO - 0 downstream tasks scheduled from follow-on schedule check
[2025-10-28T01:32:20.464+0000] {taskinstance.py:1159} INFO - Dependencies all met for dep_context=non-requeueable deps ti=<TaskInstance: hiring_dynamic.train_gradient_boosting scheduled__2025-06-05T15:00:00+00:00 [queued]>
[2025-10-28T01:32:20.468+0000] {taskinstance.py:1159} INFO - Dependencies all met for dep_context=requeueable deps ti=<TaskInstance: hiring_dynamic.train_gradient_boosting scheduled__2025-06-05T15:00:00+00:00 [queued]>
[2025-10-28T01:32:20.468+0000] {taskinstance.py:1361} INFO - Starting attempt 1 of 1
[2025-10-28T01:32:20.474+0000] {taskinstance.py:1382} INFO - Executing <Task(PythonOperator): train_gradient_boosting> on 2025-06-05 15:00:00+00:00
[2025-10-28T01:32:20.481+0000] {standard_task_runner.py:57} INFO - Started process 2586 to run task
[2025-10-28T01:32:20.483+0000] {standard_task_runner.py:84} INFO - Running: ['airflow', 'tasks', 'run', 'hiring_dynamic', 'train_gradient_boosting', 'scheduled__2025-06-05T15:00:00+00:00', '--job-id', '102', '--raw', '--subdir', 'DAGS_FOLDER/dag_dynamic.py', '--cfg-path', '/tmp/tmp4a_i9v2a']
[2025-10-28T01:32:20.484+0000] {standard_task_runner.py:85} INFO - Job 102: Subtask train_gradient_boosting
[2025-10-28T01:32:20.500+0000] {task_command.py:416} INFO - Running <TaskInstance: hiring_dynamic.train_gradient_boosting scheduled__2025-06-05T15:00:00+00:00 [running]> on host c46dbfd34b1f
[2025-10-28T01:32:20.537+0000] {taskinstance.py:1662} INFO - Exporting env vars: AIRFLOW_CTX_DAG_OWNER='airflow' AIRFLOW_CTX_DAG_ID='hiring_dynamic' AIRFLOW_CTX_TASK_ID='train_gradient_boosting' AIRFLOW_CTX_EXECUTION_DATE='2025-06-05T15:00:00+00:00' AIRFLOW_CTX_TRY_NUMBER='1' AIRFLOW_CTX_DAG_RUN_ID='scheduled__2025-06-05T15:00:00+00:00'
[2025-10-28T01:32:20.542+0000] {logging_mixin.py:154} INFO - Entrenando modelo: gradient_boosting
[2025-10-28T01:32:20.822+0000] {logging_mixin.py:154} INFO - Modelo gradient_boosting guardado en: /opt/airflow/data/dynamic/2025-06-05/models/gradient_boosting.joblib
[2025-10-28T01:32:20.826+0000] {python.py:194} INFO - Done. Returned value was: None
[2025-10-28T01:32:20.828+0000] {taskinstance.py:1400} INFO - Marking task as SUCCESS. dag_id=hiring_dynamic, task_id=train_gradient_boosting, execution_date=20250605T150000, start_date=20251028T013220, end_date=20251028T013220
[2025-10-28T01:32:20.872+0000] {local_task_job_runner.py:228} INFO - Task exited with return code 0
[2025-10-28T01:32:20.883+0000] {taskinstance.py:2778} INFO - 0 downstream tasks scheduled from follow-on schedule check
