[2025-10-28T00:40:17.736+0000] {taskinstance.py:1159} INFO - Dependencies all met for dep_context=non-requeueable deps ti=<TaskInstance: hiring_dynamic.create_folders scheduled__2025-02-05T15:00:00+00:00 [queued]>
[2025-10-28T00:40:17.740+0000] {taskinstance.py:1159} INFO - Dependencies all met for dep_context=requeueable deps ti=<TaskInstance: hiring_dynamic.create_folders scheduled__2025-02-05T15:00:00+00:00 [queued]>
[2025-10-28T00:40:17.740+0000] {taskinstance.py:1361} INFO - Starting attempt 1 of 1
[2025-10-28T00:40:17.748+0000] {taskinstance.py:1382} INFO - Executing <Task(PythonOperator): create_folders> on 2025-02-05 15:00:00+00:00
[2025-10-28T00:40:17.755+0000] {standard_task_runner.py:57} INFO - Started process 420 to run task
[2025-10-28T00:40:17.758+0000] {standard_task_runner.py:84} INFO - Running: ['airflow', 'tasks', 'run', 'hiring_dynamic', 'create_folders', 'scheduled__2025-02-05T15:00:00+00:00', '--job-id', '16', '--raw', '--subdir', 'DAGS_FOLDER/dag_dynamic.py', '--cfg-path', '/tmp/tmpez20ot9y']
[2025-10-28T00:40:17.759+0000] {standard_task_runner.py:85} INFO - Job 16: Subtask create_folders
[2025-10-28T00:40:17.788+0000] {task_command.py:416} INFO - Running <TaskInstance: hiring_dynamic.create_folders scheduled__2025-02-05T15:00:00+00:00 [running]> on host d1f69dfe6243
[2025-10-28T00:40:17.821+0000] {taskinstance.py:1662} INFO - Exporting env vars: AIRFLOW_CTX_DAG_OWNER='airflow' AIRFLOW_CTX_DAG_ID='hiring_dynamic' AIRFLOW_CTX_TASK_ID='create_folders' AIRFLOW_CTX_EXECUTION_DATE='2025-02-05T15:00:00+00:00' AIRFLOW_CTX_TRY_NUMBER='1' AIRFLOW_CTX_DAG_RUN_ID='scheduled__2025-02-05T15:00:00+00:00'
[2025-10-28T00:40:17.823+0000] {logging_mixin.py:154} INFO - Carpetas creadas en: /opt/airflow/data/dynamic/2025-02-05
[2025-10-28T00:40:17.826+0000] {python.py:194} INFO - Done. Returned value was: None
[2025-10-28T00:40:17.828+0000] {taskinstance.py:1400} INFO - Marking task as SUCCESS. dag_id=hiring_dynamic, task_id=create_folders, execution_date=20250205T150000, start_date=20251028T004017, end_date=20251028T004017
[2025-10-28T00:40:17.857+0000] {local_task_job_runner.py:228} INFO - Task exited with return code 0
[2025-10-28T00:40:17.871+0000] {taskinstance.py:2778} INFO - 1 downstream tasks scheduled from follow-on schedule check
[2025-10-28T01:27:05.512+0000] {taskinstance.py:1159} INFO - Dependencies all met for dep_context=non-requeueable deps ti=<TaskInstance: hiring_dynamic.create_folders scheduled__2025-02-05T15:00:00+00:00 [queued]>
[2025-10-28T01:27:05.516+0000] {taskinstance.py:1159} INFO - Dependencies all met for dep_context=requeueable deps ti=<TaskInstance: hiring_dynamic.create_folders scheduled__2025-02-05T15:00:00+00:00 [queued]>
[2025-10-28T01:27:05.516+0000] {taskinstance.py:1361} INFO - Starting attempt 1 of 1
[2025-10-28T01:27:05.529+0000] {taskinstance.py:1382} INFO - Executing <Task(PythonOperator): create_folders> on 2025-02-05 15:00:00+00:00
[2025-10-28T01:27:05.547+0000] {standard_task_runner.py:57} INFO - Started process 585 to run task
[2025-10-28T01:27:05.553+0000] {standard_task_runner.py:84} INFO - Running: ['airflow', 'tasks', 'run', 'hiring_dynamic', 'create_folders', 'scheduled__2025-02-05T15:00:00+00:00', '--job-id', '12', '--raw', '--subdir', 'DAGS_FOLDER/dag_dynamic.py', '--cfg-path', '/tmp/tmpcqqrkmyf']
[2025-10-28T01:27:05.556+0000] {standard_task_runner.py:85} INFO - Job 12: Subtask create_folders
[2025-10-28T01:27:05.608+0000] {task_command.py:416} INFO - Running <TaskInstance: hiring_dynamic.create_folders scheduled__2025-02-05T15:00:00+00:00 [running]> on host c46dbfd34b1f
[2025-10-28T01:27:05.641+0000] {taskinstance.py:1662} INFO - Exporting env vars: AIRFLOW_CTX_DAG_OWNER='airflow' AIRFLOW_CTX_DAG_ID='hiring_dynamic' AIRFLOW_CTX_TASK_ID='create_folders' AIRFLOW_CTX_EXECUTION_DATE='2025-02-05T15:00:00+00:00' AIRFLOW_CTX_TRY_NUMBER='1' AIRFLOW_CTX_DAG_RUN_ID='scheduled__2025-02-05T15:00:00+00:00'
[2025-10-28T01:27:05.643+0000] {logging_mixin.py:154} INFO - Carpetas creadas en: /opt/airflow/data/dynamic/2025-02-05
[2025-10-28T01:27:05.647+0000] {python.py:194} INFO - Done. Returned value was: None
[2025-10-28T01:27:05.649+0000] {taskinstance.py:1400} INFO - Marking task as SUCCESS. dag_id=hiring_dynamic, task_id=create_folders, execution_date=20250205T150000, start_date=20251028T012705, end_date=20251028T012705
[2025-10-28T01:27:05.662+0000] {local_task_job_runner.py:228} INFO - Task exited with return code 0
[2025-10-28T01:27:05.676+0000] {taskinstance.py:2778} INFO - 1 downstream tasks scheduled from follow-on schedule check
