[2025-10-28T00:45:14.900+0000] {taskinstance.py:1159} INFO - Dependencies all met for dep_context=non-requeueable deps ti=<TaskInstance: hiring_dynamic.decide_download scheduled__2025-09-05T15:00:00+00:00 [queued]>
[2025-10-28T00:45:14.903+0000] {taskinstance.py:1159} INFO - Dependencies all met for dep_context=requeueable deps ti=<TaskInstance: hiring_dynamic.decide_download scheduled__2025-09-05T15:00:00+00:00 [queued]>
[2025-10-28T00:45:14.903+0000] {taskinstance.py:1361} INFO - Starting attempt 1 of 1
[2025-10-28T00:45:14.912+0000] {taskinstance.py:1382} INFO - Executing <Task(BranchPythonOperator): decide_download> on 2025-09-05 15:00:00+00:00
[2025-10-28T00:45:14.921+0000] {standard_task_runner.py:57} INFO - Started process 2436 to run task
[2025-10-28T00:45:14.928+0000] {standard_task_runner.py:84} INFO - Running: ['airflow', 'tasks', 'run', 'hiring_dynamic', 'decide_download', 'scheduled__2025-09-05T15:00:00+00:00', '--job-id', '106', '--raw', '--subdir', 'DAGS_FOLDER/dag_dynamic.py', '--cfg-path', '/tmp/tmpgho72rkc']
[2025-10-28T00:45:14.930+0000] {standard_task_runner.py:85} INFO - Job 106: Subtask decide_download
[2025-10-28T00:45:14.957+0000] {task_command.py:416} INFO - Running <TaskInstance: hiring_dynamic.decide_download scheduled__2025-09-05T15:00:00+00:00 [running]> on host d1f69dfe6243
[2025-10-28T00:45:14.991+0000] {taskinstance.py:1662} INFO - Exporting env vars: AIRFLOW_CTX_DAG_OWNER='airflow' AIRFLOW_CTX_DAG_ID='hiring_dynamic' AIRFLOW_CTX_TASK_ID='decide_download' AIRFLOW_CTX_EXECUTION_DATE='2025-09-05T15:00:00+00:00' AIRFLOW_CTX_TRY_NUMBER='1' AIRFLOW_CTX_DAG_RUN_ID='scheduled__2025-09-05T15:00:00+00:00'
[2025-10-28T00:45:14.992+0000] {logging_mixin.py:154} INFO - Fecha 2025-09-05 >= 2024-11-01: descargando data_1 y data_2
[2025-10-28T00:45:14.992+0000] {python.py:194} INFO - Done. Returned value was: ['download_data_1', 'download_data_2']
[2025-10-28T00:45:14.992+0000] {python.py:227} INFO - Branch callable return ['download_data_1', 'download_data_2']
[2025-10-28T00:45:14.992+0000] {skipmixin.py:173} INFO - Following branch ['download_data_1', 'download_data_2']
[2025-10-28T00:45:14.995+0000] {skipmixin.py:239} INFO - Skipping tasks [('download_data_1_only', -1)]
[2025-10-28T00:45:15.005+0000] {taskinstance.py:1400} INFO - Marking task as SUCCESS. dag_id=hiring_dynamic, task_id=decide_download, execution_date=20250905T150000, start_date=20251028T004514, end_date=20251028T004515
[2025-10-28T00:45:15.028+0000] {local_task_job_runner.py:228} INFO - Task exited with return code 0
[2025-10-28T00:45:15.043+0000] {taskinstance.py:2778} INFO - 2 downstream tasks scheduled from follow-on schedule check
[2025-10-28T01:31:04.106+0000] {taskinstance.py:1159} INFO - Dependencies all met for dep_context=non-requeueable deps ti=<TaskInstance: hiring_dynamic.decide_download scheduled__2025-09-05T15:00:00+00:00 [queued]>
[2025-10-28T01:31:04.108+0000] {taskinstance.py:1159} INFO - Dependencies all met for dep_context=requeueable deps ti=<TaskInstance: hiring_dynamic.decide_download scheduled__2025-09-05T15:00:00+00:00 [queued]>
[2025-10-28T01:31:04.109+0000] {taskinstance.py:1361} INFO - Starting attempt 1 of 1
[2025-10-28T01:31:04.114+0000] {taskinstance.py:1382} INFO - Executing <Task(BranchPythonOperator): decide_download> on 2025-09-05 15:00:00+00:00
[2025-10-28T01:31:04.120+0000] {standard_task_runner.py:57} INFO - Started process 2125 to run task
[2025-10-28T01:31:04.123+0000] {standard_task_runner.py:84} INFO - Running: ['airflow', 'tasks', 'run', 'hiring_dynamic', 'decide_download', 'scheduled__2025-09-05T15:00:00+00:00', '--job-id', '82', '--raw', '--subdir', 'DAGS_FOLDER/dag_dynamic.py', '--cfg-path', '/tmp/tmpdn8dksuk']
[2025-10-28T01:31:04.125+0000] {standard_task_runner.py:85} INFO - Job 82: Subtask decide_download
[2025-10-28T01:31:04.150+0000] {task_command.py:416} INFO - Running <TaskInstance: hiring_dynamic.decide_download scheduled__2025-09-05T15:00:00+00:00 [running]> on host c46dbfd34b1f
[2025-10-28T01:31:04.180+0000] {taskinstance.py:1662} INFO - Exporting env vars: AIRFLOW_CTX_DAG_OWNER='airflow' AIRFLOW_CTX_DAG_ID='hiring_dynamic' AIRFLOW_CTX_TASK_ID='decide_download' AIRFLOW_CTX_EXECUTION_DATE='2025-09-05T15:00:00+00:00' AIRFLOW_CTX_TRY_NUMBER='1' AIRFLOW_CTX_DAG_RUN_ID='scheduled__2025-09-05T15:00:00+00:00'
[2025-10-28T01:31:04.181+0000] {logging_mixin.py:154} INFO - Fecha 2025-09-05 >= 2024-11-01: descargando data_1 y data_2
[2025-10-28T01:31:04.181+0000] {python.py:194} INFO - Done. Returned value was: ['download_data_1', 'download_data_2']
[2025-10-28T01:31:04.181+0000] {python.py:227} INFO - Branch callable return ['download_data_1', 'download_data_2']
[2025-10-28T01:31:04.181+0000] {skipmixin.py:173} INFO - Following branch ['download_data_1', 'download_data_2']
[2025-10-28T01:31:04.184+0000] {skipmixin.py:239} INFO - Skipping tasks [('download_data_1_only', -1)]
[2025-10-28T01:31:04.199+0000] {taskinstance.py:1400} INFO - Marking task as SUCCESS. dag_id=hiring_dynamic, task_id=decide_download, execution_date=20250905T150000, start_date=20251028T013104, end_date=20251028T013104
[2025-10-28T01:31:04.229+0000] {local_task_job_runner.py:228} INFO - Task exited with return code 0
[2025-10-28T01:31:04.257+0000] {taskinstance.py:2778} INFO - 2 downstream tasks scheduled from follow-on schedule check
