[2025-12-07T03:11:28.468+0000] {taskinstance.py:1159} INFO - Dependencies all met for dep_context=non-requeueable deps ti=<TaskInstance: sodai_drinks_production_pipeline.process_data manual__2025-12-07T03:11:24+00:00 [queued]>
[2025-12-07T03:11:28.472+0000] {taskinstance.py:1159} INFO - Dependencies all met for dep_context=requeueable deps ti=<TaskInstance: sodai_drinks_production_pipeline.process_data manual__2025-12-07T03:11:24+00:00 [queued]>
[2025-12-07T03:11:28.473+0000] {taskinstance.py:1361} INFO - Starting attempt 1 of 2
[2025-12-07T03:11:28.480+0000] {taskinstance.py:1382} INFO - Executing <Task(PythonOperator): process_data> on 2025-12-07 03:11:24+00:00
[2025-12-07T03:11:28.491+0000] {standard_task_runner.py:57} INFO - Started process 1435 to run task
[2025-12-07T03:11:28.494+0000] {standard_task_runner.py:84} INFO - Running: ['***', 'tasks', 'run', 'sodai_drinks_production_pipeline', 'process_data', 'manual__2025-12-07T03:11:24+00:00', '--job-id', '47', '--raw', '--subdir', 'DAGS_FOLDER/pipeline_productivo.py', '--cfg-path', '/tmp/tmp3wujxkev']
[2025-12-07T03:11:28.497+0000] {standard_task_runner.py:85} INFO - Job 47: Subtask process_data
[2025-12-07T03:11:28.529+0000] {task_command.py:416} INFO - Running <TaskInstance: sodai_drinks_production_pipeline.process_data manual__2025-12-07T03:11:24+00:00 [running]> on host d63631a18ada
[2025-12-07T03:11:28.581+0000] {taskinstance.py:1662} INFO - Exporting env vars: AIRFLOW_CTX_DAG_EMAIL='team@sodaidrinks.com' AIRFLOW_CTX_DAG_OWNER='sodai_drinks_team' AIRFLOW_CTX_DAG_ID='sodai_drinks_production_pipeline' AIRFLOW_CTX_TASK_ID='process_data' AIRFLOW_CTX_EXECUTION_DATE='2025-12-07T03:11:24+00:00' AIRFLOW_CTX_TRY_NUMBER='1' AIRFLOW_CTX_DAG_RUN_ID='manual__2025-12-07T03:11:24+00:00'
[2025-12-07T03:11:28.583+0000] {data_processing.py:169} INFO - Iniciando procesamiento de datos...
[2025-12-07T03:11:28.636+0000] {data_processing.py:181} INFO - Datos cargados - Transacciones: 6190, Clientes: 1569, Productos: 971
[2025-12-07T03:11:28.642+0000] {data_processing.py:188} INFO - Predicción para semana: 2025-04
[2025-12-07T03:11:28.642+0000] {data_processing.py:73} INFO - Creando variable target...
[2025-12-07T03:11:28.897+0000] {data_processing.py:90} INFO - ✅ Ejemplos positivos (compraron): 4,866
[2025-12-07T03:11:28.898+0000] {data_processing.py:105} INFO - 🎲 Generando 48,660 ejemplos negativos (ratio 10.0:1)...
[2025-12-07T03:11:30.903+0000] {data_processing.py:133} INFO - ⚖️ Aplicando undersampling con RandomUnderSampler...
[2025-12-07T03:11:30.903+0000] {data_processing.py:134} INFO -    Antes: 48,660 negativos
[2025-12-07T03:11:30.922+0000] {data_processing.py:151} INFO -    Después: 4,866 negativos
[2025-12-07T03:11:30.923+0000] {data_processing.py:155} INFO - 📊 Dataset balanceado:
[2025-12-07T03:11:30.923+0000] {data_processing.py:156} INFO -    - Positivos: 4,866
[2025-12-07T03:11:30.923+0000] {data_processing.py:157} INFO -    - Negativos: 4,866
[2025-12-07T03:11:30.923+0000] {data_processing.py:158} INFO -    - Total: 9,732
[2025-12-07T03:11:30.936+0000] {data_processing.py:197} INFO - Dataset merged: (9732, 17)
[2025-12-07T03:11:30.938+0000] {data_processing.py:208} INFO - Features: ['customer_type', 'Y', 'X', 'num_deliver_per_week', 'brand', 'category', 'sub_category', 'segment', 'package', 'size']
[2025-12-07T03:11:30.938+0000] {data_processing.py:209} INFO - Distribución de clases - 0: 4866, 1: 4866
[2025-12-07T03:11:30.945+0000] {data_processing.py:217} INFO - Columna 'brand' convertida a 'brand_num' (numérica)
[2025-12-07T03:11:30.950+0000] {data_processing.py:263} INFO - Ajustando preprocessor...
[2025-12-07T03:11:30.968+0000] {data_processing.py:295} INFO - Datos transformados: (9732, 18)
[2025-12-07T03:11:30.969+0000] {data_processing.py:296} INFO - Verificación de clases - 0: 4866, 1: 4866
[2025-12-07T03:11:31.008+0000] {data_processing.py:323} INFO - Preprocessing completado exitosamente
[2025-12-07T03:11:31.011+0000] {python.py:194} INFO - Done. Returned value was: {'status': 'success', 'processed_records': 9732, 'num_features': 15, 'positive_class': 4866, 'negative_class': 4866, 'prediction_week': '2025-02-02T00:00:00'}
[2025-12-07T03:11:31.030+0000] {taskinstance.py:1400} INFO - Marking task as SUCCESS. dag_id=sodai_drinks_production_pipeline, task_id=process_data, execution_date=20251207T031124, start_date=20251207T031128, end_date=20251207T031131
[2025-12-07T03:11:31.096+0000] {local_task_job_runner.py:228} INFO - Task exited with return code 0
[2025-12-07T03:11:31.119+0000] {taskinstance.py:2778} INFO - 0 downstream tasks scheduled from follow-on schedule check
