[2025-10-28T00:45:20.749+0000] {taskinstance.py:1159} INFO - Dependencies all met for dep_context=non-requeueable deps ti=<TaskInstance: hiring_dynamic.train_random_forest scheduled__2025-06-05T15:00:00+00:00 [queued]>
[2025-10-28T00:45:20.752+0000] {taskinstance.py:1159} INFO - Dependencies all met for dep_context=requeueable deps ti=<TaskInstance: hiring_dynamic.train_random_forest scheduled__2025-06-05T15:00:00+00:00 [queued]>
[2025-10-28T00:45:20.752+0000] {taskinstance.py:1361} INFO - Starting attempt 1 of 1
[2025-10-28T00:45:20.758+0000] {taskinstance.py:1382} INFO - Executing <Task(PythonOperator): train_random_forest> on 2025-06-05 15:00:00+00:00
[2025-10-28T00:45:20.761+0000] {standard_task_runner.py:57} INFO - Started process 2487 to run task
[2025-10-28T00:45:20.763+0000] {standard_task_runner.py:84} INFO - Running: ['airflow', 'tasks', 'run', 'hiring_dynamic', 'train_random_forest', 'scheduled__2025-06-05T15:00:00+00:00', '--job-id', '109', '--raw', '--subdir', 'DAGS_FOLDER/dag_dynamic.py', '--cfg-path', '/tmp/tmpg3gh422n']
[2025-10-28T00:45:20.764+0000] {standard_task_runner.py:85} INFO - Job 109: Subtask train_random_forest
[2025-10-28T00:45:20.786+0000] {task_command.py:416} INFO - Running <TaskInstance: hiring_dynamic.train_random_forest scheduled__2025-06-05T15:00:00+00:00 [running]> on host d1f69dfe6243
[2025-10-28T00:45:20.818+0000] {taskinstance.py:1662} INFO - Exporting env vars: AIRFLOW_CTX_DAG_OWNER='airflow' AIRFLOW_CTX_DAG_ID='hiring_dynamic' AIRFLOW_CTX_TASK_ID='train_random_forest' AIRFLOW_CTX_EXECUTION_DATE='2025-06-05T15:00:00+00:00' AIRFLOW_CTX_TRY_NUMBER='1' AIRFLOW_CTX_DAG_RUN_ID='scheduled__2025-06-05T15:00:00+00:00'
[2025-10-28T00:45:20.826+0000] {logging_mixin.py:154} INFO - Entrenando modelo: random_forest
[2025-10-28T00:45:21.368+0000] {logging_mixin.py:154} INFO - Modelo random_forest guardado en: /opt/airflow/data/dynamic/2025-06-05/models/random_forest.joblib
[2025-10-28T00:45:21.376+0000] {python.py:194} INFO - Done. Returned value was: None
[2025-10-28T00:45:21.378+0000] {taskinstance.py:1400} INFO - Marking task as SUCCESS. dag_id=hiring_dynamic, task_id=train_random_forest, execution_date=20250605T150000, start_date=20251028T004520, end_date=20251028T004521
[2025-10-28T00:45:21.399+0000] {local_task_job_runner.py:228} INFO - Task exited with return code 0
[2025-10-28T00:45:21.409+0000] {taskinstance.py:2778} INFO - 0 downstream tasks scheduled from follow-on schedule check
[2025-10-28T01:32:17.881+0000] {taskinstance.py:1159} INFO - Dependencies all met for dep_context=non-requeueable deps ti=<TaskInstance: hiring_dynamic.train_random_forest scheduled__2025-06-05T15:00:00+00:00 [queued]>
[2025-10-28T01:32:17.885+0000] {taskinstance.py:1159} INFO - Dependencies all met for dep_context=requeueable deps ti=<TaskInstance: hiring_dynamic.train_random_forest scheduled__2025-06-05T15:00:00+00:00 [queued]>
[2025-10-28T01:32:17.885+0000] {taskinstance.py:1361} INFO - Starting attempt 1 of 1
[2025-10-28T01:32:17.891+0000] {taskinstance.py:1382} INFO - Executing <Task(PythonOperator): train_random_forest> on 2025-06-05 15:00:00+00:00
[2025-10-28T01:32:17.895+0000] {standard_task_runner.py:57} INFO - Started process 2558 to run task
[2025-10-28T01:32:17.898+0000] {standard_task_runner.py:84} INFO - Running: ['airflow', 'tasks', 'run', 'hiring_dynamic', 'train_random_forest', 'scheduled__2025-06-05T15:00:00+00:00', '--job-id', '101', '--raw', '--subdir', 'DAGS_FOLDER/dag_dynamic.py', '--cfg-path', '/tmp/tmpkl6lwtvt']
[2025-10-28T01:32:17.899+0000] {standard_task_runner.py:85} INFO - Job 101: Subtask train_random_forest
[2025-10-28T01:32:17.925+0000] {task_command.py:416} INFO - Running <TaskInstance: hiring_dynamic.train_random_forest scheduled__2025-06-05T15:00:00+00:00 [running]> on host c46dbfd34b1f
[2025-10-28T01:32:17.954+0000] {taskinstance.py:1662} INFO - Exporting env vars: AIRFLOW_CTX_DAG_OWNER='airflow' AIRFLOW_CTX_DAG_ID='hiring_dynamic' AIRFLOW_CTX_TASK_ID='train_random_forest' AIRFLOW_CTX_EXECUTION_DATE='2025-06-05T15:00:00+00:00' AIRFLOW_CTX_TRY_NUMBER='1' AIRFLOW_CTX_DAG_RUN_ID='scheduled__2025-06-05T15:00:00+00:00'
[2025-10-28T01:32:17.960+0000] {logging_mixin.py:154} INFO - Entrenando modelo: random_forest
[2025-10-28T01:32:18.482+0000] {logging_mixin.py:154} INFO - Modelo random_forest guardado en: /opt/airflow/data/dynamic/2025-06-05/models/random_forest.joblib
[2025-10-28T01:32:18.487+0000] {python.py:194} INFO - Done. Returned value was: None
[2025-10-28T01:32:18.489+0000] {taskinstance.py:1400} INFO - Marking task as SUCCESS. dag_id=hiring_dynamic, task_id=train_random_forest, execution_date=20250605T150000, start_date=20251028T013217, end_date=20251028T013218
[2025-10-28T01:32:18.535+0000] {local_task_job_runner.py:228} INFO - Task exited with return code 0
[2025-10-28T01:32:18.545+0000] {taskinstance.py:2778} INFO - 0 downstream tasks scheduled from follow-on schedule check
