[2025-10-28T00:23:26.995+0000] {processor.py:157} INFO - Started process (PID=2782) to work on /opt/airflow/dags/hiring_functions.py
[2025-10-28T00:23:26.997+0000] {processor.py:829} INFO - Processing file /opt/airflow/dags/hiring_functions.py for tasks to queue
[2025-10-28T00:23:26.999+0000] {logging_mixin.py:154} INFO - [2025-10-28T00:23:26.998+0000] {dagbag.py:536} INFO - Filling up the DagBag from /opt/airflow/dags/hiring_functions.py
[2025-10-28T00:23:28.180+0000] {processor.py:841} WARNING - No viable dags retrieved from /opt/airflow/dags/hiring_functions.py
[2025-10-28T00:23:28.187+0000] {processor.py:179} INFO - Processing /opt/airflow/dags/hiring_functions.py took 1.203 seconds
[2025-10-28T00:23:58.427+0000] {processor.py:157} INFO - Started process (PID=2809) to work on /opt/airflow/dags/hiring_functions.py
[2025-10-28T00:23:58.429+0000] {processor.py:829} INFO - Processing file /opt/airflow/dags/hiring_functions.py for tasks to queue
[2025-10-28T00:23:58.430+0000] {logging_mixin.py:154} INFO - [2025-10-28T00:23:58.430+0000] {dagbag.py:536} INFO - Filling up the DagBag from /opt/airflow/dags/hiring_functions.py
[2025-10-28T00:23:59.155+0000] {processor.py:841} WARNING - No viable dags retrieved from /opt/airflow/dags/hiring_functions.py
[2025-10-28T00:23:59.165+0000] {processor.py:179} INFO - Processing /opt/airflow/dags/hiring_functions.py took 0.747 seconds
[2025-10-28T00:24:29.190+0000] {processor.py:157} INFO - Started process (PID=95) to work on /opt/airflow/dags/hiring_functions.py
[2025-10-28T00:24:29.196+0000] {processor.py:829} INFO - Processing file /opt/airflow/dags/hiring_functions.py for tasks to queue
[2025-10-28T00:24:29.200+0000] {logging_mixin.py:154} INFO - [2025-10-28T00:24:29.198+0000] {dagbag.py:536} INFO - Filling up the DagBag from /opt/airflow/dags/hiring_functions.py
[2025-10-28T00:24:30.042+0000] {processor.py:841} WARNING - No viable dags retrieved from /opt/airflow/dags/hiring_functions.py
[2025-10-28T00:24:30.047+0000] {processor.py:179} INFO - Processing /opt/airflow/dags/hiring_functions.py took 0.864 seconds
[2025-10-28T00:25:00.723+0000] {processor.py:157} INFO - Started process (PID=122) to work on /opt/airflow/dags/hiring_functions.py
[2025-10-28T00:25:00.725+0000] {processor.py:829} INFO - Processing file /opt/airflow/dags/hiring_functions.py for tasks to queue
[2025-10-28T00:25:00.726+0000] {logging_mixin.py:154} INFO - [2025-10-28T00:25:00.725+0000] {dagbag.py:536} INFO - Filling up the DagBag from /opt/airflow/dags/hiring_functions.py
[2025-10-28T00:25:01.372+0000] {processor.py:841} WARNING - No viable dags retrieved from /opt/airflow/dags/hiring_functions.py
[2025-10-28T00:25:01.376+0000] {processor.py:179} INFO - Processing /opt/airflow/dags/hiring_functions.py took 0.675 seconds
[2025-10-28T00:25:31.789+0000] {processor.py:157} INFO - Started process (PID=149) to work on /opt/airflow/dags/hiring_functions.py
[2025-10-28T00:25:31.792+0000] {processor.py:829} INFO - Processing file /opt/airflow/dags/hiring_functions.py for tasks to queue
[2025-10-28T00:25:31.794+0000] {logging_mixin.py:154} INFO - [2025-10-28T00:25:31.793+0000] {dagbag.py:536} INFO - Filling up the DagBag from /opt/airflow/dags/hiring_functions.py
[2025-10-28T00:25:32.492+0000] {processor.py:841} WARNING - No viable dags retrieved from /opt/airflow/dags/hiring_functions.py
[2025-10-28T00:25:32.496+0000] {processor.py:179} INFO - Processing /opt/airflow/dags/hiring_functions.py took 0.713 seconds
[2025-10-28T00:26:03.099+0000] {processor.py:157} INFO - Started process (PID=96) to work on /opt/airflow/dags/hiring_functions.py
[2025-10-28T00:26:03.099+0000] {processor.py:829} INFO - Processing file /opt/airflow/dags/hiring_functions.py for tasks to queue
[2025-10-28T00:26:03.100+0000] {logging_mixin.py:154} INFO - [2025-10-28T00:26:03.100+0000] {dagbag.py:536} INFO - Filling up the DagBag from /opt/airflow/dags/hiring_functions.py
[2025-10-28T00:26:03.689+0000] {processor.py:841} WARNING - No viable dags retrieved from /opt/airflow/dags/hiring_functions.py
[2025-10-28T00:26:03.702+0000] {processor.py:179} INFO - Processing /opt/airflow/dags/hiring_functions.py took 0.605 seconds
[2025-10-28T00:26:34.193+0000] {processor.py:157} INFO - Started process (PID=137) to work on /opt/airflow/dags/hiring_functions.py
[2025-10-28T00:26:34.194+0000] {processor.py:829} INFO - Processing file /opt/airflow/dags/hiring_functions.py for tasks to queue
[2025-10-28T00:26:34.195+0000] {logging_mixin.py:154} INFO - [2025-10-28T00:26:34.195+0000] {dagbag.py:536} INFO - Filling up the DagBag from /opt/airflow/dags/hiring_functions.py
[2025-10-28T00:26:34.662+0000] {processor.py:841} WARNING - No viable dags retrieved from /opt/airflow/dags/hiring_functions.py
[2025-10-28T00:26:34.667+0000] {processor.py:179} INFO - Processing /opt/airflow/dags/hiring_functions.py took 0.478 seconds
[2025-10-28T00:27:04.987+0000] {processor.py:157} INFO - Started process (PID=164) to work on /opt/airflow/dags/hiring_functions.py
[2025-10-28T00:27:04.988+0000] {processor.py:829} INFO - Processing file /opt/airflow/dags/hiring_functions.py for tasks to queue
[2025-10-28T00:27:04.989+0000] {logging_mixin.py:154} INFO - [2025-10-28T00:27:04.988+0000] {dagbag.py:536} INFO - Filling up the DagBag from /opt/airflow/dags/hiring_functions.py
[2025-10-28T00:27:05.451+0000] {processor.py:841} WARNING - No viable dags retrieved from /opt/airflow/dags/hiring_functions.py
[2025-10-28T00:27:05.455+0000] {processor.py:179} INFO - Processing /opt/airflow/dags/hiring_functions.py took 0.472 seconds
[2025-10-28T00:27:37.260+0000] {processor.py:157} INFO - Started process (PID=191) to work on /opt/airflow/dags/hiring_functions.py
[2025-10-28T00:27:37.261+0000] {processor.py:829} INFO - Processing file /opt/airflow/dags/hiring_functions.py for tasks to queue
[2025-10-28T00:27:37.262+0000] {logging_mixin.py:154} INFO - [2025-10-28T00:27:37.261+0000] {dagbag.py:536} INFO - Filling up the DagBag from /opt/airflow/dags/hiring_functions.py
[2025-10-28T00:27:37.715+0000] {processor.py:841} WARNING - No viable dags retrieved from /opt/airflow/dags/hiring_functions.py
[2025-10-28T00:27:37.718+0000] {processor.py:179} INFO - Processing /opt/airflow/dags/hiring_functions.py took 0.460 seconds
[2025-10-28T00:28:08.083+0000] {processor.py:157} INFO - Started process (PID=218) to work on /opt/airflow/dags/hiring_functions.py
[2025-10-28T00:28:08.085+0000] {processor.py:829} INFO - Processing file /opt/airflow/dags/hiring_functions.py for tasks to queue
[2025-10-28T00:28:08.086+0000] {logging_mixin.py:154} INFO - [2025-10-28T00:28:08.085+0000] {dagbag.py:536} INFO - Filling up the DagBag from /opt/airflow/dags/hiring_functions.py
[2025-10-28T00:28:08.728+0000] {processor.py:841} WARNING - No viable dags retrieved from /opt/airflow/dags/hiring_functions.py
[2025-10-28T00:28:08.732+0000] {processor.py:179} INFO - Processing /opt/airflow/dags/hiring_functions.py took 0.655 seconds
[2025-10-28T00:28:43.661+0000] {processor.py:157} INFO - Started process (PID=245) to work on /opt/airflow/dags/hiring_functions.py
[2025-10-28T00:28:43.664+0000] {processor.py:829} INFO - Processing file /opt/airflow/dags/hiring_functions.py for tasks to queue
[2025-10-28T00:28:43.666+0000] {logging_mixin.py:154} INFO - [2025-10-28T00:28:43.665+0000] {dagbag.py:536} INFO - Filling up the DagBag from /opt/airflow/dags/hiring_functions.py
[2025-10-28T00:28:44.219+0000] {processor.py:841} WARNING - No viable dags retrieved from /opt/airflow/dags/hiring_functions.py
[2025-10-28T00:28:44.227+0000] {processor.py:179} INFO - Processing /opt/airflow/dags/hiring_functions.py took 0.578 seconds
[2025-10-28T00:29:14.993+0000] {processor.py:157} INFO - Started process (PID=272) to work on /opt/airflow/dags/hiring_functions.py
[2025-10-28T00:29:14.995+0000] {processor.py:829} INFO - Processing file /opt/airflow/dags/hiring_functions.py for tasks to queue
[2025-10-28T00:29:14.996+0000] {logging_mixin.py:154} INFO - [2025-10-28T00:29:14.996+0000] {dagbag.py:536} INFO - Filling up the DagBag from /opt/airflow/dags/hiring_functions.py
[2025-10-28T00:29:15.510+0000] {processor.py:841} WARNING - No viable dags retrieved from /opt/airflow/dags/hiring_functions.py
[2025-10-28T00:29:15.517+0000] {processor.py:179} INFO - Processing /opt/airflow/dags/hiring_functions.py took 0.529 seconds
[2025-10-28T00:29:45.694+0000] {processor.py:157} INFO - Started process (PID=299) to work on /opt/airflow/dags/hiring_functions.py
[2025-10-28T00:29:45.695+0000] {processor.py:829} INFO - Processing file /opt/airflow/dags/hiring_functions.py for tasks to queue
[2025-10-28T00:29:45.696+0000] {logging_mixin.py:154} INFO - [2025-10-28T00:29:45.695+0000] {dagbag.py:536} INFO - Filling up the DagBag from /opt/airflow/dags/hiring_functions.py
[2025-10-28T00:29:46.166+0000] {processor.py:841} WARNING - No viable dags retrieved from /opt/airflow/dags/hiring_functions.py
[2025-10-28T00:29:46.169+0000] {processor.py:179} INFO - Processing /opt/airflow/dags/hiring_functions.py took 0.478 seconds
[2025-10-28T00:30:16.281+0000] {processor.py:157} INFO - Started process (PID=326) to work on /opt/airflow/dags/hiring_functions.py
[2025-10-28T00:30:16.283+0000] {processor.py:829} INFO - Processing file /opt/airflow/dags/hiring_functions.py for tasks to queue
[2025-10-28T00:30:16.284+0000] {logging_mixin.py:154} INFO - [2025-10-28T00:30:16.284+0000] {dagbag.py:536} INFO - Filling up the DagBag from /opt/airflow/dags/hiring_functions.py
[2025-10-28T00:30:16.764+0000] {processor.py:841} WARNING - No viable dags retrieved from /opt/airflow/dags/hiring_functions.py
[2025-10-28T00:30:16.767+0000] {processor.py:179} INFO - Processing /opt/airflow/dags/hiring_functions.py took 0.489 seconds
[2025-10-28T00:30:46.860+0000] {processor.py:157} INFO - Started process (PID=353) to work on /opt/airflow/dags/hiring_functions.py
[2025-10-28T00:30:46.861+0000] {processor.py:829} INFO - Processing file /opt/airflow/dags/hiring_functions.py for tasks to queue
[2025-10-28T00:30:46.862+0000] {logging_mixin.py:154} INFO - [2025-10-28T00:30:46.862+0000] {dagbag.py:536} INFO - Filling up the DagBag from /opt/airflow/dags/hiring_functions.py
[2025-10-28T00:30:47.374+0000] {processor.py:841} WARNING - No viable dags retrieved from /opt/airflow/dags/hiring_functions.py
[2025-10-28T00:30:47.377+0000] {processor.py:179} INFO - Processing /opt/airflow/dags/hiring_functions.py took 0.520 seconds
[2025-10-28T00:31:18.680+0000] {processor.py:157} INFO - Started process (PID=380) to work on /opt/airflow/dags/hiring_functions.py
[2025-10-28T00:31:18.681+0000] {processor.py:829} INFO - Processing file /opt/airflow/dags/hiring_functions.py for tasks to queue
[2025-10-28T00:31:18.682+0000] {logging_mixin.py:154} INFO - [2025-10-28T00:31:18.681+0000] {dagbag.py:536} INFO - Filling up the DagBag from /opt/airflow/dags/hiring_functions.py
[2025-10-28T00:31:19.138+0000] {processor.py:841} WARNING - No viable dags retrieved from /opt/airflow/dags/hiring_functions.py
[2025-10-28T00:31:19.141+0000] {processor.py:179} INFO - Processing /opt/airflow/dags/hiring_functions.py took 0.465 seconds
[2025-10-28T00:31:49.266+0000] {processor.py:157} INFO - Started process (PID=407) to work on /opt/airflow/dags/hiring_functions.py
[2025-10-28T00:31:49.267+0000] {processor.py:829} INFO - Processing file /opt/airflow/dags/hiring_functions.py for tasks to queue
[2025-10-28T00:31:49.269+0000] {logging_mixin.py:154} INFO - [2025-10-28T00:31:49.268+0000] {dagbag.py:536} INFO - Filling up the DagBag from /opt/airflow/dags/hiring_functions.py
[2025-10-28T00:31:49.737+0000] {processor.py:841} WARNING - No viable dags retrieved from /opt/airflow/dags/hiring_functions.py
[2025-10-28T00:31:49.740+0000] {processor.py:179} INFO - Processing /opt/airflow/dags/hiring_functions.py took 0.478 seconds
[2025-10-28T00:32:19.867+0000] {processor.py:157} INFO - Started process (PID=434) to work on /opt/airflow/dags/hiring_functions.py
[2025-10-28T00:32:19.868+0000] {processor.py:829} INFO - Processing file /opt/airflow/dags/hiring_functions.py for tasks to queue
[2025-10-28T00:32:19.870+0000] {logging_mixin.py:154} INFO - [2025-10-28T00:32:19.869+0000] {dagbag.py:536} INFO - Filling up the DagBag from /opt/airflow/dags/hiring_functions.py
[2025-10-28T00:32:20.322+0000] {processor.py:841} WARNING - No viable dags retrieved from /opt/airflow/dags/hiring_functions.py
[2025-10-28T00:32:20.325+0000] {processor.py:179} INFO - Processing /opt/airflow/dags/hiring_functions.py took 0.462 seconds
[2025-10-28T00:32:50.450+0000] {processor.py:157} INFO - Started process (PID=461) to work on /opt/airflow/dags/hiring_functions.py
[2025-10-28T00:32:50.452+0000] {processor.py:829} INFO - Processing file /opt/airflow/dags/hiring_functions.py for tasks to queue
[2025-10-28T00:32:50.453+0000] {logging_mixin.py:154} INFO - [2025-10-28T00:32:50.453+0000] {dagbag.py:536} INFO - Filling up the DagBag from /opt/airflow/dags/hiring_functions.py
[2025-10-28T00:32:50.907+0000] {processor.py:841} WARNING - No viable dags retrieved from /opt/airflow/dags/hiring_functions.py
[2025-10-28T00:32:50.910+0000] {processor.py:179} INFO - Processing /opt/airflow/dags/hiring_functions.py took 0.465 seconds
[2025-10-28T00:33:21.052+0000] {processor.py:157} INFO - Started process (PID=488) to work on /opt/airflow/dags/hiring_functions.py
[2025-10-28T00:33:21.053+0000] {processor.py:829} INFO - Processing file /opt/airflow/dags/hiring_functions.py for tasks to queue
[2025-10-28T00:33:21.054+0000] {logging_mixin.py:154} INFO - [2025-10-28T00:33:21.053+0000] {dagbag.py:536} INFO - Filling up the DagBag from /opt/airflow/dags/hiring_functions.py
[2025-10-28T00:33:21.533+0000] {processor.py:841} WARNING - No viable dags retrieved from /opt/airflow/dags/hiring_functions.py
[2025-10-28T00:33:21.536+0000] {processor.py:179} INFO - Processing /opt/airflow/dags/hiring_functions.py took 0.488 seconds
[2025-10-28T00:33:51.654+0000] {processor.py:157} INFO - Started process (PID=515) to work on /opt/airflow/dags/hiring_functions.py
[2025-10-28T00:33:51.656+0000] {processor.py:829} INFO - Processing file /opt/airflow/dags/hiring_functions.py for tasks to queue
[2025-10-28T00:33:51.661+0000] {logging_mixin.py:154} INFO - [2025-10-28T00:33:51.660+0000] {dagbag.py:536} INFO - Filling up the DagBag from /opt/airflow/dags/hiring_functions.py
[2025-10-28T00:33:52.117+0000] {processor.py:841} WARNING - No viable dags retrieved from /opt/airflow/dags/hiring_functions.py
[2025-10-28T00:33:52.120+0000] {processor.py:179} INFO - Processing /opt/airflow/dags/hiring_functions.py took 0.477 seconds
[2025-10-28T00:34:22.255+0000] {processor.py:157} INFO - Started process (PID=542) to work on /opt/airflow/dags/hiring_functions.py
[2025-10-28T00:34:22.256+0000] {processor.py:829} INFO - Processing file /opt/airflow/dags/hiring_functions.py for tasks to queue
[2025-10-28T00:34:22.257+0000] {logging_mixin.py:154} INFO - [2025-10-28T00:34:22.257+0000] {dagbag.py:536} INFO - Filling up the DagBag from /opt/airflow/dags/hiring_functions.py
[2025-10-28T00:34:22.722+0000] {processor.py:841} WARNING - No viable dags retrieved from /opt/airflow/dags/hiring_functions.py
[2025-10-28T00:34:22.725+0000] {processor.py:179} INFO - Processing /opt/airflow/dags/hiring_functions.py took 0.474 seconds
[2025-10-28T00:34:52.858+0000] {processor.py:157} INFO - Started process (PID=569) to work on /opt/airflow/dags/hiring_functions.py
[2025-10-28T00:34:52.860+0000] {processor.py:829} INFO - Processing file /opt/airflow/dags/hiring_functions.py for tasks to queue
[2025-10-28T00:34:52.861+0000] {logging_mixin.py:154} INFO - [2025-10-28T00:34:52.861+0000] {dagbag.py:536} INFO - Filling up the DagBag from /opt/airflow/dags/hiring_functions.py
[2025-10-28T00:34:53.357+0000] {processor.py:841} WARNING - No viable dags retrieved from /opt/airflow/dags/hiring_functions.py
[2025-10-28T00:34:53.360+0000] {processor.py:179} INFO - Processing /opt/airflow/dags/hiring_functions.py took 0.505 seconds
[2025-10-28T00:35:24.795+0000] {processor.py:157} INFO - Started process (PID=596) to work on /opt/airflow/dags/hiring_functions.py
[2025-10-28T00:35:24.796+0000] {processor.py:829} INFO - Processing file /opt/airflow/dags/hiring_functions.py for tasks to queue
[2025-10-28T00:35:24.797+0000] {logging_mixin.py:154} INFO - [2025-10-28T00:35:24.797+0000] {dagbag.py:536} INFO - Filling up the DagBag from /opt/airflow/dags/hiring_functions.py
[2025-10-28T00:35:25.240+0000] {processor.py:841} WARNING - No viable dags retrieved from /opt/airflow/dags/hiring_functions.py
[2025-10-28T00:35:25.242+0000] {processor.py:179} INFO - Processing /opt/airflow/dags/hiring_functions.py took 0.451 seconds
[2025-10-28T00:35:55.521+0000] {processor.py:157} INFO - Started process (PID=623) to work on /opt/airflow/dags/hiring_functions.py
[2025-10-28T00:35:55.522+0000] {processor.py:829} INFO - Processing file /opt/airflow/dags/hiring_functions.py for tasks to queue
[2025-10-28T00:35:55.523+0000] {logging_mixin.py:154} INFO - [2025-10-28T00:35:55.523+0000] {dagbag.py:536} INFO - Filling up the DagBag from /opt/airflow/dags/hiring_functions.py
[2025-10-28T00:35:55.963+0000] {processor.py:841} WARNING - No viable dags retrieved from /opt/airflow/dags/hiring_functions.py
[2025-10-28T00:35:55.966+0000] {processor.py:179} INFO - Processing /opt/airflow/dags/hiring_functions.py took 0.448 seconds
[2025-10-28T00:36:26.477+0000] {processor.py:157} INFO - Started process (PID=650) to work on /opt/airflow/dags/hiring_functions.py
[2025-10-28T00:36:26.479+0000] {processor.py:829} INFO - Processing file /opt/airflow/dags/hiring_functions.py for tasks to queue
[2025-10-28T00:36:26.480+0000] {logging_mixin.py:154} INFO - [2025-10-28T00:36:26.480+0000] {dagbag.py:536} INFO - Filling up the DagBag from /opt/airflow/dags/hiring_functions.py
[2025-10-28T00:36:26.943+0000] {processor.py:841} WARNING - No viable dags retrieved from /opt/airflow/dags/hiring_functions.py
[2025-10-28T00:36:26.945+0000] {processor.py:179} INFO - Processing /opt/airflow/dags/hiring_functions.py took 0.473 seconds
[2025-10-28T00:36:57.415+0000] {processor.py:157} INFO - Started process (PID=677) to work on /opt/airflow/dags/hiring_functions.py
[2025-10-28T00:36:57.416+0000] {processor.py:829} INFO - Processing file /opt/airflow/dags/hiring_functions.py for tasks to queue
[2025-10-28T00:36:57.416+0000] {logging_mixin.py:154} INFO - [2025-10-28T00:36:57.416+0000] {dagbag.py:536} INFO - Filling up the DagBag from /opt/airflow/dags/hiring_functions.py
[2025-10-28T00:36:57.856+0000] {processor.py:841} WARNING - No viable dags retrieved from /opt/airflow/dags/hiring_functions.py
[2025-10-28T00:36:57.859+0000] {processor.py:179} INFO - Processing /opt/airflow/dags/hiring_functions.py took 0.447 seconds
[2025-10-28T00:37:28.254+0000] {processor.py:157} INFO - Started process (PID=704) to work on /opt/airflow/dags/hiring_functions.py
[2025-10-28T00:37:28.255+0000] {processor.py:829} INFO - Processing file /opt/airflow/dags/hiring_functions.py for tasks to queue
[2025-10-28T00:37:28.256+0000] {logging_mixin.py:154} INFO - [2025-10-28T00:37:28.256+0000] {dagbag.py:536} INFO - Filling up the DagBag from /opt/airflow/dags/hiring_functions.py
[2025-10-28T00:37:28.704+0000] {processor.py:841} WARNING - No viable dags retrieved from /opt/airflow/dags/hiring_functions.py
[2025-10-28T00:37:28.706+0000] {processor.py:179} INFO - Processing /opt/airflow/dags/hiring_functions.py took 0.458 seconds
[2025-10-28T00:37:59.704+0000] {processor.py:157} INFO - Started process (PID=731) to work on /opt/airflow/dags/hiring_functions.py
[2025-10-28T00:37:59.705+0000] {processor.py:829} INFO - Processing file /opt/airflow/dags/hiring_functions.py for tasks to queue
[2025-10-28T00:37:59.707+0000] {logging_mixin.py:154} INFO - [2025-10-28T00:37:59.706+0000] {dagbag.py:536} INFO - Filling up the DagBag from /opt/airflow/dags/hiring_functions.py
[2025-10-28T00:38:00.326+0000] {processor.py:841} WARNING - No viable dags retrieved from /opt/airflow/dags/hiring_functions.py
[2025-10-28T00:38:00.330+0000] {processor.py:179} INFO - Processing /opt/airflow/dags/hiring_functions.py took 0.633 seconds
[2025-10-28T00:39:08.227+0000] {processor.py:157} INFO - Started process (PID=80) to work on /opt/airflow/dags/hiring_functions.py
[2025-10-28T00:39:08.230+0000] {processor.py:829} INFO - Processing file /opt/airflow/dags/hiring_functions.py for tasks to queue
[2025-10-28T00:39:08.232+0000] {logging_mixin.py:154} INFO - [2025-10-28T00:39:08.231+0000] {dagbag.py:536} INFO - Filling up the DagBag from /opt/airflow/dags/hiring_functions.py
[2025-10-28T00:39:09.312+0000] {processor.py:841} WARNING - No viable dags retrieved from /opt/airflow/dags/hiring_functions.py
[2025-10-28T00:39:09.321+0000] {processor.py:179} INFO - Processing /opt/airflow/dags/hiring_functions.py took 1.106 seconds
[2025-10-28T00:39:41.335+0000] {processor.py:157} INFO - Started process (PID=140) to work on /opt/airflow/dags/hiring_functions.py
[2025-10-28T00:39:41.336+0000] {processor.py:829} INFO - Processing file /opt/airflow/dags/hiring_functions.py for tasks to queue
[2025-10-28T00:39:41.337+0000] {logging_mixin.py:154} INFO - [2025-10-28T00:39:41.337+0000] {dagbag.py:536} INFO - Filling up the DagBag from /opt/airflow/dags/hiring_functions.py
[2025-10-28T00:39:41.845+0000] {processor.py:841} WARNING - No viable dags retrieved from /opt/airflow/dags/hiring_functions.py
[2025-10-28T00:39:41.848+0000] {processor.py:179} INFO - Processing /opt/airflow/dags/hiring_functions.py took 0.516 seconds
[2025-10-28T00:40:44.912+0000] {processor.py:157} INFO - Started process (PID=637) to work on /opt/airflow/dags/hiring_functions.py
[2025-10-28T00:40:44.914+0000] {processor.py:829} INFO - Processing file /opt/airflow/dags/hiring_functions.py for tasks to queue
[2025-10-28T00:40:44.915+0000] {logging_mixin.py:154} INFO - [2025-10-28T00:40:44.915+0000] {dagbag.py:536} INFO - Filling up the DagBag from /opt/airflow/dags/hiring_functions.py
[2025-10-28T00:40:45.467+0000] {processor.py:841} WARNING - No viable dags retrieved from /opt/airflow/dags/hiring_functions.py
[2025-10-28T00:40:45.472+0000] {processor.py:179} INFO - Processing /opt/airflow/dags/hiring_functions.py took 0.565 seconds
[2025-10-28T00:43:43.531+0000] {processor.py:157} INFO - Started process (PID=1848) to work on /opt/airflow/dags/hiring_functions.py
[2025-10-28T00:43:43.534+0000] {processor.py:829} INFO - Processing file /opt/airflow/dags/hiring_functions.py for tasks to queue
[2025-10-28T00:43:43.535+0000] {logging_mixin.py:154} INFO - [2025-10-28T00:43:43.535+0000] {dagbag.py:536} INFO - Filling up the DagBag from /opt/airflow/dags/hiring_functions.py
[2025-10-28T00:43:44.253+0000] {processor.py:841} WARNING - No viable dags retrieved from /opt/airflow/dags/hiring_functions.py
[2025-10-28T00:43:44.257+0000] {processor.py:179} INFO - Processing /opt/airflow/dags/hiring_functions.py took 0.737 seconds
[2025-10-28T00:45:12.434+0000] {processor.py:157} INFO - Started process (PID=2411) to work on /opt/airflow/dags/hiring_functions.py
[2025-10-28T00:45:12.435+0000] {processor.py:829} INFO - Processing file /opt/airflow/dags/hiring_functions.py for tasks to queue
[2025-10-28T00:45:12.436+0000] {logging_mixin.py:154} INFO - [2025-10-28T00:45:12.436+0000] {dagbag.py:536} INFO - Filling up the DagBag from /opt/airflow/dags/hiring_functions.py
[2025-10-28T00:45:13.036+0000] {processor.py:841} WARNING - No viable dags retrieved from /opt/airflow/dags/hiring_functions.py
[2025-10-28T00:45:13.039+0000] {processor.py:179} INFO - Processing /opt/airflow/dags/hiring_functions.py took 0.609 seconds
[2025-10-28T00:46:32.626+0000] {processor.py:157} INFO - Started process (PID=2916) to work on /opt/airflow/dags/hiring_functions.py
[2025-10-28T00:46:32.627+0000] {processor.py:829} INFO - Processing file /opt/airflow/dags/hiring_functions.py for tasks to queue
[2025-10-28T00:46:32.628+0000] {logging_mixin.py:154} INFO - [2025-10-28T00:46:32.627+0000] {dagbag.py:536} INFO - Filling up the DagBag from /opt/airflow/dags/hiring_functions.py
[2025-10-28T00:46:33.151+0000] {processor.py:841} WARNING - No viable dags retrieved from /opt/airflow/dags/hiring_functions.py
[2025-10-28T00:46:33.154+0000] {processor.py:179} INFO - Processing /opt/airflow/dags/hiring_functions.py took 0.531 seconds
[2025-10-28T00:47:04.202+0000] {processor.py:157} INFO - Started process (PID=3064) to work on /opt/airflow/dags/hiring_functions.py
[2025-10-28T00:47:04.204+0000] {processor.py:829} INFO - Processing file /opt/airflow/dags/hiring_functions.py for tasks to queue
[2025-10-28T00:47:04.206+0000] {logging_mixin.py:154} INFO - [2025-10-28T00:47:04.205+0000] {dagbag.py:536} INFO - Filling up the DagBag from /opt/airflow/dags/hiring_functions.py
[2025-10-28T00:47:04.807+0000] {processor.py:841} WARNING - No viable dags retrieved from /opt/airflow/dags/hiring_functions.py
[2025-10-28T00:47:04.810+0000] {processor.py:179} INFO - Processing /opt/airflow/dags/hiring_functions.py took 0.617 seconds
[2025-10-28T00:47:35.648+0000] {processor.py:157} INFO - Started process (PID=3091) to work on /opt/airflow/dags/hiring_functions.py
[2025-10-28T00:47:35.653+0000] {processor.py:829} INFO - Processing file /opt/airflow/dags/hiring_functions.py for tasks to queue
[2025-10-28T00:47:35.655+0000] {logging_mixin.py:154} INFO - [2025-10-28T00:47:35.654+0000] {dagbag.py:536} INFO - Filling up the DagBag from /opt/airflow/dags/hiring_functions.py
[2025-10-28T00:47:36.369+0000] {processor.py:841} WARNING - No viable dags retrieved from /opt/airflow/dags/hiring_functions.py
[2025-10-28T00:47:36.376+0000] {processor.py:179} INFO - Processing /opt/airflow/dags/hiring_functions.py took 0.737 seconds
[2025-10-28T00:48:07.517+0000] {processor.py:157} INFO - Started process (PID=3213) to work on /opt/airflow/dags/hiring_functions.py
[2025-10-28T00:48:07.521+0000] {processor.py:829} INFO - Processing file /opt/airflow/dags/hiring_functions.py for tasks to queue
[2025-10-28T00:48:07.522+0000] {logging_mixin.py:154} INFO - [2025-10-28T00:48:07.522+0000] {dagbag.py:536} INFO - Filling up the DagBag from /opt/airflow/dags/hiring_functions.py
[2025-10-28T00:48:08.426+0000] {processor.py:841} WARNING - No viable dags retrieved from /opt/airflow/dags/hiring_functions.py
[2025-10-28T00:48:08.430+0000] {processor.py:179} INFO - Processing /opt/airflow/dags/hiring_functions.py took 0.923 seconds
[2025-10-28T00:48:38.606+0000] {processor.py:157} INFO - Started process (PID=3240) to work on /opt/airflow/dags/hiring_functions.py
[2025-10-28T00:48:38.608+0000] {processor.py:829} INFO - Processing file /opt/airflow/dags/hiring_functions.py for tasks to queue
[2025-10-28T00:48:38.610+0000] {logging_mixin.py:154} INFO - [2025-10-28T00:48:38.609+0000] {dagbag.py:536} INFO - Filling up the DagBag from /opt/airflow/dags/hiring_functions.py
[2025-10-28T00:48:39.288+0000] {processor.py:841} WARNING - No viable dags retrieved from /opt/airflow/dags/hiring_functions.py
[2025-10-28T00:48:39.292+0000] {processor.py:179} INFO - Processing /opt/airflow/dags/hiring_functions.py took 0.694 seconds
[2025-10-28T00:49:09.474+0000] {processor.py:157} INFO - Started process (PID=3267) to work on /opt/airflow/dags/hiring_functions.py
[2025-10-28T00:49:09.477+0000] {processor.py:829} INFO - Processing file /opt/airflow/dags/hiring_functions.py for tasks to queue
[2025-10-28T00:49:09.478+0000] {logging_mixin.py:154} INFO - [2025-10-28T00:49:09.477+0000] {dagbag.py:536} INFO - Filling up the DagBag from /opt/airflow/dags/hiring_functions.py
[2025-10-28T00:49:10.402+0000] {processor.py:841} WARNING - No viable dags retrieved from /opt/airflow/dags/hiring_functions.py
[2025-10-28T00:49:10.410+0000] {processor.py:179} INFO - Processing /opt/airflow/dags/hiring_functions.py took 0.945 seconds
[2025-10-28T00:49:40.654+0000] {processor.py:157} INFO - Started process (PID=3294) to work on /opt/airflow/dags/hiring_functions.py
[2025-10-28T00:49:40.657+0000] {processor.py:829} INFO - Processing file /opt/airflow/dags/hiring_functions.py for tasks to queue
[2025-10-28T00:49:40.660+0000] {logging_mixin.py:154} INFO - [2025-10-28T00:49:40.658+0000] {dagbag.py:536} INFO - Filling up the DagBag from /opt/airflow/dags/hiring_functions.py
[2025-10-28T00:49:41.387+0000] {processor.py:841} WARNING - No viable dags retrieved from /opt/airflow/dags/hiring_functions.py
[2025-10-28T00:49:41.391+0000] {processor.py:179} INFO - Processing /opt/airflow/dags/hiring_functions.py took 0.743 seconds
[2025-10-28T00:49:55.910+0000] {processor.py:157} INFO - Started process (PID=3303) to work on /opt/airflow/dags/hiring_functions.py
[2025-10-28T00:49:55.911+0000] {processor.py:829} INFO - Processing file /opt/airflow/dags/hiring_functions.py for tasks to queue
[2025-10-28T00:49:55.913+0000] {logging_mixin.py:154} INFO - [2025-10-28T00:49:55.912+0000] {dagbag.py:536} INFO - Filling up the DagBag from /opt/airflow/dags/hiring_functions.py
[2025-10-28T00:49:56.671+0000] {processor.py:841} WARNING - No viable dags retrieved from /opt/airflow/dags/hiring_functions.py
[2025-10-28T00:49:56.675+0000] {processor.py:179} INFO - Processing /opt/airflow/dags/hiring_functions.py took 0.770 seconds
[2025-10-28T00:50:01.037+0000] {processor.py:157} INFO - Started process (PID=3312) to work on /opt/airflow/dags/hiring_functions.py
[2025-10-28T00:50:01.039+0000] {processor.py:829} INFO - Processing file /opt/airflow/dags/hiring_functions.py for tasks to queue
[2025-10-28T00:50:01.040+0000] {logging_mixin.py:154} INFO - [2025-10-28T00:50:01.040+0000] {dagbag.py:536} INFO - Filling up the DagBag from /opt/airflow/dags/hiring_functions.py
[2025-10-28T00:50:01.042+0000] {logging_mixin.py:154} INFO - [2025-10-28T00:50:01.042+0000] {dagbag.py:323} INFO - File /opt/airflow/dags/hiring_functions.py assumed to contain no DAGs. Skipping.
[2025-10-28T00:50:01.043+0000] {processor.py:841} WARNING - No viable dags retrieved from /opt/airflow/dags/hiring_functions.py
[2025-10-28T00:50:01.057+0000] {processor.py:179} INFO - Processing /opt/airflow/dags/hiring_functions.py took 0.030 seconds
[2025-10-28T00:50:32.083+0000] {processor.py:157} INFO - Started process (PID=3331) to work on /opt/airflow/dags/hiring_functions.py
[2025-10-28T00:50:32.086+0000] {processor.py:829} INFO - Processing file /opt/airflow/dags/hiring_functions.py for tasks to queue
[2025-10-28T00:50:32.087+0000] {logging_mixin.py:154} INFO - [2025-10-28T00:50:32.086+0000] {dagbag.py:536} INFO - Filling up the DagBag from /opt/airflow/dags/hiring_functions.py
[2025-10-28T00:50:32.089+0000] {logging_mixin.py:154} INFO - [2025-10-28T00:50:32.089+0000] {dagbag.py:323} INFO - File /opt/airflow/dags/hiring_functions.py assumed to contain no DAGs. Skipping.
[2025-10-28T00:50:32.090+0000] {processor.py:841} WARNING - No viable dags retrieved from /opt/airflow/dags/hiring_functions.py
[2025-10-28T00:50:32.104+0000] {processor.py:179} INFO - Processing /opt/airflow/dags/hiring_functions.py took 0.030 seconds
[2025-10-28T00:51:02.204+0000] {processor.py:157} INFO - Started process (PID=3350) to work on /opt/airflow/dags/hiring_functions.py
[2025-10-28T00:51:02.206+0000] {processor.py:829} INFO - Processing file /opt/airflow/dags/hiring_functions.py for tasks to queue
[2025-10-28T00:51:02.207+0000] {logging_mixin.py:154} INFO - [2025-10-28T00:51:02.207+0000] {dagbag.py:536} INFO - Filling up the DagBag from /opt/airflow/dags/hiring_functions.py
[2025-10-28T00:51:02.209+0000] {logging_mixin.py:154} INFO - [2025-10-28T00:51:02.209+0000] {dagbag.py:323} INFO - File /opt/airflow/dags/hiring_functions.py assumed to contain no DAGs. Skipping.
[2025-10-28T00:51:02.210+0000] {processor.py:841} WARNING - No viable dags retrieved from /opt/airflow/dags/hiring_functions.py
[2025-10-28T00:51:02.226+0000] {processor.py:179} INFO - Processing /opt/airflow/dags/hiring_functions.py took 0.029 seconds
[2025-10-28T00:51:22.184+0000] {processor.py:157} INFO - Started process (PID=3369) to work on /opt/airflow/dags/hiring_functions.py
[2025-10-28T00:51:22.186+0000] {processor.py:829} INFO - Processing file /opt/airflow/dags/hiring_functions.py for tasks to queue
[2025-10-28T00:51:22.188+0000] {logging_mixin.py:154} INFO - [2025-10-28T00:51:22.187+0000] {dagbag.py:536} INFO - Filling up the DagBag from /opt/airflow/dags/hiring_functions.py
[2025-10-28T00:51:22.189+0000] {logging_mixin.py:154} INFO - [2025-10-28T00:51:22.189+0000] {dagbag.py:323} INFO - File /opt/airflow/dags/hiring_functions.py assumed to contain no DAGs. Skipping.
[2025-10-28T00:51:22.189+0000] {processor.py:841} WARNING - No viable dags retrieved from /opt/airflow/dags/hiring_functions.py
[2025-10-28T00:51:22.201+0000] {processor.py:179} INFO - Processing /opt/airflow/dags/hiring_functions.py took 0.025 seconds
[2025-10-28T00:51:23.352+0000] {processor.py:157} INFO - Started process (PID=3370) to work on /opt/airflow/dags/hiring_functions.py
[2025-10-28T00:51:23.354+0000] {processor.py:829} INFO - Processing file /opt/airflow/dags/hiring_functions.py for tasks to queue
[2025-10-28T00:51:23.354+0000] {logging_mixin.py:154} INFO - [2025-10-28T00:51:23.354+0000] {dagbag.py:536} INFO - Filling up the DagBag from /opt/airflow/dags/hiring_functions.py
[2025-10-28T00:51:23.356+0000] {logging_mixin.py:154} INFO - [2025-10-28T00:51:23.356+0000] {dagbag.py:323} INFO - File /opt/airflow/dags/hiring_functions.py assumed to contain no DAGs. Skipping.
[2025-10-28T00:51:23.357+0000] {processor.py:841} WARNING - No viable dags retrieved from /opt/airflow/dags/hiring_functions.py
[2025-10-28T00:51:23.366+0000] {processor.py:179} INFO - Processing /opt/airflow/dags/hiring_functions.py took 0.017 seconds
[2025-10-28T00:51:28.142+0000] {processor.py:157} INFO - Started process (PID=3371) to work on /opt/airflow/dags/hiring_functions.py
[2025-10-28T00:51:28.145+0000] {processor.py:829} INFO - Processing file /opt/airflow/dags/hiring_functions.py for tasks to queue
[2025-10-28T00:51:28.148+0000] {logging_mixin.py:154} INFO - [2025-10-28T00:51:28.147+0000] {dagbag.py:536} INFO - Filling up the DagBag from /opt/airflow/dags/hiring_functions.py
[2025-10-28T00:51:28.151+0000] {logging_mixin.py:154} INFO - [2025-10-28T00:51:28.151+0000] {dagbag.py:323} INFO - File /opt/airflow/dags/hiring_functions.py assumed to contain no DAGs. Skipping.
[2025-10-28T00:51:28.151+0000] {processor.py:841} WARNING - No viable dags retrieved from /opt/airflow/dags/hiring_functions.py
[2025-10-28T00:51:28.168+0000] {processor.py:179} INFO - Processing /opt/airflow/dags/hiring_functions.py took 0.038 seconds
[2025-10-28T00:51:29.789+0000] {processor.py:157} INFO - Started process (PID=3372) to work on /opt/airflow/dags/hiring_functions.py
[2025-10-28T00:51:29.790+0000] {processor.py:829} INFO - Processing file /opt/airflow/dags/hiring_functions.py for tasks to queue
[2025-10-28T00:51:29.791+0000] {logging_mixin.py:154} INFO - [2025-10-28T00:51:29.791+0000] {dagbag.py:536} INFO - Filling up the DagBag from /opt/airflow/dags/hiring_functions.py
[2025-10-28T00:51:29.793+0000] {logging_mixin.py:154} INFO - [2025-10-28T00:51:29.793+0000] {dagbag.py:323} INFO - File /opt/airflow/dags/hiring_functions.py assumed to contain no DAGs. Skipping.
[2025-10-28T00:51:29.794+0000] {processor.py:841} WARNING - No viable dags retrieved from /opt/airflow/dags/hiring_functions.py
[2025-10-28T00:51:29.805+0000] {processor.py:179} INFO - Processing /opt/airflow/dags/hiring_functions.py took 0.020 seconds
[2025-10-28T00:51:40.534+0000] {processor.py:157} INFO - Started process (PID=3391) to work on /opt/airflow/dags/hiring_functions.py
[2025-10-28T00:51:40.537+0000] {processor.py:829} INFO - Processing file /opt/airflow/dags/hiring_functions.py for tasks to queue
[2025-10-28T00:51:40.539+0000] {logging_mixin.py:154} INFO - [2025-10-28T00:51:40.538+0000] {dagbag.py:536} INFO - Filling up the DagBag from /opt/airflow/dags/hiring_functions.py
[2025-10-28T00:51:40.541+0000] {logging_mixin.py:154} INFO - [2025-10-28T00:51:40.541+0000] {dagbag.py:323} INFO - File /opt/airflow/dags/hiring_functions.py assumed to contain no DAGs. Skipping.
[2025-10-28T00:51:40.542+0000] {processor.py:841} WARNING - No viable dags retrieved from /opt/airflow/dags/hiring_functions.py
[2025-10-28T00:51:40.562+0000] {processor.py:179} INFO - Processing /opt/airflow/dags/hiring_functions.py took 0.038 seconds
[2025-10-28T00:51:42.140+0000] {processor.py:157} INFO - Started process (PID=3392) to work on /opt/airflow/dags/hiring_functions.py
[2025-10-28T00:51:42.147+0000] {processor.py:829} INFO - Processing file /opt/airflow/dags/hiring_functions.py for tasks to queue
[2025-10-28T00:51:42.149+0000] {logging_mixin.py:154} INFO - [2025-10-28T00:51:42.148+0000] {dagbag.py:536} INFO - Filling up the DagBag from /opt/airflow/dags/hiring_functions.py
[2025-10-28T00:51:42.151+0000] {logging_mixin.py:154} INFO - [2025-10-28T00:51:42.151+0000] {dagbag.py:323} INFO - File /opt/airflow/dags/hiring_functions.py assumed to contain no DAGs. Skipping.
[2025-10-28T00:51:42.152+0000] {processor.py:841} WARNING - No viable dags retrieved from /opt/airflow/dags/hiring_functions.py
[2025-10-28T00:51:42.163+0000] {processor.py:179} INFO - Processing /opt/airflow/dags/hiring_functions.py took 0.029 seconds
[2025-10-28T00:51:46.170+0000] {processor.py:157} INFO - Started process (PID=3393) to work on /opt/airflow/dags/hiring_functions.py
[2025-10-28T00:51:46.171+0000] {processor.py:829} INFO - Processing file /opt/airflow/dags/hiring_functions.py for tasks to queue
[2025-10-28T00:51:46.172+0000] {logging_mixin.py:154} INFO - [2025-10-28T00:51:46.172+0000] {dagbag.py:536} INFO - Filling up the DagBag from /opt/airflow/dags/hiring_functions.py
[2025-10-28T00:51:46.173+0000] {logging_mixin.py:154} INFO - [2025-10-28T00:51:46.173+0000] {dagbag.py:323} INFO - File /opt/airflow/dags/hiring_functions.py assumed to contain no DAGs. Skipping.
[2025-10-28T00:51:46.173+0000] {processor.py:841} WARNING - No viable dags retrieved from /opt/airflow/dags/hiring_functions.py
[2025-10-28T00:51:46.180+0000] {processor.py:179} INFO - Processing /opt/airflow/dags/hiring_functions.py took 0.013 seconds
[2025-10-28T00:52:16.902+0000] {processor.py:157} INFO - Started process (PID=3412) to work on /opt/airflow/dags/hiring_functions.py
[2025-10-28T00:52:16.905+0000] {processor.py:829} INFO - Processing file /opt/airflow/dags/hiring_functions.py for tasks to queue
[2025-10-28T00:52:16.907+0000] {logging_mixin.py:154} INFO - [2025-10-28T00:52:16.907+0000] {dagbag.py:536} INFO - Filling up the DagBag from /opt/airflow/dags/hiring_functions.py
[2025-10-28T00:52:16.912+0000] {logging_mixin.py:154} INFO - [2025-10-28T00:52:16.911+0000] {dagbag.py:323} INFO - File /opt/airflow/dags/hiring_functions.py assumed to contain no DAGs. Skipping.
[2025-10-28T00:52:16.913+0000] {processor.py:841} WARNING - No viable dags retrieved from /opt/airflow/dags/hiring_functions.py
[2025-10-28T00:52:16.940+0000] {processor.py:179} INFO - Processing /opt/airflow/dags/hiring_functions.py took 0.053 seconds
[2025-10-28T00:52:47.321+0000] {processor.py:157} INFO - Started process (PID=3431) to work on /opt/airflow/dags/hiring_functions.py
[2025-10-28T00:52:47.324+0000] {processor.py:829} INFO - Processing file /opt/airflow/dags/hiring_functions.py for tasks to queue
[2025-10-28T00:52:47.327+0000] {logging_mixin.py:154} INFO - [2025-10-28T00:52:47.325+0000] {dagbag.py:536} INFO - Filling up the DagBag from /opt/airflow/dags/hiring_functions.py
[2025-10-28T00:52:47.329+0000] {logging_mixin.py:154} INFO - [2025-10-28T00:52:47.329+0000] {dagbag.py:323} INFO - File /opt/airflow/dags/hiring_functions.py assumed to contain no DAGs. Skipping.
[2025-10-28T00:52:47.329+0000] {processor.py:841} WARNING - No viable dags retrieved from /opt/airflow/dags/hiring_functions.py
[2025-10-28T00:52:47.340+0000] {processor.py:179} INFO - Processing /opt/airflow/dags/hiring_functions.py took 0.031 seconds
[2025-10-28T00:53:17.594+0000] {processor.py:157} INFO - Started process (PID=3450) to work on /opt/airflow/dags/hiring_functions.py
[2025-10-28T00:53:17.596+0000] {processor.py:829} INFO - Processing file /opt/airflow/dags/hiring_functions.py for tasks to queue
[2025-10-28T00:53:17.598+0000] {logging_mixin.py:154} INFO - [2025-10-28T00:53:17.597+0000] {dagbag.py:536} INFO - Filling up the DagBag from /opt/airflow/dags/hiring_functions.py
[2025-10-28T00:53:17.600+0000] {logging_mixin.py:154} INFO - [2025-10-28T00:53:17.600+0000] {dagbag.py:323} INFO - File /opt/airflow/dags/hiring_functions.py assumed to contain no DAGs. Skipping.
[2025-10-28T00:53:17.601+0000] {processor.py:841} WARNING - No viable dags retrieved from /opt/airflow/dags/hiring_functions.py
[2025-10-28T00:53:17.619+0000] {processor.py:179} INFO - Processing /opt/airflow/dags/hiring_functions.py took 0.033 seconds
[2025-10-28T00:53:48.783+0000] {processor.py:157} INFO - Started process (PID=3469) to work on /opt/airflow/dags/hiring_functions.py
[2025-10-28T00:53:48.786+0000] {processor.py:829} INFO - Processing file /opt/airflow/dags/hiring_functions.py for tasks to queue
[2025-10-28T00:53:48.788+0000] {logging_mixin.py:154} INFO - [2025-10-28T00:53:48.787+0000] {dagbag.py:536} INFO - Filling up the DagBag from /opt/airflow/dags/hiring_functions.py
[2025-10-28T00:53:48.790+0000] {logging_mixin.py:154} INFO - [2025-10-28T00:53:48.790+0000] {dagbag.py:323} INFO - File /opt/airflow/dags/hiring_functions.py assumed to contain no DAGs. Skipping.
[2025-10-28T00:53:48.790+0000] {processor.py:841} WARNING - No viable dags retrieved from /opt/airflow/dags/hiring_functions.py
[2025-10-28T00:53:48.807+0000] {processor.py:179} INFO - Processing /opt/airflow/dags/hiring_functions.py took 0.033 seconds
