[2025-10-28T00:46:09.299+0000] {taskinstance.py:1159} INFO - Dependencies all met for dep_context=non-requeueable deps ti=<TaskInstance: hiring_dynamic.evaluate_models scheduled__2025-06-05T15:00:00+00:00 [queued]>
[2025-10-28T00:46:09.302+0000] {taskinstance.py:1159} INFO - Dependencies all met for dep_context=requeueable deps ti=<TaskInstance: hiring_dynamic.evaluate_models scheduled__2025-06-05T15:00:00+00:00 [queued]>
[2025-10-28T00:46:09.302+0000] {taskinstance.py:1361} INFO - Starting attempt 1 of 1
[2025-10-28T00:46:09.308+0000] {taskinstance.py:1382} INFO - Executing <Task(PythonOperator): evaluate_models> on 2025-06-05 15:00:00+00:00
[2025-10-28T00:46:09.313+0000] {standard_task_runner.py:57} INFO - Started process 2737 to run task
[2025-10-28T00:46:09.316+0000] {standard_task_runner.py:84} INFO - Running: ['airflow', 'tasks', 'run', 'hiring_dynamic', 'evaluate_models', 'scheduled__2025-06-05T15:00:00+00:00', '--job-id', '119', '--raw', '--subdir', 'DAGS_FOLDER/dag_dynamic.py', '--cfg-path', '/tmp/tmpd9thei15']
[2025-10-28T00:46:09.317+0000] {standard_task_runner.py:85} INFO - Job 119: Subtask evaluate_models
[2025-10-28T00:46:09.336+0000] {task_command.py:416} INFO - Running <TaskInstance: hiring_dynamic.evaluate_models scheduled__2025-06-05T15:00:00+00:00 [running]> on host d1f69dfe6243
[2025-10-28T00:46:09.371+0000] {taskinstance.py:1662} INFO - Exporting env vars: AIRFLOW_CTX_DAG_OWNER='airflow' AIRFLOW_CTX_DAG_ID='hiring_dynamic' AIRFLOW_CTX_TASK_ID='evaluate_models' AIRFLOW_CTX_EXECUTION_DATE='2025-06-05T15:00:00+00:00' AIRFLOW_CTX_TRY_NUMBER='1' AIRFLOW_CTX_DAG_RUN_ID='scheduled__2025-06-05T15:00:00+00:00'
[2025-10-28T00:46:09.379+0000] {logging_mixin.py:154} INFO - Evaluando 3 modelos en experimento 'dynamic'...
[2025-10-28T00:46:09.387+0000] {logging_mixin.py:154} INFO -   logistic_regression: Accuracy = 0.8700
[2025-10-28T00:46:09.395+0000] {logging_mixin.py:154} INFO -   gradient_boosting: Accuracy = 0.9300
[2025-10-28T00:46:09.507+0000] {logging_mixin.py:154} INFO -   random_forest: Accuracy = 0.9467
[2025-10-28T00:46:09.507+0000] {logging_mixin.py:154} INFO - 
✅ Mejor modelo (dynamic): random_forest
[2025-10-28T00:46:09.508+0000] {logging_mixin.py:154} INFO -    Accuracy: 0.9467
[2025-10-28T00:46:09.782+0000] {logging_mixin.py:154} INFO -    Guardado en: /opt/airflow/data/dynamic/2025-06-05/models/best_model.joblib
[2025-10-28T00:46:09.792+0000] {python.py:194} INFO - Done. Returned value was: None
[2025-10-28T00:46:09.794+0000] {taskinstance.py:1400} INFO - Marking task as SUCCESS. dag_id=hiring_dynamic, task_id=evaluate_models, execution_date=20250605T150000, start_date=20251028T004609, end_date=20251028T004609
[2025-10-28T00:46:09.828+0000] {local_task_job_runner.py:228} INFO - Task exited with return code 0
[2025-10-28T00:46:09.837+0000] {taskinstance.py:2778} INFO - 0 downstream tasks scheduled from follow-on schedule check
[2025-10-28T01:33:00.314+0000] {taskinstance.py:1159} INFO - Dependencies all met for dep_context=non-requeueable deps ti=<TaskInstance: hiring_dynamic.evaluate_models scheduled__2025-06-05T15:00:00+00:00 [queued]>
[2025-10-28T01:33:00.319+0000] {taskinstance.py:1159} INFO - Dependencies all met for dep_context=requeueable deps ti=<TaskInstance: hiring_dynamic.evaluate_models scheduled__2025-06-05T15:00:00+00:00 [queued]>
[2025-10-28T01:33:00.319+0000] {taskinstance.py:1361} INFO - Starting attempt 1 of 1
[2025-10-28T01:33:00.330+0000] {taskinstance.py:1382} INFO - Executing <Task(PythonOperator): evaluate_models> on 2025-06-05 15:00:00+00:00
[2025-10-28T01:33:00.348+0000] {standard_task_runner.py:57} INFO - Started process 2781 to run task
[2025-10-28T01:33:00.353+0000] {standard_task_runner.py:84} INFO - Running: ['airflow', 'tasks', 'run', 'hiring_dynamic', 'evaluate_models', 'scheduled__2025-06-05T15:00:00+00:00', '--job-id', '110', '--raw', '--subdir', 'DAGS_FOLDER/dag_dynamic.py', '--cfg-path', '/tmp/tmpm9wyku5h']
[2025-10-28T01:33:00.357+0000] {standard_task_runner.py:85} INFO - Job 110: Subtask evaluate_models
[2025-10-28T01:33:00.387+0000] {task_command.py:416} INFO - Running <TaskInstance: hiring_dynamic.evaluate_models scheduled__2025-06-05T15:00:00+00:00 [running]> on host c46dbfd34b1f
[2025-10-28T01:33:00.425+0000] {taskinstance.py:1662} INFO - Exporting env vars: AIRFLOW_CTX_DAG_OWNER='airflow' AIRFLOW_CTX_DAG_ID='hiring_dynamic' AIRFLOW_CTX_TASK_ID='evaluate_models' AIRFLOW_CTX_EXECUTION_DATE='2025-06-05T15:00:00+00:00' AIRFLOW_CTX_TRY_NUMBER='1' AIRFLOW_CTX_DAG_RUN_ID='scheduled__2025-06-05T15:00:00+00:00'
[2025-10-28T01:33:00.434+0000] {logging_mixin.py:154} INFO - Evaluando 3 modelos en experimento 'dynamic'...
[2025-10-28T01:33:00.442+0000] {logging_mixin.py:154} INFO -   logistic_regression: Accuracy = 0.8700
[2025-10-28T01:33:00.463+0000] {logging_mixin.py:154} INFO -   gradient_boosting: Accuracy = 0.9300
[2025-10-28T01:33:00.615+0000] {logging_mixin.py:154} INFO -   random_forest: Accuracy = 0.9467
[2025-10-28T01:33:00.616+0000] {logging_mixin.py:154} INFO - 
✅ Mejor modelo (dynamic): random_forest
[2025-10-28T01:33:00.617+0000] {logging_mixin.py:154} INFO -    Accuracy: 0.9467
[2025-10-28T01:33:01.478+0000] {logging_mixin.py:154} INFO -    Guardado en: /opt/airflow/data/dynamic/2025-06-05/models/best_model.joblib
[2025-10-28T01:33:01.497+0000] {python.py:194} INFO - Done. Returned value was: None
[2025-10-28T01:33:01.500+0000] {taskinstance.py:1400} INFO - Marking task as SUCCESS. dag_id=hiring_dynamic, task_id=evaluate_models, execution_date=20250605T150000, start_date=20251028T013300, end_date=20251028T013301
[2025-10-28T01:33:01.548+0000] {local_task_job_runner.py:228} INFO - Task exited with return code 0
[2025-10-28T01:33:01.572+0000] {taskinstance.py:2778} INFO - 0 downstream tasks scheduled from follow-on schedule check
