[2025-10-28T22:12:11.753+0000] {taskinstance.py:1159} INFO - Dependencies all met for dep_context=non-requeueable deps ti=<TaskInstance: sodai_drinks_production_pipeline.preprocess_data manual__2025-10-28T21:26:07.421553+00:00 [queued]>
[2025-10-28T22:12:11.762+0000] {taskinstance.py:1159} INFO - Dependencies all met for dep_context=requeueable deps ti=<TaskInstance: sodai_drinks_production_pipeline.preprocess_data manual__2025-10-28T21:26:07.421553+00:00 [queued]>
[2025-10-28T22:12:11.763+0000] {taskinstance.py:1361} INFO - Starting attempt 4 of 4
[2025-10-28T22:12:11.778+0000] {taskinstance.py:1382} INFO - Executing <Task(PythonOperator): preprocess_data> on 2025-10-28 21:26:07.421553+00:00
[2025-10-28T22:12:11.801+0000] {standard_task_runner.py:57} INFO - Started process 1625 to run task
[2025-10-28T22:12:11.813+0000] {standard_task_runner.py:84} INFO - Running: ['***', 'tasks', 'run', 'sodai_drinks_production_pipeline', 'preprocess_data', 'manual__2025-10-28T21:26:07.421553+00:00', '--job-id', '34', '--raw', '--subdir', 'DAGS_FOLDER/pipeline_productivo.py', '--cfg-path', '/tmp/tmpgc6ohy6b']
[2025-10-28T22:12:11.828+0000] {standard_task_runner.py:85} INFO - Job 34: Subtask preprocess_data
[2025-10-28T22:12:11.938+0000] {task_command.py:416} INFO - Running <TaskInstance: sodai_drinks_production_pipeline.preprocess_data manual__2025-10-28T21:26:07.421553+00:00 [running]> on host ee70ee0df05e
[2025-10-28T22:12:12.064+0000] {taskinstance.py:1662} INFO - Exporting env vars: AIRFLOW_CTX_DAG_EMAIL='team@sodaidrinks.com' AIRFLOW_CTX_DAG_OWNER='sodai_drinks_team' AIRFLOW_CTX_DAG_ID='sodai_drinks_production_pipeline' AIRFLOW_CTX_TASK_ID='preprocess_data' AIRFLOW_CTX_EXECUTION_DATE='2025-10-28T21:26:07.421553+00:00' AIRFLOW_CTX_TRY_NUMBER='4' AIRFLOW_CTX_DAG_RUN_ID='manual__2025-10-28T21:26:07.421553+00:00'
[2025-10-28T22:12:12.066+0000] {data_preprocessing.py:141} INFO - Iniciando preprocessing de datos (Entrega 1 compatible)...
[2025-10-28T22:12:12.410+0000] {data_preprocessing.py:153} INFO - Datos cargados - Transacciones: 254936, Clientes: 1569, Productos: 971
[2025-10-28T22:12:12.410+0000] {data_preprocessing.py:72} INFO - Creando variable target...
[2025-10-28T22:12:18.078+0000] {data_preprocessing.py:89} INFO - Ejemplos positivos (compraron): 206460
[2025-10-28T22:12:18.199+0000] {data_preprocessing.py:104} INFO - Generando 412920 ejemplos negativos...
[2025-10-28T22:12:28.316+0000] {data_preprocessing.py:130} INFO - Target balanceado - Positivos: 206460, Negativos: 412920
[2025-10-28T22:12:29.303+0000] {data_preprocessing.py:163} INFO - Dataset merged: (619380, 17)
[2025-10-28T22:12:29.676+0000] {data_preprocessing.py:174} INFO - Features: ['customer_type', 'Y', 'X', 'num_deliver_per_week', 'brand', 'category', 'sub_category', 'segment', 'package', 'size']
[2025-10-28T22:12:29.682+0000] {data_preprocessing.py:175} INFO - Distribución de clases - 0: 412920, 1: 206460
[2025-10-28T22:12:31.922+0000] {data_preprocessing.py:223} INFO - Ajustando preprocessor...
[2025-10-28T22:12:35.440+0000] {data_preprocessing.py:249} INFO - Datos transformados: (619380, 22)
[2025-10-28T22:12:35.453+0000] {data_preprocessing.py:250} INFO - Verificación de clases - 0: 412920, 1: 206460
[2025-10-28T22:12:35.462+0000] {taskinstance.py:1937} ERROR - Task failed with exception
Traceback (most recent call last):
  File "/home/airflow/.local/lib/python3.10/site-packages/airflow/operators/python.py", line 192, in execute
    return_value = self.execute_callable()
  File "/home/airflow/.local/lib/python3.10/site-packages/airflow/operators/python.py", line 209, in execute_callable
    return self.python_callable(*self.op_args, **self.op_kwargs)
  File "/opt/airflow/dags/tasks/data_preprocessing.py", line 258, in preprocess_data
    df_final.to_parquet(processed_path, index=False)
  File "/home/airflow/.local/lib/python3.10/site-packages/pandas/core/frame.py", line 2889, in to_parquet
    return to_parquet(
  File "/home/airflow/.local/lib/python3.10/site-packages/pandas/io/parquet.py", line 411, in to_parquet
    impl.write(
  File "/home/airflow/.local/lib/python3.10/site-packages/pandas/io/parquet.py", line 159, in write
    table = self.api.Table.from_pandas(df, **from_pandas_kwargs)
  File "pyarrow/table.pxi", line 3762, in pyarrow.lib.Table.from_pandas
  File "/home/airflow/.local/lib/python3.10/site-packages/pyarrow/pandas_compat.py", line 570, in dataframe_to_arrays
    convert_fields) = _get_columns_to_convert(df, schema, preserve_index,
  File "/home/airflow/.local/lib/python3.10/site-packages/pyarrow/pandas_compat.py", line 352, in _get_columns_to_convert
    raise ValueError(
ValueError: Duplicate column names found: ['size', 'Y', 'X', 'Y', 'X', 'size', 'num_deliver_per_week', 'segment', 'customer_type_CANAL FRIO', 'customer_type_MAYORISTA', 'customer_type_MINIMARKET', 'customer_type_RESTAURANT', 'customer_type_SUPERMERCADO', 'customer_type_TIENDA DE CONVENIENCIA', 'sub_category_GASEOSAS', 'package_KEG', 'package_LATA', 'brand', 'brand_num', 'compra_semanal', 'customer_id', 'product_id']
[2025-10-28T22:12:35.629+0000] {taskinstance.py:1400} INFO - Marking task as FAILED. dag_id=sodai_drinks_production_pipeline, task_id=preprocess_data, execution_date=20251028T212607, start_date=20251028T221211, end_date=20251028T221235
[2025-10-28T22:12:35.661+0000] {standard_task_runner.py:104} ERROR - Failed to execute job 34 for task preprocess_data (Duplicate column names found: ['size', 'Y', 'X', 'Y', 'X', 'size', 'num_deliver_per_week', 'segment', 'customer_type_CANAL FRIO', 'customer_type_MAYORISTA', 'customer_type_MINIMARKET', 'customer_type_RESTAURANT', 'customer_type_SUPERMERCADO', 'customer_type_TIENDA DE CONVENIENCIA', 'sub_category_GASEOSAS', 'package_KEG', 'package_LATA', 'brand', 'brand_num', 'compra_semanal', 'customer_id', 'product_id']; 1625)
[2025-10-28T22:12:35.772+0000] {local_task_job_runner.py:228} INFO - Task exited with return code 1
[2025-10-28T22:12:35.891+0000] {taskinstance.py:2778} INFO - 0 downstream tasks scheduled from follow-on schedule check
