[2025-10-28T00:45:50.574+0000] {taskinstance.py:1159} INFO - Dependencies all met for dep_context=non-requeueable deps ti=<TaskInstance: hiring_dynamic.split_data scheduled__2025-08-05T15:00:00+00:00 [queued]>
[2025-10-28T00:45:50.577+0000] {taskinstance.py:1159} INFO - Dependencies all met for dep_context=requeueable deps ti=<TaskInstance: hiring_dynamic.split_data scheduled__2025-08-05T15:00:00+00:00 [queued]>
[2025-10-28T00:45:50.577+0000] {taskinstance.py:1361} INFO - Starting attempt 1 of 1
[2025-10-28T00:45:50.584+0000] {taskinstance.py:1382} INFO - Executing <Task(PythonOperator): split_data> on 2025-08-05 15:00:00+00:00
[2025-10-28T00:45:50.587+0000] {standard_task_runner.py:57} INFO - Started process 2644 to run task
[2025-10-28T00:45:50.591+0000] {standard_task_runner.py:84} INFO - Running: ['airflow', 'tasks', 'run', 'hiring_dynamic', 'split_data', 'scheduled__2025-08-05T15:00:00+00:00', '--job-id', '115', '--raw', '--subdir', 'DAGS_FOLDER/dag_dynamic.py', '--cfg-path', '/tmp/tmpxpohagyx']
[2025-10-28T00:45:50.592+0000] {standard_task_runner.py:85} INFO - Job 115: Subtask split_data
[2025-10-28T00:45:50.614+0000] {task_command.py:416} INFO - Running <TaskInstance: hiring_dynamic.split_data scheduled__2025-08-05T15:00:00+00:00 [running]> on host d1f69dfe6243
[2025-10-28T00:45:50.645+0000] {taskinstance.py:1662} INFO - Exporting env vars: AIRFLOW_CTX_DAG_OWNER='airflow' AIRFLOW_CTX_DAG_ID='hiring_dynamic' AIRFLOW_CTX_TASK_ID='split_data' AIRFLOW_CTX_EXECUTION_DATE='2025-08-05T15:00:00+00:00' AIRFLOW_CTX_TRY_NUMBER='1' AIRFLOW_CTX_DAG_RUN_ID='scheduled__2025-08-05T15:00:00+00:00'
[2025-10-28T00:45:50.663+0000] {logging_mixin.py:154} INFO - Train guardado en: /opt/airflow/data/dynamic/2025-08-05/splits/train.csv - Shape: (1200, 10)
[2025-10-28T00:45:50.664+0000] {logging_mixin.py:154} INFO - Test guardado en: /opt/airflow/data/dynamic/2025-08-05/splits/test.csv - Shape: (300, 10)
[2025-10-28T00:45:50.670+0000] {python.py:194} INFO - Done. Returned value was: None
[2025-10-28T00:45:50.672+0000] {taskinstance.py:1400} INFO - Marking task as SUCCESS. dag_id=hiring_dynamic, task_id=split_data, execution_date=20250805T150000, start_date=20251028T004550, end_date=20251028T004550
[2025-10-28T00:45:50.689+0000] {local_task_job_runner.py:228} INFO - Task exited with return code 0
[2025-10-28T00:45:50.701+0000] {taskinstance.py:2778} INFO - 3 downstream tasks scheduled from follow-on schedule check
[2025-10-28T01:32:39.602+0000] {taskinstance.py:1159} INFO - Dependencies all met for dep_context=non-requeueable deps ti=<TaskInstance: hiring_dynamic.split_data scheduled__2025-08-05T15:00:00+00:00 [queued]>
[2025-10-28T01:32:39.605+0000] {taskinstance.py:1159} INFO - Dependencies all met for dep_context=requeueable deps ti=<TaskInstance: hiring_dynamic.split_data scheduled__2025-08-05T15:00:00+00:00 [queued]>
[2025-10-28T01:32:39.605+0000] {taskinstance.py:1361} INFO - Starting attempt 1 of 1
[2025-10-28T01:32:39.613+0000] {taskinstance.py:1382} INFO - Executing <Task(PythonOperator): split_data> on 2025-08-05 15:00:00+00:00
[2025-10-28T01:32:39.618+0000] {standard_task_runner.py:57} INFO - Started process 2688 to run task
[2025-10-28T01:32:39.621+0000] {standard_task_runner.py:84} INFO - Running: ['airflow', 'tasks', 'run', 'hiring_dynamic', 'split_data', 'scheduled__2025-08-05T15:00:00+00:00', '--job-id', '106', '--raw', '--subdir', 'DAGS_FOLDER/dag_dynamic.py', '--cfg-path', '/tmp/tmpyr8lu7pn']
[2025-10-28T01:32:39.622+0000] {standard_task_runner.py:85} INFO - Job 106: Subtask split_data
[2025-10-28T01:32:39.641+0000] {task_command.py:416} INFO - Running <TaskInstance: hiring_dynamic.split_data scheduled__2025-08-05T15:00:00+00:00 [running]> on host c46dbfd34b1f
[2025-10-28T01:32:39.674+0000] {taskinstance.py:1662} INFO - Exporting env vars: AIRFLOW_CTX_DAG_OWNER='airflow' AIRFLOW_CTX_DAG_ID='hiring_dynamic' AIRFLOW_CTX_TASK_ID='split_data' AIRFLOW_CTX_EXECUTION_DATE='2025-08-05T15:00:00+00:00' AIRFLOW_CTX_TRY_NUMBER='1' AIRFLOW_CTX_DAG_RUN_ID='scheduled__2025-08-05T15:00:00+00:00'
[2025-10-28T01:32:39.695+0000] {logging_mixin.py:154} INFO - Train guardado en: /opt/airflow/data/dynamic/2025-08-05/splits/train.csv - Shape: (1200, 10)
[2025-10-28T01:32:39.695+0000] {logging_mixin.py:154} INFO - Test guardado en: /opt/airflow/data/dynamic/2025-08-05/splits/test.csv - Shape: (300, 10)
[2025-10-28T01:32:39.703+0000] {python.py:194} INFO - Done. Returned value was: None
[2025-10-28T01:32:39.706+0000] {taskinstance.py:1400} INFO - Marking task as SUCCESS. dag_id=hiring_dynamic, task_id=split_data, execution_date=20250805T150000, start_date=20251028T013239, end_date=20251028T013239
[2025-10-28T01:32:39.722+0000] {local_task_job_runner.py:228} INFO - Task exited with return code 0
[2025-10-28T01:32:39.736+0000] {taskinstance.py:2778} INFO - 3 downstream tasks scheduled from follow-on schedule check
