[2025-10-28T22:52:40.273+0000] {taskinstance.py:1159} INFO - Dependencies all met for dep_context=non-requeueable deps ti=<TaskInstance: sodai_drinks_production_pipeline.preprocess_data manual__2025-10-28T22:25:33.221789+00:00 [queued]>
[2025-10-28T22:52:40.298+0000] {taskinstance.py:1159} INFO - Dependencies all met for dep_context=requeueable deps ti=<TaskInstance: sodai_drinks_production_pipeline.preprocess_data manual__2025-10-28T22:25:33.221789+00:00 [queued]>
[2025-10-28T22:52:40.299+0000] {taskinstance.py:1361} INFO - Starting attempt 5 of 6
[2025-10-28T22:52:40.317+0000] {taskinstance.py:1382} INFO - Executing <Task(PythonOperator): preprocess_data> on 2025-10-28 22:25:33.221789+00:00
[2025-10-28T22:52:40.336+0000] {standard_task_runner.py:57} INFO - Started process 317 to run task
[2025-10-28T22:52:40.404+0000] {standard_task_runner.py:84} INFO - Running: ['***', 'tasks', 'run', 'sodai_drinks_production_pipeline', 'preprocess_data', 'manual__2025-10-28T22:25:33.221789+00:00', '--job-id', '61', '--raw', '--subdir', 'DAGS_FOLDER/pipeline_productivo.py', '--cfg-path', '/tmp/tmpt76lpdkz']
[2025-10-28T22:52:40.444+0000] {standard_task_runner.py:85} INFO - Job 61: Subtask preprocess_data
[2025-10-28T22:52:40.500+0000] {task_command.py:416} INFO - Running <TaskInstance: sodai_drinks_production_pipeline.preprocess_data manual__2025-10-28T22:25:33.221789+00:00 [running]> on host ee70ee0df05e
[2025-10-28T22:52:40.566+0000] {taskinstance.py:1662} INFO - Exporting env vars: AIRFLOW_CTX_DAG_EMAIL='team@sodaidrinks.com' AIRFLOW_CTX_DAG_OWNER='sodai_drinks_team' AIRFLOW_CTX_DAG_ID='sodai_drinks_production_pipeline' AIRFLOW_CTX_TASK_ID='preprocess_data' AIRFLOW_CTX_EXECUTION_DATE='2025-10-28T22:25:33.221789+00:00' AIRFLOW_CTX_TRY_NUMBER='5' AIRFLOW_CTX_DAG_RUN_ID='manual__2025-10-28T22:25:33.221789+00:00'
[2025-10-28T22:52:40.570+0000] {data_preprocessing.py:141} INFO - Iniciando preprocessing de datos (Entrega 1 compatible)...
[2025-10-28T22:52:40.741+0000] {data_preprocessing.py:153} INFO - Datos cargados - Transacciones: 254936, Clientes: 1569, Productos: 971
[2025-10-28T22:52:40.760+0000] {data_preprocessing.py:160} INFO - Predicción para semana: 2025-01
[2025-10-28T22:52:40.761+0000] {data_preprocessing.py:72} INFO - Creando variable target...
[2025-10-28T22:52:43.484+0000] {data_preprocessing.py:89} INFO - Ejemplos positivos (compraron): 206460
[2025-10-28T22:52:43.905+0000] {data_preprocessing.py:104} INFO - Generando 412920 ejemplos negativos...
[2025-10-28T22:52:57.620+0000] {data_preprocessing.py:130} INFO - Target balanceado - Positivos: 206460, Negativos: 412920
[2025-10-28T22:52:58.987+0000] {data_preprocessing.py:169} INFO - Dataset merged: (619380, 17)
[2025-10-28T22:53:00.575+0000] {data_preprocessing.py:180} INFO - Features: ['customer_type', 'Y', 'X', 'num_deliver_per_week', 'brand', 'category', 'sub_category', 'segment', 'package', 'size']
[2025-10-28T22:53:00.594+0000] {data_preprocessing.py:181} INFO - Distribución de clases - 0: 412920, 1: 206460
[2025-10-28T22:53:04.290+0000] {data_preprocessing.py:236} INFO - Ajustando preprocessor...
[2025-10-28T22:53:10.327+0000] {local_task_job_runner.py:228} INFO - Task exited with return code -9
[2025-10-28T22:53:11.347+0000] {taskinstance.py:2778} INFO - 0 downstream tasks scheduled from follow-on schedule check
