[2025-10-28T22:35:44.762+0000] {taskinstance.py:1159} INFO - Dependencies all met for dep_context=non-requeueable deps ti=<TaskInstance: sodai_drinks_production_pipeline.preprocess_data manual__2025-10-28T22:25:33.221789+00:00 [queued]>
[2025-10-28T22:35:44.769+0000] {taskinstance.py:1159} INFO - Dependencies all met for dep_context=requeueable deps ti=<TaskInstance: sodai_drinks_production_pipeline.preprocess_data manual__2025-10-28T22:25:33.221789+00:00 [queued]>
[2025-10-28T22:35:44.769+0000] {taskinstance.py:1361} INFO - Starting attempt 3 of 4
[2025-10-28T22:35:44.780+0000] {taskinstance.py:1382} INFO - Executing <Task(PythonOperator): preprocess_data> on 2025-10-28 22:25:33.221789+00:00
[2025-10-28T22:35:44.795+0000] {standard_task_runner.py:57} INFO - Started process 268 to run task
[2025-10-28T22:35:44.806+0000] {standard_task_runner.py:84} INFO - Running: ['***', 'tasks', 'run', 'sodai_drinks_production_pipeline', 'preprocess_data', 'manual__2025-10-28T22:25:33.221789+00:00', '--job-id', '46', '--raw', '--subdir', 'DAGS_FOLDER/pipeline_productivo.py', '--cfg-path', '/tmp/tmpp3o480ml']
[2025-10-28T22:35:44.811+0000] {standard_task_runner.py:85} INFO - Job 46: Subtask preprocess_data
[2025-10-28T22:35:44.851+0000] {task_command.py:416} INFO - Running <TaskInstance: sodai_drinks_production_pipeline.preprocess_data manual__2025-10-28T22:25:33.221789+00:00 [running]> on host ee70ee0df05e
[2025-10-28T22:35:44.916+0000] {taskinstance.py:1662} INFO - Exporting env vars: AIRFLOW_CTX_DAG_EMAIL='team@sodaidrinks.com' AIRFLOW_CTX_DAG_OWNER='sodai_drinks_team' AIRFLOW_CTX_DAG_ID='sodai_drinks_production_pipeline' AIRFLOW_CTX_TASK_ID='preprocess_data' AIRFLOW_CTX_EXECUTION_DATE='2025-10-28T22:25:33.221789+00:00' AIRFLOW_CTX_TRY_NUMBER='3' AIRFLOW_CTX_DAG_RUN_ID='manual__2025-10-28T22:25:33.221789+00:00'
[2025-10-28T22:35:44.918+0000] {data_preprocessing.py:141} INFO - Iniciando preprocessing de datos (Entrega 1 compatible)...
[2025-10-28T22:35:45.093+0000] {data_preprocessing.py:153} INFO - Datos cargados - Transacciones: 254936, Clientes: 1569, Productos: 971
[2025-10-28T22:35:45.094+0000] {data_preprocessing.py:72} INFO - Creando variable target...
[2025-10-28T22:35:47.189+0000] {data_preprocessing.py:89} INFO - Ejemplos positivos (compraron): 206460
[2025-10-28T22:35:47.315+0000] {data_preprocessing.py:104} INFO - Generando 412920 ejemplos negativos...
[2025-10-28T22:35:56.250+0000] {data_preprocessing.py:130} INFO - Target balanceado - Positivos: 206460, Negativos: 412920
[2025-10-28T22:35:57.287+0000] {data_preprocessing.py:163} INFO - Dataset merged: (619380, 17)
[2025-10-28T22:35:58.091+0000] {data_preprocessing.py:174} INFO - Features: ['customer_type', 'Y', 'X', 'num_deliver_per_week', 'brand', 'category', 'sub_category', 'segment', 'package', 'size']
[2025-10-28T22:35:58.101+0000] {data_preprocessing.py:175} INFO - Distribución de clases - 0: 412920, 1: 206460
[2025-10-28T22:36:00.306+0000] {data_preprocessing.py:230} INFO - Ajustando preprocessor...
[2025-10-28T22:36:03.682+0000] {local_task_job_runner.py:228} INFO - Task exited with return code -9
[2025-10-28T22:36:03.963+0000] {taskinstance.py:2778} INFO - 0 downstream tasks scheduled from follow-on schedule check
