[2025-12-05T02:52:42.678+0000] {taskinstance.py:1159} INFO - Dependencies all met for dep_context=non-requeueable deps ti=<TaskInstance: sodai_drinks_production_pipeline.decide_retraining scheduled__2025-11-23T00:00:00+00:00 [queued]>
[2025-12-05T02:52:42.685+0000] {taskinstance.py:1159} INFO - Dependencies all met for dep_context=requeueable deps ti=<TaskInstance: sodai_drinks_production_pipeline.decide_retraining scheduled__2025-11-23T00:00:00+00:00 [queued]>
[2025-12-05T02:52:42.685+0000] {taskinstance.py:1361} INFO - Starting attempt 1 of 2
[2025-12-05T02:52:42.693+0000] {taskinstance.py:1382} INFO - Executing <Task(BranchPythonOperator): decide_retraining> on 2025-11-23 00:00:00+00:00
[2025-12-05T02:52:42.704+0000] {standard_task_runner.py:57} INFO - Started process 659 to run task
[2025-12-05T02:52:42.707+0000] {standard_task_runner.py:84} INFO - Running: ['***', 'tasks', 'run', 'sodai_drinks_production_pipeline', 'decide_retraining', 'scheduled__2025-11-23T00:00:00+00:00', '--job-id', '8', '--raw', '--subdir', 'DAGS_FOLDER/pipeline_productivo.py', '--cfg-path', '/tmp/tmpj3l1tgde']
[2025-12-05T02:52:42.710+0000] {standard_task_runner.py:85} INFO - Job 8: Subtask decide_retraining
[2025-12-05T02:52:42.751+0000] {task_command.py:416} INFO - Running <TaskInstance: sodai_drinks_production_pipeline.decide_retraining scheduled__2025-11-23T00:00:00+00:00 [running]> on host 77cc39016fd2
[2025-12-05T02:52:42.808+0000] {taskinstance.py:1662} INFO - Exporting env vars: AIRFLOW_CTX_DAG_EMAIL='team@sodaidrinks.com' AIRFLOW_CTX_DAG_OWNER='sodai_drinks_team' AIRFLOW_CTX_DAG_ID='sodai_drinks_production_pipeline' AIRFLOW_CTX_TASK_ID='decide_retraining' AIRFLOW_CTX_EXECUTION_DATE='2025-11-23T00:00:00+00:00' AIRFLOW_CTX_TRY_NUMBER='1' AIRFLOW_CTX_DAG_RUN_ID='scheduled__2025-11-23T00:00:00+00:00'
[2025-12-05T02:52:42.824+0000] {pipeline_productivo.py:58} INFO - Evaluando necesidad de reentrenamiento...
[2025-12-05T02:52:42.825+0000] {pipeline_productivo.py:59} INFO - Drift detectado: False, Razón: no_drift
[2025-12-05T02:52:42.825+0000] {pipeline_productivo.py:66} WARNING - ⚠️ No existe modelo previo - Forzando entrenamiento inicial
[2025-12-05T02:52:42.825+0000] {python.py:194} INFO - Done. Returned value was: train_model
[2025-12-05T02:52:42.825+0000] {python.py:227} INFO - Branch callable return train_model
[2025-12-05T02:52:42.825+0000] {skipmixin.py:173} INFO - Following branch train_model
[2025-12-05T02:52:43.069+0000] {skipmixin.py:239} INFO - Skipping tasks [('skip_training', -1)]
[2025-12-05T02:52:43.100+0000] {taskinstance.py:1400} INFO - Marking task as SUCCESS. dag_id=sodai_drinks_production_pipeline, task_id=decide_retraining, execution_date=20251123T000000, start_date=20251205T025242, end_date=20251205T025243
[2025-12-05T02:52:43.166+0000] {local_task_job_runner.py:228} INFO - Task exited with return code 0
[2025-12-05T02:52:43.190+0000] {taskinstance.py:2778} INFO - 1 downstream tasks scheduled from follow-on schedule check
[2025-12-05T02:58:20.869+0000] {taskinstance.py:1159} INFO - Dependencies all met for dep_context=non-requeueable deps ti=<TaskInstance: sodai_drinks_production_pipeline.decide_retraining scheduled__2025-11-23T00:00:00+00:00 [queued]>
[2025-12-05T02:58:20.875+0000] {taskinstance.py:1159} INFO - Dependencies all met for dep_context=requeueable deps ti=<TaskInstance: sodai_drinks_production_pipeline.decide_retraining scheduled__2025-11-23T00:00:00+00:00 [queued]>
[2025-12-05T02:58:20.876+0000] {taskinstance.py:1361} INFO - Starting attempt 1 of 2
[2025-12-05T02:58:20.882+0000] {taskinstance.py:1382} INFO - Executing <Task(BranchPythonOperator): decide_retraining> on 2025-11-23 00:00:00+00:00
[2025-12-05T02:58:20.892+0000] {standard_task_runner.py:57} INFO - Started process 538 to run task
[2025-12-05T02:58:20.896+0000] {standard_task_runner.py:84} INFO - Running: ['***', 'tasks', 'run', 'sodai_drinks_production_pipeline', 'decide_retraining', 'scheduled__2025-11-23T00:00:00+00:00', '--job-id', '9', '--raw', '--subdir', 'DAGS_FOLDER/pipeline_productivo.py', '--cfg-path', '/tmp/tmplgfmn0dz']
[2025-12-05T02:58:20.899+0000] {standard_task_runner.py:85} INFO - Job 9: Subtask decide_retraining
[2025-12-05T02:58:20.936+0000] {task_command.py:416} INFO - Running <TaskInstance: sodai_drinks_production_pipeline.decide_retraining scheduled__2025-11-23T00:00:00+00:00 [running]> on host 5c90aa578e5c
[2025-12-05T02:58:20.989+0000] {taskinstance.py:1662} INFO - Exporting env vars: AIRFLOW_CTX_DAG_EMAIL='team@sodaidrinks.com' AIRFLOW_CTX_DAG_OWNER='sodai_drinks_team' AIRFLOW_CTX_DAG_ID='sodai_drinks_production_pipeline' AIRFLOW_CTX_TASK_ID='decide_retraining' AIRFLOW_CTX_EXECUTION_DATE='2025-11-23T00:00:00+00:00' AIRFLOW_CTX_TRY_NUMBER='1' AIRFLOW_CTX_DAG_RUN_ID='scheduled__2025-11-23T00:00:00+00:00'
[2025-12-05T02:58:21.005+0000] {pipeline_productivo.py:58} INFO - Evaluando necesidad de reentrenamiento...
[2025-12-05T02:58:21.005+0000] {pipeline_productivo.py:59} INFO - Drift detectado: False, Razón: no_drift
[2025-12-05T02:58:21.005+0000] {pipeline_productivo.py:66} WARNING - ⚠️ No existe modelo previo - Forzando entrenamiento inicial
[2025-12-05T02:58:21.005+0000] {python.py:194} INFO - Done. Returned value was: train_model
[2025-12-05T02:58:21.006+0000] {python.py:227} INFO - Branch callable return train_model
[2025-12-05T02:58:21.006+0000] {skipmixin.py:173} INFO - Following branch train_model
[2025-12-05T02:58:21.241+0000] {skipmixin.py:239} INFO - Skipping tasks [('skip_training', -1)]
[2025-12-05T02:58:21.266+0000] {taskinstance.py:1400} INFO - Marking task as SUCCESS. dag_id=sodai_drinks_production_pipeline, task_id=decide_retraining, execution_date=20251123T000000, start_date=20251205T025820, end_date=20251205T025821
[2025-12-05T02:58:21.316+0000] {local_task_job_runner.py:228} INFO - Task exited with return code 0
[2025-12-05T02:58:21.337+0000] {taskinstance.py:2778} INFO - 1 downstream tasks scheduled from follow-on schedule check
[2025-12-05T03:08:35.516+0000] {taskinstance.py:1159} INFO - Dependencies all met for dep_context=non-requeueable deps ti=<TaskInstance: sodai_drinks_production_pipeline.decide_retraining scheduled__2025-11-23T00:00:00+00:00 [queued]>
[2025-12-05T03:08:35.524+0000] {taskinstance.py:1159} INFO - Dependencies all met for dep_context=requeueable deps ti=<TaskInstance: sodai_drinks_production_pipeline.decide_retraining scheduled__2025-11-23T00:00:00+00:00 [queued]>
[2025-12-05T03:08:35.525+0000] {taskinstance.py:1361} INFO - Starting attempt 1 of 2
[2025-12-05T03:08:35.533+0000] {taskinstance.py:1382} INFO - Executing <Task(BranchPythonOperator): decide_retraining> on 2025-11-23 00:00:00+00:00
[2025-12-05T03:08:35.545+0000] {standard_task_runner.py:57} INFO - Started process 641 to run task
[2025-12-05T03:08:35.549+0000] {standard_task_runner.py:84} INFO - Running: ['***', 'tasks', 'run', 'sodai_drinks_production_pipeline', 'decide_retraining', 'scheduled__2025-11-23T00:00:00+00:00', '--job-id', '8', '--raw', '--subdir', 'DAGS_FOLDER/pipeline_productivo.py', '--cfg-path', '/tmp/tmpdwpit1k2']
[2025-12-05T03:08:35.552+0000] {standard_task_runner.py:85} INFO - Job 8: Subtask decide_retraining
[2025-12-05T03:08:35.595+0000] {task_command.py:416} INFO - Running <TaskInstance: sodai_drinks_production_pipeline.decide_retraining scheduled__2025-11-23T00:00:00+00:00 [running]> on host a9e85da0c338
[2025-12-05T03:08:35.644+0000] {taskinstance.py:1662} INFO - Exporting env vars: AIRFLOW_CTX_DAG_EMAIL='team@sodaidrinks.com' AIRFLOW_CTX_DAG_OWNER='sodai_drinks_team' AIRFLOW_CTX_DAG_ID='sodai_drinks_production_pipeline' AIRFLOW_CTX_TASK_ID='decide_retraining' AIRFLOW_CTX_EXECUTION_DATE='2025-11-23T00:00:00+00:00' AIRFLOW_CTX_TRY_NUMBER='1' AIRFLOW_CTX_DAG_RUN_ID='scheduled__2025-11-23T00:00:00+00:00'
[2025-12-05T03:08:35.657+0000] {pipeline_productivo.py:58} INFO - Evaluando necesidad de reentrenamiento...
[2025-12-05T03:08:35.657+0000] {pipeline_productivo.py:59} INFO - Drift detectado: False, Razón: no_drift
[2025-12-05T03:08:35.657+0000] {pipeline_productivo.py:66} WARNING - ⚠️ No existe modelo previo - Forzando entrenamiento inicial
[2025-12-05T03:08:35.657+0000] {python.py:194} INFO - Done. Returned value was: train_model
[2025-12-05T03:08:35.658+0000] {python.py:227} INFO - Branch callable return train_model
[2025-12-05T03:08:35.658+0000] {skipmixin.py:173} INFO - Following branch train_model
[2025-12-05T03:08:35.880+0000] {skipmixin.py:239} INFO - Skipping tasks [('skip_training', -1)]
[2025-12-05T03:08:35.929+0000] {taskinstance.py:1400} INFO - Marking task as SUCCESS. dag_id=sodai_drinks_production_pipeline, task_id=decide_retraining, execution_date=20251123T000000, start_date=20251205T030835, end_date=20251205T030835
[2025-12-05T03:08:35.962+0000] {local_task_job_runner.py:228} INFO - Task exited with return code 0
[2025-12-05T03:08:35.986+0000] {taskinstance.py:2778} INFO - 1 downstream tasks scheduled from follow-on schedule check
[2025-12-05T03:14:29.110+0000] {taskinstance.py:1159} INFO - Dependencies all met for dep_context=non-requeueable deps ti=<TaskInstance: sodai_drinks_production_pipeline.decide_retraining scheduled__2025-11-23T00:00:00+00:00 [queued]>
[2025-12-05T03:14:29.117+0000] {taskinstance.py:1159} INFO - Dependencies all met for dep_context=requeueable deps ti=<TaskInstance: sodai_drinks_production_pipeline.decide_retraining scheduled__2025-11-23T00:00:00+00:00 [queued]>
[2025-12-05T03:14:29.117+0000] {taskinstance.py:1361} INFO - Starting attempt 1 of 2
[2025-12-05T03:14:29.124+0000] {taskinstance.py:1382} INFO - Executing <Task(BranchPythonOperator): decide_retraining> on 2025-11-23 00:00:00+00:00
[2025-12-05T03:14:29.135+0000] {standard_task_runner.py:57} INFO - Started process 920 to run task
[2025-12-05T03:14:29.138+0000] {standard_task_runner.py:84} INFO - Running: ['***', 'tasks', 'run', 'sodai_drinks_production_pipeline', 'decide_retraining', 'scheduled__2025-11-23T00:00:00+00:00', '--job-id', '5', '--raw', '--subdir', 'DAGS_FOLDER/pipeline_productivo.py', '--cfg-path', '/tmp/tmpq0xiz_ji']
[2025-12-05T03:14:29.141+0000] {standard_task_runner.py:85} INFO - Job 5: Subtask decide_retraining
[2025-12-05T03:14:29.175+0000] {task_command.py:416} INFO - Running <TaskInstance: sodai_drinks_production_pipeline.decide_retraining scheduled__2025-11-23T00:00:00+00:00 [running]> on host 3a77f8ebbc0f
[2025-12-05T03:14:29.234+0000] {taskinstance.py:1662} INFO - Exporting env vars: AIRFLOW_CTX_DAG_EMAIL='team@sodaidrinks.com' AIRFLOW_CTX_DAG_OWNER='sodai_drinks_team' AIRFLOW_CTX_DAG_ID='sodai_drinks_production_pipeline' AIRFLOW_CTX_TASK_ID='decide_retraining' AIRFLOW_CTX_EXECUTION_DATE='2025-11-23T00:00:00+00:00' AIRFLOW_CTX_TRY_NUMBER='1' AIRFLOW_CTX_DAG_RUN_ID='scheduled__2025-11-23T00:00:00+00:00'
[2025-12-05T03:14:29.257+0000] {pipeline_productivo.py:58} INFO - Evaluando necesidad de reentrenamiento...
[2025-12-05T03:14:29.257+0000] {pipeline_productivo.py:59} INFO - Drift detectado: False, Razón: no_drift
[2025-12-05T03:14:29.257+0000] {pipeline_productivo.py:66} WARNING - ⚠️ No existe modelo previo - Forzando entrenamiento inicial
[2025-12-05T03:14:29.258+0000] {python.py:194} INFO - Done. Returned value was: train_model
[2025-12-05T03:14:29.258+0000] {python.py:227} INFO - Branch callable return train_model
[2025-12-05T03:14:29.258+0000] {skipmixin.py:173} INFO - Following branch train_model
[2025-12-05T03:14:29.494+0000] {skipmixin.py:239} INFO - Skipping tasks [('skip_training', -1)]
[2025-12-05T03:14:29.522+0000] {taskinstance.py:1400} INFO - Marking task as SUCCESS. dag_id=sodai_drinks_production_pipeline, task_id=decide_retraining, execution_date=20251123T000000, start_date=20251205T031429, end_date=20251205T031429
[2025-12-05T03:14:29.559+0000] {local_task_job_runner.py:228} INFO - Task exited with return code 0
[2025-12-05T03:14:29.584+0000] {taskinstance.py:2778} INFO - 1 downstream tasks scheduled from follow-on schedule check
[2025-12-05T03:16:35.060+0000] {taskinstance.py:1159} INFO - Dependencies all met for dep_context=non-requeueable deps ti=<TaskInstance: sodai_drinks_production_pipeline.decide_retraining scheduled__2025-11-23T00:00:00+00:00 [queued]>
[2025-12-05T03:16:35.068+0000] {taskinstance.py:1159} INFO - Dependencies all met for dep_context=requeueable deps ti=<TaskInstance: sodai_drinks_production_pipeline.decide_retraining scheduled__2025-11-23T00:00:00+00:00 [queued]>
[2025-12-05T03:16:35.068+0000] {taskinstance.py:1361} INFO - Starting attempt 1 of 2
[2025-12-05T03:16:35.076+0000] {taskinstance.py:1382} INFO - Executing <Task(BranchPythonOperator): decide_retraining> on 2025-11-23 00:00:00+00:00
[2025-12-05T03:16:35.086+0000] {standard_task_runner.py:57} INFO - Started process 608 to run task
[2025-12-05T03:16:35.089+0000] {standard_task_runner.py:84} INFO - Running: ['***', 'tasks', 'run', 'sodai_drinks_production_pipeline', 'decide_retraining', 'scheduled__2025-11-23T00:00:00+00:00', '--job-id', '9', '--raw', '--subdir', 'DAGS_FOLDER/pipeline_productivo.py', '--cfg-path', '/tmp/tmpj90dulh2']
[2025-12-05T03:16:35.091+0000] {standard_task_runner.py:85} INFO - Job 9: Subtask decide_retraining
[2025-12-05T03:16:35.126+0000] {task_command.py:416} INFO - Running <TaskInstance: sodai_drinks_production_pipeline.decide_retraining scheduled__2025-11-23T00:00:00+00:00 [running]> on host 7f6fe514df37
[2025-12-05T03:16:35.176+0000] {taskinstance.py:1662} INFO - Exporting env vars: AIRFLOW_CTX_DAG_EMAIL='team@sodaidrinks.com' AIRFLOW_CTX_DAG_OWNER='sodai_drinks_team' AIRFLOW_CTX_DAG_ID='sodai_drinks_production_pipeline' AIRFLOW_CTX_TASK_ID='decide_retraining' AIRFLOW_CTX_EXECUTION_DATE='2025-11-23T00:00:00+00:00' AIRFLOW_CTX_TRY_NUMBER='1' AIRFLOW_CTX_DAG_RUN_ID='scheduled__2025-11-23T00:00:00+00:00'
[2025-12-05T03:16:35.194+0000] {pipeline_productivo.py:58} INFO - Evaluando necesidad de reentrenamiento...
[2025-12-05T03:16:35.195+0000] {pipeline_productivo.py:59} INFO - Drift detectado: False, Razón: no_drift
[2025-12-05T03:16:35.195+0000] {pipeline_productivo.py:66} WARNING - ⚠️ No existe modelo previo - Forzando entrenamiento inicial
[2025-12-05T03:16:35.195+0000] {python.py:194} INFO - Done. Returned value was: train_model
[2025-12-05T03:16:35.195+0000] {python.py:227} INFO - Branch callable return train_model
[2025-12-05T03:16:35.195+0000] {skipmixin.py:173} INFO - Following branch train_model
[2025-12-05T03:16:35.392+0000] {skipmixin.py:239} INFO - Skipping tasks [('skip_training', -1)]
[2025-12-05T03:16:35.419+0000] {taskinstance.py:1400} INFO - Marking task as SUCCESS. dag_id=sodai_drinks_production_pipeline, task_id=decide_retraining, execution_date=20251123T000000, start_date=20251205T031635, end_date=20251205T031635
[2025-12-05T03:16:35.464+0000] {local_task_job_runner.py:228} INFO - Task exited with return code 0
[2025-12-05T03:16:35.485+0000] {taskinstance.py:2778} INFO - 1 downstream tasks scheduled from follow-on schedule check
