[2025-12-08T15:25:03.248+0000] {processor.py:157} INFO - Started process (PID=193) to work on /opt/airflow/dags/utils/__init__.py
[2025-12-08T15:25:03.249+0000] {processor.py:829} INFO - Processing file /opt/airflow/dags/utils/__init__.py for tasks to queue
[2025-12-08T15:25:03.249+0000] {logging_mixin.py:154} INFO - [2025-12-08T15:25:03.249+0000] {dagbag.py:536} INFO - Filling up the DagBag from /opt/airflow/dags/utils/__init__.py
[2025-12-08T15:25:03.251+0000] {processor.py:841} WARNING - No viable dags retrieved from /opt/airflow/dags/utils/__init__.py
[2025-12-08T15:25:03.264+0000] {processor.py:179} INFO - Processing /opt/airflow/dags/utils/__init__.py took 0.020 seconds
[2025-12-08T15:25:34.164+0000] {processor.py:157} INFO - Started process (PID=234) to work on /opt/airflow/dags/utils/__init__.py
[2025-12-08T15:25:34.164+0000] {processor.py:829} INFO - Processing file /opt/airflow/dags/utils/__init__.py for tasks to queue
[2025-12-08T15:25:34.165+0000] {logging_mixin.py:154} INFO - [2025-12-08T15:25:34.165+0000] {dagbag.py:536} INFO - Filling up the DagBag from /opt/airflow/dags/utils/__init__.py
[2025-12-08T15:25:34.166+0000] {processor.py:841} WARNING - No viable dags retrieved from /opt/airflow/dags/utils/__init__.py
[2025-12-08T15:25:34.177+0000] {processor.py:179} INFO - Processing /opt/airflow/dags/utils/__init__.py took 0.017 seconds
[2025-12-08T15:26:04.317+0000] {processor.py:157} INFO - Started process (PID=288) to work on /opt/airflow/dags/utils/__init__.py
[2025-12-08T15:26:04.319+0000] {processor.py:829} INFO - Processing file /opt/airflow/dags/utils/__init__.py for tasks to queue
[2025-12-08T15:26:04.319+0000] {logging_mixin.py:154} INFO - [2025-12-08T15:26:04.319+0000] {dagbag.py:536} INFO - Filling up the DagBag from /opt/airflow/dags/utils/__init__.py
[2025-12-08T15:26:04.322+0000] {processor.py:841} WARNING - No viable dags retrieved from /opt/airflow/dags/utils/__init__.py
[2025-12-08T15:26:04.334+0000] {processor.py:179} INFO - Processing /opt/airflow/dags/utils/__init__.py took 0.020 seconds
[2025-12-08T15:26:34.453+0000] {processor.py:157} INFO - Started process (PID=347) to work on /opt/airflow/dags/utils/__init__.py
[2025-12-08T15:26:34.454+0000] {processor.py:829} INFO - Processing file /opt/airflow/dags/utils/__init__.py for tasks to queue
[2025-12-08T15:26:34.454+0000] {logging_mixin.py:154} INFO - [2025-12-08T15:26:34.454+0000] {dagbag.py:536} INFO - Filling up the DagBag from /opt/airflow/dags/utils/__init__.py
[2025-12-08T15:26:34.456+0000] {processor.py:841} WARNING - No viable dags retrieved from /opt/airflow/dags/utils/__init__.py
[2025-12-08T15:26:34.466+0000] {processor.py:179} INFO - Processing /opt/airflow/dags/utils/__init__.py took 0.016 seconds
[2025-12-08T15:27:04.549+0000] {processor.py:157} INFO - Started process (PID=406) to work on /opt/airflow/dags/utils/__init__.py
[2025-12-08T15:27:04.550+0000] {processor.py:829} INFO - Processing file /opt/airflow/dags/utils/__init__.py for tasks to queue
[2025-12-08T15:27:04.551+0000] {logging_mixin.py:154} INFO - [2025-12-08T15:27:04.551+0000] {dagbag.py:536} INFO - Filling up the DagBag from /opt/airflow/dags/utils/__init__.py
[2025-12-08T15:27:04.552+0000] {processor.py:841} WARNING - No viable dags retrieved from /opt/airflow/dags/utils/__init__.py
[2025-12-08T15:27:04.563+0000] {processor.py:179} INFO - Processing /opt/airflow/dags/utils/__init__.py took 0.017 seconds
[2025-12-08T15:27:34.628+0000] {processor.py:157} INFO - Started process (PID=465) to work on /opt/airflow/dags/utils/__init__.py
[2025-12-08T15:27:34.629+0000] {processor.py:829} INFO - Processing file /opt/airflow/dags/utils/__init__.py for tasks to queue
[2025-12-08T15:27:34.629+0000] {logging_mixin.py:154} INFO - [2025-12-08T15:27:34.629+0000] {dagbag.py:536} INFO - Filling up the DagBag from /opt/airflow/dags/utils/__init__.py
[2025-12-08T15:27:34.631+0000] {processor.py:841} WARNING - No viable dags retrieved from /opt/airflow/dags/utils/__init__.py
[2025-12-08T15:27:34.640+0000] {processor.py:179} INFO - Processing /opt/airflow/dags/utils/__init__.py took 0.015 seconds
[2025-12-08T15:28:04.707+0000] {processor.py:157} INFO - Started process (PID=524) to work on /opt/airflow/dags/utils/__init__.py
[2025-12-08T15:28:04.708+0000] {processor.py:829} INFO - Processing file /opt/airflow/dags/utils/__init__.py for tasks to queue
[2025-12-08T15:28:04.708+0000] {logging_mixin.py:154} INFO - [2025-12-08T15:28:04.708+0000] {dagbag.py:536} INFO - Filling up the DagBag from /opt/airflow/dags/utils/__init__.py
[2025-12-08T15:28:04.710+0000] {processor.py:841} WARNING - No viable dags retrieved from /opt/airflow/dags/utils/__init__.py
[2025-12-08T15:28:04.721+0000] {processor.py:179} INFO - Processing /opt/airflow/dags/utils/__init__.py took 0.017 seconds
[2025-12-08T15:28:34.846+0000] {processor.py:157} INFO - Started process (PID=576) to work on /opt/airflow/dags/utils/__init__.py
[2025-12-08T15:28:34.847+0000] {processor.py:829} INFO - Processing file /opt/airflow/dags/utils/__init__.py for tasks to queue
[2025-12-08T15:28:34.848+0000] {logging_mixin.py:154} INFO - [2025-12-08T15:28:34.847+0000] {dagbag.py:536} INFO - Filling up the DagBag from /opt/airflow/dags/utils/__init__.py
[2025-12-08T15:28:34.849+0000] {processor.py:841} WARNING - No viable dags retrieved from /opt/airflow/dags/utils/__init__.py
[2025-12-08T15:28:34.858+0000] {processor.py:179} INFO - Processing /opt/airflow/dags/utils/__init__.py took 0.014 seconds
[2025-12-08T15:29:04.929+0000] {processor.py:157} INFO - Started process (PID=636) to work on /opt/airflow/dags/utils/__init__.py
[2025-12-08T15:29:04.930+0000] {processor.py:829} INFO - Processing file /opt/airflow/dags/utils/__init__.py for tasks to queue
[2025-12-08T15:29:04.930+0000] {logging_mixin.py:154} INFO - [2025-12-08T15:29:04.930+0000] {dagbag.py:536} INFO - Filling up the DagBag from /opt/airflow/dags/utils/__init__.py
[2025-12-08T15:29:04.932+0000] {processor.py:841} WARNING - No viable dags retrieved from /opt/airflow/dags/utils/__init__.py
[2025-12-08T15:29:04.943+0000] {processor.py:179} INFO - Processing /opt/airflow/dags/utils/__init__.py took 0.017 seconds
[2025-12-08T15:29:35.035+0000] {processor.py:157} INFO - Started process (PID=695) to work on /opt/airflow/dags/utils/__init__.py
[2025-12-08T15:29:35.036+0000] {processor.py:829} INFO - Processing file /opt/airflow/dags/utils/__init__.py for tasks to queue
[2025-12-08T15:29:35.037+0000] {logging_mixin.py:154} INFO - [2025-12-08T15:29:35.037+0000] {dagbag.py:536} INFO - Filling up the DagBag from /opt/airflow/dags/utils/__init__.py
[2025-12-08T15:29:35.038+0000] {processor.py:841} WARNING - No viable dags retrieved from /opt/airflow/dags/utils/__init__.py
[2025-12-08T15:29:35.049+0000] {processor.py:179} INFO - Processing /opt/airflow/dags/utils/__init__.py took 0.016 seconds
[2025-12-08T15:30:05.132+0000] {processor.py:157} INFO - Started process (PID=754) to work on /opt/airflow/dags/utils/__init__.py
[2025-12-08T15:30:05.133+0000] {processor.py:829} INFO - Processing file /opt/airflow/dags/utils/__init__.py for tasks to queue
[2025-12-08T15:30:05.133+0000] {logging_mixin.py:154} INFO - [2025-12-08T15:30:05.133+0000] {dagbag.py:536} INFO - Filling up the DagBag from /opt/airflow/dags/utils/__init__.py
[2025-12-08T15:30:05.135+0000] {processor.py:841} WARNING - No viable dags retrieved from /opt/airflow/dags/utils/__init__.py
[2025-12-08T15:30:05.145+0000] {processor.py:179} INFO - Processing /opt/airflow/dags/utils/__init__.py took 0.016 seconds
[2025-12-08T15:30:35.208+0000] {processor.py:157} INFO - Started process (PID=813) to work on /opt/airflow/dags/utils/__init__.py
[2025-12-08T15:30:35.209+0000] {processor.py:829} INFO - Processing file /opt/airflow/dags/utils/__init__.py for tasks to queue
[2025-12-08T15:30:35.209+0000] {logging_mixin.py:154} INFO - [2025-12-08T15:30:35.209+0000] {dagbag.py:536} INFO - Filling up the DagBag from /opt/airflow/dags/utils/__init__.py
[2025-12-08T15:30:35.211+0000] {processor.py:841} WARNING - No viable dags retrieved from /opt/airflow/dags/utils/__init__.py
[2025-12-08T15:30:35.220+0000] {processor.py:179} INFO - Processing /opt/airflow/dags/utils/__init__.py took 0.015 seconds
[2025-12-08T15:31:05.285+0000] {processor.py:157} INFO - Started process (PID=872) to work on /opt/airflow/dags/utils/__init__.py
[2025-12-08T15:31:05.286+0000] {processor.py:829} INFO - Processing file /opt/airflow/dags/utils/__init__.py for tasks to queue
[2025-12-08T15:31:05.286+0000] {logging_mixin.py:154} INFO - [2025-12-08T15:31:05.286+0000] {dagbag.py:536} INFO - Filling up the DagBag from /opt/airflow/dags/utils/__init__.py
[2025-12-08T15:31:05.288+0000] {processor.py:841} WARNING - No viable dags retrieved from /opt/airflow/dags/utils/__init__.py
[2025-12-08T15:31:05.298+0000] {processor.py:179} INFO - Processing /opt/airflow/dags/utils/__init__.py took 0.016 seconds
[2025-12-08T15:31:35.368+0000] {processor.py:157} INFO - Started process (PID=931) to work on /opt/airflow/dags/utils/__init__.py
[2025-12-08T15:31:35.368+0000] {processor.py:829} INFO - Processing file /opt/airflow/dags/utils/__init__.py for tasks to queue
[2025-12-08T15:31:35.369+0000] {logging_mixin.py:154} INFO - [2025-12-08T15:31:35.369+0000] {dagbag.py:536} INFO - Filling up the DagBag from /opt/airflow/dags/utils/__init__.py
[2025-12-08T15:31:35.370+0000] {processor.py:841} WARNING - No viable dags retrieved from /opt/airflow/dags/utils/__init__.py
[2025-12-08T15:31:35.380+0000] {processor.py:179} INFO - Processing /opt/airflow/dags/utils/__init__.py took 0.015 seconds
[2025-12-08T15:32:05.473+0000] {processor.py:157} INFO - Started process (PID=990) to work on /opt/airflow/dags/utils/__init__.py
[2025-12-08T15:32:05.474+0000] {processor.py:829} INFO - Processing file /opt/airflow/dags/utils/__init__.py for tasks to queue
[2025-12-08T15:32:05.475+0000] {logging_mixin.py:154} INFO - [2025-12-08T15:32:05.475+0000] {dagbag.py:536} INFO - Filling up the DagBag from /opt/airflow/dags/utils/__init__.py
[2025-12-08T15:32:05.476+0000] {processor.py:841} WARNING - No viable dags retrieved from /opt/airflow/dags/utils/__init__.py
[2025-12-08T15:32:05.485+0000] {processor.py:179} INFO - Processing /opt/airflow/dags/utils/__init__.py took 0.014 seconds
[2025-12-08T15:32:35.552+0000] {processor.py:157} INFO - Started process (PID=1042) to work on /opt/airflow/dags/utils/__init__.py
[2025-12-08T15:32:35.553+0000] {processor.py:829} INFO - Processing file /opt/airflow/dags/utils/__init__.py for tasks to queue
[2025-12-08T15:32:35.554+0000] {logging_mixin.py:154} INFO - [2025-12-08T15:32:35.553+0000] {dagbag.py:536} INFO - Filling up the DagBag from /opt/airflow/dags/utils/__init__.py
[2025-12-08T15:32:35.555+0000] {processor.py:841} WARNING - No viable dags retrieved from /opt/airflow/dags/utils/__init__.py
[2025-12-08T15:32:35.566+0000] {processor.py:179} INFO - Processing /opt/airflow/dags/utils/__init__.py took 0.017 seconds
[2025-12-08T15:33:05.658+0000] {processor.py:157} INFO - Started process (PID=1101) to work on /opt/airflow/dags/utils/__init__.py
[2025-12-08T15:33:05.659+0000] {processor.py:829} INFO - Processing file /opt/airflow/dags/utils/__init__.py for tasks to queue
[2025-12-08T15:33:05.659+0000] {logging_mixin.py:154} INFO - [2025-12-08T15:33:05.659+0000] {dagbag.py:536} INFO - Filling up the DagBag from /opt/airflow/dags/utils/__init__.py
[2025-12-08T15:33:05.661+0000] {processor.py:841} WARNING - No viable dags retrieved from /opt/airflow/dags/utils/__init__.py
[2025-12-08T15:33:05.671+0000] {processor.py:179} INFO - Processing /opt/airflow/dags/utils/__init__.py took 0.016 seconds
[2025-12-08T15:33:35.760+0000] {processor.py:157} INFO - Started process (PID=1160) to work on /opt/airflow/dags/utils/__init__.py
[2025-12-08T15:33:35.761+0000] {processor.py:829} INFO - Processing file /opt/airflow/dags/utils/__init__.py for tasks to queue
[2025-12-08T15:33:35.761+0000] {logging_mixin.py:154} INFO - [2025-12-08T15:33:35.761+0000] {dagbag.py:536} INFO - Filling up the DagBag from /opt/airflow/dags/utils/__init__.py
[2025-12-08T15:33:35.762+0000] {processor.py:841} WARNING - No viable dags retrieved from /opt/airflow/dags/utils/__init__.py
[2025-12-08T15:33:35.773+0000] {processor.py:179} INFO - Processing /opt/airflow/dags/utils/__init__.py took 0.016 seconds
[2025-12-08T15:34:05.891+0000] {processor.py:157} INFO - Started process (PID=1208) to work on /opt/airflow/dags/utils/__init__.py
[2025-12-08T15:34:05.892+0000] {processor.py:829} INFO - Processing file /opt/airflow/dags/utils/__init__.py for tasks to queue
[2025-12-08T15:34:05.893+0000] {logging_mixin.py:154} INFO - [2025-12-08T15:34:05.893+0000] {dagbag.py:536} INFO - Filling up the DagBag from /opt/airflow/dags/utils/__init__.py
[2025-12-08T15:34:05.894+0000] {processor.py:841} WARNING - No viable dags retrieved from /opt/airflow/dags/utils/__init__.py
[2025-12-08T15:34:05.906+0000] {processor.py:179} INFO - Processing /opt/airflow/dags/utils/__init__.py took 0.018 seconds
[2025-12-08T15:34:36.658+0000] {processor.py:157} INFO - Started process (PID=1261) to work on /opt/airflow/dags/utils/__init__.py
[2025-12-08T15:34:36.659+0000] {processor.py:829} INFO - Processing file /opt/airflow/dags/utils/__init__.py for tasks to queue
[2025-12-08T15:34:36.659+0000] {logging_mixin.py:154} INFO - [2025-12-08T15:34:36.659+0000] {dagbag.py:536} INFO - Filling up the DagBag from /opt/airflow/dags/utils/__init__.py
[2025-12-08T15:34:36.661+0000] {processor.py:841} WARNING - No viable dags retrieved from /opt/airflow/dags/utils/__init__.py
[2025-12-08T15:34:36.673+0000] {processor.py:179} INFO - Processing /opt/airflow/dags/utils/__init__.py took 0.019 seconds
[2025-12-08T15:35:07.055+0000] {processor.py:157} INFO - Started process (PID=1320) to work on /opt/airflow/dags/utils/__init__.py
[2025-12-08T15:35:07.055+0000] {processor.py:829} INFO - Processing file /opt/airflow/dags/utils/__init__.py for tasks to queue
[2025-12-08T15:35:07.056+0000] {logging_mixin.py:154} INFO - [2025-12-08T15:35:07.056+0000] {dagbag.py:536} INFO - Filling up the DagBag from /opt/airflow/dags/utils/__init__.py
[2025-12-08T15:35:07.058+0000] {processor.py:841} WARNING - No viable dags retrieved from /opt/airflow/dags/utils/__init__.py
[2025-12-08T15:35:07.068+0000] {processor.py:179} INFO - Processing /opt/airflow/dags/utils/__init__.py took 0.016 seconds
[2025-12-08T15:35:37.151+0000] {processor.py:157} INFO - Started process (PID=1379) to work on /opt/airflow/dags/utils/__init__.py
[2025-12-08T15:35:37.152+0000] {processor.py:829} INFO - Processing file /opt/airflow/dags/utils/__init__.py for tasks to queue
[2025-12-08T15:35:37.153+0000] {logging_mixin.py:154} INFO - [2025-12-08T15:35:37.153+0000] {dagbag.py:536} INFO - Filling up the DagBag from /opt/airflow/dags/utils/__init__.py
[2025-12-08T15:35:37.154+0000] {processor.py:841} WARNING - No viable dags retrieved from /opt/airflow/dags/utils/__init__.py
[2025-12-08T15:35:37.165+0000] {processor.py:179} INFO - Processing /opt/airflow/dags/utils/__init__.py took 0.016 seconds
[2025-12-08T15:36:07.308+0000] {processor.py:157} INFO - Started process (PID=1431) to work on /opt/airflow/dags/utils/__init__.py
[2025-12-08T15:36:07.309+0000] {processor.py:829} INFO - Processing file /opt/airflow/dags/utils/__init__.py for tasks to queue
[2025-12-08T15:36:07.310+0000] {logging_mixin.py:154} INFO - [2025-12-08T15:36:07.310+0000] {dagbag.py:536} INFO - Filling up the DagBag from /opt/airflow/dags/utils/__init__.py
[2025-12-08T15:36:07.312+0000] {processor.py:841} WARNING - No viable dags retrieved from /opt/airflow/dags/utils/__init__.py
[2025-12-08T15:36:07.322+0000] {processor.py:179} INFO - Processing /opt/airflow/dags/utils/__init__.py took 0.016 seconds
[2025-12-08T15:36:37.399+0000] {processor.py:157} INFO - Started process (PID=1490) to work on /opt/airflow/dags/utils/__init__.py
[2025-12-08T15:36:37.399+0000] {processor.py:829} INFO - Processing file /opt/airflow/dags/utils/__init__.py for tasks to queue
[2025-12-08T15:36:37.400+0000] {logging_mixin.py:154} INFO - [2025-12-08T15:36:37.400+0000] {dagbag.py:536} INFO - Filling up the DagBag from /opt/airflow/dags/utils/__init__.py
[2025-12-08T15:36:37.401+0000] {processor.py:841} WARNING - No viable dags retrieved from /opt/airflow/dags/utils/__init__.py
[2025-12-08T15:36:37.411+0000] {processor.py:179} INFO - Processing /opt/airflow/dags/utils/__init__.py took 0.015 seconds
[2025-12-08T15:37:07.894+0000] {processor.py:157} INFO - Started process (PID=1549) to work on /opt/airflow/dags/utils/__init__.py
[2025-12-08T15:37:07.895+0000] {processor.py:829} INFO - Processing file /opt/airflow/dags/utils/__init__.py for tasks to queue
[2025-12-08T15:37:07.896+0000] {logging_mixin.py:154} INFO - [2025-12-08T15:37:07.896+0000] {dagbag.py:536} INFO - Filling up the DagBag from /opt/airflow/dags/utils/__init__.py
[2025-12-08T15:37:07.897+0000] {processor.py:841} WARNING - No viable dags retrieved from /opt/airflow/dags/utils/__init__.py
[2025-12-08T15:37:07.908+0000] {processor.py:179} INFO - Processing /opt/airflow/dags/utils/__init__.py took 0.018 seconds
