[2025-10-28T00:41:23.125+0000] {taskinstance.py:1159} INFO - Dependencies all met for dep_context=non-requeueable deps ti=<TaskInstance: hiring_dynamic.split_data scheduled__2024-12-05T15:00:00+00:00 [queued]>
[2025-10-28T00:41:23.128+0000] {taskinstance.py:1159} INFO - Dependencies all met for dep_context=requeueable deps ti=<TaskInstance: hiring_dynamic.split_data scheduled__2024-12-05T15:00:00+00:00 [queued]>
[2025-10-28T00:41:23.128+0000] {taskinstance.py:1361} INFO - Starting attempt 1 of 1
[2025-10-28T00:41:23.134+0000] {taskinstance.py:1382} INFO - Executing <Task(PythonOperator): split_data> on 2024-12-05 15:00:00+00:00
[2025-10-28T00:41:23.141+0000] {standard_task_runner.py:57} INFO - Started process 964 to run task
[2025-10-28T00:41:23.144+0000] {standard_task_runner.py:84} INFO - Running: ['airflow', 'tasks', 'run', 'hiring_dynamic', 'split_data', 'scheduled__2024-12-05T15:00:00+00:00', '--job-id', '43', '--raw', '--subdir', 'DAGS_FOLDER/dag_dynamic.py', '--cfg-path', '/tmp/tmp00ipri0q']
[2025-10-28T00:41:23.145+0000] {standard_task_runner.py:85} INFO - Job 43: Subtask split_data
[2025-10-28T00:41:23.162+0000] {task_command.py:416} INFO - Running <TaskInstance: hiring_dynamic.split_data scheduled__2024-12-05T15:00:00+00:00 [running]> on host d1f69dfe6243
[2025-10-28T00:41:23.185+0000] {taskinstance.py:1662} INFO - Exporting env vars: AIRFLOW_CTX_DAG_OWNER='airflow' AIRFLOW_CTX_DAG_ID='hiring_dynamic' AIRFLOW_CTX_TASK_ID='split_data' AIRFLOW_CTX_EXECUTION_DATE='2024-12-05T15:00:00+00:00' AIRFLOW_CTX_TRY_NUMBER='1' AIRFLOW_CTX_DAG_RUN_ID='scheduled__2024-12-05T15:00:00+00:00'
[2025-10-28T00:41:23.197+0000] {logging_mixin.py:154} INFO - Train guardado en: /opt/airflow/data/dynamic/2024-12-05/splits/train.csv - Shape: (1200, 10)
[2025-10-28T00:41:23.198+0000] {logging_mixin.py:154} INFO - Test guardado en: /opt/airflow/data/dynamic/2024-12-05/splits/test.csv - Shape: (300, 10)
[2025-10-28T00:41:23.204+0000] {python.py:194} INFO - Done. Returned value was: None
[2025-10-28T00:41:23.206+0000] {taskinstance.py:1400} INFO - Marking task as SUCCESS. dag_id=hiring_dynamic, task_id=split_data, execution_date=20241205T150000, start_date=20251028T004123, end_date=20251028T004123
[2025-10-28T00:41:23.243+0000] {local_task_job_runner.py:228} INFO - Task exited with return code 0
[2025-10-28T00:41:23.255+0000] {taskinstance.py:2778} INFO - 3 downstream tasks scheduled from follow-on schedule check
[2025-10-28T01:28:13.475+0000] {taskinstance.py:1159} INFO - Dependencies all met for dep_context=non-requeueable deps ti=<TaskInstance: hiring_dynamic.split_data scheduled__2024-12-05T15:00:00+00:00 [queued]>
[2025-10-28T01:28:13.480+0000] {taskinstance.py:1159} INFO - Dependencies all met for dep_context=requeueable deps ti=<TaskInstance: hiring_dynamic.split_data scheduled__2024-12-05T15:00:00+00:00 [queued]>
[2025-10-28T01:28:13.480+0000] {taskinstance.py:1361} INFO - Starting attempt 1 of 1
[2025-10-28T01:28:13.488+0000] {taskinstance.py:1382} INFO - Executing <Task(PythonOperator): split_data> on 2024-12-05 15:00:00+00:00
[2025-10-28T01:28:13.509+0000] {standard_task_runner.py:57} INFO - Started process 1095 to run task
[2025-10-28T01:28:13.514+0000] {standard_task_runner.py:84} INFO - Running: ['airflow', 'tasks', 'run', 'hiring_dynamic', 'split_data', 'scheduled__2024-12-05T15:00:00+00:00', '--job-id', '37', '--raw', '--subdir', 'DAGS_FOLDER/dag_dynamic.py', '--cfg-path', '/tmp/tmpjccuamha']
[2025-10-28T01:28:13.515+0000] {standard_task_runner.py:85} INFO - Job 37: Subtask split_data
[2025-10-28T01:28:13.550+0000] {task_command.py:416} INFO - Running <TaskInstance: hiring_dynamic.split_data scheduled__2024-12-05T15:00:00+00:00 [running]> on host c46dbfd34b1f
[2025-10-28T01:28:13.582+0000] {taskinstance.py:1662} INFO - Exporting env vars: AIRFLOW_CTX_DAG_OWNER='airflow' AIRFLOW_CTX_DAG_ID='hiring_dynamic' AIRFLOW_CTX_TASK_ID='split_data' AIRFLOW_CTX_EXECUTION_DATE='2024-12-05T15:00:00+00:00' AIRFLOW_CTX_TRY_NUMBER='1' AIRFLOW_CTX_DAG_RUN_ID='scheduled__2024-12-05T15:00:00+00:00'
[2025-10-28T01:28:13.601+0000] {logging_mixin.py:154} INFO - Train guardado en: /opt/airflow/data/dynamic/2024-12-05/splits/train.csv - Shape: (1200, 10)
[2025-10-28T01:28:13.601+0000] {logging_mixin.py:154} INFO - Test guardado en: /opt/airflow/data/dynamic/2024-12-05/splits/test.csv - Shape: (300, 10)
[2025-10-28T01:28:13.609+0000] {python.py:194} INFO - Done. Returned value was: None
[2025-10-28T01:28:13.612+0000] {taskinstance.py:1400} INFO - Marking task as SUCCESS. dag_id=hiring_dynamic, task_id=split_data, execution_date=20241205T150000, start_date=20251028T012813, end_date=20251028T012813
[2025-10-28T01:28:13.656+0000] {local_task_job_runner.py:228} INFO - Task exited with return code 0
[2025-10-28T01:28:13.692+0000] {taskinstance.py:2778} INFO - 3 downstream tasks scheduled from follow-on schedule check
