[2025-10-28T00:41:17.270+0000] {taskinstance.py:1159} INFO - Dependencies all met for dep_context=non-requeueable deps ti=<TaskInstance: hiring_dynamic.download_data_2 scheduled__2025-03-05T15:00:00+00:00 [queued]>
[2025-10-28T00:41:17.274+0000] {taskinstance.py:1159} INFO - Dependencies all met for dep_context=requeueable deps ti=<TaskInstance: hiring_dynamic.download_data_2 scheduled__2025-03-05T15:00:00+00:00 [queued]>
[2025-10-28T00:41:17.274+0000] {taskinstance.py:1361} INFO - Starting attempt 1 of 1
[2025-10-28T00:41:17.280+0000] {taskinstance.py:1382} INFO - Executing <Task(BashOperator): download_data_2> on 2025-03-05 15:00:00+00:00
[2025-10-28T00:41:17.284+0000] {standard_task_runner.py:57} INFO - Started process 925 to run task
[2025-10-28T00:41:17.286+0000] {standard_task_runner.py:84} INFO - Running: ['airflow', 'tasks', 'run', 'hiring_dynamic', 'download_data_2', 'scheduled__2025-03-05T15:00:00+00:00', '--job-id', '41', '--raw', '--subdir', 'DAGS_FOLDER/dag_dynamic.py', '--cfg-path', '/tmp/tmpq4w1abwq']
[2025-10-28T00:41:17.287+0000] {standard_task_runner.py:85} INFO - Job 41: Subtask download_data_2
[2025-10-28T00:41:17.310+0000] {task_command.py:416} INFO - Running <TaskInstance: hiring_dynamic.download_data_2 scheduled__2025-03-05T15:00:00+00:00 [running]> on host d1f69dfe6243
[2025-10-28T00:41:17.425+0000] {taskinstance.py:1662} INFO - Exporting env vars: AIRFLOW_CTX_DAG_OWNER='airflow' AIRFLOW_CTX_DAG_ID='hiring_dynamic' AIRFLOW_CTX_TASK_ID='download_data_2' AIRFLOW_CTX_EXECUTION_DATE='2025-03-05T15:00:00+00:00' AIRFLOW_CTX_TRY_NUMBER='1' AIRFLOW_CTX_DAG_RUN_ID='scheduled__2025-03-05T15:00:00+00:00'
[2025-10-28T00:41:17.426+0000] {subprocess.py:63} INFO - Tmp dir root location: /tmp
[2025-10-28T00:41:17.426+0000] {subprocess.py:75} INFO - Running command: ['/bin/bash', '-c', '\n        RAW_DIR="/opt/airflow/data/dynamic/2025-03-05/raw"\n        mkdir -p "$RAW_DIR"\n        curl -L -f -o "$RAW_DIR/data_2.csv" https://gitlab.com/eduardomoyab/laboratorio-13/-/raw/main/files/data_2.csv\n        echo \'✅ Archivo data_2.csv descargado exitosamente\'\n        ls -lh "$RAW_DIR/data_2.csv"\n    ']
[2025-10-28T00:41:17.437+0000] {subprocess.py:86} INFO - Output:
[2025-10-28T00:41:17.445+0000] {subprocess.py:93} INFO -   % Total    % Received % Xferd  Average Speed   Time    Time     Time  Current
[2025-10-28T00:41:17.445+0000] {subprocess.py:93} INFO -                                  Dload  Upload   Total   Spent    Left  Speed
[2025-10-28T00:41:18.335+0000] {subprocess.py:93} INFO -   0     0    0     0    0     0      0      0 --:--:-- --:--:-- --:--:--     0100 32687  100 32687    0     0  36768      0 --:--:-- --:--:-- --:--:-- 36768
[2025-10-28T00:41:18.346+0000] {subprocess.py:93} INFO - ✅ Archivo data_2.csv descargado exitosamente
[2025-10-28T00:41:18.351+0000] {subprocess.py:93} INFO - -rw-r--r-- 1 airflow root 32K Oct 28 00:41 /opt/airflow/data/dynamic/2025-03-05/raw/data_2.csv
[2025-10-28T00:41:18.352+0000] {subprocess.py:97} INFO - Command exited with return code 0
[2025-10-28T00:41:18.401+0000] {taskinstance.py:1400} INFO - Marking task as SUCCESS. dag_id=hiring_dynamic, task_id=download_data_2, execution_date=20250305T150000, start_date=20251028T004117, end_date=20251028T004118
[2025-10-28T00:41:18.444+0000] {local_task_job_runner.py:228} INFO - Task exited with return code 0
[2025-10-28T00:41:18.504+0000] {taskinstance.py:2778} INFO - 0 downstream tasks scheduled from follow-on schedule check
[2025-10-28T01:28:07.826+0000] {taskinstance.py:1159} INFO - Dependencies all met for dep_context=non-requeueable deps ti=<TaskInstance: hiring_dynamic.download_data_2 scheduled__2025-03-05T15:00:00+00:00 [queued]>
[2025-10-28T01:28:07.830+0000] {taskinstance.py:1159} INFO - Dependencies all met for dep_context=requeueable deps ti=<TaskInstance: hiring_dynamic.download_data_2 scheduled__2025-03-05T15:00:00+00:00 [queued]>
[2025-10-28T01:28:07.830+0000] {taskinstance.py:1361} INFO - Starting attempt 1 of 1
[2025-10-28T01:28:07.836+0000] {taskinstance.py:1382} INFO - Executing <Task(BashOperator): download_data_2> on 2025-03-05 15:00:00+00:00
[2025-10-28T01:28:07.845+0000] {standard_task_runner.py:57} INFO - Started process 1056 to run task
[2025-10-28T01:28:07.851+0000] {standard_task_runner.py:84} INFO - Running: ['airflow', 'tasks', 'run', 'hiring_dynamic', 'download_data_2', 'scheduled__2025-03-05T15:00:00+00:00', '--job-id', '35', '--raw', '--subdir', 'DAGS_FOLDER/dag_dynamic.py', '--cfg-path', '/tmp/tmpklztv6a6']
[2025-10-28T01:28:07.852+0000] {standard_task_runner.py:85} INFO - Job 35: Subtask download_data_2
[2025-10-28T01:28:07.878+0000] {task_command.py:416} INFO - Running <TaskInstance: hiring_dynamic.download_data_2 scheduled__2025-03-05T15:00:00+00:00 [running]> on host c46dbfd34b1f
[2025-10-28T01:28:07.911+0000] {taskinstance.py:1662} INFO - Exporting env vars: AIRFLOW_CTX_DAG_OWNER='airflow' AIRFLOW_CTX_DAG_ID='hiring_dynamic' AIRFLOW_CTX_TASK_ID='download_data_2' AIRFLOW_CTX_EXECUTION_DATE='2025-03-05T15:00:00+00:00' AIRFLOW_CTX_TRY_NUMBER='1' AIRFLOW_CTX_DAG_RUN_ID='scheduled__2025-03-05T15:00:00+00:00'
[2025-10-28T01:28:07.912+0000] {subprocess.py:63} INFO - Tmp dir root location: /tmp
[2025-10-28T01:28:07.913+0000] {subprocess.py:75} INFO - Running command: ['/bin/bash', '-c', '\n        RAW_DIR="/opt/airflow/data/dynamic/2025-03-05/raw"\n        mkdir -p "$RAW_DIR"\n        curl -L -f -o "$RAW_DIR/data_2.csv" https://gitlab.com/eduardomoyab/laboratorio-13/-/raw/main/files/data_2.csv\n        echo \'✅ Archivo data_2.csv descargado exitosamente\'\n        ls -lh "$RAW_DIR/data_2.csv"\n    ']
[2025-10-28T01:28:07.925+0000] {subprocess.py:86} INFO - Output:
[2025-10-28T01:28:07.935+0000] {subprocess.py:93} INFO -   % Total    % Received % Xferd  Average Speed   Time    Time     Time  Current
[2025-10-28T01:28:07.936+0000] {subprocess.py:93} INFO -                                  Dload  Upload   Total   Spent    Left  Speed
[2025-10-28T01:28:08.514+0000] {subprocess.py:93} INFO -   0     0    0     0    0     0      0      0 --:--:-- --:--:-- --:--:--     0  0     0    0     0    0     0      0      0 --:--:-- --:--:-- --:--:--     0100 32687  100 32687    0     0  56551      0 --:--:-- --:--:-- --:--:-- 56454
[2025-10-28T01:28:08.525+0000] {subprocess.py:93} INFO - ✅ Archivo data_2.csv descargado exitosamente
[2025-10-28T01:28:08.533+0000] {subprocess.py:93} INFO - -rw-r--r-- 1 airflow root 32K Oct 28 01:28 /opt/airflow/data/dynamic/2025-03-05/raw/data_2.csv
[2025-10-28T01:28:08.535+0000] {subprocess.py:97} INFO - Command exited with return code 0
[2025-10-28T01:28:08.566+0000] {taskinstance.py:1400} INFO - Marking task as SUCCESS. dag_id=hiring_dynamic, task_id=download_data_2, execution_date=20250305T150000, start_date=20251028T012807, end_date=20251028T012808
[2025-10-28T01:28:08.595+0000] {local_task_job_runner.py:228} INFO - Task exited with return code 0
[2025-10-28T01:28:08.622+0000] {taskinstance.py:2778} INFO - 0 downstream tasks scheduled from follow-on schedule check
