[2025-10-28T00:39:40.795+0000] {taskinstance.py:1159} INFO - Dependencies all met for dep_context=non-requeueable deps ti=<TaskInstance: hiring_dynamic.create_folders scheduled__2024-10-05T15:00:00+00:00 [queued]>
[2025-10-28T00:39:40.798+0000] {taskinstance.py:1159} INFO - Dependencies all met for dep_context=requeueable deps ti=<TaskInstance: hiring_dynamic.create_folders scheduled__2024-10-05T15:00:00+00:00 [queued]>
[2025-10-28T00:39:40.798+0000] {taskinstance.py:1361} INFO - Starting attempt 1 of 1
[2025-10-28T00:39:40.807+0000] {taskinstance.py:1382} INFO - Executing <Task(PythonOperator): create_folders> on 2024-10-05 15:00:00+00:00
[2025-10-28T00:39:40.813+0000] {standard_task_runner.py:57} INFO - Started process 139 to run task
[2025-10-28T00:39:40.817+0000] {standard_task_runner.py:84} INFO - Running: ['airflow', 'tasks', 'run', 'hiring_dynamic', 'create_folders', 'scheduled__2024-10-05T15:00:00+00:00', '--job-id', '2', '--raw', '--subdir', 'DAGS_FOLDER/dag_dynamic.py', '--cfg-path', '/tmp/tmpp3183ahb']
[2025-10-28T00:39:40.820+0000] {standard_task_runner.py:85} INFO - Job 2: Subtask create_folders
[2025-10-28T00:39:40.852+0000] {task_command.py:416} INFO - Running <TaskInstance: hiring_dynamic.create_folders scheduled__2024-10-05T15:00:00+00:00 [running]> on host d1f69dfe6243
[2025-10-28T00:39:40.893+0000] {taskinstance.py:1662} INFO - Exporting env vars: AIRFLOW_CTX_DAG_OWNER='airflow' AIRFLOW_CTX_DAG_ID='hiring_dynamic' AIRFLOW_CTX_TASK_ID='create_folders' AIRFLOW_CTX_EXECUTION_DATE='2024-10-05T15:00:00+00:00' AIRFLOW_CTX_TRY_NUMBER='1' AIRFLOW_CTX_DAG_RUN_ID='scheduled__2024-10-05T15:00:00+00:00'
[2025-10-28T00:39:40.895+0000] {logging_mixin.py:154} INFO - Carpetas creadas en: /opt/airflow/data/dynamic/2024-10-05
[2025-10-28T00:39:40.900+0000] {python.py:194} INFO - Done. Returned value was: None
[2025-10-28T00:39:40.906+0000] {taskinstance.py:1400} INFO - Marking task as SUCCESS. dag_id=hiring_dynamic, task_id=create_folders, execution_date=20241005T150000, start_date=20251028T003940, end_date=20251028T003940
[2025-10-28T00:39:40.914+0000] {local_task_job_runner.py:228} INFO - Task exited with return code 0
[2025-10-28T00:39:40.929+0000] {taskinstance.py:2778} INFO - 1 downstream tasks scheduled from follow-on schedule check
[2025-10-28T01:26:37.732+0000] {taskinstance.py:1159} INFO - Dependencies all met for dep_context=non-requeueable deps ti=<TaskInstance: hiring_dynamic.create_folders scheduled__2024-10-05T15:00:00+00:00 [queued]>
[2025-10-28T01:26:37.735+0000] {taskinstance.py:1159} INFO - Dependencies all met for dep_context=requeueable deps ti=<TaskInstance: hiring_dynamic.create_folders scheduled__2024-10-05T15:00:00+00:00 [queued]>
[2025-10-28T01:26:37.735+0000] {taskinstance.py:1361} INFO - Starting attempt 1 of 1
[2025-10-28T01:26:37.742+0000] {taskinstance.py:1382} INFO - Executing <Task(PythonOperator): create_folders> on 2024-10-05 15:00:00+00:00
[2025-10-28T01:26:37.748+0000] {standard_task_runner.py:57} INFO - Started process 382 to run task
[2025-10-28T01:26:37.764+0000] {standard_task_runner.py:84} INFO - Running: ['airflow', 'tasks', 'run', 'hiring_dynamic', 'create_folders', 'scheduled__2024-10-05T15:00:00+00:00', '--job-id', '2', '--raw', '--subdir', 'DAGS_FOLDER/dag_dynamic.py', '--cfg-path', '/tmp/tmpyzjluxzi']
[2025-10-28T01:26:37.767+0000] {standard_task_runner.py:85} INFO - Job 2: Subtask create_folders
[2025-10-28T01:26:37.957+0000] {task_command.py:416} INFO - Running <TaskInstance: hiring_dynamic.create_folders scheduled__2024-10-05T15:00:00+00:00 [running]> on host c46dbfd34b1f
[2025-10-28T01:26:38.095+0000] {taskinstance.py:1662} INFO - Exporting env vars: AIRFLOW_CTX_DAG_OWNER='airflow' AIRFLOW_CTX_DAG_ID='hiring_dynamic' AIRFLOW_CTX_TASK_ID='create_folders' AIRFLOW_CTX_EXECUTION_DATE='2024-10-05T15:00:00+00:00' AIRFLOW_CTX_TRY_NUMBER='1' AIRFLOW_CTX_DAG_RUN_ID='scheduled__2024-10-05T15:00:00+00:00'
[2025-10-28T01:26:38.101+0000] {logging_mixin.py:154} INFO - Carpetas creadas en: /opt/airflow/data/dynamic/2024-10-05
[2025-10-28T01:26:38.109+0000] {python.py:194} INFO - Done. Returned value was: None
[2025-10-28T01:26:38.112+0000] {taskinstance.py:1400} INFO - Marking task as SUCCESS. dag_id=hiring_dynamic, task_id=create_folders, execution_date=20241005T150000, start_date=20251028T012637, end_date=20251028T012638
[2025-10-28T01:26:38.126+0000] {local_task_job_runner.py:228} INFO - Task exited with return code 0
[2025-10-28T01:26:38.139+0000] {taskinstance.py:2778} INFO - 1 downstream tasks scheduled from follow-on schedule check
