[2025-12-05T02:58:18.781+0000] {taskinstance.py:1159} INFO - Dependencies all met for dep_context=non-requeueable deps ti=<TaskInstance: sodai_drinks_production_pipeline.detect_drift manual__2025-12-05T02:58:01+00:00 [queued]>
[2025-12-05T02:58:18.787+0000] {taskinstance.py:1159} INFO - Dependencies all met for dep_context=requeueable deps ti=<TaskInstance: sodai_drinks_production_pipeline.detect_drift manual__2025-12-05T02:58:01+00:00 [queued]>
[2025-12-05T02:58:18.787+0000] {taskinstance.py:1361} INFO - Starting attempt 1 of 2
[2025-12-05T02:58:18.794+0000] {taskinstance.py:1382} INFO - Executing <Task(PythonOperator): detect_drift> on 2025-12-05 02:58:01+00:00
[2025-12-05T02:58:18.804+0000] {standard_task_runner.py:57} INFO - Started process 471 to run task
[2025-12-05T02:58:18.807+0000] {standard_task_runner.py:84} INFO - Running: ['***', 'tasks', 'run', 'sodai_drinks_production_pipeline', 'detect_drift', 'manual__2025-12-05T02:58:01+00:00', '--job-id', '6', '--raw', '--subdir', 'DAGS_FOLDER/pipeline_productivo.py', '--cfg-path', '/tmp/tmpuktgr3by']
[2025-12-05T02:58:18.809+0000] {standard_task_runner.py:85} INFO - Job 6: Subtask detect_drift
[2025-12-05T02:58:18.843+0000] {task_command.py:416} INFO - Running <TaskInstance: sodai_drinks_production_pipeline.detect_drift manual__2025-12-05T02:58:01+00:00 [running]> on host 5c90aa578e5c
[2025-12-05T02:58:18.893+0000] {taskinstance.py:1662} INFO - Exporting env vars: AIRFLOW_CTX_DAG_EMAIL='team@sodaidrinks.com' AIRFLOW_CTX_DAG_OWNER='sodai_drinks_team' AIRFLOW_CTX_DAG_ID='sodai_drinks_production_pipeline' AIRFLOW_CTX_TASK_ID='detect_drift' AIRFLOW_CTX_EXECUTION_DATE='2025-12-05T02:58:01+00:00' AIRFLOW_CTX_TRY_NUMBER='1' AIRFLOW_CTX_DAG_RUN_ID='manual__2025-12-05T02:58:01+00:00'
[2025-12-05T02:58:18.894+0000] {drift_detection.py:80} INFO - Iniciando detección de drift...
[2025-12-05T02:58:19.135+0000] {drift_detection.py:110} INFO - Datos de referencia: 13920 registros
[2025-12-05T02:58:19.135+0000] {drift_detection.py:111} INFO - Datos actuales: 13920 registros
[2025-12-05T02:58:19.137+0000] {drift_detection.py:119} INFO - Analizando drift en 15 features numéricas
[2025-12-05T02:58:19.140+0000] {drift_detection.py:30} INFO - KS Test - Statistic: 0.0000, P-value: 1.0000
[2025-12-05T02:58:19.142+0000] {drift_detection.py:65} INFO - PSI: 0.0000
[2025-12-05T02:58:19.144+0000] {drift_detection.py:30} INFO - KS Test - Statistic: 0.0000, P-value: 1.0000
[2025-12-05T02:58:19.145+0000] {drift_detection.py:65} INFO - PSI: 0.0000
[2025-12-05T02:58:19.147+0000] {drift_detection.py:30} INFO - KS Test - Statistic: 0.0000, P-value: 1.0000
[2025-12-05T02:58:19.148+0000] {drift_detection.py:65} INFO - PSI: 0.0000
[2025-12-05T02:58:19.149+0000] {drift_detection.py:30} INFO - KS Test - Statistic: 0.0000, P-value: 1.0000
[2025-12-05T02:58:19.150+0000] {drift_detection.py:65} INFO - PSI: 0.0000
[2025-12-05T02:58:19.151+0000] {drift_detection.py:30} INFO - KS Test - Statistic: 0.0000, P-value: 1.0000
[2025-12-05T02:58:19.152+0000] {drift_detection.py:65} INFO - PSI: 0.0000
[2025-12-05T02:58:19.172+0000] {drift_detection.py:168} INFO - No se detectó drift significativo en los datos
[2025-12-05T02:58:19.180+0000] {python.py:194} INFO - Done. Returned value was: {'status': 'success', 'has_drift': False, 'features_analyzed': 15, 'drift_results': {'Y': {'ks_statistic': 0.0, 'ks_p_value': 1.0, 'ks_drift': False, 'psi': 0.0, 'psi_drift': False}, 'X': {'ks_statistic': 0.0, 'ks_p_value': 1.0, 'ks_drift': False, 'psi': 0.0, 'psi_drift': False}, 'size': {'ks_statistic': 0.0, 'ks_p_value': 1.0, 'ks_drift': False, 'psi': 0.0, 'psi_drift': False}, 'num_deliver_per_week': {'ks_statistic': 0.0, 'ks_p_value': 1.0, 'ks_drift': False, 'psi': 0.0, 'psi_drift': False}, 'segment': {'ks_statistic': 0.0, 'ks_p_value': 1.0, 'ks_drift': False, 'psi': 0.0, 'psi_drift': False}}}
[2025-12-05T02:58:19.193+0000] {taskinstance.py:1400} INFO - Marking task as SUCCESS. dag_id=sodai_drinks_production_pipeline, task_id=detect_drift, execution_date=20251205T025801, start_date=20251205T025818, end_date=20251205T025819
[2025-12-05T02:58:19.264+0000] {local_task_job_runner.py:228} INFO - Task exited with return code 0
[2025-12-05T02:58:19.284+0000] {taskinstance.py:2778} INFO - 1 downstream tasks scheduled from follow-on schedule check
