[2025-10-28T00:42:18.652+0000] {taskinstance.py:1159} INFO - Dependencies all met for dep_context=non-requeueable deps ti=<TaskInstance: hiring_dynamic.train_logistic_regression scheduled__2024-12-05T15:00:00+00:00 [queued]>
[2025-10-28T00:42:18.655+0000] {taskinstance.py:1159} INFO - Dependencies all met for dep_context=requeueable deps ti=<TaskInstance: hiring_dynamic.train_logistic_regression scheduled__2024-12-05T15:00:00+00:00 [queued]>
[2025-10-28T00:42:18.655+0000] {taskinstance.py:1361} INFO - Starting attempt 1 of 1
[2025-10-28T00:42:18.662+0000] {taskinstance.py:1382} INFO - Executing <Task(PythonOperator): train_logistic_regression> on 2024-12-05 15:00:00+00:00
[2025-10-28T00:42:18.666+0000] {standard_task_runner.py:57} INFO - Started process 1327 to run task
[2025-10-28T00:42:18.669+0000] {standard_task_runner.py:84} INFO - Running: ['airflow', 'tasks', 'run', 'hiring_dynamic', 'train_logistic_regression', 'scheduled__2024-12-05T15:00:00+00:00', '--job-id', '59', '--raw', '--subdir', 'DAGS_FOLDER/dag_dynamic.py', '--cfg-path', '/tmp/tmpi6kp2vey']
[2025-10-28T00:42:18.670+0000] {standard_task_runner.py:85} INFO - Job 59: Subtask train_logistic_regression
[2025-10-28T00:42:18.687+0000] {task_command.py:416} INFO - Running <TaskInstance: hiring_dynamic.train_logistic_regression scheduled__2024-12-05T15:00:00+00:00 [running]> on host d1f69dfe6243
[2025-10-28T00:42:18.712+0000] {taskinstance.py:1662} INFO - Exporting env vars: AIRFLOW_CTX_DAG_OWNER='airflow' AIRFLOW_CTX_DAG_ID='hiring_dynamic' AIRFLOW_CTX_TASK_ID='train_logistic_regression' AIRFLOW_CTX_EXECUTION_DATE='2024-12-05T15:00:00+00:00' AIRFLOW_CTX_TRY_NUMBER='1' AIRFLOW_CTX_DAG_RUN_ID='scheduled__2024-12-05T15:00:00+00:00'
[2025-10-28T00:42:18.716+0000] {logging_mixin.py:154} INFO - Entrenando modelo: logistic_regression
[2025-10-28T00:42:25.963+0000] {logging_mixin.py:154} INFO - Modelo logistic_regression guardado en: /opt/airflow/data/dynamic/2024-12-05/models/logistic_regression.joblib
[2025-10-28T00:42:26.006+0000] {python.py:194} INFO - Done. Returned value was: None
[2025-10-28T00:42:26.010+0000] {taskinstance.py:1400} INFO - Marking task as SUCCESS. dag_id=hiring_dynamic, task_id=train_logistic_regression, execution_date=20241205T150000, start_date=20251028T004218, end_date=20251028T004226
[2025-10-28T00:42:26.056+0000] {local_task_job_runner.py:228} INFO - Task exited with return code 0
[2025-10-28T00:42:26.072+0000] {taskinstance.py:2778} INFO - 1 downstream tasks scheduled from follow-on schedule check
[2025-10-28T01:28:57.571+0000] {taskinstance.py:1159} INFO - Dependencies all met for dep_context=non-requeueable deps ti=<TaskInstance: hiring_dynamic.train_logistic_regression scheduled__2024-12-05T15:00:00+00:00 [queued]>
[2025-10-28T01:28:57.575+0000] {taskinstance.py:1159} INFO - Dependencies all met for dep_context=requeueable deps ti=<TaskInstance: hiring_dynamic.train_logistic_regression scheduled__2024-12-05T15:00:00+00:00 [queued]>
[2025-10-28T01:28:57.575+0000] {taskinstance.py:1361} INFO - Starting attempt 1 of 1
[2025-10-28T01:28:57.580+0000] {taskinstance.py:1382} INFO - Executing <Task(PythonOperator): train_logistic_regression> on 2024-12-05 15:00:00+00:00
[2025-10-28T01:28:57.585+0000] {standard_task_runner.py:57} INFO - Started process 1382 to run task
[2025-10-28T01:28:57.587+0000] {standard_task_runner.py:84} INFO - Running: ['airflow', 'tasks', 'run', 'hiring_dynamic', 'train_logistic_regression', 'scheduled__2024-12-05T15:00:00+00:00', '--job-id', '50', '--raw', '--subdir', 'DAGS_FOLDER/dag_dynamic.py', '--cfg-path', '/tmp/tmpmh19ba28']
[2025-10-28T01:28:57.588+0000] {standard_task_runner.py:85} INFO - Job 50: Subtask train_logistic_regression
[2025-10-28T01:28:57.605+0000] {task_command.py:416} INFO - Running <TaskInstance: hiring_dynamic.train_logistic_regression scheduled__2024-12-05T15:00:00+00:00 [running]> on host c46dbfd34b1f
[2025-10-28T01:28:57.630+0000] {taskinstance.py:1662} INFO - Exporting env vars: AIRFLOW_CTX_DAG_OWNER='airflow' AIRFLOW_CTX_DAG_ID='hiring_dynamic' AIRFLOW_CTX_TASK_ID='train_logistic_regression' AIRFLOW_CTX_EXECUTION_DATE='2024-12-05T15:00:00+00:00' AIRFLOW_CTX_TRY_NUMBER='1' AIRFLOW_CTX_DAG_RUN_ID='scheduled__2024-12-05T15:00:00+00:00'
[2025-10-28T01:28:57.634+0000] {logging_mixin.py:154} INFO - Entrenando modelo: logistic_regression
[2025-10-28T01:29:06.668+0000] {logging_mixin.py:154} INFO - Modelo logistic_regression guardado en: /opt/airflow/data/dynamic/2024-12-05/models/logistic_regression.joblib
[2025-10-28T01:29:06.708+0000] {python.py:194} INFO - Done. Returned value was: None
[2025-10-28T01:29:06.714+0000] {taskinstance.py:1400} INFO - Marking task as SUCCESS. dag_id=hiring_dynamic, task_id=train_logistic_regression, execution_date=20241205T150000, start_date=20251028T012857, end_date=20251028T012906
[2025-10-28T01:29:06.773+0000] {local_task_job_runner.py:228} INFO - Task exited with return code 0
[2025-10-28T01:29:06.810+0000] {taskinstance.py:2778} INFO - 1 downstream tasks scheduled from follow-on schedule check
