[2025-10-28T00:40:30.978+0000] {taskinstance.py:1159} INFO - Dependencies all met for dep_context=non-requeueable deps ti=<TaskInstance: hiring_dynamic.decide_download scheduled__2025-02-05T15:00:00+00:00 [queued]>
[2025-10-28T00:40:30.981+0000] {taskinstance.py:1159} INFO - Dependencies all met for dep_context=requeueable deps ti=<TaskInstance: hiring_dynamic.decide_download scheduled__2025-02-05T15:00:00+00:00 [queued]>
[2025-10-28T00:40:30.981+0000] {taskinstance.py:1361} INFO - Starting attempt 1 of 1
[2025-10-28T00:40:30.986+0000] {taskinstance.py:1382} INFO - Executing <Task(BranchPythonOperator): decide_download> on 2025-02-05 15:00:00+00:00
[2025-10-28T00:40:30.994+0000] {standard_task_runner.py:57} INFO - Started process 541 to run task
[2025-10-28T00:40:31.005+0000] {standard_task_runner.py:84} INFO - Running: ['airflow', 'tasks', 'run', 'hiring_dynamic', 'decide_download', 'scheduled__2025-02-05T15:00:00+00:00', '--job-id', '22', '--raw', '--subdir', 'DAGS_FOLDER/dag_dynamic.py', '--cfg-path', '/tmp/tmpavb_xim1']
[2025-10-28T00:40:31.006+0000] {standard_task_runner.py:85} INFO - Job 22: Subtask decide_download
[2025-10-28T00:40:31.028+0000] {task_command.py:416} INFO - Running <TaskInstance: hiring_dynamic.decide_download scheduled__2025-02-05T15:00:00+00:00 [running]> on host d1f69dfe6243
[2025-10-28T00:40:31.058+0000] {taskinstance.py:1662} INFO - Exporting env vars: AIRFLOW_CTX_DAG_OWNER='airflow' AIRFLOW_CTX_DAG_ID='hiring_dynamic' AIRFLOW_CTX_TASK_ID='decide_download' AIRFLOW_CTX_EXECUTION_DATE='2025-02-05T15:00:00+00:00' AIRFLOW_CTX_TRY_NUMBER='1' AIRFLOW_CTX_DAG_RUN_ID='scheduled__2025-02-05T15:00:00+00:00'
[2025-10-28T00:40:31.059+0000] {logging_mixin.py:154} INFO - Fecha 2025-02-05 >= 2024-11-01: descargando data_1 y data_2
[2025-10-28T00:40:31.059+0000] {python.py:194} INFO - Done. Returned value was: ['download_data_1', 'download_data_2']
[2025-10-28T00:40:31.059+0000] {python.py:227} INFO - Branch callable return ['download_data_1', 'download_data_2']
[2025-10-28T00:40:31.060+0000] {skipmixin.py:173} INFO - Following branch ['download_data_1', 'download_data_2']
[2025-10-28T00:40:31.063+0000] {skipmixin.py:239} INFO - Skipping tasks [('download_data_1_only', -1)]
[2025-10-28T00:40:31.074+0000] {taskinstance.py:1400} INFO - Marking task as SUCCESS. dag_id=hiring_dynamic, task_id=decide_download, execution_date=20250205T150000, start_date=20251028T004030, end_date=20251028T004031
[2025-10-28T00:40:31.103+0000] {local_task_job_runner.py:228} INFO - Task exited with return code 0
[2025-10-28T00:40:31.118+0000] {taskinstance.py:2778} INFO - 2 downstream tasks scheduled from follow-on schedule check
[2025-10-28T01:27:22.493+0000] {taskinstance.py:1159} INFO - Dependencies all met for dep_context=non-requeueable deps ti=<TaskInstance: hiring_dynamic.decide_download scheduled__2025-02-05T15:00:00+00:00 [queued]>
[2025-10-28T01:27:22.496+0000] {taskinstance.py:1159} INFO - Dependencies all met for dep_context=requeueable deps ti=<TaskInstance: hiring_dynamic.decide_download scheduled__2025-02-05T15:00:00+00:00 [queued]>
[2025-10-28T01:27:22.497+0000] {taskinstance.py:1361} INFO - Starting attempt 1 of 1
[2025-10-28T01:27:22.503+0000] {taskinstance.py:1382} INFO - Executing <Task(BranchPythonOperator): decide_download> on 2025-02-05 15:00:00+00:00
[2025-10-28T01:27:22.509+0000] {standard_task_runner.py:57} INFO - Started process 706 to run task
[2025-10-28T01:27:22.518+0000] {standard_task_runner.py:84} INFO - Running: ['airflow', 'tasks', 'run', 'hiring_dynamic', 'decide_download', 'scheduled__2025-02-05T15:00:00+00:00', '--job-id', '18', '--raw', '--subdir', 'DAGS_FOLDER/dag_dynamic.py', '--cfg-path', '/tmp/tmpxf6k7m0w']
[2025-10-28T01:27:22.520+0000] {standard_task_runner.py:85} INFO - Job 18: Subtask decide_download
[2025-10-28T01:27:22.541+0000] {task_command.py:416} INFO - Running <TaskInstance: hiring_dynamic.decide_download scheduled__2025-02-05T15:00:00+00:00 [running]> on host c46dbfd34b1f
[2025-10-28T01:27:22.569+0000] {taskinstance.py:1662} INFO - Exporting env vars: AIRFLOW_CTX_DAG_OWNER='airflow' AIRFLOW_CTX_DAG_ID='hiring_dynamic' AIRFLOW_CTX_TASK_ID='decide_download' AIRFLOW_CTX_EXECUTION_DATE='2025-02-05T15:00:00+00:00' AIRFLOW_CTX_TRY_NUMBER='1' AIRFLOW_CTX_DAG_RUN_ID='scheduled__2025-02-05T15:00:00+00:00'
[2025-10-28T01:27:22.570+0000] {logging_mixin.py:154} INFO - Fecha 2025-02-05 >= 2024-11-01: descargando data_1 y data_2
[2025-10-28T01:27:22.570+0000] {python.py:194} INFO - Done. Returned value was: ['download_data_1', 'download_data_2']
[2025-10-28T01:27:22.570+0000] {python.py:227} INFO - Branch callable return ['download_data_1', 'download_data_2']
[2025-10-28T01:27:22.570+0000] {skipmixin.py:173} INFO - Following branch ['download_data_1', 'download_data_2']
[2025-10-28T01:27:22.574+0000] {skipmixin.py:239} INFO - Skipping tasks [('download_data_1_only', -1)]
[2025-10-28T01:27:22.584+0000] {taskinstance.py:1400} INFO - Marking task as SUCCESS. dag_id=hiring_dynamic, task_id=decide_download, execution_date=20250205T150000, start_date=20251028T012722, end_date=20251028T012722
[2025-10-28T01:27:22.622+0000] {local_task_job_runner.py:228} INFO - Task exited with return code 0
[2025-10-28T01:27:22.640+0000] {taskinstance.py:2778} INFO - 2 downstream tasks scheduled from follow-on schedule check
