[2025-10-28T00:42:12.861+0000] {taskinstance.py:1159} INFO - Dependencies all met for dep_context=non-requeueable deps ti=<TaskInstance: hiring_dynamic.train_random_forest scheduled__2024-12-05T15:00:00+00:00 [queued]>
[2025-10-28T00:42:12.864+0000] {taskinstance.py:1159} INFO - Dependencies all met for dep_context=requeueable deps ti=<TaskInstance: hiring_dynamic.train_random_forest scheduled__2024-12-05T15:00:00+00:00 [queued]>
[2025-10-28T00:42:12.864+0000] {taskinstance.py:1361} INFO - Starting attempt 1 of 1
[2025-10-28T00:42:12.871+0000] {taskinstance.py:1382} INFO - Executing <Task(PythonOperator): train_random_forest> on 2024-12-05 15:00:00+00:00
[2025-10-28T00:42:12.878+0000] {standard_task_runner.py:57} INFO - Started process 1282 to run task
[2025-10-28T00:42:12.884+0000] {standard_task_runner.py:84} INFO - Running: ['airflow', 'tasks', 'run', 'hiring_dynamic', 'train_random_forest', 'scheduled__2024-12-05T15:00:00+00:00', '--job-id', '57', '--raw', '--subdir', 'DAGS_FOLDER/dag_dynamic.py', '--cfg-path', '/tmp/tmp8967ua_1']
[2025-10-28T00:42:12.885+0000] {standard_task_runner.py:85} INFO - Job 57: Subtask train_random_forest
[2025-10-28T00:42:12.910+0000] {task_command.py:416} INFO - Running <TaskInstance: hiring_dynamic.train_random_forest scheduled__2024-12-05T15:00:00+00:00 [running]> on host d1f69dfe6243
[2025-10-28T00:42:12.942+0000] {taskinstance.py:1662} INFO - Exporting env vars: AIRFLOW_CTX_DAG_OWNER='airflow' AIRFLOW_CTX_DAG_ID='hiring_dynamic' AIRFLOW_CTX_TASK_ID='train_random_forest' AIRFLOW_CTX_EXECUTION_DATE='2024-12-05T15:00:00+00:00' AIRFLOW_CTX_TRY_NUMBER='1' AIRFLOW_CTX_DAG_RUN_ID='scheduled__2024-12-05T15:00:00+00:00'
[2025-10-28T00:42:12.949+0000] {logging_mixin.py:154} INFO - Entrenando modelo: random_forest
[2025-10-28T00:42:13.487+0000] {logging_mixin.py:154} INFO - Modelo random_forest guardado en: /opt/airflow/data/dynamic/2024-12-05/models/random_forest.joblib
[2025-10-28T00:42:13.493+0000] {python.py:194} INFO - Done. Returned value was: None
[2025-10-28T00:42:13.495+0000] {taskinstance.py:1400} INFO - Marking task as SUCCESS. dag_id=hiring_dynamic, task_id=train_random_forest, execution_date=20241205T150000, start_date=20251028T004212, end_date=20251028T004213
[2025-10-28T00:42:13.520+0000] {local_task_job_runner.py:228} INFO - Task exited with return code 0
[2025-10-28T00:42:13.531+0000] {taskinstance.py:2778} INFO - 0 downstream tasks scheduled from follow-on schedule check
[2025-10-28T01:28:52.185+0000] {taskinstance.py:1159} INFO - Dependencies all met for dep_context=non-requeueable deps ti=<TaskInstance: hiring_dynamic.train_random_forest scheduled__2024-12-05T15:00:00+00:00 [queued]>
[2025-10-28T01:28:52.192+0000] {taskinstance.py:1159} INFO - Dependencies all met for dep_context=requeueable deps ti=<TaskInstance: hiring_dynamic.train_random_forest scheduled__2024-12-05T15:00:00+00:00 [queued]>
[2025-10-28T01:28:52.192+0000] {taskinstance.py:1361} INFO - Starting attempt 1 of 1
[2025-10-28T01:28:52.199+0000] {taskinstance.py:1382} INFO - Executing <Task(PythonOperator): train_random_forest> on 2024-12-05 15:00:00+00:00
[2025-10-28T01:28:52.209+0000] {standard_task_runner.py:57} INFO - Started process 1337 to run task
[2025-10-28T01:28:52.213+0000] {standard_task_runner.py:84} INFO - Running: ['airflow', 'tasks', 'run', 'hiring_dynamic', 'train_random_forest', 'scheduled__2024-12-05T15:00:00+00:00', '--job-id', '48', '--raw', '--subdir', 'DAGS_FOLDER/dag_dynamic.py', '--cfg-path', '/tmp/tmpg4h792rw']
[2025-10-28T01:28:52.214+0000] {standard_task_runner.py:85} INFO - Job 48: Subtask train_random_forest
[2025-10-28T01:28:52.239+0000] {task_command.py:416} INFO - Running <TaskInstance: hiring_dynamic.train_random_forest scheduled__2024-12-05T15:00:00+00:00 [running]> on host c46dbfd34b1f
[2025-10-28T01:28:52.268+0000] {taskinstance.py:1662} INFO - Exporting env vars: AIRFLOW_CTX_DAG_OWNER='airflow' AIRFLOW_CTX_DAG_ID='hiring_dynamic' AIRFLOW_CTX_TASK_ID='train_random_forest' AIRFLOW_CTX_EXECUTION_DATE='2024-12-05T15:00:00+00:00' AIRFLOW_CTX_TRY_NUMBER='1' AIRFLOW_CTX_DAG_RUN_ID='scheduled__2024-12-05T15:00:00+00:00'
[2025-10-28T01:28:52.276+0000] {logging_mixin.py:154} INFO - Entrenando modelo: random_forest
[2025-10-28T01:28:52.885+0000] {logging_mixin.py:154} INFO - Modelo random_forest guardado en: /opt/airflow/data/dynamic/2024-12-05/models/random_forest.joblib
[2025-10-28T01:28:52.898+0000] {python.py:194} INFO - Done. Returned value was: None
[2025-10-28T01:28:52.902+0000] {taskinstance.py:1400} INFO - Marking task as SUCCESS. dag_id=hiring_dynamic, task_id=train_random_forest, execution_date=20241205T150000, start_date=20251028T012852, end_date=20251028T012852
[2025-10-28T01:28:52.928+0000] {local_task_job_runner.py:228} INFO - Task exited with return code 0
[2025-10-28T01:28:52.942+0000] {taskinstance.py:2778} INFO - 0 downstream tasks scheduled from follow-on schedule check
