[2025-10-28T21:26:36.170+0000] {taskinstance.py:1159} INFO - Dependencies all met for dep_context=non-requeueable deps ti=<TaskInstance: sodai_drinks_production_pipeline.detect_drift scheduled__2025-10-19T00:00:00+00:00 [queued]>
[2025-10-28T21:26:36.187+0000] {taskinstance.py:1159} INFO - Dependencies all met for dep_context=requeueable deps ti=<TaskInstance: sodai_drinks_production_pipeline.detect_drift scheduled__2025-10-19T00:00:00+00:00 [queued]>
[2025-10-28T21:26:36.187+0000] {taskinstance.py:1361} INFO - Starting attempt 1 of 2
[2025-10-28T21:26:36.199+0000] {taskinstance.py:1382} INFO - Executing <Task(PythonOperator): detect_drift> on 2025-10-19 00:00:00+00:00
[2025-10-28T21:26:36.249+0000] {standard_task_runner.py:57} INFO - Started process 488 to run task
[2025-10-28T21:26:36.258+0000] {standard_task_runner.py:84} INFO - Running: ['***', 'tasks', 'run', 'sodai_drinks_production_pipeline', 'detect_drift', 'scheduled__2025-10-19T00:00:00+00:00', '--job-id', '6', '--raw', '--subdir', 'DAGS_FOLDER/pipeline_productivo.py', '--cfg-path', '/tmp/tmpcfklcdgk']
[2025-10-28T21:26:36.269+0000] {standard_task_runner.py:85} INFO - Job 6: Subtask detect_drift
[2025-10-28T21:26:36.354+0000] {task_command.py:416} INFO - Running <TaskInstance: sodai_drinks_production_pipeline.detect_drift scheduled__2025-10-19T00:00:00+00:00 [running]> on host ee70ee0df05e
[2025-10-28T21:26:36.481+0000] {taskinstance.py:1662} INFO - Exporting env vars: AIRFLOW_CTX_DAG_EMAIL='team@sodaidrinks.com' AIRFLOW_CTX_DAG_OWNER='sodai_drinks_team' AIRFLOW_CTX_DAG_ID='sodai_drinks_production_pipeline' AIRFLOW_CTX_TASK_ID='detect_drift' AIRFLOW_CTX_EXECUTION_DATE='2025-10-19T00:00:00+00:00' AIRFLOW_CTX_TRY_NUMBER='1' AIRFLOW_CTX_DAG_RUN_ID='scheduled__2025-10-19T00:00:00+00:00'
[2025-10-28T21:26:36.484+0000] {drift_detection.py:80} INFO - Iniciando detección de drift...
[2025-10-28T21:26:36.750+0000] {drift_detection.py:93} WARNING - No hay datos de referencia. Primera ejecución del pipeline.
[2025-10-28T21:26:36.754+0000] {drift_detection.py:94} INFO - Guardando datos actuales como referencia para futuras comparaciones...
[2025-10-28T21:26:36.966+0000] {python.py:194} INFO - Done. Returned value was: {'status': 'success', 'has_drift': False, 'reason': 'Primera ejecución - datos guardados como referencia'}
[2025-10-28T21:26:36.985+0000] {taskinstance.py:1400} INFO - Marking task as SUCCESS. dag_id=sodai_drinks_production_pipeline, task_id=detect_drift, execution_date=20251019T000000, start_date=20251028T212636, end_date=20251028T212636
[2025-10-28T21:26:37.043+0000] {local_task_job_runner.py:228} INFO - Task exited with return code 0
[2025-10-28T21:26:37.114+0000] {taskinstance.py:2778} INFO - 1 downstream tasks scheduled from follow-on schedule check
[2025-10-28T22:36:11.331+0000] {taskinstance.py:1159} INFO - Dependencies all met for dep_context=non-requeueable deps ti=<TaskInstance: sodai_drinks_production_pipeline.detect_drift scheduled__2025-10-19T00:00:00+00:00 [queued]>
[2025-10-28T22:36:11.335+0000] {taskinstance.py:1159} INFO - Dependencies all met for dep_context=requeueable deps ti=<TaskInstance: sodai_drinks_production_pipeline.detect_drift scheduled__2025-10-19T00:00:00+00:00 [queued]>
[2025-10-28T22:36:11.335+0000] {taskinstance.py:1361} INFO - Starting attempt 1 of 2
[2025-10-28T22:36:11.345+0000] {taskinstance.py:1382} INFO - Executing <Task(PythonOperator): detect_drift> on 2025-10-19 00:00:00+00:00
[2025-10-28T22:36:11.359+0000] {standard_task_runner.py:57} INFO - Started process 369 to run task
[2025-10-28T22:36:11.367+0000] {standard_task_runner.py:84} INFO - Running: ['***', 'tasks', 'run', 'sodai_drinks_production_pipeline', 'detect_drift', 'scheduled__2025-10-19T00:00:00+00:00', '--job-id', '48', '--raw', '--subdir', 'DAGS_FOLDER/pipeline_productivo.py', '--cfg-path', '/tmp/tmpi_n60fs5']
[2025-10-28T22:36:11.369+0000] {standard_task_runner.py:85} INFO - Job 48: Subtask detect_drift
[2025-10-28T22:36:11.428+0000] {task_command.py:416} INFO - Running <TaskInstance: sodai_drinks_production_pipeline.detect_drift scheduled__2025-10-19T00:00:00+00:00 [running]> on host ee70ee0df05e
[2025-10-28T22:36:11.485+0000] {taskinstance.py:1662} INFO - Exporting env vars: AIRFLOW_CTX_DAG_EMAIL='team@sodaidrinks.com' AIRFLOW_CTX_DAG_OWNER='sodai_drinks_team' AIRFLOW_CTX_DAG_ID='sodai_drinks_production_pipeline' AIRFLOW_CTX_TASK_ID='detect_drift' AIRFLOW_CTX_EXECUTION_DATE='2025-10-19T00:00:00+00:00' AIRFLOW_CTX_TRY_NUMBER='1' AIRFLOW_CTX_DAG_RUN_ID='scheduled__2025-10-19T00:00:00+00:00'
[2025-10-28T22:36:11.487+0000] {drift_detection.py:80} INFO - Iniciando detección de drift...
[2025-10-28T22:36:11.785+0000] {drift_detection.py:110} INFO - Datos de referencia: 94587 registros
[2025-10-28T22:36:11.786+0000] {drift_detection.py:111} INFO - Datos actuales: 619380 registros
[2025-10-28T22:36:12.062+0000] {drift_detection.py:119} INFO - Analizando drift en 15 features numéricas
[2025-10-28T22:36:12.106+0000] {drift_detection.py:168} INFO - ✅ No se detectó drift significativo en los datos
[2025-10-28T22:36:12.114+0000] {python.py:194} INFO - Done. Returned value was: {'status': 'success', 'has_drift': False, 'features_analyzed': 15, 'drift_results': {}}
[2025-10-28T22:36:12.125+0000] {taskinstance.py:1400} INFO - Marking task as SUCCESS. dag_id=sodai_drinks_production_pipeline, task_id=detect_drift, execution_date=20251019T000000, start_date=20251028T223611, end_date=20251028T223612
[2025-10-28T22:36:12.179+0000] {local_task_job_runner.py:228} INFO - Task exited with return code 0
[2025-10-28T22:36:12.258+0000] {taskinstance.py:2778} INFO - 1 downstream tasks scheduled from follow-on schedule check
[2025-10-28T23:23:56.324+0000] {taskinstance.py:1159} INFO - Dependencies all met for dep_context=non-requeueable deps ti=<TaskInstance: sodai_drinks_production_pipeline.detect_drift scheduled__2025-10-19T00:00:00+00:00 [queued]>
[2025-10-28T23:23:56.331+0000] {taskinstance.py:1159} INFO - Dependencies all met for dep_context=requeueable deps ti=<TaskInstance: sodai_drinks_production_pipeline.detect_drift scheduled__2025-10-19T00:00:00+00:00 [queued]>
[2025-10-28T23:23:56.331+0000] {taskinstance.py:1361} INFO - Starting attempt 1 of 2
[2025-10-28T23:23:56.339+0000] {taskinstance.py:1382} INFO - Executing <Task(PythonOperator): detect_drift> on 2025-10-19 00:00:00+00:00
[2025-10-28T23:23:56.349+0000] {standard_task_runner.py:57} INFO - Started process 533 to run task
[2025-10-28T23:23:56.352+0000] {standard_task_runner.py:84} INFO - Running: ['***', 'tasks', 'run', 'sodai_drinks_production_pipeline', 'detect_drift', 'scheduled__2025-10-19T00:00:00+00:00', '--job-id', '90', '--raw', '--subdir', 'DAGS_FOLDER/pipeline_productivo.py', '--cfg-path', '/tmp/tmpvy7sziz2']
[2025-10-28T23:23:56.360+0000] {standard_task_runner.py:85} INFO - Job 90: Subtask detect_drift
[2025-10-28T23:23:56.392+0000] {task_command.py:416} INFO - Running <TaskInstance: sodai_drinks_production_pipeline.detect_drift scheduled__2025-10-19T00:00:00+00:00 [running]> on host ee70ee0df05e
[2025-10-28T23:23:56.438+0000] {taskinstance.py:1662} INFO - Exporting env vars: AIRFLOW_CTX_DAG_EMAIL='team@sodaidrinks.com' AIRFLOW_CTX_DAG_OWNER='sodai_drinks_team' AIRFLOW_CTX_DAG_ID='sodai_drinks_production_pipeline' AIRFLOW_CTX_TASK_ID='detect_drift' AIRFLOW_CTX_EXECUTION_DATE='2025-10-19T00:00:00+00:00' AIRFLOW_CTX_TRY_NUMBER='1' AIRFLOW_CTX_DAG_RUN_ID='scheduled__2025-10-19T00:00:00+00:00'
[2025-10-28T23:23:56.440+0000] {drift_detection.py:80} INFO - Iniciando detección de drift...
[2025-10-28T23:23:56.692+0000] {drift_detection.py:110} INFO - Datos de referencia: 94587 registros
[2025-10-28T23:23:56.693+0000] {drift_detection.py:111} INFO - Datos actuales: 619380 registros
[2025-10-28T23:23:57.275+0000] {drift_detection.py:119} INFO - Analizando drift en 15 features numéricas
[2025-10-28T23:23:57.330+0000] {drift_detection.py:168} INFO - ✅ No se detectó drift significativo en los datos
[2025-10-28T23:23:57.341+0000] {python.py:194} INFO - Done. Returned value was: {'status': 'success', 'has_drift': False, 'features_analyzed': 15, 'drift_results': {}}
[2025-10-28T23:23:57.373+0000] {taskinstance.py:1400} INFO - Marking task as SUCCESS. dag_id=sodai_drinks_production_pipeline, task_id=detect_drift, execution_date=20251019T000000, start_date=20251028T232356, end_date=20251028T232357
[2025-10-28T23:23:57.452+0000] {local_task_job_runner.py:228} INFO - Task exited with return code 0
[2025-10-28T23:23:57.509+0000] {taskinstance.py:2778} INFO - 0 downstream tasks scheduled from follow-on schedule check
[2025-10-28T23:45:17.991+0000] {taskinstance.py:1159} INFO - Dependencies all met for dep_context=non-requeueable deps ti=<TaskInstance: sodai_drinks_production_pipeline.detect_drift scheduled__2025-10-19T00:00:00+00:00 [queued]>
[2025-10-28T23:45:17.995+0000] {taskinstance.py:1159} INFO - Dependencies all met for dep_context=requeueable deps ti=<TaskInstance: sodai_drinks_production_pipeline.detect_drift scheduled__2025-10-19T00:00:00+00:00 [queued]>
[2025-10-28T23:45:17.996+0000] {taskinstance.py:1361} INFO - Starting attempt 1 of 2
[2025-10-28T23:45:18.002+0000] {taskinstance.py:1382} INFO - Executing <Task(PythonOperator): detect_drift> on 2025-10-19 00:00:00+00:00
[2025-10-28T23:45:18.018+0000] {standard_task_runner.py:57} INFO - Started process 584 to run task
[2025-10-28T23:45:18.023+0000] {standard_task_runner.py:84} INFO - Running: ['***', 'tasks', 'run', 'sodai_drinks_production_pipeline', 'detect_drift', 'scheduled__2025-10-19T00:00:00+00:00', '--job-id', '109', '--raw', '--subdir', 'DAGS_FOLDER/pipeline_productivo.py', '--cfg-path', '/tmp/tmpdjf_i3y1']
[2025-10-28T23:45:18.026+0000] {standard_task_runner.py:85} INFO - Job 109: Subtask detect_drift
[2025-10-28T23:45:18.062+0000] {task_command.py:416} INFO - Running <TaskInstance: sodai_drinks_production_pipeline.detect_drift scheduled__2025-10-19T00:00:00+00:00 [running]> on host ee70ee0df05e
[2025-10-28T23:45:18.135+0000] {taskinstance.py:1662} INFO - Exporting env vars: AIRFLOW_CTX_DAG_EMAIL='team@sodaidrinks.com' AIRFLOW_CTX_DAG_OWNER='sodai_drinks_team' AIRFLOW_CTX_DAG_ID='sodai_drinks_production_pipeline' AIRFLOW_CTX_TASK_ID='detect_drift' AIRFLOW_CTX_EXECUTION_DATE='2025-10-19T00:00:00+00:00' AIRFLOW_CTX_TRY_NUMBER='1' AIRFLOW_CTX_DAG_RUN_ID='scheduled__2025-10-19T00:00:00+00:00'
[2025-10-28T23:45:18.137+0000] {drift_detection.py:80} INFO - Iniciando detección de drift...
[2025-10-28T23:45:18.355+0000] {drift_detection.py:110} INFO - Datos de referencia: 94587 registros
[2025-10-28T23:45:18.355+0000] {drift_detection.py:111} INFO - Datos actuales: 619380 registros
[2025-10-28T23:45:18.421+0000] {drift_detection.py:119} INFO - Analizando drift en 15 features numéricas
[2025-10-28T23:45:18.467+0000] {drift_detection.py:168} INFO - ✅ No se detectó drift significativo en los datos
[2025-10-28T23:45:18.473+0000] {python.py:194} INFO - Done. Returned value was: {'status': 'success', 'has_drift': False, 'features_analyzed': 15, 'drift_results': {}}
[2025-10-28T23:45:18.486+0000] {taskinstance.py:1400} INFO - Marking task as SUCCESS. dag_id=sodai_drinks_production_pipeline, task_id=detect_drift, execution_date=20251019T000000, start_date=20251028T234517, end_date=20251028T234518
[2025-10-28T23:45:18.548+0000] {local_task_job_runner.py:228} INFO - Task exited with return code 0
[2025-10-28T23:45:18.600+0000] {taskinstance.py:2778} INFO - 1 downstream tasks scheduled from follow-on schedule check
[2025-10-29T01:00:05.159+0000] {taskinstance.py:1159} INFO - Dependencies all met for dep_context=non-requeueable deps ti=<TaskInstance: sodai_drinks_production_pipeline.detect_drift scheduled__2025-10-19T00:00:00+00:00 [queued]>
[2025-10-29T01:00:05.191+0000] {taskinstance.py:1159} INFO - Dependencies all met for dep_context=requeueable deps ti=<TaskInstance: sodai_drinks_production_pipeline.detect_drift scheduled__2025-10-19T00:00:00+00:00 [queued]>
[2025-10-29T01:00:05.191+0000] {taskinstance.py:1361} INFO - Starting attempt 1 of 2
[2025-10-29T01:00:05.231+0000] {taskinstance.py:1382} INFO - Executing <Task(PythonOperator): detect_drift> on 2025-10-19 00:00:00+00:00
[2025-10-29T01:00:05.288+0000] {standard_task_runner.py:57} INFO - Started process 323 to run task
[2025-10-29T01:00:05.306+0000] {standard_task_runner.py:84} INFO - Running: ['***', 'tasks', 'run', 'sodai_drinks_production_pipeline', 'detect_drift', 'scheduled__2025-10-19T00:00:00+00:00', '--job-id', '117', '--raw', '--subdir', 'DAGS_FOLDER/pipeline_productivo.py', '--cfg-path', '/tmp/tmp_2oexiyi']
[2025-10-29T01:00:05.334+0000] {standard_task_runner.py:85} INFO - Job 117: Subtask detect_drift
[2025-10-29T01:00:05.428+0000] {task_command.py:416} INFO - Running <TaskInstance: sodai_drinks_production_pipeline.detect_drift scheduled__2025-10-19T00:00:00+00:00 [running]> on host ee70ee0df05e
[2025-10-29T01:00:05.503+0000] {taskinstance.py:1662} INFO - Exporting env vars: AIRFLOW_CTX_DAG_EMAIL='team@sodaidrinks.com' AIRFLOW_CTX_DAG_OWNER='sodai_drinks_team' AIRFLOW_CTX_DAG_ID='sodai_drinks_production_pipeline' AIRFLOW_CTX_TASK_ID='detect_drift' AIRFLOW_CTX_EXECUTION_DATE='2025-10-19T00:00:00+00:00' AIRFLOW_CTX_TRY_NUMBER='1' AIRFLOW_CTX_DAG_RUN_ID='scheduled__2025-10-19T00:00:00+00:00'
[2025-10-29T01:00:05.506+0000] {drift_detection.py:80} INFO - Iniciando detección de drift...
[2025-10-29T01:00:05.883+0000] {drift_detection.py:93} WARNING - No hay datos de referencia. Primera ejecución del pipeline.
[2025-10-29T01:00:05.885+0000] {drift_detection.py:94} INFO - Guardando datos actuales como referencia para futuras comparaciones...
[2025-10-29T01:00:06.222+0000] {python.py:194} INFO - Done. Returned value was: {'status': 'success', 'has_drift': False, 'reason': 'Primera ejecución - datos guardados como referencia'}
[2025-10-29T01:00:06.248+0000] {taskinstance.py:1400} INFO - Marking task as SUCCESS. dag_id=sodai_drinks_production_pipeline, task_id=detect_drift, execution_date=20251019T000000, start_date=20251029T010005, end_date=20251029T010006
[2025-10-29T01:00:06.331+0000] {local_task_job_runner.py:228} INFO - Task exited with return code 0
[2025-10-29T01:00:06.477+0000] {taskinstance.py:2778} INFO - 1 downstream tasks scheduled from follow-on schedule check
