[2025-10-28T00:42:39.777+0000] {taskinstance.py:1159} INFO - Dependencies all met for dep_context=non-requeueable deps ti=<TaskInstance: hiring_dynamic.download_data_1 scheduled__2025-05-05T15:00:00+00:00 [queued]>
[2025-10-28T00:42:39.780+0000] {taskinstance.py:1159} INFO - Dependencies all met for dep_context=requeueable deps ti=<TaskInstance: hiring_dynamic.download_data_1 scheduled__2025-05-05T15:00:00+00:00 [queued]>
[2025-10-28T00:42:39.780+0000] {taskinstance.py:1361} INFO - Starting attempt 1 of 1
[2025-10-28T00:42:39.786+0000] {taskinstance.py:1382} INFO - Executing <Task(BashOperator): download_data_1> on 2025-05-05 15:00:00+00:00
[2025-10-28T00:42:39.795+0000] {standard_task_runner.py:57} INFO - Started process 1457 to run task
[2025-10-28T00:42:39.798+0000] {standard_task_runner.py:84} INFO - Running: ['airflow', 'tasks', 'run', 'hiring_dynamic', 'download_data_1', 'scheduled__2025-05-05T15:00:00+00:00', '--job-id', '64', '--raw', '--subdir', 'DAGS_FOLDER/dag_dynamic.py', '--cfg-path', '/tmp/tmpbj90b5od']
[2025-10-28T00:42:39.798+0000] {standard_task_runner.py:85} INFO - Job 64: Subtask download_data_1
[2025-10-28T00:42:39.821+0000] {task_command.py:416} INFO - Running <TaskInstance: hiring_dynamic.download_data_1 scheduled__2025-05-05T15:00:00+00:00 [running]> on host d1f69dfe6243
[2025-10-28T00:42:39.851+0000] {taskinstance.py:1662} INFO - Exporting env vars: AIRFLOW_CTX_DAG_OWNER='airflow' AIRFLOW_CTX_DAG_ID='hiring_dynamic' AIRFLOW_CTX_TASK_ID='download_data_1' AIRFLOW_CTX_EXECUTION_DATE='2025-05-05T15:00:00+00:00' AIRFLOW_CTX_TRY_NUMBER='1' AIRFLOW_CTX_DAG_RUN_ID='scheduled__2025-05-05T15:00:00+00:00'
[2025-10-28T00:42:39.852+0000] {subprocess.py:63} INFO - Tmp dir root location: /tmp
[2025-10-28T00:42:39.852+0000] {subprocess.py:75} INFO - Running command: ['/bin/bash', '-c', '\n        RAW_DIR="/opt/airflow/data/dynamic/2025-05-05/raw"\n        mkdir -p "$RAW_DIR"\n        curl -L -f -o "$RAW_DIR/data_1.csv" https://gitlab.com/eduardomoyab/laboratorio-13/-/raw/main/files/data_1.csv\n        echo \'✅ Archivo data_1.csv descargado exitosamente\'\n        ls -lh "$RAW_DIR/data_1.csv"\n    ']
[2025-10-28T00:42:39.860+0000] {subprocess.py:86} INFO - Output:
[2025-10-28T00:42:39.875+0000] {subprocess.py:93} INFO -   % Total    % Received % Xferd  Average Speed   Time    Time     Time  Current
[2025-10-28T00:42:39.875+0000] {subprocess.py:93} INFO -                                  Dload  Upload   Total   Spent    Left  Speed
[2025-10-28T00:42:40.507+0000] {subprocess.py:93} INFO -   0     0    0     0    0     0      0      0 --:--:-- --:--:-- --:--:--     0  0     0    0     0    0     0      0      0 --:--:-- --:--:-- --:--:--     0100 32735  100 32735    0     0  51795      0 --:--:-- --:--:-- --:--:-- 51714
[2025-10-28T00:42:40.514+0000] {subprocess.py:93} INFO - ✅ Archivo data_1.csv descargado exitosamente
[2025-10-28T00:42:40.521+0000] {subprocess.py:93} INFO - -rw-r--r-- 1 airflow root 32K Oct 28 00:42 /opt/airflow/data/dynamic/2025-05-05/raw/data_1.csv
[2025-10-28T00:42:40.523+0000] {subprocess.py:97} INFO - Command exited with return code 0
[2025-10-28T00:42:40.548+0000] {taskinstance.py:1400} INFO - Marking task as SUCCESS. dag_id=hiring_dynamic, task_id=download_data_1, execution_date=20250505T150000, start_date=20251028T004239, end_date=20251028T004240
[2025-10-28T00:42:40.577+0000] {local_task_job_runner.py:228} INFO - Task exited with return code 0
[2025-10-28T00:42:40.601+0000] {taskinstance.py:2778} INFO - 0 downstream tasks scheduled from follow-on schedule check
[2025-10-28T01:29:20.049+0000] {taskinstance.py:1159} INFO - Dependencies all met for dep_context=non-requeueable deps ti=<TaskInstance: hiring_dynamic.download_data_1 scheduled__2025-05-05T15:00:00+00:00 [queued]>
[2025-10-28T01:29:20.056+0000] {taskinstance.py:1159} INFO - Dependencies all met for dep_context=requeueable deps ti=<TaskInstance: hiring_dynamic.download_data_1 scheduled__2025-05-05T15:00:00+00:00 [queued]>
[2025-10-28T01:29:20.057+0000] {taskinstance.py:1361} INFO - Starting attempt 1 of 1
[2025-10-28T01:29:20.068+0000] {taskinstance.py:1382} INFO - Executing <Task(BashOperator): download_data_1> on 2025-05-05 15:00:00+00:00
[2025-10-28T01:29:20.086+0000] {standard_task_runner.py:57} INFO - Started process 1484 to run task
[2025-10-28T01:29:20.097+0000] {standard_task_runner.py:84} INFO - Running: ['airflow', 'tasks', 'run', 'hiring_dynamic', 'download_data_1', 'scheduled__2025-05-05T15:00:00+00:00', '--job-id', '54', '--raw', '--subdir', 'DAGS_FOLDER/dag_dynamic.py', '--cfg-path', '/tmp/tmp1utc0kqb']
[2025-10-28T01:29:20.106+0000] {standard_task_runner.py:85} INFO - Job 54: Subtask download_data_1
[2025-10-28T01:29:20.215+0000] {task_command.py:416} INFO - Running <TaskInstance: hiring_dynamic.download_data_1 scheduled__2025-05-05T15:00:00+00:00 [running]> on host c46dbfd34b1f
[2025-10-28T01:29:20.267+0000] {taskinstance.py:1662} INFO - Exporting env vars: AIRFLOW_CTX_DAG_OWNER='airflow' AIRFLOW_CTX_DAG_ID='hiring_dynamic' AIRFLOW_CTX_TASK_ID='download_data_1' AIRFLOW_CTX_EXECUTION_DATE='2025-05-05T15:00:00+00:00' AIRFLOW_CTX_TRY_NUMBER='1' AIRFLOW_CTX_DAG_RUN_ID='scheduled__2025-05-05T15:00:00+00:00'
[2025-10-28T01:29:20.268+0000] {subprocess.py:63} INFO - Tmp dir root location: /tmp
[2025-10-28T01:29:20.269+0000] {subprocess.py:75} INFO - Running command: ['/bin/bash', '-c', '\n        RAW_DIR="/opt/airflow/data/dynamic/2025-05-05/raw"\n        mkdir -p "$RAW_DIR"\n        curl -L -f -o "$RAW_DIR/data_1.csv" https://gitlab.com/eduardomoyab/laboratorio-13/-/raw/main/files/data_1.csv\n        echo \'✅ Archivo data_1.csv descargado exitosamente\'\n        ls -lh "$RAW_DIR/data_1.csv"\n    ']
[2025-10-28T01:29:20.280+0000] {subprocess.py:86} INFO - Output:
[2025-10-28T01:29:20.295+0000] {subprocess.py:93} INFO -   % Total    % Received % Xferd  Average Speed   Time    Time     Time  Current
[2025-10-28T01:29:20.295+0000] {subprocess.py:93} INFO -                                  Dload  Upload   Total   Spent    Left  Speed
[2025-10-28T01:29:20.938+0000] {subprocess.py:93} INFO -   0     0    0     0    0     0      0      0 --:--:-- --:--:-- --:--:--     0  0     0    0     0    0     0      0      0 --:--:-- --:--:-- --:--:--     0100 32735  100 32735    0     0  50909      0 --:--:-- --:--:-- --:--:-- 50830
[2025-10-28T01:29:20.945+0000] {subprocess.py:93} INFO - ✅ Archivo data_1.csv descargado exitosamente
[2025-10-28T01:29:20.951+0000] {subprocess.py:93} INFO - -rw-r--r-- 1 airflow root 32K Oct 28  2025 /opt/airflow/data/dynamic/2025-05-05/raw/data_1.csv
[2025-10-28T01:29:20.952+0000] {subprocess.py:97} INFO - Command exited with return code 0
[2025-10-28T01:29:20.968+0000] {taskinstance.py:1400} INFO - Marking task as SUCCESS. dag_id=hiring_dynamic, task_id=download_data_1, execution_date=20250505T150000, start_date=20251028T012920, end_date=20251028T012920
[2025-10-28T01:29:20.992+0000] {local_task_job_runner.py:228} INFO - Task exited with return code 0
[2025-10-28T01:29:21.027+0000] {taskinstance.py:2778} INFO - 0 downstream tasks scheduled from follow-on schedule check
