[2025-10-28T00:40:47.125+0000] {taskinstance.py:1159} INFO - Dependencies all met for dep_context=non-requeueable deps ti=<TaskInstance: hiring_dynamic.create_folders scheduled__2025-04-05T15:00:00+00:00 [queued]>
[2025-10-28T00:40:47.127+0000] {taskinstance.py:1159} INFO - Dependencies all met for dep_context=requeueable deps ti=<TaskInstance: hiring_dynamic.create_folders scheduled__2025-04-05T15:00:00+00:00 [queued]>
[2025-10-28T00:40:47.127+0000] {taskinstance.py:1361} INFO - Starting attempt 1 of 1
[2025-10-28T00:40:47.132+0000] {taskinstance.py:1382} INFO - Executing <Task(PythonOperator): create_folders> on 2025-04-05 15:00:00+00:00
[2025-10-28T00:40:47.136+0000] {standard_task_runner.py:57} INFO - Started process 662 to run task
[2025-10-28T00:40:47.139+0000] {standard_task_runner.py:84} INFO - Running: ['airflow', 'tasks', 'run', 'hiring_dynamic', 'create_folders', 'scheduled__2025-04-05T15:00:00+00:00', '--job-id', '28', '--raw', '--subdir', 'DAGS_FOLDER/dag_dynamic.py', '--cfg-path', '/tmp/tmpcuz1ic08']
[2025-10-28T00:40:47.142+0000] {standard_task_runner.py:85} INFO - Job 28: Subtask create_folders
[2025-10-28T00:40:47.162+0000] {task_command.py:416} INFO - Running <TaskInstance: hiring_dynamic.create_folders scheduled__2025-04-05T15:00:00+00:00 [running]> on host d1f69dfe6243
[2025-10-28T00:40:47.187+0000] {taskinstance.py:1662} INFO - Exporting env vars: AIRFLOW_CTX_DAG_OWNER='airflow' AIRFLOW_CTX_DAG_ID='hiring_dynamic' AIRFLOW_CTX_TASK_ID='create_folders' AIRFLOW_CTX_EXECUTION_DATE='2025-04-05T15:00:00+00:00' AIRFLOW_CTX_TRY_NUMBER='1' AIRFLOW_CTX_DAG_RUN_ID='scheduled__2025-04-05T15:00:00+00:00'
[2025-10-28T00:40:47.189+0000] {logging_mixin.py:154} INFO - Carpetas creadas en: /opt/airflow/data/dynamic/2025-04-05
[2025-10-28T00:40:47.192+0000] {python.py:194} INFO - Done. Returned value was: None
[2025-10-28T00:40:47.194+0000] {taskinstance.py:1400} INFO - Marking task as SUCCESS. dag_id=hiring_dynamic, task_id=create_folders, execution_date=20250405T150000, start_date=20251028T004047, end_date=20251028T004047
[2025-10-28T00:40:47.241+0000] {local_task_job_runner.py:228} INFO - Task exited with return code 0
[2025-10-28T00:40:47.255+0000] {taskinstance.py:2778} INFO - 1 downstream tasks scheduled from follow-on schedule check
[2025-10-28T01:27:34.895+0000] {taskinstance.py:1159} INFO - Dependencies all met for dep_context=non-requeueable deps ti=<TaskInstance: hiring_dynamic.create_folders scheduled__2025-04-05T15:00:00+00:00 [queued]>
[2025-10-28T01:27:34.898+0000] {taskinstance.py:1159} INFO - Dependencies all met for dep_context=requeueable deps ti=<TaskInstance: hiring_dynamic.create_folders scheduled__2025-04-05T15:00:00+00:00 [queued]>
[2025-10-28T01:27:34.898+0000] {taskinstance.py:1361} INFO - Starting attempt 1 of 1
[2025-10-28T01:27:34.904+0000] {taskinstance.py:1382} INFO - Executing <Task(PythonOperator): create_folders> on 2025-04-05 15:00:00+00:00
[2025-10-28T01:27:34.913+0000] {standard_task_runner.py:57} INFO - Started process 810 to run task
[2025-10-28T01:27:34.916+0000] {standard_task_runner.py:84} INFO - Running: ['airflow', 'tasks', 'run', 'hiring_dynamic', 'create_folders', 'scheduled__2025-04-05T15:00:00+00:00', '--job-id', '23', '--raw', '--subdir', 'DAGS_FOLDER/dag_dynamic.py', '--cfg-path', '/tmp/tmpxnn3y59k']
[2025-10-28T01:27:34.917+0000] {standard_task_runner.py:85} INFO - Job 23: Subtask create_folders
[2025-10-28T01:27:34.943+0000] {task_command.py:416} INFO - Running <TaskInstance: hiring_dynamic.create_folders scheduled__2025-04-05T15:00:00+00:00 [running]> on host c46dbfd34b1f
[2025-10-28T01:27:34.975+0000] {taskinstance.py:1662} INFO - Exporting env vars: AIRFLOW_CTX_DAG_OWNER='airflow' AIRFLOW_CTX_DAG_ID='hiring_dynamic' AIRFLOW_CTX_TASK_ID='create_folders' AIRFLOW_CTX_EXECUTION_DATE='2025-04-05T15:00:00+00:00' AIRFLOW_CTX_TRY_NUMBER='1' AIRFLOW_CTX_DAG_RUN_ID='scheduled__2025-04-05T15:00:00+00:00'
[2025-10-28T01:27:34.976+0000] {logging_mixin.py:154} INFO - Carpetas creadas en: /opt/airflow/data/dynamic/2025-04-05
[2025-10-28T01:27:34.980+0000] {python.py:194} INFO - Done. Returned value was: None
[2025-10-28T01:27:34.982+0000] {taskinstance.py:1400} INFO - Marking task as SUCCESS. dag_id=hiring_dynamic, task_id=create_folders, execution_date=20250405T150000, start_date=20251028T012734, end_date=20251028T012734
[2025-10-28T01:27:35.018+0000] {local_task_job_runner.py:228} INFO - Task exited with return code 0
[2025-10-28T01:27:35.033+0000] {taskinstance.py:2778} INFO - 1 downstream tasks scheduled from follow-on schedule check
