[2025-10-28T00:40:34.190+0000] {taskinstance.py:1159} INFO - Dependencies all met for dep_context=non-requeueable deps ti=<TaskInstance: hiring_dynamic.download_data_1 scheduled__2025-01-05T15:00:00+00:00 [queued]>
[2025-10-28T00:40:34.198+0000] {taskinstance.py:1159} INFO - Dependencies all met for dep_context=requeueable deps ti=<TaskInstance: hiring_dynamic.download_data_1 scheduled__2025-01-05T15:00:00+00:00 [queued]>
[2025-10-28T00:40:34.199+0000] {taskinstance.py:1361} INFO - Starting attempt 1 of 1
[2025-10-28T00:40:34.206+0000] {taskinstance.py:1382} INFO - Executing <Task(BashOperator): download_data_1> on 2025-01-05 15:00:00+00:00
[2025-10-28T00:40:34.216+0000] {standard_task_runner.py:57} INFO - Started process 558 to run task
[2025-10-28T00:40:34.219+0000] {standard_task_runner.py:84} INFO - Running: ['airflow', 'tasks', 'run', 'hiring_dynamic', 'download_data_1', 'scheduled__2025-01-05T15:00:00+00:00', '--job-id', '23', '--raw', '--subdir', 'DAGS_FOLDER/dag_dynamic.py', '--cfg-path', '/tmp/tmprkjgimkh']
[2025-10-28T00:40:34.220+0000] {standard_task_runner.py:85} INFO - Job 23: Subtask download_data_1
[2025-10-28T00:40:34.246+0000] {task_command.py:416} INFO - Running <TaskInstance: hiring_dynamic.download_data_1 scheduled__2025-01-05T15:00:00+00:00 [running]> on host d1f69dfe6243
[2025-10-28T00:40:34.274+0000] {taskinstance.py:1662} INFO - Exporting env vars: AIRFLOW_CTX_DAG_OWNER='airflow' AIRFLOW_CTX_DAG_ID='hiring_dynamic' AIRFLOW_CTX_TASK_ID='download_data_1' AIRFLOW_CTX_EXECUTION_DATE='2025-01-05T15:00:00+00:00' AIRFLOW_CTX_TRY_NUMBER='1' AIRFLOW_CTX_DAG_RUN_ID='scheduled__2025-01-05T15:00:00+00:00'
[2025-10-28T00:40:34.275+0000] {subprocess.py:63} INFO - Tmp dir root location: /tmp
[2025-10-28T00:40:34.276+0000] {subprocess.py:75} INFO - Running command: ['/bin/bash', '-c', '\n        RAW_DIR="/opt/airflow/data/dynamic/2025-01-05/raw"\n        mkdir -p "$RAW_DIR"\n        curl -L -f -o "$RAW_DIR/data_1.csv" https://gitlab.com/eduardomoyab/laboratorio-13/-/raw/main/files/data_1.csv\n        echo \'✅ Archivo data_1.csv descargado exitosamente\'\n        ls -lh "$RAW_DIR/data_1.csv"\n    ']
[2025-10-28T00:40:34.282+0000] {subprocess.py:86} INFO - Output:
[2025-10-28T00:40:34.292+0000] {subprocess.py:93} INFO -   % Total    % Received % Xferd  Average Speed   Time    Time     Time  Current
[2025-10-28T00:40:34.292+0000] {subprocess.py:93} INFO -                                  Dload  Upload   Total   Spent    Left  Speed
[2025-10-28T00:40:34.382+0000] {subprocess.py:93} INFO -   0     0    0     0    0     0      0      0 --:--:-- --:--:-- --:--:--     0100 32735  100 32735    0     0   355k      0 --:--:-- --:--:-- --:--:--  355k
[2025-10-28T00:40:34.384+0000] {subprocess.py:93} INFO - ✅ Archivo data_1.csv descargado exitosamente
[2025-10-28T00:40:34.386+0000] {subprocess.py:93} INFO - -rw-r--r-- 1 airflow root 32K Oct 28 00:40 /opt/airflow/data/dynamic/2025-01-05/raw/data_1.csv
[2025-10-28T00:40:34.386+0000] {subprocess.py:97} INFO - Command exited with return code 0
[2025-10-28T00:40:34.397+0000] {taskinstance.py:1400} INFO - Marking task as SUCCESS. dag_id=hiring_dynamic, task_id=download_data_1, execution_date=20250105T150000, start_date=20251028T004034, end_date=20251028T004034
[2025-10-28T00:40:34.446+0000] {local_task_job_runner.py:228} INFO - Task exited with return code 0
[2025-10-28T00:40:34.461+0000] {taskinstance.py:2778} INFO - 0 downstream tasks scheduled from follow-on schedule check
[2025-10-28T01:27:24.619+0000] {taskinstance.py:1159} INFO - Dependencies all met for dep_context=non-requeueable deps ti=<TaskInstance: hiring_dynamic.download_data_1 scheduled__2025-01-05T15:00:00+00:00 [queued]>
[2025-10-28T01:27:24.624+0000] {taskinstance.py:1159} INFO - Dependencies all met for dep_context=requeueable deps ti=<TaskInstance: hiring_dynamic.download_data_1 scheduled__2025-01-05T15:00:00+00:00 [queued]>
[2025-10-28T01:27:24.624+0000] {taskinstance.py:1361} INFO - Starting attempt 1 of 1
[2025-10-28T01:27:24.629+0000] {taskinstance.py:1382} INFO - Executing <Task(BashOperator): download_data_1> on 2025-01-05 15:00:00+00:00
[2025-10-28T01:27:24.634+0000] {standard_task_runner.py:57} INFO - Started process 723 to run task
[2025-10-28T01:27:24.636+0000] {standard_task_runner.py:84} INFO - Running: ['airflow', 'tasks', 'run', 'hiring_dynamic', 'download_data_1', 'scheduled__2025-01-05T15:00:00+00:00', '--job-id', '19', '--raw', '--subdir', 'DAGS_FOLDER/dag_dynamic.py', '--cfg-path', '/tmp/tmp91hsixvp']
[2025-10-28T01:27:24.636+0000] {standard_task_runner.py:85} INFO - Job 19: Subtask download_data_1
[2025-10-28T01:27:24.653+0000] {task_command.py:416} INFO - Running <TaskInstance: hiring_dynamic.download_data_1 scheduled__2025-01-05T15:00:00+00:00 [running]> on host c46dbfd34b1f
[2025-10-28T01:27:24.677+0000] {taskinstance.py:1662} INFO - Exporting env vars: AIRFLOW_CTX_DAG_OWNER='airflow' AIRFLOW_CTX_DAG_ID='hiring_dynamic' AIRFLOW_CTX_TASK_ID='download_data_1' AIRFLOW_CTX_EXECUTION_DATE='2025-01-05T15:00:00+00:00' AIRFLOW_CTX_TRY_NUMBER='1' AIRFLOW_CTX_DAG_RUN_ID='scheduled__2025-01-05T15:00:00+00:00'
[2025-10-28T01:27:24.677+0000] {subprocess.py:63} INFO - Tmp dir root location: /tmp
[2025-10-28T01:27:24.678+0000] {subprocess.py:75} INFO - Running command: ['/bin/bash', '-c', '\n        RAW_DIR="/opt/airflow/data/dynamic/2025-01-05/raw"\n        mkdir -p "$RAW_DIR"\n        curl -L -f -o "$RAW_DIR/data_1.csv" https://gitlab.com/eduardomoyab/laboratorio-13/-/raw/main/files/data_1.csv\n        echo \'✅ Archivo data_1.csv descargado exitosamente\'\n        ls -lh "$RAW_DIR/data_1.csv"\n    ']
[2025-10-28T01:27:24.683+0000] {subprocess.py:86} INFO - Output:
[2025-10-28T01:27:24.694+0000] {subprocess.py:93} INFO -   % Total    % Received % Xferd  Average Speed   Time    Time     Time  Current
[2025-10-28T01:27:24.694+0000] {subprocess.py:93} INFO -                                  Dload  Upload   Total   Spent    Left  Speed
[2025-10-28T01:27:24.835+0000] {subprocess.py:93} INFO -   0     0    0     0    0     0      0      0 --:--:-- --:--:-- --:--:--     0100 32735  100 32735    0     0   228k      0 --:--:-- --:--:-- --:--:--  228k
[2025-10-28T01:27:24.837+0000] {subprocess.py:93} INFO - ✅ Archivo data_1.csv descargado exitosamente
[2025-10-28T01:27:24.840+0000] {subprocess.py:93} INFO - -rw-r--r-- 1 airflow root 32K Oct 28 01:27 /opt/airflow/data/dynamic/2025-01-05/raw/data_1.csv
[2025-10-28T01:27:24.840+0000] {subprocess.py:97} INFO - Command exited with return code 0
[2025-10-28T01:27:24.855+0000] {taskinstance.py:1400} INFO - Marking task as SUCCESS. dag_id=hiring_dynamic, task_id=download_data_1, execution_date=20250105T150000, start_date=20251028T012724, end_date=20251028T012724
[2025-10-28T01:27:24.869+0000] {local_task_job_runner.py:228} INFO - Task exited with return code 0
[2025-10-28T01:27:24.881+0000] {taskinstance.py:2778} INFO - 0 downstream tasks scheduled from follow-on schedule check
