[2025-10-28T00:45:58.373+0000] {taskinstance.py:1159} INFO - Dependencies all met for dep_context=non-requeueable deps ti=<TaskInstance: hiring_dynamic.train_logistic_regression scheduled__2025-07-05T15:00:00+00:00 [queued]>
[2025-10-28T00:45:58.376+0000] {taskinstance.py:1159} INFO - Dependencies all met for dep_context=requeueable deps ti=<TaskInstance: hiring_dynamic.train_logistic_regression scheduled__2025-07-05T15:00:00+00:00 [queued]>
[2025-10-28T00:45:58.376+0000] {taskinstance.py:1361} INFO - Starting attempt 1 of 1
[2025-10-28T00:45:58.382+0000] {taskinstance.py:1382} INFO - Executing <Task(PythonOperator): train_logistic_regression> on 2025-07-05 15:00:00+00:00
[2025-10-28T00:45:58.386+0000] {standard_task_runner.py:57} INFO - Started process 2706 to run task
[2025-10-28T00:45:58.388+0000] {standard_task_runner.py:84} INFO - Running: ['airflow', 'tasks', 'run', 'hiring_dynamic', 'train_logistic_regression', 'scheduled__2025-07-05T15:00:00+00:00', '--job-id', '118', '--raw', '--subdir', 'DAGS_FOLDER/dag_dynamic.py', '--cfg-path', '/tmp/tmpxlw_m9s6']
[2025-10-28T00:45:58.389+0000] {standard_task_runner.py:85} INFO - Job 118: Subtask train_logistic_regression
[2025-10-28T00:45:58.416+0000] {task_command.py:416} INFO - Running <TaskInstance: hiring_dynamic.train_logistic_regression scheduled__2025-07-05T15:00:00+00:00 [running]> on host d1f69dfe6243
[2025-10-28T00:45:58.443+0000] {taskinstance.py:1662} INFO - Exporting env vars: AIRFLOW_CTX_DAG_OWNER='airflow' AIRFLOW_CTX_DAG_ID='hiring_dynamic' AIRFLOW_CTX_TASK_ID='train_logistic_regression' AIRFLOW_CTX_EXECUTION_DATE='2025-07-05T15:00:00+00:00' AIRFLOW_CTX_TRY_NUMBER='1' AIRFLOW_CTX_DAG_RUN_ID='scheduled__2025-07-05T15:00:00+00:00'
[2025-10-28T00:45:58.452+0000] {logging_mixin.py:154} INFO - Entrenando modelo: logistic_regression
[2025-10-28T00:46:06.736+0000] {logging_mixin.py:154} INFO - Modelo logistic_regression guardado en: /opt/airflow/data/dynamic/2025-07-05/models/logistic_regression.joblib
[2025-10-28T00:46:06.774+0000] {python.py:194} INFO - Done. Returned value was: None
[2025-10-28T00:46:06.779+0000] {taskinstance.py:1400} INFO - Marking task as SUCCESS. dag_id=hiring_dynamic, task_id=train_logistic_regression, execution_date=20250705T150000, start_date=20251028T004558, end_date=20251028T004606
[2025-10-28T00:46:06.833+0000] {local_task_job_runner.py:228} INFO - Task exited with return code 0
[2025-10-28T00:46:06.864+0000] {taskinstance.py:2778} INFO - 1 downstream tasks scheduled from follow-on schedule check
[2025-10-28T01:32:48.216+0000] {taskinstance.py:1159} INFO - Dependencies all met for dep_context=non-requeueable deps ti=<TaskInstance: hiring_dynamic.train_logistic_regression scheduled__2025-07-05T15:00:00+00:00 [queued]>
[2025-10-28T01:32:48.220+0000] {taskinstance.py:1159} INFO - Dependencies all met for dep_context=requeueable deps ti=<TaskInstance: hiring_dynamic.train_logistic_regression scheduled__2025-07-05T15:00:00+00:00 [queued]>
[2025-10-28T01:32:48.220+0000] {taskinstance.py:1361} INFO - Starting attempt 1 of 1
[2025-10-28T01:32:48.227+0000] {taskinstance.py:1382} INFO - Executing <Task(PythonOperator): train_logistic_regression> on 2025-07-05 15:00:00+00:00
[2025-10-28T01:32:48.233+0000] {standard_task_runner.py:57} INFO - Started process 2750 to run task
[2025-10-28T01:32:48.235+0000] {standard_task_runner.py:84} INFO - Running: ['airflow', 'tasks', 'run', 'hiring_dynamic', 'train_logistic_regression', 'scheduled__2025-07-05T15:00:00+00:00', '--job-id', '109', '--raw', '--subdir', 'DAGS_FOLDER/dag_dynamic.py', '--cfg-path', '/tmp/tmpqzmcuvv8']
[2025-10-28T01:32:48.236+0000] {standard_task_runner.py:85} INFO - Job 109: Subtask train_logistic_regression
[2025-10-28T01:32:48.257+0000] {task_command.py:416} INFO - Running <TaskInstance: hiring_dynamic.train_logistic_regression scheduled__2025-07-05T15:00:00+00:00 [running]> on host c46dbfd34b1f
[2025-10-28T01:32:48.292+0000] {taskinstance.py:1662} INFO - Exporting env vars: AIRFLOW_CTX_DAG_OWNER='airflow' AIRFLOW_CTX_DAG_ID='hiring_dynamic' AIRFLOW_CTX_TASK_ID='train_logistic_regression' AIRFLOW_CTX_EXECUTION_DATE='2025-07-05T15:00:00+00:00' AIRFLOW_CTX_TRY_NUMBER='1' AIRFLOW_CTX_DAG_RUN_ID='scheduled__2025-07-05T15:00:00+00:00'
[2025-10-28T01:32:48.299+0000] {logging_mixin.py:154} INFO - Entrenando modelo: logistic_regression
[2025-10-28T01:32:56.524+0000] {logging_mixin.py:154} INFO - Modelo logistic_regression guardado en: /opt/airflow/data/dynamic/2025-07-05/models/logistic_regression.joblib
[2025-10-28T01:32:56.566+0000] {python.py:194} INFO - Done. Returned value was: None
[2025-10-28T01:32:56.575+0000] {taskinstance.py:1400} INFO - Marking task as SUCCESS. dag_id=hiring_dynamic, task_id=train_logistic_regression, execution_date=20250705T150000, start_date=20251028T013248, end_date=20251028T013256
[2025-10-28T01:32:56.641+0000] {local_task_job_runner.py:228} INFO - Task exited with return code 0
[2025-10-28T01:32:56.669+0000] {taskinstance.py:2778} INFO - 1 downstream tasks scheduled from follow-on schedule check
