[2025-10-28T00:40:55.218+0000] {taskinstance.py:1159} INFO - Dependencies all met for dep_context=non-requeueable deps ti=<TaskInstance: hiring_dynamic.load_and_merge scheduled__2024-12-05T15:00:00+00:00 [queued]>
[2025-10-28T00:40:55.221+0000] {taskinstance.py:1159} INFO - Dependencies all met for dep_context=requeueable deps ti=<TaskInstance: hiring_dynamic.load_and_merge scheduled__2024-12-05T15:00:00+00:00 [queued]>
[2025-10-28T00:40:55.221+0000] {taskinstance.py:1361} INFO - Starting attempt 1 of 1
[2025-10-28T00:40:55.226+0000] {taskinstance.py:1382} INFO - Executing <Task(PythonOperator): load_and_merge> on 2024-12-05 15:00:00+00:00
[2025-10-28T00:40:55.232+0000] {standard_task_runner.py:57} INFO - Started process 740 to run task
[2025-10-28T00:40:55.234+0000] {standard_task_runner.py:84} INFO - Running: ['airflow', 'tasks', 'run', 'hiring_dynamic', 'load_and_merge', 'scheduled__2024-12-05T15:00:00+00:00', '--job-id', '32', '--raw', '--subdir', 'DAGS_FOLDER/dag_dynamic.py', '--cfg-path', '/tmp/tmplmqc0dj1']
[2025-10-28T00:40:55.235+0000] {standard_task_runner.py:85} INFO - Job 32: Subtask load_and_merge
[2025-10-28T00:40:55.255+0000] {task_command.py:416} INFO - Running <TaskInstance: hiring_dynamic.load_and_merge scheduled__2024-12-05T15:00:00+00:00 [running]> on host d1f69dfe6243
[2025-10-28T00:40:55.280+0000] {taskinstance.py:1662} INFO - Exporting env vars: AIRFLOW_CTX_DAG_OWNER='airflow' AIRFLOW_CTX_DAG_ID='hiring_dynamic' AIRFLOW_CTX_TASK_ID='load_and_merge' AIRFLOW_CTX_EXECUTION_DATE='2024-12-05T15:00:00+00:00' AIRFLOW_CTX_TRY_NUMBER='1' AIRFLOW_CTX_DAG_RUN_ID='scheduled__2024-12-05T15:00:00+00:00'
[2025-10-28T00:40:55.281+0000] {logging_mixin.py:154} INFO - Leyendo /opt/airflow/data/dynamic/2024-12-05/raw/data_1.csv
[2025-10-28T00:40:55.285+0000] {logging_mixin.py:154} INFO - Leyendo /opt/airflow/data/dynamic/2024-12-05/raw/data_2.csv
[2025-10-28T00:40:55.292+0000] {logging_mixin.py:154} INFO - Datos concatenados guardados en: /opt/airflow/data/dynamic/2024-12-05/preprocessed/merged_data.csv
[2025-10-28T00:40:55.292+0000] {logging_mixin.py:154} INFO - Forma del dataset: (1500, 11)
[2025-10-28T00:40:55.297+0000] {python.py:194} INFO - Done. Returned value was: None
[2025-10-28T00:40:55.299+0000] {taskinstance.py:1400} INFO - Marking task as SUCCESS. dag_id=hiring_dynamic, task_id=load_and_merge, execution_date=20241205T150000, start_date=20251028T004055, end_date=20251028T004055
[2025-10-28T00:40:55.335+0000] {local_task_job_runner.py:228} INFO - Task exited with return code 0
[2025-10-28T00:40:55.346+0000] {taskinstance.py:2778} INFO - 1 downstream tasks scheduled from follow-on schedule check
[2025-10-28T01:27:44.070+0000] {taskinstance.py:1159} INFO - Dependencies all met for dep_context=non-requeueable deps ti=<TaskInstance: hiring_dynamic.load_and_merge scheduled__2024-12-05T15:00:00+00:00 [queued]>
[2025-10-28T01:27:44.073+0000] {taskinstance.py:1159} INFO - Dependencies all met for dep_context=requeueable deps ti=<TaskInstance: hiring_dynamic.load_and_merge scheduled__2024-12-05T15:00:00+00:00 [queued]>
[2025-10-28T01:27:44.074+0000] {taskinstance.py:1361} INFO - Starting attempt 1 of 1
[2025-10-28T01:27:44.079+0000] {taskinstance.py:1382} INFO - Executing <Task(PythonOperator): load_and_merge> on 2024-12-05 15:00:00+00:00
[2025-10-28T01:27:44.082+0000] {standard_task_runner.py:57} INFO - Started process 888 to run task
[2025-10-28T01:27:44.085+0000] {standard_task_runner.py:84} INFO - Running: ['airflow', 'tasks', 'run', 'hiring_dynamic', 'load_and_merge', 'scheduled__2024-12-05T15:00:00+00:00', '--job-id', '27', '--raw', '--subdir', 'DAGS_FOLDER/dag_dynamic.py', '--cfg-path', '/tmp/tmpmr4sos5o']
[2025-10-28T01:27:44.086+0000] {standard_task_runner.py:85} INFO - Job 27: Subtask load_and_merge
[2025-10-28T01:27:44.105+0000] {task_command.py:416} INFO - Running <TaskInstance: hiring_dynamic.load_and_merge scheduled__2024-12-05T15:00:00+00:00 [running]> on host c46dbfd34b1f
[2025-10-28T01:27:44.132+0000] {taskinstance.py:1662} INFO - Exporting env vars: AIRFLOW_CTX_DAG_OWNER='airflow' AIRFLOW_CTX_DAG_ID='hiring_dynamic' AIRFLOW_CTX_TASK_ID='load_and_merge' AIRFLOW_CTX_EXECUTION_DATE='2024-12-05T15:00:00+00:00' AIRFLOW_CTX_TRY_NUMBER='1' AIRFLOW_CTX_DAG_RUN_ID='scheduled__2024-12-05T15:00:00+00:00'
[2025-10-28T01:27:44.133+0000] {logging_mixin.py:154} INFO - Leyendo /opt/airflow/data/dynamic/2024-12-05/raw/data_1.csv
[2025-10-28T01:27:44.137+0000] {logging_mixin.py:154} INFO - Leyendo /opt/airflow/data/dynamic/2024-12-05/raw/data_2.csv
[2025-10-28T01:27:44.144+0000] {logging_mixin.py:154} INFO - Datos concatenados guardados en: /opt/airflow/data/dynamic/2024-12-05/preprocessed/merged_data.csv
[2025-10-28T01:27:44.144+0000] {logging_mixin.py:154} INFO - Forma del dataset: (1500, 11)
[2025-10-28T01:27:44.148+0000] {python.py:194} INFO - Done. Returned value was: None
[2025-10-28T01:27:44.151+0000] {taskinstance.py:1400} INFO - Marking task as SUCCESS. dag_id=hiring_dynamic, task_id=load_and_merge, execution_date=20241205T150000, start_date=20251028T012744, end_date=20251028T012744
[2025-10-28T01:27:44.186+0000] {local_task_job_runner.py:228} INFO - Task exited with return code 0
[2025-10-28T01:27:44.200+0000] {taskinstance.py:2778} INFO - 1 downstream tasks scheduled from follow-on schedule check
