[2025-10-28T00:41:02.102+0000] {taskinstance.py:1159} INFO - Dependencies all met for dep_context=non-requeueable deps ti=<TaskInstance: hiring_dynamic.train_random_forest scheduled__2024-10-05T15:00:00+00:00 [queued]>
[2025-10-28T00:41:02.105+0000] {taskinstance.py:1159} INFO - Dependencies all met for dep_context=requeueable deps ti=<TaskInstance: hiring_dynamic.train_random_forest scheduled__2024-10-05T15:00:00+00:00 [queued]>
[2025-10-28T00:41:02.105+0000] {taskinstance.py:1361} INFO - Starting attempt 1 of 1
[2025-10-28T00:41:02.110+0000] {taskinstance.py:1382} INFO - Executing <Task(PythonOperator): train_random_forest> on 2024-10-05 15:00:00+00:00
[2025-10-28T00:41:02.114+0000] {standard_task_runner.py:57} INFO - Started process 791 to run task
[2025-10-28T00:41:02.121+0000] {standard_task_runner.py:84} INFO - Running: ['airflow', 'tasks', 'run', 'hiring_dynamic', 'train_random_forest', 'scheduled__2024-10-05T15:00:00+00:00', '--job-id', '35', '--raw', '--subdir', 'DAGS_FOLDER/dag_dynamic.py', '--cfg-path', '/tmp/tmp172kjqet']
[2025-10-28T00:41:02.123+0000] {standard_task_runner.py:85} INFO - Job 35: Subtask train_random_forest
[2025-10-28T00:41:02.143+0000] {task_command.py:416} INFO - Running <TaskInstance: hiring_dynamic.train_random_forest scheduled__2024-10-05T15:00:00+00:00 [running]> on host d1f69dfe6243
[2025-10-28T00:41:02.171+0000] {taskinstance.py:1662} INFO - Exporting env vars: AIRFLOW_CTX_DAG_OWNER='airflow' AIRFLOW_CTX_DAG_ID='hiring_dynamic' AIRFLOW_CTX_TASK_ID='train_random_forest' AIRFLOW_CTX_EXECUTION_DATE='2024-10-05T15:00:00+00:00' AIRFLOW_CTX_TRY_NUMBER='1' AIRFLOW_CTX_DAG_RUN_ID='scheduled__2024-10-05T15:00:00+00:00'
[2025-10-28T00:41:02.177+0000] {logging_mixin.py:154} INFO - Entrenando modelo: random_forest
[2025-10-28T00:41:02.719+0000] {logging_mixin.py:154} INFO - Modelo random_forest guardado en: /opt/airflow/data/dynamic/2024-10-05/models/random_forest.joblib
[2025-10-28T00:41:02.725+0000] {python.py:194} INFO - Done. Returned value was: None
[2025-10-28T00:41:02.727+0000] {taskinstance.py:1400} INFO - Marking task as SUCCESS. dag_id=hiring_dynamic, task_id=train_random_forest, execution_date=20241005T150000, start_date=20251028T004102, end_date=20251028T004102
[2025-10-28T00:41:02.759+0000] {local_task_job_runner.py:228} INFO - Task exited with return code 0
[2025-10-28T00:41:02.769+0000] {taskinstance.py:2778} INFO - 0 downstream tasks scheduled from follow-on schedule check
[2025-10-28T01:27:49.140+0000] {taskinstance.py:1159} INFO - Dependencies all met for dep_context=non-requeueable deps ti=<TaskInstance: hiring_dynamic.train_random_forest scheduled__2024-10-05T15:00:00+00:00 [queued]>
[2025-10-28T01:27:49.144+0000] {taskinstance.py:1159} INFO - Dependencies all met for dep_context=requeueable deps ti=<TaskInstance: hiring_dynamic.train_random_forest scheduled__2024-10-05T15:00:00+00:00 [queued]>
[2025-10-28T01:27:49.144+0000] {taskinstance.py:1361} INFO - Starting attempt 1 of 1
[2025-10-28T01:27:49.149+0000] {taskinstance.py:1382} INFO - Executing <Task(PythonOperator): train_random_forest> on 2024-10-05 15:00:00+00:00
[2025-10-28T01:27:49.160+0000] {standard_task_runner.py:57} INFO - Started process 922 to run task
[2025-10-28T01:27:49.169+0000] {standard_task_runner.py:84} INFO - Running: ['airflow', 'tasks', 'run', 'hiring_dynamic', 'train_random_forest', 'scheduled__2024-10-05T15:00:00+00:00', '--job-id', '29', '--raw', '--subdir', 'DAGS_FOLDER/dag_dynamic.py', '--cfg-path', '/tmp/tmpam6ad6i5']
[2025-10-28T01:27:49.170+0000] {standard_task_runner.py:85} INFO - Job 29: Subtask train_random_forest
[2025-10-28T01:27:49.191+0000] {task_command.py:416} INFO - Running <TaskInstance: hiring_dynamic.train_random_forest scheduled__2024-10-05T15:00:00+00:00 [running]> on host c46dbfd34b1f
[2025-10-28T01:27:49.221+0000] {taskinstance.py:1662} INFO - Exporting env vars: AIRFLOW_CTX_DAG_OWNER='airflow' AIRFLOW_CTX_DAG_ID='hiring_dynamic' AIRFLOW_CTX_TASK_ID='train_random_forest' AIRFLOW_CTX_EXECUTION_DATE='2024-10-05T15:00:00+00:00' AIRFLOW_CTX_TRY_NUMBER='1' AIRFLOW_CTX_DAG_RUN_ID='scheduled__2024-10-05T15:00:00+00:00'
[2025-10-28T01:27:49.231+0000] {logging_mixin.py:154} INFO - Entrenando modelo: random_forest
[2025-10-28T01:27:49.758+0000] {logging_mixin.py:154} INFO - Modelo random_forest guardado en: /opt/airflow/data/dynamic/2024-10-05/models/random_forest.joblib
[2025-10-28T01:27:49.763+0000] {python.py:194} INFO - Done. Returned value was: None
[2025-10-28T01:27:49.765+0000] {taskinstance.py:1400} INFO - Marking task as SUCCESS. dag_id=hiring_dynamic, task_id=train_random_forest, execution_date=20241005T150000, start_date=20251028T012749, end_date=20251028T012749
[2025-10-28T01:27:49.812+0000] {local_task_job_runner.py:228} INFO - Task exited with return code 0
[2025-10-28T01:27:49.824+0000] {taskinstance.py:2778} INFO - 0 downstream tasks scheduled from follow-on schedule check
