[2025-10-28T00:40:53.139+0000] {taskinstance.py:1159} INFO - Dependencies all met for dep_context=non-requeueable deps ti=<TaskInstance: hiring_dynamic.download_data_2 scheduled__2025-02-05T15:00:00+00:00 [queued]>
[2025-10-28T00:40:53.143+0000] {taskinstance.py:1159} INFO - Dependencies all met for dep_context=requeueable deps ti=<TaskInstance: hiring_dynamic.download_data_2 scheduled__2025-02-05T15:00:00+00:00 [queued]>
[2025-10-28T00:40:53.143+0000] {taskinstance.py:1361} INFO - Starting attempt 1 of 1
[2025-10-28T00:40:53.148+0000] {taskinstance.py:1382} INFO - Executing <Task(BashOperator): download_data_2> on 2025-02-05 15:00:00+00:00
[2025-10-28T00:40:53.155+0000] {standard_task_runner.py:57} INFO - Started process 718 to run task
[2025-10-28T00:40:53.158+0000] {standard_task_runner.py:84} INFO - Running: ['airflow', 'tasks', 'run', 'hiring_dynamic', 'download_data_2', 'scheduled__2025-02-05T15:00:00+00:00', '--job-id', '31', '--raw', '--subdir', 'DAGS_FOLDER/dag_dynamic.py', '--cfg-path', '/tmp/tmpqvwz2s6z']
[2025-10-28T00:40:53.158+0000] {standard_task_runner.py:85} INFO - Job 31: Subtask download_data_2
[2025-10-28T00:40:53.175+0000] {task_command.py:416} INFO - Running <TaskInstance: hiring_dynamic.download_data_2 scheduled__2025-02-05T15:00:00+00:00 [running]> on host d1f69dfe6243
[2025-10-28T00:40:53.199+0000] {taskinstance.py:1662} INFO - Exporting env vars: AIRFLOW_CTX_DAG_OWNER='airflow' AIRFLOW_CTX_DAG_ID='hiring_dynamic' AIRFLOW_CTX_TASK_ID='download_data_2' AIRFLOW_CTX_EXECUTION_DATE='2025-02-05T15:00:00+00:00' AIRFLOW_CTX_TRY_NUMBER='1' AIRFLOW_CTX_DAG_RUN_ID='scheduled__2025-02-05T15:00:00+00:00'
[2025-10-28T00:40:53.200+0000] {subprocess.py:63} INFO - Tmp dir root location: /tmp
[2025-10-28T00:40:53.200+0000] {subprocess.py:75} INFO - Running command: ['/bin/bash', '-c', '\n        RAW_DIR="/opt/airflow/data/dynamic/2025-02-05/raw"\n        mkdir -p "$RAW_DIR"\n        curl -L -f -o "$RAW_DIR/data_2.csv" https://gitlab.com/eduardomoyab/laboratorio-13/-/raw/main/files/data_2.csv\n        echo \'✅ Archivo data_2.csv descargado exitosamente\'\n        ls -lh "$RAW_DIR/data_2.csv"\n    ']
[2025-10-28T00:40:53.205+0000] {subprocess.py:86} INFO - Output:
[2025-10-28T00:40:53.210+0000] {subprocess.py:93} INFO -   % Total    % Received % Xferd  Average Speed   Time    Time     Time  Current
[2025-10-28T00:40:53.211+0000] {subprocess.py:93} INFO -                                  Dload  Upload   Total   Spent    Left  Speed
[2025-10-28T00:40:53.295+0000] {subprocess.py:93} INFO -   0     0    0     0    0     0      0      0 --:--:-- --:--:-- --:--:--     0100 32687  100 32687    0     0   380k      0 --:--:-- --:--:-- --:--:--  380k
[2025-10-28T00:40:53.297+0000] {subprocess.py:93} INFO - ✅ Archivo data_2.csv descargado exitosamente
[2025-10-28T00:40:53.299+0000] {subprocess.py:93} INFO - -rw-r--r-- 1 airflow root 32K Oct 28 00:40 /opt/airflow/data/dynamic/2025-02-05/raw/data_2.csv
[2025-10-28T00:40:53.299+0000] {subprocess.py:97} INFO - Command exited with return code 0
[2025-10-28T00:40:53.311+0000] {taskinstance.py:1400} INFO - Marking task as SUCCESS. dag_id=hiring_dynamic, task_id=download_data_2, execution_date=20250205T150000, start_date=20251028T004053, end_date=20251028T004053
[2025-10-28T00:40:53.344+0000] {local_task_job_runner.py:228} INFO - Task exited with return code 0
[2025-10-28T00:40:53.356+0000] {taskinstance.py:2778} INFO - 0 downstream tasks scheduled from follow-on schedule check
[2025-10-28T01:27:41.987+0000] {taskinstance.py:1159} INFO - Dependencies all met for dep_context=non-requeueable deps ti=<TaskInstance: hiring_dynamic.download_data_2 scheduled__2025-02-05T15:00:00+00:00 [queued]>
[2025-10-28T01:27:41.991+0000] {taskinstance.py:1159} INFO - Dependencies all met for dep_context=requeueable deps ti=<TaskInstance: hiring_dynamic.download_data_2 scheduled__2025-02-05T15:00:00+00:00 [queued]>
[2025-10-28T01:27:41.991+0000] {taskinstance.py:1361} INFO - Starting attempt 1 of 1
[2025-10-28T01:27:41.997+0000] {taskinstance.py:1382} INFO - Executing <Task(BashOperator): download_data_2> on 2025-02-05 15:00:00+00:00
[2025-10-28T01:27:42.012+0000] {standard_task_runner.py:57} INFO - Started process 866 to run task
[2025-10-28T01:27:42.014+0000] {standard_task_runner.py:84} INFO - Running: ['airflow', 'tasks', 'run', 'hiring_dynamic', 'download_data_2', 'scheduled__2025-02-05T15:00:00+00:00', '--job-id', '26', '--raw', '--subdir', 'DAGS_FOLDER/dag_dynamic.py', '--cfg-path', '/tmp/tmprealhq1h']
[2025-10-28T01:27:42.015+0000] {standard_task_runner.py:85} INFO - Job 26: Subtask download_data_2
[2025-10-28T01:27:42.032+0000] {task_command.py:416} INFO - Running <TaskInstance: hiring_dynamic.download_data_2 scheduled__2025-02-05T15:00:00+00:00 [running]> on host c46dbfd34b1f
[2025-10-28T01:27:42.054+0000] {taskinstance.py:1662} INFO - Exporting env vars: AIRFLOW_CTX_DAG_OWNER='airflow' AIRFLOW_CTX_DAG_ID='hiring_dynamic' AIRFLOW_CTX_TASK_ID='download_data_2' AIRFLOW_CTX_EXECUTION_DATE='2025-02-05T15:00:00+00:00' AIRFLOW_CTX_TRY_NUMBER='1' AIRFLOW_CTX_DAG_RUN_ID='scheduled__2025-02-05T15:00:00+00:00'
[2025-10-28T01:27:42.055+0000] {subprocess.py:63} INFO - Tmp dir root location: /tmp
[2025-10-28T01:27:42.055+0000] {subprocess.py:75} INFO - Running command: ['/bin/bash', '-c', '\n        RAW_DIR="/opt/airflow/data/dynamic/2025-02-05/raw"\n        mkdir -p "$RAW_DIR"\n        curl -L -f -o "$RAW_DIR/data_2.csv" https://gitlab.com/eduardomoyab/laboratorio-13/-/raw/main/files/data_2.csv\n        echo \'✅ Archivo data_2.csv descargado exitosamente\'\n        ls -lh "$RAW_DIR/data_2.csv"\n    ']
[2025-10-28T01:27:42.063+0000] {subprocess.py:86} INFO - Output:
[2025-10-28T01:27:42.069+0000] {subprocess.py:93} INFO -   % Total    % Received % Xferd  Average Speed   Time    Time     Time  Current
[2025-10-28T01:27:42.069+0000] {subprocess.py:93} INFO -                                  Dload  Upload   Total   Spent    Left  Speed
[2025-10-28T01:27:42.181+0000] {subprocess.py:93} INFO -   0     0    0     0    0     0      0      0 --:--:-- --:--:-- --:--:--     0100 32687  100 32687    0     0   287k      0 --:--:-- --:--:-- --:--:--  287k
[2025-10-28T01:27:42.183+0000] {subprocess.py:93} INFO - ✅ Archivo data_2.csv descargado exitosamente
[2025-10-28T01:27:42.185+0000] {subprocess.py:93} INFO - -rw-r--r-- 1 airflow root 32K Oct 28 01:27 /opt/airflow/data/dynamic/2025-02-05/raw/data_2.csv
[2025-10-28T01:27:42.185+0000] {subprocess.py:97} INFO - Command exited with return code 0
[2025-10-28T01:27:42.198+0000] {taskinstance.py:1400} INFO - Marking task as SUCCESS. dag_id=hiring_dynamic, task_id=download_data_2, execution_date=20250205T150000, start_date=20251028T012741, end_date=20251028T012742
[2025-10-28T01:27:42.206+0000] {local_task_job_runner.py:228} INFO - Task exited with return code 0
[2025-10-28T01:27:42.218+0000] {taskinstance.py:2778} INFO - 0 downstream tasks scheduled from follow-on schedule check
