[2025-10-28T00:44:54.362+0000] {taskinstance.py:1159} INFO - Dependencies all met for dep_context=non-requeueable deps ti=<TaskInstance: hiring_dynamic.split_data scheduled__2025-06-05T15:00:00+00:00 [queued]>
[2025-10-28T00:44:54.365+0000] {taskinstance.py:1159} INFO - Dependencies all met for dep_context=requeueable deps ti=<TaskInstance: hiring_dynamic.split_data scheduled__2025-06-05T15:00:00+00:00 [queued]>
[2025-10-28T00:44:54.365+0000] {taskinstance.py:1361} INFO - Starting attempt 1 of 1
[2025-10-28T00:44:54.371+0000] {taskinstance.py:1382} INFO - Executing <Task(PythonOperator): split_data> on 2025-06-05 15:00:00+00:00
[2025-10-28T00:44:54.376+0000] {standard_task_runner.py:57} INFO - Started process 2306 to run task
[2025-10-28T00:44:54.379+0000] {standard_task_runner.py:84} INFO - Running: ['airflow', 'tasks', 'run', 'hiring_dynamic', 'split_data', 'scheduled__2025-06-05T15:00:00+00:00', '--job-id', '101', '--raw', '--subdir', 'DAGS_FOLDER/dag_dynamic.py', '--cfg-path', '/tmp/tmp40d4wu4j']
[2025-10-28T00:44:54.380+0000] {standard_task_runner.py:85} INFO - Job 101: Subtask split_data
[2025-10-28T00:44:54.400+0000] {task_command.py:416} INFO - Running <TaskInstance: hiring_dynamic.split_data scheduled__2025-06-05T15:00:00+00:00 [running]> on host d1f69dfe6243
[2025-10-28T00:44:54.429+0000] {taskinstance.py:1662} INFO - Exporting env vars: AIRFLOW_CTX_DAG_OWNER='airflow' AIRFLOW_CTX_DAG_ID='hiring_dynamic' AIRFLOW_CTX_TASK_ID='split_data' AIRFLOW_CTX_EXECUTION_DATE='2025-06-05T15:00:00+00:00' AIRFLOW_CTX_TRY_NUMBER='1' AIRFLOW_CTX_DAG_RUN_ID='scheduled__2025-06-05T15:00:00+00:00'
[2025-10-28T00:44:54.443+0000] {logging_mixin.py:154} INFO - Train guardado en: /opt/airflow/data/dynamic/2025-06-05/splits/train.csv - Shape: (1200, 10)
[2025-10-28T00:44:54.443+0000] {logging_mixin.py:154} INFO - Test guardado en: /opt/airflow/data/dynamic/2025-06-05/splits/test.csv - Shape: (300, 10)
[2025-10-28T00:44:54.450+0000] {python.py:194} INFO - Done. Returned value was: None
[2025-10-28T00:44:54.452+0000] {taskinstance.py:1400} INFO - Marking task as SUCCESS. dag_id=hiring_dynamic, task_id=split_data, execution_date=20250605T150000, start_date=20251028T004454, end_date=20251028T004454
[2025-10-28T00:44:54.478+0000] {local_task_job_runner.py:228} INFO - Task exited with return code 0
[2025-10-28T00:44:54.490+0000] {taskinstance.py:2778} INFO - 3 downstream tasks scheduled from follow-on schedule check
[2025-10-28T01:31:46.964+0000] {taskinstance.py:1159} INFO - Dependencies all met for dep_context=non-requeueable deps ti=<TaskInstance: hiring_dynamic.split_data scheduled__2025-06-05T15:00:00+00:00 [queued]>
[2025-10-28T01:31:46.967+0000] {taskinstance.py:1159} INFO - Dependencies all met for dep_context=requeueable deps ti=<TaskInstance: hiring_dynamic.split_data scheduled__2025-06-05T15:00:00+00:00 [queued]>
[2025-10-28T01:31:46.968+0000] {taskinstance.py:1361} INFO - Starting attempt 1 of 1
[2025-10-28T01:31:46.976+0000] {taskinstance.py:1382} INFO - Executing <Task(PythonOperator): split_data> on 2025-06-05 15:00:00+00:00
[2025-10-28T01:31:46.982+0000] {standard_task_runner.py:57} INFO - Started process 2394 to run task
[2025-10-28T01:31:46.986+0000] {standard_task_runner.py:84} INFO - Running: ['airflow', 'tasks', 'run', 'hiring_dynamic', 'split_data', 'scheduled__2025-06-05T15:00:00+00:00', '--job-id', '94', '--raw', '--subdir', 'DAGS_FOLDER/dag_dynamic.py', '--cfg-path', '/tmp/tmpc21phc8h']
[2025-10-28T01:31:46.987+0000] {standard_task_runner.py:85} INFO - Job 94: Subtask split_data
[2025-10-28T01:31:47.008+0000] {task_command.py:416} INFO - Running <TaskInstance: hiring_dynamic.split_data scheduled__2025-06-05T15:00:00+00:00 [running]> on host c46dbfd34b1f
[2025-10-28T01:31:47.036+0000] {taskinstance.py:1662} INFO - Exporting env vars: AIRFLOW_CTX_DAG_OWNER='airflow' AIRFLOW_CTX_DAG_ID='hiring_dynamic' AIRFLOW_CTX_TASK_ID='split_data' AIRFLOW_CTX_EXECUTION_DATE='2025-06-05T15:00:00+00:00' AIRFLOW_CTX_TRY_NUMBER='1' AIRFLOW_CTX_DAG_RUN_ID='scheduled__2025-06-05T15:00:00+00:00'
[2025-10-28T01:31:47.051+0000] {logging_mixin.py:154} INFO - Train guardado en: /opt/airflow/data/dynamic/2025-06-05/splits/train.csv - Shape: (1200, 10)
[2025-10-28T01:31:47.051+0000] {logging_mixin.py:154} INFO - Test guardado en: /opt/airflow/data/dynamic/2025-06-05/splits/test.csv - Shape: (300, 10)
[2025-10-28T01:31:47.057+0000] {python.py:194} INFO - Done. Returned value was: None
[2025-10-28T01:31:47.059+0000] {taskinstance.py:1400} INFO - Marking task as SUCCESS. dag_id=hiring_dynamic, task_id=split_data, execution_date=20250605T150000, start_date=20251028T013146, end_date=20251028T013147
[2025-10-28T01:31:47.090+0000] {local_task_job_runner.py:228} INFO - Task exited with return code 0
[2025-10-28T01:31:47.103+0000] {taskinstance.py:2778} INFO - 3 downstream tasks scheduled from follow-on schedule check
