[2025-10-28T00:41:56.557+0000] {taskinstance.py:1159} INFO - Dependencies all met for dep_context=non-requeueable deps ti=<TaskInstance: hiring_dynamic.evaluate_models scheduled__2024-10-05T15:00:00+00:00 [queued]>
[2025-10-28T00:41:56.560+0000] {taskinstance.py:1159} INFO - Dependencies all met for dep_context=requeueable deps ti=<TaskInstance: hiring_dynamic.evaluate_models scheduled__2024-10-05T15:00:00+00:00 [queued]>
[2025-10-28T00:41:56.560+0000] {taskinstance.py:1361} INFO - Starting attempt 1 of 1
[2025-10-28T00:41:56.566+0000] {taskinstance.py:1382} INFO - Executing <Task(PythonOperator): evaluate_models> on 2024-10-05 15:00:00+00:00
[2025-10-28T00:41:56.570+0000] {standard_task_runner.py:57} INFO - Started process 1133 to run task
[2025-10-28T00:41:56.572+0000] {standard_task_runner.py:84} INFO - Running: ['airflow', 'tasks', 'run', 'hiring_dynamic', 'evaluate_models', 'scheduled__2024-10-05T15:00:00+00:00', '--job-id', '50', '--raw', '--subdir', 'DAGS_FOLDER/dag_dynamic.py', '--cfg-path', '/tmp/tmpq_k6afqu']
[2025-10-28T00:41:56.573+0000] {standard_task_runner.py:85} INFO - Job 50: Subtask evaluate_models
[2025-10-28T00:41:56.594+0000] {task_command.py:416} INFO - Running <TaskInstance: hiring_dynamic.evaluate_models scheduled__2024-10-05T15:00:00+00:00 [running]> on host d1f69dfe6243
[2025-10-28T00:41:56.619+0000] {taskinstance.py:1662} INFO - Exporting env vars: AIRFLOW_CTX_DAG_OWNER='airflow' AIRFLOW_CTX_DAG_ID='hiring_dynamic' AIRFLOW_CTX_TASK_ID='evaluate_models' AIRFLOW_CTX_EXECUTION_DATE='2024-10-05T15:00:00+00:00' AIRFLOW_CTX_TRY_NUMBER='1' AIRFLOW_CTX_DAG_RUN_ID='scheduled__2024-10-05T15:00:00+00:00'
[2025-10-28T00:41:56.626+0000] {logging_mixin.py:154} INFO - Evaluando 3 modelos en experimento 'dynamic'...
[2025-10-28T00:41:56.631+0000] {logging_mixin.py:154} INFO -   logistic_regression: Accuracy = 0.8400
[2025-10-28T00:41:56.641+0000] {logging_mixin.py:154} INFO -   gradient_boosting: Accuracy = 0.9200
[2025-10-28T00:41:56.720+0000] {logging_mixin.py:154} INFO -   random_forest: Accuracy = 0.9400
[2025-10-28T00:41:56.720+0000] {logging_mixin.py:154} INFO - 
✅ Mejor modelo (dynamic): random_forest
[2025-10-28T00:41:56.720+0000] {logging_mixin.py:154} INFO -    Accuracy: 0.9400
[2025-10-28T00:41:56.848+0000] {logging_mixin.py:154} INFO -    Guardado en: /opt/airflow/data/dynamic/2024-10-05/models/best_model.joblib
[2025-10-28T00:41:56.857+0000] {python.py:194} INFO - Done. Returned value was: None
[2025-10-28T00:41:56.859+0000] {taskinstance.py:1400} INFO - Marking task as SUCCESS. dag_id=hiring_dynamic, task_id=evaluate_models, execution_date=20241005T150000, start_date=20251028T004156, end_date=20251028T004156
[2025-10-28T00:41:56.879+0000] {local_task_job_runner.py:228} INFO - Task exited with return code 0
[2025-10-28T00:41:56.886+0000] {taskinstance.py:2778} INFO - 0 downstream tasks scheduled from follow-on schedule check
[2025-10-28T01:28:33.876+0000] {taskinstance.py:1159} INFO - Dependencies all met for dep_context=non-requeueable deps ti=<TaskInstance: hiring_dynamic.evaluate_models scheduled__2024-10-05T15:00:00+00:00 [queued]>
[2025-10-28T01:28:33.880+0000] {taskinstance.py:1159} INFO - Dependencies all met for dep_context=requeueable deps ti=<TaskInstance: hiring_dynamic.evaluate_models scheduled__2024-10-05T15:00:00+00:00 [queued]>
[2025-10-28T01:28:33.880+0000] {taskinstance.py:1361} INFO - Starting attempt 1 of 1
[2025-10-28T01:28:33.889+0000] {taskinstance.py:1382} INFO - Executing <Task(PythonOperator): evaluate_models> on 2024-10-05 15:00:00+00:00
[2025-10-28T01:28:33.903+0000] {standard_task_runner.py:57} INFO - Started process 1188 to run task
[2025-10-28T01:28:33.908+0000] {standard_task_runner.py:84} INFO - Running: ['airflow', 'tasks', 'run', 'hiring_dynamic', 'evaluate_models', 'scheduled__2024-10-05T15:00:00+00:00', '--job-id', '41', '--raw', '--subdir', 'DAGS_FOLDER/dag_dynamic.py', '--cfg-path', '/tmp/tmpweb_xxmq']
[2025-10-28T01:28:33.909+0000] {standard_task_runner.py:85} INFO - Job 41: Subtask evaluate_models
[2025-10-28T01:28:33.931+0000] {task_command.py:416} INFO - Running <TaskInstance: hiring_dynamic.evaluate_models scheduled__2024-10-05T15:00:00+00:00 [running]> on host c46dbfd34b1f
[2025-10-28T01:28:33.959+0000] {taskinstance.py:1662} INFO - Exporting env vars: AIRFLOW_CTX_DAG_OWNER='airflow' AIRFLOW_CTX_DAG_ID='hiring_dynamic' AIRFLOW_CTX_TASK_ID='evaluate_models' AIRFLOW_CTX_EXECUTION_DATE='2024-10-05T15:00:00+00:00' AIRFLOW_CTX_TRY_NUMBER='1' AIRFLOW_CTX_DAG_RUN_ID='scheduled__2024-10-05T15:00:00+00:00'
[2025-10-28T01:28:33.968+0000] {logging_mixin.py:154} INFO - Evaluando 3 modelos en experimento 'dynamic'...
[2025-10-28T01:28:33.975+0000] {logging_mixin.py:154} INFO -   logistic_regression: Accuracy = 0.8400
[2025-10-28T01:28:33.993+0000] {logging_mixin.py:154} INFO -   gradient_boosting: Accuracy = 0.9200
[2025-10-28T01:28:34.134+0000] {logging_mixin.py:154} INFO -   random_forest: Accuracy = 0.9400
[2025-10-28T01:28:34.134+0000] {logging_mixin.py:154} INFO - 
✅ Mejor modelo (dynamic): random_forest
[2025-10-28T01:28:34.134+0000] {logging_mixin.py:154} INFO -    Accuracy: 0.9400
[2025-10-28T01:28:34.316+0000] {logging_mixin.py:154} INFO -    Guardado en: /opt/airflow/data/dynamic/2024-10-05/models/best_model.joblib
[2025-10-28T01:28:34.329+0000] {python.py:194} INFO - Done. Returned value was: None
[2025-10-28T01:28:34.331+0000] {taskinstance.py:1400} INFO - Marking task as SUCCESS. dag_id=hiring_dynamic, task_id=evaluate_models, execution_date=20241005T150000, start_date=20251028T012833, end_date=20251028T012834
[2025-10-28T01:28:34.344+0000] {local_task_job_runner.py:228} INFO - Task exited with return code 0
[2025-10-28T01:28:34.352+0000] {taskinstance.py:2778} INFO - 0 downstream tasks scheduled from follow-on schedule check
