[2025-10-28T21:26:45.226+0000] {taskinstance.py:1159} INFO - Dependencies all met for dep_context=non-requeueable deps ti=<TaskInstance: sodai_drinks_production_pipeline.train_model manual__2025-10-28T21:26:07.421553+00:00 [queued]>
[2025-10-28T21:26:45.257+0000] {taskinstance.py:1159} INFO - Dependencies all met for dep_context=requeueable deps ti=<TaskInstance: sodai_drinks_production_pipeline.train_model manual__2025-10-28T21:26:07.421553+00:00 [queued]>
[2025-10-28T21:26:45.257+0000] {taskinstance.py:1361} INFO - Starting attempt 1 of 2
[2025-10-28T21:26:45.278+0000] {taskinstance.py:1382} INFO - Executing <Task(PythonOperator): train_model> on 2025-10-28 21:26:07.421553+00:00
[2025-10-28T21:26:45.331+0000] {standard_task_runner.py:57} INFO - Started process 583 to run task
[2025-10-28T21:26:45.357+0000] {standard_task_runner.py:84} INFO - Running: ['***', 'tasks', 'run', 'sodai_drinks_production_pipeline', 'train_model', 'manual__2025-10-28T21:26:07.421553+00:00', '--job-id', '10', '--raw', '--subdir', 'DAGS_FOLDER/pipeline_productivo.py', '--cfg-path', '/tmp/tmpnwe0xqjj']
[2025-10-28T21:26:45.365+0000] {standard_task_runner.py:85} INFO - Job 10: Subtask train_model
[2025-10-28T21:26:45.462+0000] {task_command.py:416} INFO - Running <TaskInstance: sodai_drinks_production_pipeline.train_model manual__2025-10-28T21:26:07.421553+00:00 [running]> on host ee70ee0df05e
[2025-10-28T21:26:45.595+0000] {taskinstance.py:1662} INFO - Exporting env vars: AIRFLOW_CTX_DAG_EMAIL='team@sodaidrinks.com' AIRFLOW_CTX_DAG_OWNER='sodai_drinks_team' AIRFLOW_CTX_DAG_ID='sodai_drinks_production_pipeline' AIRFLOW_CTX_TASK_ID='train_model' AIRFLOW_CTX_EXECUTION_DATE='2025-10-28T21:26:07.421553+00:00' AIRFLOW_CTX_TRY_NUMBER='1' AIRFLOW_CTX_DAG_RUN_ID='manual__2025-10-28T21:26:07.421553+00:00'
[2025-10-28T21:26:45.597+0000] {model_training.py:160} INFO - Iniciando entrenamiento del modelo...
[2025-10-28T21:26:46.295+0000] {model_training.py:175} INFO - Features: 19, Registros: 94587
[2025-10-28T21:26:46.307+0000] {model_training.py:176} INFO - Distribución de clases - 0: 0, 1: 94587
[2025-10-28T21:26:48.855+0000] {logging_mixin.py:154} WARNING - 2025/10/28 21:26:48 WARNING mlflow.utils.git_utils: Failed to import Git (the Git executable is probably not on your PATH), so Git SHA is not available. Error: Failed to initialize: Bad git executable.
The git executable must be specified in one of the following ways:
    - be included in your $PATH
    - be set via $GIT_PYTHON_GIT_EXECUTABLE
    - explicitly set via git.refresh(<full-path-to-git-executable>)

All git commands will error until this is rectified.

This initial message can be silenced or aggravated in the future by setting the
$GIT_PYTHON_REFRESH environment variable. Use one of the following values:
    - quiet|q|silence|s|silent|none|n|0: for no message or exception
    - warn|w|warning|log|l|1: for a warning message (logging level CRITICAL, displayed by default)
    - error|e|exception|raise|r|2: for a raised exception

Example:
    export GIT_PYTHON_REFRESH=quiet
[2025-10-28T21:26:49.056+0000] {model_training.py:56} INFO - Iniciando optimización de hiperparámetros con 30 trials...
[2025-10-28T21:26:49.081+0000] {logging_mixin.py:154} WARNING -   0%|          | 0/30 [00:00<?, ?it/s]
[2025-10-28T21:26:49.149+0000] {logging_mixin.py:154} WARNING -                                       
[2025-10-28T21:26:49.150+0000] {logging_mixin.py:154} WARNING - 
[2025-10-28T21:26:49.151+0000] {logging_mixin.py:154} INFO - [W 2025-10-28 21:26:49,135] Trial 0 failed with parameters: {'model': 'xgboost', 'n_estimators': 84, 'max_depth': 9, 'learning_rate': 0.16164448580020524, 'subsample': 0.6925483260544815, 'colsample_bytree': 0.6235972920440959} because of the following error: ValueError('Invalid classes inferred from unique values of `y`.  Expected: [0], got [1]').
Traceback (most recent call last):
  File "/home/***/.local/lib/python3.10/site-packages/optuna/study/_optimize.py", line 200, in _run_trial
    value_or_values = func(trial)
  File "/opt/***/dags/tasks/model_training.py", line 94, in objective
    model.fit(X_train, y_train)
  File "/home/***/.local/lib/python3.10/site-packages/xgboost/core.py", line 729, in inner_f
    return func(**kwargs)
  File "/home/***/.local/lib/python3.10/site-packages/xgboost/sklearn.py", line 1467, in fit
    raise ValueError(
ValueError: Invalid classes inferred from unique values of `y`.  Expected: [0], got [1]
[2025-10-28T21:26:49.152+0000] {logging_mixin.py:154} WARNING -   0%|          | 0/30 [00:00<?, ?it/s]
[2025-10-28T21:26:49.152+0000] {logging_mixin.py:154} WARNING -                                       
[2025-10-28T21:26:49.152+0000] {logging_mixin.py:154} WARNING - 
[2025-10-28T21:26:49.152+0000] {logging_mixin.py:154} INFO - [W 2025-10-28 21:26:49,152] Trial 0 failed with value None.
[2025-10-28T21:26:49.152+0000] {logging_mixin.py:154} WARNING -   0%|          | 0/30 [00:00<?, ?it/s]
[2025-10-28T21:26:49.153+0000] {logging_mixin.py:154} WARNING -   0%|          | 0/30 [00:00<?, ?it/s]
[2025-10-28T21:26:49.154+0000] {taskinstance.py:1937} ERROR - Task failed with exception
Traceback (most recent call last):
  File "/home/airflow/.local/lib/python3.10/site-packages/airflow/operators/python.py", line 192, in execute
    return_value = self.execute_callable()
  File "/home/airflow/.local/lib/python3.10/site-packages/airflow/operators/python.py", line 209, in execute_callable
    return self.python_callable(*self.op_args, **self.op_kwargs)
  File "/opt/airflow/dags/tasks/model_training.py", line 189, in train_model
    best_params, study = optimize_hyperparameters(X_train, y_train, X_val, y_val, n_trials=30)
  File "/opt/airflow/dags/tasks/model_training.py", line 102, in optimize_hyperparameters
    study.optimize(objective, n_trials=n_trials, show_progress_bar=True)
  File "/home/airflow/.local/lib/python3.10/site-packages/optuna/study/study.py", line 451, in optimize
    _optimize(
  File "/home/airflow/.local/lib/python3.10/site-packages/optuna/study/_optimize.py", line 66, in _optimize
    _optimize_sequential(
  File "/home/airflow/.local/lib/python3.10/site-packages/optuna/study/_optimize.py", line 163, in _optimize_sequential
    frozen_trial = _run_trial(study, func, catch)
  File "/home/airflow/.local/lib/python3.10/site-packages/optuna/study/_optimize.py", line 251, in _run_trial
    raise func_err
  File "/home/airflow/.local/lib/python3.10/site-packages/optuna/study/_optimize.py", line 200, in _run_trial
    value_or_values = func(trial)
  File "/opt/airflow/dags/tasks/model_training.py", line 94, in objective
    model.fit(X_train, y_train)
  File "/home/airflow/.local/lib/python3.10/site-packages/xgboost/core.py", line 729, in inner_f
    return func(**kwargs)
  File "/home/airflow/.local/lib/python3.10/site-packages/xgboost/sklearn.py", line 1467, in fit
    raise ValueError(
ValueError: Invalid classes inferred from unique values of `y`.  Expected: [0], got [1]
[2025-10-28T21:26:49.199+0000] {taskinstance.py:1400} INFO - Marking task as UP_FOR_RETRY. dag_id=sodai_drinks_production_pipeline, task_id=train_model, execution_date=20251028T212607, start_date=20251028T212645, end_date=20251028T212649
[2025-10-28T21:26:49.245+0000] {standard_task_runner.py:104} ERROR - Failed to execute job 10 for task train_model (Invalid classes inferred from unique values of `y`.  Expected: [0], got [1]; 583)
[2025-10-28T21:26:49.359+0000] {local_task_job_runner.py:228} INFO - Task exited with return code 1
[2025-10-28T21:26:49.552+0000] {taskinstance.py:2778} INFO - 0 downstream tasks scheduled from follow-on schedule check
