[2025-11-15T22:55:24.369+0000] {processor.py:157} INFO - Started process (PID=199) to work on /opt/airflow/dags/tasks/data_extraction.py
[2025-11-15T22:55:24.369+0000] {processor.py:829} INFO - Processing file /opt/airflow/dags/tasks/data_extraction.py for tasks to queue
[2025-11-15T22:55:24.370+0000] {logging_mixin.py:154} INFO - [2025-11-15T22:55:24.370+0000] {dagbag.py:536} INFO - Filling up the DagBag from /opt/airflow/dags/tasks/data_extraction.py
[2025-11-15T22:55:24.737+0000] {processor.py:841} WARNING - No viable dags retrieved from /opt/airflow/dags/tasks/data_extraction.py
[2025-11-15T22:55:24.748+0000] {processor.py:179} INFO - Processing /opt/airflow/dags/tasks/data_extraction.py took 0.382 seconds
[2025-11-15T22:55:55.639+0000] {processor.py:157} INFO - Started process (PID=260) to work on /opt/airflow/dags/tasks/data_extraction.py
[2025-11-15T22:55:55.640+0000] {processor.py:829} INFO - Processing file /opt/airflow/dags/tasks/data_extraction.py for tasks to queue
[2025-11-15T22:55:55.640+0000] {logging_mixin.py:154} INFO - [2025-11-15T22:55:55.640+0000] {dagbag.py:536} INFO - Filling up the DagBag from /opt/airflow/dags/tasks/data_extraction.py
[2025-11-15T22:55:55.969+0000] {processor.py:841} WARNING - No viable dags retrieved from /opt/airflow/dags/tasks/data_extraction.py
[2025-11-15T22:55:55.978+0000] {processor.py:179} INFO - Processing /opt/airflow/dags/tasks/data_extraction.py took 0.341 seconds
[2025-11-15T22:56:27.001+0000] {processor.py:157} INFO - Started process (PID=307) to work on /opt/airflow/dags/tasks/data_extraction.py
[2025-11-15T22:56:27.002+0000] {processor.py:829} INFO - Processing file /opt/airflow/dags/tasks/data_extraction.py for tasks to queue
[2025-11-15T22:56:27.002+0000] {logging_mixin.py:154} INFO - [2025-11-15T22:56:27.002+0000] {dagbag.py:536} INFO - Filling up the DagBag from /opt/airflow/dags/tasks/data_extraction.py
[2025-11-15T22:56:27.316+0000] {processor.py:841} WARNING - No viable dags retrieved from /opt/airflow/dags/tasks/data_extraction.py
[2025-11-15T22:56:27.325+0000] {processor.py:179} INFO - Processing /opt/airflow/dags/tasks/data_extraction.py took 0.327 seconds
[2025-11-15T22:56:58.301+0000] {processor.py:157} INFO - Started process (PID=363) to work on /opt/airflow/dags/tasks/data_extraction.py
[2025-11-15T22:56:58.302+0000] {processor.py:829} INFO - Processing file /opt/airflow/dags/tasks/data_extraction.py for tasks to queue
[2025-11-15T22:56:58.302+0000] {logging_mixin.py:154} INFO - [2025-11-15T22:56:58.302+0000] {dagbag.py:536} INFO - Filling up the DagBag from /opt/airflow/dags/tasks/data_extraction.py
[2025-11-15T22:56:58.646+0000] {processor.py:841} WARNING - No viable dags retrieved from /opt/airflow/dags/tasks/data_extraction.py
[2025-11-15T22:56:58.654+0000] {processor.py:179} INFO - Processing /opt/airflow/dags/tasks/data_extraction.py took 0.356 seconds
[2025-11-15T22:57:29.412+0000] {processor.py:157} INFO - Started process (PID=422) to work on /opt/airflow/dags/tasks/data_extraction.py
[2025-11-15T22:57:29.425+0000] {processor.py:829} INFO - Processing file /opt/airflow/dags/tasks/data_extraction.py for tasks to queue
[2025-11-15T22:57:29.425+0000] {logging_mixin.py:154} INFO - [2025-11-15T22:57:29.425+0000] {dagbag.py:536} INFO - Filling up the DagBag from /opt/airflow/dags/tasks/data_extraction.py
[2025-11-15T22:57:29.694+0000] {processor.py:841} WARNING - No viable dags retrieved from /opt/airflow/dags/tasks/data_extraction.py
[2025-11-15T22:57:29.702+0000] {processor.py:179} INFO - Processing /opt/airflow/dags/tasks/data_extraction.py took 0.292 seconds
[2025-11-15T22:57:59.872+0000] {processor.py:157} INFO - Started process (PID=481) to work on /opt/airflow/dags/tasks/data_extraction.py
[2025-11-15T22:57:59.873+0000] {processor.py:829} INFO - Processing file /opt/airflow/dags/tasks/data_extraction.py for tasks to queue
[2025-11-15T22:57:59.873+0000] {logging_mixin.py:154} INFO - [2025-11-15T22:57:59.873+0000] {dagbag.py:536} INFO - Filling up the DagBag from /opt/airflow/dags/tasks/data_extraction.py
[2025-11-15T22:58:00.185+0000] {processor.py:841} WARNING - No viable dags retrieved from /opt/airflow/dags/tasks/data_extraction.py
[2025-11-15T22:58:00.194+0000] {processor.py:179} INFO - Processing /opt/airflow/dags/tasks/data_extraction.py took 0.326 seconds
[2025-11-15T22:58:30.390+0000] {processor.py:157} INFO - Started process (PID=533) to work on /opt/airflow/dags/tasks/data_extraction.py
[2025-11-15T22:58:30.398+0000] {processor.py:829} INFO - Processing file /opt/airflow/dags/tasks/data_extraction.py for tasks to queue
[2025-11-15T22:58:30.399+0000] {logging_mixin.py:154} INFO - [2025-11-15T22:58:30.399+0000] {dagbag.py:536} INFO - Filling up the DagBag from /opt/airflow/dags/tasks/data_extraction.py
[2025-11-15T22:58:30.708+0000] {processor.py:841} WARNING - No viable dags retrieved from /opt/airflow/dags/tasks/data_extraction.py
[2025-11-15T22:58:30.717+0000] {processor.py:179} INFO - Processing /opt/airflow/dags/tasks/data_extraction.py took 0.329 seconds
[2025-11-15T22:59:01.427+0000] {processor.py:157} INFO - Started process (PID=592) to work on /opt/airflow/dags/tasks/data_extraction.py
[2025-11-15T22:59:01.427+0000] {processor.py:829} INFO - Processing file /opt/airflow/dags/tasks/data_extraction.py for tasks to queue
[2025-11-15T22:59:01.428+0000] {logging_mixin.py:154} INFO - [2025-11-15T22:59:01.428+0000] {dagbag.py:536} INFO - Filling up the DagBag from /opt/airflow/dags/tasks/data_extraction.py
[2025-11-15T22:59:01.696+0000] {processor.py:841} WARNING - No viable dags retrieved from /opt/airflow/dags/tasks/data_extraction.py
[2025-11-15T22:59:01.704+0000] {processor.py:179} INFO - Processing /opt/airflow/dags/tasks/data_extraction.py took 0.280 seconds
[2025-11-15T22:59:31.845+0000] {processor.py:157} INFO - Started process (PID=651) to work on /opt/airflow/dags/tasks/data_extraction.py
[2025-11-15T22:59:31.850+0000] {processor.py:829} INFO - Processing file /opt/airflow/dags/tasks/data_extraction.py for tasks to queue
[2025-11-15T22:59:31.851+0000] {logging_mixin.py:154} INFO - [2025-11-15T22:59:31.851+0000] {dagbag.py:536} INFO - Filling up the DagBag from /opt/airflow/dags/tasks/data_extraction.py
[2025-11-15T22:59:32.143+0000] {processor.py:841} WARNING - No viable dags retrieved from /opt/airflow/dags/tasks/data_extraction.py
[2025-11-15T22:59:32.151+0000] {processor.py:179} INFO - Processing /opt/airflow/dags/tasks/data_extraction.py took 0.308 seconds
[2025-11-15T23:00:02.309+0000] {processor.py:157} INFO - Started process (PID=710) to work on /opt/airflow/dags/tasks/data_extraction.py
[2025-11-15T23:00:02.310+0000] {processor.py:829} INFO - Processing file /opt/airflow/dags/tasks/data_extraction.py for tasks to queue
[2025-11-15T23:00:02.311+0000] {logging_mixin.py:154} INFO - [2025-11-15T23:00:02.310+0000] {dagbag.py:536} INFO - Filling up the DagBag from /opt/airflow/dags/tasks/data_extraction.py
[2025-11-15T23:00:02.588+0000] {processor.py:841} WARNING - No viable dags retrieved from /opt/airflow/dags/tasks/data_extraction.py
[2025-11-15T23:00:02.596+0000] {processor.py:179} INFO - Processing /opt/airflow/dags/tasks/data_extraction.py took 0.289 seconds
[2025-11-15T23:00:32.688+0000] {processor.py:157} INFO - Started process (PID=770) to work on /opt/airflow/dags/tasks/data_extraction.py
[2025-11-15T23:00:32.689+0000] {processor.py:829} INFO - Processing file /opt/airflow/dags/tasks/data_extraction.py for tasks to queue
[2025-11-15T23:00:32.690+0000] {logging_mixin.py:154} INFO - [2025-11-15T23:00:32.689+0000] {dagbag.py:536} INFO - Filling up the DagBag from /opt/airflow/dags/tasks/data_extraction.py
[2025-11-15T23:00:33.002+0000] {processor.py:841} WARNING - No viable dags retrieved from /opt/airflow/dags/tasks/data_extraction.py
[2025-11-15T23:00:33.011+0000] {processor.py:179} INFO - Processing /opt/airflow/dags/tasks/data_extraction.py took 0.326 seconds
[2025-11-15T23:01:03.123+0000] {processor.py:157} INFO - Started process (PID=822) to work on /opt/airflow/dags/tasks/data_extraction.py
[2025-11-15T23:01:03.124+0000] {processor.py:829} INFO - Processing file /opt/airflow/dags/tasks/data_extraction.py for tasks to queue
[2025-11-15T23:01:03.125+0000] {logging_mixin.py:154} INFO - [2025-11-15T23:01:03.125+0000] {dagbag.py:536} INFO - Filling up the DagBag from /opt/airflow/dags/tasks/data_extraction.py
[2025-11-15T23:01:03.427+0000] {processor.py:841} WARNING - No viable dags retrieved from /opt/airflow/dags/tasks/data_extraction.py
[2025-11-15T23:01:03.436+0000] {processor.py:179} INFO - Processing /opt/airflow/dags/tasks/data_extraction.py took 0.315 seconds
[2025-11-15T23:01:33.553+0000] {processor.py:157} INFO - Started process (PID=881) to work on /opt/airflow/dags/tasks/data_extraction.py
[2025-11-15T23:01:33.554+0000] {processor.py:829} INFO - Processing file /opt/airflow/dags/tasks/data_extraction.py for tasks to queue
[2025-11-15T23:01:33.554+0000] {logging_mixin.py:154} INFO - [2025-11-15T23:01:33.554+0000] {dagbag.py:536} INFO - Filling up the DagBag from /opt/airflow/dags/tasks/data_extraction.py
[2025-11-15T23:01:33.846+0000] {processor.py:841} WARNING - No viable dags retrieved from /opt/airflow/dags/tasks/data_extraction.py
[2025-11-15T23:01:33.855+0000] {processor.py:179} INFO - Processing /opt/airflow/dags/tasks/data_extraction.py took 0.304 seconds
[2025-11-15T23:02:03.904+0000] {processor.py:157} INFO - Started process (PID=940) to work on /opt/airflow/dags/tasks/data_extraction.py
[2025-11-15T23:02:03.905+0000] {processor.py:829} INFO - Processing file /opt/airflow/dags/tasks/data_extraction.py for tasks to queue
[2025-11-15T23:02:03.906+0000] {logging_mixin.py:154} INFO - [2025-11-15T23:02:03.905+0000] {dagbag.py:536} INFO - Filling up the DagBag from /opt/airflow/dags/tasks/data_extraction.py
[2025-11-15T23:02:04.193+0000] {processor.py:841} WARNING - No viable dags retrieved from /opt/airflow/dags/tasks/data_extraction.py
[2025-11-15T23:02:04.202+0000] {processor.py:179} INFO - Processing /opt/airflow/dags/tasks/data_extraction.py took 0.301 seconds
[2025-11-15T23:02:34.248+0000] {processor.py:157} INFO - Started process (PID=999) to work on /opt/airflow/dags/tasks/data_extraction.py
[2025-11-15T23:02:34.248+0000] {processor.py:829} INFO - Processing file /opt/airflow/dags/tasks/data_extraction.py for tasks to queue
[2025-11-15T23:02:34.249+0000] {logging_mixin.py:154} INFO - [2025-11-15T23:02:34.249+0000] {dagbag.py:536} INFO - Filling up the DagBag from /opt/airflow/dags/tasks/data_extraction.py
[2025-11-15T23:02:34.541+0000] {processor.py:841} WARNING - No viable dags retrieved from /opt/airflow/dags/tasks/data_extraction.py
[2025-11-15T23:02:34.550+0000] {processor.py:179} INFO - Processing /opt/airflow/dags/tasks/data_extraction.py took 0.304 seconds
[2025-11-15T23:03:04.601+0000] {processor.py:157} INFO - Started process (PID=1058) to work on /opt/airflow/dags/tasks/data_extraction.py
[2025-11-15T23:03:04.602+0000] {processor.py:829} INFO - Processing file /opt/airflow/dags/tasks/data_extraction.py for tasks to queue
[2025-11-15T23:03:04.602+0000] {logging_mixin.py:154} INFO - [2025-11-15T23:03:04.602+0000] {dagbag.py:536} INFO - Filling up the DagBag from /opt/airflow/dags/tasks/data_extraction.py
[2025-11-15T23:03:04.916+0000] {processor.py:841} WARNING - No viable dags retrieved from /opt/airflow/dags/tasks/data_extraction.py
[2025-11-15T23:03:04.924+0000] {processor.py:179} INFO - Processing /opt/airflow/dags/tasks/data_extraction.py took 0.325 seconds
[2025-11-15T23:03:35.001+0000] {processor.py:157} INFO - Started process (PID=1110) to work on /opt/airflow/dags/tasks/data_extraction.py
[2025-11-15T23:03:35.001+0000] {processor.py:829} INFO - Processing file /opt/airflow/dags/tasks/data_extraction.py for tasks to queue
[2025-11-15T23:03:35.002+0000] {logging_mixin.py:154} INFO - [2025-11-15T23:03:35.001+0000] {dagbag.py:536} INFO - Filling up the DagBag from /opt/airflow/dags/tasks/data_extraction.py
[2025-11-15T23:03:34.811+0000] {processor.py:841} WARNING - No viable dags retrieved from /opt/airflow/dags/tasks/data_extraction.py
[2025-11-15T23:03:34.820+0000] {processor.py:179} INFO - Processing /opt/airflow/dags/tasks/data_extraction.py took 0.308 seconds
[2025-11-15T23:04:05.284+0000] {processor.py:157} INFO - Started process (PID=1169) to work on /opt/airflow/dags/tasks/data_extraction.py
[2025-11-15T23:04:05.286+0000] {processor.py:829} INFO - Processing file /opt/airflow/dags/tasks/data_extraction.py for tasks to queue
[2025-11-15T23:04:05.286+0000] {logging_mixin.py:154} INFO - [2025-11-15T23:04:05.286+0000] {dagbag.py:536} INFO - Filling up the DagBag from /opt/airflow/dags/tasks/data_extraction.py
[2025-11-15T23:04:05.586+0000] {processor.py:841} WARNING - No viable dags retrieved from /opt/airflow/dags/tasks/data_extraction.py
[2025-11-15T23:04:05.595+0000] {processor.py:179} INFO - Processing /opt/airflow/dags/tasks/data_extraction.py took 0.314 seconds
[2025-11-15T23:04:35.657+0000] {processor.py:157} INFO - Started process (PID=1228) to work on /opt/airflow/dags/tasks/data_extraction.py
[2025-11-15T23:04:35.658+0000] {processor.py:829} INFO - Processing file /opt/airflow/dags/tasks/data_extraction.py for tasks to queue
[2025-11-15T23:04:35.658+0000] {logging_mixin.py:154} INFO - [2025-11-15T23:04:35.658+0000] {dagbag.py:536} INFO - Filling up the DagBag from /opt/airflow/dags/tasks/data_extraction.py
[2025-11-15T23:04:35.949+0000] {processor.py:841} WARNING - No viable dags retrieved from /opt/airflow/dags/tasks/data_extraction.py
[2025-11-15T23:04:35.958+0000] {processor.py:179} INFO - Processing /opt/airflow/dags/tasks/data_extraction.py took 0.303 seconds
[2025-11-15T23:05:06.037+0000] {processor.py:157} INFO - Started process (PID=1287) to work on /opt/airflow/dags/tasks/data_extraction.py
[2025-11-15T23:05:06.037+0000] {processor.py:829} INFO - Processing file /opt/airflow/dags/tasks/data_extraction.py for tasks to queue
[2025-11-15T23:05:06.038+0000] {logging_mixin.py:154} INFO - [2025-11-15T23:05:06.038+0000] {dagbag.py:536} INFO - Filling up the DagBag from /opt/airflow/dags/tasks/data_extraction.py
[2025-11-15T23:05:06.348+0000] {processor.py:841} WARNING - No viable dags retrieved from /opt/airflow/dags/tasks/data_extraction.py
[2025-11-15T23:05:06.357+0000] {processor.py:179} INFO - Processing /opt/airflow/dags/tasks/data_extraction.py took 0.323 seconds
[2025-11-15T23:05:36.439+0000] {processor.py:157} INFO - Started process (PID=1346) to work on /opt/airflow/dags/tasks/data_extraction.py
[2025-11-15T23:05:36.439+0000] {processor.py:829} INFO - Processing file /opt/airflow/dags/tasks/data_extraction.py for tasks to queue
[2025-11-15T23:05:36.440+0000] {logging_mixin.py:154} INFO - [2025-11-15T23:05:36.440+0000] {dagbag.py:536} INFO - Filling up the DagBag from /opt/airflow/dags/tasks/data_extraction.py
[2025-11-15T23:05:36.760+0000] {processor.py:841} WARNING - No viable dags retrieved from /opt/airflow/dags/tasks/data_extraction.py
[2025-11-15T23:05:36.768+0000] {processor.py:179} INFO - Processing /opt/airflow/dags/tasks/data_extraction.py took 0.332 seconds
[2025-11-15T23:06:06.836+0000] {processor.py:157} INFO - Started process (PID=1398) to work on /opt/airflow/dags/tasks/data_extraction.py
[2025-11-15T23:06:06.837+0000] {processor.py:829} INFO - Processing file /opt/airflow/dags/tasks/data_extraction.py for tasks to queue
[2025-11-15T23:06:06.838+0000] {logging_mixin.py:154} INFO - [2025-11-15T23:06:06.837+0000] {dagbag.py:536} INFO - Filling up the DagBag from /opt/airflow/dags/tasks/data_extraction.py
[2025-11-15T23:06:07.140+0000] {processor.py:841} WARNING - No viable dags retrieved from /opt/airflow/dags/tasks/data_extraction.py
[2025-11-15T23:06:07.149+0000] {processor.py:179} INFO - Processing /opt/airflow/dags/tasks/data_extraction.py took 0.316 seconds
[2025-11-15T23:06:38.140+0000] {processor.py:157} INFO - Started process (PID=1457) to work on /opt/airflow/dags/tasks/data_extraction.py
[2025-11-15T23:06:38.140+0000] {processor.py:829} INFO - Processing file /opt/airflow/dags/tasks/data_extraction.py for tasks to queue
[2025-11-15T23:06:38.141+0000] {logging_mixin.py:154} INFO - [2025-11-15T23:06:38.141+0000] {dagbag.py:536} INFO - Filling up the DagBag from /opt/airflow/dags/tasks/data_extraction.py
[2025-11-15T23:06:38.400+0000] {processor.py:841} WARNING - No viable dags retrieved from /opt/airflow/dags/tasks/data_extraction.py
[2025-11-15T23:06:38.408+0000] {processor.py:179} INFO - Processing /opt/airflow/dags/tasks/data_extraction.py took 0.270 seconds
[2025-11-15T23:07:08.469+0000] {processor.py:157} INFO - Started process (PID=1516) to work on /opt/airflow/dags/tasks/data_extraction.py
[2025-11-15T23:07:08.470+0000] {processor.py:829} INFO - Processing file /opt/airflow/dags/tasks/data_extraction.py for tasks to queue
[2025-11-15T23:07:08.470+0000] {logging_mixin.py:154} INFO - [2025-11-15T23:07:08.470+0000] {dagbag.py:536} INFO - Filling up the DagBag from /opt/airflow/dags/tasks/data_extraction.py
[2025-11-15T23:07:08.742+0000] {processor.py:841} WARNING - No viable dags retrieved from /opt/airflow/dags/tasks/data_extraction.py
[2025-11-15T23:07:08.751+0000] {processor.py:179} INFO - Processing /opt/airflow/dags/tasks/data_extraction.py took 0.284 seconds
[2025-11-15T23:07:39.486+0000] {processor.py:157} INFO - Started process (PID=1575) to work on /opt/airflow/dags/tasks/data_extraction.py
[2025-11-15T23:07:39.488+0000] {processor.py:829} INFO - Processing file /opt/airflow/dags/tasks/data_extraction.py for tasks to queue
[2025-11-15T23:07:39.488+0000] {logging_mixin.py:154} INFO - [2025-11-15T23:07:39.488+0000] {dagbag.py:536} INFO - Filling up the DagBag from /opt/airflow/dags/tasks/data_extraction.py
[2025-11-15T23:07:39.758+0000] {processor.py:841} WARNING - No viable dags retrieved from /opt/airflow/dags/tasks/data_extraction.py
[2025-11-15T23:07:39.767+0000] {processor.py:179} INFO - Processing /opt/airflow/dags/tasks/data_extraction.py took 0.283 seconds
[2025-11-15T23:08:10.788+0000] {processor.py:157} INFO - Started process (PID=1634) to work on /opt/airflow/dags/tasks/data_extraction.py
[2025-11-15T23:08:10.788+0000] {processor.py:829} INFO - Processing file /opt/airflow/dags/tasks/data_extraction.py for tasks to queue
[2025-11-15T23:08:10.789+0000] {logging_mixin.py:154} INFO - [2025-11-15T23:08:10.789+0000] {dagbag.py:536} INFO - Filling up the DagBag from /opt/airflow/dags/tasks/data_extraction.py
[2025-11-15T23:08:11.077+0000] {processor.py:841} WARNING - No viable dags retrieved from /opt/airflow/dags/tasks/data_extraction.py
[2025-11-15T23:08:11.086+0000] {processor.py:179} INFO - Processing /opt/airflow/dags/tasks/data_extraction.py took 0.301 seconds
[2025-11-15T23:08:41.145+0000] {processor.py:157} INFO - Started process (PID=1686) to work on /opt/airflow/dags/tasks/data_extraction.py
[2025-11-15T23:08:41.146+0000] {processor.py:829} INFO - Processing file /opt/airflow/dags/tasks/data_extraction.py for tasks to queue
[2025-11-15T23:08:41.146+0000] {logging_mixin.py:154} INFO - [2025-11-15T23:08:41.146+0000] {dagbag.py:536} INFO - Filling up the DagBag from /opt/airflow/dags/tasks/data_extraction.py
[2025-11-15T23:08:41.467+0000] {processor.py:841} WARNING - No viable dags retrieved from /opt/airflow/dags/tasks/data_extraction.py
[2025-11-15T23:08:41.477+0000] {processor.py:179} INFO - Processing /opt/airflow/dags/tasks/data_extraction.py took 0.334 seconds
[2025-11-15T23:09:12.314+0000] {processor.py:157} INFO - Started process (PID=1745) to work on /opt/airflow/dags/tasks/data_extraction.py
[2025-11-15T23:09:12.314+0000] {processor.py:829} INFO - Processing file /opt/airflow/dags/tasks/data_extraction.py for tasks to queue
[2025-11-15T23:09:12.315+0000] {logging_mixin.py:154} INFO - [2025-11-15T23:09:12.314+0000] {dagbag.py:536} INFO - Filling up the DagBag from /opt/airflow/dags/tasks/data_extraction.py
[2025-11-15T23:09:12.578+0000] {processor.py:841} WARNING - No viable dags retrieved from /opt/airflow/dags/tasks/data_extraction.py
[2025-11-15T23:09:12.586+0000] {processor.py:179} INFO - Processing /opt/airflow/dags/tasks/data_extraction.py took 0.275 seconds
[2025-11-15T23:09:55.042+0000] {processor.py:157} INFO - Started process (PID=193) to work on /opt/airflow/dags/tasks/data_extraction.py
[2025-11-15T23:09:55.043+0000] {processor.py:829} INFO - Processing file /opt/airflow/dags/tasks/data_extraction.py for tasks to queue
[2025-11-15T23:09:55.044+0000] {logging_mixin.py:154} INFO - [2025-11-15T23:09:55.043+0000] {dagbag.py:536} INFO - Filling up the DagBag from /opt/airflow/dags/tasks/data_extraction.py
[2025-11-15T23:09:55.830+0000] {processor.py:841} WARNING - No viable dags retrieved from /opt/airflow/dags/tasks/data_extraction.py
[2025-11-15T23:09:55.849+0000] {processor.py:179} INFO - Processing /opt/airflow/dags/tasks/data_extraction.py took 0.813 seconds
[2025-11-15T23:10:25.978+0000] {processor.py:157} INFO - Started process (PID=240) to work on /opt/airflow/dags/tasks/data_extraction.py
[2025-11-15T23:10:25.978+0000] {processor.py:829} INFO - Processing file /opt/airflow/dags/tasks/data_extraction.py for tasks to queue
[2025-11-15T23:10:25.979+0000] {logging_mixin.py:154} INFO - [2025-11-15T23:10:25.978+0000] {dagbag.py:536} INFO - Filling up the DagBag from /opt/airflow/dags/tasks/data_extraction.py
[2025-11-15T23:10:26.155+0000] {processor.py:841} WARNING - No viable dags retrieved from /opt/airflow/dags/tasks/data_extraction.py
[2025-11-15T23:10:26.167+0000] {processor.py:179} INFO - Processing /opt/airflow/dags/tasks/data_extraction.py took 0.192 seconds
[2025-11-15T23:10:57.171+0000] {processor.py:157} INFO - Started process (PID=301) to work on /opt/airflow/dags/tasks/data_extraction.py
[2025-11-15T23:10:57.172+0000] {processor.py:829} INFO - Processing file /opt/airflow/dags/tasks/data_extraction.py for tasks to queue
[2025-11-15T23:10:57.172+0000] {logging_mixin.py:154} INFO - [2025-11-15T23:10:57.172+0000] {dagbag.py:536} INFO - Filling up the DagBag from /opt/airflow/dags/tasks/data_extraction.py
[2025-11-15T23:10:57.392+0000] {processor.py:841} WARNING - No viable dags retrieved from /opt/airflow/dags/tasks/data_extraction.py
[2025-11-15T23:10:57.409+0000] {processor.py:179} INFO - Processing /opt/airflow/dags/tasks/data_extraction.py took 0.240 seconds
[2025-11-15T23:11:27.446+0000] {processor.py:157} INFO - Started process (PID=360) to work on /opt/airflow/dags/tasks/data_extraction.py
[2025-11-15T23:11:27.449+0000] {processor.py:829} INFO - Processing file /opt/airflow/dags/tasks/data_extraction.py for tasks to queue
[2025-11-15T23:11:27.449+0000] {logging_mixin.py:154} INFO - [2025-11-15T23:11:27.449+0000] {dagbag.py:536} INFO - Filling up the DagBag from /opt/airflow/dags/tasks/data_extraction.py
[2025-11-15T23:11:27.653+0000] {processor.py:841} WARNING - No viable dags retrieved from /opt/airflow/dags/tasks/data_extraction.py
[2025-11-15T23:11:27.666+0000] {processor.py:179} INFO - Processing /opt/airflow/dags/tasks/data_extraction.py took 0.223 seconds
[2025-11-15T23:11:58.609+0000] {processor.py:157} INFO - Started process (PID=419) to work on /opt/airflow/dags/tasks/data_extraction.py
[2025-11-15T23:11:58.609+0000] {processor.py:829} INFO - Processing file /opt/airflow/dags/tasks/data_extraction.py for tasks to queue
[2025-11-15T23:11:58.610+0000] {logging_mixin.py:154} INFO - [2025-11-15T23:11:58.610+0000] {dagbag.py:536} INFO - Filling up the DagBag from /opt/airflow/dags/tasks/data_extraction.py
[2025-11-15T23:11:58.774+0000] {processor.py:841} WARNING - No viable dags retrieved from /opt/airflow/dags/tasks/data_extraction.py
[2025-11-15T23:11:58.785+0000] {processor.py:179} INFO - Processing /opt/airflow/dags/tasks/data_extraction.py took 0.178 seconds
[2025-11-15T23:12:29.760+0000] {processor.py:157} INFO - Started process (PID=478) to work on /opt/airflow/dags/tasks/data_extraction.py
[2025-11-15T23:12:29.760+0000] {processor.py:829} INFO - Processing file /opt/airflow/dags/tasks/data_extraction.py for tasks to queue
[2025-11-15T23:12:29.761+0000] {logging_mixin.py:154} INFO - [2025-11-15T23:12:29.760+0000] {dagbag.py:536} INFO - Filling up the DagBag from /opt/airflow/dags/tasks/data_extraction.py
[2025-11-15T23:12:29.948+0000] {processor.py:841} WARNING - No viable dags retrieved from /opt/airflow/dags/tasks/data_extraction.py
[2025-11-15T23:12:29.960+0000] {processor.py:179} INFO - Processing /opt/airflow/dags/tasks/data_extraction.py took 0.203 seconds
[2025-11-15T23:13:00.771+0000] {processor.py:157} INFO - Started process (PID=537) to work on /opt/airflow/dags/tasks/data_extraction.py
[2025-11-15T23:13:00.771+0000] {processor.py:829} INFO - Processing file /opt/airflow/dags/tasks/data_extraction.py for tasks to queue
[2025-11-15T23:13:00.772+0000] {logging_mixin.py:154} INFO - [2025-11-15T23:13:00.772+0000] {dagbag.py:536} INFO - Filling up the DagBag from /opt/airflow/dags/tasks/data_extraction.py
[2025-11-15T23:13:00.930+0000] {processor.py:841} WARNING - No viable dags retrieved from /opt/airflow/dags/tasks/data_extraction.py
[2025-11-15T23:13:00.940+0000] {processor.py:179} INFO - Processing /opt/airflow/dags/tasks/data_extraction.py took 0.171 seconds
[2025-11-15T23:13:31.933+0000] {processor.py:157} INFO - Started process (PID=596) to work on /opt/airflow/dags/tasks/data_extraction.py
[2025-11-15T23:13:31.934+0000] {processor.py:829} INFO - Processing file /opt/airflow/dags/tasks/data_extraction.py for tasks to queue
[2025-11-15T23:13:31.934+0000] {logging_mixin.py:154} INFO - [2025-11-15T23:13:31.934+0000] {dagbag.py:536} INFO - Filling up the DagBag from /opt/airflow/dags/tasks/data_extraction.py
[2025-11-15T23:13:32.101+0000] {processor.py:841} WARNING - No viable dags retrieved from /opt/airflow/dags/tasks/data_extraction.py
[2025-11-15T23:13:32.111+0000] {processor.py:179} INFO - Processing /opt/airflow/dags/tasks/data_extraction.py took 0.181 seconds
[2025-11-15T23:14:03.074+0000] {processor.py:157} INFO - Started process (PID=648) to work on /opt/airflow/dags/tasks/data_extraction.py
[2025-11-15T23:14:03.075+0000] {processor.py:829} INFO - Processing file /opt/airflow/dags/tasks/data_extraction.py for tasks to queue
[2025-11-15T23:14:03.076+0000] {logging_mixin.py:154} INFO - [2025-11-15T23:14:03.076+0000] {dagbag.py:536} INFO - Filling up the DagBag from /opt/airflow/dags/tasks/data_extraction.py
[2025-11-15T23:14:03.253+0000] {processor.py:841} WARNING - No viable dags retrieved from /opt/airflow/dags/tasks/data_extraction.py
[2025-11-15T23:14:03.265+0000] {processor.py:179} INFO - Processing /opt/airflow/dags/tasks/data_extraction.py took 0.193 seconds
[2025-11-15T23:14:33.323+0000] {processor.py:157} INFO - Started process (PID=707) to work on /opt/airflow/dags/tasks/data_extraction.py
[2025-11-15T23:14:33.323+0000] {processor.py:829} INFO - Processing file /opt/airflow/dags/tasks/data_extraction.py for tasks to queue
[2025-11-15T23:14:33.324+0000] {logging_mixin.py:154} INFO - [2025-11-15T23:14:33.323+0000] {dagbag.py:536} INFO - Filling up the DagBag from /opt/airflow/dags/tasks/data_extraction.py
[2025-11-15T23:14:33.494+0000] {processor.py:841} WARNING - No viable dags retrieved from /opt/airflow/dags/tasks/data_extraction.py
[2025-11-15T23:14:33.506+0000] {processor.py:179} INFO - Processing /opt/airflow/dags/tasks/data_extraction.py took 0.186 seconds
[2025-11-15T23:15:04.424+0000] {processor.py:157} INFO - Started process (PID=766) to work on /opt/airflow/dags/tasks/data_extraction.py
[2025-11-15T23:15:04.425+0000] {processor.py:829} INFO - Processing file /opt/airflow/dags/tasks/data_extraction.py for tasks to queue
[2025-11-15T23:15:04.426+0000] {logging_mixin.py:154} INFO - [2025-11-15T23:15:04.425+0000] {dagbag.py:536} INFO - Filling up the DagBag from /opt/airflow/dags/tasks/data_extraction.py
[2025-11-15T23:15:04.590+0000] {processor.py:841} WARNING - No viable dags retrieved from /opt/airflow/dags/tasks/data_extraction.py
[2025-11-15T23:15:04.602+0000] {processor.py:179} INFO - Processing /opt/airflow/dags/tasks/data_extraction.py took 0.180 seconds
[2025-11-15T23:15:35.571+0000] {processor.py:157} INFO - Started process (PID=825) to work on /opt/airflow/dags/tasks/data_extraction.py
[2025-11-15T23:15:35.572+0000] {processor.py:829} INFO - Processing file /opt/airflow/dags/tasks/data_extraction.py for tasks to queue
[2025-11-15T23:15:35.572+0000] {logging_mixin.py:154} INFO - [2025-11-15T23:15:35.572+0000] {dagbag.py:536} INFO - Filling up the DagBag from /opt/airflow/dags/tasks/data_extraction.py
[2025-11-15T23:15:35.737+0000] {processor.py:841} WARNING - No viable dags retrieved from /opt/airflow/dags/tasks/data_extraction.py
[2025-11-15T23:15:35.747+0000] {processor.py:179} INFO - Processing /opt/airflow/dags/tasks/data_extraction.py took 0.179 seconds
[2025-11-15T23:16:06.731+0000] {processor.py:157} INFO - Started process (PID=884) to work on /opt/airflow/dags/tasks/data_extraction.py
[2025-11-15T23:16:06.732+0000] {processor.py:829} INFO - Processing file /opt/airflow/dags/tasks/data_extraction.py for tasks to queue
[2025-11-15T23:16:06.733+0000] {logging_mixin.py:154} INFO - [2025-11-15T23:16:06.732+0000] {dagbag.py:536} INFO - Filling up the DagBag from /opt/airflow/dags/tasks/data_extraction.py
[2025-11-15T23:16:06.903+0000] {processor.py:841} WARNING - No viable dags retrieved from /opt/airflow/dags/tasks/data_extraction.py
[2025-11-15T23:16:06.914+0000] {processor.py:179} INFO - Processing /opt/airflow/dags/tasks/data_extraction.py took 0.186 seconds
[2025-11-15T23:16:37.879+0000] {processor.py:157} INFO - Started process (PID=943) to work on /opt/airflow/dags/tasks/data_extraction.py
[2025-11-15T23:16:37.880+0000] {processor.py:829} INFO - Processing file /opt/airflow/dags/tasks/data_extraction.py for tasks to queue
[2025-11-15T23:16:37.880+0000] {logging_mixin.py:154} INFO - [2025-11-15T23:16:37.880+0000] {dagbag.py:536} INFO - Filling up the DagBag from /opt/airflow/dags/tasks/data_extraction.py
[2025-11-15T23:16:38.032+0000] {processor.py:841} WARNING - No viable dags retrieved from /opt/airflow/dags/tasks/data_extraction.py
[2025-11-15T23:16:38.042+0000] {processor.py:179} INFO - Processing /opt/airflow/dags/tasks/data_extraction.py took 0.165 seconds
[2025-11-15T23:17:08.077+0000] {processor.py:157} INFO - Started process (PID=1001) to work on /opt/airflow/dags/tasks/data_extraction.py
[2025-11-15T23:17:08.077+0000] {processor.py:829} INFO - Processing file /opt/airflow/dags/tasks/data_extraction.py for tasks to queue
[2025-11-15T23:17:08.078+0000] {logging_mixin.py:154} INFO - [2025-11-15T23:17:08.078+0000] {dagbag.py:536} INFO - Filling up the DagBag from /opt/airflow/dags/tasks/data_extraction.py
[2025-11-15T23:17:08.256+0000] {processor.py:841} WARNING - No viable dags retrieved from /opt/airflow/dags/tasks/data_extraction.py
[2025-11-15T23:17:08.268+0000] {processor.py:179} INFO - Processing /opt/airflow/dags/tasks/data_extraction.py took 0.194 seconds
[2025-11-15T23:17:39.216+0000] {processor.py:157} INFO - Started process (PID=1054) to work on /opt/airflow/dags/tasks/data_extraction.py
[2025-11-15T23:17:39.216+0000] {processor.py:829} INFO - Processing file /opt/airflow/dags/tasks/data_extraction.py for tasks to queue
[2025-11-15T23:17:39.217+0000] {logging_mixin.py:154} INFO - [2025-11-15T23:17:39.217+0000] {dagbag.py:536} INFO - Filling up the DagBag from /opt/airflow/dags/tasks/data_extraction.py
[2025-11-15T23:17:39.385+0000] {processor.py:841} WARNING - No viable dags retrieved from /opt/airflow/dags/tasks/data_extraction.py
[2025-11-15T23:17:39.396+0000] {processor.py:179} INFO - Processing /opt/airflow/dags/tasks/data_extraction.py took 0.183 seconds
[2025-11-15T23:18:10.376+0000] {processor.py:157} INFO - Started process (PID=1113) to work on /opt/airflow/dags/tasks/data_extraction.py
[2025-11-15T23:18:10.377+0000] {processor.py:829} INFO - Processing file /opt/airflow/dags/tasks/data_extraction.py for tasks to queue
[2025-11-15T23:18:10.378+0000] {logging_mixin.py:154} INFO - [2025-11-15T23:18:10.377+0000] {dagbag.py:536} INFO - Filling up the DagBag from /opt/airflow/dags/tasks/data_extraction.py
[2025-11-15T23:18:10.548+0000] {processor.py:841} WARNING - No viable dags retrieved from /opt/airflow/dags/tasks/data_extraction.py
[2025-11-15T23:18:10.559+0000] {processor.py:179} INFO - Processing /opt/airflow/dags/tasks/data_extraction.py took 0.185 seconds
[2025-11-15T23:18:41.544+0000] {processor.py:157} INFO - Started process (PID=1172) to work on /opt/airflow/dags/tasks/data_extraction.py
[2025-11-15T23:18:41.547+0000] {processor.py:829} INFO - Processing file /opt/airflow/dags/tasks/data_extraction.py for tasks to queue
[2025-11-15T23:18:41.547+0000] {logging_mixin.py:154} INFO - [2025-11-15T23:18:41.547+0000] {dagbag.py:536} INFO - Filling up the DagBag from /opt/airflow/dags/tasks/data_extraction.py
[2025-11-15T23:18:41.704+0000] {processor.py:841} WARNING - No viable dags retrieved from /opt/airflow/dags/tasks/data_extraction.py
[2025-11-15T23:18:41.714+0000] {processor.py:179} INFO - Processing /opt/airflow/dags/tasks/data_extraction.py took 0.173 seconds
[2025-11-15T23:19:12.676+0000] {processor.py:157} INFO - Started process (PID=1231) to work on /opt/airflow/dags/tasks/data_extraction.py
[2025-11-15T23:19:12.677+0000] {processor.py:829} INFO - Processing file /opt/airflow/dags/tasks/data_extraction.py for tasks to queue
[2025-11-15T23:19:12.678+0000] {logging_mixin.py:154} INFO - [2025-11-15T23:19:12.677+0000] {dagbag.py:536} INFO - Filling up the DagBag from /opt/airflow/dags/tasks/data_extraction.py
[2025-11-15T23:19:12.838+0000] {processor.py:841} WARNING - No viable dags retrieved from /opt/airflow/dags/tasks/data_extraction.py
[2025-11-15T23:19:12.848+0000] {processor.py:179} INFO - Processing /opt/airflow/dags/tasks/data_extraction.py took 0.174 seconds
[2025-11-15T23:19:42.884+0000] {processor.py:157} INFO - Started process (PID=1290) to work on /opt/airflow/dags/tasks/data_extraction.py
[2025-11-15T23:19:42.885+0000] {processor.py:829} INFO - Processing file /opt/airflow/dags/tasks/data_extraction.py for tasks to queue
[2025-11-15T23:19:42.885+0000] {logging_mixin.py:154} INFO - [2025-11-15T23:19:42.885+0000] {dagbag.py:536} INFO - Filling up the DagBag from /opt/airflow/dags/tasks/data_extraction.py
[2025-11-15T23:19:43.053+0000] {processor.py:841} WARNING - No viable dags retrieved from /opt/airflow/dags/tasks/data_extraction.py
[2025-11-15T23:19:43.064+0000] {processor.py:179} INFO - Processing /opt/airflow/dags/tasks/data_extraction.py took 0.182 seconds
[2025-11-15T23:20:13.807+0000] {processor.py:157} INFO - Started process (PID=1349) to work on /opt/airflow/dags/tasks/data_extraction.py
[2025-11-15T23:20:13.833+0000] {processor.py:829} INFO - Processing file /opt/airflow/dags/tasks/data_extraction.py for tasks to queue
[2025-11-15T23:20:13.834+0000] {logging_mixin.py:154} INFO - [2025-11-15T23:20:13.834+0000] {dagbag.py:536} INFO - Filling up the DagBag from /opt/airflow/dags/tasks/data_extraction.py
[2025-11-15T23:20:13.998+0000] {processor.py:841} WARNING - No viable dags retrieved from /opt/airflow/dags/tasks/data_extraction.py
[2025-11-15T23:20:14.008+0000] {processor.py:179} INFO - Processing /opt/airflow/dags/tasks/data_extraction.py took 0.204 seconds
[2025-11-15T23:20:44.206+0000] {processor.py:157} INFO - Started process (PID=1401) to work on /opt/airflow/dags/tasks/data_extraction.py
[2025-11-15T23:20:44.206+0000] {processor.py:829} INFO - Processing file /opt/airflow/dags/tasks/data_extraction.py for tasks to queue
[2025-11-15T23:20:44.207+0000] {logging_mixin.py:154} INFO - [2025-11-15T23:20:44.207+0000] {dagbag.py:536} INFO - Filling up the DagBag from /opt/airflow/dags/tasks/data_extraction.py
[2025-11-15T23:20:44.369+0000] {processor.py:841} WARNING - No viable dags retrieved from /opt/airflow/dags/tasks/data_extraction.py
[2025-11-15T23:20:44.380+0000] {processor.py:179} INFO - Processing /opt/airflow/dags/tasks/data_extraction.py took 0.176 seconds
[2025-11-15T23:21:15.178+0000] {processor.py:157} INFO - Started process (PID=1460) to work on /opt/airflow/dags/tasks/data_extraction.py
[2025-11-15T23:21:15.179+0000] {processor.py:829} INFO - Processing file /opt/airflow/dags/tasks/data_extraction.py for tasks to queue
[2025-11-15T23:21:15.179+0000] {logging_mixin.py:154} INFO - [2025-11-15T23:21:15.179+0000] {dagbag.py:536} INFO - Filling up the DagBag from /opt/airflow/dags/tasks/data_extraction.py
[2025-11-15T23:21:15.336+0000] {processor.py:841} WARNING - No viable dags retrieved from /opt/airflow/dags/tasks/data_extraction.py
[2025-11-15T23:21:15.348+0000] {processor.py:179} INFO - Processing /opt/airflow/dags/tasks/data_extraction.py took 0.172 seconds
[2025-11-15T23:21:45.526+0000] {processor.py:157} INFO - Started process (PID=1519) to work on /opt/airflow/dags/tasks/data_extraction.py
[2025-11-15T23:21:45.526+0000] {processor.py:829} INFO - Processing file /opt/airflow/dags/tasks/data_extraction.py for tasks to queue
[2025-11-15T23:21:45.527+0000] {logging_mixin.py:154} INFO - [2025-11-15T23:21:45.527+0000] {dagbag.py:536} INFO - Filling up the DagBag from /opt/airflow/dags/tasks/data_extraction.py
[2025-11-15T23:21:45.684+0000] {processor.py:841} WARNING - No viable dags retrieved from /opt/airflow/dags/tasks/data_extraction.py
[2025-11-15T23:21:45.696+0000] {processor.py:179} INFO - Processing /opt/airflow/dags/tasks/data_extraction.py took 0.172 seconds
[2025-11-15T23:22:15.792+0000] {processor.py:157} INFO - Started process (PID=1578) to work on /opt/airflow/dags/tasks/data_extraction.py
[2025-11-15T23:22:15.792+0000] {processor.py:829} INFO - Processing file /opt/airflow/dags/tasks/data_extraction.py for tasks to queue
[2025-11-15T23:22:15.793+0000] {logging_mixin.py:154} INFO - [2025-11-15T23:22:15.793+0000] {dagbag.py:536} INFO - Filling up the DagBag from /opt/airflow/dags/tasks/data_extraction.py
[2025-11-15T23:22:15.962+0000] {processor.py:841} WARNING - No viable dags retrieved from /opt/airflow/dags/tasks/data_extraction.py
[2025-11-15T23:22:15.973+0000] {processor.py:179} INFO - Processing /opt/airflow/dags/tasks/data_extraction.py took 0.184 seconds
[2025-11-15T23:22:46.042+0000] {processor.py:157} INFO - Started process (PID=1637) to work on /opt/airflow/dags/tasks/data_extraction.py
[2025-11-15T23:22:46.042+0000] {processor.py:829} INFO - Processing file /opt/airflow/dags/tasks/data_extraction.py for tasks to queue
[2025-11-15T23:22:46.043+0000] {logging_mixin.py:154} INFO - [2025-11-15T23:22:46.043+0000] {dagbag.py:536} INFO - Filling up the DagBag from /opt/airflow/dags/tasks/data_extraction.py
[2025-11-15T23:22:46.214+0000] {processor.py:841} WARNING - No viable dags retrieved from /opt/airflow/dags/tasks/data_extraction.py
[2025-11-15T23:22:46.225+0000] {processor.py:179} INFO - Processing /opt/airflow/dags/tasks/data_extraction.py took 0.187 seconds
[2025-11-15T23:23:16.304+0000] {processor.py:157} INFO - Started process (PID=1689) to work on /opt/airflow/dags/tasks/data_extraction.py
[2025-11-15T23:23:16.305+0000] {processor.py:829} INFO - Processing file /opt/airflow/dags/tasks/data_extraction.py for tasks to queue
[2025-11-15T23:23:16.306+0000] {logging_mixin.py:154} INFO - [2025-11-15T23:23:16.305+0000] {dagbag.py:536} INFO - Filling up the DagBag from /opt/airflow/dags/tasks/data_extraction.py
[2025-11-15T23:23:16.478+0000] {processor.py:841} WARNING - No viable dags retrieved from /opt/airflow/dags/tasks/data_extraction.py
[2025-11-15T23:23:16.489+0000] {processor.py:179} INFO - Processing /opt/airflow/dags/tasks/data_extraction.py took 0.188 seconds
[2025-11-15T23:23:46.555+0000] {processor.py:157} INFO - Started process (PID=1749) to work on /opt/airflow/dags/tasks/data_extraction.py
[2025-11-15T23:23:46.556+0000] {processor.py:829} INFO - Processing file /opt/airflow/dags/tasks/data_extraction.py for tasks to queue
[2025-11-15T23:23:46.556+0000] {logging_mixin.py:154} INFO - [2025-11-15T23:23:46.556+0000] {dagbag.py:536} INFO - Filling up the DagBag from /opt/airflow/dags/tasks/data_extraction.py
[2025-11-15T23:23:46.725+0000] {processor.py:841} WARNING - No viable dags retrieved from /opt/airflow/dags/tasks/data_extraction.py
[2025-11-15T23:23:46.736+0000] {processor.py:179} INFO - Processing /opt/airflow/dags/tasks/data_extraction.py took 0.184 seconds
[2025-11-15T23:24:17.522+0000] {processor.py:157} INFO - Started process (PID=1794) to work on /opt/airflow/dags/tasks/data_extraction.py
[2025-11-15T23:24:17.523+0000] {processor.py:829} INFO - Processing file /opt/airflow/dags/tasks/data_extraction.py for tasks to queue
[2025-11-15T23:24:17.523+0000] {logging_mixin.py:154} INFO - [2025-11-15T23:24:17.523+0000] {dagbag.py:536} INFO - Filling up the DagBag from /opt/airflow/dags/tasks/data_extraction.py
[2025-11-15T23:24:17.691+0000] {processor.py:841} WARNING - No viable dags retrieved from /opt/airflow/dags/tasks/data_extraction.py
[2025-11-15T23:24:17.702+0000] {processor.py:179} INFO - Processing /opt/airflow/dags/tasks/data_extraction.py took 0.182 seconds
[2025-11-15T23:24:48.676+0000] {processor.py:157} INFO - Started process (PID=1850) to work on /opt/airflow/dags/tasks/data_extraction.py
[2025-11-15T23:24:48.676+0000] {processor.py:829} INFO - Processing file /opt/airflow/dags/tasks/data_extraction.py for tasks to queue
[2025-11-15T23:24:48.676+0000] {logging_mixin.py:154} INFO - [2025-11-15T23:24:48.676+0000] {dagbag.py:536} INFO - Filling up the DagBag from /opt/airflow/dags/tasks/data_extraction.py
[2025-11-15T23:24:48.838+0000] {processor.py:841} WARNING - No viable dags retrieved from /opt/airflow/dags/tasks/data_extraction.py
[2025-11-15T23:24:48.850+0000] {processor.py:179} INFO - Processing /opt/airflow/dags/tasks/data_extraction.py took 0.176 seconds
[2025-11-15T23:25:19.168+0000] {processor.py:157} INFO - Started process (PID=1909) to work on /opt/airflow/dags/tasks/data_extraction.py
[2025-11-15T23:25:19.168+0000] {processor.py:829} INFO - Processing file /opt/airflow/dags/tasks/data_extraction.py for tasks to queue
[2025-11-15T23:25:19.169+0000] {logging_mixin.py:154} INFO - [2025-11-15T23:25:19.169+0000] {dagbag.py:536} INFO - Filling up the DagBag from /opt/airflow/dags/tasks/data_extraction.py
[2025-11-15T23:25:19.336+0000] {processor.py:841} WARNING - No viable dags retrieved from /opt/airflow/dags/tasks/data_extraction.py
[2025-11-15T23:25:19.346+0000] {processor.py:179} INFO - Processing /opt/airflow/dags/tasks/data_extraction.py took 0.180 seconds
[2025-11-15T23:25:50.291+0000] {processor.py:157} INFO - Started process (PID=1968) to work on /opt/airflow/dags/tasks/data_extraction.py
[2025-11-15T23:25:50.292+0000] {processor.py:829} INFO - Processing file /opt/airflow/dags/tasks/data_extraction.py for tasks to queue
[2025-11-15T23:25:50.292+0000] {logging_mixin.py:154} INFO - [2025-11-15T23:25:50.292+0000] {dagbag.py:536} INFO - Filling up the DagBag from /opt/airflow/dags/tasks/data_extraction.py
[2025-11-15T23:25:50.473+0000] {processor.py:841} WARNING - No viable dags retrieved from /opt/airflow/dags/tasks/data_extraction.py
[2025-11-15T23:25:50.486+0000] {processor.py:179} INFO - Processing /opt/airflow/dags/tasks/data_extraction.py took 0.197 seconds
[2025-11-15T23:26:21.438+0000] {processor.py:157} INFO - Started process (PID=2020) to work on /opt/airflow/dags/tasks/data_extraction.py
[2025-11-15T23:26:21.439+0000] {processor.py:829} INFO - Processing file /opt/airflow/dags/tasks/data_extraction.py for tasks to queue
[2025-11-15T23:26:21.439+0000] {logging_mixin.py:154} INFO - [2025-11-15T23:26:21.439+0000] {dagbag.py:536} INFO - Filling up the DagBag from /opt/airflow/dags/tasks/data_extraction.py
[2025-11-15T23:26:21.614+0000] {processor.py:841} WARNING - No viable dags retrieved from /opt/airflow/dags/tasks/data_extraction.py
[2025-11-15T23:26:21.624+0000] {processor.py:179} INFO - Processing /opt/airflow/dags/tasks/data_extraction.py took 0.188 seconds
[2025-11-15T23:26:52.610+0000] {processor.py:157} INFO - Started process (PID=2079) to work on /opt/airflow/dags/tasks/data_extraction.py
[2025-11-15T23:26:52.611+0000] {processor.py:829} INFO - Processing file /opt/airflow/dags/tasks/data_extraction.py for tasks to queue
[2025-11-15T23:26:52.611+0000] {logging_mixin.py:154} INFO - [2025-11-15T23:26:52.611+0000] {dagbag.py:536} INFO - Filling up the DagBag from /opt/airflow/dags/tasks/data_extraction.py
[2025-11-15T23:26:52.788+0000] {processor.py:841} WARNING - No viable dags retrieved from /opt/airflow/dags/tasks/data_extraction.py
[2025-11-15T23:26:52.800+0000] {processor.py:179} INFO - Processing /opt/airflow/dags/tasks/data_extraction.py took 0.192 seconds
[2025-11-15T23:27:23.759+0000] {processor.py:157} INFO - Started process (PID=2138) to work on /opt/airflow/dags/tasks/data_extraction.py
[2025-11-15T23:27:23.759+0000] {processor.py:829} INFO - Processing file /opt/airflow/dags/tasks/data_extraction.py for tasks to queue
[2025-11-15T23:27:23.760+0000] {logging_mixin.py:154} INFO - [2025-11-15T23:27:23.759+0000] {dagbag.py:536} INFO - Filling up the DagBag from /opt/airflow/dags/tasks/data_extraction.py
[2025-11-15T23:27:23.924+0000] {processor.py:841} WARNING - No viable dags retrieved from /opt/airflow/dags/tasks/data_extraction.py
[2025-11-15T23:27:23.936+0000] {processor.py:179} INFO - Processing /opt/airflow/dags/tasks/data_extraction.py took 0.180 seconds
[2025-11-15T23:27:54.644+0000] {processor.py:157} INFO - Started process (PID=2197) to work on /opt/airflow/dags/tasks/data_extraction.py
[2025-11-15T23:27:54.645+0000] {processor.py:829} INFO - Processing file /opt/airflow/dags/tasks/data_extraction.py for tasks to queue
[2025-11-15T23:27:54.645+0000] {logging_mixin.py:154} INFO - [2025-11-15T23:27:54.645+0000] {dagbag.py:536} INFO - Filling up the DagBag from /opt/airflow/dags/tasks/data_extraction.py
[2025-11-15T23:27:54.798+0000] {processor.py:841} WARNING - No viable dags retrieved from /opt/airflow/dags/tasks/data_extraction.py
[2025-11-15T23:27:54.809+0000] {processor.py:179} INFO - Processing /opt/airflow/dags/tasks/data_extraction.py took 0.166 seconds
[2025-11-15T23:28:25.775+0000] {processor.py:157} INFO - Started process (PID=2256) to work on /opt/airflow/dags/tasks/data_extraction.py
[2025-11-15T23:28:25.781+0000] {processor.py:829} INFO - Processing file /opt/airflow/dags/tasks/data_extraction.py for tasks to queue
[2025-11-15T23:28:25.782+0000] {logging_mixin.py:154} INFO - [2025-11-15T23:28:25.781+0000] {dagbag.py:536} INFO - Filling up the DagBag from /opt/airflow/dags/tasks/data_extraction.py
[2025-11-15T23:28:25.953+0000] {processor.py:841} WARNING - No viable dags retrieved from /opt/airflow/dags/tasks/data_extraction.py
[2025-11-15T23:28:25.964+0000] {processor.py:179} INFO - Processing /opt/airflow/dags/tasks/data_extraction.py took 0.191 seconds
[2025-11-15T23:28:56.978+0000] {processor.py:157} INFO - Started process (PID=2315) to work on /opt/airflow/dags/tasks/data_extraction.py
[2025-11-15T23:28:56.978+0000] {processor.py:829} INFO - Processing file /opt/airflow/dags/tasks/data_extraction.py for tasks to queue
[2025-11-15T23:28:56.979+0000] {logging_mixin.py:154} INFO - [2025-11-15T23:28:56.979+0000] {dagbag.py:536} INFO - Filling up the DagBag from /opt/airflow/dags/tasks/data_extraction.py
[2025-11-15T23:28:57.252+0000] {processor.py:841} WARNING - No viable dags retrieved from /opt/airflow/dags/tasks/data_extraction.py
[2025-11-15T23:28:57.262+0000] {processor.py:179} INFO - Processing /opt/airflow/dags/tasks/data_extraction.py took 0.286 seconds
[2025-11-15T23:29:27.439+0000] {processor.py:157} INFO - Started process (PID=2374) to work on /opt/airflow/dags/tasks/data_extraction.py
[2025-11-15T23:29:27.440+0000] {processor.py:829} INFO - Processing file /opt/airflow/dags/tasks/data_extraction.py for tasks to queue
[2025-11-15T23:29:27.440+0000] {logging_mixin.py:154} INFO - [2025-11-15T23:29:27.440+0000] {dagbag.py:536} INFO - Filling up the DagBag from /opt/airflow/dags/tasks/data_extraction.py
[2025-11-15T23:29:27.634+0000] {processor.py:841} WARNING - No viable dags retrieved from /opt/airflow/dags/tasks/data_extraction.py
[2025-11-15T23:29:27.646+0000] {processor.py:179} INFO - Processing /opt/airflow/dags/tasks/data_extraction.py took 0.209 seconds
[2025-11-15T23:29:58.395+0000] {processor.py:157} INFO - Started process (PID=2426) to work on /opt/airflow/dags/tasks/data_extraction.py
[2025-11-15T23:29:58.396+0000] {processor.py:829} INFO - Processing file /opt/airflow/dags/tasks/data_extraction.py for tasks to queue
[2025-11-15T23:29:58.396+0000] {logging_mixin.py:154} INFO - [2025-11-15T23:29:58.396+0000] {dagbag.py:536} INFO - Filling up the DagBag from /opt/airflow/dags/tasks/data_extraction.py
[2025-11-15T23:29:58.571+0000] {processor.py:841} WARNING - No viable dags retrieved from /opt/airflow/dags/tasks/data_extraction.py
[2025-11-15T23:29:58.582+0000] {processor.py:179} INFO - Processing /opt/airflow/dags/tasks/data_extraction.py took 0.190 seconds
[2025-11-15T23:30:28.733+0000] {processor.py:157} INFO - Started process (PID=2485) to work on /opt/airflow/dags/tasks/data_extraction.py
[2025-11-15T23:30:28.734+0000] {processor.py:829} INFO - Processing file /opt/airflow/dags/tasks/data_extraction.py for tasks to queue
[2025-11-15T23:30:28.734+0000] {logging_mixin.py:154} INFO - [2025-11-15T23:30:28.734+0000] {dagbag.py:536} INFO - Filling up the DagBag from /opt/airflow/dags/tasks/data_extraction.py
[2025-11-15T23:30:28.905+0000] {processor.py:841} WARNING - No viable dags retrieved from /opt/airflow/dags/tasks/data_extraction.py
[2025-11-15T23:30:28.919+0000] {processor.py:179} INFO - Processing /opt/airflow/dags/tasks/data_extraction.py took 0.188 seconds
[2025-11-15T23:30:59.700+0000] {processor.py:157} INFO - Started process (PID=2544) to work on /opt/airflow/dags/tasks/data_extraction.py
[2025-11-15T23:30:59.701+0000] {processor.py:829} INFO - Processing file /opt/airflow/dags/tasks/data_extraction.py for tasks to queue
[2025-11-15T23:30:59.701+0000] {logging_mixin.py:154} INFO - [2025-11-15T23:30:59.701+0000] {dagbag.py:536} INFO - Filling up the DagBag from /opt/airflow/dags/tasks/data_extraction.py
[2025-11-15T23:31:00.017+0000] {processor.py:841} WARNING - No viable dags retrieved from /opt/airflow/dags/tasks/data_extraction.py
[2025-11-15T23:31:00.026+0000] {processor.py:179} INFO - Processing /opt/airflow/dags/tasks/data_extraction.py took 0.328 seconds
[2025-11-15T23:31:30.817+0000] {processor.py:157} INFO - Started process (PID=2603) to work on /opt/airflow/dags/tasks/data_extraction.py
[2025-11-15T23:31:30.817+0000] {processor.py:829} INFO - Processing file /opt/airflow/dags/tasks/data_extraction.py for tasks to queue
[2025-11-15T23:31:30.818+0000] {logging_mixin.py:154} INFO - [2025-11-15T23:31:30.817+0000] {dagbag.py:536} INFO - Filling up the DagBag from /opt/airflow/dags/tasks/data_extraction.py
[2025-11-15T23:31:31.108+0000] {processor.py:841} WARNING - No viable dags retrieved from /opt/airflow/dags/tasks/data_extraction.py
[2025-11-15T23:31:31.117+0000] {processor.py:179} INFO - Processing /opt/airflow/dags/tasks/data_extraction.py took 0.303 seconds
[2025-11-15T23:32:01.189+0000] {processor.py:157} INFO - Started process (PID=2662) to work on /opt/airflow/dags/tasks/data_extraction.py
[2025-11-15T23:32:01.190+0000] {processor.py:829} INFO - Processing file /opt/airflow/dags/tasks/data_extraction.py for tasks to queue
[2025-11-15T23:32:01.191+0000] {logging_mixin.py:154} INFO - [2025-11-15T23:32:01.190+0000] {dagbag.py:536} INFO - Filling up the DagBag from /opt/airflow/dags/tasks/data_extraction.py
[2025-11-15T23:32:01.350+0000] {processor.py:841} WARNING - No viable dags retrieved from /opt/airflow/dags/tasks/data_extraction.py
[2025-11-15T23:32:01.362+0000] {processor.py:179} INFO - Processing /opt/airflow/dags/tasks/data_extraction.py took 0.176 seconds
[2025-11-15T23:32:32.164+0000] {processor.py:157} INFO - Started process (PID=2721) to work on /opt/airflow/dags/tasks/data_extraction.py
[2025-11-15T23:32:32.164+0000] {processor.py:829} INFO - Processing file /opt/airflow/dags/tasks/data_extraction.py for tasks to queue
[2025-11-15T23:32:32.165+0000] {logging_mixin.py:154} INFO - [2025-11-15T23:32:32.165+0000] {dagbag.py:536} INFO - Filling up the DagBag from /opt/airflow/dags/tasks/data_extraction.py
[2025-11-15T23:32:32.353+0000] {processor.py:841} WARNING - No viable dags retrieved from /opt/airflow/dags/tasks/data_extraction.py
[2025-11-15T23:32:32.365+0000] {processor.py:179} INFO - Processing /opt/airflow/dags/tasks/data_extraction.py took 0.205 seconds
[2025-11-15T23:33:02.518+0000] {processor.py:157} INFO - Started process (PID=2773) to work on /opt/airflow/dags/tasks/data_extraction.py
[2025-11-15T23:33:02.519+0000] {processor.py:829} INFO - Processing file /opt/airflow/dags/tasks/data_extraction.py for tasks to queue
[2025-11-15T23:33:02.519+0000] {logging_mixin.py:154} INFO - [2025-11-15T23:33:02.519+0000] {dagbag.py:536} INFO - Filling up the DagBag from /opt/airflow/dags/tasks/data_extraction.py
[2025-11-15T23:33:02.790+0000] {processor.py:841} WARNING - No viable dags retrieved from /opt/airflow/dags/tasks/data_extraction.py
[2025-11-15T23:33:02.799+0000] {processor.py:179} INFO - Processing /opt/airflow/dags/tasks/data_extraction.py took 0.284 seconds
[2025-11-15T23:33:33.439+0000] {processor.py:157} INFO - Started process (PID=2833) to work on /opt/airflow/dags/tasks/data_extraction.py
[2025-11-15T23:33:33.440+0000] {processor.py:829} INFO - Processing file /opt/airflow/dags/tasks/data_extraction.py for tasks to queue
[2025-11-15T23:33:33.440+0000] {logging_mixin.py:154} INFO - [2025-11-15T23:33:33.440+0000] {dagbag.py:536} INFO - Filling up the DagBag from /opt/airflow/dags/tasks/data_extraction.py
[2025-11-15T23:33:33.719+0000] {processor.py:841} WARNING - No viable dags retrieved from /opt/airflow/dags/tasks/data_extraction.py
[2025-11-15T23:33:33.728+0000] {processor.py:179} INFO - Processing /opt/airflow/dags/tasks/data_extraction.py took 0.291 seconds
[2025-11-15T23:34:03.954+0000] {processor.py:157} INFO - Started process (PID=2902) to work on /opt/airflow/dags/tasks/data_extraction.py
[2025-11-15T23:34:03.968+0000] {processor.py:829} INFO - Processing file /opt/airflow/dags/tasks/data_extraction.py for tasks to queue
[2025-11-15T23:34:03.968+0000] {logging_mixin.py:154} INFO - [2025-11-15T23:34:03.968+0000] {dagbag.py:536} INFO - Filling up the DagBag from /opt/airflow/dags/tasks/data_extraction.py
[2025-11-15T23:34:04.118+0000] {processor.py:841} WARNING - No viable dags retrieved from /opt/airflow/dags/tasks/data_extraction.py
[2025-11-15T23:34:04.129+0000] {processor.py:179} INFO - Processing /opt/airflow/dags/tasks/data_extraction.py took 0.178 seconds
[2025-11-15T23:34:35.067+0000] {processor.py:157} INFO - Started process (PID=2964) to work on /opt/airflow/dags/tasks/data_extraction.py
[2025-11-15T23:34:35.068+0000] {processor.py:829} INFO - Processing file /opt/airflow/dags/tasks/data_extraction.py for tasks to queue
[2025-11-15T23:34:35.068+0000] {logging_mixin.py:154} INFO - [2025-11-15T23:34:35.068+0000] {dagbag.py:536} INFO - Filling up the DagBag from /opt/airflow/dags/tasks/data_extraction.py
[2025-11-15T23:34:35.234+0000] {processor.py:841} WARNING - No viable dags retrieved from /opt/airflow/dags/tasks/data_extraction.py
[2025-11-15T23:34:35.246+0000] {processor.py:179} INFO - Processing /opt/airflow/dags/tasks/data_extraction.py took 0.181 seconds
[2025-11-15T23:35:05.941+0000] {processor.py:157} INFO - Started process (PID=3023) to work on /opt/airflow/dags/tasks/data_extraction.py
[2025-11-15T23:35:05.955+0000] {processor.py:829} INFO - Processing file /opt/airflow/dags/tasks/data_extraction.py for tasks to queue
[2025-11-15T23:35:05.955+0000] {logging_mixin.py:154} INFO - [2025-11-15T23:35:05.955+0000] {dagbag.py:536} INFO - Filling up the DagBag from /opt/airflow/dags/tasks/data_extraction.py
[2025-11-15T23:35:06.238+0000] {processor.py:841} WARNING - No viable dags retrieved from /opt/airflow/dags/tasks/data_extraction.py
[2025-11-15T23:35:06.247+0000] {processor.py:179} INFO - Processing /opt/airflow/dags/tasks/data_extraction.py took 0.309 seconds
[2025-11-15T23:35:36.878+0000] {processor.py:157} INFO - Started process (PID=3082) to work on /opt/airflow/dags/tasks/data_extraction.py
[2025-11-15T23:35:36.879+0000] {processor.py:829} INFO - Processing file /opt/airflow/dags/tasks/data_extraction.py for tasks to queue
[2025-11-15T23:35:36.879+0000] {logging_mixin.py:154} INFO - [2025-11-15T23:35:36.879+0000] {dagbag.py:536} INFO - Filling up the DagBag from /opt/airflow/dags/tasks/data_extraction.py
[2025-11-15T23:35:37.148+0000] {processor.py:841} WARNING - No viable dags retrieved from /opt/airflow/dags/tasks/data_extraction.py
[2025-11-15T23:35:37.158+0000] {processor.py:179} INFO - Processing /opt/airflow/dags/tasks/data_extraction.py took 0.281 seconds
[2025-11-15T23:36:08.001+0000] {processor.py:157} INFO - Started process (PID=3143) to work on /opt/airflow/dags/tasks/data_extraction.py
[2025-11-15T23:36:08.001+0000] {processor.py:829} INFO - Processing file /opt/airflow/dags/tasks/data_extraction.py for tasks to queue
[2025-11-15T23:36:08.002+0000] {logging_mixin.py:154} INFO - [2025-11-15T23:36:08.002+0000] {dagbag.py:536} INFO - Filling up the DagBag from /opt/airflow/dags/tasks/data_extraction.py
[2025-11-15T23:36:08.261+0000] {processor.py:841} WARNING - No viable dags retrieved from /opt/airflow/dags/tasks/data_extraction.py
[2025-11-15T23:36:08.270+0000] {processor.py:179} INFO - Processing /opt/airflow/dags/tasks/data_extraction.py took 0.272 seconds
[2025-11-15T23:36:39.200+0000] {processor.py:157} INFO - Started process (PID=3201) to work on /opt/airflow/dags/tasks/data_extraction.py
[2025-11-15T23:36:39.201+0000] {processor.py:829} INFO - Processing file /opt/airflow/dags/tasks/data_extraction.py for tasks to queue
[2025-11-15T23:36:39.201+0000] {logging_mixin.py:154} INFO - [2025-11-15T23:36:39.201+0000] {dagbag.py:536} INFO - Filling up the DagBag from /opt/airflow/dags/tasks/data_extraction.py
[2025-11-15T23:36:39.506+0000] {processor.py:841} WARNING - No viable dags retrieved from /opt/airflow/dags/tasks/data_extraction.py
[2025-11-15T23:36:39.515+0000] {processor.py:179} INFO - Processing /opt/airflow/dags/tasks/data_extraction.py took 0.318 seconds
[2025-11-15T23:37:10.343+0000] {processor.py:157} INFO - Started process (PID=3254) to work on /opt/airflow/dags/tasks/data_extraction.py
[2025-11-15T23:37:10.343+0000] {processor.py:829} INFO - Processing file /opt/airflow/dags/tasks/data_extraction.py for tasks to queue
[2025-11-15T23:37:10.344+0000] {logging_mixin.py:154} INFO - [2025-11-15T23:37:10.344+0000] {dagbag.py:536} INFO - Filling up the DagBag from /opt/airflow/dags/tasks/data_extraction.py
[2025-11-15T23:37:10.603+0000] {processor.py:841} WARNING - No viable dags retrieved from /opt/airflow/dags/tasks/data_extraction.py
[2025-11-15T23:37:10.610+0000] {processor.py:179} INFO - Processing /opt/airflow/dags/tasks/data_extraction.py took 0.271 seconds
[2025-11-15T23:37:41.544+0000] {processor.py:157} INFO - Started process (PID=3313) to work on /opt/airflow/dags/tasks/data_extraction.py
[2025-11-15T23:37:41.545+0000] {processor.py:829} INFO - Processing file /opt/airflow/dags/tasks/data_extraction.py for tasks to queue
[2025-11-15T23:37:41.545+0000] {logging_mixin.py:154} INFO - [2025-11-15T23:37:41.545+0000] {dagbag.py:536} INFO - Filling up the DagBag from /opt/airflow/dags/tasks/data_extraction.py
[2025-11-15T23:37:41.836+0000] {processor.py:841} WARNING - No viable dags retrieved from /opt/airflow/dags/tasks/data_extraction.py
[2025-11-15T23:37:41.845+0000] {processor.py:179} INFO - Processing /opt/airflow/dags/tasks/data_extraction.py took 0.304 seconds
[2025-11-15T23:38:12.786+0000] {processor.py:157} INFO - Started process (PID=3372) to work on /opt/airflow/dags/tasks/data_extraction.py
[2025-11-15T23:38:12.786+0000] {processor.py:829} INFO - Processing file /opt/airflow/dags/tasks/data_extraction.py for tasks to queue
[2025-11-15T23:38:12.787+0000] {logging_mixin.py:154} INFO - [2025-11-15T23:38:12.787+0000] {dagbag.py:536} INFO - Filling up the DagBag from /opt/airflow/dags/tasks/data_extraction.py
[2025-11-15T23:38:13.089+0000] {processor.py:841} WARNING - No viable dags retrieved from /opt/airflow/dags/tasks/data_extraction.py
[2025-11-15T23:38:13.098+0000] {processor.py:179} INFO - Processing /opt/airflow/dags/tasks/data_extraction.py took 0.314 seconds
[2025-11-15T23:38:44.063+0000] {processor.py:157} INFO - Started process (PID=3431) to work on /opt/airflow/dags/tasks/data_extraction.py
[2025-11-15T23:38:44.064+0000] {processor.py:829} INFO - Processing file /opt/airflow/dags/tasks/data_extraction.py for tasks to queue
[2025-11-15T23:38:44.064+0000] {logging_mixin.py:154} INFO - [2025-11-15T23:38:44.064+0000] {dagbag.py:536} INFO - Filling up the DagBag from /opt/airflow/dags/tasks/data_extraction.py
[2025-11-15T23:38:44.347+0000] {processor.py:841} WARNING - No viable dags retrieved from /opt/airflow/dags/tasks/data_extraction.py
[2025-11-15T23:38:44.356+0000] {processor.py:179} INFO - Processing /opt/airflow/dags/tasks/data_extraction.py took 0.295 seconds
[2025-11-15T23:39:15.309+0000] {processor.py:157} INFO - Started process (PID=3490) to work on /opt/airflow/dags/tasks/data_extraction.py
[2025-11-15T23:39:15.309+0000] {processor.py:829} INFO - Processing file /opt/airflow/dags/tasks/data_extraction.py for tasks to queue
[2025-11-15T23:39:15.310+0000] {logging_mixin.py:154} INFO - [2025-11-15T23:39:15.309+0000] {dagbag.py:536} INFO - Filling up the DagBag from /opt/airflow/dags/tasks/data_extraction.py
[2025-11-15T23:39:15.580+0000] {processor.py:841} WARNING - No viable dags retrieved from /opt/airflow/dags/tasks/data_extraction.py
[2025-11-15T23:39:15.589+0000] {processor.py:179} INFO - Processing /opt/airflow/dags/tasks/data_extraction.py took 0.282 seconds
[2025-11-15T23:39:45.719+0000] {processor.py:157} INFO - Started process (PID=3549) to work on /opt/airflow/dags/tasks/data_extraction.py
[2025-11-15T23:39:45.719+0000] {processor.py:829} INFO - Processing file /opt/airflow/dags/tasks/data_extraction.py for tasks to queue
[2025-11-15T23:39:45.720+0000] {logging_mixin.py:154} INFO - [2025-11-15T23:39:45.720+0000] {dagbag.py:536} INFO - Filling up the DagBag from /opt/airflow/dags/tasks/data_extraction.py
[2025-11-15T23:39:45.994+0000] {processor.py:841} WARNING - No viable dags retrieved from /opt/airflow/dags/tasks/data_extraction.py
[2025-11-15T23:39:46.004+0000] {processor.py:179} INFO - Processing /opt/airflow/dags/tasks/data_extraction.py took 0.287 seconds
[2025-11-15T23:40:16.637+0000] {processor.py:157} INFO - Started process (PID=3608) to work on /opt/airflow/dags/tasks/data_extraction.py
[2025-11-15T23:40:16.638+0000] {processor.py:829} INFO - Processing file /opt/airflow/dags/tasks/data_extraction.py for tasks to queue
[2025-11-15T23:40:16.638+0000] {logging_mixin.py:154} INFO - [2025-11-15T23:40:16.638+0000] {dagbag.py:536} INFO - Filling up the DagBag from /opt/airflow/dags/tasks/data_extraction.py
[2025-11-15T23:40:16.936+0000] {processor.py:841} WARNING - No viable dags retrieved from /opt/airflow/dags/tasks/data_extraction.py
[2025-11-15T23:40:16.946+0000] {processor.py:179} INFO - Processing /opt/airflow/dags/tasks/data_extraction.py took 0.312 seconds
[2025-11-15T23:40:47.100+0000] {processor.py:157} INFO - Started process (PID=3660) to work on /opt/airflow/dags/tasks/data_extraction.py
[2025-11-15T23:40:47.100+0000] {processor.py:829} INFO - Processing file /opt/airflow/dags/tasks/data_extraction.py for tasks to queue
[2025-11-15T23:40:47.101+0000] {logging_mixin.py:154} INFO - [2025-11-15T23:40:47.101+0000] {dagbag.py:536} INFO - Filling up the DagBag from /opt/airflow/dags/tasks/data_extraction.py
[2025-11-15T23:40:47.375+0000] {processor.py:841} WARNING - No viable dags retrieved from /opt/airflow/dags/tasks/data_extraction.py
[2025-11-15T23:40:47.384+0000] {processor.py:179} INFO - Processing /opt/airflow/dags/tasks/data_extraction.py took 0.287 seconds
[2025-11-15T23:41:17.490+0000] {processor.py:157} INFO - Started process (PID=3719) to work on /opt/airflow/dags/tasks/data_extraction.py
[2025-11-15T23:41:17.490+0000] {processor.py:829} INFO - Processing file /opt/airflow/dags/tasks/data_extraction.py for tasks to queue
[2025-11-15T23:41:17.491+0000] {logging_mixin.py:154} INFO - [2025-11-15T23:41:17.491+0000] {dagbag.py:536} INFO - Filling up the DagBag from /opt/airflow/dags/tasks/data_extraction.py
[2025-11-15T23:41:17.092+0000] {processor.py:841} WARNING - No viable dags retrieved from /opt/airflow/dags/tasks/data_extraction.py
[2025-11-15T23:41:17.101+0000] {processor.py:179} INFO - Processing /opt/airflow/dags/tasks/data_extraction.py took 0.314 seconds
[2025-11-15T23:41:47.941+0000] {processor.py:157} INFO - Started process (PID=3776) to work on /opt/airflow/dags/tasks/data_extraction.py
[2025-11-15T23:41:47.941+0000] {processor.py:829} INFO - Processing file /opt/airflow/dags/tasks/data_extraction.py for tasks to queue
[2025-11-15T23:41:47.942+0000] {logging_mixin.py:154} INFO - [2025-11-15T23:41:47.941+0000] {dagbag.py:536} INFO - Filling up the DagBag from /opt/airflow/dags/tasks/data_extraction.py
[2025-11-15T23:41:48.236+0000] {processor.py:841} WARNING - No viable dags retrieved from /opt/airflow/dags/tasks/data_extraction.py
[2025-11-15T23:41:48.244+0000] {processor.py:179} INFO - Processing /opt/airflow/dags/tasks/data_extraction.py took 0.305 seconds
[2025-11-15T23:42:19.032+0000] {processor.py:157} INFO - Started process (PID=3823) to work on /opt/airflow/dags/tasks/data_extraction.py
[2025-11-15T23:42:19.032+0000] {processor.py:829} INFO - Processing file /opt/airflow/dags/tasks/data_extraction.py for tasks to queue
[2025-11-15T23:42:19.033+0000] {logging_mixin.py:154} INFO - [2025-11-15T23:42:19.033+0000] {dagbag.py:536} INFO - Filling up the DagBag from /opt/airflow/dags/tasks/data_extraction.py
[2025-11-15T23:42:19.331+0000] {processor.py:841} WARNING - No viable dags retrieved from /opt/airflow/dags/tasks/data_extraction.py
[2025-11-15T23:42:19.341+0000] {processor.py:179} INFO - Processing /opt/airflow/dags/tasks/data_extraction.py took 0.311 seconds
[2025-11-15T23:42:50.163+0000] {processor.py:157} INFO - Started process (PID=3880) to work on /opt/airflow/dags/tasks/data_extraction.py
[2025-11-15T23:42:50.164+0000] {processor.py:829} INFO - Processing file /opt/airflow/dags/tasks/data_extraction.py for tasks to queue
[2025-11-15T23:42:50.164+0000] {logging_mixin.py:154} INFO - [2025-11-15T23:42:50.164+0000] {dagbag.py:536} INFO - Filling up the DagBag from /opt/airflow/dags/tasks/data_extraction.py
[2025-11-15T23:42:50.443+0000] {processor.py:841} WARNING - No viable dags retrieved from /opt/airflow/dags/tasks/data_extraction.py
[2025-11-15T23:42:50.452+0000] {processor.py:179} INFO - Processing /opt/airflow/dags/tasks/data_extraction.py took 0.292 seconds
[2025-11-15T23:43:21.419+0000] {processor.py:157} INFO - Started process (PID=3939) to work on /opt/airflow/dags/tasks/data_extraction.py
[2025-11-15T23:43:21.434+0000] {processor.py:829} INFO - Processing file /opt/airflow/dags/tasks/data_extraction.py for tasks to queue
[2025-11-15T23:43:21.434+0000] {logging_mixin.py:154} INFO - [2025-11-15T23:43:21.434+0000] {dagbag.py:536} INFO - Filling up the DagBag from /opt/airflow/dags/tasks/data_extraction.py
[2025-11-15T23:43:21.700+0000] {processor.py:841} WARNING - No viable dags retrieved from /opt/airflow/dags/tasks/data_extraction.py
[2025-11-15T23:43:21.709+0000] {processor.py:179} INFO - Processing /opt/airflow/dags/tasks/data_extraction.py took 0.292 seconds
[2025-11-15T23:43:52.547+0000] {processor.py:157} INFO - Started process (PID=3998) to work on /opt/airflow/dags/tasks/data_extraction.py
[2025-11-15T23:43:52.547+0000] {processor.py:829} INFO - Processing file /opt/airflow/dags/tasks/data_extraction.py for tasks to queue
[2025-11-15T23:43:52.547+0000] {logging_mixin.py:154} INFO - [2025-11-15T23:43:52.547+0000] {dagbag.py:536} INFO - Filling up the DagBag from /opt/airflow/dags/tasks/data_extraction.py
[2025-11-15T23:43:52.834+0000] {processor.py:841} WARNING - No viable dags retrieved from /opt/airflow/dags/tasks/data_extraction.py
[2025-11-15T23:43:52.843+0000] {processor.py:179} INFO - Processing /opt/airflow/dags/tasks/data_extraction.py took 0.299 seconds
[2025-11-15T23:44:23.785+0000] {processor.py:157} INFO - Started process (PID=4050) to work on /opt/airflow/dags/tasks/data_extraction.py
[2025-11-15T23:44:23.786+0000] {processor.py:829} INFO - Processing file /opt/airflow/dags/tasks/data_extraction.py for tasks to queue
[2025-11-15T23:44:23.786+0000] {logging_mixin.py:154} INFO - [2025-11-15T23:44:23.786+0000] {dagbag.py:536} INFO - Filling up the DagBag from /opt/airflow/dags/tasks/data_extraction.py
[2025-11-15T23:44:24.057+0000] {processor.py:841} WARNING - No viable dags retrieved from /opt/airflow/dags/tasks/data_extraction.py
[2025-11-15T23:44:24.067+0000] {processor.py:179} INFO - Processing /opt/airflow/dags/tasks/data_extraction.py took 0.284 seconds
[2025-11-15T23:44:55.014+0000] {processor.py:157} INFO - Started process (PID=4109) to work on /opt/airflow/dags/tasks/data_extraction.py
[2025-11-15T23:44:55.015+0000] {processor.py:829} INFO - Processing file /opt/airflow/dags/tasks/data_extraction.py for tasks to queue
[2025-11-15T23:44:55.015+0000] {logging_mixin.py:154} INFO - [2025-11-15T23:44:55.015+0000] {dagbag.py:536} INFO - Filling up the DagBag from /opt/airflow/dags/tasks/data_extraction.py
[2025-11-15T23:44:55.323+0000] {processor.py:841} WARNING - No viable dags retrieved from /opt/airflow/dags/tasks/data_extraction.py
[2025-11-15T23:44:55.334+0000] {processor.py:179} INFO - Processing /opt/airflow/dags/tasks/data_extraction.py took 0.321 seconds
[2025-11-15T23:45:25.924+0000] {processor.py:157} INFO - Started process (PID=4168) to work on /opt/airflow/dags/tasks/data_extraction.py
[2025-11-15T23:45:25.925+0000] {processor.py:829} INFO - Processing file /opt/airflow/dags/tasks/data_extraction.py for tasks to queue
[2025-11-15T23:45:25.925+0000] {logging_mixin.py:154} INFO - [2025-11-15T23:45:25.925+0000] {dagbag.py:536} INFO - Filling up the DagBag from /opt/airflow/dags/tasks/data_extraction.py
[2025-11-15T23:45:26.190+0000] {processor.py:841} WARNING - No viable dags retrieved from /opt/airflow/dags/tasks/data_extraction.py
[2025-11-15T23:45:26.199+0000] {processor.py:179} INFO - Processing /opt/airflow/dags/tasks/data_extraction.py took 0.277 seconds
[2025-11-15T23:45:57.055+0000] {processor.py:157} INFO - Started process (PID=4228) to work on /opt/airflow/dags/tasks/data_extraction.py
[2025-11-15T23:45:57.055+0000] {processor.py:829} INFO - Processing file /opt/airflow/dags/tasks/data_extraction.py for tasks to queue
[2025-11-15T23:45:57.056+0000] {logging_mixin.py:154} INFO - [2025-11-15T23:45:57.055+0000] {dagbag.py:536} INFO - Filling up the DagBag from /opt/airflow/dags/tasks/data_extraction.py
[2025-11-15T23:45:57.324+0000] {processor.py:841} WARNING - No viable dags retrieved from /opt/airflow/dags/tasks/data_extraction.py
[2025-11-15T23:45:57.333+0000] {processor.py:179} INFO - Processing /opt/airflow/dags/tasks/data_extraction.py took 0.280 seconds
[2025-11-15T23:46:28.267+0000] {processor.py:157} INFO - Started process (PID=4287) to work on /opt/airflow/dags/tasks/data_extraction.py
[2025-11-15T23:46:28.269+0000] {processor.py:829} INFO - Processing file /opt/airflow/dags/tasks/data_extraction.py for tasks to queue
[2025-11-15T23:46:28.269+0000] {logging_mixin.py:154} INFO - [2025-11-15T23:46:28.269+0000] {dagbag.py:536} INFO - Filling up the DagBag from /opt/airflow/dags/tasks/data_extraction.py
[2025-11-15T23:46:28.527+0000] {processor.py:841} WARNING - No viable dags retrieved from /opt/airflow/dags/tasks/data_extraction.py
[2025-11-15T23:46:28.536+0000] {processor.py:179} INFO - Processing /opt/airflow/dags/tasks/data_extraction.py took 0.272 seconds
[2025-11-15T23:46:59.360+0000] {processor.py:157} INFO - Started process (PID=4346) to work on /opt/airflow/dags/tasks/data_extraction.py
[2025-11-15T23:46:59.360+0000] {processor.py:829} INFO - Processing file /opt/airflow/dags/tasks/data_extraction.py for tasks to queue
[2025-11-15T23:46:59.361+0000] {logging_mixin.py:154} INFO - [2025-11-15T23:46:59.360+0000] {dagbag.py:536} INFO - Filling up the DagBag from /opt/airflow/dags/tasks/data_extraction.py
[2025-11-15T23:46:59.618+0000] {processor.py:841} WARNING - No viable dags retrieved from /opt/airflow/dags/tasks/data_extraction.py
[2025-11-15T23:46:59.627+0000] {processor.py:179} INFO - Processing /opt/airflow/dags/tasks/data_extraction.py took 0.269 seconds
[2025-11-15T23:47:30.452+0000] {processor.py:157} INFO - Started process (PID=4405) to work on /opt/airflow/dags/tasks/data_extraction.py
[2025-11-15T23:47:30.453+0000] {processor.py:829} INFO - Processing file /opt/airflow/dags/tasks/data_extraction.py for tasks to queue
[2025-11-15T23:47:30.453+0000] {logging_mixin.py:154} INFO - [2025-11-15T23:47:30.453+0000] {dagbag.py:536} INFO - Filling up the DagBag from /opt/airflow/dags/tasks/data_extraction.py
[2025-11-15T23:47:30.725+0000] {processor.py:841} WARNING - No viable dags retrieved from /opt/airflow/dags/tasks/data_extraction.py
[2025-11-15T23:47:30.734+0000] {processor.py:179} INFO - Processing /opt/airflow/dags/tasks/data_extraction.py took 0.284 seconds
[2025-11-15T23:48:01.409+0000] {processor.py:157} INFO - Started process (PID=4464) to work on /opt/airflow/dags/tasks/data_extraction.py
[2025-11-15T23:48:01.410+0000] {processor.py:829} INFO - Processing file /opt/airflow/dags/tasks/data_extraction.py for tasks to queue
[2025-11-15T23:48:01.410+0000] {logging_mixin.py:154} INFO - [2025-11-15T23:48:01.410+0000] {dagbag.py:536} INFO - Filling up the DagBag from /opt/airflow/dags/tasks/data_extraction.py
[2025-11-15T23:48:01.713+0000] {processor.py:841} WARNING - No viable dags retrieved from /opt/airflow/dags/tasks/data_extraction.py
[2025-11-15T23:48:01.722+0000] {processor.py:179} INFO - Processing /opt/airflow/dags/tasks/data_extraction.py took 0.316 seconds
[2025-11-15T23:48:32.632+0000] {processor.py:157} INFO - Started process (PID=4516) to work on /opt/airflow/dags/tasks/data_extraction.py
[2025-11-15T23:48:32.632+0000] {processor.py:829} INFO - Processing file /opt/airflow/dags/tasks/data_extraction.py for tasks to queue
[2025-11-15T23:48:32.633+0000] {logging_mixin.py:154} INFO - [2025-11-15T23:48:32.632+0000] {dagbag.py:536} INFO - Filling up the DagBag from /opt/airflow/dags/tasks/data_extraction.py
[2025-11-15T23:48:32.895+0000] {processor.py:841} WARNING - No viable dags retrieved from /opt/airflow/dags/tasks/data_extraction.py
[2025-11-15T23:48:32.904+0000] {processor.py:179} INFO - Processing /opt/airflow/dags/tasks/data_extraction.py took 0.274 seconds
[2025-11-15T23:49:03.758+0000] {processor.py:157} INFO - Started process (PID=4575) to work on /opt/airflow/dags/tasks/data_extraction.py
[2025-11-15T23:49:03.758+0000] {processor.py:829} INFO - Processing file /opt/airflow/dags/tasks/data_extraction.py for tasks to queue
[2025-11-15T23:49:03.759+0000] {logging_mixin.py:154} INFO - [2025-11-15T23:49:03.759+0000] {dagbag.py:536} INFO - Filling up the DagBag from /opt/airflow/dags/tasks/data_extraction.py
[2025-11-15T23:49:04.009+0000] {processor.py:841} WARNING - No viable dags retrieved from /opt/airflow/dags/tasks/data_extraction.py
[2025-11-15T23:49:04.018+0000] {processor.py:179} INFO - Processing /opt/airflow/dags/tasks/data_extraction.py took 0.263 seconds
[2025-11-15T23:49:34.962+0000] {processor.py:157} INFO - Started process (PID=4634) to work on /opt/airflow/dags/tasks/data_extraction.py
[2025-11-15T23:49:34.965+0000] {processor.py:829} INFO - Processing file /opt/airflow/dags/tasks/data_extraction.py for tasks to queue
[2025-11-15T23:49:34.966+0000] {logging_mixin.py:154} INFO - [2025-11-15T23:49:34.966+0000] {dagbag.py:536} INFO - Filling up the DagBag from /opt/airflow/dags/tasks/data_extraction.py
[2025-11-15T23:49:35.309+0000] {processor.py:841} WARNING - No viable dags retrieved from /opt/airflow/dags/tasks/data_extraction.py
[2025-11-15T23:49:35.322+0000] {processor.py:179} INFO - Processing /opt/airflow/dags/tasks/data_extraction.py took 0.362 seconds
[2025-11-15T23:50:06.271+0000] {processor.py:157} INFO - Started process (PID=4693) to work on /opt/airflow/dags/tasks/data_extraction.py
[2025-11-15T23:50:06.271+0000] {processor.py:829} INFO - Processing file /opt/airflow/dags/tasks/data_extraction.py for tasks to queue
[2025-11-15T23:50:06.272+0000] {logging_mixin.py:154} INFO - [2025-11-15T23:50:06.272+0000] {dagbag.py:536} INFO - Filling up the DagBag from /opt/airflow/dags/tasks/data_extraction.py
[2025-11-15T23:50:06.548+0000] {processor.py:841} WARNING - No viable dags retrieved from /opt/airflow/dags/tasks/data_extraction.py
[2025-11-15T23:50:06.557+0000] {processor.py:179} INFO - Processing /opt/airflow/dags/tasks/data_extraction.py took 0.288 seconds
[2025-11-15T23:50:36.693+0000] {processor.py:157} INFO - Started process (PID=4752) to work on /opt/airflow/dags/tasks/data_extraction.py
[2025-11-15T23:50:36.693+0000] {processor.py:829} INFO - Processing file /opt/airflow/dags/tasks/data_extraction.py for tasks to queue
[2025-11-15T23:50:36.694+0000] {logging_mixin.py:154} INFO - [2025-11-15T23:50:36.694+0000] {dagbag.py:536} INFO - Filling up the DagBag from /opt/airflow/dags/tasks/data_extraction.py
[2025-11-15T23:50:36.966+0000] {processor.py:841} WARNING - No viable dags retrieved from /opt/airflow/dags/tasks/data_extraction.py
[2025-11-15T23:50:36.975+0000] {processor.py:179} INFO - Processing /opt/airflow/dags/tasks/data_extraction.py took 0.285 seconds
[2025-11-15T23:51:07.643+0000] {processor.py:157} INFO - Started process (PID=4811) to work on /opt/airflow/dags/tasks/data_extraction.py
[2025-11-15T23:51:07.645+0000] {processor.py:829} INFO - Processing file /opt/airflow/dags/tasks/data_extraction.py for tasks to queue
[2025-11-15T23:51:07.646+0000] {logging_mixin.py:154} INFO - [2025-11-15T23:51:07.646+0000] {dagbag.py:536} INFO - Filling up the DagBag from /opt/airflow/dags/tasks/data_extraction.py
[2025-11-15T23:51:07.915+0000] {processor.py:841} WARNING - No viable dags retrieved from /opt/airflow/dags/tasks/data_extraction.py
[2025-11-15T23:51:07.923+0000] {processor.py:179} INFO - Processing /opt/airflow/dags/tasks/data_extraction.py took 0.283 seconds
[2025-11-15T23:51:38.711+0000] {processor.py:157} INFO - Started process (PID=4870) to work on /opt/airflow/dags/tasks/data_extraction.py
[2025-11-15T23:51:38.711+0000] {processor.py:829} INFO - Processing file /opt/airflow/dags/tasks/data_extraction.py for tasks to queue
[2025-11-15T23:51:38.711+0000] {logging_mixin.py:154} INFO - [2025-11-15T23:51:38.711+0000] {dagbag.py:536} INFO - Filling up the DagBag from /opt/airflow/dags/tasks/data_extraction.py
[2025-11-15T23:51:39.012+0000] {processor.py:841} WARNING - No viable dags retrieved from /opt/airflow/dags/tasks/data_extraction.py
[2025-11-15T23:51:39.023+0000] {processor.py:179} INFO - Processing /opt/airflow/dags/tasks/data_extraction.py took 0.315 seconds
