[2025-10-28T00:43:26.519+0000] {taskinstance.py:1159} INFO - Dependencies all met for dep_context=non-requeueable deps ti=<TaskInstance: hiring_dynamic.train_gradient_boosting scheduled__2025-02-05T15:00:00+00:00 [queued]>
[2025-10-28T00:43:26.522+0000] {taskinstance.py:1159} INFO - Dependencies all met for dep_context=requeueable deps ti=<TaskInstance: hiring_dynamic.train_gradient_boosting scheduled__2025-02-05T15:00:00+00:00 [queued]>
[2025-10-28T00:43:26.522+0000] {taskinstance.py:1361} INFO - Starting attempt 1 of 1
[2025-10-28T00:43:26.528+0000] {taskinstance.py:1382} INFO - Executing <Task(PythonOperator): train_gradient_boosting> on 2025-02-05 15:00:00+00:00
[2025-10-28T00:43:26.531+0000] {standard_task_runner.py:57} INFO - Started process 1788 to run task
[2025-10-28T00:43:26.534+0000] {standard_task_runner.py:84} INFO - Running: ['airflow', 'tasks', 'run', 'hiring_dynamic', 'train_gradient_boosting', 'scheduled__2025-02-05T15:00:00+00:00', '--job-id', '79', '--raw', '--subdir', 'DAGS_FOLDER/dag_dynamic.py', '--cfg-path', '/tmp/tmpqhsqh2x1']
[2025-10-28T00:43:26.535+0000] {standard_task_runner.py:85} INFO - Job 79: Subtask train_gradient_boosting
[2025-10-28T00:43:26.551+0000] {task_command.py:416} INFO - Running <TaskInstance: hiring_dynamic.train_gradient_boosting scheduled__2025-02-05T15:00:00+00:00 [running]> on host d1f69dfe6243
[2025-10-28T00:43:26.577+0000] {taskinstance.py:1662} INFO - Exporting env vars: AIRFLOW_CTX_DAG_OWNER='airflow' AIRFLOW_CTX_DAG_ID='hiring_dynamic' AIRFLOW_CTX_TASK_ID='train_gradient_boosting' AIRFLOW_CTX_EXECUTION_DATE='2025-02-05T15:00:00+00:00' AIRFLOW_CTX_TRY_NUMBER='1' AIRFLOW_CTX_DAG_RUN_ID='scheduled__2025-02-05T15:00:00+00:00'
[2025-10-28T00:43:26.581+0000] {logging_mixin.py:154} INFO - Entrenando modelo: gradient_boosting
[2025-10-28T00:43:26.857+0000] {logging_mixin.py:154} INFO - Modelo gradient_boosting guardado en: /opt/airflow/data/dynamic/2025-02-05/models/gradient_boosting.joblib
[2025-10-28T00:43:26.861+0000] {python.py:194} INFO - Done. Returned value was: None
[2025-10-28T00:43:26.863+0000] {taskinstance.py:1400} INFO - Marking task as SUCCESS. dag_id=hiring_dynamic, task_id=train_gradient_boosting, execution_date=20250205T150000, start_date=20251028T004326, end_date=20251028T004326
[2025-10-28T00:43:26.882+0000] {local_task_job_runner.py:228} INFO - Task exited with return code 0
[2025-10-28T00:43:26.893+0000] {taskinstance.py:2778} INFO - 0 downstream tasks scheduled from follow-on schedule check
[2025-10-28T01:30:10.758+0000] {taskinstance.py:1159} INFO - Dependencies all met for dep_context=non-requeueable deps ti=<TaskInstance: hiring_dynamic.train_gradient_boosting scheduled__2025-02-05T15:00:00+00:00 [queued]>
[2025-10-28T01:30:10.762+0000] {taskinstance.py:1159} INFO - Dependencies all met for dep_context=requeueable deps ti=<TaskInstance: hiring_dynamic.train_gradient_boosting scheduled__2025-02-05T15:00:00+00:00 [queued]>
[2025-10-28T01:30:10.762+0000] {taskinstance.py:1361} INFO - Starting attempt 1 of 1
[2025-10-28T01:30:10.769+0000] {taskinstance.py:1382} INFO - Executing <Task(PythonOperator): train_gradient_boosting> on 2025-02-05 15:00:00+00:00
[2025-10-28T01:30:10.775+0000] {standard_task_runner.py:57} INFO - Started process 1815 to run task
[2025-10-28T01:30:10.778+0000] {standard_task_runner.py:84} INFO - Running: ['airflow', 'tasks', 'run', 'hiring_dynamic', 'train_gradient_boosting', 'scheduled__2025-02-05T15:00:00+00:00', '--job-id', '69', '--raw', '--subdir', 'DAGS_FOLDER/dag_dynamic.py', '--cfg-path', '/tmp/tmpwh0lktde']
[2025-10-28T01:30:10.779+0000] {standard_task_runner.py:85} INFO - Job 69: Subtask train_gradient_boosting
[2025-10-28T01:30:10.802+0000] {task_command.py:416} INFO - Running <TaskInstance: hiring_dynamic.train_gradient_boosting scheduled__2025-02-05T15:00:00+00:00 [running]> on host c46dbfd34b1f
[2025-10-28T01:30:10.838+0000] {taskinstance.py:1662} INFO - Exporting env vars: AIRFLOW_CTX_DAG_OWNER='airflow' AIRFLOW_CTX_DAG_ID='hiring_dynamic' AIRFLOW_CTX_TASK_ID='train_gradient_boosting' AIRFLOW_CTX_EXECUTION_DATE='2025-02-05T15:00:00+00:00' AIRFLOW_CTX_TRY_NUMBER='1' AIRFLOW_CTX_DAG_RUN_ID='scheduled__2025-02-05T15:00:00+00:00'
[2025-10-28T01:30:10.845+0000] {logging_mixin.py:154} INFO - Entrenando modelo: gradient_boosting
[2025-10-28T01:30:11.148+0000] {logging_mixin.py:154} INFO - Modelo gradient_boosting guardado en: /opt/airflow/data/dynamic/2025-02-05/models/gradient_boosting.joblib
[2025-10-28T01:30:11.152+0000] {python.py:194} INFO - Done. Returned value was: None
[2025-10-28T01:30:11.155+0000] {taskinstance.py:1400} INFO - Marking task as SUCCESS. dag_id=hiring_dynamic, task_id=train_gradient_boosting, execution_date=20250205T150000, start_date=20251028T013010, end_date=20251028T013011
[2025-10-28T01:30:11.168+0000] {local_task_job_runner.py:228} INFO - Task exited with return code 0
[2025-10-28T01:30:11.178+0000] {taskinstance.py:2778} INFO - 0 downstream tasks scheduled from follow-on schedule check
