[2025-10-28T00:42:30.945+0000] {taskinstance.py:1159} INFO - Dependencies all met for dep_context=non-requeueable deps ti=<TaskInstance: hiring_dynamic.evaluate_models manual__2025-10-28T00:39:37.435468+00:00 [queued]>
[2025-10-28T00:42:30.948+0000] {taskinstance.py:1159} INFO - Dependencies all met for dep_context=requeueable deps ti=<TaskInstance: hiring_dynamic.evaluate_models manual__2025-10-28T00:39:37.435468+00:00 [queued]>
[2025-10-28T00:42:30.948+0000] {taskinstance.py:1361} INFO - Starting attempt 1 of 1
[2025-10-28T00:42:30.956+0000] {taskinstance.py:1382} INFO - Executing <Task(PythonOperator): evaluate_models> on 2025-10-28 00:39:37.435468+00:00
[2025-10-28T00:42:30.961+0000] {standard_task_runner.py:57} INFO - Started process 1386 to run task
[2025-10-28T00:42:30.964+0000] {standard_task_runner.py:84} INFO - Running: ['airflow', 'tasks', 'run', 'hiring_dynamic', 'evaluate_models', 'manual__2025-10-28T00:39:37.435468+00:00', '--job-id', '61', '--raw', '--subdir', 'DAGS_FOLDER/dag_dynamic.py', '--cfg-path', '/tmp/tmp93sjhac6']
[2025-10-28T00:42:30.965+0000] {standard_task_runner.py:85} INFO - Job 61: Subtask evaluate_models
[2025-10-28T00:42:30.986+0000] {task_command.py:416} INFO - Running <TaskInstance: hiring_dynamic.evaluate_models manual__2025-10-28T00:39:37.435468+00:00 [running]> on host d1f69dfe6243
[2025-10-28T00:42:31.084+0000] {taskinstance.py:1662} INFO - Exporting env vars: AIRFLOW_CTX_DAG_OWNER='airflow' AIRFLOW_CTX_DAG_ID='hiring_dynamic' AIRFLOW_CTX_TASK_ID='evaluate_models' AIRFLOW_CTX_EXECUTION_DATE='2025-10-28T00:39:37.435468+00:00' AIRFLOW_CTX_TRY_NUMBER='1' AIRFLOW_CTX_DAG_RUN_ID='manual__2025-10-28T00:39:37.435468+00:00'
[2025-10-28T00:42:31.160+0000] {logging_mixin.py:154} INFO - Evaluando 3 modelos en experimento 'dynamic'...
[2025-10-28T00:42:31.175+0000] {logging_mixin.py:154} INFO -   logistic_regression: Accuracy = 0.8700
[2025-10-28T00:42:31.195+0000] {logging_mixin.py:154} INFO -   gradient_boosting: Accuracy = 0.9300
[2025-10-28T00:42:31.460+0000] {logging_mixin.py:154} INFO -   random_forest: Accuracy = 0.9467
[2025-10-28T00:42:31.461+0000] {logging_mixin.py:154} INFO - 
✅ Mejor modelo (dynamic): random_forest
[2025-10-28T00:42:31.461+0000] {logging_mixin.py:154} INFO -    Accuracy: 0.9467
[2025-10-28T00:42:31.804+0000] {logging_mixin.py:154} INFO -    Guardado en: /opt/airflow/data/dynamic/2025-10-28/models/best_model.joblib
[2025-10-28T00:42:31.820+0000] {python.py:194} INFO - Done. Returned value was: None
[2025-10-28T00:42:31.823+0000] {taskinstance.py:1400} INFO - Marking task as SUCCESS. dag_id=hiring_dynamic, task_id=evaluate_models, execution_date=20251028T003937, start_date=20251028T004230, end_date=20251028T004231
[2025-10-28T00:42:31.841+0000] {local_task_job_runner.py:228} INFO - Task exited with return code 0
[2025-10-28T00:42:31.864+0000] {taskinstance.py:2778} INFO - 0 downstream tasks scheduled from follow-on schedule check
