[2025-10-28T00:41:30.741+0000] {taskinstance.py:1159} INFO - Dependencies all met for dep_context=non-requeueable deps ti=<TaskInstance: hiring_dynamic.train_logistic_regression scheduled__2024-11-05T15:00:00+00:00 [queued]>
[2025-10-28T00:41:30.746+0000] {taskinstance.py:1159} INFO - Dependencies all met for dep_context=requeueable deps ti=<TaskInstance: hiring_dynamic.train_logistic_regression scheduled__2024-11-05T15:00:00+00:00 [queued]>
[2025-10-28T00:41:30.746+0000] {taskinstance.py:1361} INFO - Starting attempt 1 of 1
[2025-10-28T00:41:30.753+0000] {taskinstance.py:1382} INFO - Executing <Task(PythonOperator): train_logistic_regression> on 2024-11-05 15:00:00+00:00
[2025-10-28T00:41:30.776+0000] {standard_task_runner.py:57} INFO - Started process 1026 to run task
[2025-10-28T00:41:30.782+0000] {standard_task_runner.py:84} INFO - Running: ['airflow', 'tasks', 'run', 'hiring_dynamic', 'train_logistic_regression', 'scheduled__2024-11-05T15:00:00+00:00', '--job-id', '46', '--raw', '--subdir', 'DAGS_FOLDER/dag_dynamic.py', '--cfg-path', '/tmp/tmp2qrj7l3v']
[2025-10-28T00:41:30.787+0000] {standard_task_runner.py:85} INFO - Job 46: Subtask train_logistic_regression
[2025-10-28T00:41:30.810+0000] {task_command.py:416} INFO - Running <TaskInstance: hiring_dynamic.train_logistic_regression scheduled__2024-11-05T15:00:00+00:00 [running]> on host d1f69dfe6243
[2025-10-28T00:41:30.843+0000] {taskinstance.py:1662} INFO - Exporting env vars: AIRFLOW_CTX_DAG_OWNER='airflow' AIRFLOW_CTX_DAG_ID='hiring_dynamic' AIRFLOW_CTX_TASK_ID='train_logistic_regression' AIRFLOW_CTX_EXECUTION_DATE='2024-11-05T15:00:00+00:00' AIRFLOW_CTX_TRY_NUMBER='1' AIRFLOW_CTX_DAG_RUN_ID='scheduled__2024-11-05T15:00:00+00:00'
[2025-10-28T00:41:30.851+0000] {logging_mixin.py:154} INFO - Entrenando modelo: logistic_regression
[2025-10-28T00:41:38.534+0000] {logging_mixin.py:154} INFO - Modelo logistic_regression guardado en: /opt/airflow/data/dynamic/2024-11-05/models/logistic_regression.joblib
[2025-10-28T00:41:38.563+0000] {python.py:194} INFO - Done. Returned value was: None
[2025-10-28T00:41:38.578+0000] {taskinstance.py:1400} INFO - Marking task as SUCCESS. dag_id=hiring_dynamic, task_id=train_logistic_regression, execution_date=20241105T150000, start_date=20251028T004130, end_date=20251028T004138
[2025-10-28T00:41:38.617+0000] {local_task_job_runner.py:228} INFO - Task exited with return code 0
[2025-10-28T00:41:38.631+0000] {taskinstance.py:2778} INFO - 1 downstream tasks scheduled from follow-on schedule check
[2025-10-28T01:28:22.691+0000] {taskinstance.py:1159} INFO - Dependencies all met for dep_context=non-requeueable deps ti=<TaskInstance: hiring_dynamic.train_logistic_regression scheduled__2024-11-05T15:00:00+00:00 [queued]>
[2025-10-28T01:28:22.695+0000] {taskinstance.py:1159} INFO - Dependencies all met for dep_context=requeueable deps ti=<TaskInstance: hiring_dynamic.train_logistic_regression scheduled__2024-11-05T15:00:00+00:00 [queued]>
[2025-10-28T01:28:22.695+0000] {taskinstance.py:1361} INFO - Starting attempt 1 of 1
[2025-10-28T01:28:22.701+0000] {taskinstance.py:1382} INFO - Executing <Task(PythonOperator): train_logistic_regression> on 2024-11-05 15:00:00+00:00
[2025-10-28T01:28:22.706+0000] {standard_task_runner.py:57} INFO - Started process 1157 to run task
[2025-10-28T01:28:22.709+0000] {standard_task_runner.py:84} INFO - Running: ['airflow', 'tasks', 'run', 'hiring_dynamic', 'train_logistic_regression', 'scheduled__2024-11-05T15:00:00+00:00', '--job-id', '40', '--raw', '--subdir', 'DAGS_FOLDER/dag_dynamic.py', '--cfg-path', '/tmp/tmpdmywy8_5']
[2025-10-28T01:28:22.710+0000] {standard_task_runner.py:85} INFO - Job 40: Subtask train_logistic_regression
[2025-10-28T01:28:22.738+0000] {task_command.py:416} INFO - Running <TaskInstance: hiring_dynamic.train_logistic_regression scheduled__2024-11-05T15:00:00+00:00 [running]> on host c46dbfd34b1f
[2025-10-28T01:28:22.767+0000] {taskinstance.py:1662} INFO - Exporting env vars: AIRFLOW_CTX_DAG_OWNER='airflow' AIRFLOW_CTX_DAG_ID='hiring_dynamic' AIRFLOW_CTX_TASK_ID='train_logistic_regression' AIRFLOW_CTX_EXECUTION_DATE='2024-11-05T15:00:00+00:00' AIRFLOW_CTX_TRY_NUMBER='1' AIRFLOW_CTX_DAG_RUN_ID='scheduled__2024-11-05T15:00:00+00:00'
[2025-10-28T01:28:22.774+0000] {logging_mixin.py:154} INFO - Entrenando modelo: logistic_regression
[2025-10-28T01:28:31.397+0000] {logging_mixin.py:154} INFO - Modelo logistic_regression guardado en: /opt/airflow/data/dynamic/2024-11-05/models/logistic_regression.joblib
[2025-10-28T01:28:31.436+0000] {python.py:194} INFO - Done. Returned value was: None
[2025-10-28T01:28:31.440+0000] {taskinstance.py:1400} INFO - Marking task as SUCCESS. dag_id=hiring_dynamic, task_id=train_logistic_regression, execution_date=20241105T150000, start_date=20251028T012822, end_date=20251028T012831
[2025-10-28T01:28:31.492+0000] {local_task_job_runner.py:228} INFO - Task exited with return code 0
[2025-10-28T01:28:31.526+0000] {taskinstance.py:2778} INFO - 1 downstream tasks scheduled from follow-on schedule check
