[2025-10-28T00:43:19.449+0000] {taskinstance.py:1159} INFO - Dependencies all met for dep_context=non-requeueable deps ti=<TaskInstance: hiring_dynamic.load_and_merge scheduled__2025-04-05T15:00:00+00:00 [queued]>
[2025-10-28T00:43:19.451+0000] {taskinstance.py:1159} INFO - Dependencies all met for dep_context=requeueable deps ti=<TaskInstance: hiring_dynamic.load_and_merge scheduled__2025-04-05T15:00:00+00:00 [queued]>
[2025-10-28T00:43:19.451+0000] {taskinstance.py:1361} INFO - Starting attempt 1 of 1
[2025-10-28T00:43:19.457+0000] {taskinstance.py:1382} INFO - Executing <Task(PythonOperator): load_and_merge> on 2025-04-05 15:00:00+00:00
[2025-10-28T00:43:19.461+0000] {standard_task_runner.py:57} INFO - Started process 1726 to run task
[2025-10-28T00:43:19.463+0000] {standard_task_runner.py:84} INFO - Running: ['airflow', 'tasks', 'run', 'hiring_dynamic', 'load_and_merge', 'scheduled__2025-04-05T15:00:00+00:00', '--job-id', '76', '--raw', '--subdir', 'DAGS_FOLDER/dag_dynamic.py', '--cfg-path', '/tmp/tmpcfl_s9j1']
[2025-10-28T00:43:19.464+0000] {standard_task_runner.py:85} INFO - Job 76: Subtask load_and_merge
[2025-10-28T00:43:19.480+0000] {task_command.py:416} INFO - Running <TaskInstance: hiring_dynamic.load_and_merge scheduled__2025-04-05T15:00:00+00:00 [running]> on host d1f69dfe6243
[2025-10-28T00:43:19.508+0000] {taskinstance.py:1662} INFO - Exporting env vars: AIRFLOW_CTX_DAG_OWNER='airflow' AIRFLOW_CTX_DAG_ID='hiring_dynamic' AIRFLOW_CTX_TASK_ID='load_and_merge' AIRFLOW_CTX_EXECUTION_DATE='2025-04-05T15:00:00+00:00' AIRFLOW_CTX_TRY_NUMBER='1' AIRFLOW_CTX_DAG_RUN_ID='scheduled__2025-04-05T15:00:00+00:00'
[2025-10-28T00:43:19.509+0000] {logging_mixin.py:154} INFO - Leyendo /opt/airflow/data/dynamic/2025-04-05/raw/data_1.csv
[2025-10-28T00:43:19.513+0000] {logging_mixin.py:154} INFO - Leyendo /opt/airflow/data/dynamic/2025-04-05/raw/data_2.csv
[2025-10-28T00:43:19.519+0000] {logging_mixin.py:154} INFO - Datos concatenados guardados en: /opt/airflow/data/dynamic/2025-04-05/preprocessed/merged_data.csv
[2025-10-28T00:43:19.519+0000] {logging_mixin.py:154} INFO - Forma del dataset: (1500, 11)
[2025-10-28T00:43:19.523+0000] {python.py:194} INFO - Done. Returned value was: None
[2025-10-28T00:43:19.525+0000] {taskinstance.py:1400} INFO - Marking task as SUCCESS. dag_id=hiring_dynamic, task_id=load_and_merge, execution_date=20250405T150000, start_date=20251028T004319, end_date=20251028T004319
[2025-10-28T00:43:19.565+0000] {local_task_job_runner.py:228} INFO - Task exited with return code 0
[2025-10-28T00:43:19.577+0000] {taskinstance.py:2778} INFO - 1 downstream tasks scheduled from follow-on schedule check
[2025-10-28T01:30:02.878+0000] {taskinstance.py:1159} INFO - Dependencies all met for dep_context=non-requeueable deps ti=<TaskInstance: hiring_dynamic.load_and_merge scheduled__2025-04-05T15:00:00+00:00 [queued]>
[2025-10-28T01:30:02.881+0000] {taskinstance.py:1159} INFO - Dependencies all met for dep_context=requeueable deps ti=<TaskInstance: hiring_dynamic.load_and_merge scheduled__2025-04-05T15:00:00+00:00 [queued]>
[2025-10-28T01:30:02.882+0000] {taskinstance.py:1361} INFO - Starting attempt 1 of 1
[2025-10-28T01:30:02.888+0000] {taskinstance.py:1382} INFO - Executing <Task(PythonOperator): load_and_merge> on 2025-04-05 15:00:00+00:00
[2025-10-28T01:30:02.894+0000] {standard_task_runner.py:57} INFO - Started process 1753 to run task
[2025-10-28T01:30:02.898+0000] {standard_task_runner.py:84} INFO - Running: ['airflow', 'tasks', 'run', 'hiring_dynamic', 'load_and_merge', 'scheduled__2025-04-05T15:00:00+00:00', '--job-id', '66', '--raw', '--subdir', 'DAGS_FOLDER/dag_dynamic.py', '--cfg-path', '/tmp/tmpve5s408y']
[2025-10-28T01:30:02.899+0000] {standard_task_runner.py:85} INFO - Job 66: Subtask load_and_merge
[2025-10-28T01:30:02.919+0000] {task_command.py:416} INFO - Running <TaskInstance: hiring_dynamic.load_and_merge scheduled__2025-04-05T15:00:00+00:00 [running]> on host c46dbfd34b1f
[2025-10-28T01:30:02.952+0000] {taskinstance.py:1662} INFO - Exporting env vars: AIRFLOW_CTX_DAG_OWNER='airflow' AIRFLOW_CTX_DAG_ID='hiring_dynamic' AIRFLOW_CTX_TASK_ID='load_and_merge' AIRFLOW_CTX_EXECUTION_DATE='2025-04-05T15:00:00+00:00' AIRFLOW_CTX_TRY_NUMBER='1' AIRFLOW_CTX_DAG_RUN_ID='scheduled__2025-04-05T15:00:00+00:00'
[2025-10-28T01:30:02.953+0000] {logging_mixin.py:154} INFO - Leyendo /opt/airflow/data/dynamic/2025-04-05/raw/data_1.csv
[2025-10-28T01:30:02.958+0000] {logging_mixin.py:154} INFO - Leyendo /opt/airflow/data/dynamic/2025-04-05/raw/data_2.csv
[2025-10-28T01:30:02.968+0000] {logging_mixin.py:154} INFO - Datos concatenados guardados en: /opt/airflow/data/dynamic/2025-04-05/preprocessed/merged_data.csv
[2025-10-28T01:30:02.968+0000] {logging_mixin.py:154} INFO - Forma del dataset: (1500, 11)
[2025-10-28T01:30:02.972+0000] {python.py:194} INFO - Done. Returned value was: None
[2025-10-28T01:30:02.975+0000] {taskinstance.py:1400} INFO - Marking task as SUCCESS. dag_id=hiring_dynamic, task_id=load_and_merge, execution_date=20250405T150000, start_date=20251028T013002, end_date=20251028T013002
[2025-10-28T01:30:02.995+0000] {local_task_job_runner.py:228} INFO - Task exited with return code 0
[2025-10-28T01:30:03.011+0000] {taskinstance.py:2778} INFO - 1 downstream tasks scheduled from follow-on schedule check
