[2025-10-28T00:41:12.560+0000] {taskinstance.py:1159} INFO - Dependencies all met for dep_context=non-requeueable deps ti=<TaskInstance: hiring_dynamic.decide_download scheduled__2025-04-05T15:00:00+00:00 [queued]>
[2025-10-28T00:41:12.563+0000] {taskinstance.py:1159} INFO - Dependencies all met for dep_context=requeueable deps ti=<TaskInstance: hiring_dynamic.decide_download scheduled__2025-04-05T15:00:00+00:00 [queued]>
[2025-10-28T00:41:12.563+0000] {taskinstance.py:1361} INFO - Starting attempt 1 of 1
[2025-10-28T00:41:12.568+0000] {taskinstance.py:1382} INFO - Executing <Task(BranchPythonOperator): decide_download> on 2025-04-05 15:00:00+00:00
[2025-10-28T00:41:12.576+0000] {standard_task_runner.py:57} INFO - Started process 886 to run task
[2025-10-28T00:41:12.580+0000] {standard_task_runner.py:84} INFO - Running: ['airflow', 'tasks', 'run', 'hiring_dynamic', 'decide_download', 'scheduled__2025-04-05T15:00:00+00:00', '--job-id', '39', '--raw', '--subdir', 'DAGS_FOLDER/dag_dynamic.py', '--cfg-path', '/tmp/tmp8lky9rjk']
[2025-10-28T00:41:12.583+0000] {standard_task_runner.py:85} INFO - Job 39: Subtask decide_download
[2025-10-28T00:41:12.604+0000] {task_command.py:416} INFO - Running <TaskInstance: hiring_dynamic.decide_download scheduled__2025-04-05T15:00:00+00:00 [running]> on host d1f69dfe6243
[2025-10-28T00:41:12.628+0000] {taskinstance.py:1662} INFO - Exporting env vars: AIRFLOW_CTX_DAG_OWNER='airflow' AIRFLOW_CTX_DAG_ID='hiring_dynamic' AIRFLOW_CTX_TASK_ID='decide_download' AIRFLOW_CTX_EXECUTION_DATE='2025-04-05T15:00:00+00:00' AIRFLOW_CTX_TRY_NUMBER='1' AIRFLOW_CTX_DAG_RUN_ID='scheduled__2025-04-05T15:00:00+00:00'
[2025-10-28T00:41:12.629+0000] {logging_mixin.py:154} INFO - Fecha 2025-04-05 >= 2024-11-01: descargando data_1 y data_2
[2025-10-28T00:41:12.629+0000] {python.py:194} INFO - Done. Returned value was: ['download_data_1', 'download_data_2']
[2025-10-28T00:41:12.629+0000] {python.py:227} INFO - Branch callable return ['download_data_1', 'download_data_2']
[2025-10-28T00:41:12.629+0000] {skipmixin.py:173} INFO - Following branch ['download_data_1', 'download_data_2']
[2025-10-28T00:41:12.633+0000] {skipmixin.py:239} INFO - Skipping tasks [('download_data_1_only', -1)]
[2025-10-28T00:41:12.643+0000] {taskinstance.py:1400} INFO - Marking task as SUCCESS. dag_id=hiring_dynamic, task_id=decide_download, execution_date=20250405T150000, start_date=20251028T004112, end_date=20251028T004112
[2025-10-28T00:41:12.680+0000] {local_task_job_runner.py:228} INFO - Task exited with return code 0
[2025-10-28T00:41:12.698+0000] {taskinstance.py:2778} INFO - 2 downstream tasks scheduled from follow-on schedule check
[2025-10-28T01:28:01.577+0000] {taskinstance.py:1159} INFO - Dependencies all met for dep_context=non-requeueable deps ti=<TaskInstance: hiring_dynamic.decide_download scheduled__2025-04-05T15:00:00+00:00 [queued]>
[2025-10-28T01:28:01.581+0000] {taskinstance.py:1159} INFO - Dependencies all met for dep_context=requeueable deps ti=<TaskInstance: hiring_dynamic.decide_download scheduled__2025-04-05T15:00:00+00:00 [queued]>
[2025-10-28T01:28:01.581+0000] {taskinstance.py:1361} INFO - Starting attempt 1 of 1
[2025-10-28T01:28:01.590+0000] {taskinstance.py:1382} INFO - Executing <Task(BranchPythonOperator): decide_download> on 2025-04-05 15:00:00+00:00
[2025-10-28T01:28:01.599+0000] {standard_task_runner.py:57} INFO - Started process 1017 to run task
[2025-10-28T01:28:01.603+0000] {standard_task_runner.py:84} INFO - Running: ['airflow', 'tasks', 'run', 'hiring_dynamic', 'decide_download', 'scheduled__2025-04-05T15:00:00+00:00', '--job-id', '33', '--raw', '--subdir', 'DAGS_FOLDER/dag_dynamic.py', '--cfg-path', '/tmp/tmpdk28shuw']
[2025-10-28T01:28:01.604+0000] {standard_task_runner.py:85} INFO - Job 33: Subtask decide_download
[2025-10-28T01:28:01.629+0000] {task_command.py:416} INFO - Running <TaskInstance: hiring_dynamic.decide_download scheduled__2025-04-05T15:00:00+00:00 [running]> on host c46dbfd34b1f
[2025-10-28T01:28:01.661+0000] {taskinstance.py:1662} INFO - Exporting env vars: AIRFLOW_CTX_DAG_OWNER='airflow' AIRFLOW_CTX_DAG_ID='hiring_dynamic' AIRFLOW_CTX_TASK_ID='decide_download' AIRFLOW_CTX_EXECUTION_DATE='2025-04-05T15:00:00+00:00' AIRFLOW_CTX_TRY_NUMBER='1' AIRFLOW_CTX_DAG_RUN_ID='scheduled__2025-04-05T15:00:00+00:00'
[2025-10-28T01:28:01.662+0000] {logging_mixin.py:154} INFO - Fecha 2025-04-05 >= 2024-11-01: descargando data_1 y data_2
[2025-10-28T01:28:01.662+0000] {python.py:194} INFO - Done. Returned value was: ['download_data_1', 'download_data_2']
[2025-10-28T01:28:01.662+0000] {python.py:227} INFO - Branch callable return ['download_data_1', 'download_data_2']
[2025-10-28T01:28:01.662+0000] {skipmixin.py:173} INFO - Following branch ['download_data_1', 'download_data_2']
[2025-10-28T01:28:01.666+0000] {skipmixin.py:239} INFO - Skipping tasks [('download_data_1_only', -1)]
[2025-10-28T01:28:01.678+0000] {taskinstance.py:1400} INFO - Marking task as SUCCESS. dag_id=hiring_dynamic, task_id=decide_download, execution_date=20250405T150000, start_date=20251028T012801, end_date=20251028T012801
[2025-10-28T01:28:01.698+0000] {local_task_job_runner.py:228} INFO - Task exited with return code 0
[2025-10-28T01:28:01.714+0000] {taskinstance.py:2778} INFO - 2 downstream tasks scheduled from follow-on schedule check
