[2025-10-28T00:40:14.592+0000] {taskinstance.py:1159} INFO - Dependencies all met for dep_context=non-requeueable deps ti=<TaskInstance: hiring_dynamic.download_data_2 manual__2025-10-28T00:39:37.435468+00:00 [queued]>
[2025-10-28T00:40:14.596+0000] {taskinstance.py:1159} INFO - Dependencies all met for dep_context=requeueable deps ti=<TaskInstance: hiring_dynamic.download_data_2 manual__2025-10-28T00:39:37.435468+00:00 [queued]>
[2025-10-28T00:40:14.596+0000] {taskinstance.py:1361} INFO - Starting attempt 1 of 1
[2025-10-28T00:40:14.601+0000] {taskinstance.py:1382} INFO - Executing <Task(BashOperator): download_data_2> on 2025-10-28 00:39:37.435468+00:00
[2025-10-28T00:40:14.610+0000] {standard_task_runner.py:57} INFO - Started process 389 to run task
[2025-10-28T00:40:14.613+0000] {standard_task_runner.py:84} INFO - Running: ['airflow', 'tasks', 'run', 'hiring_dynamic', 'download_data_2', 'manual__2025-10-28T00:39:37.435468+00:00', '--job-id', '15', '--raw', '--subdir', 'DAGS_FOLDER/dag_dynamic.py', '--cfg-path', '/tmp/tmp8v93fqy4']
[2025-10-28T00:40:14.613+0000] {standard_task_runner.py:85} INFO - Job 15: Subtask download_data_2
[2025-10-28T00:40:14.629+0000] {task_command.py:416} INFO - Running <TaskInstance: hiring_dynamic.download_data_2 manual__2025-10-28T00:39:37.435468+00:00 [running]> on host d1f69dfe6243
[2025-10-28T00:40:14.651+0000] {taskinstance.py:1662} INFO - Exporting env vars: AIRFLOW_CTX_DAG_OWNER='airflow' AIRFLOW_CTX_DAG_ID='hiring_dynamic' AIRFLOW_CTX_TASK_ID='download_data_2' AIRFLOW_CTX_EXECUTION_DATE='2025-10-28T00:39:37.435468+00:00' AIRFLOW_CTX_TRY_NUMBER='1' AIRFLOW_CTX_DAG_RUN_ID='manual__2025-10-28T00:39:37.435468+00:00'
[2025-10-28T00:40:14.652+0000] {subprocess.py:63} INFO - Tmp dir root location: /tmp
[2025-10-28T00:40:14.652+0000] {subprocess.py:75} INFO - Running command: ['/bin/bash', '-c', '\n        RAW_DIR="/opt/airflow/data/dynamic/2025-10-28/raw"\n        mkdir -p "$RAW_DIR"\n        curl -L -f -o "$RAW_DIR/data_2.csv" https://gitlab.com/eduardomoyab/laboratorio-13/-/raw/main/files/data_2.csv\n        echo \'✅ Archivo data_2.csv descargado exitosamente\'\n        ls -lh "$RAW_DIR/data_2.csv"\n    ']
[2025-10-28T00:40:14.660+0000] {subprocess.py:86} INFO - Output:
[2025-10-28T00:40:14.667+0000] {subprocess.py:93} INFO -   % Total    % Received % Xferd  Average Speed   Time    Time     Time  Current
[2025-10-28T00:40:14.667+0000] {subprocess.py:93} INFO -                                  Dload  Upload   Total   Spent    Left  Speed
[2025-10-28T00:40:14.744+0000] {subprocess.py:93} INFO -   0     0    0     0    0     0      0      0 --:--:-- --:--:-- --:--:--     0100 32687  100 32687    0     0   414k      0 --:--:-- --:--:-- --:--:--  420k
[2025-10-28T00:40:14.745+0000] {subprocess.py:93} INFO - ✅ Archivo data_2.csv descargado exitosamente
[2025-10-28T00:40:14.747+0000] {subprocess.py:93} INFO - -rw-r--r-- 1 airflow root 32K Oct 28 00:40 /opt/airflow/data/dynamic/2025-10-28/raw/data_2.csv
[2025-10-28T00:40:14.748+0000] {subprocess.py:97} INFO - Command exited with return code 0
[2025-10-28T00:40:14.759+0000] {taskinstance.py:1400} INFO - Marking task as SUCCESS. dag_id=hiring_dynamic, task_id=download_data_2, execution_date=20251028T003937, start_date=20251028T004014, end_date=20251028T004014
[2025-10-28T00:40:14.804+0000] {local_task_job_runner.py:228} INFO - Task exited with return code 0
[2025-10-28T00:40:14.816+0000] {taskinstance.py:2778} INFO - 0 downstream tasks scheduled from follow-on schedule check
