[2025-10-28T00:42:02.304+0000] {taskinstance.py:1159} INFO - Dependencies all met for dep_context=non-requeueable deps ti=<TaskInstance: hiring_dynamic.decide_download scheduled__2025-05-05T15:00:00+00:00 [queued]>
[2025-10-28T00:42:02.307+0000] {taskinstance.py:1159} INFO - Dependencies all met for dep_context=requeueable deps ti=<TaskInstance: hiring_dynamic.decide_download scheduled__2025-05-05T15:00:00+00:00 [queued]>
[2025-10-28T00:42:02.307+0000] {taskinstance.py:1361} INFO - Starting attempt 1 of 1
[2025-10-28T00:42:02.313+0000] {taskinstance.py:1382} INFO - Executing <Task(BranchPythonOperator): decide_download> on 2025-05-05 15:00:00+00:00
[2025-10-28T00:42:02.326+0000] {standard_task_runner.py:57} INFO - Started process 1187 to run task
[2025-10-28T00:42:02.330+0000] {standard_task_runner.py:84} INFO - Running: ['airflow', 'tasks', 'run', 'hiring_dynamic', 'decide_download', 'scheduled__2025-05-05T15:00:00+00:00', '--job-id', '52', '--raw', '--subdir', 'DAGS_FOLDER/dag_dynamic.py', '--cfg-path', '/tmp/tmpbfk4tccl']
[2025-10-28T00:42:02.331+0000] {standard_task_runner.py:85} INFO - Job 52: Subtask decide_download
[2025-10-28T00:42:02.363+0000] {task_command.py:416} INFO - Running <TaskInstance: hiring_dynamic.decide_download scheduled__2025-05-05T15:00:00+00:00 [running]> on host d1f69dfe6243
[2025-10-28T00:42:02.394+0000] {taskinstance.py:1662} INFO - Exporting env vars: AIRFLOW_CTX_DAG_OWNER='airflow' AIRFLOW_CTX_DAG_ID='hiring_dynamic' AIRFLOW_CTX_TASK_ID='decide_download' AIRFLOW_CTX_EXECUTION_DATE='2025-05-05T15:00:00+00:00' AIRFLOW_CTX_TRY_NUMBER='1' AIRFLOW_CTX_DAG_RUN_ID='scheduled__2025-05-05T15:00:00+00:00'
[2025-10-28T00:42:02.395+0000] {logging_mixin.py:154} INFO - Fecha 2025-05-05 >= 2024-11-01: descargando data_1 y data_2
[2025-10-28T00:42:02.395+0000] {python.py:194} INFO - Done. Returned value was: ['download_data_1', 'download_data_2']
[2025-10-28T00:42:02.395+0000] {python.py:227} INFO - Branch callable return ['download_data_1', 'download_data_2']
[2025-10-28T00:42:02.395+0000] {skipmixin.py:173} INFO - Following branch ['download_data_1', 'download_data_2']
[2025-10-28T00:42:02.399+0000] {skipmixin.py:239} INFO - Skipping tasks [('download_data_1_only', -1)]
[2025-10-28T00:42:02.411+0000] {taskinstance.py:1400} INFO - Marking task as SUCCESS. dag_id=hiring_dynamic, task_id=decide_download, execution_date=20250505T150000, start_date=20251028T004202, end_date=20251028T004202
[2025-10-28T00:42:02.427+0000] {local_task_job_runner.py:228} INFO - Task exited with return code 0
[2025-10-28T00:42:02.443+0000] {taskinstance.py:2778} INFO - 2 downstream tasks scheduled from follow-on schedule check
[2025-10-28T01:28:39.668+0000] {taskinstance.py:1159} INFO - Dependencies all met for dep_context=non-requeueable deps ti=<TaskInstance: hiring_dynamic.decide_download scheduled__2025-05-05T15:00:00+00:00 [queued]>
[2025-10-28T01:28:39.671+0000] {taskinstance.py:1159} INFO - Dependencies all met for dep_context=requeueable deps ti=<TaskInstance: hiring_dynamic.decide_download scheduled__2025-05-05T15:00:00+00:00 [queued]>
[2025-10-28T01:28:39.671+0000] {taskinstance.py:1361} INFO - Starting attempt 1 of 1
[2025-10-28T01:28:39.676+0000] {taskinstance.py:1382} INFO - Executing <Task(BranchPythonOperator): decide_download> on 2025-05-05 15:00:00+00:00
[2025-10-28T01:28:39.679+0000] {standard_task_runner.py:57} INFO - Started process 1242 to run task
[2025-10-28T01:28:39.682+0000] {standard_task_runner.py:84} INFO - Running: ['airflow', 'tasks', 'run', 'hiring_dynamic', 'decide_download', 'scheduled__2025-05-05T15:00:00+00:00', '--job-id', '43', '--raw', '--subdir', 'DAGS_FOLDER/dag_dynamic.py', '--cfg-path', '/tmp/tmpkwo9ujoj']
[2025-10-28T01:28:39.683+0000] {standard_task_runner.py:85} INFO - Job 43: Subtask decide_download
[2025-10-28T01:28:39.699+0000] {task_command.py:416} INFO - Running <TaskInstance: hiring_dynamic.decide_download scheduled__2025-05-05T15:00:00+00:00 [running]> on host c46dbfd34b1f
[2025-10-28T01:28:39.722+0000] {taskinstance.py:1662} INFO - Exporting env vars: AIRFLOW_CTX_DAG_OWNER='airflow' AIRFLOW_CTX_DAG_ID='hiring_dynamic' AIRFLOW_CTX_TASK_ID='decide_download' AIRFLOW_CTX_EXECUTION_DATE='2025-05-05T15:00:00+00:00' AIRFLOW_CTX_TRY_NUMBER='1' AIRFLOW_CTX_DAG_RUN_ID='scheduled__2025-05-05T15:00:00+00:00'
[2025-10-28T01:28:39.723+0000] {logging_mixin.py:154} INFO - Fecha 2025-05-05 >= 2024-11-01: descargando data_1 y data_2
[2025-10-28T01:28:39.723+0000] {python.py:194} INFO - Done. Returned value was: ['download_data_1', 'download_data_2']
[2025-10-28T01:28:39.723+0000] {python.py:227} INFO - Branch callable return ['download_data_1', 'download_data_2']
[2025-10-28T01:28:39.723+0000] {skipmixin.py:173} INFO - Following branch ['download_data_1', 'download_data_2']
[2025-10-28T01:28:39.727+0000] {skipmixin.py:239} INFO - Skipping tasks [('download_data_1_only', -1)]
[2025-10-28T01:28:39.738+0000] {taskinstance.py:1400} INFO - Marking task as SUCCESS. dag_id=hiring_dynamic, task_id=decide_download, execution_date=20250505T150000, start_date=20251028T012839, end_date=20251028T012839
[2025-10-28T01:28:39.779+0000] {local_task_job_runner.py:228} INFO - Task exited with return code 0
[2025-10-28T01:28:39.796+0000] {taskinstance.py:2778} INFO - 2 downstream tasks scheduled from follow-on schedule check
