[2025-10-28T22:06:29.832+0000] {taskinstance.py:1159} INFO - Dependencies all met for dep_context=non-requeueable deps ti=<TaskInstance: sodai_drinks_production_pipeline.extract_data scheduled__2025-10-19T00:00:00+00:00 [queued]>
[2025-10-28T22:06:29.840+0000] {taskinstance.py:1159} INFO - Dependencies all met for dep_context=requeueable deps ti=<TaskInstance: sodai_drinks_production_pipeline.extract_data scheduled__2025-10-19T00:00:00+00:00 [queued]>
[2025-10-28T22:06:29.841+0000] {taskinstance.py:1361} INFO - Starting attempt 3 of 4
[2025-10-28T22:06:29.873+0000] {taskinstance.py:1382} INFO - Executing <Task(PythonOperator): extract_data> on 2025-10-19 00:00:00+00:00
[2025-10-28T22:06:29.917+0000] {standard_task_runner.py:57} INFO - Started process 917 to run task
[2025-10-28T22:06:29.943+0000] {standard_task_runner.py:84} INFO - Running: ['***', 'tasks', 'run', 'sodai_drinks_production_pipeline', 'extract_data', 'scheduled__2025-10-19T00:00:00+00:00', '--job-id', '29', '--raw', '--subdir', 'DAGS_FOLDER/pipeline_productivo.py', '--cfg-path', '/tmp/tmp3xstydx9']
[2025-10-28T22:06:29.971+0000] {standard_task_runner.py:85} INFO - Job 29: Subtask extract_data
[2025-10-28T22:06:30.323+0000] {task_command.py:416} INFO - Running <TaskInstance: sodai_drinks_production_pipeline.extract_data scheduled__2025-10-19T00:00:00+00:00 [running]> on host ee70ee0df05e
[2025-10-28T22:06:30.555+0000] {taskinstance.py:1662} INFO - Exporting env vars: AIRFLOW_CTX_DAG_EMAIL='team@sodaidrinks.com' AIRFLOW_CTX_DAG_OWNER='sodai_drinks_team' AIRFLOW_CTX_DAG_ID='sodai_drinks_production_pipeline' AIRFLOW_CTX_TASK_ID='extract_data' AIRFLOW_CTX_EXECUTION_DATE='2025-10-19T00:00:00+00:00' AIRFLOW_CTX_TRY_NUMBER='3' AIRFLOW_CTX_DAG_RUN_ID='scheduled__2025-10-19T00:00:00+00:00'
[2025-10-28T22:06:30.571+0000] {data_extraction.py:24} INFO - Iniciando extracción de datos...
[2025-10-28T22:06:31.456+0000] {data_extraction.py:47} INFO - Transacciones cargadas: 254936 registros
[2025-10-28T22:06:31.458+0000] {data_extraction.py:48} INFO - Clientes cargados: 1569 registros
[2025-10-28T22:06:31.458+0000] {data_extraction.py:49} INFO - Productos cargados: 971 registros
[2025-10-28T22:06:32.034+0000] {data_extraction.py:65} INFO - Fecha máxima en datos: 2024-12-31 00:00:00
[2025-10-28T22:06:32.064+0000] {data_extraction.py:68} INFO - Extracción de datos completada exitosamente
[2025-10-28T22:06:32.073+0000] {python.py:194} INFO - Done. Returned value was: {'status': 'success', 'transacciones_count': 254936, 'clientes_count': 1569, 'productos_count': 971, 'max_date': '2024-12-31T00:00:00'}
[2025-10-28T22:06:32.097+0000] {taskinstance.py:1400} INFO - Marking task as SUCCESS. dag_id=sodai_drinks_production_pipeline, task_id=extract_data, execution_date=20251019T000000, start_date=20251028T220629, end_date=20251028T220632
[2025-10-28T22:06:32.171+0000] {local_task_job_runner.py:228} INFO - Task exited with return code 0
[2025-10-28T22:06:32.233+0000] {taskinstance.py:2778} INFO - 1 downstream tasks scheduled from follow-on schedule check
[2025-10-28T22:52:34.849+0000] {taskinstance.py:1159} INFO - Dependencies all met for dep_context=non-requeueable deps ti=<TaskInstance: sodai_drinks_production_pipeline.extract_data scheduled__2025-10-19T00:00:00+00:00 [queued]>
[2025-10-28T22:52:34.864+0000] {taskinstance.py:1159} INFO - Dependencies all met for dep_context=requeueable deps ti=<TaskInstance: sodai_drinks_production_pipeline.extract_data scheduled__2025-10-19T00:00:00+00:00 [queued]>
[2025-10-28T22:52:34.864+0000] {taskinstance.py:1361} INFO - Starting attempt 3 of 4
[2025-10-28T22:52:34.884+0000] {taskinstance.py:1382} INFO - Executing <Task(PythonOperator): extract_data> on 2025-10-19 00:00:00+00:00
[2025-10-28T22:52:34.905+0000] {standard_task_runner.py:57} INFO - Started process 259 to run task
[2025-10-28T22:52:34.910+0000] {standard_task_runner.py:84} INFO - Running: ['***', 'tasks', 'run', 'sodai_drinks_production_pipeline', 'extract_data', 'scheduled__2025-10-19T00:00:00+00:00', '--job-id', '58', '--raw', '--subdir', 'DAGS_FOLDER/pipeline_productivo.py', '--cfg-path', '/tmp/tmpftp8z2r0']
[2025-10-28T22:52:34.915+0000] {standard_task_runner.py:85} INFO - Job 58: Subtask extract_data
[2025-10-28T22:52:35.007+0000] {task_command.py:416} INFO - Running <TaskInstance: sodai_drinks_production_pipeline.extract_data scheduled__2025-10-19T00:00:00+00:00 [running]> on host ee70ee0df05e
[2025-10-28T22:52:35.072+0000] {taskinstance.py:1662} INFO - Exporting env vars: AIRFLOW_CTX_DAG_EMAIL='team@sodaidrinks.com' AIRFLOW_CTX_DAG_OWNER='sodai_drinks_team' AIRFLOW_CTX_DAG_ID='sodai_drinks_production_pipeline' AIRFLOW_CTX_TASK_ID='extract_data' AIRFLOW_CTX_EXECUTION_DATE='2025-10-19T00:00:00+00:00' AIRFLOW_CTX_TRY_NUMBER='3' AIRFLOW_CTX_DAG_RUN_ID='scheduled__2025-10-19T00:00:00+00:00'
[2025-10-28T22:52:35.073+0000] {data_extraction.py:24} INFO - Iniciando extracción de datos...
[2025-10-28T22:52:35.328+0000] {data_extraction.py:47} INFO - Transacciones cargadas: 254936 registros
[2025-10-28T22:52:35.329+0000] {data_extraction.py:48} INFO - Clientes cargados: 1569 registros
[2025-10-28T22:52:35.329+0000] {data_extraction.py:49} INFO - Productos cargados: 971 registros
[2025-10-28T22:52:35.483+0000] {data_extraction.py:65} INFO - Fecha máxima en datos: 2024-12-31 00:00:00
[2025-10-28T22:52:35.516+0000] {data_extraction.py:68} INFO - Extracción de datos completada exitosamente
[2025-10-28T22:52:35.517+0000] {python.py:194} INFO - Done. Returned value was: {'status': 'success', 'transacciones_count': 254936, 'clientes_count': 1569, 'productos_count': 971, 'max_date': '2024-12-31T00:00:00'}
[2025-10-28T22:52:35.530+0000] {taskinstance.py:1400} INFO - Marking task as SUCCESS. dag_id=sodai_drinks_production_pipeline, task_id=extract_data, execution_date=20251019T000000, start_date=20251028T225234, end_date=20251028T225235
[2025-10-28T22:52:35.596+0000] {local_task_job_runner.py:228} INFO - Task exited with return code 0
[2025-10-28T22:52:36.236+0000] {taskinstance.py:2778} INFO - 1 downstream tasks scheduled from follow-on schedule check
