[2025-10-28T21:26:11.565+0000] {taskinstance.py:1159} INFO - Dependencies all met for dep_context=non-requeueable deps ti=<TaskInstance: sodai_drinks_production_pipeline.extract_data scheduled__2025-10-19T00:00:00+00:00 [queued]>
[2025-10-28T21:26:11.586+0000] {taskinstance.py:1159} INFO - Dependencies all met for dep_context=requeueable deps ti=<TaskInstance: sodai_drinks_production_pipeline.extract_data scheduled__2025-10-19T00:00:00+00:00 [queued]>
[2025-10-28T21:26:11.588+0000] {taskinstance.py:1361} INFO - Starting attempt 1 of 2
[2025-10-28T21:26:11.635+0000] {taskinstance.py:1382} INFO - Executing <Task(PythonOperator): extract_data> on 2025-10-19 00:00:00+00:00
[2025-10-28T21:26:11.732+0000] {standard_task_runner.py:57} INFO - Started process 343 to run task
[2025-10-28T21:26:11.751+0000] {standard_task_runner.py:84} INFO - Running: ['***', 'tasks', 'run', 'sodai_drinks_production_pipeline', 'extract_data', 'scheduled__2025-10-19T00:00:00+00:00', '--job-id', '2', '--raw', '--subdir', 'DAGS_FOLDER/pipeline_productivo.py', '--cfg-path', '/tmp/tmp9zx5_5xp']
[2025-10-28T21:26:11.772+0000] {standard_task_runner.py:85} INFO - Job 2: Subtask extract_data
[2025-10-28T21:26:12.319+0000] {task_command.py:416} INFO - Running <TaskInstance: sodai_drinks_production_pipeline.extract_data scheduled__2025-10-19T00:00:00+00:00 [running]> on host ee70ee0df05e
[2025-10-28T21:26:13.398+0000] {taskinstance.py:1662} INFO - Exporting env vars: AIRFLOW_CTX_DAG_EMAIL='team@sodaidrinks.com' AIRFLOW_CTX_DAG_OWNER='sodai_drinks_team' AIRFLOW_CTX_DAG_ID='sodai_drinks_production_pipeline' AIRFLOW_CTX_TASK_ID='extract_data' AIRFLOW_CTX_EXECUTION_DATE='2025-10-19T00:00:00+00:00' AIRFLOW_CTX_TRY_NUMBER='1' AIRFLOW_CTX_DAG_RUN_ID='scheduled__2025-10-19T00:00:00+00:00'
[2025-10-28T21:26:13.439+0000] {data_extraction.py:24} INFO - Iniciando extracción de datos...
[2025-10-28T21:26:14.233+0000] {data_extraction.py:47} INFO - Transacciones cargadas: 254936 registros
[2025-10-28T21:26:14.237+0000] {data_extraction.py:48} INFO - Clientes cargados: 1569 registros
[2025-10-28T21:26:14.238+0000] {data_extraction.py:49} INFO - Productos cargados: 971 registros
[2025-10-28T21:26:16.194+0000] {data_extraction.py:65} INFO - Fecha máxima en datos: 2024-12-31 00:00:00
[2025-10-28T21:26:16.270+0000] {data_extraction.py:68} INFO - Extracción de datos completada exitosamente
[2025-10-28T21:26:16.275+0000] {python.py:194} INFO - Done. Returned value was: {'status': 'success', 'transacciones_count': 254936, 'clientes_count': 1569, 'productos_count': 971, 'max_date': '2024-12-31T00:00:00'}
[2025-10-28T21:26:16.322+0000] {taskinstance.py:1400} INFO - Marking task as SUCCESS. dag_id=sodai_drinks_production_pipeline, task_id=extract_data, execution_date=20251019T000000, start_date=20251028T212611, end_date=20251028T212616
[2025-10-28T21:26:16.408+0000] {local_task_job_runner.py:228} INFO - Task exited with return code 0
[2025-10-28T21:26:16.534+0000] {taskinstance.py:2778} INFO - 1 downstream tasks scheduled from follow-on schedule check
[2025-10-28T22:25:36.219+0000] {taskinstance.py:1159} INFO - Dependencies all met for dep_context=non-requeueable deps ti=<TaskInstance: sodai_drinks_production_pipeline.extract_data scheduled__2025-10-19T00:00:00+00:00 [queued]>
[2025-10-28T22:25:36.231+0000] {taskinstance.py:1159} INFO - Dependencies all met for dep_context=requeueable deps ti=<TaskInstance: sodai_drinks_production_pipeline.extract_data scheduled__2025-10-19T00:00:00+00:00 [queued]>
[2025-10-28T22:25:36.233+0000] {taskinstance.py:1361} INFO - Starting attempt 1 of 2
[2025-10-28T22:25:36.250+0000] {taskinstance.py:1382} INFO - Executing <Task(PythonOperator): extract_data> on 2025-10-19 00:00:00+00:00
[2025-10-28T22:25:36.270+0000] {standard_task_runner.py:57} INFO - Started process 3038 to run task
[2025-10-28T22:25:36.288+0000] {standard_task_runner.py:84} INFO - Running: ['***', 'tasks', 'run', 'sodai_drinks_production_pipeline', 'extract_data', 'scheduled__2025-10-19T00:00:00+00:00', '--job-id', '38', '--raw', '--subdir', 'DAGS_FOLDER/pipeline_productivo.py', '--cfg-path', '/tmp/tmp9mct88j6']
[2025-10-28T22:25:36.309+0000] {standard_task_runner.py:85} INFO - Job 38: Subtask extract_data
[2025-10-28T22:25:36.491+0000] {task_command.py:416} INFO - Running <TaskInstance: sodai_drinks_production_pipeline.extract_data scheduled__2025-10-19T00:00:00+00:00 [running]> on host ee70ee0df05e
[2025-10-28T22:25:36.590+0000] {taskinstance.py:1662} INFO - Exporting env vars: AIRFLOW_CTX_DAG_EMAIL='team@sodaidrinks.com' AIRFLOW_CTX_DAG_OWNER='sodai_drinks_team' AIRFLOW_CTX_DAG_ID='sodai_drinks_production_pipeline' AIRFLOW_CTX_TASK_ID='extract_data' AIRFLOW_CTX_EXECUTION_DATE='2025-10-19T00:00:00+00:00' AIRFLOW_CTX_TRY_NUMBER='1' AIRFLOW_CTX_DAG_RUN_ID='scheduled__2025-10-19T00:00:00+00:00'
[2025-10-28T22:25:36.595+0000] {data_extraction.py:24} INFO - Iniciando extracción de datos...
[2025-10-28T22:25:36.987+0000] {data_extraction.py:47} INFO - Transacciones cargadas: 254936 registros
[2025-10-28T22:25:36.987+0000] {data_extraction.py:48} INFO - Clientes cargados: 1569 registros
[2025-10-28T22:25:36.987+0000] {data_extraction.py:49} INFO - Productos cargados: 971 registros
[2025-10-28T22:25:37.088+0000] {data_extraction.py:65} INFO - Fecha máxima en datos: 2024-12-31 00:00:00
[2025-10-28T22:25:37.100+0000] {data_extraction.py:68} INFO - Extracción de datos completada exitosamente
[2025-10-28T22:25:37.100+0000] {python.py:194} INFO - Done. Returned value was: {'status': 'success', 'transacciones_count': 254936, 'clientes_count': 1569, 'productos_count': 971, 'max_date': '2024-12-31T00:00:00'}
[2025-10-28T22:25:37.110+0000] {taskinstance.py:1400} INFO - Marking task as SUCCESS. dag_id=sodai_drinks_production_pipeline, task_id=extract_data, execution_date=20251019T000000, start_date=20251028T222536, end_date=20251028T222537
[2025-10-28T22:25:37.128+0000] {local_task_job_runner.py:228} INFO - Task exited with return code 0
[2025-10-28T22:25:37.165+0000] {taskinstance.py:2778} INFO - 1 downstream tasks scheduled from follow-on schedule check
[2025-10-28T23:23:29.662+0000] {taskinstance.py:1159} INFO - Dependencies all met for dep_context=non-requeueable deps ti=<TaskInstance: sodai_drinks_production_pipeline.extract_data scheduled__2025-10-19T00:00:00+00:00 [queued]>
[2025-10-28T23:23:29.666+0000] {taskinstance.py:1159} INFO - Dependencies all met for dep_context=requeueable deps ti=<TaskInstance: sodai_drinks_production_pipeline.extract_data scheduled__2025-10-19T00:00:00+00:00 [queued]>
[2025-10-28T23:23:29.666+0000] {taskinstance.py:1361} INFO - Starting attempt 1 of 2
[2025-10-28T23:23:29.672+0000] {taskinstance.py:1382} INFO - Executing <Task(PythonOperator): extract_data> on 2025-10-19 00:00:00+00:00
[2025-10-28T23:23:29.686+0000] {standard_task_runner.py:57} INFO - Started process 426 to run task
[2025-10-28T23:23:29.691+0000] {standard_task_runner.py:84} INFO - Running: ['***', 'tasks', 'run', 'sodai_drinks_production_pipeline', 'extract_data', 'scheduled__2025-10-19T00:00:00+00:00', '--job-id', '88', '--raw', '--subdir', 'DAGS_FOLDER/pipeline_productivo.py', '--cfg-path', '/tmp/tmp6_u1jto1']
[2025-10-28T23:23:29.693+0000] {standard_task_runner.py:85} INFO - Job 88: Subtask extract_data
[2025-10-28T23:23:29.724+0000] {task_command.py:416} INFO - Running <TaskInstance: sodai_drinks_production_pipeline.extract_data scheduled__2025-10-19T00:00:00+00:00 [running]> on host ee70ee0df05e
[2025-10-28T23:23:29.768+0000] {taskinstance.py:1662} INFO - Exporting env vars: AIRFLOW_CTX_DAG_EMAIL='team@sodaidrinks.com' AIRFLOW_CTX_DAG_OWNER='sodai_drinks_team' AIRFLOW_CTX_DAG_ID='sodai_drinks_production_pipeline' AIRFLOW_CTX_TASK_ID='extract_data' AIRFLOW_CTX_EXECUTION_DATE='2025-10-19T00:00:00+00:00' AIRFLOW_CTX_TRY_NUMBER='1' AIRFLOW_CTX_DAG_RUN_ID='scheduled__2025-10-19T00:00:00+00:00'
[2025-10-28T23:23:29.770+0000] {data_extraction.py:24} INFO - Iniciando extracción de datos...
[2025-10-28T23:23:30.027+0000] {data_extraction.py:47} INFO - Transacciones cargadas: 254936 registros
[2025-10-28T23:23:30.027+0000] {data_extraction.py:48} INFO - Clientes cargados: 1569 registros
[2025-10-28T23:23:30.027+0000] {data_extraction.py:49} INFO - Productos cargados: 971 registros
[2025-10-28T23:23:30.541+0000] {data_extraction.py:65} INFO - Fecha máxima en datos: 2024-12-31 00:00:00
[2025-10-28T23:23:30.600+0000] {data_extraction.py:68} INFO - Extracción de datos completada exitosamente
[2025-10-28T23:23:30.602+0000] {python.py:194} INFO - Done. Returned value was: {'status': 'success', 'transacciones_count': 254936, 'clientes_count': 1569, 'productos_count': 971, 'max_date': '2024-12-31T00:00:00'}
[2025-10-28T23:23:30.637+0000] {taskinstance.py:1400} INFO - Marking task as SUCCESS. dag_id=sodai_drinks_production_pipeline, task_id=extract_data, execution_date=20251019T000000, start_date=20251028T232329, end_date=20251028T232330
[2025-10-28T23:23:30.701+0000] {local_task_job_runner.py:228} INFO - Task exited with return code 0
[2025-10-28T23:23:30.753+0000] {taskinstance.py:2778} INFO - 1 downstream tasks scheduled from follow-on schedule check
[2025-10-28T23:44:44.801+0000] {taskinstance.py:1159} INFO - Dependencies all met for dep_context=non-requeueable deps ti=<TaskInstance: sodai_drinks_production_pipeline.extract_data scheduled__2025-10-19T00:00:00+00:00 [queued]>
[2025-10-28T23:44:44.807+0000] {taskinstance.py:1159} INFO - Dependencies all met for dep_context=requeueable deps ti=<TaskInstance: sodai_drinks_production_pipeline.extract_data scheduled__2025-10-19T00:00:00+00:00 [queued]>
[2025-10-28T23:44:44.807+0000] {taskinstance.py:1361} INFO - Starting attempt 1 of 2
[2025-10-28T23:44:44.815+0000] {taskinstance.py:1382} INFO - Executing <Task(PythonOperator): extract_data> on 2025-10-19 00:00:00+00:00
[2025-10-28T23:44:44.834+0000] {standard_task_runner.py:57} INFO - Started process 457 to run task
[2025-10-28T23:44:44.837+0000] {standard_task_runner.py:84} INFO - Running: ['***', 'tasks', 'run', 'sodai_drinks_production_pipeline', 'extract_data', 'scheduled__2025-10-19T00:00:00+00:00', '--job-id', '105', '--raw', '--subdir', 'DAGS_FOLDER/pipeline_productivo.py', '--cfg-path', '/tmp/tmpxjsspzqo']
[2025-10-28T23:44:44.840+0000] {standard_task_runner.py:85} INFO - Job 105: Subtask extract_data
[2025-10-28T23:44:44.878+0000] {task_command.py:416} INFO - Running <TaskInstance: sodai_drinks_production_pipeline.extract_data scheduled__2025-10-19T00:00:00+00:00 [running]> on host ee70ee0df05e
[2025-10-28T23:44:44.927+0000] {taskinstance.py:1662} INFO - Exporting env vars: AIRFLOW_CTX_DAG_EMAIL='team@sodaidrinks.com' AIRFLOW_CTX_DAG_OWNER='sodai_drinks_team' AIRFLOW_CTX_DAG_ID='sodai_drinks_production_pipeline' AIRFLOW_CTX_TASK_ID='extract_data' AIRFLOW_CTX_EXECUTION_DATE='2025-10-19T00:00:00+00:00' AIRFLOW_CTX_TRY_NUMBER='1' AIRFLOW_CTX_DAG_RUN_ID='scheduled__2025-10-19T00:00:00+00:00'
[2025-10-28T23:44:44.928+0000] {data_extraction.py:24} INFO - Iniciando extracción de datos...
[2025-10-28T23:44:45.014+0000] {data_extraction.py:47} INFO - Transacciones cargadas: 254936 registros
[2025-10-28T23:44:45.015+0000] {data_extraction.py:48} INFO - Clientes cargados: 1569 registros
[2025-10-28T23:44:45.015+0000] {data_extraction.py:49} INFO - Productos cargados: 971 registros
[2025-10-28T23:44:45.064+0000] {data_extraction.py:65} INFO - Fecha máxima en datos: 2024-12-31 00:00:00
[2025-10-28T23:44:45.072+0000] {data_extraction.py:68} INFO - Extracción de datos completada exitosamente
[2025-10-28T23:44:45.072+0000] {python.py:194} INFO - Done. Returned value was: {'status': 'success', 'transacciones_count': 254936, 'clientes_count': 1569, 'productos_count': 971, 'max_date': '2024-12-31T00:00:00'}
[2025-10-28T23:44:45.082+0000] {taskinstance.py:1400} INFO - Marking task as SUCCESS. dag_id=sodai_drinks_production_pipeline, task_id=extract_data, execution_date=20251019T000000, start_date=20251028T234444, end_date=20251028T234445
[2025-10-28T23:44:45.101+0000] {local_task_job_runner.py:228} INFO - Task exited with return code 0
[2025-10-28T23:44:45.122+0000] {taskinstance.py:2778} INFO - 1 downstream tasks scheduled from follow-on schedule check
[2025-10-29T00:59:24.650+0000] {taskinstance.py:1159} INFO - Dependencies all met for dep_context=non-requeueable deps ti=<TaskInstance: sodai_drinks_production_pipeline.extract_data scheduled__2025-10-19T00:00:00+00:00 [queued]>
[2025-10-29T00:59:24.656+0000] {taskinstance.py:1159} INFO - Dependencies all met for dep_context=requeueable deps ti=<TaskInstance: sodai_drinks_production_pipeline.extract_data scheduled__2025-10-19T00:00:00+00:00 [queued]>
[2025-10-29T00:59:24.656+0000] {taskinstance.py:1361} INFO - Starting attempt 1 of 2
[2025-10-29T00:59:24.664+0000] {taskinstance.py:1382} INFO - Executing <Task(PythonOperator): extract_data> on 2025-10-19 00:00:00+00:00
[2025-10-29T00:59:24.699+0000] {standard_task_runner.py:57} INFO - Started process 214 to run task
[2025-10-29T00:59:24.716+0000] {standard_task_runner.py:84} INFO - Running: ['***', 'tasks', 'run', 'sodai_drinks_production_pipeline', 'extract_data', 'scheduled__2025-10-19T00:00:00+00:00', '--job-id', '115', '--raw', '--subdir', 'DAGS_FOLDER/pipeline_productivo.py', '--cfg-path', '/tmp/tmp5r1w029c']
[2025-10-29T00:59:24.722+0000] {standard_task_runner.py:85} INFO - Job 115: Subtask extract_data
[2025-10-29T00:59:24.847+0000] {task_command.py:416} INFO - Running <TaskInstance: sodai_drinks_production_pipeline.extract_data scheduled__2025-10-19T00:00:00+00:00 [running]> on host ee70ee0df05e
[2025-10-29T00:59:25.492+0000] {taskinstance.py:1662} INFO - Exporting env vars: AIRFLOW_CTX_DAG_EMAIL='team@sodaidrinks.com' AIRFLOW_CTX_DAG_OWNER='sodai_drinks_team' AIRFLOW_CTX_DAG_ID='sodai_drinks_production_pipeline' AIRFLOW_CTX_TASK_ID='extract_data' AIRFLOW_CTX_EXECUTION_DATE='2025-10-19T00:00:00+00:00' AIRFLOW_CTX_TRY_NUMBER='1' AIRFLOW_CTX_DAG_RUN_ID='scheduled__2025-10-19T00:00:00+00:00'
[2025-10-29T00:59:25.515+0000] {data_extraction.py:24} INFO - Iniciando extracción de datos...
[2025-10-29T00:59:25.916+0000] {data_extraction.py:47} INFO - Transacciones cargadas: 254936 registros
[2025-10-29T00:59:25.916+0000] {data_extraction.py:48} INFO - Clientes cargados: 1569 registros
[2025-10-29T00:59:25.916+0000] {data_extraction.py:49} INFO - Productos cargados: 971 registros
[2025-10-29T00:59:26.025+0000] {data_extraction.py:65} INFO - Fecha máxima en datos: 2024-12-31 00:00:00
[2025-10-29T00:59:26.032+0000] {data_extraction.py:68} INFO - Extracción de datos completada exitosamente
[2025-10-29T00:59:26.032+0000] {python.py:194} INFO - Done. Returned value was: {'status': 'success', 'transacciones_count': 254936, 'clientes_count': 1569, 'productos_count': 971, 'max_date': '2024-12-31T00:00:00'}
[2025-10-29T00:59:26.045+0000] {taskinstance.py:1400} INFO - Marking task as SUCCESS. dag_id=sodai_drinks_production_pipeline, task_id=extract_data, execution_date=20251019T000000, start_date=20251029T005924, end_date=20251029T005926
[2025-10-29T00:59:26.116+0000] {local_task_job_runner.py:228} INFO - Task exited with return code 0
[2025-10-29T00:59:26.151+0000] {taskinstance.py:2778} INFO - 1 downstream tasks scheduled from follow-on schedule check
