[2025-10-28T00:41:25.092+0000] {taskinstance.py:1159} INFO - Dependencies all met for dep_context=non-requeueable deps ti=<TaskInstance: hiring_dynamic.train_random_forest scheduled__2024-11-05T15:00:00+00:00 [queued]>
[2025-10-28T00:41:25.095+0000] {taskinstance.py:1159} INFO - Dependencies all met for dep_context=requeueable deps ti=<TaskInstance: hiring_dynamic.train_random_forest scheduled__2024-11-05T15:00:00+00:00 [queued]>
[2025-10-28T00:41:25.095+0000] {taskinstance.py:1361} INFO - Starting attempt 1 of 1
[2025-10-28T00:41:25.101+0000] {taskinstance.py:1382} INFO - Executing <Task(PythonOperator): train_random_forest> on 2024-11-05 15:00:00+00:00
[2025-10-28T00:41:25.104+0000] {standard_task_runner.py:57} INFO - Started process 981 to run task
[2025-10-28T00:41:25.106+0000] {standard_task_runner.py:84} INFO - Running: ['airflow', 'tasks', 'run', 'hiring_dynamic', 'train_random_forest', 'scheduled__2024-11-05T15:00:00+00:00', '--job-id', '44', '--raw', '--subdir', 'DAGS_FOLDER/dag_dynamic.py', '--cfg-path', '/tmp/tmp851d90dq']
[2025-10-28T00:41:25.107+0000] {standard_task_runner.py:85} INFO - Job 44: Subtask train_random_forest
[2025-10-28T00:41:25.124+0000] {task_command.py:416} INFO - Running <TaskInstance: hiring_dynamic.train_random_forest scheduled__2024-11-05T15:00:00+00:00 [running]> on host d1f69dfe6243
[2025-10-28T00:41:25.149+0000] {taskinstance.py:1662} INFO - Exporting env vars: AIRFLOW_CTX_DAG_OWNER='airflow' AIRFLOW_CTX_DAG_ID='hiring_dynamic' AIRFLOW_CTX_TASK_ID='train_random_forest' AIRFLOW_CTX_EXECUTION_DATE='2024-11-05T15:00:00+00:00' AIRFLOW_CTX_TRY_NUMBER='1' AIRFLOW_CTX_DAG_RUN_ID='scheduled__2024-11-05T15:00:00+00:00'
[2025-10-28T00:41:25.154+0000] {logging_mixin.py:154} INFO - Entrenando modelo: random_forest
[2025-10-28T00:41:25.674+0000] {logging_mixin.py:154} INFO - Modelo random_forest guardado en: /opt/airflow/data/dynamic/2024-11-05/models/random_forest.joblib
[2025-10-28T00:41:25.678+0000] {python.py:194} INFO - Done. Returned value was: None
[2025-10-28T00:41:25.681+0000] {taskinstance.py:1400} INFO - Marking task as SUCCESS. dag_id=hiring_dynamic, task_id=train_random_forest, execution_date=20241105T150000, start_date=20251028T004125, end_date=20251028T004125
[2025-10-28T00:41:25.702+0000] {local_task_job_runner.py:228} INFO - Task exited with return code 0
[2025-10-28T00:41:25.713+0000] {taskinstance.py:2778} INFO - 0 downstream tasks scheduled from follow-on schedule check
[2025-10-28T01:28:16.446+0000] {taskinstance.py:1159} INFO - Dependencies all met for dep_context=non-requeueable deps ti=<TaskInstance: hiring_dynamic.train_random_forest scheduled__2024-11-05T15:00:00+00:00 [queued]>
[2025-10-28T01:28:16.450+0000] {taskinstance.py:1159} INFO - Dependencies all met for dep_context=requeueable deps ti=<TaskInstance: hiring_dynamic.train_random_forest scheduled__2024-11-05T15:00:00+00:00 [queued]>
[2025-10-28T01:28:16.450+0000] {taskinstance.py:1361} INFO - Starting attempt 1 of 1
[2025-10-28T01:28:16.457+0000] {taskinstance.py:1382} INFO - Executing <Task(PythonOperator): train_random_forest> on 2024-11-05 15:00:00+00:00
[2025-10-28T01:28:16.501+0000] {standard_task_runner.py:57} INFO - Started process 1112 to run task
[2025-10-28T01:28:16.507+0000] {standard_task_runner.py:84} INFO - Running: ['airflow', 'tasks', 'run', 'hiring_dynamic', 'train_random_forest', 'scheduled__2024-11-05T15:00:00+00:00', '--job-id', '38', '--raw', '--subdir', 'DAGS_FOLDER/dag_dynamic.py', '--cfg-path', '/tmp/tmp2e8n2roj']
[2025-10-28T01:28:16.508+0000] {standard_task_runner.py:85} INFO - Job 38: Subtask train_random_forest
[2025-10-28T01:28:16.540+0000] {task_command.py:416} INFO - Running <TaskInstance: hiring_dynamic.train_random_forest scheduled__2024-11-05T15:00:00+00:00 [running]> on host c46dbfd34b1f
[2025-10-28T01:28:16.581+0000] {taskinstance.py:1662} INFO - Exporting env vars: AIRFLOW_CTX_DAG_OWNER='airflow' AIRFLOW_CTX_DAG_ID='hiring_dynamic' AIRFLOW_CTX_TASK_ID='train_random_forest' AIRFLOW_CTX_EXECUTION_DATE='2024-11-05T15:00:00+00:00' AIRFLOW_CTX_TRY_NUMBER='1' AIRFLOW_CTX_DAG_RUN_ID='scheduled__2024-11-05T15:00:00+00:00'
[2025-10-28T01:28:16.589+0000] {logging_mixin.py:154} INFO - Entrenando modelo: random_forest
[2025-10-28T01:28:17.356+0000] {logging_mixin.py:154} INFO - Modelo random_forest guardado en: /opt/airflow/data/dynamic/2024-11-05/models/random_forest.joblib
[2025-10-28T01:28:17.373+0000] {python.py:194} INFO - Done. Returned value was: None
[2025-10-28T01:28:17.377+0000] {taskinstance.py:1400} INFO - Marking task as SUCCESS. dag_id=hiring_dynamic, task_id=train_random_forest, execution_date=20241105T150000, start_date=20251028T012816, end_date=20251028T012817
[2025-10-28T01:28:17.432+0000] {local_task_job_runner.py:228} INFO - Task exited with return code 0
[2025-10-28T01:28:17.465+0000] {taskinstance.py:2778} INFO - 0 downstream tasks scheduled from follow-on schedule check
