[2025-11-17T16:06:24.463+0000] {taskinstance.py:1159} INFO - Dependencies all met for dep_context=non-requeueable deps ti=<TaskInstance: sodai_drinks_production_pipeline.extract_data scheduled__2025-11-09T00:00:00+00:00 [queued]>
[2025-11-17T16:06:24.468+0000] {taskinstance.py:1159} INFO - Dependencies all met for dep_context=requeueable deps ti=<TaskInstance: sodai_drinks_production_pipeline.extract_data scheduled__2025-11-09T00:00:00+00:00 [queued]>
[2025-11-17T16:06:24.468+0000] {taskinstance.py:1361} INFO - Starting attempt 1 of 2
[2025-11-17T16:06:24.476+0000] {taskinstance.py:1382} INFO - Executing <Task(PythonOperator): extract_data> on 2025-11-09 00:00:00+00:00
[2025-11-17T16:06:24.486+0000] {standard_task_runner.py:57} INFO - Started process 13157 to run task
[2025-11-17T16:06:24.490+0000] {standard_task_runner.py:84} INFO - Running: ['***', 'tasks', 'run', 'sodai_drinks_production_pipeline', 'extract_data', 'scheduled__2025-11-09T00:00:00+00:00', '--job-id', '5', '--raw', '--subdir', 'DAGS_FOLDER/pipeline_productivo.py', '--cfg-path', '/tmp/tmpog3js2fh']
[2025-11-17T16:06:24.493+0000] {standard_task_runner.py:85} INFO - Job 5: Subtask extract_data
[2025-11-17T16:06:24.531+0000] {task_command.py:416} INFO - Running <TaskInstance: sodai_drinks_production_pipeline.extract_data scheduled__2025-11-09T00:00:00+00:00 [running]> on host d1f907c36040
[2025-11-17T16:06:24.591+0000] {taskinstance.py:1662} INFO - Exporting env vars: AIRFLOW_CTX_DAG_EMAIL='team@sodaidrinks.com' AIRFLOW_CTX_DAG_OWNER='sodai_drinks_team' AIRFLOW_CTX_DAG_ID='sodai_drinks_production_pipeline' AIRFLOW_CTX_TASK_ID='extract_data' AIRFLOW_CTX_EXECUTION_DATE='2025-11-09T00:00:00+00:00' AIRFLOW_CTX_TRY_NUMBER='1' AIRFLOW_CTX_DAG_RUN_ID='scheduled__2025-11-09T00:00:00+00:00'
[2025-11-17T16:06:24.592+0000] {data_extraction.py:25} INFO - Iniciando extracción de datos...
[2025-11-17T16:06:24.727+0000] {data_extraction.py:47} INFO - Datos base cargados - Transacciones totales: 254936
[2025-11-17T16:06:24.946+0000] {taskinstance.py:1937} ERROR - Task failed with exception
Traceback (most recent call last):
  File "/home/airflow/.local/lib/python3.10/site-packages/airflow/operators/python.py", line 192, in execute
    return_value = self.execute_callable()
  File "/home/airflow/.local/lib/python3.10/site-packages/airflow/operators/python.py", line 209, in execute_callable
    return self.python_callable(*self.op_args, **self.op_kwargs)
  File "/opt/airflow/dags/tasks/data_extraction.py", line 53, in extract_data
    fecha_primera_semana = fecha_minima + timedelta(days=7)
NameError: name 'timedelta' is not defined
[2025-11-17T16:06:24.956+0000] {taskinstance.py:1400} INFO - Marking task as UP_FOR_RETRY. dag_id=sodai_drinks_production_pipeline, task_id=extract_data, execution_date=20251109T000000, start_date=20251117T160624, end_date=20251117T160624
[2025-11-17T16:06:24.965+0000] {standard_task_runner.py:104} ERROR - Failed to execute job 5 for task extract_data (name 'timedelta' is not defined; 13157)
[2025-11-17T16:06:25.032+0000] {local_task_job_runner.py:228} INFO - Task exited with return code 1
[2025-11-17T16:06:25.052+0000] {taskinstance.py:2778} INFO - 0 downstream tasks scheduled from follow-on schedule check
[2025-11-17T16:12:40.467+0000] {taskinstance.py:1159} INFO - Dependencies all met for dep_context=non-requeueable deps ti=<TaskInstance: sodai_drinks_production_pipeline.extract_data scheduled__2025-11-09T00:00:00+00:00 [queued]>
[2025-11-17T16:12:40.473+0000] {taskinstance.py:1159} INFO - Dependencies all met for dep_context=requeueable deps ti=<TaskInstance: sodai_drinks_production_pipeline.extract_data scheduled__2025-11-09T00:00:00+00:00 [queued]>
[2025-11-17T16:12:40.473+0000] {taskinstance.py:1361} INFO - Starting attempt 1 of 2
[2025-11-17T16:12:40.480+0000] {taskinstance.py:1382} INFO - Executing <Task(PythonOperator): extract_data> on 2025-11-09 00:00:00+00:00
[2025-11-17T16:12:40.490+0000] {standard_task_runner.py:57} INFO - Started process 14032 to run task
[2025-11-17T16:12:40.494+0000] {standard_task_runner.py:84} INFO - Running: ['***', 'tasks', 'run', 'sodai_drinks_production_pipeline', 'extract_data', 'scheduled__2025-11-09T00:00:00+00:00', '--job-id', '8', '--raw', '--subdir', 'DAGS_FOLDER/pipeline_productivo.py', '--cfg-path', '/tmp/tmp6eo0zw7j']
[2025-11-17T16:12:40.497+0000] {standard_task_runner.py:85} INFO - Job 8: Subtask extract_data
[2025-11-17T16:12:40.537+0000] {task_command.py:416} INFO - Running <TaskInstance: sodai_drinks_production_pipeline.extract_data scheduled__2025-11-09T00:00:00+00:00 [running]> on host d1f907c36040
[2025-11-17T16:12:40.590+0000] {taskinstance.py:1662} INFO - Exporting env vars: AIRFLOW_CTX_DAG_EMAIL='team@sodaidrinks.com' AIRFLOW_CTX_DAG_OWNER='sodai_drinks_team' AIRFLOW_CTX_DAG_ID='sodai_drinks_production_pipeline' AIRFLOW_CTX_TASK_ID='extract_data' AIRFLOW_CTX_EXECUTION_DATE='2025-11-09T00:00:00+00:00' AIRFLOW_CTX_TRY_NUMBER='1' AIRFLOW_CTX_DAG_RUN_ID='scheduled__2025-11-09T00:00:00+00:00'
[2025-11-17T16:12:40.591+0000] {data_extraction.py:25} INFO - Iniciando extracción de datos...
[2025-11-17T16:12:40.643+0000] {data_extraction.py:47} INFO - Datos base cargados - Transacciones totales: 254936
[2025-11-17T16:12:40.927+0000] {data_extraction.py:60} INFO - 📊 Subsample creado: 4565 transacciones
[2025-11-17T16:12:40.927+0000] {data_extraction.py:61} INFO -    Fecha mínima: 2024-01-01 00:00:00
[2025-11-17T16:12:40.927+0000] {data_extraction.py:62} INFO -    Fecha máxima: 2024-01-07 00:00:00
[2025-11-17T16:12:40.928+0000] {data_extraction.py:63} INFO -    Porcentaje del total: 1.79%
[2025-11-17T16:12:40.933+0000] {data_extraction.py:69} INFO - Clientes cargados: 1569 registros
[2025-11-17T16:12:40.933+0000] {data_extraction.py:70} INFO - Productos cargados: 971 registros
[2025-11-17T16:12:40.989+0000] {data_extraction.py:85} INFO - Fecha máxima en subsample: 2024-01-07 00:00:00
[2025-11-17T16:12:40.995+0000] {data_extraction.py:88} INFO - ✅ Extracción de datos completada exitosamente
[2025-11-17T16:12:40.996+0000] {python.py:194} INFO - Done. Returned value was: {'status': 'success', 'transacciones_count': 4565, 'clientes_count': 1569, 'productos_count': 971, 'max_date': '2024-01-07T00:00:00', 'is_subsample': True, 'subsample_weeks': 1}
[2025-11-17T16:12:41.008+0000] {taskinstance.py:1400} INFO - Marking task as SUCCESS. dag_id=sodai_drinks_production_pipeline, task_id=extract_data, execution_date=20251109T000000, start_date=20251117T161240, end_date=20251117T161241
[2025-11-17T16:12:41.069+0000] {local_task_job_runner.py:228} INFO - Task exited with return code 0
[2025-11-17T16:12:41.091+0000] {taskinstance.py:2778} INFO - 1 downstream tasks scheduled from follow-on schedule check
[2025-11-17T16:21:13.180+0000] {taskinstance.py:1159} INFO - Dependencies all met for dep_context=non-requeueable deps ti=<TaskInstance: sodai_drinks_production_pipeline.extract_data scheduled__2025-11-09T00:00:00+00:00 [queued]>
[2025-11-17T16:21:13.185+0000] {taskinstance.py:1159} INFO - Dependencies all met for dep_context=requeueable deps ti=<TaskInstance: sodai_drinks_production_pipeline.extract_data scheduled__2025-11-09T00:00:00+00:00 [queued]>
[2025-11-17T16:21:13.185+0000] {taskinstance.py:1361} INFO - Starting attempt 1 of 2
[2025-11-17T16:21:13.193+0000] {taskinstance.py:1382} INFO - Executing <Task(PythonOperator): extract_data> on 2025-11-09 00:00:00+00:00
[2025-11-17T16:21:13.206+0000] {standard_task_runner.py:57} INFO - Started process 15315 to run task
[2025-11-17T16:21:13.210+0000] {standard_task_runner.py:84} INFO - Running: ['***', 'tasks', 'run', 'sodai_drinks_production_pipeline', 'extract_data', 'scheduled__2025-11-09T00:00:00+00:00', '--job-id', '11', '--raw', '--subdir', 'DAGS_FOLDER/pipeline_productivo.py', '--cfg-path', '/tmp/tmpafbrw6h1']
[2025-11-17T16:21:13.213+0000] {standard_task_runner.py:85} INFO - Job 11: Subtask extract_data
[2025-11-17T16:21:13.261+0000] {task_command.py:416} INFO - Running <TaskInstance: sodai_drinks_production_pipeline.extract_data scheduled__2025-11-09T00:00:00+00:00 [running]> on host d1f907c36040
[2025-11-17T16:21:13.328+0000] {taskinstance.py:1662} INFO - Exporting env vars: AIRFLOW_CTX_DAG_EMAIL='team@sodaidrinks.com' AIRFLOW_CTX_DAG_OWNER='sodai_drinks_team' AIRFLOW_CTX_DAG_ID='sodai_drinks_production_pipeline' AIRFLOW_CTX_TASK_ID='extract_data' AIRFLOW_CTX_EXECUTION_DATE='2025-11-09T00:00:00+00:00' AIRFLOW_CTX_TRY_NUMBER='1' AIRFLOW_CTX_DAG_RUN_ID='scheduled__2025-11-09T00:00:00+00:00'
[2025-11-17T16:21:13.330+0000] {data_extraction.py:25} INFO - Iniciando extracción de datos...
[2025-11-17T16:21:13.406+0000] {data_extraction.py:47} INFO - Datos base cargados - Transacciones totales: 254936
[2025-11-17T16:21:13.695+0000] {data_extraction.py:60} INFO - 📊 Subsample creado: 4565 transacciones
[2025-11-17T16:21:13.695+0000] {data_extraction.py:61} INFO -    Fecha mínima: 2024-01-01 00:00:00
[2025-11-17T16:21:13.696+0000] {data_extraction.py:62} INFO -    Fecha máxima: 2024-01-07 00:00:00
[2025-11-17T16:21:13.696+0000] {data_extraction.py:63} INFO -    Porcentaje del total: 1.79%
[2025-11-17T16:21:13.701+0000] {data_extraction.py:69} INFO - Clientes cargados: 1569 registros
[2025-11-17T16:21:13.701+0000] {data_extraction.py:70} INFO - Productos cargados: 971 registros
[2025-11-17T16:21:13.769+0000] {data_extraction.py:85} INFO - Fecha máxima en subsample: 2024-01-07 00:00:00
[2025-11-17T16:21:13.782+0000] {data_extraction.py:88} INFO - ✅ Extracción de datos completada exitosamente
[2025-11-17T16:21:13.783+0000] {python.py:194} INFO - Done. Returned value was: {'status': 'success', 'transacciones_count': 4565, 'clientes_count': 1569, 'productos_count': 971, 'max_date': '2024-01-07T00:00:00', 'is_subsample': True, 'subsample_weeks': 1}
[2025-11-17T16:21:13.799+0000] {taskinstance.py:1400} INFO - Marking task as SUCCESS. dag_id=sodai_drinks_production_pipeline, task_id=extract_data, execution_date=20251109T000000, start_date=20251117T162113, end_date=20251117T162113
[2025-11-17T16:21:13.867+0000] {local_task_job_runner.py:228} INFO - Task exited with return code 0
[2025-11-17T16:21:13.893+0000] {taskinstance.py:2778} INFO - 1 downstream tasks scheduled from follow-on schedule check
[2025-11-17T16:34:14.951+0000] {taskinstance.py:1159} INFO - Dependencies all met for dep_context=non-requeueable deps ti=<TaskInstance: sodai_drinks_production_pipeline.extract_data scheduled__2025-11-09T00:00:00+00:00 [queued]>
[2025-11-17T16:34:14.956+0000] {taskinstance.py:1159} INFO - Dependencies all met for dep_context=requeueable deps ti=<TaskInstance: sodai_drinks_production_pipeline.extract_data scheduled__2025-11-09T00:00:00+00:00 [queued]>
[2025-11-17T16:34:14.957+0000] {taskinstance.py:1361} INFO - Starting attempt 1 of 2
[2025-11-17T16:34:14.963+0000] {taskinstance.py:1382} INFO - Executing <Task(PythonOperator): extract_data> on 2025-11-09 00:00:00+00:00
[2025-11-17T16:34:14.973+0000] {standard_task_runner.py:57} INFO - Started process 17326 to run task
[2025-11-17T16:34:14.978+0000] {standard_task_runner.py:84} INFO - Running: ['***', 'tasks', 'run', 'sodai_drinks_production_pipeline', 'extract_data', 'scheduled__2025-11-09T00:00:00+00:00', '--job-id', '14', '--raw', '--subdir', 'DAGS_FOLDER/pipeline_productivo.py', '--cfg-path', '/tmp/tmpa1r6o5f7']
[2025-11-17T16:34:14.981+0000] {standard_task_runner.py:85} INFO - Job 14: Subtask extract_data
[2025-11-17T16:34:15.025+0000] {task_command.py:416} INFO - Running <TaskInstance: sodai_drinks_production_pipeline.extract_data scheduled__2025-11-09T00:00:00+00:00 [running]> on host d1f907c36040
[2025-11-17T16:34:15.078+0000] {taskinstance.py:1662} INFO - Exporting env vars: AIRFLOW_CTX_DAG_EMAIL='team@sodaidrinks.com' AIRFLOW_CTX_DAG_OWNER='sodai_drinks_team' AIRFLOW_CTX_DAG_ID='sodai_drinks_production_pipeline' AIRFLOW_CTX_TASK_ID='extract_data' AIRFLOW_CTX_EXECUTION_DATE='2025-11-09T00:00:00+00:00' AIRFLOW_CTX_TRY_NUMBER='1' AIRFLOW_CTX_DAG_RUN_ID='scheduled__2025-11-09T00:00:00+00:00'
[2025-11-17T16:34:15.079+0000] {data_extraction.py:25} INFO - Iniciando extracción de datos...
[2025-11-17T16:34:15.134+0000] {data_extraction.py:47} INFO - Datos base cargados - Transacciones totales: 254936
[2025-11-17T16:34:15.380+0000] {data_extraction.py:60} INFO - 📊 Subsample creado: 4565 transacciones
[2025-11-17T16:34:15.380+0000] {data_extraction.py:61} INFO -    Fecha mínima: 2024-01-01 00:00:00
[2025-11-17T16:34:15.380+0000] {data_extraction.py:62} INFO -    Fecha máxima: 2024-01-07 00:00:00
[2025-11-17T16:34:15.381+0000] {data_extraction.py:63} INFO -    Porcentaje del total: 1.79%
[2025-11-17T16:34:15.386+0000] {data_extraction.py:69} INFO - Clientes cargados: 1569 registros
[2025-11-17T16:34:15.386+0000] {data_extraction.py:70} INFO - Productos cargados: 971 registros
[2025-11-17T16:34:15.416+0000] {data_extraction.py:85} INFO - Fecha máxima en subsample: 2024-01-07 00:00:00
[2025-11-17T16:34:15.423+0000] {data_extraction.py:88} INFO - ✅ Extracción de datos completada exitosamente
[2025-11-17T16:34:15.424+0000] {python.py:194} INFO - Done. Returned value was: {'status': 'success', 'transacciones_count': 4565, 'clientes_count': 1569, 'productos_count': 971, 'max_date': '2024-01-07T00:00:00', 'is_subsample': True, 'subsample_weeks': 1}
[2025-11-17T16:34:15.437+0000] {taskinstance.py:1400} INFO - Marking task as SUCCESS. dag_id=sodai_drinks_production_pipeline, task_id=extract_data, execution_date=20251109T000000, start_date=20251117T163414, end_date=20251117T163415
[2025-11-17T16:34:15.496+0000] {local_task_job_runner.py:228} INFO - Task exited with return code 0
[2025-11-17T16:34:15.517+0000] {taskinstance.py:2778} INFO - 1 downstream tasks scheduled from follow-on schedule check
[2025-11-17T16:51:28.745+0000] {taskinstance.py:1159} INFO - Dependencies all met for dep_context=non-requeueable deps ti=<TaskInstance: sodai_drinks_production_pipeline.extract_data scheduled__2025-11-09T00:00:00+00:00 [queued]>
[2025-11-17T16:51:28.750+0000] {taskinstance.py:1159} INFO - Dependencies all met for dep_context=requeueable deps ti=<TaskInstance: sodai_drinks_production_pipeline.extract_data scheduled__2025-11-09T00:00:00+00:00 [queued]>
[2025-11-17T16:51:28.751+0000] {taskinstance.py:1361} INFO - Starting attempt 1 of 2
[2025-11-17T16:51:28.758+0000] {taskinstance.py:1382} INFO - Executing <Task(PythonOperator): extract_data> on 2025-11-09 00:00:00+00:00
[2025-11-17T16:51:28.773+0000] {standard_task_runner.py:57} INFO - Started process 1337 to run task
[2025-11-17T16:51:28.779+0000] {standard_task_runner.py:84} INFO - Running: ['***', 'tasks', 'run', 'sodai_drinks_production_pipeline', 'extract_data', 'scheduled__2025-11-09T00:00:00+00:00', '--job-id', '20', '--raw', '--subdir', 'DAGS_FOLDER/pipeline_productivo.py', '--cfg-path', '/tmp/tmpe73coe9p']
[2025-11-17T16:51:28.781+0000] {standard_task_runner.py:85} INFO - Job 20: Subtask extract_data
[2025-11-17T16:51:28.824+0000] {task_command.py:416} INFO - Running <TaskInstance: sodai_drinks_production_pipeline.extract_data scheduled__2025-11-09T00:00:00+00:00 [running]> on host d1f907c36040
[2025-11-17T16:51:28.881+0000] {taskinstance.py:1662} INFO - Exporting env vars: AIRFLOW_CTX_DAG_EMAIL='team@sodaidrinks.com' AIRFLOW_CTX_DAG_OWNER='sodai_drinks_team' AIRFLOW_CTX_DAG_ID='sodai_drinks_production_pipeline' AIRFLOW_CTX_TASK_ID='extract_data' AIRFLOW_CTX_EXECUTION_DATE='2025-11-09T00:00:00+00:00' AIRFLOW_CTX_TRY_NUMBER='1' AIRFLOW_CTX_DAG_RUN_ID='scheduled__2025-11-09T00:00:00+00:00'
[2025-11-17T16:51:28.882+0000] {data_extraction.py:25} INFO - Iniciando extracción de datos...
[2025-11-17T16:51:28.943+0000] {data_extraction.py:47} INFO - Datos base cargados - Transacciones totales: 254936
[2025-11-17T16:51:29.198+0000] {data_extraction.py:60} INFO - 📊 Subsample creado: 4565 transacciones
[2025-11-17T16:51:29.199+0000] {data_extraction.py:61} INFO -    Fecha mínima: 2024-01-01 00:00:00
[2025-11-17T16:51:29.199+0000] {data_extraction.py:62} INFO -    Fecha máxima: 2024-01-07 00:00:00
[2025-11-17T16:51:29.199+0000] {data_extraction.py:63} INFO -    Porcentaje del total: 1.79%
[2025-11-17T16:51:29.203+0000] {data_extraction.py:69} INFO - Clientes cargados: 1569 registros
[2025-11-17T16:51:29.203+0000] {data_extraction.py:70} INFO - Productos cargados: 971 registros
[2025-11-17T16:51:29.235+0000] {data_extraction.py:85} INFO - Fecha máxima en subsample: 2024-01-07 00:00:00
[2025-11-17T16:51:29.241+0000] {data_extraction.py:88} INFO - ✅ Extracción de datos completada exitosamente
[2025-11-17T16:51:29.241+0000] {python.py:194} INFO - Done. Returned value was: {'status': 'success', 'transacciones_count': 4565, 'clientes_count': 1569, 'productos_count': 971, 'max_date': '2024-01-07T00:00:00', 'is_subsample': True, 'subsample_weeks': 1}
[2025-11-17T16:51:29.253+0000] {taskinstance.py:1400} INFO - Marking task as SUCCESS. dag_id=sodai_drinks_production_pipeline, task_id=extract_data, execution_date=20251109T000000, start_date=20251117T165128, end_date=20251117T165129
[2025-11-17T16:51:29.321+0000] {local_task_job_runner.py:228} INFO - Task exited with return code 0
[2025-11-17T16:51:29.342+0000] {taskinstance.py:2778} INFO - 1 downstream tasks scheduled from follow-on schedule check
[2025-11-17T17:59:25.080+0000] {taskinstance.py:1159} INFO - Dependencies all met for dep_context=non-requeueable deps ti=<TaskInstance: sodai_drinks_production_pipeline.extract_data scheduled__2025-11-09T00:00:00+00:00 [queued]>
[2025-11-17T17:59:25.085+0000] {taskinstance.py:1159} INFO - Dependencies all met for dep_context=requeueable deps ti=<TaskInstance: sodai_drinks_production_pipeline.extract_data scheduled__2025-11-09T00:00:00+00:00 [queued]>
[2025-11-17T17:59:25.085+0000] {taskinstance.py:1361} INFO - Starting attempt 1 of 2
[2025-11-17T17:59:25.092+0000] {taskinstance.py:1382} INFO - Executing <Task(PythonOperator): extract_data> on 2025-11-09 00:00:00+00:00
[2025-11-17T17:59:25.103+0000] {standard_task_runner.py:57} INFO - Started process 917 to run task
[2025-11-17T17:59:25.107+0000] {standard_task_runner.py:84} INFO - Running: ['***', 'tasks', 'run', 'sodai_drinks_production_pipeline', 'extract_data', 'scheduled__2025-11-09T00:00:00+00:00', '--job-id', '28', '--raw', '--subdir', 'DAGS_FOLDER/pipeline_productivo.py', '--cfg-path', '/tmp/tmpqw6fd5k_']
[2025-11-17T17:59:25.110+0000] {standard_task_runner.py:85} INFO - Job 28: Subtask extract_data
[2025-11-17T17:59:25.148+0000] {task_command.py:416} INFO - Running <TaskInstance: sodai_drinks_production_pipeline.extract_data scheduled__2025-11-09T00:00:00+00:00 [running]> on host d1f907c36040
[2025-11-17T17:59:25.199+0000] {taskinstance.py:1662} INFO - Exporting env vars: AIRFLOW_CTX_DAG_EMAIL='team@sodaidrinks.com' AIRFLOW_CTX_DAG_OWNER='sodai_drinks_team' AIRFLOW_CTX_DAG_ID='sodai_drinks_production_pipeline' AIRFLOW_CTX_TASK_ID='extract_data' AIRFLOW_CTX_EXECUTION_DATE='2025-11-09T00:00:00+00:00' AIRFLOW_CTX_TRY_NUMBER='1' AIRFLOW_CTX_DAG_RUN_ID='scheduled__2025-11-09T00:00:00+00:00'
[2025-11-17T17:59:25.201+0000] {data_extraction.py:25} INFO - Iniciando extracción de datos...
[2025-11-17T17:59:25.251+0000] {data_extraction.py:47} INFO - Datos base cargados - Transacciones totales: 254936
[2025-11-17T17:59:25.478+0000] {data_extraction.py:60} INFO - 📊 Subsample creado: 4565 transacciones
[2025-11-17T17:59:25.479+0000] {data_extraction.py:61} INFO -    Fecha mínima: 2024-01-01 00:00:00
[2025-11-17T17:59:25.479+0000] {data_extraction.py:62} INFO -    Fecha máxima: 2024-01-07 00:00:00
[2025-11-17T17:59:25.479+0000] {data_extraction.py:63} INFO -    Porcentaje del total: 1.79%
[2025-11-17T17:59:25.483+0000] {data_extraction.py:69} INFO - Clientes cargados: 1569 registros
[2025-11-17T17:59:25.483+0000] {data_extraction.py:70} INFO - Productos cargados: 971 registros
[2025-11-17T17:59:25.514+0000] {data_extraction.py:85} INFO - Fecha máxima en subsample: 2024-01-07 00:00:00
[2025-11-17T17:59:25.521+0000] {data_extraction.py:88} INFO - ✅ Extracción de datos completada exitosamente
[2025-11-17T17:59:25.522+0000] {python.py:194} INFO - Done. Returned value was: {'status': 'success', 'transacciones_count': 4565, 'clientes_count': 1569, 'productos_count': 971, 'max_date': '2024-01-07T00:00:00', 'is_subsample': True, 'subsample_weeks': 1}
[2025-11-17T17:59:25.534+0000] {taskinstance.py:1400} INFO - Marking task as SUCCESS. dag_id=sodai_drinks_production_pipeline, task_id=extract_data, execution_date=20251109T000000, start_date=20251117T175925, end_date=20251117T175925
[2025-11-17T17:59:25.607+0000] {local_task_job_runner.py:228} INFO - Task exited with return code 0
[2025-11-17T17:59:25.627+0000] {taskinstance.py:2778} INFO - 1 downstream tasks scheduled from follow-on schedule check
[2025-11-17T20:46:12.178+0000] {taskinstance.py:1159} INFO - Dependencies all met for dep_context=non-requeueable deps ti=<TaskInstance: sodai_drinks_production_pipeline.extract_data scheduled__2025-11-09T00:00:00+00:00 [queued]>
[2025-11-17T20:46:12.183+0000] {taskinstance.py:1159} INFO - Dependencies all met for dep_context=requeueable deps ti=<TaskInstance: sodai_drinks_production_pipeline.extract_data scheduled__2025-11-09T00:00:00+00:00 [queued]>
[2025-11-17T20:46:12.183+0000] {taskinstance.py:1361} INFO - Starting attempt 1 of 2
[2025-11-17T20:46:12.189+0000] {taskinstance.py:1382} INFO - Executing <Task(PythonOperator): extract_data> on 2025-11-09 00:00:00+00:00
[2025-11-17T20:46:12.200+0000] {standard_task_runner.py:57} INFO - Started process 355 to run task
[2025-11-17T20:46:12.203+0000] {standard_task_runner.py:84} INFO - Running: ['***', 'tasks', 'run', 'sodai_drinks_production_pipeline', 'extract_data', 'scheduled__2025-11-09T00:00:00+00:00', '--job-id', '35', '--raw', '--subdir', 'DAGS_FOLDER/pipeline_productivo.py', '--cfg-path', '/tmp/tmpsfro08xh']
[2025-11-17T20:46:12.206+0000] {standard_task_runner.py:85} INFO - Job 35: Subtask extract_data
[2025-11-17T20:46:12.242+0000] {task_command.py:416} INFO - Running <TaskInstance: sodai_drinks_production_pipeline.extract_data scheduled__2025-11-09T00:00:00+00:00 [running]> on host d1f907c36040
[2025-11-17T20:46:12.293+0000] {taskinstance.py:1662} INFO - Exporting env vars: AIRFLOW_CTX_DAG_EMAIL='team@sodaidrinks.com' AIRFLOW_CTX_DAG_OWNER='sodai_drinks_team' AIRFLOW_CTX_DAG_ID='sodai_drinks_production_pipeline' AIRFLOW_CTX_TASK_ID='extract_data' AIRFLOW_CTX_EXECUTION_DATE='2025-11-09T00:00:00+00:00' AIRFLOW_CTX_TRY_NUMBER='1' AIRFLOW_CTX_DAG_RUN_ID='scheduled__2025-11-09T00:00:00+00:00'
[2025-11-17T20:46:12.294+0000] {data_extraction.py:25} INFO - Iniciando extracción de datos...
[2025-11-17T20:46:12.363+0000] {data_extraction.py:47} INFO - Datos base cargados - Transacciones totales: 254936
[2025-11-17T20:46:12.596+0000] {data_extraction.py:60} INFO - 📊 Subsample creado: 4565 transacciones
[2025-11-17T20:46:12.596+0000] {data_extraction.py:61} INFO -    Fecha mínima: 2024-01-01 00:00:00
[2025-11-17T20:46:12.596+0000] {data_extraction.py:62} INFO -    Fecha máxima: 2024-01-07 00:00:00
[2025-11-17T20:46:12.596+0000] {data_extraction.py:63} INFO -    Porcentaje del total: 1.79%
[2025-11-17T20:46:12.602+0000] {data_extraction.py:69} INFO - Clientes cargados: 1569 registros
[2025-11-17T20:46:12.602+0000] {data_extraction.py:70} INFO - Productos cargados: 971 registros
[2025-11-17T20:46:12.633+0000] {data_extraction.py:85} INFO - Fecha máxima en subsample: 2024-01-07 00:00:00
[2025-11-17T20:46:12.639+0000] {data_extraction.py:88} INFO - ✅ Extracción de datos completada exitosamente
[2025-11-17T20:46:12.639+0000] {python.py:194} INFO - Done. Returned value was: {'status': 'success', 'transacciones_count': 4565, 'clientes_count': 1569, 'productos_count': 971, 'max_date': '2024-01-07T00:00:00', 'is_subsample': True, 'subsample_weeks': 1}
[2025-11-17T20:46:12.651+0000] {taskinstance.py:1400} INFO - Marking task as SUCCESS. dag_id=sodai_drinks_production_pipeline, task_id=extract_data, execution_date=20251109T000000, start_date=20251117T204612, end_date=20251117T204612
[2025-11-17T20:46:12.702+0000] {local_task_job_runner.py:228} INFO - Task exited with return code 0
[2025-11-17T20:46:12.721+0000] {taskinstance.py:2778} INFO - 1 downstream tasks scheduled from follow-on schedule check
[2025-11-17T20:51:11.780+0000] {taskinstance.py:1159} INFO - Dependencies all met for dep_context=non-requeueable deps ti=<TaskInstance: sodai_drinks_production_pipeline.extract_data scheduled__2025-11-09T00:00:00+00:00 [queued]>
[2025-11-17T20:51:11.785+0000] {taskinstance.py:1159} INFO - Dependencies all met for dep_context=requeueable deps ti=<TaskInstance: sodai_drinks_production_pipeline.extract_data scheduled__2025-11-09T00:00:00+00:00 [queued]>
[2025-11-17T20:51:11.786+0000] {taskinstance.py:1361} INFO - Starting attempt 1 of 2
[2025-11-17T20:51:11.795+0000] {taskinstance.py:1382} INFO - Executing <Task(PythonOperator): extract_data> on 2025-11-09 00:00:00+00:00
[2025-11-17T20:51:11.806+0000] {standard_task_runner.py:57} INFO - Started process 290 to run task
[2025-11-17T20:51:11.810+0000] {standard_task_runner.py:84} INFO - Running: ['***', 'tasks', 'run', 'sodai_drinks_production_pipeline', 'extract_data', 'scheduled__2025-11-09T00:00:00+00:00', '--job-id', '41', '--raw', '--subdir', 'DAGS_FOLDER/pipeline_productivo.py', '--cfg-path', '/tmp/tmp7bjjimxh']
[2025-11-17T20:51:11.812+0000] {standard_task_runner.py:85} INFO - Job 41: Subtask extract_data
[2025-11-17T20:51:11.868+0000] {task_command.py:416} INFO - Running <TaskInstance: sodai_drinks_production_pipeline.extract_data scheduled__2025-11-09T00:00:00+00:00 [running]> on host d1f907c36040
[2025-11-17T20:51:11.930+0000] {taskinstance.py:1662} INFO - Exporting env vars: AIRFLOW_CTX_DAG_EMAIL='team@sodaidrinks.com' AIRFLOW_CTX_DAG_OWNER='sodai_drinks_team' AIRFLOW_CTX_DAG_ID='sodai_drinks_production_pipeline' AIRFLOW_CTX_TASK_ID='extract_data' AIRFLOW_CTX_EXECUTION_DATE='2025-11-09T00:00:00+00:00' AIRFLOW_CTX_TRY_NUMBER='1' AIRFLOW_CTX_DAG_RUN_ID='scheduled__2025-11-09T00:00:00+00:00'
[2025-11-17T20:51:11.932+0000] {data_extraction.py:25} INFO - Iniciando extracción de datos...
[2025-11-17T20:51:12.000+0000] {data_extraction.py:47} INFO - Datos base cargados - Transacciones totales: 254936
[2025-11-17T20:51:12.245+0000] {data_extraction.py:60} INFO - 📊 Subsample creado: 4565 transacciones
[2025-11-17T20:51:12.245+0000] {data_extraction.py:61} INFO -    Fecha mínima: 2024-01-01 00:00:00
[2025-11-17T20:51:12.245+0000] {data_extraction.py:62} INFO -    Fecha máxima: 2024-01-07 00:00:00
[2025-11-17T20:51:12.245+0000] {data_extraction.py:63} INFO -    Porcentaje del total: 1.79%
[2025-11-17T20:51:12.249+0000] {data_extraction.py:69} INFO - Clientes cargados: 1569 registros
[2025-11-17T20:51:12.250+0000] {data_extraction.py:70} INFO - Productos cargados: 971 registros
[2025-11-17T20:51:12.283+0000] {data_extraction.py:85} INFO - Fecha máxima en subsample: 2024-01-07 00:00:00
[2025-11-17T20:51:12.291+0000] {data_extraction.py:88} INFO - ✅ Extracción de datos completada exitosamente
[2025-11-17T20:51:12.291+0000] {python.py:194} INFO - Done. Returned value was: {'status': 'success', 'transacciones_count': 4565, 'clientes_count': 1569, 'productos_count': 971, 'max_date': '2024-01-07T00:00:00', 'is_subsample': True, 'subsample_weeks': 1}
[2025-11-17T20:51:12.305+0000] {taskinstance.py:1400} INFO - Marking task as SUCCESS. dag_id=sodai_drinks_production_pipeline, task_id=extract_data, execution_date=20251109T000000, start_date=20251117T205111, end_date=20251117T205112
[2025-11-17T20:51:12.345+0000] {local_task_job_runner.py:228} INFO - Task exited with return code 0
[2025-11-17T20:51:12.366+0000] {taskinstance.py:2778} INFO - 1 downstream tasks scheduled from follow-on schedule check
[2025-11-17T21:03:48.028+0000] {taskinstance.py:1159} INFO - Dependencies all met for dep_context=non-requeueable deps ti=<TaskInstance: sodai_drinks_production_pipeline.extract_data scheduled__2025-11-09T00:00:00+00:00 [queued]>
[2025-11-17T21:03:48.033+0000] {taskinstance.py:1159} INFO - Dependencies all met for dep_context=requeueable deps ti=<TaskInstance: sodai_drinks_production_pipeline.extract_data scheduled__2025-11-09T00:00:00+00:00 [queued]>
[2025-11-17T21:03:48.033+0000] {taskinstance.py:1361} INFO - Starting attempt 1 of 2
[2025-11-17T21:03:48.039+0000] {taskinstance.py:1382} INFO - Executing <Task(PythonOperator): extract_data> on 2025-11-09 00:00:00+00:00
[2025-11-17T21:03:48.050+0000] {standard_task_runner.py:57} INFO - Started process 2381 to run task
[2025-11-17T21:03:48.053+0000] {standard_task_runner.py:84} INFO - Running: ['***', 'tasks', 'run', 'sodai_drinks_production_pipeline', 'extract_data', 'scheduled__2025-11-09T00:00:00+00:00', '--job-id', '55', '--raw', '--subdir', 'DAGS_FOLDER/pipeline_productivo.py', '--cfg-path', '/tmp/tmpoiwzs55y']
[2025-11-17T21:03:48.056+0000] {standard_task_runner.py:85} INFO - Job 55: Subtask extract_data
[2025-11-17T21:03:48.093+0000] {task_command.py:416} INFO - Running <TaskInstance: sodai_drinks_production_pipeline.extract_data scheduled__2025-11-09T00:00:00+00:00 [running]> on host d1f907c36040
[2025-11-17T21:03:48.146+0000] {taskinstance.py:1662} INFO - Exporting env vars: AIRFLOW_CTX_DAG_EMAIL='team@sodaidrinks.com' AIRFLOW_CTX_DAG_OWNER='sodai_drinks_team' AIRFLOW_CTX_DAG_ID='sodai_drinks_production_pipeline' AIRFLOW_CTX_TASK_ID='extract_data' AIRFLOW_CTX_EXECUTION_DATE='2025-11-09T00:00:00+00:00' AIRFLOW_CTX_TRY_NUMBER='1' AIRFLOW_CTX_DAG_RUN_ID='scheduled__2025-11-09T00:00:00+00:00'
[2025-11-17T21:03:48.147+0000] {data_extraction.py:25} INFO - Iniciando extracción de datos...
[2025-11-17T21:03:48.190+0000] {data_extraction.py:47} INFO - Datos base cargados - Transacciones totales: 254936
[2025-11-17T21:03:48.417+0000] {data_extraction.py:60} INFO - 📊 Subsample creado: 4565 transacciones
[2025-11-17T21:03:48.417+0000] {data_extraction.py:61} INFO -    Fecha mínima: 2024-01-01 00:00:00
[2025-11-17T21:03:48.418+0000] {data_extraction.py:62} INFO -    Fecha máxima: 2024-01-07 00:00:00
[2025-11-17T21:03:48.418+0000] {data_extraction.py:63} INFO -    Porcentaje del total: 1.79%
[2025-11-17T21:03:48.421+0000] {data_extraction.py:69} INFO - Clientes cargados: 1569 registros
[2025-11-17T21:03:48.421+0000] {data_extraction.py:70} INFO - Productos cargados: 971 registros
[2025-11-17T21:03:48.449+0000] {data_extraction.py:85} INFO - Fecha máxima en subsample: 2024-01-07 00:00:00
[2025-11-17T21:03:48.455+0000] {data_extraction.py:88} INFO - ✅ Extracción de datos completada exitosamente
[2025-11-17T21:03:48.455+0000] {python.py:194} INFO - Done. Returned value was: {'status': 'success', 'transacciones_count': 4565, 'clientes_count': 1569, 'productos_count': 971, 'max_date': '2024-01-07T00:00:00', 'is_subsample': True, 'subsample_weeks': 1}
[2025-11-17T21:03:48.468+0000] {taskinstance.py:1400} INFO - Marking task as SUCCESS. dag_id=sodai_drinks_production_pipeline, task_id=extract_data, execution_date=20251109T000000, start_date=20251117T210348, end_date=20251117T210348
[2025-11-17T21:03:48.508+0000] {local_task_job_runner.py:228} INFO - Task exited with return code 0
[2025-11-17T21:03:48.092+0000] {taskinstance.py:2778} INFO - 1 downstream tasks scheduled from follow-on schedule check
[2025-11-17T21:17:58.923+0000] {taskinstance.py:1159} INFO - Dependencies all met for dep_context=non-requeueable deps ti=<TaskInstance: sodai_drinks_production_pipeline.extract_data scheduled__2025-11-09T00:00:00+00:00 [queued]>
[2025-11-17T21:17:58.930+0000] {taskinstance.py:1159} INFO - Dependencies all met for dep_context=requeueable deps ti=<TaskInstance: sodai_drinks_production_pipeline.extract_data scheduled__2025-11-09T00:00:00+00:00 [queued]>
[2025-11-17T21:17:58.930+0000] {taskinstance.py:1361} INFO - Starting attempt 1 of 2
[2025-11-17T21:17:58.937+0000] {taskinstance.py:1382} INFO - Executing <Task(PythonOperator): extract_data> on 2025-11-09 00:00:00+00:00
[2025-11-17T21:17:58.948+0000] {standard_task_runner.py:57} INFO - Started process 300 to run task
[2025-11-17T21:17:58.955+0000] {standard_task_runner.py:84} INFO - Running: ['***', 'tasks', 'run', 'sodai_drinks_production_pipeline', 'extract_data', 'scheduled__2025-11-09T00:00:00+00:00', '--job-id', '63', '--raw', '--subdir', 'DAGS_FOLDER/pipeline_productivo.py', '--cfg-path', '/tmp/tmpaktljcqy']
[2025-11-17T21:17:58.966+0000] {standard_task_runner.py:85} INFO - Job 63: Subtask extract_data
[2025-11-17T21:17:59.010+0000] {task_command.py:416} INFO - Running <TaskInstance: sodai_drinks_production_pipeline.extract_data scheduled__2025-11-09T00:00:00+00:00 [running]> on host 38f17a86e62e
[2025-11-17T21:17:59.067+0000] {taskinstance.py:1662} INFO - Exporting env vars: AIRFLOW_CTX_DAG_EMAIL='team@sodaidrinks.com' AIRFLOW_CTX_DAG_OWNER='sodai_drinks_team' AIRFLOW_CTX_DAG_ID='sodai_drinks_production_pipeline' AIRFLOW_CTX_TASK_ID='extract_data' AIRFLOW_CTX_EXECUTION_DATE='2025-11-09T00:00:00+00:00' AIRFLOW_CTX_TRY_NUMBER='1' AIRFLOW_CTX_DAG_RUN_ID='scheduled__2025-11-09T00:00:00+00:00'
[2025-11-17T21:17:59.069+0000] {data_extraction.py:25} INFO - Iniciando extracción de datos...
[2025-11-17T21:17:59.131+0000] {data_extraction.py:47} INFO - Datos base cargados - Transacciones totales: 254936
[2025-11-17T21:17:59.567+0000] {data_extraction.py:60} INFO - 📊 Subsample creado: 4565 transacciones
[2025-11-17T21:17:59.567+0000] {data_extraction.py:61} INFO -    Fecha mínima: 2024-01-01 00:00:00
[2025-11-17T21:17:59.567+0000] {data_extraction.py:62} INFO -    Fecha máxima: 2024-01-07 00:00:00
[2025-11-17T21:17:59.567+0000] {data_extraction.py:63} INFO -    Porcentaje del total: 1.79%
[2025-11-17T21:17:59.573+0000] {data_extraction.py:69} INFO - Clientes cargados: 1569 registros
[2025-11-17T21:17:59.573+0000] {data_extraction.py:70} INFO - Productos cargados: 971 registros
[2025-11-17T21:17:59.611+0000] {data_extraction.py:85} INFO - Fecha máxima en subsample: 2024-01-07 00:00:00
[2025-11-17T21:17:59.619+0000] {data_extraction.py:88} INFO - ✅ Extracción de datos completada exitosamente
[2025-11-17T21:17:59.619+0000] {python.py:194} INFO - Done. Returned value was: {'status': 'success', 'transacciones_count': 4565, 'clientes_count': 1569, 'productos_count': 971, 'max_date': '2024-01-07T00:00:00', 'is_subsample': True, 'subsample_weeks': 1}
[2025-11-17T21:17:59.632+0000] {taskinstance.py:1400} INFO - Marking task as SUCCESS. dag_id=sodai_drinks_production_pipeline, task_id=extract_data, execution_date=20251109T000000, start_date=20251117T211758, end_date=20251117T211759
[2025-11-17T21:17:59.692+0000] {local_task_job_runner.py:228} INFO - Task exited with return code 0
[2025-11-17T21:17:59.714+0000] {taskinstance.py:2778} INFO - 1 downstream tasks scheduled from follow-on schedule check
[2025-11-17T21:38:37.186+0000] {taskinstance.py:1159} INFO - Dependencies all met for dep_context=non-requeueable deps ti=<TaskInstance: sodai_drinks_production_pipeline.extract_data scheduled__2025-11-09T00:00:00+00:00 [queued]>
[2025-11-17T21:38:37.191+0000] {taskinstance.py:1159} INFO - Dependencies all met for dep_context=requeueable deps ti=<TaskInstance: sodai_drinks_production_pipeline.extract_data scheduled__2025-11-09T00:00:00+00:00 [queued]>
[2025-11-17T21:38:37.191+0000] {taskinstance.py:1361} INFO - Starting attempt 1 of 2
[2025-11-17T21:38:37.198+0000] {taskinstance.py:1382} INFO - Executing <Task(PythonOperator): extract_data> on 2025-11-09 00:00:00+00:00
[2025-11-17T21:38:37.208+0000] {standard_task_runner.py:57} INFO - Started process 859 to run task
[2025-11-17T21:38:37.212+0000] {standard_task_runner.py:84} INFO - Running: ['***', 'tasks', 'run', 'sodai_drinks_production_pipeline', 'extract_data', 'scheduled__2025-11-09T00:00:00+00:00', '--job-id', '69', '--raw', '--subdir', 'DAGS_FOLDER/pipeline_productivo.py', '--cfg-path', '/tmp/tmphy7_u9pw']
[2025-11-17T21:38:37.214+0000] {standard_task_runner.py:85} INFO - Job 69: Subtask extract_data
[2025-11-17T21:38:37.248+0000] {task_command.py:416} INFO - Running <TaskInstance: sodai_drinks_production_pipeline.extract_data scheduled__2025-11-09T00:00:00+00:00 [running]> on host 38f17a86e62e
[2025-11-17T21:38:37.297+0000] {taskinstance.py:1662} INFO - Exporting env vars: AIRFLOW_CTX_DAG_EMAIL='team@sodaidrinks.com' AIRFLOW_CTX_DAG_OWNER='sodai_drinks_team' AIRFLOW_CTX_DAG_ID='sodai_drinks_production_pipeline' AIRFLOW_CTX_TASK_ID='extract_data' AIRFLOW_CTX_EXECUTION_DATE='2025-11-09T00:00:00+00:00' AIRFLOW_CTX_TRY_NUMBER='1' AIRFLOW_CTX_DAG_RUN_ID='scheduled__2025-11-09T00:00:00+00:00'
[2025-11-17T21:38:37.298+0000] {data_extraction.py:25} INFO - Iniciando extracción de datos...
[2025-11-17T21:38:37.298+0000] {data_extraction.py:53} INFO - 🔵 PRIMER ENTRENAMIENTO: No se detectó modelo previo
[2025-11-17T21:38:37.298+0000] {data_extraction.py:54} INFO -    Usando datos completos (transacciones.parquet)
[2025-11-17T21:38:37.353+0000] {data_extraction.py:90} INFO - 📊 Datos cargados:
[2025-11-17T21:38:37.353+0000] {data_extraction.py:91} INFO -    Transacciones: 254936 registros
[2025-11-17T21:38:37.353+0000] {data_extraction.py:92} INFO -    Clientes: 1569 registros
[2025-11-17T21:38:37.353+0000] {data_extraction.py:93} INFO -    Productos: 971 registros
[2025-11-17T21:38:37.353+0000] {data_extraction.py:94} INFO -    Tipo: Dataset completo
[2025-11-17T21:38:37.608+0000] {data_extraction.py:111} INFO -    Fecha máxima: 2024-12-31 00:00:00
[2025-11-17T21:38:37.617+0000] {data_extraction.py:114} INFO - ✅ Extracción de datos completada exitosamente
[2025-11-17T21:38:37.617+0000] {python.py:194} INFO - Done. Returned value was: {'status': 'success', 'transacciones_count': 254936, 'clientes_count': 1569, 'productos_count': 971, 'max_date': '2024-12-31T00:00:00', 'is_subsample': False, 'is_first_training': True}
[2025-11-17T21:38:37.631+0000] {taskinstance.py:1400} INFO - Marking task as SUCCESS. dag_id=sodai_drinks_production_pipeline, task_id=extract_data, execution_date=20251109T000000, start_date=20251117T213837, end_date=20251117T213837
[2025-11-17T21:38:37.707+0000] {local_task_job_runner.py:228} INFO - Task exited with return code 0
[2025-11-17T21:38:37.730+0000] {taskinstance.py:2778} INFO - 1 downstream tasks scheduled from follow-on schedule check
[2025-11-17T22:04:40.707+0000] {taskinstance.py:1159} INFO - Dependencies all met for dep_context=non-requeueable deps ti=<TaskInstance: sodai_drinks_production_pipeline.extract_data scheduled__2025-11-09T00:00:00+00:00 [queued]>
[2025-11-17T22:04:40.712+0000] {taskinstance.py:1159} INFO - Dependencies all met for dep_context=requeueable deps ti=<TaskInstance: sodai_drinks_production_pipeline.extract_data scheduled__2025-11-09T00:00:00+00:00 [queued]>
[2025-11-17T22:04:40.713+0000] {taskinstance.py:1361} INFO - Starting attempt 1 of 2
[2025-11-17T22:04:40.719+0000] {taskinstance.py:1382} INFO - Executing <Task(PythonOperator): extract_data> on 2025-11-09 00:00:00+00:00
[2025-11-17T22:04:40.730+0000] {standard_task_runner.py:57} INFO - Started process 3975 to run task
[2025-11-17T22:04:40.733+0000] {standard_task_runner.py:84} INFO - Running: ['***', 'tasks', 'run', 'sodai_drinks_production_pipeline', 'extract_data', 'scheduled__2025-11-09T00:00:00+00:00', '--job-id', '71', '--raw', '--subdir', 'DAGS_FOLDER/pipeline_productivo.py', '--cfg-path', '/tmp/tmpxzowuzt3']
[2025-11-17T22:04:40.736+0000] {standard_task_runner.py:85} INFO - Job 71: Subtask extract_data
[2025-11-17T22:04:40.770+0000] {task_command.py:416} INFO - Running <TaskInstance: sodai_drinks_production_pipeline.extract_data scheduled__2025-11-09T00:00:00+00:00 [running]> on host 38f17a86e62e
[2025-11-17T22:04:40.166+0000] {taskinstance.py:1662} INFO - Exporting env vars: AIRFLOW_CTX_DAG_EMAIL='team@sodaidrinks.com' AIRFLOW_CTX_DAG_OWNER='sodai_drinks_team' AIRFLOW_CTX_DAG_ID='sodai_drinks_production_pipeline' AIRFLOW_CTX_TASK_ID='extract_data' AIRFLOW_CTX_EXECUTION_DATE='2025-11-09T00:00:00+00:00' AIRFLOW_CTX_TRY_NUMBER='1' AIRFLOW_CTX_DAG_RUN_ID='scheduled__2025-11-09T00:00:00+00:00'
[2025-11-17T22:04:40.167+0000] {data_extraction.py:25} INFO - Iniciando extracción de datos...
[2025-11-17T22:04:40.167+0000] {data_extraction.py:53} INFO - 🔵 PRIMER ENTRENAMIENTO: No se detectó modelo previo
[2025-11-17T22:04:40.167+0000] {data_extraction.py:54} INFO -    Usando datos completos (transacciones.parquet)
[2025-11-17T22:04:40.216+0000] {data_extraction.py:90} INFO - 📊 Datos cargados:
[2025-11-17T22:04:40.216+0000] {data_extraction.py:91} INFO -    Transacciones: 254936 registros
[2025-11-17T22:04:40.216+0000] {data_extraction.py:92} INFO -    Clientes: 1569 registros
[2025-11-17T22:04:40.217+0000] {data_extraction.py:93} INFO -    Productos: 971 registros
[2025-11-17T22:04:40.217+0000] {data_extraction.py:94} INFO -    Tipo: Dataset completo
[2025-11-17T22:04:39.565+0000] {data_extraction.py:111} INFO -    Fecha máxima: 2024-12-31 00:00:00
[2025-11-17T22:04:39.574+0000] {data_extraction.py:114} INFO - ✅ Extracción de datos completada exitosamente
[2025-11-17T22:04:39.574+0000] {python.py:194} INFO - Done. Returned value was: {'status': 'success', 'transacciones_count': 254936, 'clientes_count': 1569, 'productos_count': 971, 'max_date': '2024-12-31T00:00:00', 'is_subsample': False, 'is_first_training': True}
[2025-11-17T22:04:39.588+0000] {taskinstance.py:1400} INFO - Marking task as SUCCESS. dag_id=sodai_drinks_production_pipeline, task_id=extract_data, execution_date=20251109T000000, start_date=20251117T220440, end_date=20251117T220439
[2025-11-17T22:04:39.643+0000] {local_task_job_runner.py:228} INFO - Task exited with return code 0
[2025-11-17T22:04:39.663+0000] {taskinstance.py:2778} INFO - 1 downstream tasks scheduled from follow-on schedule check
[2025-11-17T22:12:53.477+0000] {taskinstance.py:1159} INFO - Dependencies all met for dep_context=non-requeueable deps ti=<TaskInstance: sodai_drinks_production_pipeline.extract_data scheduled__2025-11-09T00:00:00+00:00 [queued]>
[2025-11-17T22:12:53.482+0000] {taskinstance.py:1159} INFO - Dependencies all met for dep_context=requeueable deps ti=<TaskInstance: sodai_drinks_production_pipeline.extract_data scheduled__2025-11-09T00:00:00+00:00 [queued]>
[2025-11-17T22:12:53.482+0000] {taskinstance.py:1361} INFO - Starting attempt 1 of 2
[2025-11-17T22:12:53.488+0000] {taskinstance.py:1382} INFO - Executing <Task(PythonOperator): extract_data> on 2025-11-09 00:00:00+00:00
[2025-11-17T22:12:53.499+0000] {standard_task_runner.py:57} INFO - Started process 242 to run task
[2025-11-17T22:12:53.502+0000] {standard_task_runner.py:84} INFO - Running: ['***', 'tasks', 'run', 'sodai_drinks_production_pipeline', 'extract_data', 'scheduled__2025-11-09T00:00:00+00:00', '--job-id', '77', '--raw', '--subdir', 'DAGS_FOLDER/pipeline_productivo.py', '--cfg-path', '/tmp/tmphkzwwqs2']
[2025-11-17T22:12:53.505+0000] {standard_task_runner.py:85} INFO - Job 77: Subtask extract_data
[2025-11-17T22:12:53.542+0000] {task_command.py:416} INFO - Running <TaskInstance: sodai_drinks_production_pipeline.extract_data scheduled__2025-11-09T00:00:00+00:00 [running]> on host 4a9d41c94249
[2025-11-17T22:12:53.600+0000] {taskinstance.py:1662} INFO - Exporting env vars: AIRFLOW_CTX_DAG_EMAIL='team@sodaidrinks.com' AIRFLOW_CTX_DAG_OWNER='sodai_drinks_team' AIRFLOW_CTX_DAG_ID='sodai_drinks_production_pipeline' AIRFLOW_CTX_TASK_ID='extract_data' AIRFLOW_CTX_EXECUTION_DATE='2025-11-09T00:00:00+00:00' AIRFLOW_CTX_TRY_NUMBER='1' AIRFLOW_CTX_DAG_RUN_ID='scheduled__2025-11-09T00:00:00+00:00'
[2025-11-17T22:12:53.602+0000] {data_extraction.py:25} INFO - Iniciando extracción de datos...
[2025-11-17T22:12:53.602+0000] {data_extraction.py:62} INFO - 🟢 REENTRENAMIENTO: Modelo previo detectado
[2025-11-17T22:12:53.603+0000] {data_extraction.py:63} INFO -    Usando datos incrementales (transacciones_subsample.parquet)
[2025-11-17T22:12:53.892+0000] {data_extraction.py:90} INFO - 📊 Datos cargados:
[2025-11-17T22:12:53.893+0000] {data_extraction.py:91} INFO -    Transacciones: 4565 registros
[2025-11-17T22:12:53.893+0000] {data_extraction.py:92} INFO -    Clientes: 1569 registros
[2025-11-17T22:12:53.893+0000] {data_extraction.py:93} INFO -    Productos: 971 registros
[2025-11-17T22:12:53.893+0000] {data_extraction.py:94} INFO -    Tipo: Subsample semanal
[2025-11-17T22:12:53.949+0000] {data_extraction.py:111} INFO -    Fecha máxima: 2024-01-07 00:00:00
[2025-11-17T22:12:53.956+0000] {data_extraction.py:114} INFO - ✅ Extracción de datos completada exitosamente
[2025-11-17T22:12:53.957+0000] {python.py:194} INFO - Done. Returned value was: {'status': 'success', 'transacciones_count': 4565, 'clientes_count': 1569, 'productos_count': 971, 'max_date': '2024-01-07T00:00:00', 'is_subsample': True, 'is_first_training': False}
[2025-11-17T22:12:53.970+0000] {taskinstance.py:1400} INFO - Marking task as SUCCESS. dag_id=sodai_drinks_production_pipeline, task_id=extract_data, execution_date=20251109T000000, start_date=20251117T221253, end_date=20251117T221253
[2025-11-17T22:12:54.040+0000] {local_task_job_runner.py:228} INFO - Task exited with return code 0
[2025-11-17T22:12:54.058+0000] {taskinstance.py:2778} INFO - 0 downstream tasks scheduled from follow-on schedule check
[2025-11-17T22:54:00.578+0000] {taskinstance.py:1159} INFO - Dependencies all met for dep_context=non-requeueable deps ti=<TaskInstance: sodai_drinks_production_pipeline.extract_data scheduled__2025-11-09T00:00:00+00:00 [queued]>
[2025-11-17T22:54:00.584+0000] {taskinstance.py:1159} INFO - Dependencies all met for dep_context=requeueable deps ti=<TaskInstance: sodai_drinks_production_pipeline.extract_data scheduled__2025-11-09T00:00:00+00:00 [queued]>
[2025-11-17T22:54:00.584+0000] {taskinstance.py:1361} INFO - Starting attempt 1 of 2
[2025-11-17T22:54:00.591+0000] {taskinstance.py:1382} INFO - Executing <Task(PythonOperator): extract_data> on 2025-11-09 00:00:00+00:00
[2025-11-17T22:54:00.601+0000] {standard_task_runner.py:57} INFO - Started process 2380 to run task
[2025-11-17T22:54:00.605+0000] {standard_task_runner.py:84} INFO - Running: ['***', 'tasks', 'run', 'sodai_drinks_production_pipeline', 'extract_data', 'scheduled__2025-11-09T00:00:00+00:00', '--job-id', '98', '--raw', '--subdir', 'DAGS_FOLDER/pipeline_productivo.py', '--cfg-path', '/tmp/tmp161tnbb8']
[2025-11-17T22:54:00.608+0000] {standard_task_runner.py:85} INFO - Job 98: Subtask extract_data
[2025-11-17T22:54:00.649+0000] {task_command.py:416} INFO - Running <TaskInstance: sodai_drinks_production_pipeline.extract_data scheduled__2025-11-09T00:00:00+00:00 [running]> on host 54d078b6a186
[2025-11-17T22:54:00.697+0000] {taskinstance.py:1662} INFO - Exporting env vars: AIRFLOW_CTX_DAG_EMAIL='team@sodaidrinks.com' AIRFLOW_CTX_DAG_OWNER='sodai_drinks_team' AIRFLOW_CTX_DAG_ID='sodai_drinks_production_pipeline' AIRFLOW_CTX_TASK_ID='extract_data' AIRFLOW_CTX_EXECUTION_DATE='2025-11-09T00:00:00+00:00' AIRFLOW_CTX_TRY_NUMBER='1' AIRFLOW_CTX_DAG_RUN_ID='scheduled__2025-11-09T00:00:00+00:00'
[2025-11-17T22:54:00.699+0000] {data_extraction.py:25} INFO - Iniciando extracción de datos...
[2025-11-17T22:54:00.700+0000] {data_extraction.py:62} INFO - 🟢 REENTRENAMIENTO: Modelo previo detectado
[2025-11-17T22:54:00.700+0000] {data_extraction.py:63} INFO -    Usando datos incrementales (transacciones_subsample.parquet)
[2025-11-17T22:54:00.997+0000] {data_extraction.py:90} INFO - 📊 Datos cargados:
[2025-11-17T22:54:00.997+0000] {data_extraction.py:91} INFO -    Transacciones: 4565 registros
[2025-11-17T22:54:00.997+0000] {data_extraction.py:92} INFO -    Clientes: 1569 registros
[2025-11-17T22:54:00.997+0000] {data_extraction.py:93} INFO -    Productos: 971 registros
[2025-11-17T22:54:00.997+0000] {data_extraction.py:94} INFO -    Tipo: Subsample semanal
[2025-11-17T22:54:01.046+0000] {data_extraction.py:111} INFO -    Fecha máxima: 2024-01-07 00:00:00
[2025-11-17T22:54:01.053+0000] {data_extraction.py:114} INFO - ✅ Extracción de datos completada exitosamente
[2025-11-17T22:54:01.053+0000] {python.py:194} INFO - Done. Returned value was: {'status': 'success', 'transacciones_count': 4565, 'clientes_count': 1569, 'productos_count': 971, 'max_date': '2024-01-07T00:00:00', 'is_subsample': True, 'is_first_training': False}
[2025-11-17T22:54:01.070+0000] {taskinstance.py:1400} INFO - Marking task as SUCCESS. dag_id=sodai_drinks_production_pipeline, task_id=extract_data, execution_date=20251109T000000, start_date=20251117T225400, end_date=20251117T225401
[2025-11-17T22:54:01.111+0000] {local_task_job_runner.py:228} INFO - Task exited with return code 0
[2025-11-17T22:54:01.131+0000] {taskinstance.py:2778} INFO - 1 downstream tasks scheduled from follow-on schedule check
[2025-11-17T23:03:17.195+0000] {taskinstance.py:1159} INFO - Dependencies all met for dep_context=non-requeueable deps ti=<TaskInstance: sodai_drinks_production_pipeline.extract_data scheduled__2025-11-09T00:00:00+00:00 [queued]>
[2025-11-17T23:03:17.200+0000] {taskinstance.py:1159} INFO - Dependencies all met for dep_context=requeueable deps ti=<TaskInstance: sodai_drinks_production_pipeline.extract_data scheduled__2025-11-09T00:00:00+00:00 [queued]>
[2025-11-17T23:03:17.201+0000] {taskinstance.py:1361} INFO - Starting attempt 1 of 2
[2025-11-17T23:03:17.208+0000] {taskinstance.py:1382} INFO - Executing <Task(PythonOperator): extract_data> on 2025-11-09 00:00:00+00:00
[2025-11-17T23:03:17.219+0000] {standard_task_runner.py:57} INFO - Started process 3699 to run task
[2025-11-17T23:03:17.222+0000] {standard_task_runner.py:84} INFO - Running: ['***', 'tasks', 'run', 'sodai_drinks_production_pipeline', 'extract_data', 'scheduled__2025-11-09T00:00:00+00:00', '--job-id', '103', '--raw', '--subdir', 'DAGS_FOLDER/pipeline_productivo.py', '--cfg-path', '/tmp/tmpokq94naq']
[2025-11-17T23:03:17.225+0000] {standard_task_runner.py:85} INFO - Job 103: Subtask extract_data
[2025-11-17T23:03:17.259+0000] {task_command.py:416} INFO - Running <TaskInstance: sodai_drinks_production_pipeline.extract_data scheduled__2025-11-09T00:00:00+00:00 [running]> on host 54d078b6a186
[2025-11-17T23:03:17.315+0000] {taskinstance.py:1662} INFO - Exporting env vars: AIRFLOW_CTX_DAG_EMAIL='team@sodaidrinks.com' AIRFLOW_CTX_DAG_OWNER='sodai_drinks_team' AIRFLOW_CTX_DAG_ID='sodai_drinks_production_pipeline' AIRFLOW_CTX_TASK_ID='extract_data' AIRFLOW_CTX_EXECUTION_DATE='2025-11-09T00:00:00+00:00' AIRFLOW_CTX_TRY_NUMBER='1' AIRFLOW_CTX_DAG_RUN_ID='scheduled__2025-11-09T00:00:00+00:00'
[2025-11-17T23:03:17.318+0000] {data_extraction.py:25} INFO - Iniciando extracción de datos...
[2025-11-17T23:03:17.318+0000] {data_extraction.py:62} INFO - 🟢 REENTRENAMIENTO: Modelo previo detectado
[2025-11-17T23:03:17.318+0000] {data_extraction.py:63} INFO -    Usando datos incrementales (transacciones_subsample.parquet)
[2025-11-17T23:03:17.565+0000] {data_extraction.py:90} INFO - 📊 Datos cargados:
[2025-11-17T23:03:17.565+0000] {data_extraction.py:91} INFO -    Transacciones: 4565 registros
[2025-11-17T23:03:17.565+0000] {data_extraction.py:92} INFO -    Clientes: 1569 registros
[2025-11-17T23:03:17.565+0000] {data_extraction.py:93} INFO -    Productos: 971 registros
[2025-11-17T23:03:17.565+0000] {data_extraction.py:94} INFO -    Tipo: Subsample semanal
[2025-11-17T23:03:17.607+0000] {data_extraction.py:111} INFO -    Fecha máxima: 2024-01-07 00:00:00
[2025-11-17T23:03:17.614+0000] {data_extraction.py:114} INFO - ✅ Extracción de datos completada exitosamente
[2025-11-17T23:03:17.614+0000] {python.py:194} INFO - Done. Returned value was: {'status': 'success', 'transacciones_count': 4565, 'clientes_count': 1569, 'productos_count': 971, 'max_date': '2024-01-07T00:00:00', 'is_subsample': True, 'is_first_training': False}
[2025-11-17T23:03:17.628+0000] {taskinstance.py:1400} INFO - Marking task as SUCCESS. dag_id=sodai_drinks_production_pipeline, task_id=extract_data, execution_date=20251109T000000, start_date=20251117T230317, end_date=20251117T230317
[2025-11-17T23:03:17.677+0000] {local_task_job_runner.py:228} INFO - Task exited with return code 0
[2025-11-17T23:03:17.702+0000] {taskinstance.py:2778} INFO - 1 downstream tasks scheduled from follow-on schedule check
[2025-11-17T23:45:13.292+0000] {taskinstance.py:1159} INFO - Dependencies all met for dep_context=non-requeueable deps ti=<TaskInstance: sodai_drinks_production_pipeline.extract_data scheduled__2025-11-09T00:00:00+00:00 [queued]>
[2025-11-17T23:45:13.298+0000] {taskinstance.py:1159} INFO - Dependencies all met for dep_context=requeueable deps ti=<TaskInstance: sodai_drinks_production_pipeline.extract_data scheduled__2025-11-09T00:00:00+00:00 [queued]>
[2025-11-17T23:45:13.298+0000] {taskinstance.py:1361} INFO - Starting attempt 1 of 2
[2025-11-17T23:45:13.307+0000] {taskinstance.py:1382} INFO - Executing <Task(PythonOperator): extract_data> on 2025-11-09 00:00:00+00:00
[2025-11-17T23:45:13.318+0000] {standard_task_runner.py:57} INFO - Started process 6770 to run task
[2025-11-17T23:45:13.324+0000] {standard_task_runner.py:84} INFO - Running: ['***', 'tasks', 'run', 'sodai_drinks_production_pipeline', 'extract_data', 'scheduled__2025-11-09T00:00:00+00:00', '--job-id', '108', '--raw', '--subdir', 'DAGS_FOLDER/pipeline_productivo.py', '--cfg-path', '/tmp/tmpogbohsed']
[2025-11-17T23:45:13.333+0000] {standard_task_runner.py:85} INFO - Job 108: Subtask extract_data
[2025-11-17T23:45:13.372+0000] {task_command.py:416} INFO - Running <TaskInstance: sodai_drinks_production_pipeline.extract_data scheduled__2025-11-09T00:00:00+00:00 [running]> on host 54d078b6a186
[2025-11-17T23:45:13.422+0000] {taskinstance.py:1662} INFO - Exporting env vars: AIRFLOW_CTX_DAG_EMAIL='team@sodaidrinks.com' AIRFLOW_CTX_DAG_OWNER='sodai_drinks_team' AIRFLOW_CTX_DAG_ID='sodai_drinks_production_pipeline' AIRFLOW_CTX_TASK_ID='extract_data' AIRFLOW_CTX_EXECUTION_DATE='2025-11-09T00:00:00+00:00' AIRFLOW_CTX_TRY_NUMBER='1' AIRFLOW_CTX_DAG_RUN_ID='scheduled__2025-11-09T00:00:00+00:00'
[2025-11-17T23:45:13.424+0000] {data_extraction.py:25} INFO - Iniciando extracción de datos...
[2025-11-17T23:45:13.425+0000] {data_extraction.py:62} INFO - 🟢 REENTRENAMIENTO: Modelo previo detectado
[2025-11-17T23:45:13.425+0000] {data_extraction.py:63} INFO -    Usando datos incrementales (transacciones_subsample.parquet)
[2025-11-17T23:45:13.702+0000] {data_extraction.py:90} INFO - 📊 Datos cargados:
[2025-11-17T23:45:13.702+0000] {data_extraction.py:91} INFO -    Transacciones: 4565 registros
[2025-11-17T23:45:13.702+0000] {data_extraction.py:92} INFO -    Clientes: 1569 registros
[2025-11-17T23:45:13.702+0000] {data_extraction.py:93} INFO -    Productos: 971 registros
[2025-11-17T23:45:13.702+0000] {data_extraction.py:94} INFO -    Tipo: Subsample semanal
[2025-11-17T23:45:13.752+0000] {data_extraction.py:111} INFO -    Fecha máxima: 2024-01-07 00:00:00
[2025-11-17T23:45:13.760+0000] {data_extraction.py:114} INFO - ✅ Extracción de datos completada exitosamente
[2025-11-17T23:45:13.760+0000] {python.py:194} INFO - Done. Returned value was: {'status': 'success', 'transacciones_count': 4565, 'clientes_count': 1569, 'productos_count': 971, 'max_date': '2024-01-07T00:00:00', 'is_subsample': True, 'is_first_training': False}
[2025-11-17T23:45:13.776+0000] {taskinstance.py:1400} INFO - Marking task as SUCCESS. dag_id=sodai_drinks_production_pipeline, task_id=extract_data, execution_date=20251109T000000, start_date=20251117T234513, end_date=20251117T234513
[2025-11-17T23:45:13.820+0000] {local_task_job_runner.py:228} INFO - Task exited with return code 0
[2025-11-17T23:45:13.841+0000] {taskinstance.py:2778} INFO - 1 downstream tasks scheduled from follow-on schedule check
[2025-11-17T23:51:17.746+0000] {taskinstance.py:1159} INFO - Dependencies all met for dep_context=non-requeueable deps ti=<TaskInstance: sodai_drinks_production_pipeline.extract_data scheduled__2025-11-09T00:00:00+00:00 [queued]>
[2025-11-17T23:51:17.766+0000] {taskinstance.py:1159} INFO - Dependencies all met for dep_context=requeueable deps ti=<TaskInstance: sodai_drinks_production_pipeline.extract_data scheduled__2025-11-09T00:00:00+00:00 [queued]>
[2025-11-17T23:51:17.766+0000] {taskinstance.py:1361} INFO - Starting attempt 1 of 2
[2025-11-17T23:51:17.773+0000] {taskinstance.py:1382} INFO - Executing <Task(PythonOperator): extract_data> on 2025-11-09 00:00:00+00:00
[2025-11-17T23:51:17.782+0000] {standard_task_runner.py:57} INFO - Started process 554 to run task
[2025-11-17T23:51:17.785+0000] {standard_task_runner.py:84} INFO - Running: ['***', 'tasks', 'run', 'sodai_drinks_production_pipeline', 'extract_data', 'scheduled__2025-11-09T00:00:00+00:00', '--job-id', '114', '--raw', '--subdir', 'DAGS_FOLDER/pipeline_productivo.py', '--cfg-path', '/tmp/tmphrm4rokv']
[2025-11-17T23:51:17.788+0000] {standard_task_runner.py:85} INFO - Job 114: Subtask extract_data
[2025-11-17T23:51:17.822+0000] {task_command.py:416} INFO - Running <TaskInstance: sodai_drinks_production_pipeline.extract_data scheduled__2025-11-09T00:00:00+00:00 [running]> on host c28908a06edf
[2025-11-17T23:51:17.873+0000] {taskinstance.py:1662} INFO - Exporting env vars: AIRFLOW_CTX_DAG_EMAIL='team@sodaidrinks.com' AIRFLOW_CTX_DAG_OWNER='sodai_drinks_team' AIRFLOW_CTX_DAG_ID='sodai_drinks_production_pipeline' AIRFLOW_CTX_TASK_ID='extract_data' AIRFLOW_CTX_EXECUTION_DATE='2025-11-09T00:00:00+00:00' AIRFLOW_CTX_TRY_NUMBER='1' AIRFLOW_CTX_DAG_RUN_ID='scheduled__2025-11-09T00:00:00+00:00'
[2025-11-17T23:51:17.875+0000] {data_extraction.py:25} INFO - Iniciando extracción de datos...
[2025-11-17T23:51:17.876+0000] {data_extraction.py:62} INFO - 🟢 REENTRENAMIENTO: Modelo previo detectado
[2025-11-17T23:51:17.876+0000] {data_extraction.py:63} INFO -    Usando datos incrementales (transacciones_subsample.parquet)
[2025-11-17T23:51:18.112+0000] {data_extraction.py:90} INFO - 📊 Datos cargados:
[2025-11-17T23:51:18.112+0000] {data_extraction.py:91} INFO -    Transacciones: 4565 registros
[2025-11-17T23:51:18.112+0000] {data_extraction.py:92} INFO -    Clientes: 1569 registros
[2025-11-17T23:51:18.112+0000] {data_extraction.py:93} INFO -    Productos: 971 registros
[2025-11-17T23:51:18.113+0000] {data_extraction.py:94} INFO -    Tipo: Subsample semanal
[2025-11-17T23:51:18.165+0000] {data_extraction.py:111} INFO -    Fecha máxima: 2024-01-07 00:00:00
[2025-11-17T23:51:18.190+0000] {data_extraction.py:114} INFO - ✅ Extracción de datos completada exitosamente
[2025-11-17T23:51:18.190+0000] {python.py:194} INFO - Done. Returned value was: {'status': 'success', 'transacciones_count': 4565, 'clientes_count': 1569, 'productos_count': 971, 'max_date': '2024-01-07T00:00:00', 'is_subsample': True, 'is_first_training': False}
[2025-11-17T23:51:18.204+0000] {taskinstance.py:1400} INFO - Marking task as SUCCESS. dag_id=sodai_drinks_production_pipeline, task_id=extract_data, execution_date=20251109T000000, start_date=20251117T235117, end_date=20251117T235118
[2025-11-17T23:51:18.241+0000] {local_task_job_runner.py:228} INFO - Task exited with return code 0
[2025-11-17T23:51:18.261+0000] {taskinstance.py:2778} INFO - 1 downstream tasks scheduled from follow-on schedule check
