[2025-10-28T00:42:10.609+0000] {taskinstance.py:1159} INFO - Dependencies all met for dep_context=non-requeueable deps ti=<TaskInstance: hiring_dynamic.split_data scheduled__2025-01-05T15:00:00+00:00 [queued]>
[2025-10-28T00:42:10.612+0000] {taskinstance.py:1159} INFO - Dependencies all met for dep_context=requeueable deps ti=<TaskInstance: hiring_dynamic.split_data scheduled__2025-01-05T15:00:00+00:00 [queued]>
[2025-10-28T00:42:10.612+0000] {taskinstance.py:1361} INFO - Starting attempt 1 of 1
[2025-10-28T00:42:10.618+0000] {taskinstance.py:1382} INFO - Executing <Task(PythonOperator): split_data> on 2025-01-05 15:00:00+00:00
[2025-10-28T00:42:10.621+0000] {standard_task_runner.py:57} INFO - Started process 1265 to run task
[2025-10-28T00:42:10.623+0000] {standard_task_runner.py:84} INFO - Running: ['airflow', 'tasks', 'run', 'hiring_dynamic', 'split_data', 'scheduled__2025-01-05T15:00:00+00:00', '--job-id', '56', '--raw', '--subdir', 'DAGS_FOLDER/dag_dynamic.py', '--cfg-path', '/tmp/tmpacgr_g4u']
[2025-10-28T00:42:10.624+0000] {standard_task_runner.py:85} INFO - Job 56: Subtask split_data
[2025-10-28T00:42:10.645+0000] {task_command.py:416} INFO - Running <TaskInstance: hiring_dynamic.split_data scheduled__2025-01-05T15:00:00+00:00 [running]> on host d1f69dfe6243
[2025-10-28T00:42:10.672+0000] {taskinstance.py:1662} INFO - Exporting env vars: AIRFLOW_CTX_DAG_OWNER='airflow' AIRFLOW_CTX_DAG_ID='hiring_dynamic' AIRFLOW_CTX_TASK_ID='split_data' AIRFLOW_CTX_EXECUTION_DATE='2025-01-05T15:00:00+00:00' AIRFLOW_CTX_TRY_NUMBER='1' AIRFLOW_CTX_DAG_RUN_ID='scheduled__2025-01-05T15:00:00+00:00'
[2025-10-28T00:42:10.687+0000] {logging_mixin.py:154} INFO - Train guardado en: /opt/airflow/data/dynamic/2025-01-05/splits/train.csv - Shape: (1200, 10)
[2025-10-28T00:42:10.687+0000] {logging_mixin.py:154} INFO - Test guardado en: /opt/airflow/data/dynamic/2025-01-05/splits/test.csv - Shape: (300, 10)
[2025-10-28T00:42:10.694+0000] {python.py:194} INFO - Done. Returned value was: None
[2025-10-28T00:42:10.696+0000] {taskinstance.py:1400} INFO - Marking task as SUCCESS. dag_id=hiring_dynamic, task_id=split_data, execution_date=20250105T150000, start_date=20251028T004210, end_date=20251028T004210
[2025-10-28T00:42:10.728+0000] {local_task_job_runner.py:228} INFO - Task exited with return code 0
[2025-10-28T00:42:10.740+0000] {taskinstance.py:2778} INFO - 3 downstream tasks scheduled from follow-on schedule check
[2025-10-28T01:28:49.777+0000] {taskinstance.py:1159} INFO - Dependencies all met for dep_context=non-requeueable deps ti=<TaskInstance: hiring_dynamic.split_data scheduled__2025-01-05T15:00:00+00:00 [queued]>
[2025-10-28T01:28:49.780+0000] {taskinstance.py:1159} INFO - Dependencies all met for dep_context=requeueable deps ti=<TaskInstance: hiring_dynamic.split_data scheduled__2025-01-05T15:00:00+00:00 [queued]>
[2025-10-28T01:28:49.780+0000] {taskinstance.py:1361} INFO - Starting attempt 1 of 1
[2025-10-28T01:28:49.786+0000] {taskinstance.py:1382} INFO - Executing <Task(PythonOperator): split_data> on 2025-01-05 15:00:00+00:00
[2025-10-28T01:28:49.790+0000] {standard_task_runner.py:57} INFO - Started process 1320 to run task
[2025-10-28T01:28:49.794+0000] {standard_task_runner.py:84} INFO - Running: ['airflow', 'tasks', 'run', 'hiring_dynamic', 'split_data', 'scheduled__2025-01-05T15:00:00+00:00', '--job-id', '47', '--raw', '--subdir', 'DAGS_FOLDER/dag_dynamic.py', '--cfg-path', '/tmp/tmpdxsivgc0']
[2025-10-28T01:28:49.795+0000] {standard_task_runner.py:85} INFO - Job 47: Subtask split_data
[2025-10-28T01:28:49.815+0000] {task_command.py:416} INFO - Running <TaskInstance: hiring_dynamic.split_data scheduled__2025-01-05T15:00:00+00:00 [running]> on host c46dbfd34b1f
[2025-10-28T01:28:49.844+0000] {taskinstance.py:1662} INFO - Exporting env vars: AIRFLOW_CTX_DAG_OWNER='airflow' AIRFLOW_CTX_DAG_ID='hiring_dynamic' AIRFLOW_CTX_TASK_ID='split_data' AIRFLOW_CTX_EXECUTION_DATE='2025-01-05T15:00:00+00:00' AIRFLOW_CTX_TRY_NUMBER='1' AIRFLOW_CTX_DAG_RUN_ID='scheduled__2025-01-05T15:00:00+00:00'
[2025-10-28T01:28:49.859+0000] {logging_mixin.py:154} INFO - Train guardado en: /opt/airflow/data/dynamic/2025-01-05/splits/train.csv - Shape: (1200, 10)
[2025-10-28T01:28:49.859+0000] {logging_mixin.py:154} INFO - Test guardado en: /opt/airflow/data/dynamic/2025-01-05/splits/test.csv - Shape: (300, 10)
[2025-10-28T01:28:49.865+0000] {python.py:194} INFO - Done. Returned value was: None
[2025-10-28T01:28:49.867+0000] {taskinstance.py:1400} INFO - Marking task as SUCCESS. dag_id=hiring_dynamic, task_id=split_data, execution_date=20250105T150000, start_date=20251028T012849, end_date=20251028T012849
[2025-10-28T01:28:49.895+0000] {local_task_job_runner.py:228} INFO - Task exited with return code 0
[2025-10-28T01:28:49.906+0000] {taskinstance.py:2778} INFO - 3 downstream tasks scheduled from follow-on schedule check
