[2025-10-28T00:41:14.630+0000] {taskinstance.py:1159} INFO - Dependencies all met for dep_context=non-requeueable deps ti=<TaskInstance: hiring_dynamic.download_data_1 scheduled__2025-03-05T15:00:00+00:00 [queued]>
[2025-10-28T00:41:14.634+0000] {taskinstance.py:1159} INFO - Dependencies all met for dep_context=requeueable deps ti=<TaskInstance: hiring_dynamic.download_data_1 scheduled__2025-03-05T15:00:00+00:00 [queued]>
[2025-10-28T00:41:14.635+0000] {taskinstance.py:1361} INFO - Starting attempt 1 of 1
[2025-10-28T00:41:14.640+0000] {taskinstance.py:1382} INFO - Executing <Task(BashOperator): download_data_1> on 2025-03-05 15:00:00+00:00
[2025-10-28T00:41:14.644+0000] {standard_task_runner.py:57} INFO - Started process 903 to run task
[2025-10-28T00:41:14.647+0000] {standard_task_runner.py:84} INFO - Running: ['airflow', 'tasks', 'run', 'hiring_dynamic', 'download_data_1', 'scheduled__2025-03-05T15:00:00+00:00', '--job-id', '40', '--raw', '--subdir', 'DAGS_FOLDER/dag_dynamic.py', '--cfg-path', '/tmp/tmpfs5eyy2m']
[2025-10-28T00:41:14.648+0000] {standard_task_runner.py:85} INFO - Job 40: Subtask download_data_1
[2025-10-28T00:41:14.669+0000] {task_command.py:416} INFO - Running <TaskInstance: hiring_dynamic.download_data_1 scheduled__2025-03-05T15:00:00+00:00 [running]> on host d1f69dfe6243
[2025-10-28T00:41:14.703+0000] {taskinstance.py:1662} INFO - Exporting env vars: AIRFLOW_CTX_DAG_OWNER='airflow' AIRFLOW_CTX_DAG_ID='hiring_dynamic' AIRFLOW_CTX_TASK_ID='download_data_1' AIRFLOW_CTX_EXECUTION_DATE='2025-03-05T15:00:00+00:00' AIRFLOW_CTX_TRY_NUMBER='1' AIRFLOW_CTX_DAG_RUN_ID='scheduled__2025-03-05T15:00:00+00:00'
[2025-10-28T00:41:14.704+0000] {subprocess.py:63} INFO - Tmp dir root location: /tmp
[2025-10-28T00:41:14.706+0000] {subprocess.py:75} INFO - Running command: ['/bin/bash', '-c', '\n        RAW_DIR="/opt/airflow/data/dynamic/2025-03-05/raw"\n        mkdir -p "$RAW_DIR"\n        curl -L -f -o "$RAW_DIR/data_1.csv" https://gitlab.com/eduardomoyab/laboratorio-13/-/raw/main/files/data_1.csv\n        echo \'✅ Archivo data_1.csv descargado exitosamente\'\n        ls -lh "$RAW_DIR/data_1.csv"\n    ']
[2025-10-28T00:41:14.717+0000] {subprocess.py:86} INFO - Output:
[2025-10-28T00:41:14.726+0000] {subprocess.py:93} INFO -   % Total    % Received % Xferd  Average Speed   Time    Time     Time  Current
[2025-10-28T00:41:14.726+0000] {subprocess.py:93} INFO -                                  Dload  Upload   Total   Spent    Left  Speed
[2025-10-28T00:41:15.332+0000] {subprocess.py:93} INFO -   0     0    0     0    0     0      0      0 --:--:-- --:--:-- --:--:--     0100 32735  100 32735    0     0  54107      0 --:--:-- --:--:-- --:--:-- 54107
[2025-10-28T00:41:15.337+0000] {subprocess.py:93} INFO - ✅ Archivo data_1.csv descargado exitosamente
[2025-10-28T00:41:15.341+0000] {subprocess.py:93} INFO - -rw-r--r-- 1 airflow root 32K Oct 28 00:41 /opt/airflow/data/dynamic/2025-03-05/raw/data_1.csv
[2025-10-28T00:41:15.343+0000] {subprocess.py:97} INFO - Command exited with return code 0
[2025-10-28T00:41:15.364+0000] {taskinstance.py:1400} INFO - Marking task as SUCCESS. dag_id=hiring_dynamic, task_id=download_data_1, execution_date=20250305T150000, start_date=20251028T004114, end_date=20251028T004115
[2025-10-28T00:41:15.383+0000] {local_task_job_runner.py:228} INFO - Task exited with return code 0
[2025-10-28T00:41:15.400+0000] {taskinstance.py:2778} INFO - 0 downstream tasks scheduled from follow-on schedule check
[2025-10-28T01:28:04.499+0000] {taskinstance.py:1159} INFO - Dependencies all met for dep_context=non-requeueable deps ti=<TaskInstance: hiring_dynamic.download_data_1 scheduled__2025-03-05T15:00:00+00:00 [queued]>
[2025-10-28T01:28:04.504+0000] {taskinstance.py:1159} INFO - Dependencies all met for dep_context=requeueable deps ti=<TaskInstance: hiring_dynamic.download_data_1 scheduled__2025-03-05T15:00:00+00:00 [queued]>
[2025-10-28T01:28:04.504+0000] {taskinstance.py:1361} INFO - Starting attempt 1 of 1
[2025-10-28T01:28:04.510+0000] {taskinstance.py:1382} INFO - Executing <Task(BashOperator): download_data_1> on 2025-03-05 15:00:00+00:00
[2025-10-28T01:28:04.522+0000] {standard_task_runner.py:57} INFO - Started process 1034 to run task
[2025-10-28T01:28:04.525+0000] {standard_task_runner.py:84} INFO - Running: ['airflow', 'tasks', 'run', 'hiring_dynamic', 'download_data_1', 'scheduled__2025-03-05T15:00:00+00:00', '--job-id', '34', '--raw', '--subdir', 'DAGS_FOLDER/dag_dynamic.py', '--cfg-path', '/tmp/tmpcr1hnb6b']
[2025-10-28T01:28:04.526+0000] {standard_task_runner.py:85} INFO - Job 34: Subtask download_data_1
[2025-10-28T01:28:04.547+0000] {task_command.py:416} INFO - Running <TaskInstance: hiring_dynamic.download_data_1 scheduled__2025-03-05T15:00:00+00:00 [running]> on host c46dbfd34b1f
[2025-10-28T01:28:04.574+0000] {taskinstance.py:1662} INFO - Exporting env vars: AIRFLOW_CTX_DAG_OWNER='airflow' AIRFLOW_CTX_DAG_ID='hiring_dynamic' AIRFLOW_CTX_TASK_ID='download_data_1' AIRFLOW_CTX_EXECUTION_DATE='2025-03-05T15:00:00+00:00' AIRFLOW_CTX_TRY_NUMBER='1' AIRFLOW_CTX_DAG_RUN_ID='scheduled__2025-03-05T15:00:00+00:00'
[2025-10-28T01:28:04.575+0000] {subprocess.py:63} INFO - Tmp dir root location: /tmp
[2025-10-28T01:28:04.575+0000] {subprocess.py:75} INFO - Running command: ['/bin/bash', '-c', '\n        RAW_DIR="/opt/airflow/data/dynamic/2025-03-05/raw"\n        mkdir -p "$RAW_DIR"\n        curl -L -f -o "$RAW_DIR/data_1.csv" https://gitlab.com/eduardomoyab/laboratorio-13/-/raw/main/files/data_1.csv\n        echo \'✅ Archivo data_1.csv descargado exitosamente\'\n        ls -lh "$RAW_DIR/data_1.csv"\n    ']
[2025-10-28T01:28:04.586+0000] {subprocess.py:86} INFO - Output:
[2025-10-28T01:28:04.598+0000] {subprocess.py:93} INFO -   % Total    % Received % Xferd  Average Speed   Time    Time     Time  Current
[2025-10-28T01:28:04.598+0000] {subprocess.py:93} INFO -                                  Dload  Upload   Total   Spent    Left  Speed
[2025-10-28T01:28:05.280+0000] {subprocess.py:93} INFO -   0     0    0     0    0     0      0      0 --:--:-- --:--:-- --:--:--     0100 32735  100 32735    0     0  48069      0 --:--:-- --:--:-- --:--:-- 48069
[2025-10-28T01:28:05.284+0000] {subprocess.py:93} INFO - ✅ Archivo data_1.csv descargado exitosamente
[2025-10-28T01:28:05.286+0000] {subprocess.py:93} INFO - -rw-r--r-- 1 airflow root 32K Oct 28 01:28 /opt/airflow/data/dynamic/2025-03-05/raw/data_1.csv
[2025-10-28T01:28:05.287+0000] {subprocess.py:97} INFO - Command exited with return code 0
[2025-10-28T01:28:05.319+0000] {taskinstance.py:1400} INFO - Marking task as SUCCESS. dag_id=hiring_dynamic, task_id=download_data_1, execution_date=20250305T150000, start_date=20251028T012804, end_date=20251028T012805
[2025-10-28T01:28:05.344+0000] {local_task_job_runner.py:228} INFO - Task exited with return code 0
[2025-10-28T01:28:05.365+0000] {taskinstance.py:2778} INFO - 0 downstream tasks scheduled from follow-on schedule check
