[2025-10-28T00:40:23.959+0000] {taskinstance.py:1159} INFO - Dependencies all met for dep_context=non-requeueable deps ti=<TaskInstance: hiring_dynamic.download_data_2 scheduled__2024-12-05T15:00:00+00:00 [queued]>
[2025-10-28T00:40:23.963+0000] {taskinstance.py:1159} INFO - Dependencies all met for dep_context=requeueable deps ti=<TaskInstance: hiring_dynamic.download_data_2 scheduled__2024-12-05T15:00:00+00:00 [queued]>
[2025-10-28T00:40:23.963+0000] {taskinstance.py:1361} INFO - Starting attempt 1 of 1
[2025-10-28T00:40:23.969+0000] {taskinstance.py:1382} INFO - Executing <Task(BashOperator): download_data_2> on 2024-12-05 15:00:00+00:00
[2025-10-28T00:40:23.974+0000] {standard_task_runner.py:57} INFO - Started process 476 to run task
[2025-10-28T00:40:23.977+0000] {standard_task_runner.py:84} INFO - Running: ['airflow', 'tasks', 'run', 'hiring_dynamic', 'download_data_2', 'scheduled__2024-12-05T15:00:00+00:00', '--job-id', '19', '--raw', '--subdir', 'DAGS_FOLDER/dag_dynamic.py', '--cfg-path', '/tmp/tmpmzlpz5xg']
[2025-10-28T00:40:23.977+0000] {standard_task_runner.py:85} INFO - Job 19: Subtask download_data_2
[2025-10-28T00:40:24.008+0000] {task_command.py:416} INFO - Running <TaskInstance: hiring_dynamic.download_data_2 scheduled__2024-12-05T15:00:00+00:00 [running]> on host d1f69dfe6243
[2025-10-28T00:40:24.034+0000] {taskinstance.py:1662} INFO - Exporting env vars: AIRFLOW_CTX_DAG_OWNER='airflow' AIRFLOW_CTX_DAG_ID='hiring_dynamic' AIRFLOW_CTX_TASK_ID='download_data_2' AIRFLOW_CTX_EXECUTION_DATE='2024-12-05T15:00:00+00:00' AIRFLOW_CTX_TRY_NUMBER='1' AIRFLOW_CTX_DAG_RUN_ID='scheduled__2024-12-05T15:00:00+00:00'
[2025-10-28T00:40:24.035+0000] {subprocess.py:63} INFO - Tmp dir root location: /tmp
[2025-10-28T00:40:24.035+0000] {subprocess.py:75} INFO - Running command: ['/bin/bash', '-c', '\n        RAW_DIR="/opt/airflow/data/dynamic/2024-12-05/raw"\n        mkdir -p "$RAW_DIR"\n        curl -L -f -o "$RAW_DIR/data_2.csv" https://gitlab.com/eduardomoyab/laboratorio-13/-/raw/main/files/data_2.csv\n        echo \'✅ Archivo data_2.csv descargado exitosamente\'\n        ls -lh "$RAW_DIR/data_2.csv"\n    ']
[2025-10-28T00:40:24.041+0000] {subprocess.py:86} INFO - Output:
[2025-10-28T00:40:24.048+0000] {subprocess.py:93} INFO -   % Total    % Received % Xferd  Average Speed   Time    Time     Time  Current
[2025-10-28T00:40:24.048+0000] {subprocess.py:93} INFO -                                  Dload  Upload   Total   Spent    Left  Speed
[2025-10-28T00:40:24.126+0000] {subprocess.py:93} INFO -   0     0    0     0    0     0      0      0 --:--:-- --:--:-- --:--:--     0100 32687  100 32687    0     0   409k      0 --:--:-- --:--:-- --:--:--  409k
[2025-10-28T00:40:24.128+0000] {subprocess.py:93} INFO - ✅ Archivo data_2.csv descargado exitosamente
[2025-10-28T00:40:24.130+0000] {subprocess.py:93} INFO - -rw-r--r-- 1 airflow root 32K Oct 28 00:40 /opt/airflow/data/dynamic/2024-12-05/raw/data_2.csv
[2025-10-28T00:40:24.130+0000] {subprocess.py:97} INFO - Command exited with return code 0
[2025-10-28T00:40:24.142+0000] {taskinstance.py:1400} INFO - Marking task as SUCCESS. dag_id=hiring_dynamic, task_id=download_data_2, execution_date=20241205T150000, start_date=20251028T004023, end_date=20251028T004024
[2025-10-28T00:40:24.157+0000] {local_task_job_runner.py:228} INFO - Task exited with return code 0
[2025-10-28T00:40:24.168+0000] {taskinstance.py:2778} INFO - 0 downstream tasks scheduled from follow-on schedule check
[2025-10-28T01:27:12.487+0000] {taskinstance.py:1159} INFO - Dependencies all met for dep_context=non-requeueable deps ti=<TaskInstance: hiring_dynamic.download_data_2 scheduled__2024-12-05T15:00:00+00:00 [queued]>
[2025-10-28T01:27:12.491+0000] {taskinstance.py:1159} INFO - Dependencies all met for dep_context=requeueable deps ti=<TaskInstance: hiring_dynamic.download_data_2 scheduled__2024-12-05T15:00:00+00:00 [queued]>
[2025-10-28T01:27:12.492+0000] {taskinstance.py:1361} INFO - Starting attempt 1 of 1
[2025-10-28T01:27:12.497+0000] {taskinstance.py:1382} INFO - Executing <Task(BashOperator): download_data_2> on 2024-12-05 15:00:00+00:00
[2025-10-28T01:27:12.525+0000] {standard_task_runner.py:57} INFO - Started process 641 to run task
[2025-10-28T01:27:12.531+0000] {standard_task_runner.py:84} INFO - Running: ['airflow', 'tasks', 'run', 'hiring_dynamic', 'download_data_2', 'scheduled__2024-12-05T15:00:00+00:00', '--job-id', '15', '--raw', '--subdir', 'DAGS_FOLDER/dag_dynamic.py', '--cfg-path', '/tmp/tmpubh8vp_4']
[2025-10-28T01:27:12.532+0000] {standard_task_runner.py:85} INFO - Job 15: Subtask download_data_2
[2025-10-28T01:27:12.555+0000] {task_command.py:416} INFO - Running <TaskInstance: hiring_dynamic.download_data_2 scheduled__2024-12-05T15:00:00+00:00 [running]> on host c46dbfd34b1f
[2025-10-28T01:27:12.582+0000] {taskinstance.py:1662} INFO - Exporting env vars: AIRFLOW_CTX_DAG_OWNER='airflow' AIRFLOW_CTX_DAG_ID='hiring_dynamic' AIRFLOW_CTX_TASK_ID='download_data_2' AIRFLOW_CTX_EXECUTION_DATE='2024-12-05T15:00:00+00:00' AIRFLOW_CTX_TRY_NUMBER='1' AIRFLOW_CTX_DAG_RUN_ID='scheduled__2024-12-05T15:00:00+00:00'
[2025-10-28T01:27:12.585+0000] {subprocess.py:63} INFO - Tmp dir root location: /tmp
[2025-10-28T01:27:12.589+0000] {subprocess.py:75} INFO - Running command: ['/bin/bash', '-c', '\n        RAW_DIR="/opt/airflow/data/dynamic/2024-12-05/raw"\n        mkdir -p "$RAW_DIR"\n        curl -L -f -o "$RAW_DIR/data_2.csv" https://gitlab.com/eduardomoyab/laboratorio-13/-/raw/main/files/data_2.csv\n        echo \'✅ Archivo data_2.csv descargado exitosamente\'\n        ls -lh "$RAW_DIR/data_2.csv"\n    ']
[2025-10-28T01:27:12.625+0000] {subprocess.py:86} INFO - Output:
[2025-10-28T01:27:12.652+0000] {subprocess.py:93} INFO -   % Total    % Received % Xferd  Average Speed   Time    Time     Time  Current
[2025-10-28T01:27:12.654+0000] {subprocess.py:93} INFO -                                  Dload  Upload   Total   Spent    Left  Speed
[2025-10-28T01:27:12.759+0000] {subprocess.py:93} INFO -   0     0    0     0    0     0      0      0 --:--:-- --:--:-- --:--:--     0100 32687  100 32687    0     0   301k      0 --:--:-- --:--:-- --:--:--  301k
[2025-10-28T01:27:12.760+0000] {subprocess.py:93} INFO - ✅ Archivo data_2.csv descargado exitosamente
[2025-10-28T01:27:12.763+0000] {subprocess.py:93} INFO - -rw-r--r-- 1 airflow root 32K Oct 28 01:27 /opt/airflow/data/dynamic/2024-12-05/raw/data_2.csv
[2025-10-28T01:27:12.763+0000] {subprocess.py:97} INFO - Command exited with return code 0
[2025-10-28T01:27:12.785+0000] {taskinstance.py:1400} INFO - Marking task as SUCCESS. dag_id=hiring_dynamic, task_id=download_data_2, execution_date=20241205T150000, start_date=20251028T012712, end_date=20251028T012712
[2025-10-28T01:27:12.798+0000] {local_task_job_runner.py:228} INFO - Task exited with return code 0
[2025-10-28T01:27:12.820+0000] {taskinstance.py:2778} INFO - 0 downstream tasks scheduled from follow-on schedule check
