[2025-10-28T00:44:00.805+0000] {taskinstance.py:1159} INFO - Dependencies all met for dep_context=non-requeueable deps ti=<TaskInstance: hiring_dynamic.train_random_forest scheduled__2025-03-05T15:00:00+00:00 [queued]>
[2025-10-28T00:44:00.808+0000] {taskinstance.py:1159} INFO - Dependencies all met for dep_context=requeueable deps ti=<TaskInstance: hiring_dynamic.train_random_forest scheduled__2025-03-05T15:00:00+00:00 [queued]>
[2025-10-28T00:44:00.809+0000] {taskinstance.py:1361} INFO - Starting attempt 1 of 1
[2025-10-28T00:44:00.816+0000] {taskinstance.py:1382} INFO - Executing <Task(PythonOperator): train_random_forest> on 2025-03-05 15:00:00+00:00
[2025-10-28T00:44:00.821+0000] {standard_task_runner.py:57} INFO - Started process 1968 to run task
[2025-10-28T00:44:00.824+0000] {standard_task_runner.py:84} INFO - Running: ['airflow', 'tasks', 'run', 'hiring_dynamic', 'train_random_forest', 'scheduled__2025-03-05T15:00:00+00:00', '--job-id', '87', '--raw', '--subdir', 'DAGS_FOLDER/dag_dynamic.py', '--cfg-path', '/tmp/tmpwstvocnu']
[2025-10-28T00:44:00.825+0000] {standard_task_runner.py:85} INFO - Job 87: Subtask train_random_forest
[2025-10-28T00:44:00.848+0000] {task_command.py:416} INFO - Running <TaskInstance: hiring_dynamic.train_random_forest scheduled__2025-03-05T15:00:00+00:00 [running]> on host d1f69dfe6243
[2025-10-28T00:44:00.884+0000] {taskinstance.py:1662} INFO - Exporting env vars: AIRFLOW_CTX_DAG_OWNER='airflow' AIRFLOW_CTX_DAG_ID='hiring_dynamic' AIRFLOW_CTX_TASK_ID='train_random_forest' AIRFLOW_CTX_EXECUTION_DATE='2025-03-05T15:00:00+00:00' AIRFLOW_CTX_TRY_NUMBER='1' AIRFLOW_CTX_DAG_RUN_ID='scheduled__2025-03-05T15:00:00+00:00'
[2025-10-28T00:44:00.892+0000] {logging_mixin.py:154} INFO - Entrenando modelo: random_forest
[2025-10-28T00:44:01.695+0000] {logging_mixin.py:154} INFO - Modelo random_forest guardado en: /opt/airflow/data/dynamic/2025-03-05/models/random_forest.joblib
[2025-10-28T00:44:01.706+0000] {python.py:194} INFO - Done. Returned value was: None
[2025-10-28T00:44:01.710+0000] {taskinstance.py:1400} INFO - Marking task as SUCCESS. dag_id=hiring_dynamic, task_id=train_random_forest, execution_date=20250305T150000, start_date=20251028T004400, end_date=20251028T004401
[2025-10-28T00:44:01.748+0000] {local_task_job_runner.py:228} INFO - Task exited with return code 0
[2025-10-28T00:44:01.774+0000] {taskinstance.py:2778} INFO - 0 downstream tasks scheduled from follow-on schedule check
[2025-10-28T01:30:43.964+0000] {taskinstance.py:1159} INFO - Dependencies all met for dep_context=non-requeueable deps ti=<TaskInstance: hiring_dynamic.train_random_forest scheduled__2025-03-05T15:00:00+00:00 [queued]>
[2025-10-28T01:30:43.967+0000] {taskinstance.py:1159} INFO - Dependencies all met for dep_context=requeueable deps ti=<TaskInstance: hiring_dynamic.train_random_forest scheduled__2025-03-05T15:00:00+00:00 [queued]>
[2025-10-28T01:30:43.967+0000] {taskinstance.py:1361} INFO - Starting attempt 1 of 1
[2025-10-28T01:30:43.973+0000] {taskinstance.py:1382} INFO - Executing <Task(PythonOperator): train_random_forest> on 2025-03-05 15:00:00+00:00
[2025-10-28T01:30:43.976+0000] {standard_task_runner.py:57} INFO - Started process 2012 to run task
[2025-10-28T01:30:43.980+0000] {standard_task_runner.py:84} INFO - Running: ['airflow', 'tasks', 'run', 'hiring_dynamic', 'train_random_forest', 'scheduled__2025-03-05T15:00:00+00:00', '--job-id', '78', '--raw', '--subdir', 'DAGS_FOLDER/dag_dynamic.py', '--cfg-path', '/tmp/tmptzt_rm9t']
[2025-10-28T01:30:43.981+0000] {standard_task_runner.py:85} INFO - Job 78: Subtask train_random_forest
[2025-10-28T01:30:43.997+0000] {task_command.py:416} INFO - Running <TaskInstance: hiring_dynamic.train_random_forest scheduled__2025-03-05T15:00:00+00:00 [running]> on host c46dbfd34b1f
[2025-10-28T01:30:44.025+0000] {taskinstance.py:1662} INFO - Exporting env vars: AIRFLOW_CTX_DAG_OWNER='airflow' AIRFLOW_CTX_DAG_ID='hiring_dynamic' AIRFLOW_CTX_TASK_ID='train_random_forest' AIRFLOW_CTX_EXECUTION_DATE='2025-03-05T15:00:00+00:00' AIRFLOW_CTX_TRY_NUMBER='1' AIRFLOW_CTX_DAG_RUN_ID='scheduled__2025-03-05T15:00:00+00:00'
[2025-10-28T01:30:44.030+0000] {logging_mixin.py:154} INFO - Entrenando modelo: random_forest
[2025-10-28T01:30:44.563+0000] {logging_mixin.py:154} INFO - Modelo random_forest guardado en: /opt/airflow/data/dynamic/2025-03-05/models/random_forest.joblib
[2025-10-28T01:30:44.567+0000] {python.py:194} INFO - Done. Returned value was: None
[2025-10-28T01:30:44.569+0000] {taskinstance.py:1400} INFO - Marking task as SUCCESS. dag_id=hiring_dynamic, task_id=train_random_forest, execution_date=20250305T150000, start_date=20251028T013043, end_date=20251028T013044
[2025-10-28T01:30:44.616+0000] {local_task_job_runner.py:228} INFO - Task exited with return code 0
[2025-10-28T01:30:44.628+0000] {taskinstance.py:2778} INFO - 0 downstream tasks scheduled from follow-on schedule check
