[2025-10-28T21:26:40.762+0000] {taskinstance.py:1159} INFO - Dependencies all met for dep_context=non-requeueable deps ti=<TaskInstance: sodai_drinks_production_pipeline.decide_retraining scheduled__2025-10-19T00:00:00+00:00 [queued]>
[2025-10-28T21:26:40.777+0000] {taskinstance.py:1159} INFO - Dependencies all met for dep_context=requeueable deps ti=<TaskInstance: sodai_drinks_production_pipeline.decide_retraining scheduled__2025-10-19T00:00:00+00:00 [queued]>
[2025-10-28T21:26:40.777+0000] {taskinstance.py:1361} INFO - Starting attempt 1 of 2
[2025-10-28T21:26:40.788+0000] {taskinstance.py:1382} INFO - Executing <Task(BranchPythonOperator): decide_retraining> on 2025-10-19 00:00:00+00:00
[2025-10-28T21:26:40.819+0000] {standard_task_runner.py:57} INFO - Started process 545 to run task
[2025-10-28T21:26:40.832+0000] {standard_task_runner.py:84} INFO - Running: ['***', 'tasks', 'run', 'sodai_drinks_production_pipeline', 'decide_retraining', 'scheduled__2025-10-19T00:00:00+00:00', '--job-id', '8', '--raw', '--subdir', 'DAGS_FOLDER/pipeline_productivo.py', '--cfg-path', '/tmp/tmp_vdvz8yr']
[2025-10-28T21:26:40.838+0000] {standard_task_runner.py:85} INFO - Job 8: Subtask decide_retraining
[2025-10-28T21:26:40.912+0000] {task_command.py:416} INFO - Running <TaskInstance: sodai_drinks_production_pipeline.decide_retraining scheduled__2025-10-19T00:00:00+00:00 [running]> on host ee70ee0df05e
[2025-10-28T21:26:40.983+0000] {taskinstance.py:1662} INFO - Exporting env vars: AIRFLOW_CTX_DAG_EMAIL='team@sodaidrinks.com' AIRFLOW_CTX_DAG_OWNER='sodai_drinks_team' AIRFLOW_CTX_DAG_ID='sodai_drinks_production_pipeline' AIRFLOW_CTX_TASK_ID='decide_retraining' AIRFLOW_CTX_EXECUTION_DATE='2025-10-19T00:00:00+00:00' AIRFLOW_CTX_TRY_NUMBER='1' AIRFLOW_CTX_DAG_RUN_ID='scheduled__2025-10-19T00:00:00+00:00'
[2025-10-28T21:26:41.006+0000] {pipeline_productivo.py:57} INFO - Evaluando necesidad de reentrenamiento...
[2025-10-28T21:26:41.006+0000] {pipeline_productivo.py:58} INFO - Drift detectado: False, Razón: first_run
[2025-10-28T21:26:41.007+0000] {pipeline_productivo.py:62} INFO - Primera ejecución - Se procederá con el entrenamiento
[2025-10-28T21:26:41.007+0000] {python.py:194} INFO - Done. Returned value was: train_model
[2025-10-28T21:26:41.007+0000] {python.py:227} INFO - Branch callable return train_model
[2025-10-28T21:26:41.008+0000] {skipmixin.py:173} INFO - Following branch train_model
[2025-10-28T21:26:41.082+0000] {skipmixin.py:239} INFO - Skipping tasks [('skip_training', -1)]
[2025-10-28T21:26:41.111+0000] {taskinstance.py:1400} INFO - Marking task as SUCCESS. dag_id=sodai_drinks_production_pipeline, task_id=decide_retraining, execution_date=20251019T000000, start_date=20251028T212640, end_date=20251028T212641
[2025-10-28T21:26:41.160+0000] {local_task_job_runner.py:228} INFO - Task exited with return code 0
[2025-10-28T21:26:41.199+0000] {taskinstance.py:2778} INFO - 1 downstream tasks scheduled from follow-on schedule check
[2025-10-28T22:36:14.024+0000] {taskinstance.py:1159} INFO - Dependencies all met for dep_context=non-requeueable deps ti=<TaskInstance: sodai_drinks_production_pipeline.decide_retraining scheduled__2025-10-19T00:00:00+00:00 [queued]>
[2025-10-28T22:36:14.032+0000] {taskinstance.py:1159} INFO - Dependencies all met for dep_context=requeueable deps ti=<TaskInstance: sodai_drinks_production_pipeline.decide_retraining scheduled__2025-10-19T00:00:00+00:00 [queued]>
[2025-10-28T22:36:14.032+0000] {taskinstance.py:1361} INFO - Starting attempt 1 of 2
[2025-10-28T22:36:14.045+0000] {taskinstance.py:1382} INFO - Executing <Task(BranchPythonOperator): decide_retraining> on 2025-10-19 00:00:00+00:00
[2025-10-28T22:36:14.058+0000] {standard_task_runner.py:57} INFO - Started process 394 to run task
[2025-10-28T22:36:14.066+0000] {standard_task_runner.py:84} INFO - Running: ['***', 'tasks', 'run', 'sodai_drinks_production_pipeline', 'decide_retraining', 'scheduled__2025-10-19T00:00:00+00:00', '--job-id', '49', '--raw', '--subdir', 'DAGS_FOLDER/pipeline_productivo.py', '--cfg-path', '/tmp/tmpxvupndsi']
[2025-10-28T22:36:14.069+0000] {standard_task_runner.py:85} INFO - Job 49: Subtask decide_retraining
[2025-10-28T22:36:14.120+0000] {task_command.py:416} INFO - Running <TaskInstance: sodai_drinks_production_pipeline.decide_retraining scheduled__2025-10-19T00:00:00+00:00 [running]> on host ee70ee0df05e
[2025-10-28T22:36:14.192+0000] {taskinstance.py:1662} INFO - Exporting env vars: AIRFLOW_CTX_DAG_EMAIL='team@sodaidrinks.com' AIRFLOW_CTX_DAG_OWNER='sodai_drinks_team' AIRFLOW_CTX_DAG_ID='sodai_drinks_production_pipeline' AIRFLOW_CTX_TASK_ID='decide_retraining' AIRFLOW_CTX_EXECUTION_DATE='2025-10-19T00:00:00+00:00' AIRFLOW_CTX_TRY_NUMBER='1' AIRFLOW_CTX_DAG_RUN_ID='scheduled__2025-10-19T00:00:00+00:00'
[2025-10-28T22:36:14.214+0000] {pipeline_productivo.py:57} INFO - Evaluando necesidad de reentrenamiento...
[2025-10-28T22:36:14.214+0000] {pipeline_productivo.py:58} INFO - Drift detectado: False, Razón: no_drift
[2025-10-28T22:36:14.214+0000] {pipeline_productivo.py:73} INFO - No se detectó drift - Se omitirá el reentrenamiento
[2025-10-28T22:36:14.214+0000] {python.py:194} INFO - Done. Returned value was: skip_training
[2025-10-28T22:36:14.214+0000] {python.py:227} INFO - Branch callable return skip_training
[2025-10-28T22:36:14.214+0000] {skipmixin.py:173} INFO - Following branch skip_training
[2025-10-28T22:36:14.223+0000] {skipmixin.py:239} INFO - Skipping tasks [('train_model', -1)]
[2025-10-28T22:36:14.241+0000] {taskinstance.py:1400} INFO - Marking task as SUCCESS. dag_id=sodai_drinks_production_pipeline, task_id=decide_retraining, execution_date=20251019T000000, start_date=20251028T223614, end_date=20251028T223614
[2025-10-28T22:36:14.289+0000] {local_task_job_runner.py:228} INFO - Task exited with return code 0
[2025-10-28T22:36:14.310+0000] {taskinstance.py:2778} INFO - 0 downstream tasks scheduled from follow-on schedule check
[2025-10-28T23:23:59.150+0000] {taskinstance.py:1159} INFO - Dependencies all met for dep_context=non-requeueable deps ti=<TaskInstance: sodai_drinks_production_pipeline.decide_retraining scheduled__2025-10-19T00:00:00+00:00 [queued]>
[2025-10-28T23:23:59.154+0000] {taskinstance.py:1159} INFO - Dependencies all met for dep_context=requeueable deps ti=<TaskInstance: sodai_drinks_production_pipeline.decide_retraining scheduled__2025-10-19T00:00:00+00:00 [queued]>
[2025-10-28T23:23:59.155+0000] {taskinstance.py:1361} INFO - Starting attempt 1 of 2
[2025-10-28T23:23:59.161+0000] {taskinstance.py:1382} INFO - Executing <Task(BranchPythonOperator): decide_retraining> on 2025-10-19 00:00:00+00:00
[2025-10-28T23:23:59.170+0000] {standard_task_runner.py:57} INFO - Started process 556 to run task
[2025-10-28T23:23:59.173+0000] {standard_task_runner.py:84} INFO - Running: ['***', 'tasks', 'run', 'sodai_drinks_production_pipeline', 'decide_retraining', 'scheduled__2025-10-19T00:00:00+00:00', '--job-id', '91', '--raw', '--subdir', 'DAGS_FOLDER/pipeline_productivo.py', '--cfg-path', '/tmp/tmp22tm_4e6']
[2025-10-28T23:23:59.176+0000] {standard_task_runner.py:85} INFO - Job 91: Subtask decide_retraining
[2025-10-28T23:23:59.204+0000] {task_command.py:416} INFO - Running <TaskInstance: sodai_drinks_production_pipeline.decide_retraining scheduled__2025-10-19T00:00:00+00:00 [running]> on host ee70ee0df05e
[2025-10-28T23:23:59.243+0000] {taskinstance.py:1662} INFO - Exporting env vars: AIRFLOW_CTX_DAG_EMAIL='team@sodaidrinks.com' AIRFLOW_CTX_DAG_OWNER='sodai_drinks_team' AIRFLOW_CTX_DAG_ID='sodai_drinks_production_pipeline' AIRFLOW_CTX_TASK_ID='decide_retraining' AIRFLOW_CTX_EXECUTION_DATE='2025-10-19T00:00:00+00:00' AIRFLOW_CTX_TRY_NUMBER='1' AIRFLOW_CTX_DAG_RUN_ID='scheduled__2025-10-19T00:00:00+00:00'
[2025-10-28T23:23:59.252+0000] {pipeline_productivo.py:61} INFO - Evaluando necesidad de reentrenamiento...
[2025-10-28T23:23:59.253+0000] {pipeline_productivo.py:62} INFO - Drift detectado: False, Razón: no_drift
[2025-10-28T23:23:59.253+0000] {pipeline_productivo.py:77} INFO - No se detectó drift - Se omitirá el reentrenamiento
[2025-10-28T23:23:59.253+0000] {python.py:194} INFO - Done. Returned value was: skip_training
[2025-10-28T23:23:59.253+0000] {python.py:227} INFO - Branch callable return skip_training
[2025-10-28T23:23:59.253+0000] {skipmixin.py:173} INFO - Following branch skip_training
[2025-10-28T23:23:59.261+0000] {skipmixin.py:239} INFO - Skipping tasks [('train_model', -1)]
[2025-10-28T23:23:59.279+0000] {taskinstance.py:1400} INFO - Marking task as SUCCESS. dag_id=sodai_drinks_production_pipeline, task_id=decide_retraining, execution_date=20251019T000000, start_date=20251028T232359, end_date=20251028T232359
[2025-10-28T23:23:59.314+0000] {local_task_job_runner.py:228} INFO - Task exited with return code 0
[2025-10-28T23:23:59.333+0000] {taskinstance.py:2778} INFO - 0 downstream tasks scheduled from follow-on schedule check
[2025-10-28T23:45:20.638+0000] {taskinstance.py:1159} INFO - Dependencies all met for dep_context=non-requeueable deps ti=<TaskInstance: sodai_drinks_production_pipeline.decide_retraining scheduled__2025-10-19T00:00:00+00:00 [queued]>
[2025-10-28T23:45:20.642+0000] {taskinstance.py:1159} INFO - Dependencies all met for dep_context=requeueable deps ti=<TaskInstance: sodai_drinks_production_pipeline.decide_retraining scheduled__2025-10-19T00:00:00+00:00 [queued]>
[2025-10-28T23:45:20.643+0000] {taskinstance.py:1361} INFO - Starting attempt 1 of 2
[2025-10-28T23:45:20.648+0000] {taskinstance.py:1382} INFO - Executing <Task(BranchPythonOperator): decide_retraining> on 2025-10-19 00:00:00+00:00
[2025-10-28T23:45:20.662+0000] {standard_task_runner.py:57} INFO - Started process 607 to run task
[2025-10-28T23:45:20.665+0000] {standard_task_runner.py:84} INFO - Running: ['***', 'tasks', 'run', 'sodai_drinks_production_pipeline', 'decide_retraining', 'scheduled__2025-10-19T00:00:00+00:00', '--job-id', '110', '--raw', '--subdir', 'DAGS_FOLDER/pipeline_productivo.py', '--cfg-path', '/tmp/tmpsryaabzv']
[2025-10-28T23:45:20.668+0000] {standard_task_runner.py:85} INFO - Job 110: Subtask decide_retraining
[2025-10-28T23:45:20.698+0000] {task_command.py:416} INFO - Running <TaskInstance: sodai_drinks_production_pipeline.decide_retraining scheduled__2025-10-19T00:00:00+00:00 [running]> on host ee70ee0df05e
[2025-10-28T23:45:20.741+0000] {taskinstance.py:1662} INFO - Exporting env vars: AIRFLOW_CTX_DAG_EMAIL='team@sodaidrinks.com' AIRFLOW_CTX_DAG_OWNER='sodai_drinks_team' AIRFLOW_CTX_DAG_ID='sodai_drinks_production_pipeline' AIRFLOW_CTX_TASK_ID='decide_retraining' AIRFLOW_CTX_EXECUTION_DATE='2025-10-19T00:00:00+00:00' AIRFLOW_CTX_TRY_NUMBER='1' AIRFLOW_CTX_DAG_RUN_ID='scheduled__2025-10-19T00:00:00+00:00'
[2025-10-28T23:45:20.751+0000] {pipeline_productivo.py:57} INFO - Evaluando necesidad de reentrenamiento...
[2025-10-28T23:45:20.751+0000] {pipeline_productivo.py:58} INFO - Drift detectado: False, Razón: no_drift
[2025-10-28T23:45:20.752+0000] {pipeline_productivo.py:65} WARNING - ⚠️ No existe modelo previo - Forzando entrenamiento inicial
[2025-10-28T23:45:20.752+0000] {python.py:194} INFO - Done. Returned value was: train_model
[2025-10-28T23:45:20.752+0000] {python.py:227} INFO - Branch callable return train_model
[2025-10-28T23:45:20.752+0000] {skipmixin.py:173} INFO - Following branch train_model
[2025-10-28T23:45:20.760+0000] {skipmixin.py:239} INFO - Skipping tasks [('skip_training', -1)]
[2025-10-28T23:45:20.781+0000] {taskinstance.py:1400} INFO - Marking task as SUCCESS. dag_id=sodai_drinks_production_pipeline, task_id=decide_retraining, execution_date=20251019T000000, start_date=20251028T234520, end_date=20251028T234520
[2025-10-28T23:45:20.807+0000] {local_task_job_runner.py:228} INFO - Task exited with return code 0
[2025-10-28T23:45:20.829+0000] {taskinstance.py:2778} INFO - 1 downstream tasks scheduled from follow-on schedule check
[2025-10-29T01:00:11.927+0000] {taskinstance.py:1159} INFO - Dependencies all met for dep_context=non-requeueable deps ti=<TaskInstance: sodai_drinks_production_pipeline.decide_retraining scheduled__2025-10-19T00:00:00+00:00 [queued]>
[2025-10-29T01:00:11.934+0000] {taskinstance.py:1159} INFO - Dependencies all met for dep_context=requeueable deps ti=<TaskInstance: sodai_drinks_production_pipeline.decide_retraining scheduled__2025-10-19T00:00:00+00:00 [queued]>
[2025-10-29T01:00:11.935+0000] {taskinstance.py:1361} INFO - Starting attempt 1 of 2
[2025-10-29T01:00:11.950+0000] {taskinstance.py:1382} INFO - Executing <Task(BranchPythonOperator): decide_retraining> on 2025-10-19 00:00:00+00:00
[2025-10-29T01:00:11.982+0000] {standard_task_runner.py:57} INFO - Started process 369 to run task
[2025-10-29T01:00:11.987+0000] {standard_task_runner.py:84} INFO - Running: ['***', 'tasks', 'run', 'sodai_drinks_production_pipeline', 'decide_retraining', 'scheduled__2025-10-19T00:00:00+00:00', '--job-id', '118', '--raw', '--subdir', 'DAGS_FOLDER/pipeline_productivo.py', '--cfg-path', '/tmp/tmpnasvalym']
[2025-10-29T01:00:11.993+0000] {standard_task_runner.py:85} INFO - Job 118: Subtask decide_retraining
[2025-10-29T01:00:12.041+0000] {task_command.py:416} INFO - Running <TaskInstance: sodai_drinks_production_pipeline.decide_retraining scheduled__2025-10-19T00:00:00+00:00 [running]> on host ee70ee0df05e
[2025-10-29T01:00:12.100+0000] {taskinstance.py:1662} INFO - Exporting env vars: AIRFLOW_CTX_DAG_EMAIL='team@sodaidrinks.com' AIRFLOW_CTX_DAG_OWNER='sodai_drinks_team' AIRFLOW_CTX_DAG_ID='sodai_drinks_production_pipeline' AIRFLOW_CTX_TASK_ID='decide_retraining' AIRFLOW_CTX_EXECUTION_DATE='2025-10-19T00:00:00+00:00' AIRFLOW_CTX_TRY_NUMBER='1' AIRFLOW_CTX_DAG_RUN_ID='scheduled__2025-10-19T00:00:00+00:00'
[2025-10-29T01:00:12.114+0000] {pipeline_productivo.py:57} INFO - Evaluando necesidad de reentrenamiento...
[2025-10-29T01:00:12.114+0000] {pipeline_productivo.py:58} INFO - Drift detectado: False, Razón: first_run
[2025-10-29T01:00:12.115+0000] {pipeline_productivo.py:65} WARNING - ⚠️ No existe modelo previo - Forzando entrenamiento inicial
[2025-10-29T01:00:12.115+0000] {python.py:194} INFO - Done. Returned value was: train_model
[2025-10-29T01:00:12.115+0000] {python.py:227} INFO - Branch callable return train_model
[2025-10-29T01:00:12.115+0000] {skipmixin.py:173} INFO - Following branch train_model
[2025-10-29T01:00:12.129+0000] {skipmixin.py:239} INFO - Skipping tasks [('skip_training', -1)]
[2025-10-29T01:00:12.159+0000] {taskinstance.py:1400} INFO - Marking task as SUCCESS. dag_id=sodai_drinks_production_pipeline, task_id=decide_retraining, execution_date=20251019T000000, start_date=20251029T010011, end_date=20251029T010012
[2025-10-29T01:00:12.210+0000] {local_task_job_runner.py:228} INFO - Task exited with return code 0
[2025-10-29T01:00:12.236+0000] {taskinstance.py:2778} INFO - 1 downstream tasks scheduled from follow-on schedule check
