[2025-10-28T00:40:08.978+0000] {taskinstance.py:1159} INFO - Dependencies all met for dep_context=non-requeueable deps ti=<TaskInstance: hiring_dynamic.download_data_2 scheduled__2024-11-05T15:00:00+00:00 [queued]>
[2025-10-28T00:40:08.983+0000] {taskinstance.py:1159} INFO - Dependencies all met for dep_context=requeueable deps ti=<TaskInstance: hiring_dynamic.download_data_2 scheduled__2024-11-05T15:00:00+00:00 [queued]>
[2025-10-28T00:40:08.983+0000] {taskinstance.py:1361} INFO - Starting attempt 1 of 1
[2025-10-28T00:40:08.992+0000] {taskinstance.py:1382} INFO - Executing <Task(BashOperator): download_data_2> on 2024-11-05 15:00:00+00:00
[2025-10-28T00:40:08.998+0000] {standard_task_runner.py:57} INFO - Started process 345 to run task
[2025-10-28T00:40:09.000+0000] {standard_task_runner.py:84} INFO - Running: ['airflow', 'tasks', 'run', 'hiring_dynamic', 'download_data_2', 'scheduled__2024-11-05T15:00:00+00:00', '--job-id', '13', '--raw', '--subdir', 'DAGS_FOLDER/dag_dynamic.py', '--cfg-path', '/tmp/tmp6paru_z_']
[2025-10-28T00:40:09.001+0000] {standard_task_runner.py:85} INFO - Job 13: Subtask download_data_2
[2025-10-28T00:40:09.030+0000] {task_command.py:416} INFO - Running <TaskInstance: hiring_dynamic.download_data_2 scheduled__2024-11-05T15:00:00+00:00 [running]> on host d1f69dfe6243
[2025-10-28T00:40:09.065+0000] {taskinstance.py:1662} INFO - Exporting env vars: AIRFLOW_CTX_DAG_OWNER='airflow' AIRFLOW_CTX_DAG_ID='hiring_dynamic' AIRFLOW_CTX_TASK_ID='download_data_2' AIRFLOW_CTX_EXECUTION_DATE='2024-11-05T15:00:00+00:00' AIRFLOW_CTX_TRY_NUMBER='1' AIRFLOW_CTX_DAG_RUN_ID='scheduled__2024-11-05T15:00:00+00:00'
[2025-10-28T00:40:09.067+0000] {subprocess.py:63} INFO - Tmp dir root location: /tmp
[2025-10-28T00:40:09.069+0000] {subprocess.py:75} INFO - Running command: ['/bin/bash', '-c', '\n        RAW_DIR="/opt/airflow/data/dynamic/2024-11-05/raw"\n        mkdir -p "$RAW_DIR"\n        curl -L -f -o "$RAW_DIR/data_2.csv" https://gitlab.com/eduardomoyab/laboratorio-13/-/raw/main/files/data_2.csv\n        echo \'✅ Archivo data_2.csv descargado exitosamente\'\n        ls -lh "$RAW_DIR/data_2.csv"\n    ']
[2025-10-28T00:40:09.086+0000] {subprocess.py:86} INFO - Output:
[2025-10-28T00:40:09.101+0000] {subprocess.py:93} INFO -   % Total    % Received % Xferd  Average Speed   Time    Time     Time  Current
[2025-10-28T00:40:09.101+0000] {subprocess.py:93} INFO -                                  Dload  Upload   Total   Spent    Left  Speed
[2025-10-28T00:40:09.475+0000] {subprocess.py:93} INFO -   0     0    0     0    0     0      0      0 --:--:-- --:--:-- --:--:--     0  0     0    0     0    0     0      0      0 --:--:-- --:--:-- --:--:--     0100 32687  100 32687    0     0  87868      0 --:--:-- --:--:-- --:--:-- 87632
[2025-10-28T00:40:09.481+0000] {subprocess.py:93} INFO - ✅ Archivo data_2.csv descargado exitosamente
[2025-10-28T00:40:09.486+0000] {subprocess.py:93} INFO - -rw-r--r-- 1 airflow root 32K Oct 28 00:40 /opt/airflow/data/dynamic/2024-11-05/raw/data_2.csv
[2025-10-28T00:40:09.488+0000] {subprocess.py:97} INFO - Command exited with return code 0
[2025-10-28T00:40:09.630+0000] {taskinstance.py:1400} INFO - Marking task as SUCCESS. dag_id=hiring_dynamic, task_id=download_data_2, execution_date=20241105T150000, start_date=20251028T004008, end_date=20251028T004009
[2025-10-28T00:40:09.743+0000] {local_task_job_runner.py:228} INFO - Task exited with return code 0
[2025-10-28T00:40:09.815+0000] {taskinstance.py:2778} INFO - 0 downstream tasks scheduled from follow-on schedule check
[2025-10-28T01:27:01.708+0000] {taskinstance.py:1159} INFO - Dependencies all met for dep_context=non-requeueable deps ti=<TaskInstance: hiring_dynamic.download_data_2 scheduled__2024-11-05T15:00:00+00:00 [queued]>
[2025-10-28T01:27:01.715+0000] {taskinstance.py:1159} INFO - Dependencies all met for dep_context=requeueable deps ti=<TaskInstance: hiring_dynamic.download_data_2 scheduled__2024-11-05T15:00:00+00:00 [queued]>
[2025-10-28T01:27:01.716+0000] {taskinstance.py:1361} INFO - Starting attempt 1 of 1
[2025-10-28T01:27:01.726+0000] {taskinstance.py:1382} INFO - Executing <Task(BashOperator): download_data_2> on 2024-11-05 15:00:00+00:00
[2025-10-28T01:27:01.732+0000] {standard_task_runner.py:57} INFO - Started process 563 to run task
[2025-10-28T01:27:01.737+0000] {standard_task_runner.py:84} INFO - Running: ['airflow', 'tasks', 'run', 'hiring_dynamic', 'download_data_2', 'scheduled__2024-11-05T15:00:00+00:00', '--job-id', '11', '--raw', '--subdir', 'DAGS_FOLDER/dag_dynamic.py', '--cfg-path', '/tmp/tmpyw4u5sbl']
[2025-10-28T01:27:01.737+0000] {standard_task_runner.py:85} INFO - Job 11: Subtask download_data_2
[2025-10-28T01:27:01.762+0000] {task_command.py:416} INFO - Running <TaskInstance: hiring_dynamic.download_data_2 scheduled__2024-11-05T15:00:00+00:00 [running]> on host c46dbfd34b1f
[2025-10-28T01:27:01.787+0000] {taskinstance.py:1662} INFO - Exporting env vars: AIRFLOW_CTX_DAG_OWNER='airflow' AIRFLOW_CTX_DAG_ID='hiring_dynamic' AIRFLOW_CTX_TASK_ID='download_data_2' AIRFLOW_CTX_EXECUTION_DATE='2024-11-05T15:00:00+00:00' AIRFLOW_CTX_TRY_NUMBER='1' AIRFLOW_CTX_DAG_RUN_ID='scheduled__2024-11-05T15:00:00+00:00'
[2025-10-28T01:27:01.788+0000] {subprocess.py:63} INFO - Tmp dir root location: /tmp
[2025-10-28T01:27:01.788+0000] {subprocess.py:75} INFO - Running command: ['/bin/bash', '-c', '\n        RAW_DIR="/opt/airflow/data/dynamic/2024-11-05/raw"\n        mkdir -p "$RAW_DIR"\n        curl -L -f -o "$RAW_DIR/data_2.csv" https://gitlab.com/eduardomoyab/laboratorio-13/-/raw/main/files/data_2.csv\n        echo \'✅ Archivo data_2.csv descargado exitosamente\'\n        ls -lh "$RAW_DIR/data_2.csv"\n    ']
[2025-10-28T01:27:01.807+0000] {subprocess.py:86} INFO - Output:
[2025-10-28T01:27:01.841+0000] {subprocess.py:93} INFO -   % Total    % Received % Xferd  Average Speed   Time    Time     Time  Current
[2025-10-28T01:27:01.841+0000] {subprocess.py:93} INFO -                                  Dload  Upload   Total   Spent    Left  Speed
[2025-10-28T01:27:02.659+0000] {subprocess.py:93} INFO -   0     0    0     0    0     0      0      0 --:--:-- --:--:-- --:--:--     0  0     0    0     0    0     0      0      0 --:--:-- --:--:-- --:--:--     0100 32687  100 32687    0     0  39959      0 --:--:-- --:--:-- --:--:-- 39910
[2025-10-28T01:27:02.666+0000] {subprocess.py:93} INFO - ✅ Archivo data_2.csv descargado exitosamente
[2025-10-28T01:27:02.669+0000] {subprocess.py:93} INFO - -rw-r--r-- 1 airflow root 32K Oct 28 01:27 /opt/airflow/data/dynamic/2024-11-05/raw/data_2.csv
[2025-10-28T01:27:02.670+0000] {subprocess.py:97} INFO - Command exited with return code 0
[2025-10-28T01:27:02.687+0000] {taskinstance.py:1400} INFO - Marking task as SUCCESS. dag_id=hiring_dynamic, task_id=download_data_2, execution_date=20241105T150000, start_date=20251028T012701, end_date=20251028T012702
[2025-10-28T01:27:02.728+0000] {local_task_job_runner.py:228} INFO - Task exited with return code 0
[2025-10-28T01:27:02.751+0000] {taskinstance.py:2778} INFO - 0 downstream tasks scheduled from follow-on schedule check
