[2025-10-28T00:42:45.244+0000] {taskinstance.py:1159} INFO - Dependencies all met for dep_context=non-requeueable deps ti=<TaskInstance: hiring_dynamic.load_and_merge scheduled__2025-03-05T15:00:00+00:00 [queued]>
[2025-10-28T00:42:45.249+0000] {taskinstance.py:1159} INFO - Dependencies all met for dep_context=requeueable deps ti=<TaskInstance: hiring_dynamic.load_and_merge scheduled__2025-03-05T15:00:00+00:00 [queued]>
[2025-10-28T00:42:45.250+0000] {taskinstance.py:1361} INFO - Starting attempt 1 of 1
[2025-10-28T00:42:45.256+0000] {taskinstance.py:1382} INFO - Executing <Task(PythonOperator): load_and_merge> on 2025-03-05 15:00:00+00:00
[2025-10-28T00:42:45.260+0000] {standard_task_runner.py:57} INFO - Started process 1501 to run task
[2025-10-28T00:42:45.263+0000] {standard_task_runner.py:84} INFO - Running: ['airflow', 'tasks', 'run', 'hiring_dynamic', 'load_and_merge', 'scheduled__2025-03-05T15:00:00+00:00', '--job-id', '66', '--raw', '--subdir', 'DAGS_FOLDER/dag_dynamic.py', '--cfg-path', '/tmp/tmptr_c7g04']
[2025-10-28T00:42:45.264+0000] {standard_task_runner.py:85} INFO - Job 66: Subtask load_and_merge
[2025-10-28T00:42:45.281+0000] {task_command.py:416} INFO - Running <TaskInstance: hiring_dynamic.load_and_merge scheduled__2025-03-05T15:00:00+00:00 [running]> on host d1f69dfe6243
[2025-10-28T00:42:45.312+0000] {taskinstance.py:1662} INFO - Exporting env vars: AIRFLOW_CTX_DAG_OWNER='airflow' AIRFLOW_CTX_DAG_ID='hiring_dynamic' AIRFLOW_CTX_TASK_ID='load_and_merge' AIRFLOW_CTX_EXECUTION_DATE='2025-03-05T15:00:00+00:00' AIRFLOW_CTX_TRY_NUMBER='1' AIRFLOW_CTX_DAG_RUN_ID='scheduled__2025-03-05T15:00:00+00:00'
[2025-10-28T00:42:45.313+0000] {logging_mixin.py:154} INFO - Leyendo /opt/airflow/data/dynamic/2025-03-05/raw/data_1.csv
[2025-10-28T00:42:45.318+0000] {logging_mixin.py:154} INFO - Leyendo /opt/airflow/data/dynamic/2025-03-05/raw/data_2.csv
[2025-10-28T00:42:45.329+0000] {logging_mixin.py:154} INFO - Datos concatenados guardados en: /opt/airflow/data/dynamic/2025-03-05/preprocessed/merged_data.csv
[2025-10-28T00:42:45.329+0000] {logging_mixin.py:154} INFO - Forma del dataset: (1500, 11)
[2025-10-28T00:42:45.334+0000] {python.py:194} INFO - Done. Returned value was: None
[2025-10-28T00:42:45.336+0000] {taskinstance.py:1400} INFO - Marking task as SUCCESS. dag_id=hiring_dynamic, task_id=load_and_merge, execution_date=20250305T150000, start_date=20251028T004245, end_date=20251028T004245
[2025-10-28T00:42:45.368+0000] {local_task_job_runner.py:228} INFO - Task exited with return code 0
[2025-10-28T00:42:45.379+0000] {taskinstance.py:2778} INFO - 1 downstream tasks scheduled from follow-on schedule check
[2025-10-28T01:29:25.712+0000] {taskinstance.py:1159} INFO - Dependencies all met for dep_context=non-requeueable deps ti=<TaskInstance: hiring_dynamic.load_and_merge scheduled__2025-03-05T15:00:00+00:00 [queued]>
[2025-10-28T01:29:25.715+0000] {taskinstance.py:1159} INFO - Dependencies all met for dep_context=requeueable deps ti=<TaskInstance: hiring_dynamic.load_and_merge scheduled__2025-03-05T15:00:00+00:00 [queued]>
[2025-10-28T01:29:25.715+0000] {taskinstance.py:1361} INFO - Starting attempt 1 of 1
[2025-10-28T01:29:25.721+0000] {taskinstance.py:1382} INFO - Executing <Task(PythonOperator): load_and_merge> on 2025-03-05 15:00:00+00:00
[2025-10-28T01:29:25.724+0000] {standard_task_runner.py:57} INFO - Started process 1528 to run task
[2025-10-28T01:29:25.726+0000] {standard_task_runner.py:84} INFO - Running: ['airflow', 'tasks', 'run', 'hiring_dynamic', 'load_and_merge', 'scheduled__2025-03-05T15:00:00+00:00', '--job-id', '56', '--raw', '--subdir', 'DAGS_FOLDER/dag_dynamic.py', '--cfg-path', '/tmp/tmpg14n_4r4']
[2025-10-28T01:29:25.727+0000] {standard_task_runner.py:85} INFO - Job 56: Subtask load_and_merge
[2025-10-28T01:29:25.742+0000] {task_command.py:416} INFO - Running <TaskInstance: hiring_dynamic.load_and_merge scheduled__2025-03-05T15:00:00+00:00 [running]> on host c46dbfd34b1f
[2025-10-28T01:29:25.768+0000] {taskinstance.py:1662} INFO - Exporting env vars: AIRFLOW_CTX_DAG_OWNER='airflow' AIRFLOW_CTX_DAG_ID='hiring_dynamic' AIRFLOW_CTX_TASK_ID='load_and_merge' AIRFLOW_CTX_EXECUTION_DATE='2025-03-05T15:00:00+00:00' AIRFLOW_CTX_TRY_NUMBER='1' AIRFLOW_CTX_DAG_RUN_ID='scheduled__2025-03-05T15:00:00+00:00'
[2025-10-28T01:29:25.769+0000] {logging_mixin.py:154} INFO - Leyendo /opt/airflow/data/dynamic/2025-03-05/raw/data_1.csv
[2025-10-28T01:29:25.774+0000] {logging_mixin.py:154} INFO - Leyendo /opt/airflow/data/dynamic/2025-03-05/raw/data_2.csv
[2025-10-28T01:29:25.780+0000] {logging_mixin.py:154} INFO - Datos concatenados guardados en: /opt/airflow/data/dynamic/2025-03-05/preprocessed/merged_data.csv
[2025-10-28T01:29:25.780+0000] {logging_mixin.py:154} INFO - Forma del dataset: (1500, 11)
[2025-10-28T01:29:25.784+0000] {python.py:194} INFO - Done. Returned value was: None
[2025-10-28T01:29:25.786+0000] {taskinstance.py:1400} INFO - Marking task as SUCCESS. dag_id=hiring_dynamic, task_id=load_and_merge, execution_date=20250305T150000, start_date=20251028T012925, end_date=20251028T012925
[2025-10-28T01:29:25.828+0000] {local_task_job_runner.py:228} INFO - Task exited with return code 0
[2025-10-28T01:29:25.839+0000] {taskinstance.py:2778} INFO - 1 downstream tasks scheduled from follow-on schedule check
