[2025-12-02T00:11:33.396+0000] {processor.py:157} INFO - Started process (PID=9081) to work on /opt/airflow/dags/tasks/__init__.py
[2025-12-02T00:11:33.397+0000] {processor.py:829} INFO - Processing file /opt/airflow/dags/tasks/__init__.py for tasks to queue
[2025-12-02T00:11:33.402+0000] {logging_mixin.py:154} INFO - [2025-12-02T00:11:33.397+0000] {dagbag.py:536} INFO - Filling up the DagBag from /opt/airflow/dags/tasks/__init__.py
[2025-12-02T00:11:33.408+0000] {processor.py:841} WARNING - No viable dags retrieved from /opt/airflow/dags/tasks/__init__.py
[2025-12-02T00:11:33.432+0000] {processor.py:179} INFO - Processing /opt/airflow/dags/tasks/__init__.py took 0.040 seconds
[2025-12-02T00:12:03.720+0000] {processor.py:157} INFO - Started process (PID=9122) to work on /opt/airflow/dags/tasks/__init__.py
[2025-12-02T00:12:03.720+0000] {processor.py:829} INFO - Processing file /opt/airflow/dags/tasks/__init__.py for tasks to queue
[2025-12-02T00:12:03.721+0000] {logging_mixin.py:154} INFO - [2025-12-02T00:12:03.721+0000] {dagbag.py:536} INFO - Filling up the DagBag from /opt/airflow/dags/tasks/__init__.py
[2025-12-02T00:12:03.722+0000] {processor.py:841} WARNING - No viable dags retrieved from /opt/airflow/dags/tasks/__init__.py
[2025-12-02T00:12:03.732+0000] {processor.py:179} INFO - Processing /opt/airflow/dags/tasks/__init__.py took 0.015 seconds
[2025-12-02T00:12:34.452+0000] {processor.py:157} INFO - Started process (PID=9187) to work on /opt/airflow/dags/tasks/__init__.py
[2025-12-02T00:12:34.453+0000] {processor.py:829} INFO - Processing file /opt/airflow/dags/tasks/__init__.py for tasks to queue
[2025-12-02T00:12:34.454+0000] {logging_mixin.py:154} INFO - [2025-12-02T00:12:34.454+0000] {dagbag.py:536} INFO - Filling up the DagBag from /opt/airflow/dags/tasks/__init__.py
[2025-12-02T00:12:34.456+0000] {processor.py:841} WARNING - No viable dags retrieved from /opt/airflow/dags/tasks/__init__.py
[2025-12-02T00:12:34.469+0000] {processor.py:179} INFO - Processing /opt/airflow/dags/tasks/__init__.py took 0.021 seconds
[2025-12-02T00:13:04.739+0000] {processor.py:157} INFO - Started process (PID=9241) to work on /opt/airflow/dags/tasks/__init__.py
[2025-12-02T00:13:04.768+0000] {processor.py:829} INFO - Processing file /opt/airflow/dags/tasks/__init__.py for tasks to queue
[2025-12-02T00:13:04.768+0000] {logging_mixin.py:154} INFO - [2025-12-02T00:13:04.768+0000] {dagbag.py:536} INFO - Filling up the DagBag from /opt/airflow/dags/tasks/__init__.py
[2025-12-02T00:13:04.770+0000] {processor.py:841} WARNING - No viable dags retrieved from /opt/airflow/dags/tasks/__init__.py
[2025-12-02T00:13:04.782+0000] {processor.py:179} INFO - Processing /opt/airflow/dags/tasks/__init__.py took 0.045 seconds
[2025-12-02T00:13:34.895+0000] {processor.py:157} INFO - Started process (PID=9306) to work on /opt/airflow/dags/tasks/__init__.py
[2025-12-02T00:13:34.896+0000] {processor.py:829} INFO - Processing file /opt/airflow/dags/tasks/__init__.py for tasks to queue
[2025-12-02T00:13:34.897+0000] {logging_mixin.py:154} INFO - [2025-12-02T00:13:34.896+0000] {dagbag.py:536} INFO - Filling up the DagBag from /opt/airflow/dags/tasks/__init__.py
[2025-12-02T00:13:34.899+0000] {processor.py:841} WARNING - No viable dags retrieved from /opt/airflow/dags/tasks/__init__.py
[2025-12-02T00:13:34.915+0000] {processor.py:179} INFO - Processing /opt/airflow/dags/tasks/__init__.py took 0.023 seconds
[2025-12-02T00:14:05.651+0000] {processor.py:157} INFO - Started process (PID=9371) to work on /opt/airflow/dags/tasks/__init__.py
[2025-12-02T00:14:05.673+0000] {processor.py:829} INFO - Processing file /opt/airflow/dags/tasks/__init__.py for tasks to queue
[2025-12-02T00:14:05.674+0000] {logging_mixin.py:154} INFO - [2025-12-02T00:14:05.674+0000] {dagbag.py:536} INFO - Filling up the DagBag from /opt/airflow/dags/tasks/__init__.py
[2025-12-02T00:14:05.676+0000] {processor.py:841} WARNING - No viable dags retrieved from /opt/airflow/dags/tasks/__init__.py
[2025-12-02T00:14:05.686+0000] {processor.py:179} INFO - Processing /opt/airflow/dags/tasks/__init__.py took 0.038 seconds
[2025-12-02T00:14:35.799+0000] {processor.py:157} INFO - Started process (PID=9429) to work on /opt/airflow/dags/tasks/__init__.py
[2025-12-02T00:14:35.800+0000] {processor.py:829} INFO - Processing file /opt/airflow/dags/tasks/__init__.py for tasks to queue
[2025-12-02T00:14:35.800+0000] {logging_mixin.py:154} INFO - [2025-12-02T00:14:35.800+0000] {dagbag.py:536} INFO - Filling up the DagBag from /opt/airflow/dags/tasks/__init__.py
[2025-12-02T00:14:35.801+0000] {processor.py:841} WARNING - No viable dags retrieved from /opt/airflow/dags/tasks/__init__.py
[2025-12-02T00:14:35.811+0000] {processor.py:179} INFO - Processing /opt/airflow/dags/tasks/__init__.py took 0.015 seconds
[2025-12-02T00:15:06.733+0000] {processor.py:157} INFO - Started process (PID=9496) to work on /opt/airflow/dags/tasks/__init__.py
[2025-12-02T00:15:06.734+0000] {processor.py:829} INFO - Processing file /opt/airflow/dags/tasks/__init__.py for tasks to queue
[2025-12-02T00:15:06.734+0000] {logging_mixin.py:154} INFO - [2025-12-02T00:15:06.734+0000] {dagbag.py:536} INFO - Filling up the DagBag from /opt/airflow/dags/tasks/__init__.py
[2025-12-02T00:15:06.735+0000] {processor.py:841} WARNING - No viable dags retrieved from /opt/airflow/dags/tasks/__init__.py
[2025-12-02T00:15:06.745+0000] {processor.py:179} INFO - Processing /opt/airflow/dags/tasks/__init__.py took 0.014 seconds
[2025-12-02T00:15:37.130+0000] {processor.py:157} INFO - Started process (PID=9561) to work on /opt/airflow/dags/tasks/__init__.py
[2025-12-02T00:15:37.131+0000] {processor.py:829} INFO - Processing file /opt/airflow/dags/tasks/__init__.py for tasks to queue
[2025-12-02T00:15:37.131+0000] {logging_mixin.py:154} INFO - [2025-12-02T00:15:37.131+0000] {dagbag.py:536} INFO - Filling up the DagBag from /opt/airflow/dags/tasks/__init__.py
[2025-12-02T00:15:37.133+0000] {processor.py:841} WARNING - No viable dags retrieved from /opt/airflow/dags/tasks/__init__.py
[2025-12-02T00:15:37.142+0000] {processor.py:179} INFO - Processing /opt/airflow/dags/tasks/__init__.py took 0.014 seconds
[2025-12-02T00:16:07.863+0000] {processor.py:157} INFO - Started process (PID=9626) to work on /opt/airflow/dags/tasks/__init__.py
[2025-12-02T00:16:07.864+0000] {processor.py:829} INFO - Processing file /opt/airflow/dags/tasks/__init__.py for tasks to queue
[2025-12-02T00:16:07.865+0000] {logging_mixin.py:154} INFO - [2025-12-02T00:16:07.864+0000] {dagbag.py:536} INFO - Filling up the DagBag from /opt/airflow/dags/tasks/__init__.py
[2025-12-02T00:16:07.866+0000] {processor.py:841} WARNING - No viable dags retrieved from /opt/airflow/dags/tasks/__init__.py
[2025-12-02T00:16:07.875+0000] {processor.py:179} INFO - Processing /opt/airflow/dags/tasks/__init__.py took 0.015 seconds
[2025-12-02T00:16:38.644+0000] {processor.py:157} INFO - Started process (PID=9684) to work on /opt/airflow/dags/tasks/__init__.py
[2025-12-02T00:16:38.645+0000] {processor.py:829} INFO - Processing file /opt/airflow/dags/tasks/__init__.py for tasks to queue
[2025-12-02T00:16:38.645+0000] {logging_mixin.py:154} INFO - [2025-12-02T00:16:38.645+0000] {dagbag.py:536} INFO - Filling up the DagBag from /opt/airflow/dags/tasks/__init__.py
[2025-12-02T00:16:38.646+0000] {processor.py:841} WARNING - No viable dags retrieved from /opt/airflow/dags/tasks/__init__.py
[2025-12-02T00:16:38.660+0000] {processor.py:179} INFO - Processing /opt/airflow/dags/tasks/__init__.py took 0.018 seconds
[2025-12-02T00:17:09.332+0000] {processor.py:157} INFO - Started process (PID=9750) to work on /opt/airflow/dags/tasks/__init__.py
[2025-12-02T00:17:09.332+0000] {processor.py:829} INFO - Processing file /opt/airflow/dags/tasks/__init__.py for tasks to queue
[2025-12-02T00:17:09.333+0000] {logging_mixin.py:154} INFO - [2025-12-02T00:17:09.333+0000] {dagbag.py:536} INFO - Filling up the DagBag from /opt/airflow/dags/tasks/__init__.py
[2025-12-02T00:17:09.334+0000] {processor.py:841} WARNING - No viable dags retrieved from /opt/airflow/dags/tasks/__init__.py
[2025-12-02T00:17:09.344+0000] {processor.py:179} INFO - Processing /opt/airflow/dags/tasks/__init__.py took 0.015 seconds
[2025-12-02T00:17:40.014+0000] {processor.py:157} INFO - Started process (PID=9815) to work on /opt/airflow/dags/tasks/__init__.py
[2025-12-02T00:17:40.015+0000] {processor.py:829} INFO - Processing file /opt/airflow/dags/tasks/__init__.py for tasks to queue
[2025-12-02T00:17:40.016+0000] {logging_mixin.py:154} INFO - [2025-12-02T00:17:40.015+0000] {dagbag.py:536} INFO - Filling up the DagBag from /opt/airflow/dags/tasks/__init__.py
[2025-12-02T00:17:40.017+0000] {processor.py:841} WARNING - No viable dags retrieved from /opt/airflow/dags/tasks/__init__.py
[2025-12-02T00:17:40.028+0000] {processor.py:179} INFO - Processing /opt/airflow/dags/tasks/__init__.py took 0.017 seconds
[2025-12-02T00:18:10.701+0000] {processor.py:157} INFO - Started process (PID=9873) to work on /opt/airflow/dags/tasks/__init__.py
[2025-12-02T00:18:10.702+0000] {processor.py:829} INFO - Processing file /opt/airflow/dags/tasks/__init__.py for tasks to queue
[2025-12-02T00:18:10.703+0000] {logging_mixin.py:154} INFO - [2025-12-02T00:18:10.702+0000] {dagbag.py:536} INFO - Filling up the DagBag from /opt/airflow/dags/tasks/__init__.py
[2025-12-02T00:18:10.704+0000] {processor.py:841} WARNING - No viable dags retrieved from /opt/airflow/dags/tasks/__init__.py
[2025-12-02T00:18:10.715+0000] {processor.py:179} INFO - Processing /opt/airflow/dags/tasks/__init__.py took 0.017 seconds
[2025-12-02T00:18:41.474+0000] {processor.py:157} INFO - Started process (PID=9938) to work on /opt/airflow/dags/tasks/__init__.py
[2025-12-02T00:18:41.475+0000] {processor.py:829} INFO - Processing file /opt/airflow/dags/tasks/__init__.py for tasks to queue
[2025-12-02T00:18:41.475+0000] {logging_mixin.py:154} INFO - [2025-12-02T00:18:41.475+0000] {dagbag.py:536} INFO - Filling up the DagBag from /opt/airflow/dags/tasks/__init__.py
[2025-12-02T00:18:41.477+0000] {processor.py:841} WARNING - No viable dags retrieved from /opt/airflow/dags/tasks/__init__.py
[2025-12-02T00:18:41.487+0000] {processor.py:179} INFO - Processing /opt/airflow/dags/tasks/__init__.py took 0.016 seconds
[2025-12-02T00:19:12.139+0000] {processor.py:157} INFO - Started process (PID=10003) to work on /opt/airflow/dags/tasks/__init__.py
[2025-12-02T00:19:12.140+0000] {processor.py:829} INFO - Processing file /opt/airflow/dags/tasks/__init__.py for tasks to queue
[2025-12-02T00:19:12.140+0000] {logging_mixin.py:154} INFO - [2025-12-02T00:19:12.140+0000] {dagbag.py:536} INFO - Filling up the DagBag from /opt/airflow/dags/tasks/__init__.py
[2025-12-02T00:19:12.141+0000] {processor.py:841} WARNING - No viable dags retrieved from /opt/airflow/dags/tasks/__init__.py
[2025-12-02T00:19:12.154+0000] {processor.py:179} INFO - Processing /opt/airflow/dags/tasks/__init__.py took 0.017 seconds
[2025-12-02T00:19:42.347+0000] {processor.py:157} INFO - Started process (PID=10061) to work on /opt/airflow/dags/tasks/__init__.py
[2025-12-02T00:19:42.348+0000] {processor.py:829} INFO - Processing file /opt/airflow/dags/tasks/__init__.py for tasks to queue
[2025-12-02T00:19:42.349+0000] {logging_mixin.py:154} INFO - [2025-12-02T00:19:42.348+0000] {dagbag.py:536} INFO - Filling up the DagBag from /opt/airflow/dags/tasks/__init__.py
[2025-12-02T00:19:42.350+0000] {processor.py:841} WARNING - No viable dags retrieved from /opt/airflow/dags/tasks/__init__.py
[2025-12-02T00:19:42.360+0000] {processor.py:179} INFO - Processing /opt/airflow/dags/tasks/__init__.py took 0.016 seconds
[2025-12-02T00:20:12.746+0000] {processor.py:157} INFO - Started process (PID=10126) to work on /opt/airflow/dags/tasks/__init__.py
[2025-12-02T00:20:12.747+0000] {processor.py:829} INFO - Processing file /opt/airflow/dags/tasks/__init__.py for tasks to queue
[2025-12-02T00:20:12.747+0000] {logging_mixin.py:154} INFO - [2025-12-02T00:20:12.747+0000] {dagbag.py:536} INFO - Filling up the DagBag from /opt/airflow/dags/tasks/__init__.py
[2025-12-02T00:20:12.749+0000] {processor.py:841} WARNING - No viable dags retrieved from /opt/airflow/dags/tasks/__init__.py
[2025-12-02T00:20:12.760+0000] {processor.py:179} INFO - Processing /opt/airflow/dags/tasks/__init__.py took 0.017 seconds
[2025-12-02T00:20:43.024+0000] {processor.py:157} INFO - Started process (PID=10191) to work on /opt/airflow/dags/tasks/__init__.py
[2025-12-02T00:20:43.025+0000] {processor.py:829} INFO - Processing file /opt/airflow/dags/tasks/__init__.py for tasks to queue
[2025-12-02T00:20:43.026+0000] {logging_mixin.py:154} INFO - [2025-12-02T00:20:43.025+0000] {dagbag.py:536} INFO - Filling up the DagBag from /opt/airflow/dags/tasks/__init__.py
[2025-12-02T00:20:43.027+0000] {processor.py:841} WARNING - No viable dags retrieved from /opt/airflow/dags/tasks/__init__.py
[2025-12-02T00:20:43.040+0000] {processor.py:179} INFO - Processing /opt/airflow/dags/tasks/__init__.py took 0.018 seconds
[2025-12-02T00:21:13.735+0000] {processor.py:157} INFO - Started process (PID=10249) to work on /opt/airflow/dags/tasks/__init__.py
[2025-12-02T00:21:13.736+0000] {processor.py:829} INFO - Processing file /opt/airflow/dags/tasks/__init__.py for tasks to queue
[2025-12-02T00:21:13.737+0000] {logging_mixin.py:154} INFO - [2025-12-02T00:21:13.736+0000] {dagbag.py:536} INFO - Filling up the DagBag from /opt/airflow/dags/tasks/__init__.py
[2025-12-02T00:21:13.738+0000] {processor.py:841} WARNING - No viable dags retrieved from /opt/airflow/dags/tasks/__init__.py
[2025-12-02T00:21:13.749+0000] {processor.py:179} INFO - Processing /opt/airflow/dags/tasks/__init__.py took 0.016 seconds
[2025-12-02T00:21:43.810+0000] {processor.py:157} INFO - Started process (PID=10314) to work on /opt/airflow/dags/tasks/__init__.py
[2025-12-02T00:21:43.811+0000] {processor.py:829} INFO - Processing file /opt/airflow/dags/tasks/__init__.py for tasks to queue
[2025-12-02T00:21:43.811+0000] {logging_mixin.py:154} INFO - [2025-12-02T00:21:43.811+0000] {dagbag.py:536} INFO - Filling up the DagBag from /opt/airflow/dags/tasks/__init__.py
[2025-12-02T00:21:43.813+0000] {processor.py:841} WARNING - No viable dags retrieved from /opt/airflow/dags/tasks/__init__.py
[2025-12-02T00:21:43.824+0000] {processor.py:179} INFO - Processing /opt/airflow/dags/tasks/__init__.py took 0.017 seconds
[2025-12-02T00:22:14.166+0000] {processor.py:157} INFO - Started process (PID=10379) to work on /opt/airflow/dags/tasks/__init__.py
[2025-12-02T00:22:14.167+0000] {processor.py:829} INFO - Processing file /opt/airflow/dags/tasks/__init__.py for tasks to queue
[2025-12-02T00:22:14.168+0000] {logging_mixin.py:154} INFO - [2025-12-02T00:22:14.167+0000] {dagbag.py:536} INFO - Filling up the DagBag from /opt/airflow/dags/tasks/__init__.py
[2025-12-02T00:22:14.169+0000] {processor.py:841} WARNING - No viable dags retrieved from /opt/airflow/dags/tasks/__init__.py
[2025-12-02T00:22:14.293+0000] {processor.py:179} INFO - Processing /opt/airflow/dags/tasks/__init__.py took 0.130 seconds
[2025-12-02T00:22:44.969+0000] {processor.py:157} INFO - Started process (PID=10437) to work on /opt/airflow/dags/tasks/__init__.py
[2025-12-02T00:22:44.969+0000] {processor.py:829} INFO - Processing file /opt/airflow/dags/tasks/__init__.py for tasks to queue
[2025-12-02T00:22:44.970+0000] {logging_mixin.py:154} INFO - [2025-12-02T00:22:44.969+0000] {dagbag.py:536} INFO - Filling up the DagBag from /opt/airflow/dags/tasks/__init__.py
[2025-12-02T00:22:44.971+0000] {processor.py:841} WARNING - No viable dags retrieved from /opt/airflow/dags/tasks/__init__.py
[2025-12-02T00:22:44.981+0000] {processor.py:179} INFO - Processing /opt/airflow/dags/tasks/__init__.py took 0.015 seconds
[2025-12-02T00:23:15.748+0000] {processor.py:157} INFO - Started process (PID=10503) to work on /opt/airflow/dags/tasks/__init__.py
[2025-12-02T00:23:15.749+0000] {processor.py:829} INFO - Processing file /opt/airflow/dags/tasks/__init__.py for tasks to queue
[2025-12-02T00:23:15.749+0000] {logging_mixin.py:154} INFO - [2025-12-02T00:23:15.749+0000] {dagbag.py:536} INFO - Filling up the DagBag from /opt/airflow/dags/tasks/__init__.py
[2025-12-02T00:23:15.751+0000] {processor.py:841} WARNING - No viable dags retrieved from /opt/airflow/dags/tasks/__init__.py
[2025-12-02T00:23:15.762+0000] {processor.py:179} INFO - Processing /opt/airflow/dags/tasks/__init__.py took 0.017 seconds
[2025-12-02T15:03:06.890+0000] {processor.py:157} INFO - Started process (PID=198) to work on /opt/airflow/dags/tasks/__init__.py
[2025-12-02T15:03:06.892+0000] {processor.py:829} INFO - Processing file /opt/airflow/dags/tasks/__init__.py for tasks to queue
[2025-12-02T15:03:06.893+0000] {logging_mixin.py:154} INFO - [2025-12-02T15:03:06.892+0000] {dagbag.py:536} INFO - Filling up the DagBag from /opt/airflow/dags/tasks/__init__.py
[2025-12-02T15:03:06.895+0000] {processor.py:841} WARNING - No viable dags retrieved from /opt/airflow/dags/tasks/__init__.py
[2025-12-02T15:03:06.908+0000] {processor.py:179} INFO - Processing /opt/airflow/dags/tasks/__init__.py took 0.020 seconds
[2025-12-02T15:09:26.799+0000] {processor.py:157} INFO - Started process (PID=181) to work on /opt/airflow/dags/tasks/__init__.py
[2025-12-02T15:09:26.800+0000] {processor.py:829} INFO - Processing file /opt/airflow/dags/tasks/__init__.py for tasks to queue
[2025-12-02T15:09:26.800+0000] {logging_mixin.py:154} INFO - [2025-12-02T15:09:26.800+0000] {dagbag.py:536} INFO - Filling up the DagBag from /opt/airflow/dags/tasks/__init__.py
[2025-12-02T15:09:26.802+0000] {processor.py:841} WARNING - No viable dags retrieved from /opt/airflow/dags/tasks/__init__.py
[2025-12-02T15:09:26.813+0000] {processor.py:179} INFO - Processing /opt/airflow/dags/tasks/__init__.py took 0.017 seconds
[2025-12-02T15:09:57.211+0000] {processor.py:157} INFO - Started process (PID=236) to work on /opt/airflow/dags/tasks/__init__.py
[2025-12-02T15:09:57.212+0000] {processor.py:829} INFO - Processing file /opt/airflow/dags/tasks/__init__.py for tasks to queue
[2025-12-02T15:09:57.212+0000] {logging_mixin.py:154} INFO - [2025-12-02T15:09:57.212+0000] {dagbag.py:536} INFO - Filling up the DagBag from /opt/airflow/dags/tasks/__init__.py
[2025-12-02T15:09:57.214+0000] {processor.py:841} WARNING - No viable dags retrieved from /opt/airflow/dags/tasks/__init__.py
[2025-12-02T15:09:57.223+0000] {processor.py:179} INFO - Processing /opt/airflow/dags/tasks/__init__.py took 0.014 seconds
[2025-12-02T15:10:27.605+0000] {processor.py:157} INFO - Started process (PID=288) to work on /opt/airflow/dags/tasks/__init__.py
[2025-12-02T15:10:27.606+0000] {processor.py:829} INFO - Processing file /opt/airflow/dags/tasks/__init__.py for tasks to queue
[2025-12-02T15:10:27.607+0000] {logging_mixin.py:154} INFO - [2025-12-02T15:10:27.607+0000] {dagbag.py:536} INFO - Filling up the DagBag from /opt/airflow/dags/tasks/__init__.py
[2025-12-02T15:10:27.608+0000] {processor.py:841} WARNING - No viable dags retrieved from /opt/airflow/dags/tasks/__init__.py
[2025-12-02T15:10:27.618+0000] {processor.py:179} INFO - Processing /opt/airflow/dags/tasks/__init__.py took 0.015 seconds
[2025-12-02T15:10:58.019+0000] {processor.py:157} INFO - Started process (PID=347) to work on /opt/airflow/dags/tasks/__init__.py
[2025-12-02T15:10:58.019+0000] {processor.py:829} INFO - Processing file /opt/airflow/dags/tasks/__init__.py for tasks to queue
[2025-12-02T15:10:58.020+0000] {logging_mixin.py:154} INFO - [2025-12-02T15:10:58.020+0000] {dagbag.py:536} INFO - Filling up the DagBag from /opt/airflow/dags/tasks/__init__.py
[2025-12-02T15:10:58.021+0000] {processor.py:841} WARNING - No viable dags retrieved from /opt/airflow/dags/tasks/__init__.py
[2025-12-02T15:10:58.031+0000] {processor.py:179} INFO - Processing /opt/airflow/dags/tasks/__init__.py took 0.015 seconds
[2025-12-02T15:11:28.409+0000] {processor.py:157} INFO - Started process (PID=406) to work on /opt/airflow/dags/tasks/__init__.py
[2025-12-02T15:11:28.410+0000] {processor.py:829} INFO - Processing file /opt/airflow/dags/tasks/__init__.py for tasks to queue
[2025-12-02T15:11:28.410+0000] {logging_mixin.py:154} INFO - [2025-12-02T15:11:28.410+0000] {dagbag.py:536} INFO - Filling up the DagBag from /opt/airflow/dags/tasks/__init__.py
[2025-12-02T15:11:28.412+0000] {processor.py:841} WARNING - No viable dags retrieved from /opt/airflow/dags/tasks/__init__.py
[2025-12-02T15:11:28.422+0000] {processor.py:179} INFO - Processing /opt/airflow/dags/tasks/__init__.py took 0.015 seconds
[2025-12-02T15:11:58.790+0000] {processor.py:157} INFO - Started process (PID=458) to work on /opt/airflow/dags/tasks/__init__.py
[2025-12-02T15:11:58.791+0000] {processor.py:829} INFO - Processing file /opt/airflow/dags/tasks/__init__.py for tasks to queue
[2025-12-02T15:11:58.791+0000] {logging_mixin.py:154} INFO - [2025-12-02T15:11:58.791+0000] {dagbag.py:536} INFO - Filling up the DagBag from /opt/airflow/dags/tasks/__init__.py
[2025-12-02T15:11:58.793+0000] {processor.py:841} WARNING - No viable dags retrieved from /opt/airflow/dags/tasks/__init__.py
[2025-12-02T15:11:58.802+0000] {processor.py:179} INFO - Processing /opt/airflow/dags/tasks/__init__.py took 0.015 seconds
[2025-12-02T15:12:29.191+0000] {processor.py:157} INFO - Started process (PID=517) to work on /opt/airflow/dags/tasks/__init__.py
[2025-12-02T15:12:29.192+0000] {processor.py:829} INFO - Processing file /opt/airflow/dags/tasks/__init__.py for tasks to queue
[2025-12-02T15:12:29.193+0000] {logging_mixin.py:154} INFO - [2025-12-02T15:12:29.193+0000] {dagbag.py:536} INFO - Filling up the DagBag from /opt/airflow/dags/tasks/__init__.py
[2025-12-02T15:12:29.194+0000] {processor.py:841} WARNING - No viable dags retrieved from /opt/airflow/dags/tasks/__init__.py
[2025-12-02T15:12:29.205+0000] {processor.py:179} INFO - Processing /opt/airflow/dags/tasks/__init__.py took 0.017 seconds
[2025-12-02T15:12:59.586+0000] {processor.py:157} INFO - Started process (PID=576) to work on /opt/airflow/dags/tasks/__init__.py
[2025-12-02T15:12:59.587+0000] {processor.py:829} INFO - Processing file /opt/airflow/dags/tasks/__init__.py for tasks to queue
[2025-12-02T15:12:59.588+0000] {logging_mixin.py:154} INFO - [2025-12-02T15:12:59.587+0000] {dagbag.py:536} INFO - Filling up the DagBag from /opt/airflow/dags/tasks/__init__.py
[2025-12-02T15:12:59.589+0000] {processor.py:841} WARNING - No viable dags retrieved from /opt/airflow/dags/tasks/__init__.py
[2025-12-02T15:12:59.598+0000] {processor.py:179} INFO - Processing /opt/airflow/dags/tasks/__init__.py took 0.014 seconds
[2025-12-02T15:13:29.978+0000] {processor.py:157} INFO - Started process (PID=628) to work on /opt/airflow/dags/tasks/__init__.py
[2025-12-02T15:13:29.979+0000] {processor.py:829} INFO - Processing file /opt/airflow/dags/tasks/__init__.py for tasks to queue
[2025-12-02T15:13:29.980+0000] {logging_mixin.py:154} INFO - [2025-12-02T15:13:29.979+0000] {dagbag.py:536} INFO - Filling up the DagBag from /opt/airflow/dags/tasks/__init__.py
[2025-12-02T15:13:29.981+0000] {processor.py:841} WARNING - No viable dags retrieved from /opt/airflow/dags/tasks/__init__.py
[2025-12-02T15:13:29.991+0000] {processor.py:179} INFO - Processing /opt/airflow/dags/tasks/__init__.py took 0.016 seconds
[2025-12-02T15:14:00.374+0000] {processor.py:157} INFO - Started process (PID=687) to work on /opt/airflow/dags/tasks/__init__.py
[2025-12-02T15:14:00.375+0000] {processor.py:829} INFO - Processing file /opt/airflow/dags/tasks/__init__.py for tasks to queue
[2025-12-02T15:14:00.376+0000] {logging_mixin.py:154} INFO - [2025-12-02T15:14:00.375+0000] {dagbag.py:536} INFO - Filling up the DagBag from /opt/airflow/dags/tasks/__init__.py
[2025-12-02T15:14:00.377+0000] {processor.py:841} WARNING - No viable dags retrieved from /opt/airflow/dags/tasks/__init__.py
[2025-12-02T15:14:00.387+0000] {processor.py:179} INFO - Processing /opt/airflow/dags/tasks/__init__.py took 0.015 seconds
[2025-12-02T15:14:30.721+0000] {processor.py:157} INFO - Started process (PID=746) to work on /opt/airflow/dags/tasks/__init__.py
[2025-12-02T15:14:30.722+0000] {processor.py:829} INFO - Processing file /opt/airflow/dags/tasks/__init__.py for tasks to queue
[2025-12-02T15:14:30.723+0000] {logging_mixin.py:154} INFO - [2025-12-02T15:14:30.723+0000] {dagbag.py:536} INFO - Filling up the DagBag from /opt/airflow/dags/tasks/__init__.py
[2025-12-02T15:14:30.724+0000] {processor.py:841} WARNING - No viable dags retrieved from /opt/airflow/dags/tasks/__init__.py
[2025-12-02T15:14:30.734+0000] {processor.py:179} INFO - Processing /opt/airflow/dags/tasks/__init__.py took 0.015 seconds
[2025-12-02T15:15:00.926+0000] {processor.py:157} INFO - Started process (PID=805) to work on /opt/airflow/dags/tasks/__init__.py
[2025-12-02T15:15:00.927+0000] {processor.py:829} INFO - Processing file /opt/airflow/dags/tasks/__init__.py for tasks to queue
[2025-12-02T15:15:00.927+0000] {logging_mixin.py:154} INFO - [2025-12-02T15:15:00.927+0000] {dagbag.py:536} INFO - Filling up the DagBag from /opt/airflow/dags/tasks/__init__.py
[2025-12-02T15:15:00.928+0000] {processor.py:841} WARNING - No viable dags retrieved from /opt/airflow/dags/tasks/__init__.py
[2025-12-02T15:15:00.938+0000] {processor.py:179} INFO - Processing /opt/airflow/dags/tasks/__init__.py took 0.015 seconds
[2025-12-02T15:15:31.368+0000] {processor.py:157} INFO - Started process (PID=857) to work on /opt/airflow/dags/tasks/__init__.py
[2025-12-02T15:15:31.369+0000] {processor.py:829} INFO - Processing file /opt/airflow/dags/tasks/__init__.py for tasks to queue
[2025-12-02T15:15:31.369+0000] {logging_mixin.py:154} INFO - [2025-12-02T15:15:31.369+0000] {dagbag.py:536} INFO - Filling up the DagBag from /opt/airflow/dags/tasks/__init__.py
[2025-12-02T15:15:31.371+0000] {processor.py:841} WARNING - No viable dags retrieved from /opt/airflow/dags/tasks/__init__.py
[2025-12-02T15:15:31.381+0000] {processor.py:179} INFO - Processing /opt/airflow/dags/tasks/__init__.py took 0.016 seconds
[2025-12-02T15:16:01.571+0000] {processor.py:157} INFO - Started process (PID=916) to work on /opt/airflow/dags/tasks/__init__.py
[2025-12-02T15:16:01.572+0000] {processor.py:829} INFO - Processing file /opt/airflow/dags/tasks/__init__.py for tasks to queue
[2025-12-02T15:16:01.573+0000] {logging_mixin.py:154} INFO - [2025-12-02T15:16:01.572+0000] {dagbag.py:536} INFO - Filling up the DagBag from /opt/airflow/dags/tasks/__init__.py
[2025-12-02T15:16:01.574+0000] {processor.py:841} WARNING - No viable dags retrieved from /opt/airflow/dags/tasks/__init__.py
[2025-12-02T15:16:01.585+0000] {processor.py:179} INFO - Processing /opt/airflow/dags/tasks/__init__.py took 0.017 seconds
[2025-12-02T15:16:31.921+0000] {processor.py:157} INFO - Started process (PID=975) to work on /opt/airflow/dags/tasks/__init__.py
[2025-12-02T15:16:31.922+0000] {processor.py:829} INFO - Processing file /opt/airflow/dags/tasks/__init__.py for tasks to queue
[2025-12-02T15:16:31.923+0000] {logging_mixin.py:154} INFO - [2025-12-02T15:16:31.922+0000] {dagbag.py:536} INFO - Filling up the DagBag from /opt/airflow/dags/tasks/__init__.py
[2025-12-02T15:16:31.924+0000] {processor.py:841} WARNING - No viable dags retrieved from /opt/airflow/dags/tasks/__init__.py
[2025-12-02T15:16:31.933+0000] {processor.py:179} INFO - Processing /opt/airflow/dags/tasks/__init__.py took 0.015 seconds
[2025-12-02T15:17:02.117+0000] {processor.py:157} INFO - Started process (PID=1027) to work on /opt/airflow/dags/tasks/__init__.py
[2025-12-02T15:17:02.118+0000] {processor.py:829} INFO - Processing file /opt/airflow/dags/tasks/__init__.py for tasks to queue
[2025-12-02T15:17:02.118+0000] {logging_mixin.py:154} INFO - [2025-12-02T15:17:02.118+0000] {dagbag.py:536} INFO - Filling up the DagBag from /opt/airflow/dags/tasks/__init__.py
[2025-12-02T15:17:02.120+0000] {processor.py:841} WARNING - No viable dags retrieved from /opt/airflow/dags/tasks/__init__.py
[2025-12-02T15:17:02.130+0000] {processor.py:179} INFO - Processing /opt/airflow/dags/tasks/__init__.py took 0.015 seconds
[2025-12-02T15:17:32.480+0000] {processor.py:157} INFO - Started process (PID=1086) to work on /opt/airflow/dags/tasks/__init__.py
[2025-12-02T15:17:32.481+0000] {processor.py:829} INFO - Processing file /opt/airflow/dags/tasks/__init__.py for tasks to queue
[2025-12-02T15:17:32.482+0000] {logging_mixin.py:154} INFO - [2025-12-02T15:17:32.481+0000] {dagbag.py:536} INFO - Filling up the DagBag from /opt/airflow/dags/tasks/__init__.py
[2025-12-02T15:17:32.483+0000] {processor.py:841} WARNING - No viable dags retrieved from /opt/airflow/dags/tasks/__init__.py
[2025-12-02T15:17:32.493+0000] {processor.py:179} INFO - Processing /opt/airflow/dags/tasks/__init__.py took 0.015 seconds
[2025-12-02T15:18:02.838+0000] {processor.py:157} INFO - Started process (PID=1146) to work on /opt/airflow/dags/tasks/__init__.py
[2025-12-02T15:18:02.839+0000] {processor.py:829} INFO - Processing file /opt/airflow/dags/tasks/__init__.py for tasks to queue
[2025-12-02T15:18:02.839+0000] {logging_mixin.py:154} INFO - [2025-12-02T15:18:02.839+0000] {dagbag.py:536} INFO - Filling up the DagBag from /opt/airflow/dags/tasks/__init__.py
[2025-12-02T15:18:02.841+0000] {processor.py:841} WARNING - No viable dags retrieved from /opt/airflow/dags/tasks/__init__.py
[2025-12-02T15:18:02.851+0000] {processor.py:179} INFO - Processing /opt/airflow/dags/tasks/__init__.py took 0.015 seconds
[2025-12-02T15:18:33.210+0000] {processor.py:157} INFO - Started process (PID=1198) to work on /opt/airflow/dags/tasks/__init__.py
[2025-12-02T15:18:33.211+0000] {processor.py:829} INFO - Processing file /opt/airflow/dags/tasks/__init__.py for tasks to queue
[2025-12-02T15:18:33.212+0000] {logging_mixin.py:154} INFO - [2025-12-02T15:18:33.211+0000] {dagbag.py:536} INFO - Filling up the DagBag from /opt/airflow/dags/tasks/__init__.py
[2025-12-02T15:18:33.213+0000] {processor.py:841} WARNING - No viable dags retrieved from /opt/airflow/dags/tasks/__init__.py
[2025-12-02T15:18:33.223+0000] {processor.py:179} INFO - Processing /opt/airflow/dags/tasks/__init__.py took 0.016 seconds
[2025-12-02T15:19:03.577+0000] {processor.py:157} INFO - Started process (PID=1257) to work on /opt/airflow/dags/tasks/__init__.py
[2025-12-02T15:19:03.578+0000] {processor.py:829} INFO - Processing file /opt/airflow/dags/tasks/__init__.py for tasks to queue
[2025-12-02T15:19:03.578+0000] {logging_mixin.py:154} INFO - [2025-12-02T15:19:03.578+0000] {dagbag.py:536} INFO - Filling up the DagBag from /opt/airflow/dags/tasks/__init__.py
[2025-12-02T15:19:03.580+0000] {processor.py:841} WARNING - No viable dags retrieved from /opt/airflow/dags/tasks/__init__.py
[2025-12-02T15:19:03.590+0000] {processor.py:179} INFO - Processing /opt/airflow/dags/tasks/__init__.py took 0.016 seconds
[2025-12-02T15:19:33.968+0000] {processor.py:157} INFO - Started process (PID=1317) to work on /opt/airflow/dags/tasks/__init__.py
[2025-12-02T15:19:33.969+0000] {processor.py:829} INFO - Processing file /opt/airflow/dags/tasks/__init__.py for tasks to queue
[2025-12-02T15:19:33.969+0000] {logging_mixin.py:154} INFO - [2025-12-02T15:19:33.969+0000] {dagbag.py:536} INFO - Filling up the DagBag from /opt/airflow/dags/tasks/__init__.py
[2025-12-02T15:19:33.971+0000] {processor.py:841} WARNING - No viable dags retrieved from /opt/airflow/dags/tasks/__init__.py
[2025-12-02T15:19:33.981+0000] {processor.py:179} INFO - Processing /opt/airflow/dags/tasks/__init__.py took 0.016 seconds
[2025-12-02T15:20:04.328+0000] {processor.py:157} INFO - Started process (PID=1357) to work on /opt/airflow/dags/tasks/__init__.py
[2025-12-02T15:20:04.329+0000] {processor.py:829} INFO - Processing file /opt/airflow/dags/tasks/__init__.py for tasks to queue
[2025-12-02T15:20:04.329+0000] {logging_mixin.py:154} INFO - [2025-12-02T15:20:04.329+0000] {dagbag.py:536} INFO - Filling up the DagBag from /opt/airflow/dags/tasks/__init__.py
[2025-12-02T15:20:04.331+0000] {processor.py:841} WARNING - No viable dags retrieved from /opt/airflow/dags/tasks/__init__.py
[2025-12-02T15:20:04.341+0000] {processor.py:179} INFO - Processing /opt/airflow/dags/tasks/__init__.py took 0.016 seconds
[2025-12-02T15:20:34.725+0000] {processor.py:157} INFO - Started process (PID=1416) to work on /opt/airflow/dags/tasks/__init__.py
[2025-12-02T15:20:34.727+0000] {processor.py:829} INFO - Processing file /opt/airflow/dags/tasks/__init__.py for tasks to queue
[2025-12-02T15:20:34.728+0000] {logging_mixin.py:154} INFO - [2025-12-02T15:20:34.727+0000] {dagbag.py:536} INFO - Filling up the DagBag from /opt/airflow/dags/tasks/__init__.py
[2025-12-02T15:20:34.730+0000] {processor.py:841} WARNING - No viable dags retrieved from /opt/airflow/dags/tasks/__init__.py
[2025-12-02T15:20:34.743+0000] {processor.py:179} INFO - Processing /opt/airflow/dags/tasks/__init__.py took 0.021 seconds
[2025-12-02T15:20:51.779+0000] {processor.py:157} INFO - Started process (PID=181) to work on /opt/airflow/dags/tasks/__init__.py
[2025-12-02T15:20:51.780+0000] {processor.py:829} INFO - Processing file /opt/airflow/dags/tasks/__init__.py for tasks to queue
[2025-12-02T15:20:51.780+0000] {logging_mixin.py:154} INFO - [2025-12-02T15:20:51.780+0000] {dagbag.py:536} INFO - Filling up the DagBag from /opt/airflow/dags/tasks/__init__.py
[2025-12-02T15:20:51.782+0000] {processor.py:841} WARNING - No viable dags retrieved from /opt/airflow/dags/tasks/__init__.py
[2025-12-02T15:20:51.794+0000] {processor.py:179} INFO - Processing /opt/airflow/dags/tasks/__init__.py took 0.018 seconds
[2025-12-02T15:21:22.225+0000] {processor.py:157} INFO - Started process (PID=236) to work on /opt/airflow/dags/tasks/__init__.py
[2025-12-02T15:21:22.226+0000] {processor.py:829} INFO - Processing file /opt/airflow/dags/tasks/__init__.py for tasks to queue
[2025-12-02T15:21:22.226+0000] {logging_mixin.py:154} INFO - [2025-12-02T15:21:22.226+0000] {dagbag.py:536} INFO - Filling up the DagBag from /opt/airflow/dags/tasks/__init__.py
[2025-12-02T15:21:22.227+0000] {processor.py:841} WARNING - No viable dags retrieved from /opt/airflow/dags/tasks/__init__.py
[2025-12-02T15:21:22.239+0000] {processor.py:179} INFO - Processing /opt/airflow/dags/tasks/__init__.py took 0.017 seconds
[2025-12-02T15:21:52.505+0000] {processor.py:157} INFO - Started process (PID=476) to work on /opt/airflow/dags/tasks/__init__.py
[2025-12-02T15:21:52.510+0000] {processor.py:829} INFO - Processing file /opt/airflow/dags/tasks/__init__.py for tasks to queue
[2025-12-02T15:21:52.510+0000] {logging_mixin.py:154} INFO - [2025-12-02T15:21:52.510+0000] {dagbag.py:536} INFO - Filling up the DagBag from /opt/airflow/dags/tasks/__init__.py
[2025-12-02T15:21:52.512+0000] {processor.py:841} WARNING - No viable dags retrieved from /opt/airflow/dags/tasks/__init__.py
[2025-12-02T15:21:52.527+0000] {processor.py:179} INFO - Processing /opt/airflow/dags/tasks/__init__.py took 0.026 seconds
[2025-12-02T15:22:22.562+0000] {processor.py:157} INFO - Started process (PID=583) to work on /opt/airflow/dags/tasks/__init__.py
[2025-12-02T15:22:22.563+0000] {processor.py:829} INFO - Processing file /opt/airflow/dags/tasks/__init__.py for tasks to queue
[2025-12-02T15:22:22.564+0000] {logging_mixin.py:154} INFO - [2025-12-02T15:22:22.564+0000] {dagbag.py:536} INFO - Filling up the DagBag from /opt/airflow/dags/tasks/__init__.py
[2025-12-02T15:22:22.565+0000] {processor.py:841} WARNING - No viable dags retrieved from /opt/airflow/dags/tasks/__init__.py
[2025-12-02T15:22:22.576+0000] {processor.py:179} INFO - Processing /opt/airflow/dags/tasks/__init__.py took 0.017 seconds
[2025-12-02T15:22:52.988+0000] {processor.py:157} INFO - Started process (PID=704) to work on /opt/airflow/dags/tasks/__init__.py
[2025-12-02T15:22:52.989+0000] {processor.py:829} INFO - Processing file /opt/airflow/dags/tasks/__init__.py for tasks to queue
[2025-12-02T15:22:52.990+0000] {logging_mixin.py:154} INFO - [2025-12-02T15:22:52.989+0000] {dagbag.py:536} INFO - Filling up the DagBag from /opt/airflow/dags/tasks/__init__.py
[2025-12-02T15:22:52.991+0000] {processor.py:841} WARNING - No viable dags retrieved from /opt/airflow/dags/tasks/__init__.py
[2025-12-02T15:22:53.002+0000] {processor.py:179} INFO - Processing /opt/airflow/dags/tasks/__init__.py took 0.016 seconds
[2025-12-02T15:23:23.360+0000] {processor.py:157} INFO - Started process (PID=756) to work on /opt/airflow/dags/tasks/__init__.py
[2025-12-02T15:23:23.361+0000] {processor.py:829} INFO - Processing file /opt/airflow/dags/tasks/__init__.py for tasks to queue
[2025-12-02T15:23:23.361+0000] {logging_mixin.py:154} INFO - [2025-12-02T15:23:23.361+0000] {dagbag.py:536} INFO - Filling up the DagBag from /opt/airflow/dags/tasks/__init__.py
[2025-12-02T15:23:23.362+0000] {processor.py:841} WARNING - No viable dags retrieved from /opt/airflow/dags/tasks/__init__.py
[2025-12-02T15:23:23.372+0000] {processor.py:179} INFO - Processing /opt/airflow/dags/tasks/__init__.py took 0.014 seconds
[2025-12-02T15:23:53.740+0000] {processor.py:157} INFO - Started process (PID=815) to work on /opt/airflow/dags/tasks/__init__.py
[2025-12-02T15:23:53.741+0000] {processor.py:829} INFO - Processing file /opt/airflow/dags/tasks/__init__.py for tasks to queue
[2025-12-02T15:23:53.742+0000] {logging_mixin.py:154} INFO - [2025-12-02T15:23:53.742+0000] {dagbag.py:536} INFO - Filling up the DagBag from /opt/airflow/dags/tasks/__init__.py
[2025-12-02T15:23:53.743+0000] {processor.py:841} WARNING - No viable dags retrieved from /opt/airflow/dags/tasks/__init__.py
[2025-12-02T15:23:53.753+0000] {processor.py:179} INFO - Processing /opt/airflow/dags/tasks/__init__.py took 0.015 seconds
[2025-12-02T15:24:24.066+0000] {processor.py:157} INFO - Started process (PID=874) to work on /opt/airflow/dags/tasks/__init__.py
[2025-12-02T15:24:24.067+0000] {processor.py:829} INFO - Processing file /opt/airflow/dags/tasks/__init__.py for tasks to queue
[2025-12-02T15:24:24.067+0000] {logging_mixin.py:154} INFO - [2025-12-02T15:24:24.067+0000] {dagbag.py:536} INFO - Filling up the DagBag from /opt/airflow/dags/tasks/__init__.py
[2025-12-02T15:24:24.069+0000] {processor.py:841} WARNING - No viable dags retrieved from /opt/airflow/dags/tasks/__init__.py
[2025-12-02T15:24:24.079+0000] {processor.py:179} INFO - Processing /opt/airflow/dags/tasks/__init__.py took 0.016 seconds
[2025-12-02T15:24:54.510+0000] {processor.py:157} INFO - Started process (PID=926) to work on /opt/airflow/dags/tasks/__init__.py
[2025-12-02T15:24:54.511+0000] {processor.py:829} INFO - Processing file /opt/airflow/dags/tasks/__init__.py for tasks to queue
[2025-12-02T15:24:54.511+0000] {logging_mixin.py:154} INFO - [2025-12-02T15:24:54.511+0000] {dagbag.py:536} INFO - Filling up the DagBag from /opt/airflow/dags/tasks/__init__.py
[2025-12-02T15:24:54.513+0000] {processor.py:841} WARNING - No viable dags retrieved from /opt/airflow/dags/tasks/__init__.py
[2025-12-02T15:24:54.526+0000] {processor.py:179} INFO - Processing /opt/airflow/dags/tasks/__init__.py took 0.020 seconds
[2025-12-02T15:25:24.877+0000] {processor.py:157} INFO - Started process (PID=985) to work on /opt/airflow/dags/tasks/__init__.py
[2025-12-02T15:25:24.877+0000] {processor.py:829} INFO - Processing file /opt/airflow/dags/tasks/__init__.py for tasks to queue
[2025-12-02T15:25:24.878+0000] {logging_mixin.py:154} INFO - [2025-12-02T15:25:24.878+0000] {dagbag.py:536} INFO - Filling up the DagBag from /opt/airflow/dags/tasks/__init__.py
[2025-12-02T15:25:24.880+0000] {processor.py:841} WARNING - No viable dags retrieved from /opt/airflow/dags/tasks/__init__.py
[2025-12-02T15:25:24.889+0000] {processor.py:179} INFO - Processing /opt/airflow/dags/tasks/__init__.py took 0.015 seconds
[2025-12-02T15:25:55.247+0000] {processor.py:157} INFO - Started process (PID=1044) to work on /opt/airflow/dags/tasks/__init__.py
[2025-12-02T15:25:55.248+0000] {processor.py:829} INFO - Processing file /opt/airflow/dags/tasks/__init__.py for tasks to queue
[2025-12-02T15:25:55.249+0000] {logging_mixin.py:154} INFO - [2025-12-02T15:25:55.248+0000] {dagbag.py:536} INFO - Filling up the DagBag from /opt/airflow/dags/tasks/__init__.py
[2025-12-02T15:25:55.250+0000] {processor.py:841} WARNING - No viable dags retrieved from /opt/airflow/dags/tasks/__init__.py
[2025-12-02T15:25:55.260+0000] {processor.py:179} INFO - Processing /opt/airflow/dags/tasks/__init__.py took 0.016 seconds
[2025-12-02T15:26:25.615+0000] {processor.py:157} INFO - Started process (PID=1096) to work on /opt/airflow/dags/tasks/__init__.py
[2025-12-02T15:26:25.616+0000] {processor.py:829} INFO - Processing file /opt/airflow/dags/tasks/__init__.py for tasks to queue
[2025-12-02T15:26:25.616+0000] {logging_mixin.py:154} INFO - [2025-12-02T15:26:25.616+0000] {dagbag.py:536} INFO - Filling up the DagBag from /opt/airflow/dags/tasks/__init__.py
[2025-12-02T15:26:25.618+0000] {processor.py:841} WARNING - No viable dags retrieved from /opt/airflow/dags/tasks/__init__.py
[2025-12-02T15:26:25.628+0000] {processor.py:179} INFO - Processing /opt/airflow/dags/tasks/__init__.py took 0.016 seconds
[2025-12-02T15:26:55.813+0000] {processor.py:157} INFO - Started process (PID=1155) to work on /opt/airflow/dags/tasks/__init__.py
[2025-12-02T15:26:55.814+0000] {processor.py:829} INFO - Processing file /opt/airflow/dags/tasks/__init__.py for tasks to queue
[2025-12-02T15:26:55.814+0000] {logging_mixin.py:154} INFO - [2025-12-02T15:26:55.814+0000] {dagbag.py:536} INFO - Filling up the DagBag from /opt/airflow/dags/tasks/__init__.py
[2025-12-02T15:26:55.816+0000] {processor.py:841} WARNING - No viable dags retrieved from /opt/airflow/dags/tasks/__init__.py
[2025-12-02T15:26:55.825+0000] {processor.py:179} INFO - Processing /opt/airflow/dags/tasks/__init__.py took 0.016 seconds
[2025-12-02T15:27:26.181+0000] {processor.py:157} INFO - Started process (PID=1214) to work on /opt/airflow/dags/tasks/__init__.py
[2025-12-02T15:27:26.182+0000] {processor.py:829} INFO - Processing file /opt/airflow/dags/tasks/__init__.py for tasks to queue
[2025-12-02T15:27:26.183+0000] {logging_mixin.py:154} INFO - [2025-12-02T15:27:26.182+0000] {dagbag.py:536} INFO - Filling up the DagBag from /opt/airflow/dags/tasks/__init__.py
[2025-12-02T15:27:26.184+0000] {processor.py:841} WARNING - No viable dags retrieved from /opt/airflow/dags/tasks/__init__.py
[2025-12-02T15:27:26.194+0000] {processor.py:179} INFO - Processing /opt/airflow/dags/tasks/__init__.py took 0.015 seconds
[2025-12-02T15:27:56.539+0000] {processor.py:157} INFO - Started process (PID=1266) to work on /opt/airflow/dags/tasks/__init__.py
[2025-12-02T15:27:56.540+0000] {processor.py:829} INFO - Processing file /opt/airflow/dags/tasks/__init__.py for tasks to queue
[2025-12-02T15:27:56.541+0000] {logging_mixin.py:154} INFO - [2025-12-02T15:27:56.541+0000] {dagbag.py:536} INFO - Filling up the DagBag from /opt/airflow/dags/tasks/__init__.py
[2025-12-02T15:27:56.542+0000] {processor.py:841} WARNING - No viable dags retrieved from /opt/airflow/dags/tasks/__init__.py
[2025-12-02T15:27:56.552+0000] {processor.py:179} INFO - Processing /opt/airflow/dags/tasks/__init__.py took 0.015 seconds
[2025-12-02T15:28:26.908+0000] {processor.py:157} INFO - Started process (PID=1325) to work on /opt/airflow/dags/tasks/__init__.py
[2025-12-02T15:28:26.909+0000] {processor.py:829} INFO - Processing file /opt/airflow/dags/tasks/__init__.py for tasks to queue
[2025-12-02T15:28:26.909+0000] {logging_mixin.py:154} INFO - [2025-12-02T15:28:26.909+0000] {dagbag.py:536} INFO - Filling up the DagBag from /opt/airflow/dags/tasks/__init__.py
[2025-12-02T15:28:26.911+0000] {processor.py:841} WARNING - No viable dags retrieved from /opt/airflow/dags/tasks/__init__.py
[2025-12-02T15:28:26.921+0000] {processor.py:179} INFO - Processing /opt/airflow/dags/tasks/__init__.py took 0.016 seconds
[2025-12-02T15:28:57.254+0000] {processor.py:157} INFO - Started process (PID=1384) to work on /opt/airflow/dags/tasks/__init__.py
[2025-12-02T15:28:57.255+0000] {processor.py:829} INFO - Processing file /opt/airflow/dags/tasks/__init__.py for tasks to queue
[2025-12-02T15:28:57.256+0000] {logging_mixin.py:154} INFO - [2025-12-02T15:28:57.256+0000] {dagbag.py:536} INFO - Filling up the DagBag from /opt/airflow/dags/tasks/__init__.py
[2025-12-02T15:28:57.257+0000] {processor.py:841} WARNING - No viable dags retrieved from /opt/airflow/dags/tasks/__init__.py
[2025-12-02T15:28:57.269+0000] {processor.py:179} INFO - Processing /opt/airflow/dags/tasks/__init__.py took 0.017 seconds
[2025-12-02T15:29:27.615+0000] {processor.py:157} INFO - Started process (PID=1436) to work on /opt/airflow/dags/tasks/__init__.py
[2025-12-02T15:29:27.616+0000] {processor.py:829} INFO - Processing file /opt/airflow/dags/tasks/__init__.py for tasks to queue
[2025-12-02T15:29:27.616+0000] {logging_mixin.py:154} INFO - [2025-12-02T15:29:27.616+0000] {dagbag.py:536} INFO - Filling up the DagBag from /opt/airflow/dags/tasks/__init__.py
[2025-12-02T15:29:27.618+0000] {processor.py:841} WARNING - No viable dags retrieved from /opt/airflow/dags/tasks/__init__.py
[2025-12-02T15:29:27.628+0000] {processor.py:179} INFO - Processing /opt/airflow/dags/tasks/__init__.py took 0.016 seconds
[2025-12-02T15:29:58.022+0000] {processor.py:157} INFO - Started process (PID=1495) to work on /opt/airflow/dags/tasks/__init__.py
[2025-12-02T15:29:58.023+0000] {processor.py:829} INFO - Processing file /opt/airflow/dags/tasks/__init__.py for tasks to queue
[2025-12-02T15:29:58.024+0000] {logging_mixin.py:154} INFO - [2025-12-02T15:29:58.024+0000] {dagbag.py:536} INFO - Filling up the DagBag from /opt/airflow/dags/tasks/__init__.py
[2025-12-02T15:29:58.025+0000] {processor.py:841} WARNING - No viable dags retrieved from /opt/airflow/dags/tasks/__init__.py
[2025-12-02T15:29:58.034+0000] {processor.py:179} INFO - Processing /opt/airflow/dags/tasks/__init__.py took 0.015 seconds
[2025-12-02T15:30:28.471+0000] {processor.py:157} INFO - Started process (PID=1554) to work on /opt/airflow/dags/tasks/__init__.py
[2025-12-02T15:30:28.472+0000] {processor.py:829} INFO - Processing file /opt/airflow/dags/tasks/__init__.py for tasks to queue
[2025-12-02T15:30:28.473+0000] {logging_mixin.py:154} INFO - [2025-12-02T15:30:28.473+0000] {dagbag.py:536} INFO - Filling up the DagBag from /opt/airflow/dags/tasks/__init__.py
[2025-12-02T15:30:28.474+0000] {processor.py:841} WARNING - No viable dags retrieved from /opt/airflow/dags/tasks/__init__.py
[2025-12-02T15:30:28.485+0000] {processor.py:179} INFO - Processing /opt/airflow/dags/tasks/__init__.py took 0.016 seconds
[2025-12-02T15:30:58.851+0000] {processor.py:157} INFO - Started process (PID=1606) to work on /opt/airflow/dags/tasks/__init__.py
[2025-12-02T15:30:58.852+0000] {processor.py:829} INFO - Processing file /opt/airflow/dags/tasks/__init__.py for tasks to queue
[2025-12-02T15:30:58.852+0000] {logging_mixin.py:154} INFO - [2025-12-02T15:30:58.852+0000] {dagbag.py:536} INFO - Filling up the DagBag from /opt/airflow/dags/tasks/__init__.py
[2025-12-02T15:30:58.853+0000] {processor.py:841} WARNING - No viable dags retrieved from /opt/airflow/dags/tasks/__init__.py
[2025-12-02T15:30:58.862+0000] {processor.py:179} INFO - Processing /opt/airflow/dags/tasks/__init__.py took 0.013 seconds
[2025-12-02T15:31:29.263+0000] {processor.py:157} INFO - Started process (PID=1665) to work on /opt/airflow/dags/tasks/__init__.py
[2025-12-02T15:31:29.264+0000] {processor.py:829} INFO - Processing file /opt/airflow/dags/tasks/__init__.py for tasks to queue
[2025-12-02T15:31:29.265+0000] {logging_mixin.py:154} INFO - [2025-12-02T15:31:29.265+0000] {dagbag.py:536} INFO - Filling up the DagBag from /opt/airflow/dags/tasks/__init__.py
[2025-12-02T15:31:29.266+0000] {processor.py:841} WARNING - No viable dags retrieved from /opt/airflow/dags/tasks/__init__.py
[2025-12-02T15:31:29.277+0000] {processor.py:179} INFO - Processing /opt/airflow/dags/tasks/__init__.py took 0.017 seconds
[2025-12-02T15:31:59.729+0000] {processor.py:157} INFO - Started process (PID=1724) to work on /opt/airflow/dags/tasks/__init__.py
[2025-12-02T15:31:59.730+0000] {processor.py:829} INFO - Processing file /opt/airflow/dags/tasks/__init__.py for tasks to queue
[2025-12-02T15:31:59.731+0000] {logging_mixin.py:154} INFO - [2025-12-02T15:31:59.731+0000] {dagbag.py:536} INFO - Filling up the DagBag from /opt/airflow/dags/tasks/__init__.py
[2025-12-02T15:31:59.732+0000] {processor.py:841} WARNING - No viable dags retrieved from /opt/airflow/dags/tasks/__init__.py
[2025-12-02T15:31:59.742+0000] {processor.py:179} INFO - Processing /opt/airflow/dags/tasks/__init__.py took 0.015 seconds
[2025-12-02T15:32:30.092+0000] {processor.py:157} INFO - Started process (PID=1783) to work on /opt/airflow/dags/tasks/__init__.py
[2025-12-02T15:32:30.092+0000] {processor.py:829} INFO - Processing file /opt/airflow/dags/tasks/__init__.py for tasks to queue
[2025-12-02T15:32:30.093+0000] {logging_mixin.py:154} INFO - [2025-12-02T15:32:30.093+0000] {dagbag.py:536} INFO - Filling up the DagBag from /opt/airflow/dags/tasks/__init__.py
[2025-12-02T15:32:30.094+0000] {processor.py:841} WARNING - No viable dags retrieved from /opt/airflow/dags/tasks/__init__.py
[2025-12-02T15:32:30.104+0000] {processor.py:179} INFO - Processing /opt/airflow/dags/tasks/__init__.py took 0.016 seconds
[2025-12-02T15:33:00.424+0000] {processor.py:157} INFO - Started process (PID=1835) to work on /opt/airflow/dags/tasks/__init__.py
[2025-12-02T15:33:00.425+0000] {processor.py:829} INFO - Processing file /opt/airflow/dags/tasks/__init__.py for tasks to queue
[2025-12-02T15:33:00.425+0000] {logging_mixin.py:154} INFO - [2025-12-02T15:33:00.425+0000] {dagbag.py:536} INFO - Filling up the DagBag from /opt/airflow/dags/tasks/__init__.py
[2025-12-02T15:33:00.427+0000] {processor.py:841} WARNING - No viable dags retrieved from /opt/airflow/dags/tasks/__init__.py
[2025-12-02T15:33:00.437+0000] {processor.py:179} INFO - Processing /opt/airflow/dags/tasks/__init__.py took 0.016 seconds
[2025-12-02T15:33:30.782+0000] {processor.py:157} INFO - Started process (PID=1962) to work on /opt/airflow/dags/tasks/__init__.py
[2025-12-02T15:33:30.783+0000] {processor.py:829} INFO - Processing file /opt/airflow/dags/tasks/__init__.py for tasks to queue
[2025-12-02T15:33:30.783+0000] {logging_mixin.py:154} INFO - [2025-12-02T15:33:30.783+0000] {dagbag.py:536} INFO - Filling up the DagBag from /opt/airflow/dags/tasks/__init__.py
[2025-12-02T15:33:30.784+0000] {processor.py:841} WARNING - No viable dags retrieved from /opt/airflow/dags/tasks/__init__.py
[2025-12-02T15:33:30.795+0000] {processor.py:179} INFO - Processing /opt/airflow/dags/tasks/__init__.py took 0.016 seconds
[2025-12-02T15:34:01.430+0000] {processor.py:157} INFO - Started process (PID=2233) to work on /opt/airflow/dags/tasks/__init__.py
[2025-12-02T15:34:01.431+0000] {processor.py:829} INFO - Processing file /opt/airflow/dags/tasks/__init__.py for tasks to queue
[2025-12-02T15:34:01.431+0000] {logging_mixin.py:154} INFO - [2025-12-02T15:34:01.431+0000] {dagbag.py:536} INFO - Filling up the DagBag from /opt/airflow/dags/tasks/__init__.py
[2025-12-02T15:34:01.433+0000] {processor.py:841} WARNING - No viable dags retrieved from /opt/airflow/dags/tasks/__init__.py
[2025-12-02T15:34:01.444+0000] {processor.py:179} INFO - Processing /opt/airflow/dags/tasks/__init__.py took 0.017 seconds
[2025-12-02T15:34:31.916+0000] {processor.py:157} INFO - Started process (PID=2303) to work on /opt/airflow/dags/tasks/__init__.py
[2025-12-02T15:34:31.917+0000] {processor.py:829} INFO - Processing file /opt/airflow/dags/tasks/__init__.py for tasks to queue
[2025-12-02T15:34:31.917+0000] {logging_mixin.py:154} INFO - [2025-12-02T15:34:31.917+0000] {dagbag.py:536} INFO - Filling up the DagBag from /opt/airflow/dags/tasks/__init__.py
[2025-12-02T15:34:31.918+0000] {processor.py:841} WARNING - No viable dags retrieved from /opt/airflow/dags/tasks/__init__.py
[2025-12-02T15:34:31.929+0000] {processor.py:179} INFO - Processing /opt/airflow/dags/tasks/__init__.py took 0.016 seconds
[2025-12-02T15:35:02.275+0000] {processor.py:157} INFO - Started process (PID=2362) to work on /opt/airflow/dags/tasks/__init__.py
[2025-12-02T15:35:02.276+0000] {processor.py:829} INFO - Processing file /opt/airflow/dags/tasks/__init__.py for tasks to queue
[2025-12-02T15:35:02.276+0000] {logging_mixin.py:154} INFO - [2025-12-02T15:35:02.276+0000] {dagbag.py:536} INFO - Filling up the DagBag from /opt/airflow/dags/tasks/__init__.py
[2025-12-02T15:35:02.277+0000] {processor.py:841} WARNING - No viable dags retrieved from /opt/airflow/dags/tasks/__init__.py
[2025-12-02T15:35:02.287+0000] {processor.py:179} INFO - Processing /opt/airflow/dags/tasks/__init__.py took 0.015 seconds
[2025-12-02T15:35:32.514+0000] {processor.py:157} INFO - Started process (PID=2419) to work on /opt/airflow/dags/tasks/__init__.py
[2025-12-02T15:35:32.515+0000] {processor.py:829} INFO - Processing file /opt/airflow/dags/tasks/__init__.py for tasks to queue
[2025-12-02T15:35:32.515+0000] {logging_mixin.py:154} INFO - [2025-12-02T15:35:32.515+0000] {dagbag.py:536} INFO - Filling up the DagBag from /opt/airflow/dags/tasks/__init__.py
[2025-12-02T15:35:32.517+0000] {processor.py:841} WARNING - No viable dags retrieved from /opt/airflow/dags/tasks/__init__.py
[2025-12-02T15:35:32.527+0000] {processor.py:179} INFO - Processing /opt/airflow/dags/tasks/__init__.py took 0.017 seconds
[2025-12-02T15:36:02.714+0000] {processor.py:157} INFO - Started process (PID=2469) to work on /opt/airflow/dags/tasks/__init__.py
[2025-12-02T15:36:02.714+0000] {processor.py:829} INFO - Processing file /opt/airflow/dags/tasks/__init__.py for tasks to queue
[2025-12-02T15:36:02.715+0000] {logging_mixin.py:154} INFO - [2025-12-02T15:36:02.715+0000] {dagbag.py:536} INFO - Filling up the DagBag from /opt/airflow/dags/tasks/__init__.py
[2025-12-02T15:36:02.716+0000] {processor.py:841} WARNING - No viable dags retrieved from /opt/airflow/dags/tasks/__init__.py
[2025-12-02T15:36:02.726+0000] {processor.py:179} INFO - Processing /opt/airflow/dags/tasks/__init__.py took 0.015 seconds
[2025-12-02T15:36:33.232+0000] {processor.py:157} INFO - Started process (PID=2736) to work on /opt/airflow/dags/tasks/__init__.py
[2025-12-02T15:36:33.233+0000] {processor.py:829} INFO - Processing file /opt/airflow/dags/tasks/__init__.py for tasks to queue
[2025-12-02T15:36:33.233+0000] {logging_mixin.py:154} INFO - [2025-12-02T15:36:33.233+0000] {dagbag.py:536} INFO - Filling up the DagBag from /opt/airflow/dags/tasks/__init__.py
[2025-12-02T15:36:33.234+0000] {processor.py:841} WARNING - No viable dags retrieved from /opt/airflow/dags/tasks/__init__.py
[2025-12-02T15:36:33.247+0000] {processor.py:179} INFO - Processing /opt/airflow/dags/tasks/__init__.py took 0.018 seconds
[2025-12-02T15:37:03.632+0000] {processor.py:157} INFO - Started process (PID=2857) to work on /opt/airflow/dags/tasks/__init__.py
[2025-12-02T15:37:03.633+0000] {processor.py:829} INFO - Processing file /opt/airflow/dags/tasks/__init__.py for tasks to queue
[2025-12-02T15:37:03.633+0000] {logging_mixin.py:154} INFO - [2025-12-02T15:37:03.633+0000] {dagbag.py:536} INFO - Filling up the DagBag from /opt/airflow/dags/tasks/__init__.py
[2025-12-02T15:37:03.634+0000] {processor.py:841} WARNING - No viable dags retrieved from /opt/airflow/dags/tasks/__init__.py
[2025-12-02T15:37:03.645+0000] {processor.py:179} INFO - Processing /opt/airflow/dags/tasks/__init__.py took 0.016 seconds
[2025-12-02T15:37:34.027+0000] {processor.py:157} INFO - Started process (PID=2909) to work on /opt/airflow/dags/tasks/__init__.py
[2025-12-02T15:37:34.028+0000] {processor.py:829} INFO - Processing file /opt/airflow/dags/tasks/__init__.py for tasks to queue
[2025-12-02T15:37:34.029+0000] {logging_mixin.py:154} INFO - [2025-12-02T15:37:34.029+0000] {dagbag.py:536} INFO - Filling up the DagBag from /opt/airflow/dags/tasks/__init__.py
[2025-12-02T15:37:34.031+0000] {processor.py:841} WARNING - No viable dags retrieved from /opt/airflow/dags/tasks/__init__.py
[2025-12-02T15:37:34.041+0000] {processor.py:179} INFO - Processing /opt/airflow/dags/tasks/__init__.py took 0.017 seconds
[2025-12-02T15:38:04.236+0000] {processor.py:157} INFO - Started process (PID=2968) to work on /opt/airflow/dags/tasks/__init__.py
[2025-12-02T15:38:04.236+0000] {processor.py:829} INFO - Processing file /opt/airflow/dags/tasks/__init__.py for tasks to queue
[2025-12-02T15:38:04.237+0000] {logging_mixin.py:154} INFO - [2025-12-02T15:38:04.237+0000] {dagbag.py:536} INFO - Filling up the DagBag from /opt/airflow/dags/tasks/__init__.py
[2025-12-02T15:38:04.238+0000] {processor.py:841} WARNING - No viable dags retrieved from /opt/airflow/dags/tasks/__init__.py
[2025-12-02T15:38:04.250+0000] {processor.py:179} INFO - Processing /opt/airflow/dags/tasks/__init__.py took 0.017 seconds
[2025-12-02T15:38:34.698+0000] {processor.py:157} INFO - Started process (PID=3027) to work on /opt/airflow/dags/tasks/__init__.py
[2025-12-02T15:38:34.699+0000] {processor.py:829} INFO - Processing file /opt/airflow/dags/tasks/__init__.py for tasks to queue
[2025-12-02T15:38:34.700+0000] {logging_mixin.py:154} INFO - [2025-12-02T15:38:34.700+0000] {dagbag.py:536} INFO - Filling up the DagBag from /opt/airflow/dags/tasks/__init__.py
[2025-12-02T15:38:34.701+0000] {processor.py:841} WARNING - No viable dags retrieved from /opt/airflow/dags/tasks/__init__.py
[2025-12-02T15:38:34.712+0000] {processor.py:179} INFO - Processing /opt/airflow/dags/tasks/__init__.py took 0.016 seconds
[2025-12-02T15:39:05.098+0000] {processor.py:157} INFO - Started process (PID=3079) to work on /opt/airflow/dags/tasks/__init__.py
[2025-12-02T15:39:05.100+0000] {processor.py:829} INFO - Processing file /opt/airflow/dags/tasks/__init__.py for tasks to queue
[2025-12-02T15:39:05.101+0000] {logging_mixin.py:154} INFO - [2025-12-02T15:39:05.100+0000] {dagbag.py:536} INFO - Filling up the DagBag from /opt/airflow/dags/tasks/__init__.py
[2025-12-02T15:39:05.105+0000] {processor.py:841} WARNING - No viable dags retrieved from /opt/airflow/dags/tasks/__init__.py
[2025-12-02T15:39:05.115+0000] {processor.py:179} INFO - Processing /opt/airflow/dags/tasks/__init__.py took 0.021 seconds
[2025-12-02T15:39:35.477+0000] {processor.py:157} INFO - Started process (PID=3138) to work on /opt/airflow/dags/tasks/__init__.py
[2025-12-02T15:39:35.478+0000] {processor.py:829} INFO - Processing file /opt/airflow/dags/tasks/__init__.py for tasks to queue
[2025-12-02T15:39:35.478+0000] {logging_mixin.py:154} INFO - [2025-12-02T15:39:35.478+0000] {dagbag.py:536} INFO - Filling up the DagBag from /opt/airflow/dags/tasks/__init__.py
[2025-12-02T15:39:35.480+0000] {processor.py:841} WARNING - No viable dags retrieved from /opt/airflow/dags/tasks/__init__.py
[2025-12-02T15:39:35.489+0000] {processor.py:179} INFO - Processing /opt/airflow/dags/tasks/__init__.py took 0.015 seconds
[2025-12-02T15:40:05.977+0000] {processor.py:157} INFO - Started process (PID=3197) to work on /opt/airflow/dags/tasks/__init__.py
[2025-12-02T15:40:05.978+0000] {processor.py:829} INFO - Processing file /opt/airflow/dags/tasks/__init__.py for tasks to queue
[2025-12-02T15:40:05.979+0000] {logging_mixin.py:154} INFO - [2025-12-02T15:40:05.978+0000] {dagbag.py:536} INFO - Filling up the DagBag from /opt/airflow/dags/tasks/__init__.py
[2025-12-02T15:40:05.980+0000] {processor.py:841} WARNING - No viable dags retrieved from /opt/airflow/dags/tasks/__init__.py
[2025-12-02T15:40:05.990+0000] {processor.py:179} INFO - Processing /opt/airflow/dags/tasks/__init__.py took 0.016 seconds
[2025-12-02T15:40:36.353+0000] {processor.py:157} INFO - Started process (PID=3249) to work on /opt/airflow/dags/tasks/__init__.py
[2025-12-02T15:40:36.354+0000] {processor.py:829} INFO - Processing file /opt/airflow/dags/tasks/__init__.py for tasks to queue
[2025-12-02T15:40:36.354+0000] {logging_mixin.py:154} INFO - [2025-12-02T15:40:36.354+0000] {dagbag.py:536} INFO - Filling up the DagBag from /opt/airflow/dags/tasks/__init__.py
[2025-12-02T15:40:36.356+0000] {processor.py:841} WARNING - No viable dags retrieved from /opt/airflow/dags/tasks/__init__.py
[2025-12-02T15:40:36.369+0000] {processor.py:179} INFO - Processing /opt/airflow/dags/tasks/__init__.py took 0.018 seconds
[2025-12-02T15:41:06.745+0000] {processor.py:157} INFO - Started process (PID=3308) to work on /opt/airflow/dags/tasks/__init__.py
[2025-12-02T15:41:06.746+0000] {processor.py:829} INFO - Processing file /opt/airflow/dags/tasks/__init__.py for tasks to queue
[2025-12-02T15:41:06.746+0000] {logging_mixin.py:154} INFO - [2025-12-02T15:41:06.746+0000] {dagbag.py:536} INFO - Filling up the DagBag from /opt/airflow/dags/tasks/__init__.py
[2025-12-02T15:41:06.747+0000] {processor.py:841} WARNING - No viable dags retrieved from /opt/airflow/dags/tasks/__init__.py
[2025-12-02T15:41:06.756+0000] {processor.py:179} INFO - Processing /opt/airflow/dags/tasks/__init__.py took 0.014 seconds
[2025-12-02T15:41:36.944+0000] {processor.py:157} INFO - Started process (PID=3367) to work on /opt/airflow/dags/tasks/__init__.py
[2025-12-02T15:41:36.945+0000] {processor.py:829} INFO - Processing file /opt/airflow/dags/tasks/__init__.py for tasks to queue
[2025-12-02T15:41:36.945+0000] {logging_mixin.py:154} INFO - [2025-12-02T15:41:36.945+0000] {dagbag.py:536} INFO - Filling up the DagBag from /opt/airflow/dags/tasks/__init__.py
[2025-12-02T15:41:36.947+0000] {processor.py:841} WARNING - No viable dags retrieved from /opt/airflow/dags/tasks/__init__.py
[2025-12-02T15:41:36.956+0000] {processor.py:179} INFO - Processing /opt/airflow/dags/tasks/__init__.py took 0.015 seconds
[2025-12-02T15:42:07.146+0000] {processor.py:157} INFO - Started process (PID=3419) to work on /opt/airflow/dags/tasks/__init__.py
[2025-12-02T15:42:07.147+0000] {processor.py:829} INFO - Processing file /opt/airflow/dags/tasks/__init__.py for tasks to queue
[2025-12-02T15:42:07.147+0000] {logging_mixin.py:154} INFO - [2025-12-02T15:42:07.147+0000] {dagbag.py:536} INFO - Filling up the DagBag from /opt/airflow/dags/tasks/__init__.py
[2025-12-02T15:42:07.149+0000] {processor.py:841} WARNING - No viable dags retrieved from /opt/airflow/dags/tasks/__init__.py
[2025-12-02T15:42:07.160+0000] {processor.py:179} INFO - Processing /opt/airflow/dags/tasks/__init__.py took 0.017 seconds
[2025-12-02T15:42:37.517+0000] {processor.py:157} INFO - Started process (PID=3478) to work on /opt/airflow/dags/tasks/__init__.py
[2025-12-02T15:42:37.518+0000] {processor.py:829} INFO - Processing file /opt/airflow/dags/tasks/__init__.py for tasks to queue
[2025-12-02T15:42:37.518+0000] {logging_mixin.py:154} INFO - [2025-12-02T15:42:37.518+0000] {dagbag.py:536} INFO - Filling up the DagBag from /opt/airflow/dags/tasks/__init__.py
[2025-12-02T15:42:37.520+0000] {processor.py:841} WARNING - No viable dags retrieved from /opt/airflow/dags/tasks/__init__.py
[2025-12-02T15:42:37.529+0000] {processor.py:179} INFO - Processing /opt/airflow/dags/tasks/__init__.py took 0.015 seconds
[2025-12-02T15:43:07.874+0000] {processor.py:157} INFO - Started process (PID=3537) to work on /opt/airflow/dags/tasks/__init__.py
[2025-12-02T15:43:07.875+0000] {processor.py:829} INFO - Processing file /opt/airflow/dags/tasks/__init__.py for tasks to queue
[2025-12-02T15:43:07.876+0000] {logging_mixin.py:154} INFO - [2025-12-02T15:43:07.875+0000] {dagbag.py:536} INFO - Filling up the DagBag from /opt/airflow/dags/tasks/__init__.py
[2025-12-02T15:43:07.877+0000] {processor.py:841} WARNING - No viable dags retrieved from /opt/airflow/dags/tasks/__init__.py
[2025-12-02T15:43:07.888+0000] {processor.py:179} INFO - Processing /opt/airflow/dags/tasks/__init__.py took 0.017 seconds
[2025-12-02T15:43:38.370+0000] {processor.py:157} INFO - Started process (PID=3589) to work on /opt/airflow/dags/tasks/__init__.py
[2025-12-02T15:43:38.371+0000] {processor.py:829} INFO - Processing file /opt/airflow/dags/tasks/__init__.py for tasks to queue
[2025-12-02T15:43:38.372+0000] {logging_mixin.py:154} INFO - [2025-12-02T15:43:38.372+0000] {dagbag.py:536} INFO - Filling up the DagBag from /opt/airflow/dags/tasks/__init__.py
[2025-12-02T15:43:38.374+0000] {processor.py:841} WARNING - No viable dags retrieved from /opt/airflow/dags/tasks/__init__.py
[2025-12-02T15:43:38.384+0000] {processor.py:179} INFO - Processing /opt/airflow/dags/tasks/__init__.py took 0.017 seconds
[2025-12-02T15:44:08.862+0000] {processor.py:157} INFO - Started process (PID=3648) to work on /opt/airflow/dags/tasks/__init__.py
[2025-12-02T15:44:08.863+0000] {processor.py:829} INFO - Processing file /opt/airflow/dags/tasks/__init__.py for tasks to queue
[2025-12-02T15:44:08.864+0000] {logging_mixin.py:154} INFO - [2025-12-02T15:44:08.864+0000] {dagbag.py:536} INFO - Filling up the DagBag from /opt/airflow/dags/tasks/__init__.py
[2025-12-02T15:44:08.865+0000] {processor.py:841} WARNING - No viable dags retrieved from /opt/airflow/dags/tasks/__init__.py
[2025-12-02T15:44:08.875+0000] {processor.py:179} INFO - Processing /opt/airflow/dags/tasks/__init__.py took 0.015 seconds
[2025-12-02T15:44:39.359+0000] {processor.py:157} INFO - Started process (PID=3707) to work on /opt/airflow/dags/tasks/__init__.py
[2025-12-02T15:44:39.360+0000] {processor.py:829} INFO - Processing file /opt/airflow/dags/tasks/__init__.py for tasks to queue
[2025-12-02T15:44:39.360+0000] {logging_mixin.py:154} INFO - [2025-12-02T15:44:39.360+0000] {dagbag.py:536} INFO - Filling up the DagBag from /opt/airflow/dags/tasks/__init__.py
[2025-12-02T15:44:39.362+0000] {processor.py:841} WARNING - No viable dags retrieved from /opt/airflow/dags/tasks/__init__.py
[2025-12-02T15:44:39.372+0000] {processor.py:179} INFO - Processing /opt/airflow/dags/tasks/__init__.py took 0.017 seconds
