[2025-10-28T00:44:34.949+0000] {taskinstance.py:1159} INFO - Dependencies all met for dep_context=non-requeueable deps ti=<TaskInstance: hiring_dynamic.train_logistic_regression scheduled__2025-04-05T15:00:00+00:00 [queued]>
[2025-10-28T00:44:34.952+0000] {taskinstance.py:1159} INFO - Dependencies all met for dep_context=requeueable deps ti=<TaskInstance: hiring_dynamic.train_logistic_regression scheduled__2025-04-05T15:00:00+00:00 [queued]>
[2025-10-28T00:44:34.952+0000] {taskinstance.py:1361} INFO - Starting attempt 1 of 1
[2025-10-28T00:44:34.958+0000] {taskinstance.py:1382} INFO - Executing <Task(PythonOperator): train_logistic_regression> on 2025-04-05 15:00:00+00:00
[2025-10-28T00:44:34.963+0000] {standard_task_runner.py:57} INFO - Started process 2204 to run task
[2025-10-28T00:44:34.966+0000] {standard_task_runner.py:84} INFO - Running: ['airflow', 'tasks', 'run', 'hiring_dynamic', 'train_logistic_regression', 'scheduled__2025-04-05T15:00:00+00:00', '--job-id', '97', '--raw', '--subdir', 'DAGS_FOLDER/dag_dynamic.py', '--cfg-path', '/tmp/tmpbpnra5m8']
[2025-10-28T00:44:34.967+0000] {standard_task_runner.py:85} INFO - Job 97: Subtask train_logistic_regression
[2025-10-28T00:44:34.987+0000] {task_command.py:416} INFO - Running <TaskInstance: hiring_dynamic.train_logistic_regression scheduled__2025-04-05T15:00:00+00:00 [running]> on host d1f69dfe6243
[2025-10-28T00:44:35.022+0000] {taskinstance.py:1662} INFO - Exporting env vars: AIRFLOW_CTX_DAG_OWNER='airflow' AIRFLOW_CTX_DAG_ID='hiring_dynamic' AIRFLOW_CTX_TASK_ID='train_logistic_regression' AIRFLOW_CTX_EXECUTION_DATE='2025-04-05T15:00:00+00:00' AIRFLOW_CTX_TRY_NUMBER='1' AIRFLOW_CTX_DAG_RUN_ID='scheduled__2025-04-05T15:00:00+00:00'
[2025-10-28T00:44:35.028+0000] {logging_mixin.py:154} INFO - Entrenando modelo: logistic_regression
[2025-10-28T00:44:44.292+0000] {logging_mixin.py:154} INFO - Modelo logistic_regression guardado en: /opt/airflow/data/dynamic/2025-04-05/models/logistic_regression.joblib
[2025-10-28T00:44:44.326+0000] {python.py:194} INFO - Done. Returned value was: None
[2025-10-28T00:44:44.332+0000] {taskinstance.py:1400} INFO - Marking task as SUCCESS. dag_id=hiring_dynamic, task_id=train_logistic_regression, execution_date=20250405T150000, start_date=20251028T004434, end_date=20251028T004444
[2025-10-28T00:44:44.381+0000] {local_task_job_runner.py:228} INFO - Task exited with return code 0
[2025-10-28T00:44:44.416+0000] {taskinstance.py:2778} INFO - 1 downstream tasks scheduled from follow-on schedule check
[2025-10-28T01:31:24.920+0000] {taskinstance.py:1159} INFO - Dependencies all met for dep_context=non-requeueable deps ti=<TaskInstance: hiring_dynamic.train_logistic_regression scheduled__2025-04-05T15:00:00+00:00 [queued]>
[2025-10-28T01:31:24.925+0000] {taskinstance.py:1159} INFO - Dependencies all met for dep_context=requeueable deps ti=<TaskInstance: hiring_dynamic.train_logistic_regression scheduled__2025-04-05T15:00:00+00:00 [queued]>
[2025-10-28T01:31:24.926+0000] {taskinstance.py:1361} INFO - Starting attempt 1 of 1
[2025-10-28T01:31:24.941+0000] {taskinstance.py:1382} INFO - Executing <Task(PythonOperator): train_logistic_regression> on 2025-04-05 15:00:00+00:00
[2025-10-28T01:31:24.967+0000] {standard_task_runner.py:57} INFO - Started process 2265 to run task
[2025-10-28T01:31:24.978+0000] {standard_task_runner.py:84} INFO - Running: ['airflow', 'tasks', 'run', 'hiring_dynamic', 'train_logistic_regression', 'scheduled__2025-04-05T15:00:00+00:00', '--job-id', '89', '--raw', '--subdir', 'DAGS_FOLDER/dag_dynamic.py', '--cfg-path', '/tmp/tmp_cqjzgl1']
[2025-10-28T01:31:24.980+0000] {standard_task_runner.py:85} INFO - Job 89: Subtask train_logistic_regression
[2025-10-28T01:31:25.017+0000] {task_command.py:416} INFO - Running <TaskInstance: hiring_dynamic.train_logistic_regression scheduled__2025-04-05T15:00:00+00:00 [running]> on host c46dbfd34b1f
[2025-10-28T01:31:25.061+0000] {taskinstance.py:1662} INFO - Exporting env vars: AIRFLOW_CTX_DAG_OWNER='airflow' AIRFLOW_CTX_DAG_ID='hiring_dynamic' AIRFLOW_CTX_TASK_ID='train_logistic_regression' AIRFLOW_CTX_EXECUTION_DATE='2025-04-05T15:00:00+00:00' AIRFLOW_CTX_TRY_NUMBER='1' AIRFLOW_CTX_DAG_RUN_ID='scheduled__2025-04-05T15:00:00+00:00'
[2025-10-28T01:31:25.069+0000] {logging_mixin.py:154} INFO - Entrenando modelo: logistic_regression
[2025-10-28T01:31:33.422+0000] {logging_mixin.py:154} INFO - Modelo logistic_regression guardado en: /opt/airflow/data/dynamic/2025-04-05/models/logistic_regression.joblib
[2025-10-28T01:31:33.452+0000] {python.py:194} INFO - Done. Returned value was: None
[2025-10-28T01:31:33.458+0000] {taskinstance.py:1400} INFO - Marking task as SUCCESS. dag_id=hiring_dynamic, task_id=train_logistic_regression, execution_date=20250405T150000, start_date=20251028T013124, end_date=20251028T013133
[2025-10-28T01:31:33.511+0000] {local_task_job_runner.py:228} INFO - Task exited with return code 0
[2025-10-28T01:31:33.530+0000] {taskinstance.py:2778} INFO - 1 downstream tasks scheduled from follow-on schedule check
