[2025-10-28T00:43:42.183+0000] {taskinstance.py:1159} INFO - Dependencies all met for dep_context=non-requeueable deps ti=<TaskInstance: hiring_dynamic.evaluate_models scheduled__2025-01-05T15:00:00+00:00 [queued]>
[2025-10-28T00:43:42.187+0000] {taskinstance.py:1159} INFO - Dependencies all met for dep_context=requeueable deps ti=<TaskInstance: hiring_dynamic.evaluate_models scheduled__2025-01-05T15:00:00+00:00 [queued]>
[2025-10-28T00:43:42.187+0000] {taskinstance.py:1361} INFO - Starting attempt 1 of 1
[2025-10-28T00:43:42.196+0000] {taskinstance.py:1382} INFO - Executing <Task(PythonOperator): evaluate_models> on 2025-01-05 15:00:00+00:00
[2025-10-28T00:43:42.210+0000] {standard_task_runner.py:57} INFO - Started process 1836 to run task
[2025-10-28T00:43:42.217+0000] {standard_task_runner.py:84} INFO - Running: ['airflow', 'tasks', 'run', 'hiring_dynamic', 'evaluate_models', 'scheduled__2025-01-05T15:00:00+00:00', '--job-id', '81', '--raw', '--subdir', 'DAGS_FOLDER/dag_dynamic.py', '--cfg-path', '/tmp/tmpf89kucdi']
[2025-10-28T00:43:42.219+0000] {standard_task_runner.py:85} INFO - Job 81: Subtask evaluate_models
[2025-10-28T00:43:42.270+0000] {task_command.py:416} INFO - Running <TaskInstance: hiring_dynamic.evaluate_models scheduled__2025-01-05T15:00:00+00:00 [running]> on host d1f69dfe6243
[2025-10-28T00:43:42.313+0000] {taskinstance.py:1662} INFO - Exporting env vars: AIRFLOW_CTX_DAG_OWNER='airflow' AIRFLOW_CTX_DAG_ID='hiring_dynamic' AIRFLOW_CTX_TASK_ID='evaluate_models' AIRFLOW_CTX_EXECUTION_DATE='2025-01-05T15:00:00+00:00' AIRFLOW_CTX_TRY_NUMBER='1' AIRFLOW_CTX_DAG_RUN_ID='scheduled__2025-01-05T15:00:00+00:00'
[2025-10-28T00:43:42.322+0000] {logging_mixin.py:154} INFO - Evaluando 3 modelos en experimento 'dynamic'...
[2025-10-28T00:43:42.329+0000] {logging_mixin.py:154} INFO -   logistic_regression: Accuracy = 0.8700
[2025-10-28T00:43:42.339+0000] {logging_mixin.py:154} INFO -   gradient_boosting: Accuracy = 0.9300
[2025-10-28T00:43:42.457+0000] {logging_mixin.py:154} INFO -   random_forest: Accuracy = 0.9467
[2025-10-28T00:43:42.457+0000] {logging_mixin.py:154} INFO - 
✅ Mejor modelo (dynamic): random_forest
[2025-10-28T00:43:42.457+0000] {logging_mixin.py:154} INFO -    Accuracy: 0.9467
[2025-10-28T00:43:42.896+0000] {logging_mixin.py:154} INFO -    Guardado en: /opt/airflow/data/dynamic/2025-01-05/models/best_model.joblib
[2025-10-28T00:43:42.910+0000] {python.py:194} INFO - Done. Returned value was: None
[2025-10-28T00:43:42.914+0000] {taskinstance.py:1400} INFO - Marking task as SUCCESS. dag_id=hiring_dynamic, task_id=evaluate_models, execution_date=20250105T150000, start_date=20251028T004342, end_date=20251028T004342
[2025-10-28T00:43:42.952+0000] {local_task_job_runner.py:228} INFO - Task exited with return code 0
[2025-10-28T00:43:42.972+0000] {taskinstance.py:2778} INFO - 0 downstream tasks scheduled from follow-on schedule check
[2025-10-28T01:30:25.256+0000] {taskinstance.py:1159} INFO - Dependencies all met for dep_context=non-requeueable deps ti=<TaskInstance: hiring_dynamic.evaluate_models scheduled__2025-01-05T15:00:00+00:00 [queued]>
[2025-10-28T01:30:25.260+0000] {taskinstance.py:1159} INFO - Dependencies all met for dep_context=requeueable deps ti=<TaskInstance: hiring_dynamic.evaluate_models scheduled__2025-01-05T15:00:00+00:00 [queued]>
[2025-10-28T01:30:25.260+0000] {taskinstance.py:1361} INFO - Starting attempt 1 of 1
[2025-10-28T01:30:25.266+0000] {taskinstance.py:1382} INFO - Executing <Task(PythonOperator): evaluate_models> on 2025-01-05 15:00:00+00:00
[2025-10-28T01:30:25.272+0000] {standard_task_runner.py:57} INFO - Started process 1863 to run task
[2025-10-28T01:30:25.274+0000] {standard_task_runner.py:84} INFO - Running: ['airflow', 'tasks', 'run', 'hiring_dynamic', 'evaluate_models', 'scheduled__2025-01-05T15:00:00+00:00', '--job-id', '71', '--raw', '--subdir', 'DAGS_FOLDER/dag_dynamic.py', '--cfg-path', '/tmp/tmp7hrv7mws']
[2025-10-28T01:30:25.276+0000] {standard_task_runner.py:85} INFO - Job 71: Subtask evaluate_models
[2025-10-28T01:30:25.292+0000] {task_command.py:416} INFO - Running <TaskInstance: hiring_dynamic.evaluate_models scheduled__2025-01-05T15:00:00+00:00 [running]> on host c46dbfd34b1f
[2025-10-28T01:30:25.319+0000] {taskinstance.py:1662} INFO - Exporting env vars: AIRFLOW_CTX_DAG_OWNER='airflow' AIRFLOW_CTX_DAG_ID='hiring_dynamic' AIRFLOW_CTX_TASK_ID='evaluate_models' AIRFLOW_CTX_EXECUTION_DATE='2025-01-05T15:00:00+00:00' AIRFLOW_CTX_TRY_NUMBER='1' AIRFLOW_CTX_DAG_RUN_ID='scheduled__2025-01-05T15:00:00+00:00'
[2025-10-28T01:30:25.325+0000] {logging_mixin.py:154} INFO - Evaluando 3 modelos en experimento 'dynamic'...
[2025-10-28T01:30:25.331+0000] {logging_mixin.py:154} INFO -   logistic_regression: Accuracy = 0.8700
[2025-10-28T01:30:25.340+0000] {logging_mixin.py:154} INFO -   gradient_boosting: Accuracy = 0.9300
[2025-10-28T01:30:25.456+0000] {logging_mixin.py:154} INFO -   random_forest: Accuracy = 0.9467
[2025-10-28T01:30:25.457+0000] {logging_mixin.py:154} INFO - 
✅ Mejor modelo (dynamic): random_forest
[2025-10-28T01:30:25.457+0000] {logging_mixin.py:154} INFO -    Accuracy: 0.9467
[2025-10-28T01:30:26.020+0000] {logging_mixin.py:154} INFO -    Guardado en: /opt/airflow/data/dynamic/2025-01-05/models/best_model.joblib
[2025-10-28T01:30:26.066+0000] {python.py:194} INFO - Done. Returned value was: None
[2025-10-28T01:30:26.072+0000] {taskinstance.py:1400} INFO - Marking task as SUCCESS. dag_id=hiring_dynamic, task_id=evaluate_models, execution_date=20250105T150000, start_date=20251028T013025, end_date=20251028T013026
[2025-10-28T01:30:26.103+0000] {local_task_job_runner.py:228} INFO - Task exited with return code 0
[2025-10-28T01:30:26.133+0000] {taskinstance.py:2778} INFO - 0 downstream tasks scheduled from follow-on schedule check
