[2025-12-05T03:19:14.405+0000] {taskinstance.py:1159} INFO - Dependencies all met for dep_context=non-requeueable deps ti=<TaskInstance: sodai_drinks_production_pipeline.process_data manual__2025-12-05T03:19:09+00:00 [queued]>
[2025-12-05T03:19:14.410+0000] {taskinstance.py:1159} INFO - Dependencies all met for dep_context=requeueable deps ti=<TaskInstance: sodai_drinks_production_pipeline.process_data manual__2025-12-05T03:19:09+00:00 [queued]>
[2025-12-05T03:19:14.410+0000] {taskinstance.py:1361} INFO - Starting attempt 1 of 2
[2025-12-05T03:19:14.419+0000] {taskinstance.py:1382} INFO - Executing <Task(PythonOperator): process_data> on 2025-12-05 03:19:09+00:00
[2025-12-05T03:19:14.429+0000] {standard_task_runner.py:57} INFO - Started process 353 to run task
[2025-12-05T03:19:14.432+0000] {standard_task_runner.py:84} INFO - Running: ['***', 'tasks', 'run', 'sodai_drinks_production_pipeline', 'process_data', 'manual__2025-12-05T03:19:09+00:00', '--job-id', '3', '--raw', '--subdir', 'DAGS_FOLDER/pipeline_productivo.py', '--cfg-path', '/tmp/tmp432r3cps']
[2025-12-05T03:19:14.435+0000] {standard_task_runner.py:85} INFO - Job 3: Subtask process_data
[2025-12-05T03:19:14.470+0000] {task_command.py:416} INFO - Running <TaskInstance: sodai_drinks_production_pipeline.process_data manual__2025-12-05T03:19:09+00:00 [running]> on host d63631a18ada
[2025-12-05T03:19:14.522+0000] {taskinstance.py:1662} INFO - Exporting env vars: AIRFLOW_CTX_DAG_EMAIL='team@sodaidrinks.com' AIRFLOW_CTX_DAG_OWNER='sodai_drinks_team' AIRFLOW_CTX_DAG_ID='sodai_drinks_production_pipeline' AIRFLOW_CTX_TASK_ID='process_data' AIRFLOW_CTX_EXECUTION_DATE='2025-12-05T03:19:09+00:00' AIRFLOW_CTX_TRY_NUMBER='1' AIRFLOW_CTX_DAG_RUN_ID='manual__2025-12-05T03:19:09+00:00'
[2025-12-05T03:19:14.523+0000] {data_processing.py:169} INFO - Iniciando procesamiento de datos...
[2025-12-05T03:19:14.790+0000] {data_processing.py:181} INFO - Datos cargados - Transacciones: 10075, Clientes: 1569, Productos: 971
[2025-12-05T03:19:14.797+0000] {data_processing.py:188} INFO - Predicción para semana: 2024-52
[2025-12-05T03:19:14.798+0000] {data_processing.py:73} INFO - Creando variable target...
[2025-12-05T03:19:14.836+0000] {data_processing.py:90} INFO - ✅ Ejemplos positivos (compraron): 6,960
[2025-12-05T03:19:14.839+0000] {data_processing.py:105} INFO - 🎲 Generando 69,600 ejemplos negativos (ratio 10.0:1)...
[2025-12-05T03:19:19.232+0000] {data_processing.py:133} INFO - ⚖️ Aplicando undersampling con RandomUnderSampler...
[2025-12-05T03:19:19.232+0000] {data_processing.py:134} INFO -    Antes: 69,600 negativos
[2025-12-05T03:19:19.249+0000] {data_processing.py:151} INFO -    Después: 6,960 negativos
[2025-12-05T03:19:19.249+0000] {data_processing.py:155} INFO - 📊 Dataset balanceado:
[2025-12-05T03:19:19.249+0000] {data_processing.py:156} INFO -    - Positivos: 6,960
[2025-12-05T03:19:19.250+0000] {data_processing.py:157} INFO -    - Negativos: 6,960
[2025-12-05T03:19:19.250+0000] {data_processing.py:158} INFO -    - Total: 13,920
[2025-12-05T03:19:19.268+0000] {data_processing.py:197} INFO - Dataset merged: (13920, 17)
[2025-12-05T03:19:19.269+0000] {data_processing.py:208} INFO - Features: ['customer_type', 'Y', 'X', 'num_deliver_per_week', 'brand', 'category', 'sub_category', 'segment', 'package', 'size']
[2025-12-05T03:19:19.270+0000] {data_processing.py:209} INFO - Distribución de clases - 0: 6960, 1: 6960
[2025-12-05T03:19:19.279+0000] {data_processing.py:217} INFO - Columna 'brand' convertida a 'brand_num' (numérica)
[2025-12-05T03:19:19.284+0000] {data_processing.py:263} INFO - Ajustando preprocessor...
[2025-12-05T03:19:19.302+0000] {data_processing.py:295} INFO - Datos transformados: (13920, 18)
[2025-12-05T03:19:19.303+0000] {data_processing.py:296} INFO - Verificación de clases - 0: 6960, 1: 6960
[2025-12-05T03:19:19.340+0000] {data_processing.py:323} INFO - Preprocessing completado exitosamente
[2025-12-05T03:19:19.342+0000] {python.py:194} INFO - Done. Returned value was: {'status': 'success', 'processed_records': 13920, 'num_features': 15, 'positive_class': 6960, 'negative_class': 6960, 'prediction_week': '2024-12-29T00:00:00'}
[2025-12-05T03:19:19.356+0000] {taskinstance.py:1400} INFO - Marking task as SUCCESS. dag_id=sodai_drinks_production_pipeline, task_id=process_data, execution_date=20251205T031909, start_date=20251205T031914, end_date=20251205T031919
[2025-12-05T03:19:19.421+0000] {local_task_job_runner.py:228} INFO - Task exited with return code 0
[2025-12-05T03:19:19.438+0000] {taskinstance.py:2778} INFO - 1 downstream tasks scheduled from follow-on schedule check
