[2025-11-17T20:59:12.960+0000] {taskinstance.py:1159} INFO - Dependencies all met for dep_context=non-requeueable deps ti=<TaskInstance: sodai_drinks_production_pipeline.process_data manual__2025-11-17T20:59:07.033360+00:00 [queued]>
[2025-11-17T20:59:12.965+0000] {taskinstance.py:1159} INFO - Dependencies all met for dep_context=requeueable deps ti=<TaskInstance: sodai_drinks_production_pipeline.process_data manual__2025-11-17T20:59:07.033360+00:00 [queued]>
[2025-11-17T20:59:12.965+0000] {taskinstance.py:1361} INFO - Starting attempt 1 of 2
[2025-11-17T20:59:12.972+0000] {taskinstance.py:1382} INFO - Executing <Task(PythonOperator): process_data> on 2025-11-17 20:59:07.033360+00:00
[2025-11-17T20:59:12.984+0000] {standard_task_runner.py:57} INFO - Started process 1585 to run task
[2025-11-17T20:59:12.988+0000] {standard_task_runner.py:84} INFO - Running: ['***', 'tasks', 'run', 'sodai_drinks_production_pipeline', 'process_data', 'manual__2025-11-17T20:59:07.033360+00:00', '--job-id', '49', '--raw', '--subdir', 'DAGS_FOLDER/pipeline_productivo.py', '--cfg-path', '/tmp/tmpmbzirjr2']
[2025-11-17T20:59:12.991+0000] {standard_task_runner.py:85} INFO - Job 49: Subtask process_data
[2025-11-17T20:59:13.024+0000] {task_command.py:416} INFO - Running <TaskInstance: sodai_drinks_production_pipeline.process_data manual__2025-11-17T20:59:07.033360+00:00 [running]> on host d1f907c36040
[2025-11-17T20:59:13.082+0000] {taskinstance.py:1662} INFO - Exporting env vars: AIRFLOW_CTX_DAG_EMAIL='team@sodaidrinks.com' AIRFLOW_CTX_DAG_OWNER='sodai_drinks_team' AIRFLOW_CTX_DAG_ID='sodai_drinks_production_pipeline' AIRFLOW_CTX_TASK_ID='process_data' AIRFLOW_CTX_EXECUTION_DATE='2025-11-17T20:59:07.033360+00:00' AIRFLOW_CTX_TRY_NUMBER='1' AIRFLOW_CTX_DAG_RUN_ID='manual__2025-11-17T20:59:07.033360+00:00'
[2025-11-17T20:59:13.083+0000] {data_processing.py:177} INFO - Iniciando procesamiento de datos
[2025-11-17T20:59:13.148+0000] {data_processing.py:189} INFO - Datos cargados - Transacciones: 4565, Clientes: 1569, Productos: 971
[2025-11-17T20:59:13.153+0000] {data_processing.py:196} INFO - Predicción para semana: 2024-02
[2025-11-17T20:59:13.406+0000] {data_processing.py:85} INFO - 📊 Casos positivos (compras reales): 3,719
[2025-11-17T20:59:13.406+0000] {data_processing.py:90} INFO - 🎲 Generando 37,190 casos negativos sintéticos (ratio 10:1)...
[2025-11-17T20:59:24.809+0000] {data_processing.py:127} INFO - ✅ Generados 37,190 casos negativos únicos
[2025-11-17T20:59:24.810+0000] {data_processing.py:132} INFO - 📋 Dataset completo antes de balanceo:
[2025-11-17T20:59:24.810+0000] {data_processing.py:133} INFO -    Positivos: 3,719 | Negativos: 37,190
[2025-11-17T20:59:24.815+0000] {data_processing.py:167} INFO - ⚖️ Clases balanceadas: {1: 3719, 0: 3719}
[2025-11-17T20:59:24.815+0000] {data_processing.py:168} INFO -    Total final: 7,438 registros
[2025-11-17T20:59:24.823+0000] {data_processing.py:210} INFO - Dataset merged: (7438, 16)
[2025-11-17T20:59:24.824+0000] {data_processing.py:221} INFO - Features: ['customer_type', 'Y', 'X', 'num_deliver_per_week', 'brand', 'category', 'sub_category', 'segment', 'package', 'size']
[2025-11-17T20:59:24.824+0000] {data_processing.py:222} INFO - Distribución de clases - 0: 3719, 1: 3719
[2025-11-17T20:59:24.830+0000] {data_processing.py:230} INFO - Columna 'brand' convertida a 'brand_num' (numérica)
[2025-11-17T20:59:24.835+0000] {data_processing.py:276} INFO - Ajustando preprocessor...
[2025-11-17T20:59:24.848+0000] {data_processing.py:308} INFO - Datos transformados: (7438, 18)
[2025-11-17T20:59:24.848+0000] {data_processing.py:309} INFO - Verificación de clases - 0: 3719, 1: 3719
[2025-11-17T20:59:24.881+0000] {data_processing.py:336} INFO - Preprocessing completado exitosamente
[2025-11-17T20:59:24.882+0000] {python.py:194} INFO - Done. Returned value was: {'status': 'success', 'processed_records': 7438, 'num_features': 15, 'positive_class': 3719, 'negative_class': 3719, 'prediction_week': '2024-01-14T00:00:00'}
[2025-11-17T20:59:24.896+0000] {taskinstance.py:1400} INFO - Marking task as SUCCESS. dag_id=sodai_drinks_production_pipeline, task_id=process_data, execution_date=20251117T205907, start_date=20251117T205912, end_date=20251117T205924
[2025-11-17T20:59:24.978+0000] {local_task_job_runner.py:228} INFO - Task exited with return code 0
[2025-11-17T20:59:24.997+0000] {taskinstance.py:2778} INFO - 1 downstream tasks scheduled from follow-on schedule check
