[2025-10-28T00:40:21.687+0000] {taskinstance.py:1159} INFO - Dependencies all met for dep_context=non-requeueable deps ti=<TaskInstance: hiring_dynamic.download_data_1 scheduled__2024-12-05T15:00:00+00:00 [queued]>
[2025-10-28T00:40:21.690+0000] {taskinstance.py:1159} INFO - Dependencies all met for dep_context=requeueable deps ti=<TaskInstance: hiring_dynamic.download_data_1 scheduled__2024-12-05T15:00:00+00:00 [queued]>
[2025-10-28T00:40:21.690+0000] {taskinstance.py:1361} INFO - Starting attempt 1 of 1
[2025-10-28T00:40:21.696+0000] {taskinstance.py:1382} INFO - Executing <Task(BashOperator): download_data_1> on 2024-12-05 15:00:00+00:00
[2025-10-28T00:40:21.702+0000] {standard_task_runner.py:57} INFO - Started process 454 to run task
[2025-10-28T00:40:21.705+0000] {standard_task_runner.py:84} INFO - Running: ['airflow', 'tasks', 'run', 'hiring_dynamic', 'download_data_1', 'scheduled__2024-12-05T15:00:00+00:00', '--job-id', '18', '--raw', '--subdir', 'DAGS_FOLDER/dag_dynamic.py', '--cfg-path', '/tmp/tmplsauh7td']
[2025-10-28T00:40:21.705+0000] {standard_task_runner.py:85} INFO - Job 18: Subtask download_data_1
[2025-10-28T00:40:21.723+0000] {task_command.py:416} INFO - Running <TaskInstance: hiring_dynamic.download_data_1 scheduled__2024-12-05T15:00:00+00:00 [running]> on host d1f69dfe6243
[2025-10-28T00:40:21.745+0000] {taskinstance.py:1662} INFO - Exporting env vars: AIRFLOW_CTX_DAG_OWNER='airflow' AIRFLOW_CTX_DAG_ID='hiring_dynamic' AIRFLOW_CTX_TASK_ID='download_data_1' AIRFLOW_CTX_EXECUTION_DATE='2024-12-05T15:00:00+00:00' AIRFLOW_CTX_TRY_NUMBER='1' AIRFLOW_CTX_DAG_RUN_ID='scheduled__2024-12-05T15:00:00+00:00'
[2025-10-28T00:40:21.746+0000] {subprocess.py:63} INFO - Tmp dir root location: /tmp
[2025-10-28T00:40:21.747+0000] {subprocess.py:75} INFO - Running command: ['/bin/bash', '-c', '\n        RAW_DIR="/opt/airflow/data/dynamic/2024-12-05/raw"\n        mkdir -p "$RAW_DIR"\n        curl -L -f -o "$RAW_DIR/data_1.csv" https://gitlab.com/eduardomoyab/laboratorio-13/-/raw/main/files/data_1.csv\n        echo \'✅ Archivo data_1.csv descargado exitosamente\'\n        ls -lh "$RAW_DIR/data_1.csv"\n    ']
[2025-10-28T00:40:21.752+0000] {subprocess.py:86} INFO - Output:
[2025-10-28T00:40:21.764+0000] {subprocess.py:93} INFO -   % Total    % Received % Xferd  Average Speed   Time    Time     Time  Current
[2025-10-28T00:40:21.764+0000] {subprocess.py:93} INFO -                                  Dload  Upload   Total   Spent    Left  Speed
[2025-10-28T00:40:21.849+0000] {subprocess.py:93} INFO -   0     0    0     0    0     0      0      0 --:--:-- --:--:-- --:--:--     0100 32735  100 32735    0     0   376k      0 --:--:-- --:--:-- --:--:--  376k
[2025-10-28T00:40:21.851+0000] {subprocess.py:93} INFO - ✅ Archivo data_1.csv descargado exitosamente
[2025-10-28T00:40:21.853+0000] {subprocess.py:93} INFO - -rw-r--r-- 1 airflow root 32K Oct 28 00:40 /opt/airflow/data/dynamic/2024-12-05/raw/data_1.csv
[2025-10-28T00:40:21.854+0000] {subprocess.py:97} INFO - Command exited with return code 0
[2025-10-28T00:40:21.865+0000] {taskinstance.py:1400} INFO - Marking task as SUCCESS. dag_id=hiring_dynamic, task_id=download_data_1, execution_date=20241205T150000, start_date=20251028T004021, end_date=20251028T004021
[2025-10-28T00:40:21.891+0000] {local_task_job_runner.py:228} INFO - Task exited with return code 0
[2025-10-28T00:40:21.902+0000] {taskinstance.py:2778} INFO - 0 downstream tasks scheduled from follow-on schedule check
[2025-10-28T01:27:09.743+0000] {taskinstance.py:1159} INFO - Dependencies all met for dep_context=non-requeueable deps ti=<TaskInstance: hiring_dynamic.download_data_1 scheduled__2024-12-05T15:00:00+00:00 [queued]>
[2025-10-28T01:27:09.747+0000] {taskinstance.py:1159} INFO - Dependencies all met for dep_context=requeueable deps ti=<TaskInstance: hiring_dynamic.download_data_1 scheduled__2024-12-05T15:00:00+00:00 [queued]>
[2025-10-28T01:27:09.747+0000] {taskinstance.py:1361} INFO - Starting attempt 1 of 1
[2025-10-28T01:27:09.752+0000] {taskinstance.py:1382} INFO - Executing <Task(BashOperator): download_data_1> on 2024-12-05 15:00:00+00:00
[2025-10-28T01:27:09.755+0000] {standard_task_runner.py:57} INFO - Started process 619 to run task
[2025-10-28T01:27:09.757+0000] {standard_task_runner.py:84} INFO - Running: ['airflow', 'tasks', 'run', 'hiring_dynamic', 'download_data_1', 'scheduled__2024-12-05T15:00:00+00:00', '--job-id', '14', '--raw', '--subdir', 'DAGS_FOLDER/dag_dynamic.py', '--cfg-path', '/tmp/tmp2_92q1cb']
[2025-10-28T01:27:09.758+0000] {standard_task_runner.py:85} INFO - Job 14: Subtask download_data_1
[2025-10-28T01:27:09.774+0000] {task_command.py:416} INFO - Running <TaskInstance: hiring_dynamic.download_data_1 scheduled__2024-12-05T15:00:00+00:00 [running]> on host c46dbfd34b1f
[2025-10-28T01:27:09.796+0000] {taskinstance.py:1662} INFO - Exporting env vars: AIRFLOW_CTX_DAG_OWNER='airflow' AIRFLOW_CTX_DAG_ID='hiring_dynamic' AIRFLOW_CTX_TASK_ID='download_data_1' AIRFLOW_CTX_EXECUTION_DATE='2024-12-05T15:00:00+00:00' AIRFLOW_CTX_TRY_NUMBER='1' AIRFLOW_CTX_DAG_RUN_ID='scheduled__2024-12-05T15:00:00+00:00'
[2025-10-28T01:27:09.797+0000] {subprocess.py:63} INFO - Tmp dir root location: /tmp
[2025-10-28T01:27:09.797+0000] {subprocess.py:75} INFO - Running command: ['/bin/bash', '-c', '\n        RAW_DIR="/opt/airflow/data/dynamic/2024-12-05/raw"\n        mkdir -p "$RAW_DIR"\n        curl -L -f -o "$RAW_DIR/data_1.csv" https://gitlab.com/eduardomoyab/laboratorio-13/-/raw/main/files/data_1.csv\n        echo \'✅ Archivo data_1.csv descargado exitosamente\'\n        ls -lh "$RAW_DIR/data_1.csv"\n    ']
[2025-10-28T01:27:09.803+0000] {subprocess.py:86} INFO - Output:
[2025-10-28T01:27:09.813+0000] {subprocess.py:93} INFO -   % Total    % Received % Xferd  Average Speed   Time    Time     Time  Current
[2025-10-28T01:27:09.813+0000] {subprocess.py:93} INFO -                                  Dload  Upload   Total   Spent    Left  Speed
[2025-10-28T01:27:09.891+0000] {subprocess.py:93} INFO -   0     0    0     0    0     0      0      0 --:--:-- --:--:-- --:--:--     0100 32735  100 32735    0     0   409k      0 --:--:-- --:--:-- --:--:--  409k
[2025-10-28T01:27:09.893+0000] {subprocess.py:93} INFO - ✅ Archivo data_1.csv descargado exitosamente
[2025-10-28T01:27:09.895+0000] {subprocess.py:93} INFO - -rw-r--r-- 1 airflow root 32K Oct 28 01:27 /opt/airflow/data/dynamic/2024-12-05/raw/data_1.csv
[2025-10-28T01:27:09.896+0000] {subprocess.py:97} INFO - Command exited with return code 0
[2025-10-28T01:27:09.907+0000] {taskinstance.py:1400} INFO - Marking task as SUCCESS. dag_id=hiring_dynamic, task_id=download_data_1, execution_date=20241205T150000, start_date=20251028T012709, end_date=20251028T012709
[2025-10-28T01:27:09.942+0000] {local_task_job_runner.py:228} INFO - Task exited with return code 0
[2025-10-28T01:27:09.955+0000] {taskinstance.py:2778} INFO - 0 downstream tasks scheduled from follow-on schedule check
