[2025-11-17T20:59:09.569+0000] {taskinstance.py:1159} INFO - Dependencies all met for dep_context=non-requeueable deps ti=<TaskInstance: sodai_drinks_production_pipeline.extract_data manual__2025-11-17T20:59:07.033360+00:00 [queued]>
[2025-11-17T20:59:09.574+0000] {taskinstance.py:1159} INFO - Dependencies all met for dep_context=requeueable deps ti=<TaskInstance: sodai_drinks_production_pipeline.extract_data manual__2025-11-17T20:59:07.033360+00:00 [queued]>
[2025-11-17T20:59:09.574+0000] {taskinstance.py:1361} INFO - Starting attempt 1 of 2
[2025-11-17T20:59:09.583+0000] {taskinstance.py:1382} INFO - Executing <Task(PythonOperator): extract_data> on 2025-11-17 20:59:07.033360+00:00
[2025-11-17T20:59:09.595+0000] {standard_task_runner.py:57} INFO - Started process 1542 to run task
[2025-11-17T20:59:09.601+0000] {standard_task_runner.py:84} INFO - Running: ['***', 'tasks', 'run', 'sodai_drinks_production_pipeline', 'extract_data', 'manual__2025-11-17T20:59:07.033360+00:00', '--job-id', '48', '--raw', '--subdir', 'DAGS_FOLDER/pipeline_productivo.py', '--cfg-path', '/tmp/tmpuh_3itsq']
[2025-11-17T20:59:09.608+0000] {standard_task_runner.py:85} INFO - Job 48: Subtask extract_data
[2025-11-17T20:59:09.650+0000] {task_command.py:416} INFO - Running <TaskInstance: sodai_drinks_production_pipeline.extract_data manual__2025-11-17T20:59:07.033360+00:00 [running]> on host d1f907c36040
[2025-11-17T20:59:09.707+0000] {taskinstance.py:1662} INFO - Exporting env vars: AIRFLOW_CTX_DAG_EMAIL='team@sodaidrinks.com' AIRFLOW_CTX_DAG_OWNER='sodai_drinks_team' AIRFLOW_CTX_DAG_ID='sodai_drinks_production_pipeline' AIRFLOW_CTX_TASK_ID='extract_data' AIRFLOW_CTX_EXECUTION_DATE='2025-11-17T20:59:07.033360+00:00' AIRFLOW_CTX_TRY_NUMBER='1' AIRFLOW_CTX_DAG_RUN_ID='manual__2025-11-17T20:59:07.033360+00:00'
[2025-11-17T20:59:09.708+0000] {data_extraction.py:25} INFO - Iniciando extracción de datos...
[2025-11-17T20:59:09.778+0000] {data_extraction.py:47} INFO - Datos base cargados - Transacciones totales: 254936
[2025-11-17T20:59:10.077+0000] {data_extraction.py:60} INFO - 📊 Subsample creado: 4565 transacciones
[2025-11-17T20:59:10.078+0000] {data_extraction.py:61} INFO -    Fecha mínima: 2024-01-01 00:00:00
[2025-11-17T20:59:10.078+0000] {data_extraction.py:62} INFO -    Fecha máxima: 2024-01-07 00:00:00
[2025-11-17T20:59:10.078+0000] {data_extraction.py:63} INFO -    Porcentaje del total: 1.79%
[2025-11-17T20:59:10.082+0000] {data_extraction.py:69} INFO - Clientes cargados: 1569 registros
[2025-11-17T20:59:10.082+0000] {data_extraction.py:70} INFO - Productos cargados: 971 registros
[2025-11-17T20:59:10.136+0000] {data_extraction.py:85} INFO - Fecha máxima en subsample: 2024-01-07 00:00:00
[2025-11-17T20:59:10.145+0000] {data_extraction.py:88} INFO - ✅ Extracción de datos completada exitosamente
[2025-11-17T20:59:10.146+0000] {python.py:194} INFO - Done. Returned value was: {'status': 'success', 'transacciones_count': 4565, 'clientes_count': 1569, 'productos_count': 971, 'max_date': '2024-01-07T00:00:00', 'is_subsample': True, 'subsample_weeks': 1}
[2025-11-17T20:59:10.174+0000] {taskinstance.py:1400} INFO - Marking task as SUCCESS. dag_id=sodai_drinks_production_pipeline, task_id=extract_data, execution_date=20251117T205907, start_date=20251117T205909, end_date=20251117T205910
[2025-11-17T20:59:10.222+0000] {local_task_job_runner.py:228} INFO - Task exited with return code 0
[2025-11-17T20:59:10.247+0000] {taskinstance.py:2778} INFO - 1 downstream tasks scheduled from follow-on schedule check
