[2025-10-28T00:42:51.983+0000] {taskinstance.py:1159} INFO - Dependencies all met for dep_context=non-requeueable deps ti=<TaskInstance: hiring_dynamic.train_gradient_boosting scheduled__2025-01-05T15:00:00+00:00 [queued]>
[2025-10-28T00:42:51.986+0000] {taskinstance.py:1159} INFO - Dependencies all met for dep_context=requeueable deps ti=<TaskInstance: hiring_dynamic.train_gradient_boosting scheduled__2025-01-05T15:00:00+00:00 [queued]>
[2025-10-28T00:42:51.986+0000] {taskinstance.py:1361} INFO - Starting attempt 1 of 1
[2025-10-28T00:42:51.991+0000] {taskinstance.py:1382} INFO - Executing <Task(PythonOperator): train_gradient_boosting> on 2025-01-05 15:00:00+00:00
[2025-10-28T00:42:51.995+0000] {standard_task_runner.py:57} INFO - Started process 1563 to run task
[2025-10-28T00:42:51.998+0000] {standard_task_runner.py:84} INFO - Running: ['airflow', 'tasks', 'run', 'hiring_dynamic', 'train_gradient_boosting', 'scheduled__2025-01-05T15:00:00+00:00', '--job-id', '69', '--raw', '--subdir', 'DAGS_FOLDER/dag_dynamic.py', '--cfg-path', '/tmp/tmpv3mcm8w1']
[2025-10-28T00:42:51.999+0000] {standard_task_runner.py:85} INFO - Job 69: Subtask train_gradient_boosting
[2025-10-28T00:42:52.015+0000] {task_command.py:416} INFO - Running <TaskInstance: hiring_dynamic.train_gradient_boosting scheduled__2025-01-05T15:00:00+00:00 [running]> on host d1f69dfe6243
[2025-10-28T00:42:52.042+0000] {taskinstance.py:1662} INFO - Exporting env vars: AIRFLOW_CTX_DAG_OWNER='airflow' AIRFLOW_CTX_DAG_ID='hiring_dynamic' AIRFLOW_CTX_TASK_ID='train_gradient_boosting' AIRFLOW_CTX_EXECUTION_DATE='2025-01-05T15:00:00+00:00' AIRFLOW_CTX_TRY_NUMBER='1' AIRFLOW_CTX_DAG_RUN_ID='scheduled__2025-01-05T15:00:00+00:00'
[2025-10-28T00:42:52.047+0000] {logging_mixin.py:154} INFO - Entrenando modelo: gradient_boosting
[2025-10-28T00:42:52.331+0000] {logging_mixin.py:154} INFO - Modelo gradient_boosting guardado en: /opt/airflow/data/dynamic/2025-01-05/models/gradient_boosting.joblib
[2025-10-28T00:42:52.340+0000] {python.py:194} INFO - Done. Returned value was: None
[2025-10-28T00:42:52.343+0000] {taskinstance.py:1400} INFO - Marking task as SUCCESS. dag_id=hiring_dynamic, task_id=train_gradient_boosting, execution_date=20250105T150000, start_date=20251028T004251, end_date=20251028T004252
[2025-10-28T00:42:52.392+0000] {local_task_job_runner.py:228} INFO - Task exited with return code 0
[2025-10-28T00:42:52.406+0000] {taskinstance.py:2778} INFO - 0 downstream tasks scheduled from follow-on schedule check
[2025-10-28T01:29:34.495+0000] {taskinstance.py:1159} INFO - Dependencies all met for dep_context=non-requeueable deps ti=<TaskInstance: hiring_dynamic.train_gradient_boosting scheduled__2025-01-05T15:00:00+00:00 [queued]>
[2025-10-28T01:29:34.498+0000] {taskinstance.py:1159} INFO - Dependencies all met for dep_context=requeueable deps ti=<TaskInstance: hiring_dynamic.train_gradient_boosting scheduled__2025-01-05T15:00:00+00:00 [queued]>
[2025-10-28T01:29:34.498+0000] {taskinstance.py:1361} INFO - Starting attempt 1 of 1
[2025-10-28T01:29:34.504+0000] {taskinstance.py:1382} INFO - Executing <Task(PythonOperator): train_gradient_boosting> on 2025-01-05 15:00:00+00:00
[2025-10-28T01:29:34.509+0000] {standard_task_runner.py:57} INFO - Started process 1590 to run task
[2025-10-28T01:29:34.512+0000] {standard_task_runner.py:84} INFO - Running: ['airflow', 'tasks', 'run', 'hiring_dynamic', 'train_gradient_boosting', 'scheduled__2025-01-05T15:00:00+00:00', '--job-id', '59', '--raw', '--subdir', 'DAGS_FOLDER/dag_dynamic.py', '--cfg-path', '/tmp/tmprtc3laiy']
[2025-10-28T01:29:34.513+0000] {standard_task_runner.py:85} INFO - Job 59: Subtask train_gradient_boosting
[2025-10-28T01:29:34.531+0000] {task_command.py:416} INFO - Running <TaskInstance: hiring_dynamic.train_gradient_boosting scheduled__2025-01-05T15:00:00+00:00 [running]> on host c46dbfd34b1f
[2025-10-28T01:29:34.560+0000] {taskinstance.py:1662} INFO - Exporting env vars: AIRFLOW_CTX_DAG_OWNER='airflow' AIRFLOW_CTX_DAG_ID='hiring_dynamic' AIRFLOW_CTX_TASK_ID='train_gradient_boosting' AIRFLOW_CTX_EXECUTION_DATE='2025-01-05T15:00:00+00:00' AIRFLOW_CTX_TRY_NUMBER='1' AIRFLOW_CTX_DAG_RUN_ID='scheduled__2025-01-05T15:00:00+00:00'
[2025-10-28T01:29:34.566+0000] {logging_mixin.py:154} INFO - Entrenando modelo: gradient_boosting
[2025-10-28T01:29:34.845+0000] {logging_mixin.py:154} INFO - Modelo gradient_boosting guardado en: /opt/airflow/data/dynamic/2025-01-05/models/gradient_boosting.joblib
[2025-10-28T01:29:34.849+0000] {python.py:194} INFO - Done. Returned value was: None
[2025-10-28T01:29:34.851+0000] {taskinstance.py:1400} INFO - Marking task as SUCCESS. dag_id=hiring_dynamic, task_id=train_gradient_boosting, execution_date=20250105T150000, start_date=20251028T012934, end_date=20251028T012934
[2025-10-28T01:29:34.860+0000] {local_task_job_runner.py:228} INFO - Task exited with return code 0
[2025-10-28T01:29:34.868+0000] {taskinstance.py:2778} INFO - 0 downstream tasks scheduled from follow-on schedule check
