[2025-10-28T00:44:52.211+0000] {taskinstance.py:1159} INFO - Dependencies all met for dep_context=non-requeueable deps ti=<TaskInstance: hiring_dynamic.load_and_merge scheduled__2025-07-05T15:00:00+00:00 [queued]>
[2025-10-28T00:44:52.214+0000] {taskinstance.py:1159} INFO - Dependencies all met for dep_context=requeueable deps ti=<TaskInstance: hiring_dynamic.load_and_merge scheduled__2025-07-05T15:00:00+00:00 [queued]>
[2025-10-28T00:44:52.214+0000] {taskinstance.py:1361} INFO - Starting attempt 1 of 1
[2025-10-28T00:44:52.219+0000] {taskinstance.py:1382} INFO - Executing <Task(PythonOperator): load_and_merge> on 2025-07-05 15:00:00+00:00
[2025-10-28T00:44:52.223+0000] {standard_task_runner.py:57} INFO - Started process 2289 to run task
[2025-10-28T00:44:52.226+0000] {standard_task_runner.py:84} INFO - Running: ['airflow', 'tasks', 'run', 'hiring_dynamic', 'load_and_merge', 'scheduled__2025-07-05T15:00:00+00:00', '--job-id', '100', '--raw', '--subdir', 'DAGS_FOLDER/dag_dynamic.py', '--cfg-path', '/tmp/tmpzx_z3v_9']
[2025-10-28T00:44:52.227+0000] {standard_task_runner.py:85} INFO - Job 100: Subtask load_and_merge
[2025-10-28T00:44:52.244+0000] {task_command.py:416} INFO - Running <TaskInstance: hiring_dynamic.load_and_merge scheduled__2025-07-05T15:00:00+00:00 [running]> on host d1f69dfe6243
[2025-10-28T00:44:52.271+0000] {taskinstance.py:1662} INFO - Exporting env vars: AIRFLOW_CTX_DAG_OWNER='airflow' AIRFLOW_CTX_DAG_ID='hiring_dynamic' AIRFLOW_CTX_TASK_ID='load_and_merge' AIRFLOW_CTX_EXECUTION_DATE='2025-07-05T15:00:00+00:00' AIRFLOW_CTX_TRY_NUMBER='1' AIRFLOW_CTX_DAG_RUN_ID='scheduled__2025-07-05T15:00:00+00:00'
[2025-10-28T00:44:52.272+0000] {logging_mixin.py:154} INFO - Leyendo /opt/airflow/data/dynamic/2025-07-05/raw/data_1.csv
[2025-10-28T00:44:52.275+0000] {logging_mixin.py:154} INFO - Leyendo /opt/airflow/data/dynamic/2025-07-05/raw/data_2.csv
[2025-10-28T00:44:52.281+0000] {logging_mixin.py:154} INFO - Datos concatenados guardados en: /opt/airflow/data/dynamic/2025-07-05/preprocessed/merged_data.csv
[2025-10-28T00:44:52.281+0000] {logging_mixin.py:154} INFO - Forma del dataset: (1500, 11)
[2025-10-28T00:44:52.285+0000] {python.py:194} INFO - Done. Returned value was: None
[2025-10-28T00:44:52.287+0000] {taskinstance.py:1400} INFO - Marking task as SUCCESS. dag_id=hiring_dynamic, task_id=load_and_merge, execution_date=20250705T150000, start_date=20251028T004452, end_date=20251028T004452
[2025-10-28T00:44:52.329+0000] {local_task_job_runner.py:228} INFO - Task exited with return code 0
[2025-10-28T00:44:52.340+0000] {taskinstance.py:2778} INFO - 1 downstream tasks scheduled from follow-on schedule check
[2025-10-28T01:31:44.150+0000] {taskinstance.py:1159} INFO - Dependencies all met for dep_context=non-requeueable deps ti=<TaskInstance: hiring_dynamic.load_and_merge scheduled__2025-07-05T15:00:00+00:00 [queued]>
[2025-10-28T01:31:44.154+0000] {taskinstance.py:1159} INFO - Dependencies all met for dep_context=requeueable deps ti=<TaskInstance: hiring_dynamic.load_and_merge scheduled__2025-07-05T15:00:00+00:00 [queued]>
[2025-10-28T01:31:44.154+0000] {taskinstance.py:1361} INFO - Starting attempt 1 of 1
[2025-10-28T01:31:44.159+0000] {taskinstance.py:1382} INFO - Executing <Task(PythonOperator): load_and_merge> on 2025-07-05 15:00:00+00:00
[2025-10-28T01:31:44.163+0000] {standard_task_runner.py:57} INFO - Started process 2377 to run task
[2025-10-28T01:31:44.170+0000] {standard_task_runner.py:84} INFO - Running: ['airflow', 'tasks', 'run', 'hiring_dynamic', 'load_and_merge', 'scheduled__2025-07-05T15:00:00+00:00', '--job-id', '93', '--raw', '--subdir', 'DAGS_FOLDER/dag_dynamic.py', '--cfg-path', '/tmp/tmpjccq6k_t']
[2025-10-28T01:31:44.171+0000] {standard_task_runner.py:85} INFO - Job 93: Subtask load_and_merge
[2025-10-28T01:31:44.189+0000] {task_command.py:416} INFO - Running <TaskInstance: hiring_dynamic.load_and_merge scheduled__2025-07-05T15:00:00+00:00 [running]> on host c46dbfd34b1f
[2025-10-28T01:31:44.215+0000] {taskinstance.py:1662} INFO - Exporting env vars: AIRFLOW_CTX_DAG_OWNER='airflow' AIRFLOW_CTX_DAG_ID='hiring_dynamic' AIRFLOW_CTX_TASK_ID='load_and_merge' AIRFLOW_CTX_EXECUTION_DATE='2025-07-05T15:00:00+00:00' AIRFLOW_CTX_TRY_NUMBER='1' AIRFLOW_CTX_DAG_RUN_ID='scheduled__2025-07-05T15:00:00+00:00'
[2025-10-28T01:31:44.215+0000] {logging_mixin.py:154} INFO - Leyendo /opt/airflow/data/dynamic/2025-07-05/raw/data_1.csv
[2025-10-28T01:31:44.219+0000] {logging_mixin.py:154} INFO - Leyendo /opt/airflow/data/dynamic/2025-07-05/raw/data_2.csv
[2025-10-28T01:31:44.226+0000] {logging_mixin.py:154} INFO - Datos concatenados guardados en: /opt/airflow/data/dynamic/2025-07-05/preprocessed/merged_data.csv
[2025-10-28T01:31:44.226+0000] {logging_mixin.py:154} INFO - Forma del dataset: (1500, 11)
[2025-10-28T01:31:44.231+0000] {python.py:194} INFO - Done. Returned value was: None
[2025-10-28T01:31:44.233+0000] {taskinstance.py:1400} INFO - Marking task as SUCCESS. dag_id=hiring_dynamic, task_id=load_and_merge, execution_date=20250705T150000, start_date=20251028T013144, end_date=20251028T013144
[2025-10-28T01:31:44.266+0000] {local_task_job_runner.py:228} INFO - Task exited with return code 0
[2025-10-28T01:31:44.277+0000] {taskinstance.py:2778} INFO - 1 downstream tasks scheduled from follow-on schedule check
