[2025-11-17T16:52:11.520+0000] {taskinstance.py:1159} INFO - Dependencies all met for dep_context=non-requeueable deps ti=<TaskInstance: sodai_drinks_production_pipeline.generate_predictions scheduled__2025-11-09T00:00:00+00:00 [queued]>
[2025-11-17T16:52:11.525+0000] {taskinstance.py:1159} INFO - Dependencies all met for dep_context=requeueable deps ti=<TaskInstance: sodai_drinks_production_pipeline.generate_predictions scheduled__2025-11-09T00:00:00+00:00 [queued]>
[2025-11-17T16:52:11.525+0000] {taskinstance.py:1361} INFO - Starting attempt 1 of 2
[2025-11-17T16:52:11.533+0000] {taskinstance.py:1382} INFO - Executing <Task(PythonOperator): generate_predictions> on 2025-11-09 00:00:00+00:00
[2025-11-17T16:52:11.546+0000] {standard_task_runner.py:57} INFO - Started process 1636 to run task
[2025-11-17T16:52:11.549+0000] {standard_task_runner.py:84} INFO - Running: ['***', 'tasks', 'run', 'sodai_drinks_production_pipeline', 'generate_predictions', 'scheduled__2025-11-09T00:00:00+00:00', '--job-id', '25', '--raw', '--subdir', 'DAGS_FOLDER/pipeline_productivo.py', '--cfg-path', '/tmp/tmp2_r21jss']
[2025-11-17T16:52:11.552+0000] {standard_task_runner.py:85} INFO - Job 25: Subtask generate_predictions
[2025-11-17T16:52:11.594+0000] {task_command.py:416} INFO - Running <TaskInstance: sodai_drinks_production_pipeline.generate_predictions scheduled__2025-11-09T00:00:00+00:00 [running]> on host d1f907c36040
[2025-11-17T16:52:11.650+0000] {taskinstance.py:1662} INFO - Exporting env vars: AIRFLOW_CTX_DAG_EMAIL='team@sodaidrinks.com' AIRFLOW_CTX_DAG_OWNER='sodai_drinks_team' AIRFLOW_CTX_DAG_ID='sodai_drinks_production_pipeline' AIRFLOW_CTX_TASK_ID='generate_predictions' AIRFLOW_CTX_EXECUTION_DATE='2025-11-09T00:00:00+00:00' AIRFLOW_CTX_TRY_NUMBER='1' AIRFLOW_CTX_DAG_RUN_ID='scheduled__2025-11-09T00:00:00+00:00'
[2025-11-17T16:52:11.651+0000] {prediction_generation.py:26} INFO - Iniciando generación de predicciones...
[2025-11-17T16:52:11.669+0000] {prediction_generation.py:47} INFO - Usando modelo del XCom: /opt/***/models/best_model.pkl
[2025-11-17T16:52:11.709+0000] {prediction_generation.py:53} INFO - Cargando modelo desde: /opt/***/models/best_model.pkl
[2025-11-17T16:52:11.722+0000] {prediction_generation.py:73} INFO - Generando predicciones para 7438 combinaciones cliente-producto...
[2025-11-17T16:52:11.739+0000] {prediction_generation.py:94} INFO - Predicciones positivas: 3719 de 7438
[2025-11-17T16:52:11.739+0000] {prediction_generation.py:95} INFO - Tasa de predicciones positivas: 50.00%
[2025-11-17T16:52:11.758+0000] {prediction_generation.py:119} INFO - Top 20 clientes con más compras predichas:
[2025-11-17T16:52:11.761+0000] {prediction_generation.py:120} INFO - 
     customer_id  predicted_purchases  avg_probability
314       187806                   22         0.998982
355       194229                   19         0.999065
293       186174                   18         0.998961
65         72930                   17         0.999145
517       206748                   17         0.999066
767       225393                   16         0.999140
15         61692                   16         0.998944
533       206952                   16         0.998772
371       197286                   16         0.999025
650       211527                   16         0.998935
597       208758                   15         0.999087
384       198882                   15         0.999105
2          25749                   15         0.999072
491       206376                   14         0.999125
288       184863                   14         0.999082
769       225501                   14         0.999135
585       208524                   14         0.998931
443       203724                   13         0.999122
23         62817                   13         0.999122
554       207345                   13         0.998925
[2025-11-17T16:52:11.763+0000] {prediction_generation.py:130} INFO - Top 20 productos con más compradores predichos:
[2025-11-17T16:52:11.764+0000] {prediction_generation.py:131} INFO - 
    product_id  predicted_buyers  avg_probability
2         1304               517         0.999205
3         1370               486         0.999227
8        11262               422         0.999189
22       48574               280         0.999256
40       60978               241         0.999217
4         1372               233         0.999114
10       30500               229         0.999088
37       56714               167         0.998915
12       33886               137         0.999083
6        10652               122         0.998942
13       35732               113         0.998926
19       44302               101         0.999217
17       39186                81         0.999013
24       50270                76         0.998874
14       35846                70         0.999050
9        16358                64         0.999073
18       42132                50         0.998960
20       46632                48         0.998960
38       57804                43         0.998030
23       50268                38         0.998926
[2025-11-17T16:52:11.790+0000] {prediction_generation.py:150} INFO - Generación de predicciones completada exitosamente
[2025-11-17T16:52:11.791+0000] {python.py:194} INFO - Done. Returned value was: {'status': 'success', 'total_predictions': 7438, 'positive_predictions': 3719, 'predictions_file': '/opt/***/data/predictions/predictions_20251117_165211.parquet'}
[2025-11-17T16:52:11.811+0000] {taskinstance.py:1400} INFO - Marking task as SUCCESS. dag_id=sodai_drinks_production_pipeline, task_id=generate_predictions, execution_date=20251109T000000, start_date=20251117T165211, end_date=20251117T165211
[2025-11-17T16:52:11.882+0000] {local_task_job_runner.py:228} INFO - Task exited with return code 0
[2025-11-17T16:52:11.899+0000] {taskinstance.py:2778} INFO - 0 downstream tasks scheduled from follow-on schedule check
[2025-11-17T20:52:01.464+0000] {taskinstance.py:1159} INFO - Dependencies all met for dep_context=non-requeueable deps ti=<TaskInstance: sodai_drinks_production_pipeline.generate_predictions scheduled__2025-11-09T00:00:00+00:00 [queued]>
[2025-11-17T20:52:01.470+0000] {taskinstance.py:1159} INFO - Dependencies all met for dep_context=requeueable deps ti=<TaskInstance: sodai_drinks_production_pipeline.generate_predictions scheduled__2025-11-09T00:00:00+00:00 [queued]>
[2025-11-17T20:52:01.470+0000] {taskinstance.py:1361} INFO - Starting attempt 1 of 2
[2025-11-17T20:52:01.477+0000] {taskinstance.py:1382} INFO - Executing <Task(PythonOperator): generate_predictions> on 2025-11-09 00:00:00+00:00
[2025-11-17T20:52:01.489+0000] {standard_task_runner.py:57} INFO - Started process 570 to run task
[2025-11-17T20:52:01.493+0000] {standard_task_runner.py:84} INFO - Running: ['***', 'tasks', 'run', 'sodai_drinks_production_pipeline', 'generate_predictions', 'scheduled__2025-11-09T00:00:00+00:00', '--job-id', '46', '--raw', '--subdir', 'DAGS_FOLDER/pipeline_productivo.py', '--cfg-path', '/tmp/tmpe5myzk6q']
[2025-11-17T20:52:01.495+0000] {standard_task_runner.py:85} INFO - Job 46: Subtask generate_predictions
[2025-11-17T20:52:01.540+0000] {task_command.py:416} INFO - Running <TaskInstance: sodai_drinks_production_pipeline.generate_predictions scheduled__2025-11-09T00:00:00+00:00 [running]> on host d1f907c36040
[2025-11-17T20:52:01.603+0000] {taskinstance.py:1662} INFO - Exporting env vars: AIRFLOW_CTX_DAG_EMAIL='team@sodaidrinks.com' AIRFLOW_CTX_DAG_OWNER='sodai_drinks_team' AIRFLOW_CTX_DAG_ID='sodai_drinks_production_pipeline' AIRFLOW_CTX_TASK_ID='generate_predictions' AIRFLOW_CTX_EXECUTION_DATE='2025-11-09T00:00:00+00:00' AIRFLOW_CTX_TRY_NUMBER='1' AIRFLOW_CTX_DAG_RUN_ID='scheduled__2025-11-09T00:00:00+00:00'
[2025-11-17T20:52:01.605+0000] {prediction_generation.py:26} INFO - Iniciando generación de predicciones...
[2025-11-17T20:52:01.627+0000] {prediction_generation.py:47} INFO - Usando modelo del XCom: /opt/***/models/best_model.pkl
[2025-11-17T20:52:01.672+0000] {prediction_generation.py:53} INFO - Cargando modelo desde: /opt/***/models/best_model.pkl
[2025-11-17T20:52:01.691+0000] {prediction_generation.py:73} INFO - Generando predicciones para 7438 combinaciones cliente-producto...
[2025-11-17T20:52:01.729+0000] {prediction_generation.py:94} INFO - Predicciones positivas: 4038 de 7438
[2025-11-17T20:52:01.729+0000] {prediction_generation.py:95} INFO - Tasa de predicciones positivas: 54.29%
[2025-11-17T20:52:01.752+0000] {prediction_generation.py:119} INFO - Top 20 clientes con más compras predichas:
[2025-11-17T20:52:01.755+0000] {prediction_generation.py:120} INFO - 
     customer_id  predicted_purchases  avg_probability
351       194229                   20         0.797480
311       187806                   20         0.817483
646       211527                   19         0.751661
763       225393                   19         0.787830
2          25749                   18         0.803908
64         72930                   17         0.823869
513       206748                   17         0.763459
285       184863                   16         0.868920
290       186174                   16         0.824108
380       198882                   15         0.772933
10         60888                   14         0.758158
593       208758                   14         0.801604
367       197286                   14         0.822441
765       225501                   14         0.824069
487       206376                   14         0.781308
529       206952                   14         0.819878
450       204189                   13         0.741223
514       206760                   13         0.753594
238       176403                   13         0.814588
23         62817                   13         0.884870
[2025-11-17T20:52:01.757+0000] {prediction_generation.py:130} INFO - Top 20 productos con más compradores predichos:
[2025-11-17T20:52:01.759+0000] {prediction_generation.py:131} INFO - 
    product_id  predicted_buyers  avg_probability
1         1304               556         0.808336
2         1370               529         0.891268
7        11262               473         0.835555
18       48574               340         0.837093
30       60978               299         0.794027
9        30500               294         0.738857
3         1372               271         0.778458
27       56714               188         0.710238
10       33886               178         0.688567
5        10652               128         0.664197
15       44302               120         0.702709
29       59822                94         0.747041
13       39186                85         0.694894
20       50270                74         0.722465
11       35732                73         0.648925
12       35846                48         0.678250
8        16358                45         0.655562
19       50268                38         0.660974
16       46632                32         0.641418
14       42132                31         0.699278
[2025-11-17T20:52:01.779+0000] {prediction_generation.py:150} INFO - Generación de predicciones completada exitosamente
[2025-11-17T20:52:01.780+0000] {python.py:194} INFO - Done. Returned value was: {'status': 'success', 'total_predictions': 7438, 'positive_predictions': 4038, 'predictions_file': '/opt/***/data/predictions/predictions_20251117_205201.parquet'}
[2025-11-17T20:52:01.797+0000] {taskinstance.py:1400} INFO - Marking task as SUCCESS. dag_id=sodai_drinks_production_pipeline, task_id=generate_predictions, execution_date=20251109T000000, start_date=20251117T205201, end_date=20251117T205201
[2025-11-17T20:52:01.828+0000] {local_task_job_runner.py:228} INFO - Task exited with return code 0
[2025-11-17T20:52:01.848+0000] {taskinstance.py:2778} INFO - 1 downstream tasks scheduled from follow-on schedule check
[2025-11-17T21:04:34.780+0000] {taskinstance.py:1159} INFO - Dependencies all met for dep_context=non-requeueable deps ti=<TaskInstance: sodai_drinks_production_pipeline.generate_predictions scheduled__2025-11-09T00:00:00+00:00 [queued]>
[2025-11-17T21:04:34.787+0000] {taskinstance.py:1159} INFO - Dependencies all met for dep_context=requeueable deps ti=<TaskInstance: sodai_drinks_production_pipeline.generate_predictions scheduled__2025-11-09T00:00:00+00:00 [queued]>
[2025-11-17T21:04:34.787+0000] {taskinstance.py:1361} INFO - Starting attempt 1 of 2
[2025-11-17T21:04:34.795+0000] {taskinstance.py:1382} INFO - Executing <Task(PythonOperator): generate_predictions> on 2025-11-09 00:00:00+00:00
[2025-11-17T21:04:34.807+0000] {standard_task_runner.py:57} INFO - Started process 2686 to run task
[2025-11-17T21:04:34.811+0000] {standard_task_runner.py:84} INFO - Running: ['***', 'tasks', 'run', 'sodai_drinks_production_pipeline', 'generate_predictions', 'scheduled__2025-11-09T00:00:00+00:00', '--job-id', '60', '--raw', '--subdir', 'DAGS_FOLDER/pipeline_productivo.py', '--cfg-path', '/tmp/tmpzkdei7_p']
[2025-11-17T21:04:34.814+0000] {standard_task_runner.py:85} INFO - Job 60: Subtask generate_predictions
[2025-11-17T21:04:34.855+0000] {task_command.py:416} INFO - Running <TaskInstance: sodai_drinks_production_pipeline.generate_predictions scheduled__2025-11-09T00:00:00+00:00 [running]> on host d1f907c36040
[2025-11-17T21:04:34.912+0000] {taskinstance.py:1662} INFO - Exporting env vars: AIRFLOW_CTX_DAG_EMAIL='team@sodaidrinks.com' AIRFLOW_CTX_DAG_OWNER='sodai_drinks_team' AIRFLOW_CTX_DAG_ID='sodai_drinks_production_pipeline' AIRFLOW_CTX_TASK_ID='generate_predictions' AIRFLOW_CTX_EXECUTION_DATE='2025-11-09T00:00:00+00:00' AIRFLOW_CTX_TRY_NUMBER='1' AIRFLOW_CTX_DAG_RUN_ID='scheduled__2025-11-09T00:00:00+00:00'
[2025-11-17T21:04:34.914+0000] {prediction_generation.py:26} INFO - Iniciando generación de predicciones...
[2025-11-17T21:04:34.933+0000] {prediction_generation.py:47} INFO - Usando modelo del XCom: /opt/***/models/best_model.pkl
[2025-11-17T21:04:34.984+0000] {prediction_generation.py:53} INFO - Cargando modelo desde: /opt/***/models/best_model.pkl
[2025-11-17T21:04:34.994+0000] {prediction_generation.py:73} INFO - Generando predicciones para 7438 combinaciones cliente-producto...
[2025-11-17T21:04:35.009+0000] {prediction_generation.py:94} INFO - Predicciones positivas: 4038 de 7438
[2025-11-17T21:04:35.009+0000] {prediction_generation.py:95} INFO - Tasa de predicciones positivas: 54.29%
[2025-11-17T21:04:35.023+0000] {prediction_generation.py:119} INFO - Top 20 clientes con más compras predichas:
[2025-11-17T21:04:35.025+0000] {prediction_generation.py:120} INFO - 
     customer_id  predicted_purchases  avg_probability
351       194229                   20         0.797480
311       187806                   20         0.817483
646       211527                   19         0.751661
763       225393                   19         0.787830
2          25749                   18         0.803908
64         72930                   17         0.823869
513       206748                   17         0.763459
285       184863                   16         0.868920
290       186174                   16         0.824108
380       198882                   15         0.772933
10         60888                   14         0.758158
593       208758                   14         0.801604
367       197286                   14         0.822441
765       225501                   14         0.824069
487       206376                   14         0.781308
529       206952                   14         0.819878
450       204189                   13         0.741223
514       206760                   13         0.753594
238       176403                   13         0.814588
23         62817                   13         0.884870
[2025-11-17T21:04:35.027+0000] {prediction_generation.py:130} INFO - Top 20 productos con más compradores predichos:
[2025-11-17T21:04:35.027+0000] {prediction_generation.py:131} INFO - 
    product_id  predicted_buyers  avg_probability
1         1304               556         0.808336
2         1370               529         0.891268
7        11262               473         0.835555
18       48574               340         0.837093
30       60978               299         0.794027
9        30500               294         0.738857
3         1372               271         0.778458
27       56714               188         0.710238
10       33886               178         0.688567
5        10652               128         0.664197
15       44302               120         0.702709
29       59822                94         0.747041
13       39186                85         0.694894
20       50270                74         0.722465
11       35732                73         0.648925
12       35846                48         0.678250
8        16358                45         0.655562
19       50268                38         0.660974
16       46632                32         0.641418
14       42132                31         0.699278
[2025-11-17T21:04:35.046+0000] {prediction_generation.py:150} INFO - Generación de predicciones completada exitosamente
[2025-11-17T21:04:35.046+0000] {python.py:194} INFO - Done. Returned value was: {'status': 'success', 'total_predictions': 7438, 'positive_predictions': 4038, 'predictions_file': '/opt/***/data/predictions/predictions_20251117_210435.parquet'}
[2025-11-17T21:04:35.061+0000] {taskinstance.py:1400} INFO - Marking task as SUCCESS. dag_id=sodai_drinks_production_pipeline, task_id=generate_predictions, execution_date=20251109T000000, start_date=20251117T210434, end_date=20251117T210435
[2025-11-17T21:04:35.104+0000] {local_task_job_runner.py:228} INFO - Task exited with return code 0
[2025-11-17T21:04:35.123+0000] {taskinstance.py:2778} INFO - 1 downstream tasks scheduled from follow-on schedule check
[2025-11-17T22:13:41.727+0000] {taskinstance.py:1159} INFO - Dependencies all met for dep_context=non-requeueable deps ti=<TaskInstance: sodai_drinks_production_pipeline.generate_predictions scheduled__2025-11-09T00:00:00+00:00 [queued]>
[2025-11-17T22:13:41.733+0000] {taskinstance.py:1159} INFO - Dependencies all met for dep_context=requeueable deps ti=<TaskInstance: sodai_drinks_production_pipeline.generate_predictions scheduled__2025-11-09T00:00:00+00:00 [queued]>
[2025-11-17T22:13:41.734+0000] {taskinstance.py:1361} INFO - Starting attempt 1 of 2
[2025-11-17T22:13:41.741+0000] {taskinstance.py:1382} INFO - Executing <Task(PythonOperator): generate_predictions> on 2025-11-09 00:00:00+00:00
[2025-11-17T22:13:41.754+0000] {standard_task_runner.py:57} INFO - Started process 561 to run task
[2025-11-17T22:13:41.758+0000] {standard_task_runner.py:84} INFO - Running: ['***', 'tasks', 'run', 'sodai_drinks_production_pipeline', 'generate_predictions', 'scheduled__2025-11-09T00:00:00+00:00', '--job-id', '82', '--raw', '--subdir', 'DAGS_FOLDER/pipeline_productivo.py', '--cfg-path', '/tmp/tmpd1drtgfe']
[2025-11-17T22:13:41.761+0000] {standard_task_runner.py:85} INFO - Job 82: Subtask generate_predictions
[2025-11-17T22:13:41.798+0000] {task_command.py:416} INFO - Running <TaskInstance: sodai_drinks_production_pipeline.generate_predictions scheduled__2025-11-09T00:00:00+00:00 [running]> on host 4a9d41c94249
[2025-11-17T22:13:41.847+0000] {taskinstance.py:1662} INFO - Exporting env vars: AIRFLOW_CTX_DAG_EMAIL='team@sodaidrinks.com' AIRFLOW_CTX_DAG_OWNER='sodai_drinks_team' AIRFLOW_CTX_DAG_ID='sodai_drinks_production_pipeline' AIRFLOW_CTX_TASK_ID='generate_predictions' AIRFLOW_CTX_EXECUTION_DATE='2025-11-09T00:00:00+00:00' AIRFLOW_CTX_TRY_NUMBER='1' AIRFLOW_CTX_DAG_RUN_ID='scheduled__2025-11-09T00:00:00+00:00'
[2025-11-17T22:13:41.849+0000] {prediction_generation.py:26} INFO - Iniciando generación de predicciones...
[2025-11-17T22:13:42.083+0000] {prediction_generation.py:47} INFO - Usando modelo del XCom: /opt/***/models/best_model.pkl
[2025-11-17T22:13:42.109+0000] {prediction_generation.py:53} INFO - Cargando modelo desde: /opt/***/models/best_model.pkl
[2025-11-17T22:13:42.122+0000] {prediction_generation.py:73} INFO - Generando predicciones para 7438 combinaciones cliente-producto...
[2025-11-17T22:13:42.197+0000] {prediction_generation.py:94} INFO - Predicciones positivas: 4104 de 7438
[2025-11-17T22:13:42.198+0000] {prediction_generation.py:95} INFO - Tasa de predicciones positivas: 55.18%
[2025-11-17T22:13:42.217+0000] {prediction_generation.py:119} INFO - Top 20 clientes con más compras predichas:
[2025-11-17T22:13:42.219+0000] {prediction_generation.py:120} INFO - 
     customer_id  predicted_purchases  avg_probability
312       187806                   21         0.748932
64         72930                   17         0.806657
762       225393                   16         0.737959
353       194229                   16         0.785538
488       206376                   15         0.785565
382       198882                   15         0.773218
286       184863                   15         0.716640
54         72045                   14         0.727858
441       203724                   14         0.794823
23         62817                   14         0.776552
661       212211                   13         0.803747
369       197286                   13         0.775811
793       229527                   13         0.719905
593       208758                   13         0.788776
514       206748                   13         0.779731
2          25749                   13         0.814164
842       236226                   12         0.806871
646       211527                   12         0.719478
153       156057                   12         0.717813
482       206346                   12         0.711706
[2025-11-17T22:13:42.221+0000] {prediction_generation.py:130} INFO - Top 20 productos con más compradores predichos:
[2025-11-17T22:13:42.221+0000] {prediction_generation.py:131} INFO - 
    product_id  predicted_buyers  avg_probability
1         1304               559         0.781626
2         1370               521         0.862739
7        11262               478         0.822365
20       48574               351         0.763750
30       60978               327         0.713391
3         1372               295         0.753057
9        30500               287         0.691442
27       56714               185         0.643665
5        10652               167         0.646716
11       33886               167         0.671887
18       44302               135         0.654883
12       35732               104         0.608549
29       59822                99         0.750795
16       39186                90         0.653401
21       50268                70         0.607390
13       35846                52         0.597069
22       50270                51         0.637249
8        16358                37         0.599634
19       46632                32         0.659335
17       42132                26         0.603417
[2025-11-17T22:13:42.247+0000] {prediction_generation.py:150} INFO - Generación de predicciones completada exitosamente
[2025-11-17T22:13:42.247+0000] {python.py:194} INFO - Done. Returned value was: {'status': 'success', 'total_predictions': 7438, 'positive_predictions': 4104, 'predictions_file': '/opt/***/data/predictions/predictions_20251117_221342.parquet'}
[2025-11-17T22:13:42.269+0000] {taskinstance.py:1400} INFO - Marking task as SUCCESS. dag_id=sodai_drinks_production_pipeline, task_id=generate_predictions, execution_date=20251109T000000, start_date=20251117T221341, end_date=20251117T221342
[2025-11-17T22:13:42.343+0000] {local_task_job_runner.py:228} INFO - Task exited with return code 0
[2025-11-17T22:13:42.365+0000] {taskinstance.py:2778} INFO - 0 downstream tasks scheduled from follow-on schedule check
[2025-11-17T23:52:11.716+0000] {taskinstance.py:1159} INFO - Dependencies all met for dep_context=non-requeueable deps ti=<TaskInstance: sodai_drinks_production_pipeline.generate_predictions scheduled__2025-11-09T00:00:00+00:00 [queued]>
[2025-11-17T23:52:11.721+0000] {taskinstance.py:1159} INFO - Dependencies all met for dep_context=requeueable deps ti=<TaskInstance: sodai_drinks_production_pipeline.generate_predictions scheduled__2025-11-09T00:00:00+00:00 [queued]>
[2025-11-17T23:52:11.722+0000] {taskinstance.py:1361} INFO - Starting attempt 1 of 2
[2025-11-17T23:52:11.730+0000] {taskinstance.py:1382} INFO - Executing <Task(PythonOperator): generate_predictions> on 2025-11-09 00:00:00+00:00
[2025-11-17T23:52:11.742+0000] {standard_task_runner.py:57} INFO - Started process 851 to run task
[2025-11-17T23:52:11.745+0000] {standard_task_runner.py:84} INFO - Running: ['***', 'tasks', 'run', 'sodai_drinks_production_pipeline', 'generate_predictions', 'scheduled__2025-11-09T00:00:00+00:00', '--job-id', '119', '--raw', '--subdir', 'DAGS_FOLDER/pipeline_productivo.py', '--cfg-path', '/tmp/tmpe0_76g54']
[2025-11-17T23:52:11.748+0000] {standard_task_runner.py:85} INFO - Job 119: Subtask generate_predictions
[2025-11-17T23:52:11.787+0000] {task_command.py:416} INFO - Running <TaskInstance: sodai_drinks_production_pipeline.generate_predictions scheduled__2025-11-09T00:00:00+00:00 [running]> on host c28908a06edf
[2025-11-17T23:52:11.844+0000] {taskinstance.py:1662} INFO - Exporting env vars: AIRFLOW_CTX_DAG_EMAIL='team@sodaidrinks.com' AIRFLOW_CTX_DAG_OWNER='sodai_drinks_team' AIRFLOW_CTX_DAG_ID='sodai_drinks_production_pipeline' AIRFLOW_CTX_TASK_ID='generate_predictions' AIRFLOW_CTX_EXECUTION_DATE='2025-11-09T00:00:00+00:00' AIRFLOW_CTX_TRY_NUMBER='1' AIRFLOW_CTX_DAG_RUN_ID='scheduled__2025-11-09T00:00:00+00:00'
[2025-11-17T23:52:11.846+0000] {prediction_generation.py:26} INFO - Iniciando generación de predicciones...
[2025-11-17T23:52:12.097+0000] {prediction_generation.py:47} INFO - Usando modelo del XCom: /opt/***/models/best_model.pkl
[2025-11-17T23:52:12.123+0000] {prediction_generation.py:53} INFO - Cargando modelo desde: /opt/***/models/best_model.pkl
[2025-11-17T23:52:12.139+0000] {prediction_generation.py:73} INFO - Generando predicciones para 7438 combinaciones cliente-producto...
[2025-11-17T23:52:12.172+0000] {prediction_generation.py:94} INFO - Predicciones positivas: 4104 de 7438
[2025-11-17T23:52:12.172+0000] {prediction_generation.py:95} INFO - Tasa de predicciones positivas: 55.18%
[2025-11-17T23:52:12.187+0000] {prediction_generation.py:119} INFO - Top 20 clientes con más compras predichas:
[2025-11-17T23:52:12.189+0000] {prediction_generation.py:120} INFO - 
     customer_id  predicted_purchases  avg_probability
312       187806                   21         0.748932
64         72930                   17         0.806657
762       225393                   16         0.737959
353       194229                   16         0.785538
488       206376                   15         0.785565
382       198882                   15         0.773218
286       184863                   15         0.716640
54         72045                   14         0.727858
441       203724                   14         0.794823
23         62817                   14         0.776552
661       212211                   13         0.803747
369       197286                   13         0.775811
793       229527                   13         0.719905
593       208758                   13         0.788776
514       206748                   13         0.779731
2          25749                   13         0.814164
842       236226                   12         0.806871
646       211527                   12         0.719478
153       156057                   12         0.717813
482       206346                   12         0.711706
[2025-11-17T23:52:12.190+0000] {prediction_generation.py:130} INFO - Top 20 productos con más compradores predichos:
[2025-11-17T23:52:12.191+0000] {prediction_generation.py:131} INFO - 
    product_id  predicted_buyers  avg_probability
1         1304               559         0.781626
2         1370               521         0.862739
7        11262               478         0.822365
20       48574               351         0.763750
30       60978               327         0.713391
3         1372               295         0.753057
9        30500               287         0.691442
27       56714               185         0.643665
5        10652               167         0.646716
11       33886               167         0.671887
18       44302               135         0.654883
12       35732               104         0.608549
29       59822                99         0.750795
16       39186                90         0.653401
21       50268                70         0.607390
13       35846                52         0.597069
22       50270                51         0.637249
8        16358                37         0.599634
19       46632                32         0.659335
17       42132                26         0.603417
[2025-11-17T23:52:12.218+0000] {prediction_generation.py:150} INFO - Generación de predicciones completada exitosamente
[2025-11-17T23:52:12.219+0000] {python.py:194} INFO - Done. Returned value was: {'status': 'success', 'total_predictions': 7438, 'positive_predictions': 4104, 'predictions_file': '/opt/***/data/predictions/predictions_20251117_235212.parquet'}
[2025-11-17T23:52:12.235+0000] {taskinstance.py:1400} INFO - Marking task as SUCCESS. dag_id=sodai_drinks_production_pipeline, task_id=generate_predictions, execution_date=20251109T000000, start_date=20251117T235211, end_date=20251117T235212
[2025-11-17T23:52:12.283+0000] {local_task_job_runner.py:228} INFO - Task exited with return code 0
[2025-11-17T23:52:12.303+0000] {taskinstance.py:2778} INFO - 1 downstream tasks scheduled from follow-on schedule check
