[2025-10-28T00:40:28.650+0000] {taskinstance.py:1159} INFO - Dependencies all met for dep_context=non-requeueable deps ti=<TaskInstance: hiring_dynamic.create_folders scheduled__2025-03-05T15:00:00+00:00 [queued]>
[2025-10-28T00:40:28.652+0000] {taskinstance.py:1159} INFO - Dependencies all met for dep_context=requeueable deps ti=<TaskInstance: hiring_dynamic.create_folders scheduled__2025-03-05T15:00:00+00:00 [queued]>
[2025-10-28T00:40:28.653+0000] {taskinstance.py:1361} INFO - Starting attempt 1 of 1
[2025-10-28T00:40:28.658+0000] {taskinstance.py:1382} INFO - Executing <Task(PythonOperator): create_folders> on 2025-03-05 15:00:00+00:00
[2025-10-28T00:40:28.662+0000] {standard_task_runner.py:57} INFO - Started process 524 to run task
[2025-10-28T00:40:28.664+0000] {standard_task_runner.py:84} INFO - Running: ['airflow', 'tasks', 'run', 'hiring_dynamic', 'create_folders', 'scheduled__2025-03-05T15:00:00+00:00', '--job-id', '21', '--raw', '--subdir', 'DAGS_FOLDER/dag_dynamic.py', '--cfg-path', '/tmp/tmpz0nctn8_']
[2025-10-28T00:40:28.665+0000] {standard_task_runner.py:85} INFO - Job 21: Subtask create_folders
[2025-10-28T00:40:28.681+0000] {task_command.py:416} INFO - Running <TaskInstance: hiring_dynamic.create_folders scheduled__2025-03-05T15:00:00+00:00 [running]> on host d1f69dfe6243
[2025-10-28T00:40:28.705+0000] {taskinstance.py:1662} INFO - Exporting env vars: AIRFLOW_CTX_DAG_OWNER='airflow' AIRFLOW_CTX_DAG_ID='hiring_dynamic' AIRFLOW_CTX_TASK_ID='create_folders' AIRFLOW_CTX_EXECUTION_DATE='2025-03-05T15:00:00+00:00' AIRFLOW_CTX_TRY_NUMBER='1' AIRFLOW_CTX_DAG_RUN_ID='scheduled__2025-03-05T15:00:00+00:00'
[2025-10-28T00:40:28.706+0000] {logging_mixin.py:154} INFO - Carpetas creadas en: /opt/airflow/data/dynamic/2025-03-05
[2025-10-28T00:40:28.709+0000] {python.py:194} INFO - Done. Returned value was: None
[2025-10-28T00:40:28.711+0000] {taskinstance.py:1400} INFO - Marking task as SUCCESS. dag_id=hiring_dynamic, task_id=create_folders, execution_date=20250305T150000, start_date=20251028T004028, end_date=20251028T004028
[2025-10-28T00:40:28.722+0000] {local_task_job_runner.py:228} INFO - Task exited with return code 0
[2025-10-28T00:40:28.733+0000] {taskinstance.py:2778} INFO - 1 downstream tasks scheduled from follow-on schedule check
[2025-10-28T01:27:19.873+0000] {taskinstance.py:1159} INFO - Dependencies all met for dep_context=non-requeueable deps ti=<TaskInstance: hiring_dynamic.create_folders scheduled__2025-03-05T15:00:00+00:00 [queued]>
[2025-10-28T01:27:19.877+0000] {taskinstance.py:1159} INFO - Dependencies all met for dep_context=requeueable deps ti=<TaskInstance: hiring_dynamic.create_folders scheduled__2025-03-05T15:00:00+00:00 [queued]>
[2025-10-28T01:27:19.877+0000] {taskinstance.py:1361} INFO - Starting attempt 1 of 1
[2025-10-28T01:27:19.885+0000] {taskinstance.py:1382} INFO - Executing <Task(PythonOperator): create_folders> on 2025-03-05 15:00:00+00:00
[2025-10-28T01:27:19.902+0000] {standard_task_runner.py:57} INFO - Started process 689 to run task
[2025-10-28T01:27:19.908+0000] {standard_task_runner.py:84} INFO - Running: ['airflow', 'tasks', 'run', 'hiring_dynamic', 'create_folders', 'scheduled__2025-03-05T15:00:00+00:00', '--job-id', '17', '--raw', '--subdir', 'DAGS_FOLDER/dag_dynamic.py', '--cfg-path', '/tmp/tmp0bfjxc0i']
[2025-10-28T01:27:19.909+0000] {standard_task_runner.py:85} INFO - Job 17: Subtask create_folders
[2025-10-28T01:27:19.936+0000] {task_command.py:416} INFO - Running <TaskInstance: hiring_dynamic.create_folders scheduled__2025-03-05T15:00:00+00:00 [running]> on host c46dbfd34b1f
[2025-10-28T01:27:19.972+0000] {taskinstance.py:1662} INFO - Exporting env vars: AIRFLOW_CTX_DAG_OWNER='airflow' AIRFLOW_CTX_DAG_ID='hiring_dynamic' AIRFLOW_CTX_TASK_ID='create_folders' AIRFLOW_CTX_EXECUTION_DATE='2025-03-05T15:00:00+00:00' AIRFLOW_CTX_TRY_NUMBER='1' AIRFLOW_CTX_DAG_RUN_ID='scheduled__2025-03-05T15:00:00+00:00'
[2025-10-28T01:27:19.974+0000] {logging_mixin.py:154} INFO - Carpetas creadas en: /opt/airflow/data/dynamic/2025-03-05
[2025-10-28T01:27:19.978+0000] {python.py:194} INFO - Done. Returned value was: None
[2025-10-28T01:27:19.980+0000] {taskinstance.py:1400} INFO - Marking task as SUCCESS. dag_id=hiring_dynamic, task_id=create_folders, execution_date=20250305T150000, start_date=20251028T012719, end_date=20251028T012719
[2025-10-28T01:27:20.008+0000] {local_task_job_runner.py:228} INFO - Task exited with return code 0
[2025-10-28T01:27:20.024+0000] {taskinstance.py:2778} INFO - 1 downstream tasks scheduled from follow-on schedule check
