[2025-12-05T02:59:04.709+0000] {taskinstance.py:1159} INFO - Dependencies all met for dep_context=non-requeueable deps ti=<TaskInstance: sodai_drinks_production_pipeline.sync_recsys_data scheduled__2025-11-23T00:00:00+00:00 [queued]>
[2025-12-05T02:59:04.715+0000] {taskinstance.py:1159} INFO - Dependencies all met for dep_context=requeueable deps ti=<TaskInstance: sodai_drinks_production_pipeline.sync_recsys_data scheduled__2025-11-23T00:00:00+00:00 [queued]>
[2025-12-05T02:59:04.715+0000] {taskinstance.py:1361} INFO - Starting attempt 1 of 2
[2025-12-05T02:59:04.722+0000] {taskinstance.py:1382} INFO - Executing <Task(PythonOperator): sync_recsys_data> on 2025-11-23 00:00:00+00:00
[2025-12-05T02:59:04.733+0000] {standard_task_runner.py:57} INFO - Started process 841 to run task
[2025-12-05T02:59:04.736+0000] {standard_task_runner.py:84} INFO - Running: ['***', 'tasks', 'run', 'sodai_drinks_production_pipeline', 'sync_recsys_data', 'scheduled__2025-11-23T00:00:00+00:00', '--job-id', '13', '--raw', '--subdir', 'DAGS_FOLDER/pipeline_productivo.py', '--cfg-path', '/tmp/tmpnthp4nnc']
[2025-12-05T02:59:04.739+0000] {standard_task_runner.py:85} INFO - Job 13: Subtask sync_recsys_data
[2025-12-05T02:59:04.778+0000] {task_command.py:416} INFO - Running <TaskInstance: sodai_drinks_production_pipeline.sync_recsys_data scheduled__2025-11-23T00:00:00+00:00 [running]> on host 5c90aa578e5c
[2025-12-05T02:59:04.831+0000] {taskinstance.py:1662} INFO - Exporting env vars: AIRFLOW_CTX_DAG_EMAIL='team@sodaidrinks.com' AIRFLOW_CTX_DAG_OWNER='sodai_drinks_team' AIRFLOW_CTX_DAG_ID='sodai_drinks_production_pipeline' AIRFLOW_CTX_TASK_ID='sync_recsys_data' AIRFLOW_CTX_EXECUTION_DATE='2025-11-23T00:00:00+00:00' AIRFLOW_CTX_TRY_NUMBER='1' AIRFLOW_CTX_DAG_RUN_ID='scheduled__2025-11-23T00:00:00+00:00'
[2025-12-05T02:59:04.832+0000] {recsys_data_sync.py:26} INFO - 🔄 Iniciando sincronización con RecSys backend...
[2025-12-05T02:59:04.853+0000] {recsys_data_sync.py:40} INFO - 📂 Directorio destino RecSys: /opt/***/shared_data/recsys
[2025-12-05T02:59:04.854+0000] {recsys_data_sync.py:53} INFO - ✅ Copiado transacciones: /opt/***/data/raw/current_batch_2024-W51_train.parquet → /opt/***/shared_data/recsys/current_batch_2024-W51_train.parquet
[2025-12-05T02:59:05.097+0000] {recsys_data_sync.py:57} INFO -    📊 Registros en transacciones: 10075
[2025-12-05T02:59:05.098+0000] {recsys_data_sync.py:53} INFO - ✅ Copiado clientes: /opt/***/data/raw/clientes.parquet → /opt/***/shared_data/recsys/clientes.parquet
[2025-12-05T02:59:05.102+0000] {recsys_data_sync.py:57} INFO -    📊 Registros en clientes: 1569
[2025-12-05T02:59:05.103+0000] {recsys_data_sync.py:53} INFO - ✅ Copiado productos: /opt/***/data/raw/productos.parquet → /opt/***/shared_data/recsys/productos.parquet
[2025-12-05T02:59:05.105+0000] {recsys_data_sync.py:57} INFO -    📊 Registros en productos: 971
[2025-12-05T02:59:05.105+0000] {recsys_data_sync.py:68} INFO - 🔄 Llamando a RecSys retrain endpoint (intento 1/3)...
[2025-12-05T02:59:07.836+0000] {recsys_data_sync.py:98} WARNING - ⚠️ No se pudo conectar con RecSys backend: HTTPConnectionPool(host='sodai-recsys-backend', port=8001): Max retries exceeded with url: /api/v1/retrain (Caused by NewConnectionError('<urllib3.connection.HTTPConnection object at 0x78cec8e0d870>: Failed to establish a new connection: [Errno -2] Name or service not known'))
[2025-12-05T02:59:07.836+0000] {recsys_data_sync.py:100} INFO - Reintentando en 5 segundos...
[2025-12-05T02:59:12.841+0000] {recsys_data_sync.py:68} INFO - 🔄 Llamando a RecSys retrain endpoint (intento 2/3)...
[2025-12-05T02:59:15.576+0000] {recsys_data_sync.py:98} WARNING - ⚠️ No se pudo conectar con RecSys backend: HTTPConnectionPool(host='sodai-recsys-backend', port=8001): Max retries exceeded with url: /api/v1/retrain (Caused by NewConnectionError('<urllib3.connection.HTTPConnection object at 0x78cec8e0d840>: Failed to establish a new connection: [Errno -2] Name or service not known'))
[2025-12-05T02:59:15.576+0000] {recsys_data_sync.py:100} INFO - Reintentando en 5 segundos...
[2025-12-05T02:59:20.586+0000] {recsys_data_sync.py:68} INFO - 🔄 Llamando a RecSys retrain endpoint (intento 3/3)...
[2025-12-05T02:59:23.297+0000] {recsys_data_sync.py:98} WARNING - ⚠️ No se pudo conectar con RecSys backend: HTTPConnectionPool(host='sodai-recsys-backend', port=8001): Max retries exceeded with url: /api/v1/retrain (Caused by NewConnectionError('<urllib3.connection.HTTPConnection object at 0x78cec8e0d8a0>: Failed to establish a new connection: [Errno -2] Name or service not known'))
[2025-12-05T02:59:23.297+0000] {recsys_data_sync.py:103} ERROR - ❌ RecSys backend no disponible después de múltiples intentos
[2025-12-05T02:59:23.308+0000] {python.py:194} INFO - Done. Returned value was: {'status': 'warning', 'recsys_retrained': False, 'message': 'RecSys backend no disponible'}
[2025-12-05T02:59:23.323+0000] {taskinstance.py:1400} INFO - Marking task as SUCCESS. dag_id=sodai_drinks_production_pipeline, task_id=sync_recsys_data, execution_date=20251123T000000, start_date=20251205T025904, end_date=20251205T025923
[2025-12-05T02:59:23.396+0000] {local_task_job_runner.py:228} INFO - Task exited with return code 0
[2025-12-05T02:59:23.409+0000] {taskinstance.py:2778} INFO - 0 downstream tasks scheduled from follow-on schedule check
