[2025-10-28T00:46:17.322+0000] {taskinstance.py:1159} INFO - Dependencies all met for dep_context=non-requeueable deps ti=<TaskInstance: hiring_dynamic.train_logistic_regression scheduled__2025-08-05T15:00:00+00:00 [queued]>
[2025-10-28T00:46:17.325+0000] {taskinstance.py:1159} INFO - Dependencies all met for dep_context=requeueable deps ti=<TaskInstance: hiring_dynamic.train_logistic_regression scheduled__2025-08-05T15:00:00+00:00 [queued]>
[2025-10-28T00:46:17.325+0000] {taskinstance.py:1361} INFO - Starting attempt 1 of 1
[2025-10-28T00:46:17.331+0000] {taskinstance.py:1382} INFO - Executing <Task(PythonOperator): train_logistic_regression> on 2025-08-05 15:00:00+00:00
[2025-10-28T00:46:17.334+0000] {standard_task_runner.py:57} INFO - Started process 2819 to run task
[2025-10-28T00:46:17.337+0000] {standard_task_runner.py:84} INFO - Running: ['airflow', 'tasks', 'run', 'hiring_dynamic', 'train_logistic_regression', 'scheduled__2025-08-05T15:00:00+00:00', '--job-id', '122', '--raw', '--subdir', 'DAGS_FOLDER/dag_dynamic.py', '--cfg-path', '/tmp/tmp97oiuz_f']
[2025-10-28T00:46:17.338+0000] {standard_task_runner.py:85} INFO - Job 122: Subtask train_logistic_regression
[2025-10-28T00:46:17.359+0000] {task_command.py:416} INFO - Running <TaskInstance: hiring_dynamic.train_logistic_regression scheduled__2025-08-05T15:00:00+00:00 [running]> on host d1f69dfe6243
[2025-10-28T00:46:17.392+0000] {taskinstance.py:1662} INFO - Exporting env vars: AIRFLOW_CTX_DAG_OWNER='airflow' AIRFLOW_CTX_DAG_ID='hiring_dynamic' AIRFLOW_CTX_TASK_ID='train_logistic_regression' AIRFLOW_CTX_EXECUTION_DATE='2025-08-05T15:00:00+00:00' AIRFLOW_CTX_TRY_NUMBER='1' AIRFLOW_CTX_DAG_RUN_ID='scheduled__2025-08-05T15:00:00+00:00'
[2025-10-28T00:46:17.400+0000] {logging_mixin.py:154} INFO - Entrenando modelo: logistic_regression
[2025-10-28T00:46:24.446+0000] {logging_mixin.py:154} INFO - Modelo logistic_regression guardado en: /opt/airflow/data/dynamic/2025-08-05/models/logistic_regression.joblib
[2025-10-28T00:46:24.499+0000] {python.py:194} INFO - Done. Returned value was: None
[2025-10-28T00:46:24.504+0000] {taskinstance.py:1400} INFO - Marking task as SUCCESS. dag_id=hiring_dynamic, task_id=train_logistic_regression, execution_date=20250805T150000, start_date=20251028T004617, end_date=20251028T004624
[2025-10-28T00:46:24.521+0000] {local_task_job_runner.py:228} INFO - Task exited with return code 0
[2025-10-28T00:46:24.548+0000] {taskinstance.py:2778} INFO - 1 downstream tasks scheduled from follow-on schedule check
[2025-10-28T01:33:13.437+0000] {taskinstance.py:1159} INFO - Dependencies all met for dep_context=non-requeueable deps ti=<TaskInstance: hiring_dynamic.train_logistic_regression scheduled__2025-08-05T15:00:00+00:00 [queued]>
[2025-10-28T01:33:13.441+0000] {taskinstance.py:1159} INFO - Dependencies all met for dep_context=requeueable deps ti=<TaskInstance: hiring_dynamic.train_logistic_regression scheduled__2025-08-05T15:00:00+00:00 [queued]>
[2025-10-28T01:33:13.441+0000] {taskinstance.py:1361} INFO - Starting attempt 1 of 1
[2025-10-28T01:33:13.449+0000] {taskinstance.py:1382} INFO - Executing <Task(PythonOperator): train_logistic_regression> on 2025-08-05 15:00:00+00:00
[2025-10-28T01:33:13.455+0000] {standard_task_runner.py:57} INFO - Started process 2880 to run task
[2025-10-28T01:33:13.461+0000] {standard_task_runner.py:84} INFO - Running: ['airflow', 'tasks', 'run', 'hiring_dynamic', 'train_logistic_regression', 'scheduled__2025-08-05T15:00:00+00:00', '--job-id', '114', '--raw', '--subdir', 'DAGS_FOLDER/dag_dynamic.py', '--cfg-path', '/tmp/tmpogkharex']
[2025-10-28T01:33:13.463+0000] {standard_task_runner.py:85} INFO - Job 114: Subtask train_logistic_regression
[2025-10-28T01:33:13.488+0000] {task_command.py:416} INFO - Running <TaskInstance: hiring_dynamic.train_logistic_regression scheduled__2025-08-05T15:00:00+00:00 [running]> on host c46dbfd34b1f
[2025-10-28T01:33:13.527+0000] {taskinstance.py:1662} INFO - Exporting env vars: AIRFLOW_CTX_DAG_OWNER='airflow' AIRFLOW_CTX_DAG_ID='hiring_dynamic' AIRFLOW_CTX_TASK_ID='train_logistic_regression' AIRFLOW_CTX_EXECUTION_DATE='2025-08-05T15:00:00+00:00' AIRFLOW_CTX_TRY_NUMBER='1' AIRFLOW_CTX_DAG_RUN_ID='scheduled__2025-08-05T15:00:00+00:00'
[2025-10-28T01:33:13.535+0000] {logging_mixin.py:154} INFO - Entrenando modelo: logistic_regression
[2025-10-28T01:33:22.221+0000] {logging_mixin.py:154} INFO - Modelo logistic_regression guardado en: /opt/airflow/data/dynamic/2025-08-05/models/logistic_regression.joblib
[2025-10-28T01:33:22.240+0000] {python.py:194} INFO - Done. Returned value was: None
[2025-10-28T01:33:22.245+0000] {taskinstance.py:1400} INFO - Marking task as SUCCESS. dag_id=hiring_dynamic, task_id=train_logistic_regression, execution_date=20250805T150000, start_date=20251028T013313, end_date=20251028T013322
[2025-10-28T01:33:22.277+0000] {local_task_job_runner.py:228} INFO - Task exited with return code 0
[2025-10-28T01:33:22.299+0000] {taskinstance.py:2778} INFO - 1 downstream tasks scheduled from follow-on schedule check
