[2025-10-28T00:42:35.597+0000] {taskinstance.py:1159} INFO - Dependencies all met for dep_context=non-requeueable deps ti=<TaskInstance: hiring_dynamic.create_folders scheduled__2025-07-05T15:00:00+00:00 [queued]>
[2025-10-28T00:42:35.602+0000] {taskinstance.py:1159} INFO - Dependencies all met for dep_context=requeueable deps ti=<TaskInstance: hiring_dynamic.create_folders scheduled__2025-07-05T15:00:00+00:00 [queued]>
[2025-10-28T00:42:35.602+0000] {taskinstance.py:1361} INFO - Starting attempt 1 of 1
[2025-10-28T00:42:35.609+0000] {taskinstance.py:1382} INFO - Executing <Task(PythonOperator): create_folders> on 2025-07-05 15:00:00+00:00
[2025-10-28T00:42:35.620+0000] {standard_task_runner.py:57} INFO - Started process 1423 to run task
[2025-10-28T00:42:35.624+0000] {standard_task_runner.py:84} INFO - Running: ['airflow', 'tasks', 'run', 'hiring_dynamic', 'create_folders', 'scheduled__2025-07-05T15:00:00+00:00', '--job-id', '62', '--raw', '--subdir', 'DAGS_FOLDER/dag_dynamic.py', '--cfg-path', '/tmp/tmpuvaum9yx']
[2025-10-28T00:42:35.627+0000] {standard_task_runner.py:85} INFO - Job 62: Subtask create_folders
[2025-10-28T00:42:35.651+0000] {task_command.py:416} INFO - Running <TaskInstance: hiring_dynamic.create_folders scheduled__2025-07-05T15:00:00+00:00 [running]> on host d1f69dfe6243
[2025-10-28T00:42:35.682+0000] {taskinstance.py:1662} INFO - Exporting env vars: AIRFLOW_CTX_DAG_OWNER='airflow' AIRFLOW_CTX_DAG_ID='hiring_dynamic' AIRFLOW_CTX_TASK_ID='create_folders' AIRFLOW_CTX_EXECUTION_DATE='2025-07-05T15:00:00+00:00' AIRFLOW_CTX_TRY_NUMBER='1' AIRFLOW_CTX_DAG_RUN_ID='scheduled__2025-07-05T15:00:00+00:00'
[2025-10-28T00:42:35.684+0000] {logging_mixin.py:154} INFO - Carpetas creadas en: /opt/airflow/data/dynamic/2025-07-05
[2025-10-28T00:42:35.689+0000] {python.py:194} INFO - Done. Returned value was: None
[2025-10-28T00:42:35.691+0000] {taskinstance.py:1400} INFO - Marking task as SUCCESS. dag_id=hiring_dynamic, task_id=create_folders, execution_date=20250705T150000, start_date=20251028T004235, end_date=20251028T004235
[2025-10-28T00:42:35.727+0000] {local_task_job_runner.py:228} INFO - Task exited with return code 0
[2025-10-28T00:42:35.742+0000] {taskinstance.py:2778} INFO - 1 downstream tasks scheduled from follow-on schedule check
[2025-10-28T01:29:15.303+0000] {taskinstance.py:1159} INFO - Dependencies all met for dep_context=non-requeueable deps ti=<TaskInstance: hiring_dynamic.create_folders scheduled__2025-07-05T15:00:00+00:00 [queued]>
[2025-10-28T01:29:15.308+0000] {taskinstance.py:1159} INFO - Dependencies all met for dep_context=requeueable deps ti=<TaskInstance: hiring_dynamic.create_folders scheduled__2025-07-05T15:00:00+00:00 [queued]>
[2025-10-28T01:29:15.308+0000] {taskinstance.py:1361} INFO - Starting attempt 1 of 1
[2025-10-28T01:29:15.314+0000] {taskinstance.py:1382} INFO - Executing <Task(PythonOperator): create_folders> on 2025-07-05 15:00:00+00:00
[2025-10-28T01:29:15.326+0000] {standard_task_runner.py:57} INFO - Started process 1450 to run task
[2025-10-28T01:29:15.329+0000] {standard_task_runner.py:84} INFO - Running: ['airflow', 'tasks', 'run', 'hiring_dynamic', 'create_folders', 'scheduled__2025-07-05T15:00:00+00:00', '--job-id', '52', '--raw', '--subdir', 'DAGS_FOLDER/dag_dynamic.py', '--cfg-path', '/tmp/tmpqr9rw7hb']
[2025-10-28T01:29:15.330+0000] {standard_task_runner.py:85} INFO - Job 52: Subtask create_folders
[2025-10-28T01:29:15.353+0000] {task_command.py:416} INFO - Running <TaskInstance: hiring_dynamic.create_folders scheduled__2025-07-05T15:00:00+00:00 [running]> on host c46dbfd34b1f
[2025-10-28T01:29:15.385+0000] {taskinstance.py:1662} INFO - Exporting env vars: AIRFLOW_CTX_DAG_OWNER='airflow' AIRFLOW_CTX_DAG_ID='hiring_dynamic' AIRFLOW_CTX_TASK_ID='create_folders' AIRFLOW_CTX_EXECUTION_DATE='2025-07-05T15:00:00+00:00' AIRFLOW_CTX_TRY_NUMBER='1' AIRFLOW_CTX_DAG_RUN_ID='scheduled__2025-07-05T15:00:00+00:00'
[2025-10-28T01:29:15.387+0000] {logging_mixin.py:154} INFO - Carpetas creadas en: /opt/airflow/data/dynamic/2025-07-05
[2025-10-28T01:29:15.391+0000] {python.py:194} INFO - Done. Returned value was: None
[2025-10-28T01:29:15.393+0000] {taskinstance.py:1400} INFO - Marking task as SUCCESS. dag_id=hiring_dynamic, task_id=create_folders, execution_date=20250705T150000, start_date=20251028T012915, end_date=20251028T012915
[2025-10-28T01:29:15.435+0000] {local_task_job_runner.py:228} INFO - Task exited with return code 0
[2025-10-28T01:29:15.450+0000] {taskinstance.py:2778} INFO - 1 downstream tasks scheduled from follow-on schedule check
