[2025-10-28T00:45:55.861+0000] {taskinstance.py:1159} INFO - Dependencies all met for dep_context=non-requeueable deps ti=<TaskInstance: hiring_dynamic.train_gradient_boosting scheduled__2025-07-05T15:00:00+00:00 [queued]>
[2025-10-28T00:45:55.865+0000] {taskinstance.py:1159} INFO - Dependencies all met for dep_context=requeueable deps ti=<TaskInstance: hiring_dynamic.train_gradient_boosting scheduled__2025-07-05T15:00:00+00:00 [queued]>
[2025-10-28T00:45:55.865+0000] {taskinstance.py:1361} INFO - Starting attempt 1 of 1
[2025-10-28T00:45:55.872+0000] {taskinstance.py:1382} INFO - Executing <Task(PythonOperator): train_gradient_boosting> on 2025-07-05 15:00:00+00:00
[2025-10-28T00:45:55.880+0000] {standard_task_runner.py:57} INFO - Started process 2689 to run task
[2025-10-28T00:45:55.883+0000] {standard_task_runner.py:84} INFO - Running: ['airflow', 'tasks', 'run', 'hiring_dynamic', 'train_gradient_boosting', 'scheduled__2025-07-05T15:00:00+00:00', '--job-id', '117', '--raw', '--subdir', 'DAGS_FOLDER/dag_dynamic.py', '--cfg-path', '/tmp/tmp5dm84q34']
[2025-10-28T00:45:55.884+0000] {standard_task_runner.py:85} INFO - Job 117: Subtask train_gradient_boosting
[2025-10-28T00:45:55.903+0000] {task_command.py:416} INFO - Running <TaskInstance: hiring_dynamic.train_gradient_boosting scheduled__2025-07-05T15:00:00+00:00 [running]> on host d1f69dfe6243
[2025-10-28T00:45:55.933+0000] {taskinstance.py:1662} INFO - Exporting env vars: AIRFLOW_CTX_DAG_OWNER='airflow' AIRFLOW_CTX_DAG_ID='hiring_dynamic' AIRFLOW_CTX_TASK_ID='train_gradient_boosting' AIRFLOW_CTX_EXECUTION_DATE='2025-07-05T15:00:00+00:00' AIRFLOW_CTX_TRY_NUMBER='1' AIRFLOW_CTX_DAG_RUN_ID='scheduled__2025-07-05T15:00:00+00:00'
[2025-10-28T00:45:55.939+0000] {logging_mixin.py:154} INFO - Entrenando modelo: gradient_boosting
[2025-10-28T00:45:56.219+0000] {logging_mixin.py:154} INFO - Modelo gradient_boosting guardado en: /opt/airflow/data/dynamic/2025-07-05/models/gradient_boosting.joblib
[2025-10-28T00:45:56.223+0000] {python.py:194} INFO - Done. Returned value was: None
[2025-10-28T00:45:56.225+0000] {taskinstance.py:1400} INFO - Marking task as SUCCESS. dag_id=hiring_dynamic, task_id=train_gradient_boosting, execution_date=20250705T150000, start_date=20251028T004555, end_date=20251028T004556
[2025-10-28T00:45:56.237+0000] {local_task_job_runner.py:228} INFO - Task exited with return code 0
[2025-10-28T00:45:56.246+0000] {taskinstance.py:2778} INFO - 0 downstream tasks scheduled from follow-on schedule check
[2025-10-28T01:32:45.152+0000] {taskinstance.py:1159} INFO - Dependencies all met for dep_context=non-requeueable deps ti=<TaskInstance: hiring_dynamic.train_gradient_boosting scheduled__2025-07-05T15:00:00+00:00 [queued]>
[2025-10-28T01:32:45.155+0000] {taskinstance.py:1159} INFO - Dependencies all met for dep_context=requeueable deps ti=<TaskInstance: hiring_dynamic.train_gradient_boosting scheduled__2025-07-05T15:00:00+00:00 [queued]>
[2025-10-28T01:32:45.155+0000] {taskinstance.py:1361} INFO - Starting attempt 1 of 1
[2025-10-28T01:32:45.161+0000] {taskinstance.py:1382} INFO - Executing <Task(PythonOperator): train_gradient_boosting> on 2025-07-05 15:00:00+00:00
[2025-10-28T01:32:45.167+0000] {standard_task_runner.py:57} INFO - Started process 2733 to run task
[2025-10-28T01:32:45.169+0000] {standard_task_runner.py:84} INFO - Running: ['airflow', 'tasks', 'run', 'hiring_dynamic', 'train_gradient_boosting', 'scheduled__2025-07-05T15:00:00+00:00', '--job-id', '108', '--raw', '--subdir', 'DAGS_FOLDER/dag_dynamic.py', '--cfg-path', '/tmp/tmpihc6zwaz']
[2025-10-28T01:32:45.170+0000] {standard_task_runner.py:85} INFO - Job 108: Subtask train_gradient_boosting
[2025-10-28T01:32:45.189+0000] {task_command.py:416} INFO - Running <TaskInstance: hiring_dynamic.train_gradient_boosting scheduled__2025-07-05T15:00:00+00:00 [running]> on host c46dbfd34b1f
[2025-10-28T01:32:45.219+0000] {taskinstance.py:1662} INFO - Exporting env vars: AIRFLOW_CTX_DAG_OWNER='airflow' AIRFLOW_CTX_DAG_ID='hiring_dynamic' AIRFLOW_CTX_TASK_ID='train_gradient_boosting' AIRFLOW_CTX_EXECUTION_DATE='2025-07-05T15:00:00+00:00' AIRFLOW_CTX_TRY_NUMBER='1' AIRFLOW_CTX_DAG_RUN_ID='scheduled__2025-07-05T15:00:00+00:00'
[2025-10-28T01:32:45.230+0000] {logging_mixin.py:154} INFO - Entrenando modelo: gradient_boosting
[2025-10-28T01:32:45.867+0000] {logging_mixin.py:154} INFO - Modelo gradient_boosting guardado en: /opt/airflow/data/dynamic/2025-07-05/models/gradient_boosting.joblib
[2025-10-28T01:32:45.894+0000] {python.py:194} INFO - Done. Returned value was: None
[2025-10-28T01:32:45.899+0000] {taskinstance.py:1400} INFO - Marking task as SUCCESS. dag_id=hiring_dynamic, task_id=train_gradient_boosting, execution_date=20250705T150000, start_date=20251028T013245, end_date=20251028T013245
[2025-10-28T01:32:45.967+0000] {local_task_job_runner.py:228} INFO - Task exited with return code 0
[2025-10-28T01:32:46.001+0000] {taskinstance.py:2778} INFO - 0 downstream tasks scheduled from follow-on schedule check
