[2025-10-28T00:42:37.760+0000] {taskinstance.py:1159} INFO - Dependencies all met for dep_context=non-requeueable deps ti=<TaskInstance: hiring_dynamic.decide_download scheduled__2025-06-05T15:00:00+00:00 [queued]>
[2025-10-28T00:42:37.763+0000] {taskinstance.py:1159} INFO - Dependencies all met for dep_context=requeueable deps ti=<TaskInstance: hiring_dynamic.decide_download scheduled__2025-06-05T15:00:00+00:00 [queued]>
[2025-10-28T00:42:37.763+0000] {taskinstance.py:1361} INFO - Starting attempt 1 of 1
[2025-10-28T00:42:37.768+0000] {taskinstance.py:1382} INFO - Executing <Task(BranchPythonOperator): decide_download> on 2025-06-05 15:00:00+00:00
[2025-10-28T00:42:37.771+0000] {standard_task_runner.py:57} INFO - Started process 1440 to run task
[2025-10-28T00:42:37.775+0000] {standard_task_runner.py:84} INFO - Running: ['airflow', 'tasks', 'run', 'hiring_dynamic', 'decide_download', 'scheduled__2025-06-05T15:00:00+00:00', '--job-id', '63', '--raw', '--subdir', 'DAGS_FOLDER/dag_dynamic.py', '--cfg-path', '/tmp/tmpga6niuon']
[2025-10-28T00:42:37.776+0000] {standard_task_runner.py:85} INFO - Job 63: Subtask decide_download
[2025-10-28T00:42:37.792+0000] {task_command.py:416} INFO - Running <TaskInstance: hiring_dynamic.decide_download scheduled__2025-06-05T15:00:00+00:00 [running]> on host d1f69dfe6243
[2025-10-28T00:42:37.816+0000] {taskinstance.py:1662} INFO - Exporting env vars: AIRFLOW_CTX_DAG_OWNER='airflow' AIRFLOW_CTX_DAG_ID='hiring_dynamic' AIRFLOW_CTX_TASK_ID='decide_download' AIRFLOW_CTX_EXECUTION_DATE='2025-06-05T15:00:00+00:00' AIRFLOW_CTX_TRY_NUMBER='1' AIRFLOW_CTX_DAG_RUN_ID='scheduled__2025-06-05T15:00:00+00:00'
[2025-10-28T00:42:37.817+0000] {logging_mixin.py:154} INFO - Fecha 2025-06-05 >= 2024-11-01: descargando data_1 y data_2
[2025-10-28T00:42:37.817+0000] {python.py:194} INFO - Done. Returned value was: ['download_data_1', 'download_data_2']
[2025-10-28T00:42:37.817+0000] {python.py:227} INFO - Branch callable return ['download_data_1', 'download_data_2']
[2025-10-28T00:42:37.817+0000] {skipmixin.py:173} INFO - Following branch ['download_data_1', 'download_data_2']
[2025-10-28T00:42:37.820+0000] {skipmixin.py:239} INFO - Skipping tasks [('download_data_1_only', -1)]
[2025-10-28T00:42:37.829+0000] {taskinstance.py:1400} INFO - Marking task as SUCCESS. dag_id=hiring_dynamic, task_id=decide_download, execution_date=20250605T150000, start_date=20251028T004237, end_date=20251028T004237
[2025-10-28T00:42:37.835+0000] {local_task_job_runner.py:228} INFO - Task exited with return code 0
[2025-10-28T00:42:37.849+0000] {taskinstance.py:2778} INFO - 2 downstream tasks scheduled from follow-on schedule check
[2025-10-28T01:29:17.898+0000] {taskinstance.py:1159} INFO - Dependencies all met for dep_context=non-requeueable deps ti=<TaskInstance: hiring_dynamic.decide_download scheduled__2025-06-05T15:00:00+00:00 [queued]>
[2025-10-28T01:29:17.901+0000] {taskinstance.py:1159} INFO - Dependencies all met for dep_context=requeueable deps ti=<TaskInstance: hiring_dynamic.decide_download scheduled__2025-06-05T15:00:00+00:00 [queued]>
[2025-10-28T01:29:17.901+0000] {taskinstance.py:1361} INFO - Starting attempt 1 of 1
[2025-10-28T01:29:17.908+0000] {taskinstance.py:1382} INFO - Executing <Task(BranchPythonOperator): decide_download> on 2025-06-05 15:00:00+00:00
[2025-10-28T01:29:17.913+0000] {standard_task_runner.py:57} INFO - Started process 1467 to run task
[2025-10-28T01:29:17.916+0000] {standard_task_runner.py:84} INFO - Running: ['airflow', 'tasks', 'run', 'hiring_dynamic', 'decide_download', 'scheduled__2025-06-05T15:00:00+00:00', '--job-id', '53', '--raw', '--subdir', 'DAGS_FOLDER/dag_dynamic.py', '--cfg-path', '/tmp/tmpj8sz9fp4']
[2025-10-28T01:29:17.917+0000] {standard_task_runner.py:85} INFO - Job 53: Subtask decide_download
[2025-10-28T01:29:17.941+0000] {task_command.py:416} INFO - Running <TaskInstance: hiring_dynamic.decide_download scheduled__2025-06-05T15:00:00+00:00 [running]> on host c46dbfd34b1f
[2025-10-28T01:29:17.974+0000] {taskinstance.py:1662} INFO - Exporting env vars: AIRFLOW_CTX_DAG_OWNER='airflow' AIRFLOW_CTX_DAG_ID='hiring_dynamic' AIRFLOW_CTX_TASK_ID='decide_download' AIRFLOW_CTX_EXECUTION_DATE='2025-06-05T15:00:00+00:00' AIRFLOW_CTX_TRY_NUMBER='1' AIRFLOW_CTX_DAG_RUN_ID='scheduled__2025-06-05T15:00:00+00:00'
[2025-10-28T01:29:17.975+0000] {logging_mixin.py:154} INFO - Fecha 2025-06-05 >= 2024-11-01: descargando data_1 y data_2
[2025-10-28T01:29:17.976+0000] {python.py:194} INFO - Done. Returned value was: ['download_data_1', 'download_data_2']
[2025-10-28T01:29:17.976+0000] {python.py:227} INFO - Branch callable return ['download_data_1', 'download_data_2']
[2025-10-28T01:29:17.976+0000] {skipmixin.py:173} INFO - Following branch ['download_data_1', 'download_data_2']
[2025-10-28T01:29:17.978+0000] {skipmixin.py:239} INFO - Skipping tasks [('download_data_1_only', -1)]
[2025-10-28T01:29:17.992+0000] {taskinstance.py:1400} INFO - Marking task as SUCCESS. dag_id=hiring_dynamic, task_id=decide_download, execution_date=20250605T150000, start_date=20251028T012917, end_date=20251028T012917
[2025-10-28T01:29:18.017+0000] {local_task_job_runner.py:228} INFO - Task exited with return code 0
[2025-10-28T01:29:18.031+0000] {taskinstance.py:2778} INFO - 2 downstream tasks scheduled from follow-on schedule check
