[2025-10-28T00:46:12.455+0000] {taskinstance.py:1159} INFO - Dependencies all met for dep_context=non-requeueable deps ti=<TaskInstance: hiring_dynamic.train_random_forest scheduled__2025-08-05T15:00:00+00:00 [queued]>
[2025-10-28T00:46:12.458+0000] {taskinstance.py:1159} INFO - Dependencies all met for dep_context=requeueable deps ti=<TaskInstance: hiring_dynamic.train_random_forest scheduled__2025-08-05T15:00:00+00:00 [queued]>
[2025-10-28T00:46:12.458+0000] {taskinstance.py:1361} INFO - Starting attempt 1 of 1
[2025-10-28T00:46:12.465+0000] {taskinstance.py:1382} INFO - Executing <Task(PythonOperator): train_random_forest> on 2025-08-05 15:00:00+00:00
[2025-10-28T00:46:12.484+0000] {standard_task_runner.py:57} INFO - Started process 2774 to run task
[2025-10-28T00:46:12.487+0000] {standard_task_runner.py:84} INFO - Running: ['airflow', 'tasks', 'run', 'hiring_dynamic', 'train_random_forest', 'scheduled__2025-08-05T15:00:00+00:00', '--job-id', '120', '--raw', '--subdir', 'DAGS_FOLDER/dag_dynamic.py', '--cfg-path', '/tmp/tmp8fv554ie']
[2025-10-28T00:46:12.488+0000] {standard_task_runner.py:85} INFO - Job 120: Subtask train_random_forest
[2025-10-28T00:46:12.506+0000] {task_command.py:416} INFO - Running <TaskInstance: hiring_dynamic.train_random_forest scheduled__2025-08-05T15:00:00+00:00 [running]> on host d1f69dfe6243
[2025-10-28T00:46:12.539+0000] {taskinstance.py:1662} INFO - Exporting env vars: AIRFLOW_CTX_DAG_OWNER='airflow' AIRFLOW_CTX_DAG_ID='hiring_dynamic' AIRFLOW_CTX_TASK_ID='train_random_forest' AIRFLOW_CTX_EXECUTION_DATE='2025-08-05T15:00:00+00:00' AIRFLOW_CTX_TRY_NUMBER='1' AIRFLOW_CTX_DAG_RUN_ID='scheduled__2025-08-05T15:00:00+00:00'
[2025-10-28T00:46:12.546+0000] {logging_mixin.py:154} INFO - Entrenando modelo: random_forest
[2025-10-28T00:46:13.085+0000] {logging_mixin.py:154} INFO - Modelo random_forest guardado en: /opt/airflow/data/dynamic/2025-08-05/models/random_forest.joblib
[2025-10-28T00:46:13.091+0000] {python.py:194} INFO - Done. Returned value was: None
[2025-10-28T00:46:13.093+0000] {taskinstance.py:1400} INFO - Marking task as SUCCESS. dag_id=hiring_dynamic, task_id=train_random_forest, execution_date=20250805T150000, start_date=20251028T004612, end_date=20251028T004613
[2025-10-28T00:46:13.123+0000] {local_task_job_runner.py:228} INFO - Task exited with return code 0
[2025-10-28T00:46:13.136+0000] {taskinstance.py:2778} INFO - 0 downstream tasks scheduled from follow-on schedule check
[2025-10-28T01:33:07.273+0000] {taskinstance.py:1159} INFO - Dependencies all met for dep_context=non-requeueable deps ti=<TaskInstance: hiring_dynamic.train_random_forest scheduled__2025-08-05T15:00:00+00:00 [queued]>
[2025-10-28T01:33:07.276+0000] {taskinstance.py:1159} INFO - Dependencies all met for dep_context=requeueable deps ti=<TaskInstance: hiring_dynamic.train_random_forest scheduled__2025-08-05T15:00:00+00:00 [queued]>
[2025-10-28T01:33:07.276+0000] {taskinstance.py:1361} INFO - Starting attempt 1 of 1
[2025-10-28T01:33:07.282+0000] {taskinstance.py:1382} INFO - Executing <Task(PythonOperator): train_random_forest> on 2025-08-05 15:00:00+00:00
[2025-10-28T01:33:07.287+0000] {standard_task_runner.py:57} INFO - Started process 2835 to run task
[2025-10-28T01:33:07.291+0000] {standard_task_runner.py:84} INFO - Running: ['airflow', 'tasks', 'run', 'hiring_dynamic', 'train_random_forest', 'scheduled__2025-08-05T15:00:00+00:00', '--job-id', '112', '--raw', '--subdir', 'DAGS_FOLDER/dag_dynamic.py', '--cfg-path', '/tmp/tmpiw10isap']
[2025-10-28T01:33:07.292+0000] {standard_task_runner.py:85} INFO - Job 112: Subtask train_random_forest
[2025-10-28T01:33:07.311+0000] {task_command.py:416} INFO - Running <TaskInstance: hiring_dynamic.train_random_forest scheduled__2025-08-05T15:00:00+00:00 [running]> on host c46dbfd34b1f
[2025-10-28T01:33:07.340+0000] {taskinstance.py:1662} INFO - Exporting env vars: AIRFLOW_CTX_DAG_OWNER='airflow' AIRFLOW_CTX_DAG_ID='hiring_dynamic' AIRFLOW_CTX_TASK_ID='train_random_forest' AIRFLOW_CTX_EXECUTION_DATE='2025-08-05T15:00:00+00:00' AIRFLOW_CTX_TRY_NUMBER='1' AIRFLOW_CTX_DAG_RUN_ID='scheduled__2025-08-05T15:00:00+00:00'
[2025-10-28T01:33:07.346+0000] {logging_mixin.py:154} INFO - Entrenando modelo: random_forest
[2025-10-28T01:33:07.881+0000] {logging_mixin.py:154} INFO - Modelo random_forest guardado en: /opt/airflow/data/dynamic/2025-08-05/models/random_forest.joblib
[2025-10-28T01:33:07.887+0000] {python.py:194} INFO - Done. Returned value was: None
[2025-10-28T01:33:07.889+0000] {taskinstance.py:1400} INFO - Marking task as SUCCESS. dag_id=hiring_dynamic, task_id=train_random_forest, execution_date=20250805T150000, start_date=20251028T013307, end_date=20251028T013307
[2025-10-28T01:33:07.924+0000] {local_task_job_runner.py:228} INFO - Task exited with return code 0
[2025-10-28T01:33:07.941+0000] {taskinstance.py:2778} INFO - 0 downstream tasks scheduled from follow-on schedule check
