[2025-10-28T21:44:49.338+0000] {taskinstance.py:1159} INFO - Dependencies all met for dep_context=non-requeueable deps ti=<TaskInstance: sodai_drinks_production_pipeline.extract_data scheduled__2025-10-19T00:00:00+00:00 [queued]>
[2025-10-28T21:44:49.345+0000] {taskinstance.py:1159} INFO - Dependencies all met for dep_context=requeueable deps ti=<TaskInstance: sodai_drinks_production_pipeline.extract_data scheduled__2025-10-19T00:00:00+00:00 [queued]>
[2025-10-28T21:44:49.345+0000] {taskinstance.py:1361} INFO - Starting attempt 2 of 3
[2025-10-28T21:44:49.356+0000] {taskinstance.py:1382} INFO - Executing <Task(PythonOperator): extract_data> on 2025-10-19 00:00:00+00:00
[2025-10-28T21:44:49.376+0000] {standard_task_runner.py:57} INFO - Started process 465 to run task
[2025-10-28T21:44:49.383+0000] {standard_task_runner.py:84} INFO - Running: ['***', 'tasks', 'run', 'sodai_drinks_production_pipeline', 'extract_data', 'scheduled__2025-10-19T00:00:00+00:00', '--job-id', '19', '--raw', '--subdir', 'DAGS_FOLDER/pipeline_productivo.py', '--cfg-path', '/tmp/tmpogju7pvz']
[2025-10-28T21:44:49.387+0000] {standard_task_runner.py:85} INFO - Job 19: Subtask extract_data
[2025-10-28T21:44:49.498+0000] {task_command.py:416} INFO - Running <TaskInstance: sodai_drinks_production_pipeline.extract_data scheduled__2025-10-19T00:00:00+00:00 [running]> on host ee70ee0df05e
[2025-10-28T21:44:49.598+0000] {taskinstance.py:1662} INFO - Exporting env vars: AIRFLOW_CTX_DAG_EMAIL='team@sodaidrinks.com' AIRFLOW_CTX_DAG_OWNER='sodai_drinks_team' AIRFLOW_CTX_DAG_ID='sodai_drinks_production_pipeline' AIRFLOW_CTX_TASK_ID='extract_data' AIRFLOW_CTX_EXECUTION_DATE='2025-10-19T00:00:00+00:00' AIRFLOW_CTX_TRY_NUMBER='2' AIRFLOW_CTX_DAG_RUN_ID='scheduled__2025-10-19T00:00:00+00:00'
[2025-10-28T21:44:49.602+0000] {data_extraction.py:24} INFO - Iniciando extracción de datos...
[2025-10-28T21:44:49.824+0000] {data_extraction.py:47} INFO - Transacciones cargadas: 254936 registros
[2025-10-28T21:44:49.824+0000] {data_extraction.py:48} INFO - Clientes cargados: 1569 registros
[2025-10-28T21:44:49.824+0000] {data_extraction.py:49} INFO - Productos cargados: 971 registros
[2025-10-28T21:44:49.967+0000] {data_extraction.py:65} INFO - Fecha máxima en datos: 2024-12-31 00:00:00
[2025-10-28T21:44:49.975+0000] {data_extraction.py:68} INFO - Extracción de datos completada exitosamente
[2025-10-28T21:44:49.975+0000] {python.py:194} INFO - Done. Returned value was: {'status': 'success', 'transacciones_count': 254936, 'clientes_count': 1569, 'productos_count': 971, 'max_date': '2024-12-31T00:00:00'}
[2025-10-28T21:44:49.985+0000] {taskinstance.py:1400} INFO - Marking task as SUCCESS. dag_id=sodai_drinks_production_pipeline, task_id=extract_data, execution_date=20251019T000000, start_date=20251028T214449, end_date=20251028T214449
[2025-10-28T21:44:50.013+0000] {local_task_job_runner.py:228} INFO - Task exited with return code 0
[2025-10-28T21:44:50.036+0000] {taskinstance.py:2778} INFO - 1 downstream tasks scheduled from follow-on schedule check
[2025-10-28T22:35:39.420+0000] {taskinstance.py:1159} INFO - Dependencies all met for dep_context=non-requeueable deps ti=<TaskInstance: sodai_drinks_production_pipeline.extract_data scheduled__2025-10-19T00:00:00+00:00 [queued]>
[2025-10-28T22:35:39.430+0000] {taskinstance.py:1159} INFO - Dependencies all met for dep_context=requeueable deps ti=<TaskInstance: sodai_drinks_production_pipeline.extract_data scheduled__2025-10-19T00:00:00+00:00 [queued]>
[2025-10-28T22:35:39.430+0000] {taskinstance.py:1361} INFO - Starting attempt 2 of 3
[2025-10-28T22:35:39.437+0000] {taskinstance.py:1382} INFO - Executing <Task(PythonOperator): extract_data> on 2025-10-19 00:00:00+00:00
[2025-10-28T22:35:39.496+0000] {standard_task_runner.py:57} INFO - Started process 222 to run task
[2025-10-28T22:35:39.499+0000] {standard_task_runner.py:84} INFO - Running: ['***', 'tasks', 'run', 'sodai_drinks_production_pipeline', 'extract_data', 'scheduled__2025-10-19T00:00:00+00:00', '--job-id', '44', '--raw', '--subdir', 'DAGS_FOLDER/pipeline_productivo.py', '--cfg-path', '/tmp/tmpcshbj60q']
[2025-10-28T22:35:39.542+0000] {standard_task_runner.py:85} INFO - Job 44: Subtask extract_data
[2025-10-28T22:35:39.920+0000] {task_command.py:416} INFO - Running <TaskInstance: sodai_drinks_production_pipeline.extract_data scheduled__2025-10-19T00:00:00+00:00 [running]> on host ee70ee0df05e
[2025-10-28T22:35:40.174+0000] {taskinstance.py:1662} INFO - Exporting env vars: AIRFLOW_CTX_DAG_EMAIL='team@sodaidrinks.com' AIRFLOW_CTX_DAG_OWNER='sodai_drinks_team' AIRFLOW_CTX_DAG_ID='sodai_drinks_production_pipeline' AIRFLOW_CTX_TASK_ID='extract_data' AIRFLOW_CTX_EXECUTION_DATE='2025-10-19T00:00:00+00:00' AIRFLOW_CTX_TRY_NUMBER='2' AIRFLOW_CTX_DAG_RUN_ID='scheduled__2025-10-19T00:00:00+00:00'
[2025-10-28T22:35:40.184+0000] {data_extraction.py:24} INFO - Iniciando extracción de datos...
[2025-10-28T22:35:41.673+0000] {data_extraction.py:47} INFO - Transacciones cargadas: 254936 registros
[2025-10-28T22:35:41.673+0000] {data_extraction.py:48} INFO - Clientes cargados: 1569 registros
[2025-10-28T22:35:41.673+0000] {data_extraction.py:49} INFO - Productos cargados: 971 registros
[2025-10-28T22:35:41.815+0000] {data_extraction.py:65} INFO - Fecha máxima en datos: 2024-12-31 00:00:00
[2025-10-28T22:35:41.821+0000] {data_extraction.py:68} INFO - Extracción de datos completada exitosamente
[2025-10-28T22:35:41.822+0000] {python.py:194} INFO - Done. Returned value was: {'status': 'success', 'transacciones_count': 254936, 'clientes_count': 1569, 'productos_count': 971, 'max_date': '2024-12-31T00:00:00'}
[2025-10-28T22:35:41.841+0000] {taskinstance.py:1400} INFO - Marking task as SUCCESS. dag_id=sodai_drinks_production_pipeline, task_id=extract_data, execution_date=20251019T000000, start_date=20251028T223539, end_date=20251028T223541
[2025-10-28T22:35:41.872+0000] {local_task_job_runner.py:228} INFO - Task exited with return code 0
[2025-10-28T22:35:41.945+0000] {taskinstance.py:2778} INFO - 1 downstream tasks scheduled from follow-on schedule check
[2025-10-28T23:31:23.735+0000] {taskinstance.py:1159} INFO - Dependencies all met for dep_context=non-requeueable deps ti=<TaskInstance: sodai_drinks_production_pipeline.extract_data scheduled__2025-10-19T00:00:00+00:00 [queued]>
[2025-10-28T23:31:23.742+0000] {taskinstance.py:1159} INFO - Dependencies all met for dep_context=requeueable deps ti=<TaskInstance: sodai_drinks_production_pipeline.extract_data scheduled__2025-10-19T00:00:00+00:00 [queued]>
[2025-10-28T23:31:23.742+0000] {taskinstance.py:1361} INFO - Starting attempt 2 of 3
[2025-10-28T23:31:23.758+0000] {taskinstance.py:1382} INFO - Executing <Task(PythonOperator): extract_data> on 2025-10-19 00:00:00+00:00
[2025-10-28T23:31:23.998+0000] {standard_task_runner.py:57} INFO - Started process 351 to run task
[2025-10-28T23:31:24.052+0000] {standard_task_runner.py:84} INFO - Running: ['***', 'tasks', 'run', 'sodai_drinks_production_pipeline', 'extract_data', 'scheduled__2025-10-19T00:00:00+00:00', '--job-id', '95', '--raw', '--subdir', 'DAGS_FOLDER/pipeline_productivo.py', '--cfg-path', '/tmp/tmpfxo9k0d5']
[2025-10-28T23:31:24.073+0000] {standard_task_runner.py:85} INFO - Job 95: Subtask extract_data
[2025-10-28T23:31:24.366+0000] {task_command.py:416} INFO - Running <TaskInstance: sodai_drinks_production_pipeline.extract_data scheduled__2025-10-19T00:00:00+00:00 [running]> on host ee70ee0df05e
[2025-10-28T23:31:24.494+0000] {taskinstance.py:1662} INFO - Exporting env vars: AIRFLOW_CTX_DAG_EMAIL='team@sodaidrinks.com' AIRFLOW_CTX_DAG_OWNER='sodai_drinks_team' AIRFLOW_CTX_DAG_ID='sodai_drinks_production_pipeline' AIRFLOW_CTX_TASK_ID='extract_data' AIRFLOW_CTX_EXECUTION_DATE='2025-10-19T00:00:00+00:00' AIRFLOW_CTX_TRY_NUMBER='2' AIRFLOW_CTX_DAG_RUN_ID='scheduled__2025-10-19T00:00:00+00:00'
[2025-10-28T23:31:24.502+0000] {data_extraction.py:24} INFO - Iniciando extracción de datos...
[2025-10-28T23:31:24.843+0000] {data_extraction.py:47} INFO - Transacciones cargadas: 254936 registros
[2025-10-28T23:31:24.844+0000] {data_extraction.py:48} INFO - Clientes cargados: 1569 registros
[2025-10-28T23:31:24.844+0000] {data_extraction.py:49} INFO - Productos cargados: 971 registros
[2025-10-28T23:31:24.970+0000] {data_extraction.py:65} INFO - Fecha máxima en datos: 2024-12-31 00:00:00
[2025-10-28T23:31:24.976+0000] {data_extraction.py:68} INFO - Extracción de datos completada exitosamente
[2025-10-28T23:31:24.976+0000] {python.py:194} INFO - Done. Returned value was: {'status': 'success', 'transacciones_count': 254936, 'clientes_count': 1569, 'productos_count': 971, 'max_date': '2024-12-31T00:00:00'}
[2025-10-28T23:31:24.999+0000] {taskinstance.py:1400} INFO - Marking task as SUCCESS. dag_id=sodai_drinks_production_pipeline, task_id=extract_data, execution_date=20251019T000000, start_date=20251028T233123, end_date=20251028T233124
[2025-10-28T23:31:25.053+0000] {local_task_job_runner.py:228} INFO - Task exited with return code 0
[2025-10-28T23:31:25.087+0000] {taskinstance.py:2778} INFO - 1 downstream tasks scheduled from follow-on schedule check
