[2025-11-18T02:28:28.920+0000] {taskinstance.py:1159} INFO - Dependencies all met for dep_context=non-requeueable deps ti=<TaskInstance: sodai_drinks_production_pipeline.detect_drift scheduled__2025-11-09T00:00:00+00:00 [queued]>
[2025-11-18T02:28:28.926+0000] {taskinstance.py:1159} INFO - Dependencies all met for dep_context=requeueable deps ti=<TaskInstance: sodai_drinks_production_pipeline.detect_drift scheduled__2025-11-09T00:00:00+00:00 [queued]>
[2025-11-18T02:28:28.927+0000] {taskinstance.py:1361} INFO - Starting attempt 1 of 2
[2025-11-18T02:28:28.935+0000] {taskinstance.py:1382} INFO - Executing <Task(PythonOperator): detect_drift> on 2025-11-09 00:00:00+00:00
[2025-11-18T02:28:28.948+0000] {standard_task_runner.py:57} INFO - Started process 381 to run task
[2025-11-18T02:28:28.952+0000] {standard_task_runner.py:84} INFO - Running: ['***', 'tasks', 'run', 'sodai_drinks_production_pipeline', 'detect_drift', 'scheduled__2025-11-09T00:00:00+00:00', '--job-id', '150', '--raw', '--subdir', 'DAGS_FOLDER/pipeline_productivo.py', '--cfg-path', '/tmp/tmpqi45r7n0']
[2025-11-18T02:28:28.956+0000] {standard_task_runner.py:85} INFO - Job 150: Subtask detect_drift
[2025-11-18T02:28:29.007+0000] {task_command.py:416} INFO - Running <TaskInstance: sodai_drinks_production_pipeline.detect_drift scheduled__2025-11-09T00:00:00+00:00 [running]> on host 3618904be5d4
[2025-11-18T02:28:29.080+0000] {taskinstance.py:1662} INFO - Exporting env vars: AIRFLOW_CTX_DAG_EMAIL='team@sodaidrinks.com' AIRFLOW_CTX_DAG_OWNER='sodai_drinks_team' AIRFLOW_CTX_DAG_ID='sodai_drinks_production_pipeline' AIRFLOW_CTX_TASK_ID='detect_drift' AIRFLOW_CTX_EXECUTION_DATE='2025-11-09T00:00:00+00:00' AIRFLOW_CTX_TRY_NUMBER='1' AIRFLOW_CTX_DAG_RUN_ID='scheduled__2025-11-09T00:00:00+00:00'
[2025-11-18T02:28:29.083+0000] {drift_detection.py:80} INFO - Iniciando detección de drift...
[2025-11-18T02:28:29.408+0000] {drift_detection.py:110} INFO - Datos de referencia: 619380 registros
[2025-11-18T02:28:29.408+0000] {drift_detection.py:111} INFO - Datos actuales: 412920 registros
[2025-11-18T02:28:29.432+0000] {drift_detection.py:119} INFO - Analizando drift en 15 features numéricas
[2025-11-18T02:28:29.521+0000] {drift_detection.py:30} INFO - KS Test - Statistic: 0.1254, P-value: 0.0000
[2025-11-18T02:28:29.570+0000] {drift_detection.py:65} INFO - PSI: 0.0096
[2025-11-18T02:28:29.570+0000] {drift_detection.py:153} WARNING - Drift detectado en feature 'Y' - PSI: 0.0096, KS p-value: 0.0000
[2025-11-18T02:28:29.647+0000] {drift_detection.py:30} INFO - KS Test - Statistic: 0.1385, P-value: 0.0000
[2025-11-18T02:28:29.692+0000] {drift_detection.py:65} INFO - PSI: 0.0028
[2025-11-18T02:28:29.693+0000] {drift_detection.py:153} WARNING - Drift detectado en feature 'X' - PSI: 0.0028, KS p-value: 0.0000
[2025-11-18T02:28:29.756+0000] {drift_detection.py:30} INFO - KS Test - Statistic: 0.3831, P-value: 0.0000
[2025-11-18T02:28:29.784+0000] {drift_detection.py:65} INFO - PSI: 6.6975
[2025-11-18T02:28:29.784+0000] {drift_detection.py:153} WARNING - Drift detectado en feature 'size' - PSI: 6.6975, KS p-value: 0.0000
[2025-11-18T02:28:29.832+0000] {drift_detection.py:30} INFO - KS Test - Statistic: 0.0015, P-value: 0.6054
[2025-11-18T02:28:29.852+0000] {drift_detection.py:65} INFO - PSI: 0.0002
[2025-11-18T02:28:30.068+0000] {drift_detection.py:30} INFO - KS Test - Statistic: 0.0182, P-value: 0.0000
[2025-11-18T02:28:30.091+0000] {drift_detection.py:65} INFO - PSI: 0.0000
[2025-11-18T02:28:30.091+0000] {drift_detection.py:153} WARNING - Drift detectado en feature 'segment' - PSI: 0.0000, KS p-value: 0.0000
[2025-11-18T02:28:30.108+0000] {drift_detection.py:165} WARNING - DRIFT DETECTADO - Se recomienda reentrenamiento del modelo
[2025-11-18T02:28:30.117+0000] {python.py:194} INFO - Done. Returned value was: {'status': 'success', 'has_drift': True, 'features_analyzed': 15, 'drift_results': {'Y': {'ks_statistic': 0.12540605121250284, 'ks_p_value': 0.0, 'ks_drift': True, 'psi': 0.00962266063879653, 'psi_drift': False}, 'X': {'ks_statistic': 0.13852077884335945, 'ks_p_value': 0.0, 'ks_drift': True, 'psi': 0.002752275994984549, 'psi_drift': False}, 'size': {'ks_statistic': 0.3831218315089283, 'ks_p_value': 0.0, 'ks_drift': True, 'psi': 6.697522136727059, 'psi_drift': True}, 'num_deliver_per_week': {'ks_statistic': 0.0015321773386289522, 'ks_p_value': 0.6053799277163772, 'ks_drift': False, 'psi': 0.0002027322949461055, 'psi_drift': False}, 'segment': {'ks_statistic': 0.018152830249604457, 'ks_p_value': 2.3909618729486848e-71, 'ks_drift': True, 'psi': 2.4651903288156616e-32, 'psi_drift': False}}}
[2025-11-18T02:28:30.130+0000] {taskinstance.py:1400} INFO - Marking task as SUCCESS. dag_id=sodai_drinks_production_pipeline, task_id=detect_drift, execution_date=20251109T000000, start_date=20251118T022828, end_date=20251118T022830
[2025-11-18T02:28:30.217+0000] {local_task_job_runner.py:228} INFO - Task exited with return code 0
[2025-11-18T02:28:30.236+0000] {taskinstance.py:2778} INFO - 1 downstream tasks scheduled from follow-on schedule check
[2025-11-19T14:25:09.027+0000] {taskinstance.py:1159} INFO - Dependencies all met for dep_context=non-requeueable deps ti=<TaskInstance: sodai_drinks_production_pipeline.detect_drift scheduled__2025-11-09T00:00:00+00:00 [queued]>
[2025-11-19T14:25:09.052+0000] {taskinstance.py:1159} INFO - Dependencies all met for dep_context=requeueable deps ti=<TaskInstance: sodai_drinks_production_pipeline.detect_drift scheduled__2025-11-09T00:00:00+00:00 [queued]>
[2025-11-19T14:25:09.052+0000] {taskinstance.py:1361} INFO - Starting attempt 1 of 2
[2025-11-19T14:25:09.068+0000] {taskinstance.py:1382} INFO - Executing <Task(PythonOperator): detect_drift> on 2025-11-09 00:00:00+00:00
[2025-11-19T14:25:09.099+0000] {standard_task_runner.py:57} INFO - Started process 410 to run task
[2025-11-19T14:25:09.120+0000] {standard_task_runner.py:84} INFO - Running: ['***', 'tasks', 'run', 'sodai_drinks_production_pipeline', 'detect_drift', 'scheduled__2025-11-09T00:00:00+00:00', '--job-id', '128', '--raw', '--subdir', 'DAGS_FOLDER/pipeline_productivo.py', '--cfg-path', '/tmp/tmp3m98orxt']
[2025-11-19T14:25:09.135+0000] {standard_task_runner.py:85} INFO - Job 128: Subtask detect_drift
[2025-11-19T14:25:09.240+0000] {task_command.py:416} INFO - Running <TaskInstance: sodai_drinks_production_pipeline.detect_drift scheduled__2025-11-09T00:00:00+00:00 [running]> on host eebc7c8c835d
[2025-11-19T14:25:09.408+0000] {taskinstance.py:1662} INFO - Exporting env vars: AIRFLOW_CTX_DAG_EMAIL='team@sodaidrinks.com' AIRFLOW_CTX_DAG_OWNER='sodai_drinks_team' AIRFLOW_CTX_DAG_ID='sodai_drinks_production_pipeline' AIRFLOW_CTX_TASK_ID='detect_drift' AIRFLOW_CTX_EXECUTION_DATE='2025-11-09T00:00:00+00:00' AIRFLOW_CTX_TRY_NUMBER='1' AIRFLOW_CTX_DAG_RUN_ID='scheduled__2025-11-09T00:00:00+00:00'
[2025-11-19T14:25:09.411+0000] {drift_detection.py:80} INFO - Iniciando detección de drift...
[2025-11-19T14:25:11.306+0000] {drift_detection.py:110} INFO - Datos de referencia: 619380 registros
[2025-11-19T14:25:11.311+0000] {drift_detection.py:111} INFO - Datos actuales: 7438 registros
[2025-11-19T14:25:11.317+0000] {drift_detection.py:119} INFO - Analizando drift en 15 features numéricas
[2025-11-19T14:25:11.844+0000] {drift_detection.py:30} INFO - KS Test - Statistic: 0.1339, P-value: 0.0000
[2025-11-19T14:25:11.919+0000] {drift_detection.py:65} INFO - PSI: 0.4228
[2025-11-19T14:25:11.919+0000] {drift_detection.py:153} WARNING - Drift detectado en feature 'Y' - PSI: 0.4228, KS p-value: 0.0000
[2025-11-19T14:25:12.278+0000] {drift_detection.py:30} INFO - KS Test - Statistic: 0.1385, P-value: 0.0000
[2025-11-19T14:25:12.434+0000] {drift_detection.py:65} INFO - PSI: 0.0807
[2025-11-19T14:25:12.438+0000] {drift_detection.py:153} WARNING - Drift detectado en feature 'X' - PSI: 0.0807, KS p-value: 0.0000
[2025-11-19T14:25:12.611+0000] {drift_detection.py:30} INFO - KS Test - Statistic: 0.3681, P-value: 0.0000
[2025-11-19T14:25:12.673+0000] {drift_detection.py:65} INFO - PSI: 5.8409
[2025-11-19T14:25:12.674+0000] {drift_detection.py:153} WARNING - Drift detectado en feature 'size' - PSI: 5.8409, KS p-value: 0.0000
[2025-11-19T14:25:12.793+0000] {drift_detection.py:30} INFO - KS Test - Statistic: 0.8252, P-value: 0.0000
[2025-11-19T14:25:12.861+0000] {drift_detection.py:65} INFO - PSI: 0.0146
[2025-11-19T14:25:12.862+0000] {drift_detection.py:153} WARNING - Drift detectado en feature 'num_deliver_per_week' - PSI: 0.0146, KS p-value: 0.0000
[2025-11-19T14:25:13.002+0000] {drift_detection.py:30} INFO - KS Test - Statistic: 0.0005, P-value: 1.0000
[2025-11-19T14:25:13.104+0000] {drift_detection.py:65} INFO - PSI: 0.0000
[2025-11-19T14:25:13.210+0000] {drift_detection.py:165} WARNING - DRIFT DETECTADO - Se recomienda reentrenamiento del modelo
[2025-11-19T14:25:13.230+0000] {python.py:194} INFO - Done. Returned value was: {'status': 'success', 'has_drift': True, 'features_analyzed': 15, 'drift_results': {'Y': {'ks_statistic': 0.1339069642376983, 'ks_p_value': 2.141317669243686e-115, 'ks_drift': True, 'psi': 0.42279600443854365, 'psi_drift': True}, 'X': {'ks_statistic': 0.13852077884335945, 'ks_p_value': 1.7296895961061186e-123, 'ks_drift': True, 'psi': 0.08072994045974347, 'psi_drift': False}, 'size': {'ks_statistic': 0.368104883761191, 'ks_p_value': 0.0, 'ks_drift': True, 'psi': 5.840896089293691, 'psi_drift': True}, 'num_deliver_per_week': {'ks_statistic': 0.8252090922033415, 'ks_p_value': 0.0, 'ks_drift': True, 'psi': 0.014583560075673456, 'psi_drift': False}, 'segment': {'ks_statistic': 0.0004977641989846182, 'ks_p_value': 1.0, 'ks_drift': False, 'psi': 1.7454780123179408e-28, 'psi_drift': False}}}
[2025-11-19T14:25:13.274+0000] {taskinstance.py:1400} INFO - Marking task as SUCCESS. dag_id=sodai_drinks_production_pipeline, task_id=detect_drift, execution_date=20251109T000000, start_date=20251119T142509, end_date=20251119T142513
[2025-11-19T14:25:13.374+0000] {local_task_job_runner.py:228} INFO - Task exited with return code 0
[2025-11-19T14:25:13.535+0000] {taskinstance.py:2778} INFO - 0 downstream tasks scheduled from follow-on schedule check
