[2025-10-28T00:40:44.326+0000] {taskinstance.py:1159} INFO - Dependencies all met for dep_context=non-requeueable deps ti=<TaskInstance: hiring_dynamic.split_data scheduled__2024-10-05T15:00:00+00:00 [queued]>
[2025-10-28T00:40:44.329+0000] {taskinstance.py:1159} INFO - Dependencies all met for dep_context=requeueable deps ti=<TaskInstance: hiring_dynamic.split_data scheduled__2024-10-05T15:00:00+00:00 [queued]>
[2025-10-28T00:40:44.329+0000] {taskinstance.py:1361} INFO - Starting attempt 1 of 1
[2025-10-28T00:40:44.335+0000] {taskinstance.py:1382} INFO - Executing <Task(PythonOperator): split_data> on 2024-10-05 15:00:00+00:00
[2025-10-28T00:40:44.339+0000] {standard_task_runner.py:57} INFO - Started process 636 to run task
[2025-10-28T00:40:44.342+0000] {standard_task_runner.py:84} INFO - Running: ['airflow', 'tasks', 'run', 'hiring_dynamic', 'split_data', 'scheduled__2024-10-05T15:00:00+00:00', '--job-id', '27', '--raw', '--subdir', 'DAGS_FOLDER/dag_dynamic.py', '--cfg-path', '/tmp/tmpxgk7o33q']
[2025-10-28T00:40:44.343+0000] {standard_task_runner.py:85} INFO - Job 27: Subtask split_data
[2025-10-28T00:40:44.365+0000] {task_command.py:416} INFO - Running <TaskInstance: hiring_dynamic.split_data scheduled__2024-10-05T15:00:00+00:00 [running]> on host d1f69dfe6243
[2025-10-28T00:40:44.393+0000] {taskinstance.py:1662} INFO - Exporting env vars: AIRFLOW_CTX_DAG_OWNER='airflow' AIRFLOW_CTX_DAG_ID='hiring_dynamic' AIRFLOW_CTX_TASK_ID='split_data' AIRFLOW_CTX_EXECUTION_DATE='2024-10-05T15:00:00+00:00' AIRFLOW_CTX_TRY_NUMBER='1' AIRFLOW_CTX_DAG_RUN_ID='scheduled__2024-10-05T15:00:00+00:00'
[2025-10-28T00:40:44.412+0000] {logging_mixin.py:154} INFO - Train guardado en: /opt/airflow/data/dynamic/2024-10-05/splits/train.csv - Shape: (600, 10)
[2025-10-28T00:40:44.412+0000] {logging_mixin.py:154} INFO - Test guardado en: /opt/airflow/data/dynamic/2024-10-05/splits/test.csv - Shape: (150, 10)
[2025-10-28T00:40:44.418+0000] {python.py:194} INFO - Done. Returned value was: None
[2025-10-28T00:40:44.421+0000] {taskinstance.py:1400} INFO - Marking task as SUCCESS. dag_id=hiring_dynamic, task_id=split_data, execution_date=20241005T150000, start_date=20251028T004044, end_date=20251028T004044
[2025-10-28T00:40:44.445+0000] {local_task_job_runner.py:228} INFO - Task exited with return code 0
[2025-10-28T00:40:44.456+0000] {taskinstance.py:2778} INFO - 3 downstream tasks scheduled from follow-on schedule check
[2025-10-28T01:27:31.055+0000] {taskinstance.py:1159} INFO - Dependencies all met for dep_context=non-requeueable deps ti=<TaskInstance: hiring_dynamic.split_data scheduled__2024-10-05T15:00:00+00:00 [queued]>
[2025-10-28T01:27:31.074+0000] {taskinstance.py:1159} INFO - Dependencies all met for dep_context=requeueable deps ti=<TaskInstance: hiring_dynamic.split_data scheduled__2024-10-05T15:00:00+00:00 [queued]>
[2025-10-28T01:27:31.074+0000] {taskinstance.py:1361} INFO - Starting attempt 1 of 1
[2025-10-28T01:27:31.099+0000] {taskinstance.py:1382} INFO - Executing <Task(PythonOperator): split_data> on 2024-10-05 15:00:00+00:00
[2025-10-28T01:27:31.154+0000] {standard_task_runner.py:57} INFO - Started process 784 to run task
[2025-10-28T01:27:31.162+0000] {standard_task_runner.py:84} INFO - Running: ['airflow', 'tasks', 'run', 'hiring_dynamic', 'split_data', 'scheduled__2024-10-05T15:00:00+00:00', '--job-id', '22', '--raw', '--subdir', 'DAGS_FOLDER/dag_dynamic.py', '--cfg-path', '/tmp/tmpzr0vtu37']
[2025-10-28T01:27:31.165+0000] {standard_task_runner.py:85} INFO - Job 22: Subtask split_data
[2025-10-28T01:27:31.216+0000] {task_command.py:416} INFO - Running <TaskInstance: hiring_dynamic.split_data scheduled__2024-10-05T15:00:00+00:00 [running]> on host c46dbfd34b1f
[2025-10-28T01:27:31.251+0000] {taskinstance.py:1662} INFO - Exporting env vars: AIRFLOW_CTX_DAG_OWNER='airflow' AIRFLOW_CTX_DAG_ID='hiring_dynamic' AIRFLOW_CTX_TASK_ID='split_data' AIRFLOW_CTX_EXECUTION_DATE='2024-10-05T15:00:00+00:00' AIRFLOW_CTX_TRY_NUMBER='1' AIRFLOW_CTX_DAG_RUN_ID='scheduled__2024-10-05T15:00:00+00:00'
[2025-10-28T01:27:31.272+0000] {logging_mixin.py:154} INFO - Train guardado en: /opt/airflow/data/dynamic/2024-10-05/splits/train.csv - Shape: (600, 10)
[2025-10-28T01:27:31.272+0000] {logging_mixin.py:154} INFO - Test guardado en: /opt/airflow/data/dynamic/2024-10-05/splits/test.csv - Shape: (150, 10)
[2025-10-28T01:27:31.279+0000] {python.py:194} INFO - Done. Returned value was: None
[2025-10-28T01:27:31.281+0000] {taskinstance.py:1400} INFO - Marking task as SUCCESS. dag_id=hiring_dynamic, task_id=split_data, execution_date=20241005T150000, start_date=20251028T012731, end_date=20251028T012731
[2025-10-28T01:27:31.308+0000] {local_task_job_runner.py:228} INFO - Task exited with return code 0
[2025-10-28T01:27:31.320+0000] {taskinstance.py:2778} INFO - 3 downstream tasks scheduled from follow-on schedule check
