[2025-10-28T00:41:07.225+0000] {taskinstance.py:1159} INFO - Dependencies all met for dep_context=non-requeueable deps ti=<TaskInstance: hiring_dynamic.train_logistic_regression scheduled__2024-10-05T15:00:00+00:00 [queued]>
[2025-10-28T00:41:07.229+0000] {taskinstance.py:1159} INFO - Dependencies all met for dep_context=requeueable deps ti=<TaskInstance: hiring_dynamic.train_logistic_regression scheduled__2024-10-05T15:00:00+00:00 [queued]>
[2025-10-28T00:41:07.229+0000] {taskinstance.py:1361} INFO - Starting attempt 1 of 1
[2025-10-28T00:41:07.235+0000] {taskinstance.py:1382} INFO - Executing <Task(PythonOperator): train_logistic_regression> on 2024-10-05 15:00:00+00:00
[2025-10-28T00:41:07.239+0000] {standard_task_runner.py:57} INFO - Started process 836 to run task
[2025-10-28T00:41:07.242+0000] {standard_task_runner.py:84} INFO - Running: ['airflow', 'tasks', 'run', 'hiring_dynamic', 'train_logistic_regression', 'scheduled__2024-10-05T15:00:00+00:00', '--job-id', '37', '--raw', '--subdir', 'DAGS_FOLDER/dag_dynamic.py', '--cfg-path', '/tmp/tmpmspwb3yb']
[2025-10-28T00:41:07.243+0000] {standard_task_runner.py:85} INFO - Job 37: Subtask train_logistic_regression
[2025-10-28T00:41:07.261+0000] {task_command.py:416} INFO - Running <TaskInstance: hiring_dynamic.train_logistic_regression scheduled__2024-10-05T15:00:00+00:00 [running]> on host d1f69dfe6243
[2025-10-28T00:41:07.286+0000] {taskinstance.py:1662} INFO - Exporting env vars: AIRFLOW_CTX_DAG_OWNER='airflow' AIRFLOW_CTX_DAG_ID='hiring_dynamic' AIRFLOW_CTX_TASK_ID='train_logistic_regression' AIRFLOW_CTX_EXECUTION_DATE='2024-10-05T15:00:00+00:00' AIRFLOW_CTX_TRY_NUMBER='1' AIRFLOW_CTX_DAG_RUN_ID='scheduled__2024-10-05T15:00:00+00:00'
[2025-10-28T00:41:07.290+0000] {logging_mixin.py:154} INFO - Entrenando modelo: logistic_regression
[2025-10-28T00:41:07.632+0000] {logging_mixin.py:154} INFO - Modelo logistic_regression guardado en: /opt/airflow/data/dynamic/2024-10-05/models/logistic_regression.joblib
[2025-10-28T00:41:07.641+0000] {python.py:194} INFO - Done. Returned value was: None
[2025-10-28T00:41:07.646+0000] {taskinstance.py:1400} INFO - Marking task as SUCCESS. dag_id=hiring_dynamic, task_id=train_logistic_regression, execution_date=20241005T150000, start_date=20251028T004107, end_date=20251028T004107
[2025-10-28T00:41:07.684+0000] {local_task_job_runner.py:228} INFO - Task exited with return code 0
[2025-10-28T00:41:07.701+0000] {taskinstance.py:2778} INFO - 1 downstream tasks scheduled from follow-on schedule check
[2025-10-28T01:27:55.236+0000] {taskinstance.py:1159} INFO - Dependencies all met for dep_context=non-requeueable deps ti=<TaskInstance: hiring_dynamic.train_logistic_regression scheduled__2024-10-05T15:00:00+00:00 [queued]>
[2025-10-28T01:27:55.240+0000] {taskinstance.py:1159} INFO - Dependencies all met for dep_context=requeueable deps ti=<TaskInstance: hiring_dynamic.train_logistic_regression scheduled__2024-10-05T15:00:00+00:00 [queued]>
[2025-10-28T01:27:55.240+0000] {taskinstance.py:1361} INFO - Starting attempt 1 of 1
[2025-10-28T01:27:55.248+0000] {taskinstance.py:1382} INFO - Executing <Task(PythonOperator): train_logistic_regression> on 2024-10-05 15:00:00+00:00
[2025-10-28T01:27:55.259+0000] {standard_task_runner.py:57} INFO - Started process 967 to run task
[2025-10-28T01:27:55.264+0000] {standard_task_runner.py:84} INFO - Running: ['airflow', 'tasks', 'run', 'hiring_dynamic', 'train_logistic_regression', 'scheduled__2024-10-05T15:00:00+00:00', '--job-id', '31', '--raw', '--subdir', 'DAGS_FOLDER/dag_dynamic.py', '--cfg-path', '/tmp/tmp2_44k4gq']
[2025-10-28T01:27:55.266+0000] {standard_task_runner.py:85} INFO - Job 31: Subtask train_logistic_regression
[2025-10-28T01:27:55.288+0000] {task_command.py:416} INFO - Running <TaskInstance: hiring_dynamic.train_logistic_regression scheduled__2024-10-05T15:00:00+00:00 [running]> on host c46dbfd34b1f
[2025-10-28T01:27:55.323+0000] {taskinstance.py:1662} INFO - Exporting env vars: AIRFLOW_CTX_DAG_OWNER='airflow' AIRFLOW_CTX_DAG_ID='hiring_dynamic' AIRFLOW_CTX_TASK_ID='train_logistic_regression' AIRFLOW_CTX_EXECUTION_DATE='2024-10-05T15:00:00+00:00' AIRFLOW_CTX_TRY_NUMBER='1' AIRFLOW_CTX_DAG_RUN_ID='scheduled__2024-10-05T15:00:00+00:00'
[2025-10-28T01:27:55.341+0000] {logging_mixin.py:154} INFO - Entrenando modelo: logistic_regression
[2025-10-28T01:27:55.550+0000] {logging_mixin.py:154} INFO - Modelo logistic_regression guardado en: /opt/airflow/data/dynamic/2024-10-05/models/logistic_regression.joblib
[2025-10-28T01:27:55.564+0000] {python.py:194} INFO - Done. Returned value was: None
[2025-10-28T01:27:55.566+0000] {taskinstance.py:1400} INFO - Marking task as SUCCESS. dag_id=hiring_dynamic, task_id=train_logistic_regression, execution_date=20241005T150000, start_date=20251028T012755, end_date=20251028T012755
[2025-10-28T01:27:55.610+0000] {local_task_job_runner.py:228} INFO - Task exited with return code 0
[2025-10-28T01:27:55.625+0000] {taskinstance.py:2778} INFO - 1 downstream tasks scheduled from follow-on schedule check
