[2025-10-28T00:43:58.089+0000] {taskinstance.py:1159} INFO - Dependencies all met for dep_context=non-requeueable deps ti=<TaskInstance: hiring_dynamic.split_data scheduled__2025-04-05T15:00:00+00:00 [queued]>
[2025-10-28T00:43:58.093+0000] {taskinstance.py:1159} INFO - Dependencies all met for dep_context=requeueable deps ti=<TaskInstance: hiring_dynamic.split_data scheduled__2025-04-05T15:00:00+00:00 [queued]>
[2025-10-28T00:43:58.093+0000] {taskinstance.py:1361} INFO - Starting attempt 1 of 1
[2025-10-28T00:43:58.101+0000] {taskinstance.py:1382} INFO - Executing <Task(PythonOperator): split_data> on 2025-04-05 15:00:00+00:00
[2025-10-28T00:43:58.109+0000] {standard_task_runner.py:57} INFO - Started process 1951 to run task
[2025-10-28T00:43:58.112+0000] {standard_task_runner.py:84} INFO - Running: ['airflow', 'tasks', 'run', 'hiring_dynamic', 'split_data', 'scheduled__2025-04-05T15:00:00+00:00', '--job-id', '86', '--raw', '--subdir', 'DAGS_FOLDER/dag_dynamic.py', '--cfg-path', '/tmp/tmpz9yi8a81']
[2025-10-28T00:43:58.114+0000] {standard_task_runner.py:85} INFO - Job 86: Subtask split_data
[2025-10-28T00:43:58.137+0000] {task_command.py:416} INFO - Running <TaskInstance: hiring_dynamic.split_data scheduled__2025-04-05T15:00:00+00:00 [running]> on host d1f69dfe6243
[2025-10-28T00:43:58.191+0000] {taskinstance.py:1662} INFO - Exporting env vars: AIRFLOW_CTX_DAG_OWNER='airflow' AIRFLOW_CTX_DAG_ID='hiring_dynamic' AIRFLOW_CTX_TASK_ID='split_data' AIRFLOW_CTX_EXECUTION_DATE='2025-04-05T15:00:00+00:00' AIRFLOW_CTX_TRY_NUMBER='1' AIRFLOW_CTX_DAG_RUN_ID='scheduled__2025-04-05T15:00:00+00:00'
[2025-10-28T00:43:58.248+0000] {logging_mixin.py:154} INFO - Train guardado en: /opt/airflow/data/dynamic/2025-04-05/splits/train.csv - Shape: (1200, 10)
[2025-10-28T00:43:58.249+0000] {logging_mixin.py:154} INFO - Test guardado en: /opt/airflow/data/dynamic/2025-04-05/splits/test.csv - Shape: (300, 10)
[2025-10-28T00:43:58.259+0000] {python.py:194} INFO - Done. Returned value was: None
[2025-10-28T00:43:58.261+0000] {taskinstance.py:1400} INFO - Marking task as SUCCESS. dag_id=hiring_dynamic, task_id=split_data, execution_date=20250405T150000, start_date=20251028T004358, end_date=20251028T004358
[2025-10-28T00:43:58.299+0000] {local_task_job_runner.py:228} INFO - Task exited with return code 0
[2025-10-28T00:43:58.315+0000] {taskinstance.py:2778} INFO - 3 downstream tasks scheduled from follow-on schedule check
[2025-10-28T01:30:41.977+0000] {taskinstance.py:1159} INFO - Dependencies all met for dep_context=non-requeueable deps ti=<TaskInstance: hiring_dynamic.split_data scheduled__2025-04-05T15:00:00+00:00 [queued]>
[2025-10-28T01:30:41.980+0000] {taskinstance.py:1159} INFO - Dependencies all met for dep_context=requeueable deps ti=<TaskInstance: hiring_dynamic.split_data scheduled__2025-04-05T15:00:00+00:00 [queued]>
[2025-10-28T01:30:41.980+0000] {taskinstance.py:1361} INFO - Starting attempt 1 of 1
[2025-10-28T01:30:41.986+0000] {taskinstance.py:1382} INFO - Executing <Task(PythonOperator): split_data> on 2025-04-05 15:00:00+00:00
[2025-10-28T01:30:41.990+0000] {standard_task_runner.py:57} INFO - Started process 1995 to run task
[2025-10-28T01:30:41.993+0000] {standard_task_runner.py:84} INFO - Running: ['airflow', 'tasks', 'run', 'hiring_dynamic', 'split_data', 'scheduled__2025-04-05T15:00:00+00:00', '--job-id', '77', '--raw', '--subdir', 'DAGS_FOLDER/dag_dynamic.py', '--cfg-path', '/tmp/tmpv8fzlm1_']
[2025-10-28T01:30:41.994+0000] {standard_task_runner.py:85} INFO - Job 77: Subtask split_data
[2025-10-28T01:30:42.012+0000] {task_command.py:416} INFO - Running <TaskInstance: hiring_dynamic.split_data scheduled__2025-04-05T15:00:00+00:00 [running]> on host c46dbfd34b1f
[2025-10-28T01:30:42.039+0000] {taskinstance.py:1662} INFO - Exporting env vars: AIRFLOW_CTX_DAG_OWNER='airflow' AIRFLOW_CTX_DAG_ID='hiring_dynamic' AIRFLOW_CTX_TASK_ID='split_data' AIRFLOW_CTX_EXECUTION_DATE='2025-04-05T15:00:00+00:00' AIRFLOW_CTX_TRY_NUMBER='1' AIRFLOW_CTX_DAG_RUN_ID='scheduled__2025-04-05T15:00:00+00:00'
[2025-10-28T01:30:42.053+0000] {logging_mixin.py:154} INFO - Train guardado en: /opt/airflow/data/dynamic/2025-04-05/splits/train.csv - Shape: (1200, 10)
[2025-10-28T01:30:42.053+0000] {logging_mixin.py:154} INFO - Test guardado en: /opt/airflow/data/dynamic/2025-04-05/splits/test.csv - Shape: (300, 10)
[2025-10-28T01:30:42.060+0000] {python.py:194} INFO - Done. Returned value was: None
[2025-10-28T01:30:42.063+0000] {taskinstance.py:1400} INFO - Marking task as SUCCESS. dag_id=hiring_dynamic, task_id=split_data, execution_date=20250405T150000, start_date=20251028T013041, end_date=20251028T013042
[2025-10-28T01:30:42.096+0000] {local_task_job_runner.py:228} INFO - Task exited with return code 0
[2025-10-28T01:30:42.107+0000] {taskinstance.py:2778} INFO - 3 downstream tasks scheduled from follow-on schedule check
