[2025-12-05T03:30:07.312+0000] {taskinstance.py:1159} INFO - Dependencies all met for dep_context=non-requeueable deps ti=<TaskInstance: sodai_drinks_production_pipeline.process_data manual__2025-12-05T03:30:03+00:00 [queued]>
[2025-12-05T03:30:07.317+0000] {taskinstance.py:1159} INFO - Dependencies all met for dep_context=requeueable deps ti=<TaskInstance: sodai_drinks_production_pipeline.process_data manual__2025-12-05T03:30:03+00:00 [queued]>
[2025-12-05T03:30:07.317+0000] {taskinstance.py:1361} INFO - Starting attempt 1 of 2
[2025-12-05T03:30:07.325+0000] {taskinstance.py:1382} INFO - Executing <Task(PythonOperator): process_data> on 2025-12-05 03:30:03+00:00
[2025-12-05T03:30:07.336+0000] {standard_task_runner.py:57} INFO - Started process 2870 to run task
[2025-12-05T03:30:07.339+0000] {standard_task_runner.py:84} INFO - Running: ['***', 'tasks', 'run', 'sodai_drinks_production_pipeline', 'process_data', 'manual__2025-12-05T03:30:03+00:00', '--job-id', '31', '--raw', '--subdir', 'DAGS_FOLDER/pipeline_productivo.py', '--cfg-path', '/tmp/tmpgzq3uokc']
[2025-12-05T03:30:07.343+0000] {standard_task_runner.py:85} INFO - Job 31: Subtask process_data
[2025-12-05T03:30:07.381+0000] {task_command.py:416} INFO - Running <TaskInstance: sodai_drinks_production_pipeline.process_data manual__2025-12-05T03:30:03+00:00 [running]> on host d63631a18ada
[2025-12-05T03:30:07.440+0000] {taskinstance.py:1662} INFO - Exporting env vars: AIRFLOW_CTX_DAG_EMAIL='team@sodaidrinks.com' AIRFLOW_CTX_DAG_OWNER='sodai_drinks_team' AIRFLOW_CTX_DAG_ID='sodai_drinks_production_pipeline' AIRFLOW_CTX_TASK_ID='process_data' AIRFLOW_CTX_EXECUTION_DATE='2025-12-05T03:30:03+00:00' AIRFLOW_CTX_TRY_NUMBER='1' AIRFLOW_CTX_DAG_RUN_ID='manual__2025-12-05T03:30:03+00:00'
[2025-12-05T03:30:07.441+0000] {data_processing.py:169} INFO - Iniciando procesamiento de datos...
[2025-12-05T03:30:07.704+0000] {data_processing.py:181} INFO - Datos cargados - Transacciones: 6232, Clientes: 1569, Productos: 971
[2025-12-05T03:30:07.709+0000] {data_processing.py:188} INFO - Predicción para semana: 2025-03
[2025-12-05T03:30:07.709+0000] {data_processing.py:73} INFO - Creando variable target...
[2025-12-05T03:30:07.737+0000] {data_processing.py:90} INFO - ✅ Ejemplos positivos (compraron): 4,922
[2025-12-05T03:30:07.739+0000] {data_processing.py:105} INFO - 🎲 Generando 49,220 ejemplos negativos (ratio 10.0:1)...
[2025-12-05T03:30:10.086+0000] {data_processing.py:133} INFO - ⚖️ Aplicando undersampling con RandomUnderSampler...
[2025-12-05T03:30:10.086+0000] {data_processing.py:134} INFO -    Antes: 49,220 negativos
[2025-12-05T03:30:10.100+0000] {data_processing.py:151} INFO -    Después: 4,922 negativos
[2025-12-05T03:30:10.100+0000] {data_processing.py:155} INFO - 📊 Dataset balanceado:
[2025-12-05T03:30:10.100+0000] {data_processing.py:156} INFO -    - Positivos: 4,922
[2025-12-05T03:30:10.100+0000] {data_processing.py:157} INFO -    - Negativos: 4,922
[2025-12-05T03:30:10.100+0000] {data_processing.py:158} INFO -    - Total: 9,844
[2025-12-05T03:30:10.114+0000] {data_processing.py:197} INFO - Dataset merged: (9844, 17)
[2025-12-05T03:30:10.115+0000] {data_processing.py:208} INFO - Features: ['customer_type', 'Y', 'X', 'num_deliver_per_week', 'brand', 'category', 'sub_category', 'segment', 'package', 'size']
[2025-12-05T03:30:10.115+0000] {data_processing.py:209} INFO - Distribución de clases - 0: 4922, 1: 4922
[2025-12-05T03:30:10.123+0000] {data_processing.py:217} INFO - Columna 'brand' convertida a 'brand_num' (numérica)
[2025-12-05T03:30:10.128+0000] {data_processing.py:263} INFO - Ajustando preprocessor...
[2025-12-05T03:30:10.144+0000] {data_processing.py:295} INFO - Datos transformados: (9844, 18)
[2025-12-05T03:30:10.144+0000] {data_processing.py:296} INFO - Verificación de clases - 0: 4922, 1: 4922
[2025-12-05T03:30:10.185+0000] {data_processing.py:323} INFO - Preprocessing completado exitosamente
[2025-12-05T03:30:10.188+0000] {python.py:194} INFO - Done. Returned value was: {'status': 'success', 'processed_records': 9844, 'num_features': 15, 'positive_class': 4922, 'negative_class': 4922, 'prediction_week': '2025-01-26T00:00:00'}
[2025-12-05T03:30:10.205+0000] {taskinstance.py:1400} INFO - Marking task as SUCCESS. dag_id=sodai_drinks_production_pipeline, task_id=process_data, execution_date=20251205T033003, start_date=20251205T033007, end_date=20251205T033010
[2025-12-05T03:30:10.270+0000] {local_task_job_runner.py:228} INFO - Task exited with return code 0
[2025-12-05T03:30:10.290+0000] {taskinstance.py:2778} INFO - 1 downstream tasks scheduled from follow-on schedule check
