[2025-10-28T00:40:19.713+0000] {taskinstance.py:1159} INFO - Dependencies all met for dep_context=non-requeueable deps ti=<TaskInstance: hiring_dynamic.decide_download scheduled__2025-01-05T15:00:00+00:00 [queued]>
[2025-10-28T00:40:19.716+0000] {taskinstance.py:1159} INFO - Dependencies all met for dep_context=requeueable deps ti=<TaskInstance: hiring_dynamic.decide_download scheduled__2025-01-05T15:00:00+00:00 [queued]>
[2025-10-28T00:40:19.716+0000] {taskinstance.py:1361} INFO - Starting attempt 1 of 1
[2025-10-28T00:40:19.721+0000] {taskinstance.py:1382} INFO - Executing <Task(BranchPythonOperator): decide_download> on 2025-01-05 15:00:00+00:00
[2025-10-28T00:40:19.725+0000] {standard_task_runner.py:57} INFO - Started process 437 to run task
[2025-10-28T00:40:19.727+0000] {standard_task_runner.py:84} INFO - Running: ['airflow', 'tasks', 'run', 'hiring_dynamic', 'decide_download', 'scheduled__2025-01-05T15:00:00+00:00', '--job-id', '17', '--raw', '--subdir', 'DAGS_FOLDER/dag_dynamic.py', '--cfg-path', '/tmp/tmp5hp52usu']
[2025-10-28T00:40:19.728+0000] {standard_task_runner.py:85} INFO - Job 17: Subtask decide_download
[2025-10-28T00:40:19.744+0000] {task_command.py:416} INFO - Running <TaskInstance: hiring_dynamic.decide_download scheduled__2025-01-05T15:00:00+00:00 [running]> on host d1f69dfe6243
[2025-10-28T00:40:19.768+0000] {taskinstance.py:1662} INFO - Exporting env vars: AIRFLOW_CTX_DAG_OWNER='airflow' AIRFLOW_CTX_DAG_ID='hiring_dynamic' AIRFLOW_CTX_TASK_ID='decide_download' AIRFLOW_CTX_EXECUTION_DATE='2025-01-05T15:00:00+00:00' AIRFLOW_CTX_TRY_NUMBER='1' AIRFLOW_CTX_DAG_RUN_ID='scheduled__2025-01-05T15:00:00+00:00'
[2025-10-28T00:40:19.769+0000] {logging_mixin.py:154} INFO - Fecha 2025-01-05 >= 2024-11-01: descargando data_1 y data_2
[2025-10-28T00:40:19.769+0000] {python.py:194} INFO - Done. Returned value was: ['download_data_1', 'download_data_2']
[2025-10-28T00:40:19.769+0000] {python.py:227} INFO - Branch callable return ['download_data_1', 'download_data_2']
[2025-10-28T00:40:19.769+0000] {skipmixin.py:173} INFO - Following branch ['download_data_1', 'download_data_2']
[2025-10-28T00:40:19.773+0000] {skipmixin.py:239} INFO - Skipping tasks [('download_data_1_only', -1)]
[2025-10-28T00:40:19.783+0000] {taskinstance.py:1400} INFO - Marking task as SUCCESS. dag_id=hiring_dynamic, task_id=decide_download, execution_date=20250105T150000, start_date=20251028T004019, end_date=20251028T004019
[2025-10-28T00:40:19.789+0000] {local_task_job_runner.py:228} INFO - Task exited with return code 0
[2025-10-28T00:40:19.803+0000] {taskinstance.py:2778} INFO - 2 downstream tasks scheduled from follow-on schedule check
[2025-10-28T01:27:07.792+0000] {taskinstance.py:1159} INFO - Dependencies all met for dep_context=non-requeueable deps ti=<TaskInstance: hiring_dynamic.decide_download scheduled__2025-01-05T15:00:00+00:00 [queued]>
[2025-10-28T01:27:07.795+0000] {taskinstance.py:1159} INFO - Dependencies all met for dep_context=requeueable deps ti=<TaskInstance: hiring_dynamic.decide_download scheduled__2025-01-05T15:00:00+00:00 [queued]>
[2025-10-28T01:27:07.795+0000] {taskinstance.py:1361} INFO - Starting attempt 1 of 1
[2025-10-28T01:27:07.800+0000] {taskinstance.py:1382} INFO - Executing <Task(BranchPythonOperator): decide_download> on 2025-01-05 15:00:00+00:00
[2025-10-28T01:27:07.824+0000] {standard_task_runner.py:57} INFO - Started process 602 to run task
[2025-10-28T01:27:07.827+0000] {standard_task_runner.py:84} INFO - Running: ['airflow', 'tasks', 'run', 'hiring_dynamic', 'decide_download', 'scheduled__2025-01-05T15:00:00+00:00', '--job-id', '13', '--raw', '--subdir', 'DAGS_FOLDER/dag_dynamic.py', '--cfg-path', '/tmp/tmpvjiuux3v']
[2025-10-28T01:27:07.828+0000] {standard_task_runner.py:85} INFO - Job 13: Subtask decide_download
[2025-10-28T01:27:07.847+0000] {task_command.py:416} INFO - Running <TaskInstance: hiring_dynamic.decide_download scheduled__2025-01-05T15:00:00+00:00 [running]> on host c46dbfd34b1f
[2025-10-28T01:27:07.872+0000] {taskinstance.py:1662} INFO - Exporting env vars: AIRFLOW_CTX_DAG_OWNER='airflow' AIRFLOW_CTX_DAG_ID='hiring_dynamic' AIRFLOW_CTX_TASK_ID='decide_download' AIRFLOW_CTX_EXECUTION_DATE='2025-01-05T15:00:00+00:00' AIRFLOW_CTX_TRY_NUMBER='1' AIRFLOW_CTX_DAG_RUN_ID='scheduled__2025-01-05T15:00:00+00:00'
[2025-10-28T01:27:07.873+0000] {logging_mixin.py:154} INFO - Fecha 2025-01-05 >= 2024-11-01: descargando data_1 y data_2
[2025-10-28T01:27:07.873+0000] {python.py:194} INFO - Done. Returned value was: ['download_data_1', 'download_data_2']
[2025-10-28T01:27:07.873+0000] {python.py:227} INFO - Branch callable return ['download_data_1', 'download_data_2']
[2025-10-28T01:27:07.873+0000] {skipmixin.py:173} INFO - Following branch ['download_data_1', 'download_data_2']
[2025-10-28T01:27:07.877+0000] {skipmixin.py:239} INFO - Skipping tasks [('download_data_1_only', -1)]
[2025-10-28T01:27:07.887+0000] {taskinstance.py:1400} INFO - Marking task as SUCCESS. dag_id=hiring_dynamic, task_id=decide_download, execution_date=20250105T150000, start_date=20251028T012707, end_date=20251028T012707
[2025-10-28T01:27:07.928+0000] {local_task_job_runner.py:228} INFO - Task exited with return code 0
[2025-10-28T01:27:07.944+0000] {taskinstance.py:2778} INFO - 2 downstream tasks scheduled from follow-on schedule check
