[2025-10-28T00:45:11.445+0000] {taskinstance.py:1159} INFO - Dependencies all met for dep_context=non-requeueable deps ti=<TaskInstance: hiring_dynamic.evaluate_models scheduled__2025-04-05T15:00:00+00:00 [queued]>
[2025-10-28T00:45:11.448+0000] {taskinstance.py:1159} INFO - Dependencies all met for dep_context=requeueable deps ti=<TaskInstance: hiring_dynamic.evaluate_models scheduled__2025-04-05T15:00:00+00:00 [queued]>
[2025-10-28T00:45:11.448+0000] {taskinstance.py:1361} INFO - Starting attempt 1 of 1
[2025-10-28T00:45:11.454+0000] {taskinstance.py:1382} INFO - Executing <Task(PythonOperator): evaluate_models> on 2025-04-05 15:00:00+00:00
[2025-10-28T00:45:11.457+0000] {standard_task_runner.py:57} INFO - Started process 2399 to run task
[2025-10-28T00:45:11.460+0000] {standard_task_runner.py:84} INFO - Running: ['airflow', 'tasks', 'run', 'hiring_dynamic', 'evaluate_models', 'scheduled__2025-04-05T15:00:00+00:00', '--job-id', '105', '--raw', '--subdir', 'DAGS_FOLDER/dag_dynamic.py', '--cfg-path', '/tmp/tmpt1qa76tb']
[2025-10-28T00:45:11.461+0000] {standard_task_runner.py:85} INFO - Job 105: Subtask evaluate_models
[2025-10-28T00:45:11.476+0000] {task_command.py:416} INFO - Running <TaskInstance: hiring_dynamic.evaluate_models scheduled__2025-04-05T15:00:00+00:00 [running]> on host d1f69dfe6243
[2025-10-28T00:45:11.503+0000] {taskinstance.py:1662} INFO - Exporting env vars: AIRFLOW_CTX_DAG_OWNER='airflow' AIRFLOW_CTX_DAG_ID='hiring_dynamic' AIRFLOW_CTX_TASK_ID='evaluate_models' AIRFLOW_CTX_EXECUTION_DATE='2025-04-05T15:00:00+00:00' AIRFLOW_CTX_TRY_NUMBER='1' AIRFLOW_CTX_DAG_RUN_ID='scheduled__2025-04-05T15:00:00+00:00'
[2025-10-28T00:45:11.509+0000] {logging_mixin.py:154} INFO - Evaluando 3 modelos en experimento 'dynamic'...
[2025-10-28T00:45:11.517+0000] {logging_mixin.py:154} INFO -   logistic_regression: Accuracy = 0.8700
[2025-10-28T00:45:11.525+0000] {logging_mixin.py:154} INFO -   gradient_boosting: Accuracy = 0.9300
[2025-10-28T00:45:11.636+0000] {logging_mixin.py:154} INFO -   random_forest: Accuracy = 0.9467
[2025-10-28T00:45:11.636+0000] {logging_mixin.py:154} INFO - 
✅ Mejor modelo (dynamic): random_forest
[2025-10-28T00:45:11.636+0000] {logging_mixin.py:154} INFO -    Accuracy: 0.9467
[2025-10-28T00:45:11.890+0000] {logging_mixin.py:154} INFO -    Guardado en: /opt/airflow/data/dynamic/2025-04-05/models/best_model.joblib
[2025-10-28T00:45:11.899+0000] {python.py:194} INFO - Done. Returned value was: None
[2025-10-28T00:45:11.901+0000] {taskinstance.py:1400} INFO - Marking task as SUCCESS. dag_id=hiring_dynamic, task_id=evaluate_models, execution_date=20250405T150000, start_date=20251028T004511, end_date=20251028T004511
[2025-10-28T00:45:11.934+0000] {local_task_job_runner.py:228} INFO - Task exited with return code 0
[2025-10-28T00:45:11.942+0000] {taskinstance.py:2778} INFO - 0 downstream tasks scheduled from follow-on schedule check
[2025-10-28T01:32:09.745+0000] {taskinstance.py:1159} INFO - Dependencies all met for dep_context=non-requeueable deps ti=<TaskInstance: hiring_dynamic.evaluate_models scheduled__2025-04-05T15:00:00+00:00 [queued]>
[2025-10-28T01:32:09.749+0000] {taskinstance.py:1159} INFO - Dependencies all met for dep_context=requeueable deps ti=<TaskInstance: hiring_dynamic.evaluate_models scheduled__2025-04-05T15:00:00+00:00 [queued]>
[2025-10-28T01:32:09.749+0000] {taskinstance.py:1361} INFO - Starting attempt 1 of 1
[2025-10-28T01:32:09.756+0000] {taskinstance.py:1382} INFO - Executing <Task(PythonOperator): evaluate_models> on 2025-04-05 15:00:00+00:00
[2025-10-28T01:32:09.768+0000] {standard_task_runner.py:57} INFO - Started process 2487 to run task
[2025-10-28T01:32:09.774+0000] {standard_task_runner.py:84} INFO - Running: ['airflow', 'tasks', 'run', 'hiring_dynamic', 'evaluate_models', 'scheduled__2025-04-05T15:00:00+00:00', '--job-id', '98', '--raw', '--subdir', 'DAGS_FOLDER/dag_dynamic.py', '--cfg-path', '/tmp/tmp7pton9ik']
[2025-10-28T01:32:09.775+0000] {standard_task_runner.py:85} INFO - Job 98: Subtask evaluate_models
[2025-10-28T01:32:09.804+0000] {task_command.py:416} INFO - Running <TaskInstance: hiring_dynamic.evaluate_models scheduled__2025-04-05T15:00:00+00:00 [running]> on host c46dbfd34b1f
[2025-10-28T01:32:09.834+0000] {taskinstance.py:1662} INFO - Exporting env vars: AIRFLOW_CTX_DAG_OWNER='airflow' AIRFLOW_CTX_DAG_ID='hiring_dynamic' AIRFLOW_CTX_TASK_ID='evaluate_models' AIRFLOW_CTX_EXECUTION_DATE='2025-04-05T15:00:00+00:00' AIRFLOW_CTX_TRY_NUMBER='1' AIRFLOW_CTX_DAG_RUN_ID='scheduled__2025-04-05T15:00:00+00:00'
[2025-10-28T01:32:09.841+0000] {logging_mixin.py:154} INFO - Evaluando 3 modelos en experimento 'dynamic'...
[2025-10-28T01:32:09.847+0000] {logging_mixin.py:154} INFO -   logistic_regression: Accuracy = 0.8700
[2025-10-28T01:32:09.856+0000] {logging_mixin.py:154} INFO -   gradient_boosting: Accuracy = 0.9300
[2025-10-28T01:32:09.980+0000] {logging_mixin.py:154} INFO -   random_forest: Accuracy = 0.9467
[2025-10-28T01:32:09.980+0000] {logging_mixin.py:154} INFO - 
✅ Mejor modelo (dynamic): random_forest
[2025-10-28T01:32:09.980+0000] {logging_mixin.py:154} INFO -    Accuracy: 0.9467
[2025-10-28T01:32:10.260+0000] {logging_mixin.py:154} INFO -    Guardado en: /opt/airflow/data/dynamic/2025-04-05/models/best_model.joblib
[2025-10-28T01:32:10.279+0000] {python.py:194} INFO - Done. Returned value was: None
[2025-10-28T01:32:10.282+0000] {taskinstance.py:1400} INFO - Marking task as SUCCESS. dag_id=hiring_dynamic, task_id=evaluate_models, execution_date=20250405T150000, start_date=20251028T013209, end_date=20251028T013210
[2025-10-28T01:32:10.296+0000] {local_task_job_runner.py:228} INFO - Task exited with return code 0
[2025-10-28T01:32:10.316+0000] {taskinstance.py:2778} INFO - 0 downstream tasks scheduled from follow-on schedule check
