[2025-11-17T16:12:40.467+0000] {taskinstance.py:1159} INFO - Dependencies all met for dep_context=non-requeueable deps ti=<TaskInstance: sodai_drinks_production_pipeline.extract_data manual__2025-11-17T16:12:37.903412+00:00 [queued]>
[2025-11-17T16:12:40.472+0000] {taskinstance.py:1159} INFO - Dependencies all met for dep_context=requeueable deps ti=<TaskInstance: sodai_drinks_production_pipeline.extract_data manual__2025-11-17T16:12:37.903412+00:00 [queued]>
[2025-11-17T16:12:40.472+0000] {taskinstance.py:1361} INFO - Starting attempt 1 of 2
[2025-11-17T16:12:40.479+0000] {taskinstance.py:1382} INFO - Executing <Task(PythonOperator): extract_data> on 2025-11-17 16:12:37.903412+00:00
[2025-11-17T16:12:40.489+0000] {standard_task_runner.py:57} INFO - Started process 14031 to run task
[2025-11-17T16:12:40.493+0000] {standard_task_runner.py:84} INFO - Running: ['***', 'tasks', 'run', 'sodai_drinks_production_pipeline', 'extract_data', 'manual__2025-11-17T16:12:37.903412+00:00', '--job-id', '7', '--raw', '--subdir', 'DAGS_FOLDER/pipeline_productivo.py', '--cfg-path', '/tmp/tmp_pkqhss9']
[2025-11-17T16:12:40.496+0000] {standard_task_runner.py:85} INFO - Job 7: Subtask extract_data
[2025-11-17T16:12:40.535+0000] {task_command.py:416} INFO - Running <TaskInstance: sodai_drinks_production_pipeline.extract_data manual__2025-11-17T16:12:37.903412+00:00 [running]> on host d1f907c36040
[2025-11-17T16:12:40.590+0000] {taskinstance.py:1662} INFO - Exporting env vars: AIRFLOW_CTX_DAG_EMAIL='team@sodaidrinks.com' AIRFLOW_CTX_DAG_OWNER='sodai_drinks_team' AIRFLOW_CTX_DAG_ID='sodai_drinks_production_pipeline' AIRFLOW_CTX_TASK_ID='extract_data' AIRFLOW_CTX_EXECUTION_DATE='2025-11-17T16:12:37.903412+00:00' AIRFLOW_CTX_TRY_NUMBER='1' AIRFLOW_CTX_DAG_RUN_ID='manual__2025-11-17T16:12:37.903412+00:00'
[2025-11-17T16:12:40.591+0000] {data_extraction.py:25} INFO - Iniciando extracción de datos...
[2025-11-17T16:12:40.643+0000] {data_extraction.py:47} INFO - Datos base cargados - Transacciones totales: 254936
[2025-11-17T16:12:40.927+0000] {data_extraction.py:60} INFO - 📊 Subsample creado: 4565 transacciones
[2025-11-17T16:12:40.927+0000] {data_extraction.py:61} INFO -    Fecha mínima: 2024-01-01 00:00:00
[2025-11-17T16:12:40.928+0000] {data_extraction.py:62} INFO -    Fecha máxima: 2024-01-07 00:00:00
[2025-11-17T16:12:40.928+0000] {data_extraction.py:63} INFO -    Porcentaje del total: 1.79%
[2025-11-17T16:12:40.939+0000] {data_extraction.py:69} INFO - Clientes cargados: 1569 registros
[2025-11-17T16:12:40.939+0000] {data_extraction.py:70} INFO - Productos cargados: 971 registros
[2025-11-17T16:12:40.995+0000] {data_extraction.py:85} INFO - Fecha máxima en subsample: 2024-01-07 00:00:00
[2025-11-17T16:12:41.001+0000] {data_extraction.py:88} INFO - ✅ Extracción de datos completada exitosamente
[2025-11-17T16:12:41.002+0000] {python.py:194} INFO - Done. Returned value was: {'status': 'success', 'transacciones_count': 4565, 'clientes_count': 1569, 'productos_count': 971, 'max_date': '2024-01-07T00:00:00', 'is_subsample': True, 'subsample_weeks': 1}
[2025-11-17T16:12:41.015+0000] {taskinstance.py:1400} INFO - Marking task as SUCCESS. dag_id=sodai_drinks_production_pipeline, task_id=extract_data, execution_date=20251117T161237, start_date=20251117T161240, end_date=20251117T161241
[2025-11-17T16:12:41.072+0000] {local_task_job_runner.py:228} INFO - Task exited with return code 0
[2025-11-17T16:12:41.093+0000] {taskinstance.py:2778} INFO - 1 downstream tasks scheduled from follow-on schedule check
