[2025-10-28T00:44:06.812+0000] {taskinstance.py:1159} INFO - Dependencies all met for dep_context=non-requeueable deps ti=<TaskInstance: hiring_dynamic.train_logistic_regression scheduled__2025-03-05T15:00:00+00:00 [queued]>
[2025-10-28T00:44:06.815+0000] {taskinstance.py:1159} INFO - Dependencies all met for dep_context=requeueable deps ti=<TaskInstance: hiring_dynamic.train_logistic_regression scheduled__2025-03-05T15:00:00+00:00 [queued]>
[2025-10-28T00:44:06.815+0000] {taskinstance.py:1361} INFO - Starting attempt 1 of 1
[2025-10-28T00:44:06.822+0000] {taskinstance.py:1382} INFO - Executing <Task(PythonOperator): train_logistic_regression> on 2025-03-05 15:00:00+00:00
[2025-10-28T00:44:06.825+0000] {standard_task_runner.py:57} INFO - Started process 2013 to run task
[2025-10-28T00:44:06.827+0000] {standard_task_runner.py:84} INFO - Running: ['airflow', 'tasks', 'run', 'hiring_dynamic', 'train_logistic_regression', 'scheduled__2025-03-05T15:00:00+00:00', '--job-id', '89', '--raw', '--subdir', 'DAGS_FOLDER/dag_dynamic.py', '--cfg-path', '/tmp/tmpep1ezb8h']
[2025-10-28T00:44:06.828+0000] {standard_task_runner.py:85} INFO - Job 89: Subtask train_logistic_regression
[2025-10-28T00:44:06.845+0000] {task_command.py:416} INFO - Running <TaskInstance: hiring_dynamic.train_logistic_regression scheduled__2025-03-05T15:00:00+00:00 [running]> on host d1f69dfe6243
[2025-10-28T00:44:06.874+0000] {taskinstance.py:1662} INFO - Exporting env vars: AIRFLOW_CTX_DAG_OWNER='airflow' AIRFLOW_CTX_DAG_ID='hiring_dynamic' AIRFLOW_CTX_TASK_ID='train_logistic_regression' AIRFLOW_CTX_EXECUTION_DATE='2025-03-05T15:00:00+00:00' AIRFLOW_CTX_TRY_NUMBER='1' AIRFLOW_CTX_DAG_RUN_ID='scheduled__2025-03-05T15:00:00+00:00'
[2025-10-28T00:44:06.880+0000] {logging_mixin.py:154} INFO - Entrenando modelo: logistic_regression
[2025-10-28T00:44:13.976+0000] {logging_mixin.py:154} INFO - Modelo logistic_regression guardado en: /opt/airflow/data/dynamic/2025-03-05/models/logistic_regression.joblib
[2025-10-28T00:44:14.028+0000] {python.py:194} INFO - Done. Returned value was: None
[2025-10-28T00:44:14.035+0000] {taskinstance.py:1400} INFO - Marking task as SUCCESS. dag_id=hiring_dynamic, task_id=train_logistic_regression, execution_date=20250305T150000, start_date=20251028T004406, end_date=20251028T004414
[2025-10-28T00:44:14.100+0000] {local_task_job_runner.py:228} INFO - Task exited with return code 0
[2025-10-28T00:44:14.122+0000] {taskinstance.py:2778} INFO - 1 downstream tasks scheduled from follow-on schedule check
[2025-10-28T01:30:48.664+0000] {taskinstance.py:1159} INFO - Dependencies all met for dep_context=non-requeueable deps ti=<TaskInstance: hiring_dynamic.train_logistic_regression scheduled__2025-03-05T15:00:00+00:00 [queued]>
[2025-10-28T01:30:48.667+0000] {taskinstance.py:1159} INFO - Dependencies all met for dep_context=requeueable deps ti=<TaskInstance: hiring_dynamic.train_logistic_regression scheduled__2025-03-05T15:00:00+00:00 [queued]>
[2025-10-28T01:30:48.667+0000] {taskinstance.py:1361} INFO - Starting attempt 1 of 1
[2025-10-28T01:30:48.672+0000] {taskinstance.py:1382} INFO - Executing <Task(PythonOperator): train_logistic_regression> on 2025-03-05 15:00:00+00:00
[2025-10-28T01:30:48.677+0000] {standard_task_runner.py:57} INFO - Started process 2057 to run task
[2025-10-28T01:30:48.679+0000] {standard_task_runner.py:84} INFO - Running: ['airflow', 'tasks', 'run', 'hiring_dynamic', 'train_logistic_regression', 'scheduled__2025-03-05T15:00:00+00:00', '--job-id', '80', '--raw', '--subdir', 'DAGS_FOLDER/dag_dynamic.py', '--cfg-path', '/tmp/tmpf4df7ix2']
[2025-10-28T01:30:48.680+0000] {standard_task_runner.py:85} INFO - Job 80: Subtask train_logistic_regression
[2025-10-28T01:30:48.695+0000] {task_command.py:416} INFO - Running <TaskInstance: hiring_dynamic.train_logistic_regression scheduled__2025-03-05T15:00:00+00:00 [running]> on host c46dbfd34b1f
[2025-10-28T01:30:48.722+0000] {taskinstance.py:1662} INFO - Exporting env vars: AIRFLOW_CTX_DAG_OWNER='airflow' AIRFLOW_CTX_DAG_ID='hiring_dynamic' AIRFLOW_CTX_TASK_ID='train_logistic_regression' AIRFLOW_CTX_EXECUTION_DATE='2025-03-05T15:00:00+00:00' AIRFLOW_CTX_TRY_NUMBER='1' AIRFLOW_CTX_DAG_RUN_ID='scheduled__2025-03-05T15:00:00+00:00'
[2025-10-28T01:30:48.727+0000] {logging_mixin.py:154} INFO - Entrenando modelo: logistic_regression
[2025-10-28T01:30:57.961+0000] {logging_mixin.py:154} INFO - Modelo logistic_regression guardado en: /opt/airflow/data/dynamic/2025-03-05/models/logistic_regression.joblib
[2025-10-28T01:30:57.983+0000] {python.py:194} INFO - Done. Returned value was: None
[2025-10-28T01:30:57.988+0000] {taskinstance.py:1400} INFO - Marking task as SUCCESS. dag_id=hiring_dynamic, task_id=train_logistic_regression, execution_date=20250305T150000, start_date=20251028T013048, end_date=20251028T013057
[2025-10-28T01:30:58.067+0000] {local_task_job_runner.py:228} INFO - Task exited with return code 0
[2025-10-28T01:30:58.085+0000] {taskinstance.py:2778} INFO - 1 downstream tasks scheduled from follow-on schedule check
