[2025-10-28T00:41:21.155+0000] {taskinstance.py:1159} INFO - Dependencies all met for dep_context=non-requeueable deps ti=<TaskInstance: hiring_dynamic.load_and_merge scheduled__2025-01-05T15:00:00+00:00 [queued]>
[2025-10-28T00:41:21.158+0000] {taskinstance.py:1159} INFO - Dependencies all met for dep_context=requeueable deps ti=<TaskInstance: hiring_dynamic.load_and_merge scheduled__2025-01-05T15:00:00+00:00 [queued]>
[2025-10-28T00:41:21.158+0000] {taskinstance.py:1361} INFO - Starting attempt 1 of 1
[2025-10-28T00:41:21.165+0000] {taskinstance.py:1382} INFO - Executing <Task(PythonOperator): load_and_merge> on 2025-01-05 15:00:00+00:00
[2025-10-28T00:41:21.169+0000] {standard_task_runner.py:57} INFO - Started process 947 to run task
[2025-10-28T00:41:21.172+0000] {standard_task_runner.py:84} INFO - Running: ['airflow', 'tasks', 'run', 'hiring_dynamic', 'load_and_merge', 'scheduled__2025-01-05T15:00:00+00:00', '--job-id', '42', '--raw', '--subdir', 'DAGS_FOLDER/dag_dynamic.py', '--cfg-path', '/tmp/tmpry1ko4dd']
[2025-10-28T00:41:21.173+0000] {standard_task_runner.py:85} INFO - Job 42: Subtask load_and_merge
[2025-10-28T00:41:21.202+0000] {task_command.py:416} INFO - Running <TaskInstance: hiring_dynamic.load_and_merge scheduled__2025-01-05T15:00:00+00:00 [running]> on host d1f69dfe6243
[2025-10-28T00:41:21.236+0000] {taskinstance.py:1662} INFO - Exporting env vars: AIRFLOW_CTX_DAG_OWNER='airflow' AIRFLOW_CTX_DAG_ID='hiring_dynamic' AIRFLOW_CTX_TASK_ID='load_and_merge' AIRFLOW_CTX_EXECUTION_DATE='2025-01-05T15:00:00+00:00' AIRFLOW_CTX_TRY_NUMBER='1' AIRFLOW_CTX_DAG_RUN_ID='scheduled__2025-01-05T15:00:00+00:00'
[2025-10-28T00:41:21.237+0000] {logging_mixin.py:154} INFO - Leyendo /opt/airflow/data/dynamic/2025-01-05/raw/data_1.csv
[2025-10-28T00:41:21.243+0000] {logging_mixin.py:154} INFO - Leyendo /opt/airflow/data/dynamic/2025-01-05/raw/data_2.csv
[2025-10-28T00:41:21.249+0000] {logging_mixin.py:154} INFO - Datos concatenados guardados en: /opt/airflow/data/dynamic/2025-01-05/preprocessed/merged_data.csv
[2025-10-28T00:41:21.250+0000] {logging_mixin.py:154} INFO - Forma del dataset: (1500, 11)
[2025-10-28T00:41:21.253+0000] {python.py:194} INFO - Done. Returned value was: None
[2025-10-28T00:41:21.255+0000] {taskinstance.py:1400} INFO - Marking task as SUCCESS. dag_id=hiring_dynamic, task_id=load_and_merge, execution_date=20250105T150000, start_date=20251028T004121, end_date=20251028T004121
[2025-10-28T00:41:21.275+0000] {local_task_job_runner.py:228} INFO - Task exited with return code 0
[2025-10-28T00:41:21.286+0000] {taskinstance.py:2778} INFO - 1 downstream tasks scheduled from follow-on schedule check
[2025-10-28T01:28:10.690+0000] {taskinstance.py:1159} INFO - Dependencies all met for dep_context=non-requeueable deps ti=<TaskInstance: hiring_dynamic.load_and_merge scheduled__2025-01-05T15:00:00+00:00 [queued]>
[2025-10-28T01:28:10.694+0000] {taskinstance.py:1159} INFO - Dependencies all met for dep_context=requeueable deps ti=<TaskInstance: hiring_dynamic.load_and_merge scheduled__2025-01-05T15:00:00+00:00 [queued]>
[2025-10-28T01:28:10.695+0000] {taskinstance.py:1361} INFO - Starting attempt 1 of 1
[2025-10-28T01:28:10.703+0000] {taskinstance.py:1382} INFO - Executing <Task(PythonOperator): load_and_merge> on 2025-01-05 15:00:00+00:00
[2025-10-28T01:28:10.718+0000] {standard_task_runner.py:57} INFO - Started process 1078 to run task
[2025-10-28T01:28:10.727+0000] {standard_task_runner.py:84} INFO - Running: ['airflow', 'tasks', 'run', 'hiring_dynamic', 'load_and_merge', 'scheduled__2025-01-05T15:00:00+00:00', '--job-id', '36', '--raw', '--subdir', 'DAGS_FOLDER/dag_dynamic.py', '--cfg-path', '/tmp/tmpu54i9ikn']
[2025-10-28T01:28:10.728+0000] {standard_task_runner.py:85} INFO - Job 36: Subtask load_and_merge
[2025-10-28T01:28:10.764+0000] {task_command.py:416} INFO - Running <TaskInstance: hiring_dynamic.load_and_merge scheduled__2025-01-05T15:00:00+00:00 [running]> on host c46dbfd34b1f
[2025-10-28T01:28:10.795+0000] {taskinstance.py:1662} INFO - Exporting env vars: AIRFLOW_CTX_DAG_OWNER='airflow' AIRFLOW_CTX_DAG_ID='hiring_dynamic' AIRFLOW_CTX_TASK_ID='load_and_merge' AIRFLOW_CTX_EXECUTION_DATE='2025-01-05T15:00:00+00:00' AIRFLOW_CTX_TRY_NUMBER='1' AIRFLOW_CTX_DAG_RUN_ID='scheduled__2025-01-05T15:00:00+00:00'
[2025-10-28T01:28:10.796+0000] {logging_mixin.py:154} INFO - Leyendo /opt/airflow/data/dynamic/2025-01-05/raw/data_1.csv
[2025-10-28T01:28:10.801+0000] {logging_mixin.py:154} INFO - Leyendo /opt/airflow/data/dynamic/2025-01-05/raw/data_2.csv
[2025-10-28T01:28:10.808+0000] {logging_mixin.py:154} INFO - Datos concatenados guardados en: /opt/airflow/data/dynamic/2025-01-05/preprocessed/merged_data.csv
[2025-10-28T01:28:10.808+0000] {logging_mixin.py:154} INFO - Forma del dataset: (1500, 11)
[2025-10-28T01:28:10.812+0000] {python.py:194} INFO - Done. Returned value was: None
[2025-10-28T01:28:10.815+0000] {taskinstance.py:1400} INFO - Marking task as SUCCESS. dag_id=hiring_dynamic, task_id=load_and_merge, execution_date=20250105T150000, start_date=20251028T012810, end_date=20251028T012810
[2025-10-28T01:28:10.868+0000] {local_task_job_runner.py:228} INFO - Task exited with return code 0
[2025-10-28T01:28:10.882+0000] {taskinstance.py:2778} INFO - 1 downstream tasks scheduled from follow-on schedule check
