[2025-10-28T00:45:44.207+0000] {taskinstance.py:1159} INFO - Dependencies all met for dep_context=non-requeueable deps ti=<TaskInstance: hiring_dynamic.download_data_1 scheduled__2025-09-05T15:00:00+00:00 [queued]>
[2025-10-28T00:45:44.211+0000] {taskinstance.py:1159} INFO - Dependencies all met for dep_context=requeueable deps ti=<TaskInstance: hiring_dynamic.download_data_1 scheduled__2025-09-05T15:00:00+00:00 [queued]>
[2025-10-28T00:45:44.211+0000] {taskinstance.py:1361} INFO - Starting attempt 1 of 1
[2025-10-28T00:45:44.217+0000] {taskinstance.py:1382} INFO - Executing <Task(BashOperator): download_data_1> on 2025-09-05 15:00:00+00:00
[2025-10-28T00:45:44.228+0000] {standard_task_runner.py:57} INFO - Started process 2600 to run task
[2025-10-28T00:45:44.231+0000] {standard_task_runner.py:84} INFO - Running: ['airflow', 'tasks', 'run', 'hiring_dynamic', 'download_data_1', 'scheduled__2025-09-05T15:00:00+00:00', '--job-id', '113', '--raw', '--subdir', 'DAGS_FOLDER/dag_dynamic.py', '--cfg-path', '/tmp/tmp4l_m4sj5']
[2025-10-28T00:45:44.231+0000] {standard_task_runner.py:85} INFO - Job 113: Subtask download_data_1
[2025-10-28T00:45:44.258+0000] {task_command.py:416} INFO - Running <TaskInstance: hiring_dynamic.download_data_1 scheduled__2025-09-05T15:00:00+00:00 [running]> on host d1f69dfe6243
[2025-10-28T00:45:44.294+0000] {taskinstance.py:1662} INFO - Exporting env vars: AIRFLOW_CTX_DAG_OWNER='airflow' AIRFLOW_CTX_DAG_ID='hiring_dynamic' AIRFLOW_CTX_TASK_ID='download_data_1' AIRFLOW_CTX_EXECUTION_DATE='2025-09-05T15:00:00+00:00' AIRFLOW_CTX_TRY_NUMBER='1' AIRFLOW_CTX_DAG_RUN_ID='scheduled__2025-09-05T15:00:00+00:00'
[2025-10-28T00:45:44.295+0000] {subprocess.py:63} INFO - Tmp dir root location: /tmp
[2025-10-28T00:45:44.295+0000] {subprocess.py:75} INFO - Running command: ['/bin/bash', '-c', '\n        RAW_DIR="/opt/airflow/data/dynamic/2025-09-05/raw"\n        mkdir -p "$RAW_DIR"\n        curl -L -f -o "$RAW_DIR/data_1.csv" https://gitlab.com/eduardomoyab/laboratorio-13/-/raw/main/files/data_1.csv\n        echo \'✅ Archivo data_1.csv descargado exitosamente\'\n        ls -lh "$RAW_DIR/data_1.csv"\n    ']
[2025-10-28T00:45:44.307+0000] {subprocess.py:86} INFO - Output:
[2025-10-28T00:45:44.321+0000] {subprocess.py:93} INFO -   % Total    % Received % Xferd  Average Speed   Time    Time     Time  Current
[2025-10-28T00:45:44.322+0000] {subprocess.py:93} INFO -                                  Dload  Upload   Total   Spent    Left  Speed
[2025-10-28T00:45:44.975+0000] {subprocess.py:93} INFO -   0     0    0     0    0     0      0      0 --:--:-- --:--:-- --:--:--     0  0     0    0     0    0     0      0      0 --:--:-- --:--:-- --:--:--     0100 32735  100 32735    0     0  50130      0 --:--:-- --:--:-- --:--:-- 50053
[2025-10-28T00:45:44.980+0000] {subprocess.py:93} INFO - ✅ Archivo data_1.csv descargado exitosamente
[2025-10-28T00:45:44.989+0000] {subprocess.py:93} INFO - -rw-r--r-- 1 airflow root 32K Oct 28 00:45 /opt/airflow/data/dynamic/2025-09-05/raw/data_1.csv
[2025-10-28T00:45:44.990+0000] {subprocess.py:97} INFO - Command exited with return code 0
[2025-10-28T00:45:45.014+0000] {taskinstance.py:1400} INFO - Marking task as SUCCESS. dag_id=hiring_dynamic, task_id=download_data_1, execution_date=20250905T150000, start_date=20251028T004544, end_date=20251028T004545
[2025-10-28T00:45:45.029+0000] {local_task_job_runner.py:228} INFO - Task exited with return code 0
[2025-10-28T00:45:45.047+0000] {taskinstance.py:2778} INFO - 0 downstream tasks scheduled from follow-on schedule check
[2025-10-28T01:31:38.747+0000] {taskinstance.py:1159} INFO - Dependencies all met for dep_context=non-requeueable deps ti=<TaskInstance: hiring_dynamic.download_data_1 scheduled__2025-09-05T15:00:00+00:00 [queued]>
[2025-10-28T01:31:38.751+0000] {taskinstance.py:1159} INFO - Dependencies all met for dep_context=requeueable deps ti=<TaskInstance: hiring_dynamic.download_data_1 scheduled__2025-09-05T15:00:00+00:00 [queued]>
[2025-10-28T01:31:38.751+0000] {taskinstance.py:1361} INFO - Starting attempt 1 of 1
[2025-10-28T01:31:38.756+0000] {taskinstance.py:1382} INFO - Executing <Task(BashOperator): download_data_1> on 2025-09-05 15:00:00+00:00
[2025-10-28T01:31:38.760+0000] {standard_task_runner.py:57} INFO - Started process 2333 to run task
[2025-10-28T01:31:38.762+0000] {standard_task_runner.py:84} INFO - Running: ['airflow', 'tasks', 'run', 'hiring_dynamic', 'download_data_1', 'scheduled__2025-09-05T15:00:00+00:00', '--job-id', '91', '--raw', '--subdir', 'DAGS_FOLDER/dag_dynamic.py', '--cfg-path', '/tmp/tmp_pzj0mfd']
[2025-10-28T01:31:38.762+0000] {standard_task_runner.py:85} INFO - Job 91: Subtask download_data_1
[2025-10-28T01:31:38.780+0000] {task_command.py:416} INFO - Running <TaskInstance: hiring_dynamic.download_data_1 scheduled__2025-09-05T15:00:00+00:00 [running]> on host c46dbfd34b1f
[2025-10-28T01:31:38.806+0000] {taskinstance.py:1662} INFO - Exporting env vars: AIRFLOW_CTX_DAG_OWNER='airflow' AIRFLOW_CTX_DAG_ID='hiring_dynamic' AIRFLOW_CTX_TASK_ID='download_data_1' AIRFLOW_CTX_EXECUTION_DATE='2025-09-05T15:00:00+00:00' AIRFLOW_CTX_TRY_NUMBER='1' AIRFLOW_CTX_DAG_RUN_ID='scheduled__2025-09-05T15:00:00+00:00'
[2025-10-28T01:31:38.807+0000] {subprocess.py:63} INFO - Tmp dir root location: /tmp
[2025-10-28T01:31:38.807+0000] {subprocess.py:75} INFO - Running command: ['/bin/bash', '-c', '\n        RAW_DIR="/opt/airflow/data/dynamic/2025-09-05/raw"\n        mkdir -p "$RAW_DIR"\n        curl -L -f -o "$RAW_DIR/data_1.csv" https://gitlab.com/eduardomoyab/laboratorio-13/-/raw/main/files/data_1.csv\n        echo \'✅ Archivo data_1.csv descargado exitosamente\'\n        ls -lh "$RAW_DIR/data_1.csv"\n    ']
[2025-10-28T01:31:38.814+0000] {subprocess.py:86} INFO - Output:
[2025-10-28T01:31:38.822+0000] {subprocess.py:93} INFO -   % Total    % Received % Xferd  Average Speed   Time    Time     Time  Current
[2025-10-28T01:31:38.822+0000] {subprocess.py:93} INFO -                                  Dload  Upload   Total   Spent    Left  Speed
[2025-10-28T01:31:39.424+0000] {subprocess.py:93} INFO -   0     0    0     0    0     0      0      0 --:--:-- --:--:-- --:--:--     0  0     0    0     0    0     0      0      0 --:--:-- --:--:-- --:--:--     0100 32735  100 32735    0     0  54377      0 --:--:-- --:--:-- --:--:-- 54286
[2025-10-28T01:31:39.429+0000] {subprocess.py:93} INFO - ✅ Archivo data_1.csv descargado exitosamente
[2025-10-28T01:31:39.433+0000] {subprocess.py:93} INFO - -rw-r--r-- 1 airflow root 32K Oct 28 01:31 /opt/airflow/data/dynamic/2025-09-05/raw/data_1.csv
[2025-10-28T01:31:39.434+0000] {subprocess.py:97} INFO - Command exited with return code 0
[2025-10-28T01:31:39.459+0000] {taskinstance.py:1400} INFO - Marking task as SUCCESS. dag_id=hiring_dynamic, task_id=download_data_1, execution_date=20250905T150000, start_date=20251028T013138, end_date=20251028T013139
[2025-10-28T01:31:39.505+0000] {local_task_job_runner.py:228} INFO - Task exited with return code 0
[2025-10-28T01:31:39.525+0000] {taskinstance.py:2778} INFO - 0 downstream tasks scheduled from follow-on schedule check
