[2025-10-28T21:44:55.155+0000] {taskinstance.py:1159} INFO - Dependencies all met for dep_context=non-requeueable deps ti=<TaskInstance: sodai_drinks_production_pipeline.preprocess_data manual__2025-10-28T21:26:07.421553+00:00 [queued]>
[2025-10-28T21:44:55.164+0000] {taskinstance.py:1159} INFO - Dependencies all met for dep_context=requeueable deps ti=<TaskInstance: sodai_drinks_production_pipeline.preprocess_data manual__2025-10-28T21:26:07.421553+00:00 [queued]>
[2025-10-28T21:44:55.165+0000] {taskinstance.py:1361} INFO - Starting attempt 2 of 3
[2025-10-28T21:44:55.189+0000] {taskinstance.py:1382} INFO - Executing <Task(PythonOperator): preprocess_data> on 2025-10-28 21:26:07.421553+00:00
[2025-10-28T21:44:55.291+0000] {standard_task_runner.py:57} INFO - Started process 510 to run task
[2025-10-28T21:44:55.307+0000] {standard_task_runner.py:84} INFO - Running: ['***', 'tasks', 'run', 'sodai_drinks_production_pipeline', 'preprocess_data', 'manual__2025-10-28T21:26:07.421553+00:00', '--job-id', '20', '--raw', '--subdir', 'DAGS_FOLDER/pipeline_productivo.py', '--cfg-path', '/tmp/tmpmi_jpvc1']
[2025-10-28T21:44:55.321+0000] {standard_task_runner.py:85} INFO - Job 20: Subtask preprocess_data
[2025-10-28T21:44:55.482+0000] {task_command.py:416} INFO - Running <TaskInstance: sodai_drinks_production_pipeline.preprocess_data manual__2025-10-28T21:26:07.421553+00:00 [running]> on host ee70ee0df05e
[2025-10-28T21:44:55.905+0000] {taskinstance.py:1662} INFO - Exporting env vars: AIRFLOW_CTX_DAG_EMAIL='team@sodaidrinks.com' AIRFLOW_CTX_DAG_OWNER='sodai_drinks_team' AIRFLOW_CTX_DAG_ID='sodai_drinks_production_pipeline' AIRFLOW_CTX_TASK_ID='preprocess_data' AIRFLOW_CTX_EXECUTION_DATE='2025-10-28T21:26:07.421553+00:00' AIRFLOW_CTX_TRY_NUMBER='2' AIRFLOW_CTX_DAG_RUN_ID='manual__2025-10-28T21:26:07.421553+00:00'
[2025-10-28T21:44:55.913+0000] {data_preprocessing.py:191} INFO - Iniciando preprocessing de datos...
[2025-10-28T21:44:56.341+0000] {data_preprocessing.py:130} INFO - Iniciando feature engineering...
[2025-10-28T21:44:57.472+0000] {data_preprocessing.py:113} INFO - IQR filter en cp_total_items: Removidos 3971 registros (13.01%)
[2025-10-28T21:44:57.478+0000] {data_preprocessing.py:113} INFO - IQR filter en cp_avg_items: Removidos 1797 registros (6.77%)
[2025-10-28T21:44:57.481+0000] {data_preprocessing.py:113} INFO - IQR filter en total_items: Removidos 2853 registros (11.53%)
[2025-10-28T21:44:57.484+0000] {data_preprocessing.py:113} INFO - IQR filter en avg_items: Removidos 1077 registros (4.92%)
[2025-10-28T21:44:57.484+0000] {data_preprocessing.py:176} INFO - Features generados: 15 columnas, 20816 filas
[2025-10-28T21:44:57.498+0000] {data_preprocessing.py:211} INFO - Predicción para semana: 2025-01-07 00:00:00
[2025-10-28T21:45:00.094+0000] {data_preprocessing.py:55} INFO - Generando 91542 ejemplos negativos...
[2025-10-28T21:45:06.531+0000] {data_preprocessing.py:83} INFO - Target balanceado - Positivos: 206460, Negativos: 91542
[2025-10-28T21:45:06.838+0000] {data_preprocessing.py:221} INFO - Distribución de clases después del merge:
[2025-10-28T21:45:06.839+0000] {data_preprocessing.py:222} INFO -   Clase 0 (no compró): 0
[2025-10-28T21:45:06.839+0000] {data_preprocessing.py:223} INFO -   Clase 1 (compró): 94587
[2025-10-28T21:45:07.383+0000] {data_preprocessing.py:263} INFO - Preprocessing completado exitosamente
[2025-10-28T21:45:07.406+0000] {python.py:194} INFO - Done. Returned value was: {'status': 'success', 'processed_records': 94587, 'num_features': 22, 'prediction_week': '2025-01-07T00:00:00'}
[2025-10-28T21:45:07.463+0000] {taskinstance.py:1400} INFO - Marking task as SUCCESS. dag_id=sodai_drinks_production_pipeline, task_id=preprocess_data, execution_date=20251028T212607, start_date=20251028T214455, end_date=20251028T214507
[2025-10-28T21:45:07.666+0000] {local_task_job_runner.py:228} INFO - Task exited with return code 0
[2025-10-28T21:45:07.840+0000] {taskinstance.py:2778} INFO - 1 downstream tasks scheduled from follow-on schedule check
