[2025-10-28T00:46:35.008+0000] {taskinstance.py:1159} INFO - Dependencies all met for dep_context=non-requeueable deps ti=<TaskInstance: hiring_dynamic.split_data scheduled__2025-09-05T15:00:00+00:00 [queued]>
[2025-10-28T00:46:35.011+0000] {taskinstance.py:1159} INFO - Dependencies all met for dep_context=requeueable deps ti=<TaskInstance: hiring_dynamic.split_data scheduled__2025-09-05T15:00:00+00:00 [queued]>
[2025-10-28T00:46:35.011+0000] {taskinstance.py:1361} INFO - Starting attempt 1 of 1
[2025-10-28T00:46:35.016+0000] {taskinstance.py:1382} INFO - Executing <Task(PythonOperator): split_data> on 2025-09-05 15:00:00+00:00
[2025-10-28T00:46:35.021+0000] {standard_task_runner.py:57} INFO - Started process 2941 to run task
[2025-10-28T00:46:35.026+0000] {standard_task_runner.py:84} INFO - Running: ['airflow', 'tasks', 'run', 'hiring_dynamic', 'split_data', 'scheduled__2025-09-05T15:00:00+00:00', '--job-id', '126', '--raw', '--subdir', 'DAGS_FOLDER/dag_dynamic.py', '--cfg-path', '/tmp/tmp4d6obvsm']
[2025-10-28T00:46:35.028+0000] {standard_task_runner.py:85} INFO - Job 126: Subtask split_data
[2025-10-28T00:46:35.049+0000] {task_command.py:416} INFO - Running <TaskInstance: hiring_dynamic.split_data scheduled__2025-09-05T15:00:00+00:00 [running]> on host d1f69dfe6243
[2025-10-28T00:46:35.085+0000] {taskinstance.py:1662} INFO - Exporting env vars: AIRFLOW_CTX_DAG_OWNER='airflow' AIRFLOW_CTX_DAG_ID='hiring_dynamic' AIRFLOW_CTX_TASK_ID='split_data' AIRFLOW_CTX_EXECUTION_DATE='2025-09-05T15:00:00+00:00' AIRFLOW_CTX_TRY_NUMBER='1' AIRFLOW_CTX_DAG_RUN_ID='scheduled__2025-09-05T15:00:00+00:00'
[2025-10-28T00:46:35.099+0000] {logging_mixin.py:154} INFO - Train guardado en: /opt/airflow/data/dynamic/2025-09-05/splits/train.csv - Shape: (1200, 10)
[2025-10-28T00:46:35.099+0000] {logging_mixin.py:154} INFO - Test guardado en: /opt/airflow/data/dynamic/2025-09-05/splits/test.csv - Shape: (300, 10)
[2025-10-28T00:46:35.105+0000] {python.py:194} INFO - Done. Returned value was: None
[2025-10-28T00:46:35.107+0000] {taskinstance.py:1400} INFO - Marking task as SUCCESS. dag_id=hiring_dynamic, task_id=split_data, execution_date=20250905T150000, start_date=20251028T004635, end_date=20251028T004635
[2025-10-28T00:46:35.128+0000] {local_task_job_runner.py:228} INFO - Task exited with return code 0
[2025-10-28T00:46:35.139+0000] {taskinstance.py:2778} INFO - 3 downstream tasks scheduled from follow-on schedule check
[2025-10-28T01:33:05.080+0000] {taskinstance.py:1159} INFO - Dependencies all met for dep_context=non-requeueable deps ti=<TaskInstance: hiring_dynamic.split_data scheduled__2025-09-05T15:00:00+00:00 [queued]>
[2025-10-28T01:33:05.083+0000] {taskinstance.py:1159} INFO - Dependencies all met for dep_context=requeueable deps ti=<TaskInstance: hiring_dynamic.split_data scheduled__2025-09-05T15:00:00+00:00 [queued]>
[2025-10-28T01:33:05.083+0000] {taskinstance.py:1361} INFO - Starting attempt 1 of 1
[2025-10-28T01:33:05.090+0000] {taskinstance.py:1382} INFO - Executing <Task(PythonOperator): split_data> on 2025-09-05 15:00:00+00:00
[2025-10-28T01:33:05.104+0000] {standard_task_runner.py:57} INFO - Started process 2818 to run task
[2025-10-28T01:33:05.107+0000] {standard_task_runner.py:84} INFO - Running: ['airflow', 'tasks', 'run', 'hiring_dynamic', 'split_data', 'scheduled__2025-09-05T15:00:00+00:00', '--job-id', '111', '--raw', '--subdir', 'DAGS_FOLDER/dag_dynamic.py', '--cfg-path', '/tmp/tmpfr1umkc9']
[2025-10-28T01:33:05.108+0000] {standard_task_runner.py:85} INFO - Job 111: Subtask split_data
[2025-10-28T01:33:05.129+0000] {task_command.py:416} INFO - Running <TaskInstance: hiring_dynamic.split_data scheduled__2025-09-05T15:00:00+00:00 [running]> on host c46dbfd34b1f
[2025-10-28T01:33:05.158+0000] {taskinstance.py:1662} INFO - Exporting env vars: AIRFLOW_CTX_DAG_OWNER='airflow' AIRFLOW_CTX_DAG_ID='hiring_dynamic' AIRFLOW_CTX_TASK_ID='split_data' AIRFLOW_CTX_EXECUTION_DATE='2025-09-05T15:00:00+00:00' AIRFLOW_CTX_TRY_NUMBER='1' AIRFLOW_CTX_DAG_RUN_ID='scheduled__2025-09-05T15:00:00+00:00'
[2025-10-28T01:33:05.173+0000] {logging_mixin.py:154} INFO - Train guardado en: /opt/airflow/data/dynamic/2025-09-05/splits/train.csv - Shape: (1200, 10)
[2025-10-28T01:33:05.173+0000] {logging_mixin.py:154} INFO - Test guardado en: /opt/airflow/data/dynamic/2025-09-05/splits/test.csv - Shape: (300, 10)
[2025-10-28T01:33:05.179+0000] {python.py:194} INFO - Done. Returned value was: None
[2025-10-28T01:33:05.181+0000] {taskinstance.py:1400} INFO - Marking task as SUCCESS. dag_id=hiring_dynamic, task_id=split_data, execution_date=20250905T150000, start_date=20251028T013305, end_date=20251028T013305
[2025-10-28T01:33:05.210+0000] {local_task_job_runner.py:228} INFO - Task exited with return code 0
[2025-10-28T01:33:05.223+0000] {taskinstance.py:2778} INFO - 3 downstream tasks scheduled from follow-on schedule check
