[2025-10-28T22:41:13.748+0000] {taskinstance.py:1159} INFO - Dependencies all met for dep_context=non-requeueable deps ti=<TaskInstance: sodai_drinks_production_pipeline.preprocess_data manual__2025-10-28T22:25:33.221789+00:00 [queued]>
[2025-10-28T22:41:13.752+0000] {taskinstance.py:1159} INFO - Dependencies all met for dep_context=requeueable deps ti=<TaskInstance: sodai_drinks_production_pipeline.preprocess_data manual__2025-10-28T22:25:33.221789+00:00 [queued]>
[2025-10-28T22:41:13.753+0000] {taskinstance.py:1361} INFO - Starting attempt 4 of 4
[2025-10-28T22:41:13.759+0000] {taskinstance.py:1382} INFO - Executing <Task(PythonOperator): preprocess_data> on 2025-10-28 22:25:33.221789+00:00
[2025-10-28T22:41:13.766+0000] {standard_task_runner.py:57} INFO - Started process 936 to run task
[2025-10-28T22:41:13.769+0000] {standard_task_runner.py:84} INFO - Running: ['***', 'tasks', 'run', 'sodai_drinks_production_pipeline', 'preprocess_data', 'manual__2025-10-28T22:25:33.221789+00:00', '--job-id', '51', '--raw', '--subdir', 'DAGS_FOLDER/pipeline_productivo.py', '--cfg-path', '/tmp/tmplv0jf5_0']
[2025-10-28T22:41:13.773+0000] {standard_task_runner.py:85} INFO - Job 51: Subtask preprocess_data
[2025-10-28T22:41:13.808+0000] {task_command.py:416} INFO - Running <TaskInstance: sodai_drinks_production_pipeline.preprocess_data manual__2025-10-28T22:25:33.221789+00:00 [running]> on host ee70ee0df05e
[2025-10-28T22:41:13.850+0000] {taskinstance.py:1662} INFO - Exporting env vars: AIRFLOW_CTX_DAG_EMAIL='team@sodaidrinks.com' AIRFLOW_CTX_DAG_OWNER='sodai_drinks_team' AIRFLOW_CTX_DAG_ID='sodai_drinks_production_pipeline' AIRFLOW_CTX_TASK_ID='preprocess_data' AIRFLOW_CTX_EXECUTION_DATE='2025-10-28T22:25:33.221789+00:00' AIRFLOW_CTX_TRY_NUMBER='4' AIRFLOW_CTX_DAG_RUN_ID='manual__2025-10-28T22:25:33.221789+00:00'
[2025-10-28T22:41:13.851+0000] {data_preprocessing.py:141} INFO - Iniciando preprocessing de datos (Entrega 1 compatible)...
[2025-10-28T22:41:13.965+0000] {data_preprocessing.py:153} INFO - Datos cargados - Transacciones: 254936, Clientes: 1569, Productos: 971
[2025-10-28T22:41:13.966+0000] {data_preprocessing.py:72} INFO - Creando variable target...
[2025-10-28T22:41:15.622+0000] {data_preprocessing.py:89} INFO - Ejemplos positivos (compraron): 206460
[2025-10-28T22:41:15.731+0000] {data_preprocessing.py:104} INFO - Generando 412920 ejemplos negativos...
[2025-10-28T22:41:24.950+0000] {data_preprocessing.py:130} INFO - Target balanceado - Positivos: 206460, Negativos: 412920
[2025-10-28T22:41:25.256+0000] {data_preprocessing.py:163} INFO - Dataset merged: (619380, 17)
[2025-10-28T22:41:25.498+0000] {data_preprocessing.py:174} INFO - Features: ['customer_type', 'Y', 'X', 'num_deliver_per_week', 'brand', 'category', 'sub_category', 'segment', 'package', 'size']
[2025-10-28T22:41:25.501+0000] {data_preprocessing.py:175} INFO - Distribución de clases - 0: 412920, 1: 206460
[2025-10-28T22:41:27.131+0000] {data_preprocessing.py:230} INFO - Ajustando preprocessor...
[2025-10-28T22:41:28.090+0000] {data_preprocessing.py:262} INFO - Datos transformados: (619380, 19)
[2025-10-28T22:41:28.093+0000] {data_preprocessing.py:263} INFO - Verificación de clases - 0: 412920, 1: 206460
[2025-10-28T22:41:28.789+0000] {data_preprocessing.py:289} INFO - Preprocessing completado exitosamente
[2025-10-28T22:41:28.954+0000] {python.py:194} INFO - Done. Returned value was: {'status': 'success', 'processed_records': 619380, 'num_features': 16, 'positive_class': 206460, 'negative_class': 412920}
[2025-10-28T22:41:28.977+0000] {taskinstance.py:1400} INFO - Marking task as SUCCESS. dag_id=sodai_drinks_production_pipeline, task_id=preprocess_data, execution_date=20251028T222533, start_date=20251028T224113, end_date=20251028T224128
[2025-10-28T22:41:29.023+0000] {local_task_job_runner.py:228} INFO - Task exited with return code 0
[2025-10-28T22:41:29.056+0000] {taskinstance.py:2778} INFO - 1 downstream tasks scheduled from follow-on schedule check
