[2025-10-28T00:44:04.265+0000] {taskinstance.py:1159} INFO - Dependencies all met for dep_context=non-requeueable deps ti=<TaskInstance: hiring_dynamic.train_gradient_boosting scheduled__2025-03-05T15:00:00+00:00 [queued]>
[2025-10-28T00:44:04.268+0000] {taskinstance.py:1159} INFO - Dependencies all met for dep_context=requeueable deps ti=<TaskInstance: hiring_dynamic.train_gradient_boosting scheduled__2025-03-05T15:00:00+00:00 [queued]>
[2025-10-28T00:44:04.268+0000] {taskinstance.py:1361} INFO - Starting attempt 1 of 1
[2025-10-28T00:44:04.274+0000] {taskinstance.py:1382} INFO - Executing <Task(PythonOperator): train_gradient_boosting> on 2025-03-05 15:00:00+00:00
[2025-10-28T00:44:04.281+0000] {standard_task_runner.py:57} INFO - Started process 1996 to run task
[2025-10-28T00:44:04.285+0000] {standard_task_runner.py:84} INFO - Running: ['airflow', 'tasks', 'run', 'hiring_dynamic', 'train_gradient_boosting', 'scheduled__2025-03-05T15:00:00+00:00', '--job-id', '88', '--raw', '--subdir', 'DAGS_FOLDER/dag_dynamic.py', '--cfg-path', '/tmp/tmp3ipf38xe']
[2025-10-28T00:44:04.287+0000] {standard_task_runner.py:85} INFO - Job 88: Subtask train_gradient_boosting
[2025-10-28T00:44:04.312+0000] {task_command.py:416} INFO - Running <TaskInstance: hiring_dynamic.train_gradient_boosting scheduled__2025-03-05T15:00:00+00:00 [running]> on host d1f69dfe6243
[2025-10-28T00:44:04.349+0000] {taskinstance.py:1662} INFO - Exporting env vars: AIRFLOW_CTX_DAG_OWNER='airflow' AIRFLOW_CTX_DAG_ID='hiring_dynamic' AIRFLOW_CTX_TASK_ID='train_gradient_boosting' AIRFLOW_CTX_EXECUTION_DATE='2025-03-05T15:00:00+00:00' AIRFLOW_CTX_TRY_NUMBER='1' AIRFLOW_CTX_DAG_RUN_ID='scheduled__2025-03-05T15:00:00+00:00'
[2025-10-28T00:44:04.357+0000] {logging_mixin.py:154} INFO - Entrenando modelo: gradient_boosting
[2025-10-28T00:44:04.667+0000] {logging_mixin.py:154} INFO - Modelo gradient_boosting guardado en: /opt/airflow/data/dynamic/2025-03-05/models/gradient_boosting.joblib
[2025-10-28T00:44:04.673+0000] {python.py:194} INFO - Done. Returned value was: None
[2025-10-28T00:44:04.676+0000] {taskinstance.py:1400} INFO - Marking task as SUCCESS. dag_id=hiring_dynamic, task_id=train_gradient_boosting, execution_date=20250305T150000, start_date=20251028T004404, end_date=20251028T004404
[2025-10-28T00:44:04.717+0000] {local_task_job_runner.py:228} INFO - Task exited with return code 0
[2025-10-28T00:44:04.730+0000] {taskinstance.py:2778} INFO - 0 downstream tasks scheduled from follow-on schedule check
[2025-10-28T01:30:46.467+0000] {taskinstance.py:1159} INFO - Dependencies all met for dep_context=non-requeueable deps ti=<TaskInstance: hiring_dynamic.train_gradient_boosting scheduled__2025-03-05T15:00:00+00:00 [queued]>
[2025-10-28T01:30:46.470+0000] {taskinstance.py:1159} INFO - Dependencies all met for dep_context=requeueable deps ti=<TaskInstance: hiring_dynamic.train_gradient_boosting scheduled__2025-03-05T15:00:00+00:00 [queued]>
[2025-10-28T01:30:46.470+0000] {taskinstance.py:1361} INFO - Starting attempt 1 of 1
[2025-10-28T01:30:46.476+0000] {taskinstance.py:1382} INFO - Executing <Task(PythonOperator): train_gradient_boosting> on 2025-03-05 15:00:00+00:00
[2025-10-28T01:30:46.480+0000] {standard_task_runner.py:57} INFO - Started process 2040 to run task
[2025-10-28T01:30:46.483+0000] {standard_task_runner.py:84} INFO - Running: ['airflow', 'tasks', 'run', 'hiring_dynamic', 'train_gradient_boosting', 'scheduled__2025-03-05T15:00:00+00:00', '--job-id', '79', '--raw', '--subdir', 'DAGS_FOLDER/dag_dynamic.py', '--cfg-path', '/tmp/tmpv411yip3']
[2025-10-28T01:30:46.484+0000] {standard_task_runner.py:85} INFO - Job 79: Subtask train_gradient_boosting
[2025-10-28T01:30:46.499+0000] {task_command.py:416} INFO - Running <TaskInstance: hiring_dynamic.train_gradient_boosting scheduled__2025-03-05T15:00:00+00:00 [running]> on host c46dbfd34b1f
[2025-10-28T01:30:46.528+0000] {taskinstance.py:1662} INFO - Exporting env vars: AIRFLOW_CTX_DAG_OWNER='airflow' AIRFLOW_CTX_DAG_ID='hiring_dynamic' AIRFLOW_CTX_TASK_ID='train_gradient_boosting' AIRFLOW_CTX_EXECUTION_DATE='2025-03-05T15:00:00+00:00' AIRFLOW_CTX_TRY_NUMBER='1' AIRFLOW_CTX_DAG_RUN_ID='scheduled__2025-03-05T15:00:00+00:00'
[2025-10-28T01:30:46.535+0000] {logging_mixin.py:154} INFO - Entrenando modelo: gradient_boosting
[2025-10-28T01:30:46.814+0000] {logging_mixin.py:154} INFO - Modelo gradient_boosting guardado en: /opt/airflow/data/dynamic/2025-03-05/models/gradient_boosting.joblib
[2025-10-28T01:30:46.820+0000] {python.py:194} INFO - Done. Returned value was: None
[2025-10-28T01:30:46.822+0000] {taskinstance.py:1400} INFO - Marking task as SUCCESS. dag_id=hiring_dynamic, task_id=train_gradient_boosting, execution_date=20250305T150000, start_date=20251028T013046, end_date=20251028T013046
[2025-10-28T01:30:46.846+0000] {local_task_job_runner.py:228} INFO - Task exited with return code 0
[2025-10-28T01:30:46.857+0000] {taskinstance.py:2778} INFO - 0 downstream tasks scheduled from follow-on schedule check
