[2025-10-28T00:45:18.820+0000] {taskinstance.py:1159} INFO - Dependencies all met for dep_context=non-requeueable deps ti=<TaskInstance: hiring_dynamic.split_data scheduled__2025-07-05T15:00:00+00:00 [queued]>
[2025-10-28T00:45:18.823+0000] {taskinstance.py:1159} INFO - Dependencies all met for dep_context=requeueable deps ti=<TaskInstance: hiring_dynamic.split_data scheduled__2025-07-05T15:00:00+00:00 [queued]>
[2025-10-28T00:45:18.823+0000] {taskinstance.py:1361} INFO - Starting attempt 1 of 1
[2025-10-28T00:45:18.829+0000] {taskinstance.py:1382} INFO - Executing <Task(PythonOperator): split_data> on 2025-07-05 15:00:00+00:00
[2025-10-28T00:45:18.832+0000] {standard_task_runner.py:57} INFO - Started process 2470 to run task
[2025-10-28T00:45:18.834+0000] {standard_task_runner.py:84} INFO - Running: ['airflow', 'tasks', 'run', 'hiring_dynamic', 'split_data', 'scheduled__2025-07-05T15:00:00+00:00', '--job-id', '108', '--raw', '--subdir', 'DAGS_FOLDER/dag_dynamic.py', '--cfg-path', '/tmp/tmpj3ktz76i']
[2025-10-28T00:45:18.834+0000] {standard_task_runner.py:85} INFO - Job 108: Subtask split_data
[2025-10-28T00:45:18.850+0000] {task_command.py:416} INFO - Running <TaskInstance: hiring_dynamic.split_data scheduled__2025-07-05T15:00:00+00:00 [running]> on host d1f69dfe6243
[2025-10-28T00:45:18.875+0000] {taskinstance.py:1662} INFO - Exporting env vars: AIRFLOW_CTX_DAG_OWNER='airflow' AIRFLOW_CTX_DAG_ID='hiring_dynamic' AIRFLOW_CTX_TASK_ID='split_data' AIRFLOW_CTX_EXECUTION_DATE='2025-07-05T15:00:00+00:00' AIRFLOW_CTX_TRY_NUMBER='1' AIRFLOW_CTX_DAG_RUN_ID='scheduled__2025-07-05T15:00:00+00:00'
[2025-10-28T00:45:18.887+0000] {logging_mixin.py:154} INFO - Train guardado en: /opt/airflow/data/dynamic/2025-07-05/splits/train.csv - Shape: (1200, 10)
[2025-10-28T00:45:18.887+0000] {logging_mixin.py:154} INFO - Test guardado en: /opt/airflow/data/dynamic/2025-07-05/splits/test.csv - Shape: (300, 10)
[2025-10-28T00:45:18.893+0000] {python.py:194} INFO - Done. Returned value was: None
[2025-10-28T00:45:18.895+0000] {taskinstance.py:1400} INFO - Marking task as SUCCESS. dag_id=hiring_dynamic, task_id=split_data, execution_date=20250705T150000, start_date=20251028T004518, end_date=20251028T004518
[2025-10-28T00:45:18.939+0000] {local_task_job_runner.py:228} INFO - Task exited with return code 0
[2025-10-28T00:45:18.951+0000] {taskinstance.py:2778} INFO - 3 downstream tasks scheduled from follow-on schedule check
[2025-10-28T01:32:15.768+0000] {taskinstance.py:1159} INFO - Dependencies all met for dep_context=non-requeueable deps ti=<TaskInstance: hiring_dynamic.split_data scheduled__2025-07-05T15:00:00+00:00 [queued]>
[2025-10-28T01:32:15.771+0000] {taskinstance.py:1159} INFO - Dependencies all met for dep_context=requeueable deps ti=<TaskInstance: hiring_dynamic.split_data scheduled__2025-07-05T15:00:00+00:00 [queued]>
[2025-10-28T01:32:15.771+0000] {taskinstance.py:1361} INFO - Starting attempt 1 of 1
[2025-10-28T01:32:15.777+0000] {taskinstance.py:1382} INFO - Executing <Task(PythonOperator): split_data> on 2025-07-05 15:00:00+00:00
[2025-10-28T01:32:15.783+0000] {standard_task_runner.py:57} INFO - Started process 2541 to run task
[2025-10-28T01:32:15.785+0000] {standard_task_runner.py:84} INFO - Running: ['airflow', 'tasks', 'run', 'hiring_dynamic', 'split_data', 'scheduled__2025-07-05T15:00:00+00:00', '--job-id', '100', '--raw', '--subdir', 'DAGS_FOLDER/dag_dynamic.py', '--cfg-path', '/tmp/tmp_kzdv0vy']
[2025-10-28T01:32:15.786+0000] {standard_task_runner.py:85} INFO - Job 100: Subtask split_data
[2025-10-28T01:32:15.802+0000] {task_command.py:416} INFO - Running <TaskInstance: hiring_dynamic.split_data scheduled__2025-07-05T15:00:00+00:00 [running]> on host c46dbfd34b1f
[2025-10-28T01:32:15.829+0000] {taskinstance.py:1662} INFO - Exporting env vars: AIRFLOW_CTX_DAG_OWNER='airflow' AIRFLOW_CTX_DAG_ID='hiring_dynamic' AIRFLOW_CTX_TASK_ID='split_data' AIRFLOW_CTX_EXECUTION_DATE='2025-07-05T15:00:00+00:00' AIRFLOW_CTX_TRY_NUMBER='1' AIRFLOW_CTX_DAG_RUN_ID='scheduled__2025-07-05T15:00:00+00:00'
[2025-10-28T01:32:15.845+0000] {logging_mixin.py:154} INFO - Train guardado en: /opt/airflow/data/dynamic/2025-07-05/splits/train.csv - Shape: (1200, 10)
[2025-10-28T01:32:15.845+0000] {logging_mixin.py:154} INFO - Test guardado en: /opt/airflow/data/dynamic/2025-07-05/splits/test.csv - Shape: (300, 10)
[2025-10-28T01:32:15.855+0000] {python.py:194} INFO - Done. Returned value was: None
[2025-10-28T01:32:15.857+0000] {taskinstance.py:1400} INFO - Marking task as SUCCESS. dag_id=hiring_dynamic, task_id=split_data, execution_date=20250705T150000, start_date=20251028T013215, end_date=20251028T013215
[2025-10-28T01:32:15.889+0000] {local_task_job_runner.py:228} INFO - Task exited with return code 0
[2025-10-28T01:32:15.903+0000] {taskinstance.py:2778} INFO - 3 downstream tasks scheduled from follow-on schedule check
