[2025-10-28T00:44:56.322+0000] {taskinstance.py:1159} INFO - Dependencies all met for dep_context=non-requeueable deps ti=<TaskInstance: hiring_dynamic.train_random_forest scheduled__2025-05-05T15:00:00+00:00 [queued]>
[2025-10-28T00:44:56.326+0000] {taskinstance.py:1159} INFO - Dependencies all met for dep_context=requeueable deps ti=<TaskInstance: hiring_dynamic.train_random_forest scheduled__2025-05-05T15:00:00+00:00 [queued]>
[2025-10-28T00:44:56.326+0000] {taskinstance.py:1361} INFO - Starting attempt 1 of 1
[2025-10-28T00:44:56.332+0000] {taskinstance.py:1382} INFO - Executing <Task(PythonOperator): train_random_forest> on 2025-05-05 15:00:00+00:00
[2025-10-28T00:44:56.336+0000] {standard_task_runner.py:57} INFO - Started process 2323 to run task
[2025-10-28T00:44:56.339+0000] {standard_task_runner.py:84} INFO - Running: ['airflow', 'tasks', 'run', 'hiring_dynamic', 'train_random_forest', 'scheduled__2025-05-05T15:00:00+00:00', '--job-id', '102', '--raw', '--subdir', 'DAGS_FOLDER/dag_dynamic.py', '--cfg-path', '/tmp/tmpe6pc9dbp']
[2025-10-28T00:44:56.340+0000] {standard_task_runner.py:85} INFO - Job 102: Subtask train_random_forest
[2025-10-28T00:44:56.359+0000] {task_command.py:416} INFO - Running <TaskInstance: hiring_dynamic.train_random_forest scheduled__2025-05-05T15:00:00+00:00 [running]> on host d1f69dfe6243
[2025-10-28T00:44:56.392+0000] {taskinstance.py:1662} INFO - Exporting env vars: AIRFLOW_CTX_DAG_OWNER='airflow' AIRFLOW_CTX_DAG_ID='hiring_dynamic' AIRFLOW_CTX_TASK_ID='train_random_forest' AIRFLOW_CTX_EXECUTION_DATE='2025-05-05T15:00:00+00:00' AIRFLOW_CTX_TRY_NUMBER='1' AIRFLOW_CTX_DAG_RUN_ID='scheduled__2025-05-05T15:00:00+00:00'
[2025-10-28T00:44:56.397+0000] {logging_mixin.py:154} INFO - Entrenando modelo: random_forest
[2025-10-28T00:44:56.952+0000] {logging_mixin.py:154} INFO - Modelo random_forest guardado en: /opt/airflow/data/dynamic/2025-05-05/models/random_forest.joblib
[2025-10-28T00:44:56.957+0000] {python.py:194} INFO - Done. Returned value was: None
[2025-10-28T00:44:56.959+0000] {taskinstance.py:1400} INFO - Marking task as SUCCESS. dag_id=hiring_dynamic, task_id=train_random_forest, execution_date=20250505T150000, start_date=20251028T004456, end_date=20251028T004456
[2025-10-28T00:44:56.971+0000] {local_task_job_runner.py:228} INFO - Task exited with return code 0
[2025-10-28T00:44:56.980+0000] {taskinstance.py:2778} INFO - 0 downstream tasks scheduled from follow-on schedule check
[2025-10-28T01:31:49.328+0000] {taskinstance.py:1159} INFO - Dependencies all met for dep_context=non-requeueable deps ti=<TaskInstance: hiring_dynamic.train_random_forest scheduled__2025-05-05T15:00:00+00:00 [queued]>
[2025-10-28T01:31:49.331+0000] {taskinstance.py:1159} INFO - Dependencies all met for dep_context=requeueable deps ti=<TaskInstance: hiring_dynamic.train_random_forest scheduled__2025-05-05T15:00:00+00:00 [queued]>
[2025-10-28T01:31:49.332+0000] {taskinstance.py:1361} INFO - Starting attempt 1 of 1
[2025-10-28T01:31:49.337+0000] {taskinstance.py:1382} INFO - Executing <Task(PythonOperator): train_random_forest> on 2025-05-05 15:00:00+00:00
[2025-10-28T01:31:49.340+0000] {standard_task_runner.py:57} INFO - Started process 2411 to run task
[2025-10-28T01:31:49.343+0000] {standard_task_runner.py:84} INFO - Running: ['airflow', 'tasks', 'run', 'hiring_dynamic', 'train_random_forest', 'scheduled__2025-05-05T15:00:00+00:00', '--job-id', '95', '--raw', '--subdir', 'DAGS_FOLDER/dag_dynamic.py', '--cfg-path', '/tmp/tmpe6lv0nn3']
[2025-10-28T01:31:49.344+0000] {standard_task_runner.py:85} INFO - Job 95: Subtask train_random_forest
[2025-10-28T01:31:49.364+0000] {task_command.py:416} INFO - Running <TaskInstance: hiring_dynamic.train_random_forest scheduled__2025-05-05T15:00:00+00:00 [running]> on host c46dbfd34b1f
[2025-10-28T01:31:49.390+0000] {taskinstance.py:1662} INFO - Exporting env vars: AIRFLOW_CTX_DAG_OWNER='airflow' AIRFLOW_CTX_DAG_ID='hiring_dynamic' AIRFLOW_CTX_TASK_ID='train_random_forest' AIRFLOW_CTX_EXECUTION_DATE='2025-05-05T15:00:00+00:00' AIRFLOW_CTX_TRY_NUMBER='1' AIRFLOW_CTX_DAG_RUN_ID='scheduled__2025-05-05T15:00:00+00:00'
[2025-10-28T01:31:49.396+0000] {logging_mixin.py:154} INFO - Entrenando modelo: random_forest
[2025-10-28T01:31:49.956+0000] {logging_mixin.py:154} INFO - Modelo random_forest guardado en: /opt/airflow/data/dynamic/2025-05-05/models/random_forest.joblib
[2025-10-28T01:31:49.962+0000] {python.py:194} INFO - Done. Returned value was: None
[2025-10-28T01:31:49.965+0000] {taskinstance.py:1400} INFO - Marking task as SUCCESS. dag_id=hiring_dynamic, task_id=train_random_forest, execution_date=20250505T150000, start_date=20251028T013149, end_date=20251028T013149
[2025-10-28T01:31:49.979+0000] {local_task_job_runner.py:228} INFO - Task exited with return code 0
[2025-10-28T01:31:49.991+0000] {taskinstance.py:2778} INFO - 0 downstream tasks scheduled from follow-on schedule check
