[2025-10-28T00:42:49.240+0000] {taskinstance.py:1159} INFO - Dependencies all met for dep_context=non-requeueable deps ti=<TaskInstance: hiring_dynamic.train_random_forest scheduled__2025-01-05T15:00:00+00:00 [queued]>
[2025-10-28T00:42:49.243+0000] {taskinstance.py:1159} INFO - Dependencies all met for dep_context=requeueable deps ti=<TaskInstance: hiring_dynamic.train_random_forest scheduled__2025-01-05T15:00:00+00:00 [queued]>
[2025-10-28T00:42:49.243+0000] {taskinstance.py:1361} INFO - Starting attempt 1 of 1
[2025-10-28T00:42:49.248+0000] {taskinstance.py:1382} INFO - Executing <Task(PythonOperator): train_random_forest> on 2025-01-05 15:00:00+00:00
[2025-10-28T00:42:49.252+0000] {standard_task_runner.py:57} INFO - Started process 1535 to run task
[2025-10-28T00:42:49.254+0000] {standard_task_runner.py:84} INFO - Running: ['airflow', 'tasks', 'run', 'hiring_dynamic', 'train_random_forest', 'scheduled__2025-01-05T15:00:00+00:00', '--job-id', '68', '--raw', '--subdir', 'DAGS_FOLDER/dag_dynamic.py', '--cfg-path', '/tmp/tmp9c_e9k85']
[2025-10-28T00:42:49.255+0000] {standard_task_runner.py:85} INFO - Job 68: Subtask train_random_forest
[2025-10-28T00:42:49.276+0000] {task_command.py:416} INFO - Running <TaskInstance: hiring_dynamic.train_random_forest scheduled__2025-01-05T15:00:00+00:00 [running]> on host d1f69dfe6243
[2025-10-28T00:42:49.306+0000] {taskinstance.py:1662} INFO - Exporting env vars: AIRFLOW_CTX_DAG_OWNER='airflow' AIRFLOW_CTX_DAG_ID='hiring_dynamic' AIRFLOW_CTX_TASK_ID='train_random_forest' AIRFLOW_CTX_EXECUTION_DATE='2025-01-05T15:00:00+00:00' AIRFLOW_CTX_TRY_NUMBER='1' AIRFLOW_CTX_DAG_RUN_ID='scheduled__2025-01-05T15:00:00+00:00'
[2025-10-28T00:42:49.312+0000] {logging_mixin.py:154} INFO - Entrenando modelo: random_forest
[2025-10-28T00:42:49.841+0000] {logging_mixin.py:154} INFO - Modelo random_forest guardado en: /opt/airflow/data/dynamic/2025-01-05/models/random_forest.joblib
[2025-10-28T00:42:49.845+0000] {python.py:194} INFO - Done. Returned value was: None
[2025-10-28T00:42:49.847+0000] {taskinstance.py:1400} INFO - Marking task as SUCCESS. dag_id=hiring_dynamic, task_id=train_random_forest, execution_date=20250105T150000, start_date=20251028T004249, end_date=20251028T004249
[2025-10-28T00:42:49.886+0000] {local_task_job_runner.py:228} INFO - Task exited with return code 0
[2025-10-28T00:42:49.897+0000] {taskinstance.py:2778} INFO - 0 downstream tasks scheduled from follow-on schedule check
[2025-10-28T01:29:29.858+0000] {taskinstance.py:1159} INFO - Dependencies all met for dep_context=non-requeueable deps ti=<TaskInstance: hiring_dynamic.train_random_forest scheduled__2025-01-05T15:00:00+00:00 [queued]>
[2025-10-28T01:29:29.862+0000] {taskinstance.py:1159} INFO - Dependencies all met for dep_context=requeueable deps ti=<TaskInstance: hiring_dynamic.train_random_forest scheduled__2025-01-05T15:00:00+00:00 [queued]>
[2025-10-28T01:29:29.863+0000] {taskinstance.py:1361} INFO - Starting attempt 1 of 1
[2025-10-28T01:29:29.883+0000] {taskinstance.py:1382} INFO - Executing <Task(PythonOperator): train_random_forest> on 2025-01-05 15:00:00+00:00
[2025-10-28T01:29:29.909+0000] {standard_task_runner.py:57} INFO - Started process 1562 to run task
[2025-10-28T01:29:29.921+0000] {standard_task_runner.py:84} INFO - Running: ['airflow', 'tasks', 'run', 'hiring_dynamic', 'train_random_forest', 'scheduled__2025-01-05T15:00:00+00:00', '--job-id', '58', '--raw', '--subdir', 'DAGS_FOLDER/dag_dynamic.py', '--cfg-path', '/tmp/tmpbanu9jw7']
[2025-10-28T01:29:29.923+0000] {standard_task_runner.py:85} INFO - Job 58: Subtask train_random_forest
[2025-10-28T01:29:30.293+0000] {task_command.py:416} INFO - Running <TaskInstance: hiring_dynamic.train_random_forest scheduled__2025-01-05T15:00:00+00:00 [running]> on host c46dbfd34b1f
[2025-10-28T01:29:31.004+0000] {taskinstance.py:1662} INFO - Exporting env vars: AIRFLOW_CTX_DAG_OWNER='airflow' AIRFLOW_CTX_DAG_ID='hiring_dynamic' AIRFLOW_CTX_TASK_ID='train_random_forest' AIRFLOW_CTX_EXECUTION_DATE='2025-01-05T15:00:00+00:00' AIRFLOW_CTX_TRY_NUMBER='1' AIRFLOW_CTX_DAG_RUN_ID='scheduled__2025-01-05T15:00:00+00:00'
[2025-10-28T01:29:31.033+0000] {logging_mixin.py:154} INFO - Entrenando modelo: random_forest
[2025-10-28T01:29:32.175+0000] {logging_mixin.py:154} INFO - Modelo random_forest guardado en: /opt/airflow/data/dynamic/2025-01-05/models/random_forest.joblib
[2025-10-28T01:29:32.195+0000] {python.py:194} INFO - Done. Returned value was: None
[2025-10-28T01:29:32.199+0000] {taskinstance.py:1400} INFO - Marking task as SUCCESS. dag_id=hiring_dynamic, task_id=train_random_forest, execution_date=20250105T150000, start_date=20251028T012929, end_date=20251028T012932
[2025-10-28T01:29:32.262+0000] {local_task_job_runner.py:228} INFO - Task exited with return code 0
[2025-10-28T01:29:32.298+0000] {taskinstance.py:2778} INFO - 0 downstream tasks scheduled from follow-on schedule check
