[2025-10-28T00:43:55.114+0000] {taskinstance.py:1159} INFO - Dependencies all met for dep_context=non-requeueable deps ti=<TaskInstance: hiring_dynamic.load_and_merge scheduled__2025-05-05T15:00:00+00:00 [queued]>
[2025-10-28T00:43:55.118+0000] {taskinstance.py:1159} INFO - Dependencies all met for dep_context=requeueable deps ti=<TaskInstance: hiring_dynamic.load_and_merge scheduled__2025-05-05T15:00:00+00:00 [queued]>
[2025-10-28T00:43:55.118+0000] {taskinstance.py:1361} INFO - Starting attempt 1 of 1
[2025-10-28T00:43:55.124+0000] {taskinstance.py:1382} INFO - Executing <Task(PythonOperator): load_and_merge> on 2025-05-05 15:00:00+00:00
[2025-10-28T00:43:55.129+0000] {standard_task_runner.py:57} INFO - Started process 1934 to run task
[2025-10-28T00:43:55.132+0000] {standard_task_runner.py:84} INFO - Running: ['airflow', 'tasks', 'run', 'hiring_dynamic', 'load_and_merge', 'scheduled__2025-05-05T15:00:00+00:00', '--job-id', '85', '--raw', '--subdir', 'DAGS_FOLDER/dag_dynamic.py', '--cfg-path', '/tmp/tmp3h7e8xyr']
[2025-10-28T00:43:55.134+0000] {standard_task_runner.py:85} INFO - Job 85: Subtask load_and_merge
[2025-10-28T00:43:55.163+0000] {task_command.py:416} INFO - Running <TaskInstance: hiring_dynamic.load_and_merge scheduled__2025-05-05T15:00:00+00:00 [running]> on host d1f69dfe6243
[2025-10-28T00:43:55.196+0000] {taskinstance.py:1662} INFO - Exporting env vars: AIRFLOW_CTX_DAG_OWNER='airflow' AIRFLOW_CTX_DAG_ID='hiring_dynamic' AIRFLOW_CTX_TASK_ID='load_and_merge' AIRFLOW_CTX_EXECUTION_DATE='2025-05-05T15:00:00+00:00' AIRFLOW_CTX_TRY_NUMBER='1' AIRFLOW_CTX_DAG_RUN_ID='scheduled__2025-05-05T15:00:00+00:00'
[2025-10-28T00:43:55.198+0000] {logging_mixin.py:154} INFO - Leyendo /opt/airflow/data/dynamic/2025-05-05/raw/data_1.csv
[2025-10-28T00:43:55.203+0000] {logging_mixin.py:154} INFO - Leyendo /opt/airflow/data/dynamic/2025-05-05/raw/data_2.csv
[2025-10-28T00:43:55.212+0000] {logging_mixin.py:154} INFO - Datos concatenados guardados en: /opt/airflow/data/dynamic/2025-05-05/preprocessed/merged_data.csv
[2025-10-28T00:43:55.212+0000] {logging_mixin.py:154} INFO - Forma del dataset: (1500, 11)
[2025-10-28T00:43:55.217+0000] {python.py:194} INFO - Done. Returned value was: None
[2025-10-28T00:43:55.220+0000] {taskinstance.py:1400} INFO - Marking task as SUCCESS. dag_id=hiring_dynamic, task_id=load_and_merge, execution_date=20250505T150000, start_date=20251028T004355, end_date=20251028T004355
[2025-10-28T00:43:55.236+0000] {local_task_job_runner.py:228} INFO - Task exited with return code 0
[2025-10-28T00:43:55.249+0000] {taskinstance.py:2778} INFO - 1 downstream tasks scheduled from follow-on schedule check
[2025-10-28T01:30:40.032+0000] {taskinstance.py:1159} INFO - Dependencies all met for dep_context=non-requeueable deps ti=<TaskInstance: hiring_dynamic.load_and_merge scheduled__2025-05-05T15:00:00+00:00 [queued]>
[2025-10-28T01:30:40.036+0000] {taskinstance.py:1159} INFO - Dependencies all met for dep_context=requeueable deps ti=<TaskInstance: hiring_dynamic.load_and_merge scheduled__2025-05-05T15:00:00+00:00 [queued]>
[2025-10-28T01:30:40.036+0000] {taskinstance.py:1361} INFO - Starting attempt 1 of 1
[2025-10-28T01:30:40.042+0000] {taskinstance.py:1382} INFO - Executing <Task(PythonOperator): load_and_merge> on 2025-05-05 15:00:00+00:00
[2025-10-28T01:30:40.046+0000] {standard_task_runner.py:57} INFO - Started process 1978 to run task
[2025-10-28T01:30:40.048+0000] {standard_task_runner.py:84} INFO - Running: ['airflow', 'tasks', 'run', 'hiring_dynamic', 'load_and_merge', 'scheduled__2025-05-05T15:00:00+00:00', '--job-id', '76', '--raw', '--subdir', 'DAGS_FOLDER/dag_dynamic.py', '--cfg-path', '/tmp/tmpx75dzfdm']
[2025-10-28T01:30:40.049+0000] {standard_task_runner.py:85} INFO - Job 76: Subtask load_and_merge
[2025-10-28T01:30:40.066+0000] {task_command.py:416} INFO - Running <TaskInstance: hiring_dynamic.load_and_merge scheduled__2025-05-05T15:00:00+00:00 [running]> on host c46dbfd34b1f
[2025-10-28T01:30:40.092+0000] {taskinstance.py:1662} INFO - Exporting env vars: AIRFLOW_CTX_DAG_OWNER='airflow' AIRFLOW_CTX_DAG_ID='hiring_dynamic' AIRFLOW_CTX_TASK_ID='load_and_merge' AIRFLOW_CTX_EXECUTION_DATE='2025-05-05T15:00:00+00:00' AIRFLOW_CTX_TRY_NUMBER='1' AIRFLOW_CTX_DAG_RUN_ID='scheduled__2025-05-05T15:00:00+00:00'
[2025-10-28T01:30:40.093+0000] {logging_mixin.py:154} INFO - Leyendo /opt/airflow/data/dynamic/2025-05-05/raw/data_1.csv
[2025-10-28T01:30:40.097+0000] {logging_mixin.py:154} INFO - Leyendo /opt/airflow/data/dynamic/2025-05-05/raw/data_2.csv
[2025-10-28T01:30:40.104+0000] {logging_mixin.py:154} INFO - Datos concatenados guardados en: /opt/airflow/data/dynamic/2025-05-05/preprocessed/merged_data.csv
[2025-10-28T01:30:40.104+0000] {logging_mixin.py:154} INFO - Forma del dataset: (1500, 11)
[2025-10-28T01:30:40.108+0000] {python.py:194} INFO - Done. Returned value was: None
[2025-10-28T01:30:40.109+0000] {taskinstance.py:1400} INFO - Marking task as SUCCESS. dag_id=hiring_dynamic, task_id=load_and_merge, execution_date=20250505T150000, start_date=20251028T013040, end_date=20251028T013040
[2025-10-28T01:30:40.148+0000] {local_task_job_runner.py:228} INFO - Task exited with return code 0
[2025-10-28T01:30:40.162+0000] {taskinstance.py:2778} INFO - 1 downstream tasks scheduled from follow-on schedule check
