[2025-10-28T00:43:23.833+0000] {taskinstance.py:1159} INFO - Dependencies all met for dep_context=non-requeueable deps ti=<TaskInstance: hiring_dynamic.train_random_forest scheduled__2025-02-05T15:00:00+00:00 [queued]>
[2025-10-28T00:43:23.836+0000] {taskinstance.py:1159} INFO - Dependencies all met for dep_context=requeueable deps ti=<TaskInstance: hiring_dynamic.train_random_forest scheduled__2025-02-05T15:00:00+00:00 [queued]>
[2025-10-28T00:43:23.836+0000] {taskinstance.py:1361} INFO - Starting attempt 1 of 1
[2025-10-28T00:43:23.843+0000] {taskinstance.py:1382} INFO - Executing <Task(PythonOperator): train_random_forest> on 2025-02-05 15:00:00+00:00
[2025-10-28T00:43:23.852+0000] {standard_task_runner.py:57} INFO - Started process 1760 to run task
[2025-10-28T00:43:23.858+0000] {standard_task_runner.py:84} INFO - Running: ['airflow', 'tasks', 'run', 'hiring_dynamic', 'train_random_forest', 'scheduled__2025-02-05T15:00:00+00:00', '--job-id', '78', '--raw', '--subdir', 'DAGS_FOLDER/dag_dynamic.py', '--cfg-path', '/tmp/tmpqm8vp_dr']
[2025-10-28T00:43:23.859+0000] {standard_task_runner.py:85} INFO - Job 78: Subtask train_random_forest
[2025-10-28T00:43:23.890+0000] {task_command.py:416} INFO - Running <TaskInstance: hiring_dynamic.train_random_forest scheduled__2025-02-05T15:00:00+00:00 [running]> on host d1f69dfe6243
[2025-10-28T00:43:23.937+0000] {taskinstance.py:1662} INFO - Exporting env vars: AIRFLOW_CTX_DAG_OWNER='airflow' AIRFLOW_CTX_DAG_ID='hiring_dynamic' AIRFLOW_CTX_TASK_ID='train_random_forest' AIRFLOW_CTX_EXECUTION_DATE='2025-02-05T15:00:00+00:00' AIRFLOW_CTX_TRY_NUMBER='1' AIRFLOW_CTX_DAG_RUN_ID='scheduled__2025-02-05T15:00:00+00:00'
[2025-10-28T00:43:23.945+0000] {logging_mixin.py:154} INFO - Entrenando modelo: random_forest
[2025-10-28T00:43:24.523+0000] {logging_mixin.py:154} INFO - Modelo random_forest guardado en: /opt/airflow/data/dynamic/2025-02-05/models/random_forest.joblib
[2025-10-28T00:43:24.528+0000] {python.py:194} INFO - Done. Returned value was: None
[2025-10-28T00:43:24.530+0000] {taskinstance.py:1400} INFO - Marking task as SUCCESS. dag_id=hiring_dynamic, task_id=train_random_forest, execution_date=20250205T150000, start_date=20251028T004323, end_date=20251028T004324
[2025-10-28T00:43:24.579+0000] {local_task_job_runner.py:228} INFO - Task exited with return code 0
[2025-10-28T00:43:24.594+0000] {taskinstance.py:2778} INFO - 0 downstream tasks scheduled from follow-on schedule check
[2025-10-28T01:30:07.263+0000] {taskinstance.py:1159} INFO - Dependencies all met for dep_context=non-requeueable deps ti=<TaskInstance: hiring_dynamic.train_random_forest scheduled__2025-02-05T15:00:00+00:00 [queued]>
[2025-10-28T01:30:07.271+0000] {taskinstance.py:1159} INFO - Dependencies all met for dep_context=requeueable deps ti=<TaskInstance: hiring_dynamic.train_random_forest scheduled__2025-02-05T15:00:00+00:00 [queued]>
[2025-10-28T01:30:07.272+0000] {taskinstance.py:1361} INFO - Starting attempt 1 of 1
[2025-10-28T01:30:07.294+0000] {taskinstance.py:1382} INFO - Executing <Task(PythonOperator): train_random_forest> on 2025-02-05 15:00:00+00:00
[2025-10-28T01:30:07.308+0000] {standard_task_runner.py:57} INFO - Started process 1787 to run task
[2025-10-28T01:30:07.316+0000] {standard_task_runner.py:84} INFO - Running: ['airflow', 'tasks', 'run', 'hiring_dynamic', 'train_random_forest', 'scheduled__2025-02-05T15:00:00+00:00', '--job-id', '68', '--raw', '--subdir', 'DAGS_FOLDER/dag_dynamic.py', '--cfg-path', '/tmp/tmp8bhd83gj']
[2025-10-28T01:30:07.318+0000] {standard_task_runner.py:85} INFO - Job 68: Subtask train_random_forest
[2025-10-28T01:30:07.364+0000] {task_command.py:416} INFO - Running <TaskInstance: hiring_dynamic.train_random_forest scheduled__2025-02-05T15:00:00+00:00 [running]> on host c46dbfd34b1f
[2025-10-28T01:30:07.403+0000] {taskinstance.py:1662} INFO - Exporting env vars: AIRFLOW_CTX_DAG_OWNER='airflow' AIRFLOW_CTX_DAG_ID='hiring_dynamic' AIRFLOW_CTX_TASK_ID='train_random_forest' AIRFLOW_CTX_EXECUTION_DATE='2025-02-05T15:00:00+00:00' AIRFLOW_CTX_TRY_NUMBER='1' AIRFLOW_CTX_DAG_RUN_ID='scheduled__2025-02-05T15:00:00+00:00'
[2025-10-28T01:30:07.411+0000] {logging_mixin.py:154} INFO - Entrenando modelo: random_forest
[2025-10-28T01:30:08.166+0000] {logging_mixin.py:154} INFO - Modelo random_forest guardado en: /opt/airflow/data/dynamic/2025-02-05/models/random_forest.joblib
[2025-10-28T01:30:08.184+0000] {python.py:194} INFO - Done. Returned value was: None
[2025-10-28T01:30:08.189+0000] {taskinstance.py:1400} INFO - Marking task as SUCCESS. dag_id=hiring_dynamic, task_id=train_random_forest, execution_date=20250205T150000, start_date=20251028T013007, end_date=20251028T013008
[2025-10-28T01:30:08.223+0000] {local_task_job_runner.py:228} INFO - Task exited with return code 0
[2025-10-28T01:30:08.253+0000] {taskinstance.py:2778} INFO - 0 downstream tasks scheduled from follow-on schedule check
