[2025-10-28T22:53:28.504+0000] {taskinstance.py:1159} INFO - Dependencies all met for dep_context=non-requeueable deps ti=<TaskInstance: sodai_drinks_production_pipeline.generate_predictions scheduled__2025-10-19T00:00:00+00:00 [queued]>
[2025-10-28T22:53:28.510+0000] {taskinstance.py:1159} INFO - Dependencies all met for dep_context=requeueable deps ti=<TaskInstance: sodai_drinks_production_pipeline.generate_predictions scheduled__2025-10-19T00:00:00+00:00 [queued]>
[2025-10-28T22:53:28.510+0000] {taskinstance.py:1361} INFO - Starting attempt 3 of 4
[2025-10-28T22:53:28.517+0000] {taskinstance.py:1382} INFO - Executing <Task(PythonOperator): generate_predictions> on 2025-10-19 00:00:00+00:00
[2025-10-28T22:53:28.530+0000] {standard_task_runner.py:57} INFO - Started process 462 to run task
[2025-10-28T22:53:28.534+0000] {standard_task_runner.py:84} INFO - Running: ['***', 'tasks', 'run', 'sodai_drinks_production_pipeline', 'generate_predictions', 'scheduled__2025-10-19T00:00:00+00:00', '--job-id', '64', '--raw', '--subdir', 'DAGS_FOLDER/pipeline_productivo.py', '--cfg-path', '/tmp/tmp2t__cgda']
[2025-10-28T22:53:28.538+0000] {standard_task_runner.py:85} INFO - Job 64: Subtask generate_predictions
[2025-10-28T22:53:28.581+0000] {task_command.py:416} INFO - Running <TaskInstance: sodai_drinks_production_pipeline.generate_predictions scheduled__2025-10-19T00:00:00+00:00 [running]> on host ee70ee0df05e
[2025-10-28T22:53:28.618+0000] {taskinstance.py:1662} INFO - Exporting env vars: AIRFLOW_CTX_DAG_EMAIL='team@sodaidrinks.com' AIRFLOW_CTX_DAG_OWNER='sodai_drinks_team' AIRFLOW_CTX_DAG_ID='sodai_drinks_production_pipeline' AIRFLOW_CTX_TASK_ID='generate_predictions' AIRFLOW_CTX_EXECUTION_DATE='2025-10-19T00:00:00+00:00' AIRFLOW_CTX_TRY_NUMBER='3' AIRFLOW_CTX_DAG_RUN_ID='scheduled__2025-10-19T00:00:00+00:00'
[2025-10-28T22:53:28.619+0000] {prediction_generation.py:26} INFO - Iniciando generación de predicciones...
[2025-10-28T22:53:28.830+0000] {taskinstance.py:1937} ERROR - Task failed with exception
Traceback (most recent call last):
  File "/home/airflow/.local/lib/python3.10/site-packages/airflow/operators/python.py", line 192, in execute
    return_value = self.execute_callable()
  File "/home/airflow/.local/lib/python3.10/site-packages/airflow/operators/python.py", line 209, in execute_callable
    return self.python_callable(*self.op_args, **self.op_kwargs)
  File "/opt/airflow/dags/tasks/prediction_generation.py", line 37, in generate_predictions
    with open(model_path, 'rb') as f:
TypeError: expected str, bytes or os.PathLike object, not NoneType
[2025-10-28T22:53:28.846+0000] {taskinstance.py:1400} INFO - Marking task as UP_FOR_RETRY. dag_id=sodai_drinks_production_pipeline, task_id=generate_predictions, execution_date=20251019T000000, start_date=20251028T225328, end_date=20251028T225328
[2025-10-28T22:53:28.860+0000] {standard_task_runner.py:104} ERROR - Failed to execute job 64 for task generate_predictions (expected str, bytes or os.PathLike object, not NoneType; 462)
[2025-10-28T22:53:28.887+0000] {local_task_job_runner.py:228} INFO - Task exited with return code 1
[2025-10-28T22:53:28.930+0000] {taskinstance.py:2778} INFO - 0 downstream tasks scheduled from follow-on schedule check
[2025-10-28T23:32:01.508+0000] {taskinstance.py:1159} INFO - Dependencies all met for dep_context=non-requeueable deps ti=<TaskInstance: sodai_drinks_production_pipeline.generate_predictions scheduled__2025-10-19T00:00:00+00:00 [queued]>
[2025-10-28T23:32:01.516+0000] {taskinstance.py:1159} INFO - Dependencies all met for dep_context=requeueable deps ti=<TaskInstance: sodai_drinks_production_pipeline.generate_predictions scheduled__2025-10-19T00:00:00+00:00 [queued]>
[2025-10-28T23:32:01.516+0000] {taskinstance.py:1361} INFO - Starting attempt 3 of 4
[2025-10-28T23:32:01.526+0000] {taskinstance.py:1382} INFO - Executing <Task(PythonOperator): generate_predictions> on 2025-10-19 00:00:00+00:00
[2025-10-28T23:32:01.546+0000] {standard_task_runner.py:57} INFO - Started process 491 to run task
[2025-10-28T23:32:01.550+0000] {standard_task_runner.py:84} INFO - Running: ['***', 'tasks', 'run', 'sodai_drinks_production_pipeline', 'generate_predictions', 'scheduled__2025-10-19T00:00:00+00:00', '--job-id', '99', '--raw', '--subdir', 'DAGS_FOLDER/pipeline_productivo.py', '--cfg-path', '/tmp/tmpj3j8hkfc']
[2025-10-28T23:32:01.555+0000] {standard_task_runner.py:85} INFO - Job 99: Subtask generate_predictions
[2025-10-28T23:32:01.595+0000] {task_command.py:416} INFO - Running <TaskInstance: sodai_drinks_production_pipeline.generate_predictions scheduled__2025-10-19T00:00:00+00:00 [running]> on host ee70ee0df05e
[2025-10-28T23:32:01.653+0000] {taskinstance.py:1662} INFO - Exporting env vars: AIRFLOW_CTX_DAG_EMAIL='team@sodaidrinks.com' AIRFLOW_CTX_DAG_OWNER='sodai_drinks_team' AIRFLOW_CTX_DAG_ID='sodai_drinks_production_pipeline' AIRFLOW_CTX_TASK_ID='generate_predictions' AIRFLOW_CTX_EXECUTION_DATE='2025-10-19T00:00:00+00:00' AIRFLOW_CTX_TRY_NUMBER='3' AIRFLOW_CTX_DAG_RUN_ID='scheduled__2025-10-19T00:00:00+00:00'
[2025-10-28T23:32:01.654+0000] {prediction_generation.py:26} INFO - Iniciando generación de predicciones...
[2025-10-28T23:32:01.667+0000] {prediction_generation.py:38} INFO - No hay modelo nuevo en XCom. Usando modelo existente: /opt/***/models/best_model.pkl
[2025-10-28T23:32:01.668+0000] {taskinstance.py:1937} ERROR - Task failed with exception
Traceback (most recent call last):
  File "/home/airflow/.local/lib/python3.10/site-packages/airflow/operators/python.py", line 192, in execute
    return_value = self.execute_callable()
  File "/home/airflow/.local/lib/python3.10/site-packages/airflow/operators/python.py", line 209, in execute_callable
    return self.python_callable(*self.op_args, **self.op_kwargs)
  File "/opt/airflow/dags/tasks/prediction_generation.py", line 41, in generate_predictions
    raise FileNotFoundError(
FileNotFoundError: No se encontró ningún modelo. Debe entrenar un modelo primero o verificar que existe best_model.pkl en /opt/***/models/
[2025-10-28T23:32:01.673+0000] {taskinstance.py:1400} INFO - Marking task as UP_FOR_RETRY. dag_id=sodai_drinks_production_pipeline, task_id=generate_predictions, execution_date=20251019T000000, start_date=20251028T233201, end_date=20251028T233201
[2025-10-28T23:32:01.680+0000] {standard_task_runner.py:104} ERROR - Failed to execute job 99 for task generate_predictions (No se encontró ningún modelo. Debe entrenar un modelo primero o verificar que existe best_model.pkl en /opt/***/models/; 491)
[2025-10-28T23:32:01.696+0000] {local_task_job_runner.py:228} INFO - Task exited with return code 1
[2025-10-28T23:32:01.710+0000] {taskinstance.py:2778} INFO - 0 downstream tasks scheduled from follow-on schedule check
