[2025-10-28T00:42:06.683+0000] {taskinstance.py:1159} INFO - Dependencies all met for dep_context=non-requeueable deps ti=<TaskInstance: hiring_dynamic.download_data_2 scheduled__2025-04-05T15:00:00+00:00 [queued]>
[2025-10-28T00:42:06.687+0000] {taskinstance.py:1159} INFO - Dependencies all met for dep_context=requeueable deps ti=<TaskInstance: hiring_dynamic.download_data_2 scheduled__2025-04-05T15:00:00+00:00 [queued]>
[2025-10-28T00:42:06.687+0000] {taskinstance.py:1361} INFO - Starting attempt 1 of 1
[2025-10-28T00:42:06.692+0000] {taskinstance.py:1382} INFO - Executing <Task(BashOperator): download_data_2> on 2025-04-05 15:00:00+00:00
[2025-10-28T00:42:06.696+0000] {standard_task_runner.py:57} INFO - Started process 1226 to run task
[2025-10-28T00:42:06.699+0000] {standard_task_runner.py:84} INFO - Running: ['airflow', 'tasks', 'run', 'hiring_dynamic', 'download_data_2', 'scheduled__2025-04-05T15:00:00+00:00', '--job-id', '54', '--raw', '--subdir', 'DAGS_FOLDER/dag_dynamic.py', '--cfg-path', '/tmp/tmpn91mmrz0']
[2025-10-28T00:42:06.699+0000] {standard_task_runner.py:85} INFO - Job 54: Subtask download_data_2
[2025-10-28T00:42:06.724+0000] {task_command.py:416} INFO - Running <TaskInstance: hiring_dynamic.download_data_2 scheduled__2025-04-05T15:00:00+00:00 [running]> on host d1f69dfe6243
[2025-10-28T00:42:06.749+0000] {taskinstance.py:1662} INFO - Exporting env vars: AIRFLOW_CTX_DAG_OWNER='airflow' AIRFLOW_CTX_DAG_ID='hiring_dynamic' AIRFLOW_CTX_TASK_ID='download_data_2' AIRFLOW_CTX_EXECUTION_DATE='2025-04-05T15:00:00+00:00' AIRFLOW_CTX_TRY_NUMBER='1' AIRFLOW_CTX_DAG_RUN_ID='scheduled__2025-04-05T15:00:00+00:00'
[2025-10-28T00:42:06.749+0000] {subprocess.py:63} INFO - Tmp dir root location: /tmp
[2025-10-28T00:42:06.750+0000] {subprocess.py:75} INFO - Running command: ['/bin/bash', '-c', '\n        RAW_DIR="/opt/airflow/data/dynamic/2025-04-05/raw"\n        mkdir -p "$RAW_DIR"\n        curl -L -f -o "$RAW_DIR/data_2.csv" https://gitlab.com/eduardomoyab/laboratorio-13/-/raw/main/files/data_2.csv\n        echo \'✅ Archivo data_2.csv descargado exitosamente\'\n        ls -lh "$RAW_DIR/data_2.csv"\n    ']
[2025-10-28T00:42:06.756+0000] {subprocess.py:86} INFO - Output:
[2025-10-28T00:42:06.762+0000] {subprocess.py:93} INFO -   % Total    % Received % Xferd  Average Speed   Time    Time     Time  Current
[2025-10-28T00:42:06.762+0000] {subprocess.py:93} INFO -                                  Dload  Upload   Total   Spent    Left  Speed
[2025-10-28T00:42:06.863+0000] {subprocess.py:93} INFO -   0     0    0     0    0     0      0      0 --:--:-- --:--:-- --:--:--     0100 32687  100 32687    0     0   316k      0 --:--:-- --:--:-- --:--:--  319k
[2025-10-28T00:42:06.865+0000] {subprocess.py:93} INFO - ✅ Archivo data_2.csv descargado exitosamente
[2025-10-28T00:42:06.867+0000] {subprocess.py:93} INFO - -rw-r--r-- 1 airflow root 32K Oct 28 00:42 /opt/airflow/data/dynamic/2025-04-05/raw/data_2.csv
[2025-10-28T00:42:06.868+0000] {subprocess.py:97} INFO - Command exited with return code 0
[2025-10-28T00:42:06.882+0000] {taskinstance.py:1400} INFO - Marking task as SUCCESS. dag_id=hiring_dynamic, task_id=download_data_2, execution_date=20250405T150000, start_date=20251028T004206, end_date=20251028T004206
[2025-10-28T00:42:06.923+0000] {local_task_job_runner.py:228} INFO - Task exited with return code 0
[2025-10-28T00:42:06.935+0000] {taskinstance.py:2778} INFO - 0 downstream tasks scheduled from follow-on schedule check
[2025-10-28T01:28:44.346+0000] {taskinstance.py:1159} INFO - Dependencies all met for dep_context=non-requeueable deps ti=<TaskInstance: hiring_dynamic.download_data_2 scheduled__2025-04-05T15:00:00+00:00 [queued]>
[2025-10-28T01:28:44.350+0000] {taskinstance.py:1159} INFO - Dependencies all met for dep_context=requeueable deps ti=<TaskInstance: hiring_dynamic.download_data_2 scheduled__2025-04-05T15:00:00+00:00 [queued]>
[2025-10-28T01:28:44.350+0000] {taskinstance.py:1361} INFO - Starting attempt 1 of 1
[2025-10-28T01:28:44.356+0000] {taskinstance.py:1382} INFO - Executing <Task(BashOperator): download_data_2> on 2025-04-05 15:00:00+00:00
[2025-10-28T01:28:44.367+0000] {standard_task_runner.py:57} INFO - Started process 1281 to run task
[2025-10-28T01:28:44.369+0000] {standard_task_runner.py:84} INFO - Running: ['airflow', 'tasks', 'run', 'hiring_dynamic', 'download_data_2', 'scheduled__2025-04-05T15:00:00+00:00', '--job-id', '45', '--raw', '--subdir', 'DAGS_FOLDER/dag_dynamic.py', '--cfg-path', '/tmp/tmp90mzbv6c']
[2025-10-28T01:28:44.370+0000] {standard_task_runner.py:85} INFO - Job 45: Subtask download_data_2
[2025-10-28T01:28:44.389+0000] {task_command.py:416} INFO - Running <TaskInstance: hiring_dynamic.download_data_2 scheduled__2025-04-05T15:00:00+00:00 [running]> on host c46dbfd34b1f
[2025-10-28T01:28:44.414+0000] {taskinstance.py:1662} INFO - Exporting env vars: AIRFLOW_CTX_DAG_OWNER='airflow' AIRFLOW_CTX_DAG_ID='hiring_dynamic' AIRFLOW_CTX_TASK_ID='download_data_2' AIRFLOW_CTX_EXECUTION_DATE='2025-04-05T15:00:00+00:00' AIRFLOW_CTX_TRY_NUMBER='1' AIRFLOW_CTX_DAG_RUN_ID='scheduled__2025-04-05T15:00:00+00:00'
[2025-10-28T01:28:44.415+0000] {subprocess.py:63} INFO - Tmp dir root location: /tmp
[2025-10-28T01:28:44.415+0000] {subprocess.py:75} INFO - Running command: ['/bin/bash', '-c', '\n        RAW_DIR="/opt/airflow/data/dynamic/2025-04-05/raw"\n        mkdir -p "$RAW_DIR"\n        curl -L -f -o "$RAW_DIR/data_2.csv" https://gitlab.com/eduardomoyab/laboratorio-13/-/raw/main/files/data_2.csv\n        echo \'✅ Archivo data_2.csv descargado exitosamente\'\n        ls -lh "$RAW_DIR/data_2.csv"\n    ']
[2025-10-28T01:28:44.422+0000] {subprocess.py:86} INFO - Output:
[2025-10-28T01:28:44.436+0000] {subprocess.py:93} INFO -   % Total    % Received % Xferd  Average Speed   Time    Time     Time  Current
[2025-10-28T01:28:44.436+0000] {subprocess.py:93} INFO -                                  Dload  Upload   Total   Spent    Left  Speed
[2025-10-28T01:28:44.594+0000] {subprocess.py:93} INFO -   0     0    0     0    0     0      0      0 --:--:-- --:--:-- --:--:--     0100 32687  100 32687    0     0   203k      0 --:--:-- --:--:-- --:--:--  203k
[2025-10-28T01:28:44.602+0000] {subprocess.py:93} INFO - ✅ Archivo data_2.csv descargado exitosamente
[2025-10-28T01:28:44.606+0000] {subprocess.py:93} INFO - -rw-r--r-- 1 airflow root 32K Oct 28 01:28 /opt/airflow/data/dynamic/2025-04-05/raw/data_2.csv
[2025-10-28T01:28:44.607+0000] {subprocess.py:97} INFO - Command exited with return code 0
[2025-10-28T01:28:44.638+0000] {taskinstance.py:1400} INFO - Marking task as SUCCESS. dag_id=hiring_dynamic, task_id=download_data_2, execution_date=20250405T150000, start_date=20251028T012844, end_date=20251028T012844
[2025-10-28T01:28:44.685+0000] {local_task_job_runner.py:228} INFO - Task exited with return code 0
[2025-10-28T01:28:44.708+0000] {taskinstance.py:2778} INFO - 0 downstream tasks scheduled from follow-on schedule check
