[2025-10-28T00:44:29.450+0000] {taskinstance.py:1159} INFO - Dependencies all met for dep_context=non-requeueable deps ti=<TaskInstance: hiring_dynamic.train_random_forest scheduled__2025-04-05T15:00:00+00:00 [queued]>
[2025-10-28T00:44:29.453+0000] {taskinstance.py:1159} INFO - Dependencies all met for dep_context=requeueable deps ti=<TaskInstance: hiring_dynamic.train_random_forest scheduled__2025-04-05T15:00:00+00:00 [queued]>
[2025-10-28T00:44:29.454+0000] {taskinstance.py:1361} INFO - Starting attempt 1 of 1
[2025-10-28T00:44:29.460+0000] {taskinstance.py:1382} INFO - Executing <Task(PythonOperator): train_random_forest> on 2025-04-05 15:00:00+00:00
[2025-10-28T00:44:29.463+0000] {standard_task_runner.py:57} INFO - Started process 2159 to run task
[2025-10-28T00:44:29.466+0000] {standard_task_runner.py:84} INFO - Running: ['airflow', 'tasks', 'run', 'hiring_dynamic', 'train_random_forest', 'scheduled__2025-04-05T15:00:00+00:00', '--job-id', '95', '--raw', '--subdir', 'DAGS_FOLDER/dag_dynamic.py', '--cfg-path', '/tmp/tmp35htm7rt']
[2025-10-28T00:44:29.467+0000] {standard_task_runner.py:85} INFO - Job 95: Subtask train_random_forest
[2025-10-28T00:44:29.485+0000] {task_command.py:416} INFO - Running <TaskInstance: hiring_dynamic.train_random_forest scheduled__2025-04-05T15:00:00+00:00 [running]> on host d1f69dfe6243
[2025-10-28T00:44:29.515+0000] {taskinstance.py:1662} INFO - Exporting env vars: AIRFLOW_CTX_DAG_OWNER='airflow' AIRFLOW_CTX_DAG_ID='hiring_dynamic' AIRFLOW_CTX_TASK_ID='train_random_forest' AIRFLOW_CTX_EXECUTION_DATE='2025-04-05T15:00:00+00:00' AIRFLOW_CTX_TRY_NUMBER='1' AIRFLOW_CTX_DAG_RUN_ID='scheduled__2025-04-05T15:00:00+00:00'
[2025-10-28T00:44:29.522+0000] {logging_mixin.py:154} INFO - Entrenando modelo: random_forest
[2025-10-28T00:44:30.095+0000] {logging_mixin.py:154} INFO - Modelo random_forest guardado en: /opt/airflow/data/dynamic/2025-04-05/models/random_forest.joblib
[2025-10-28T00:44:30.100+0000] {python.py:194} INFO - Done. Returned value was: None
[2025-10-28T00:44:30.102+0000] {taskinstance.py:1400} INFO - Marking task as SUCCESS. dag_id=hiring_dynamic, task_id=train_random_forest, execution_date=20250405T150000, start_date=20251028T004429, end_date=20251028T004430
[2025-10-28T00:44:30.142+0000] {local_task_job_runner.py:228} INFO - Task exited with return code 0
[2025-10-28T00:44:30.153+0000] {taskinstance.py:2778} INFO - 0 downstream tasks scheduled from follow-on schedule check
[2025-10-28T01:31:18.684+0000] {taskinstance.py:1159} INFO - Dependencies all met for dep_context=non-requeueable deps ti=<TaskInstance: hiring_dynamic.train_random_forest scheduled__2025-04-05T15:00:00+00:00 [queued]>
[2025-10-28T01:31:18.745+0000] {taskinstance.py:1159} INFO - Dependencies all met for dep_context=requeueable deps ti=<TaskInstance: hiring_dynamic.train_random_forest scheduled__2025-04-05T15:00:00+00:00 [queued]>
[2025-10-28T01:31:18.754+0000] {taskinstance.py:1361} INFO - Starting attempt 1 of 1
[2025-10-28T01:31:18.789+0000] {taskinstance.py:1382} INFO - Executing <Task(PythonOperator): train_random_forest> on 2025-04-05 15:00:00+00:00
[2025-10-28T01:31:18.797+0000] {standard_task_runner.py:57} INFO - Started process 2220 to run task
[2025-10-28T01:31:18.805+0000] {standard_task_runner.py:84} INFO - Running: ['airflow', 'tasks', 'run', 'hiring_dynamic', 'train_random_forest', 'scheduled__2025-04-05T15:00:00+00:00', '--job-id', '87', '--raw', '--subdir', 'DAGS_FOLDER/dag_dynamic.py', '--cfg-path', '/tmp/tmp7lkidum7']
[2025-10-28T01:31:18.808+0000] {standard_task_runner.py:85} INFO - Job 87: Subtask train_random_forest
[2025-10-28T01:31:18.833+0000] {task_command.py:416} INFO - Running <TaskInstance: hiring_dynamic.train_random_forest scheduled__2025-04-05T15:00:00+00:00 [running]> on host c46dbfd34b1f
[2025-10-28T01:31:18.866+0000] {taskinstance.py:1662} INFO - Exporting env vars: AIRFLOW_CTX_DAG_OWNER='airflow' AIRFLOW_CTX_DAG_ID='hiring_dynamic' AIRFLOW_CTX_TASK_ID='train_random_forest' AIRFLOW_CTX_EXECUTION_DATE='2025-04-05T15:00:00+00:00' AIRFLOW_CTX_TRY_NUMBER='1' AIRFLOW_CTX_DAG_RUN_ID='scheduled__2025-04-05T15:00:00+00:00'
[2025-10-28T01:31:18.874+0000] {logging_mixin.py:154} INFO - Entrenando modelo: random_forest
[2025-10-28T01:31:19.462+0000] {logging_mixin.py:154} INFO - Modelo random_forest guardado en: /opt/airflow/data/dynamic/2025-04-05/models/random_forest.joblib
[2025-10-28T01:31:19.471+0000] {python.py:194} INFO - Done. Returned value was: None
[2025-10-28T01:31:19.475+0000] {taskinstance.py:1400} INFO - Marking task as SUCCESS. dag_id=hiring_dynamic, task_id=train_random_forest, execution_date=20250405T150000, start_date=20251028T013118, end_date=20251028T013119
[2025-10-28T01:31:19.491+0000] {local_task_job_runner.py:228} INFO - Task exited with return code 0
[2025-10-28T01:31:19.515+0000] {taskinstance.py:2778} INFO - 0 downstream tasks scheduled from follow-on schedule check
