[2025-10-28T00:45:16.888+0000] {taskinstance.py:1159} INFO - Dependencies all met for dep_context=non-requeueable deps ti=<TaskInstance: hiring_dynamic.load_and_merge scheduled__2025-08-05T15:00:00+00:00 [queued]>
[2025-10-28T00:45:16.891+0000] {taskinstance.py:1159} INFO - Dependencies all met for dep_context=requeueable deps ti=<TaskInstance: hiring_dynamic.load_and_merge scheduled__2025-08-05T15:00:00+00:00 [queued]>
[2025-10-28T00:45:16.891+0000] {taskinstance.py:1361} INFO - Starting attempt 1 of 1
[2025-10-28T00:45:16.897+0000] {taskinstance.py:1382} INFO - Executing <Task(PythonOperator): load_and_merge> on 2025-08-05 15:00:00+00:00
[2025-10-28T00:45:16.900+0000] {standard_task_runner.py:57} INFO - Started process 2453 to run task
[2025-10-28T00:45:16.903+0000] {standard_task_runner.py:84} INFO - Running: ['airflow', 'tasks', 'run', 'hiring_dynamic', 'load_and_merge', 'scheduled__2025-08-05T15:00:00+00:00', '--job-id', '107', '--raw', '--subdir', 'DAGS_FOLDER/dag_dynamic.py', '--cfg-path', '/tmp/tmp4dytx4ql']
[2025-10-28T00:45:16.904+0000] {standard_task_runner.py:85} INFO - Job 107: Subtask load_and_merge
[2025-10-28T00:45:16.924+0000] {task_command.py:416} INFO - Running <TaskInstance: hiring_dynamic.load_and_merge scheduled__2025-08-05T15:00:00+00:00 [running]> on host d1f69dfe6243
[2025-10-28T00:45:16.957+0000] {taskinstance.py:1662} INFO - Exporting env vars: AIRFLOW_CTX_DAG_OWNER='airflow' AIRFLOW_CTX_DAG_ID='hiring_dynamic' AIRFLOW_CTX_TASK_ID='load_and_merge' AIRFLOW_CTX_EXECUTION_DATE='2025-08-05T15:00:00+00:00' AIRFLOW_CTX_TRY_NUMBER='1' AIRFLOW_CTX_DAG_RUN_ID='scheduled__2025-08-05T15:00:00+00:00'
[2025-10-28T00:45:16.958+0000] {logging_mixin.py:154} INFO - Leyendo /opt/airflow/data/dynamic/2025-08-05/raw/data_1.csv
[2025-10-28T00:45:16.963+0000] {logging_mixin.py:154} INFO - Leyendo /opt/airflow/data/dynamic/2025-08-05/raw/data_2.csv
[2025-10-28T00:45:16.969+0000] {logging_mixin.py:154} INFO - Datos concatenados guardados en: /opt/airflow/data/dynamic/2025-08-05/preprocessed/merged_data.csv
[2025-10-28T00:45:16.969+0000] {logging_mixin.py:154} INFO - Forma del dataset: (1500, 11)
[2025-10-28T00:45:16.973+0000] {python.py:194} INFO - Done. Returned value was: None
[2025-10-28T00:45:16.975+0000] {taskinstance.py:1400} INFO - Marking task as SUCCESS. dag_id=hiring_dynamic, task_id=load_and_merge, execution_date=20250805T150000, start_date=20251028T004516, end_date=20251028T004516
[2025-10-28T00:45:17.004+0000] {local_task_job_runner.py:228} INFO - Task exited with return code 0
[2025-10-28T00:45:17.016+0000] {taskinstance.py:2778} INFO - 1 downstream tasks scheduled from follow-on schedule check
[2025-10-28T01:32:13.603+0000] {taskinstance.py:1159} INFO - Dependencies all met for dep_context=non-requeueable deps ti=<TaskInstance: hiring_dynamic.load_and_merge scheduled__2025-08-05T15:00:00+00:00 [queued]>
[2025-10-28T01:32:13.606+0000] {taskinstance.py:1159} INFO - Dependencies all met for dep_context=requeueable deps ti=<TaskInstance: hiring_dynamic.load_and_merge scheduled__2025-08-05T15:00:00+00:00 [queued]>
[2025-10-28T01:32:13.606+0000] {taskinstance.py:1361} INFO - Starting attempt 1 of 1
[2025-10-28T01:32:13.612+0000] {taskinstance.py:1382} INFO - Executing <Task(PythonOperator): load_and_merge> on 2025-08-05 15:00:00+00:00
[2025-10-28T01:32:13.620+0000] {standard_task_runner.py:57} INFO - Started process 2524 to run task
[2025-10-28T01:32:13.624+0000] {standard_task_runner.py:84} INFO - Running: ['airflow', 'tasks', 'run', 'hiring_dynamic', 'load_and_merge', 'scheduled__2025-08-05T15:00:00+00:00', '--job-id', '99', '--raw', '--subdir', 'DAGS_FOLDER/dag_dynamic.py', '--cfg-path', '/tmp/tmpstjfq7q4']
[2025-10-28T01:32:13.625+0000] {standard_task_runner.py:85} INFO - Job 99: Subtask load_and_merge
[2025-10-28T01:32:13.645+0000] {task_command.py:416} INFO - Running <TaskInstance: hiring_dynamic.load_and_merge scheduled__2025-08-05T15:00:00+00:00 [running]> on host c46dbfd34b1f
[2025-10-28T01:32:13.673+0000] {taskinstance.py:1662} INFO - Exporting env vars: AIRFLOW_CTX_DAG_OWNER='airflow' AIRFLOW_CTX_DAG_ID='hiring_dynamic' AIRFLOW_CTX_TASK_ID='load_and_merge' AIRFLOW_CTX_EXECUTION_DATE='2025-08-05T15:00:00+00:00' AIRFLOW_CTX_TRY_NUMBER='1' AIRFLOW_CTX_DAG_RUN_ID='scheduled__2025-08-05T15:00:00+00:00'
[2025-10-28T01:32:13.674+0000] {logging_mixin.py:154} INFO - Leyendo /opt/airflow/data/dynamic/2025-08-05/raw/data_1.csv
[2025-10-28T01:32:13.678+0000] {logging_mixin.py:154} INFO - Leyendo /opt/airflow/data/dynamic/2025-08-05/raw/data_2.csv
[2025-10-28T01:32:13.684+0000] {logging_mixin.py:154} INFO - Datos concatenados guardados en: /opt/airflow/data/dynamic/2025-08-05/preprocessed/merged_data.csv
[2025-10-28T01:32:13.684+0000] {logging_mixin.py:154} INFO - Forma del dataset: (1500, 11)
[2025-10-28T01:32:13.688+0000] {python.py:194} INFO - Done. Returned value was: None
[2025-10-28T01:32:13.690+0000] {taskinstance.py:1400} INFO - Marking task as SUCCESS. dag_id=hiring_dynamic, task_id=load_and_merge, execution_date=20250805T150000, start_date=20251028T013213, end_date=20251028T013213
[2025-10-28T01:32:13.727+0000] {local_task_job_runner.py:228} INFO - Task exited with return code 0
[2025-10-28T01:32:13.739+0000] {taskinstance.py:2778} INFO - 1 downstream tasks scheduled from follow-on schedule check
