[2025-10-28T00:44:22.417+0000] {taskinstance.py:1159} INFO - Dependencies all met for dep_context=non-requeueable deps ti=<TaskInstance: hiring_dynamic.download_data_2 scheduled__2025-08-05T15:00:00+00:00 [queued]>
[2025-10-28T00:44:22.421+0000] {taskinstance.py:1159} INFO - Dependencies all met for dep_context=requeueable deps ti=<TaskInstance: hiring_dynamic.download_data_2 scheduled__2025-08-05T15:00:00+00:00 [queued]>
[2025-10-28T00:44:22.421+0000] {taskinstance.py:1361} INFO - Starting attempt 1 of 1
[2025-10-28T00:44:22.426+0000] {taskinstance.py:1382} INFO - Executing <Task(BashOperator): download_data_2> on 2025-08-05 15:00:00+00:00
[2025-10-28T00:44:22.430+0000] {standard_task_runner.py:57} INFO - Started process 2103 to run task
[2025-10-28T00:44:22.433+0000] {standard_task_runner.py:84} INFO - Running: ['airflow', 'tasks', 'run', 'hiring_dynamic', 'download_data_2', 'scheduled__2025-08-05T15:00:00+00:00', '--job-id', '92', '--raw', '--subdir', 'DAGS_FOLDER/dag_dynamic.py', '--cfg-path', '/tmp/tmp7e_hlc8t']
[2025-10-28T00:44:22.434+0000] {standard_task_runner.py:85} INFO - Job 92: Subtask download_data_2
[2025-10-28T00:44:22.454+0000] {task_command.py:416} INFO - Running <TaskInstance: hiring_dynamic.download_data_2 scheduled__2025-08-05T15:00:00+00:00 [running]> on host d1f69dfe6243
[2025-10-28T00:44:22.489+0000] {taskinstance.py:1662} INFO - Exporting env vars: AIRFLOW_CTX_DAG_OWNER='airflow' AIRFLOW_CTX_DAG_ID='hiring_dynamic' AIRFLOW_CTX_TASK_ID='download_data_2' AIRFLOW_CTX_EXECUTION_DATE='2025-08-05T15:00:00+00:00' AIRFLOW_CTX_TRY_NUMBER='1' AIRFLOW_CTX_DAG_RUN_ID='scheduled__2025-08-05T15:00:00+00:00'
[2025-10-28T00:44:22.489+0000] {subprocess.py:63} INFO - Tmp dir root location: /tmp
[2025-10-28T00:44:22.490+0000] {subprocess.py:75} INFO - Running command: ['/bin/bash', '-c', '\n        RAW_DIR="/opt/airflow/data/dynamic/2025-08-05/raw"\n        mkdir -p "$RAW_DIR"\n        curl -L -f -o "$RAW_DIR/data_2.csv" https://gitlab.com/eduardomoyab/laboratorio-13/-/raw/main/files/data_2.csv\n        echo \'✅ Archivo data_2.csv descargado exitosamente\'\n        ls -lh "$RAW_DIR/data_2.csv"\n    ']
[2025-10-28T00:44:22.498+0000] {subprocess.py:86} INFO - Output:
[2025-10-28T00:44:22.505+0000] {subprocess.py:93} INFO -   % Total    % Received % Xferd  Average Speed   Time    Time     Time  Current
[2025-10-28T00:44:22.505+0000] {subprocess.py:93} INFO -                                  Dload  Upload   Total   Spent    Left  Speed
[2025-10-28T00:44:22.610+0000] {subprocess.py:93} INFO -   0     0    0     0    0     0      0      0 --:--:-- --:--:-- --:--:--     0100 32687  100 32687    0     0   304k      0 --:--:-- --:--:-- --:--:--  304k
[2025-10-28T00:44:22.611+0000] {subprocess.py:93} INFO - ✅ Archivo data_2.csv descargado exitosamente
[2025-10-28T00:44:22.613+0000] {subprocess.py:93} INFO - -rw-r--r-- 1 airflow root 32K Oct 28 00:44 /opt/airflow/data/dynamic/2025-08-05/raw/data_2.csv
[2025-10-28T00:44:22.613+0000] {subprocess.py:97} INFO - Command exited with return code 0
[2025-10-28T00:44:22.625+0000] {taskinstance.py:1400} INFO - Marking task as SUCCESS. dag_id=hiring_dynamic, task_id=download_data_2, execution_date=20250805T150000, start_date=20251028T004422, end_date=20251028T004422
[2025-10-28T00:44:22.659+0000] {local_task_job_runner.py:228} INFO - Task exited with return code 0
[2025-10-28T00:44:22.670+0000] {taskinstance.py:2778} INFO - 0 downstream tasks scheduled from follow-on schedule check
[2025-10-28T01:31:11.765+0000] {taskinstance.py:1159} INFO - Dependencies all met for dep_context=non-requeueable deps ti=<TaskInstance: hiring_dynamic.download_data_2 scheduled__2025-08-05T15:00:00+00:00 [queued]>
[2025-10-28T01:31:11.770+0000] {taskinstance.py:1159} INFO - Dependencies all met for dep_context=requeueable deps ti=<TaskInstance: hiring_dynamic.download_data_2 scheduled__2025-08-05T15:00:00+00:00 [queued]>
[2025-10-28T01:31:11.770+0000] {taskinstance.py:1361} INFO - Starting attempt 1 of 1
[2025-10-28T01:31:11.777+0000] {taskinstance.py:1382} INFO - Executing <Task(BashOperator): download_data_2> on 2025-08-05 15:00:00+00:00
[2025-10-28T01:31:11.797+0000] {standard_task_runner.py:57} INFO - Started process 2164 to run task
[2025-10-28T01:31:11.804+0000] {standard_task_runner.py:84} INFO - Running: ['airflow', 'tasks', 'run', 'hiring_dynamic', 'download_data_2', 'scheduled__2025-08-05T15:00:00+00:00', '--job-id', '84', '--raw', '--subdir', 'DAGS_FOLDER/dag_dynamic.py', '--cfg-path', '/tmp/tmphz29h6nc']
[2025-10-28T01:31:11.804+0000] {standard_task_runner.py:85} INFO - Job 84: Subtask download_data_2
[2025-10-28T01:31:11.827+0000] {task_command.py:416} INFO - Running <TaskInstance: hiring_dynamic.download_data_2 scheduled__2025-08-05T15:00:00+00:00 [running]> on host c46dbfd34b1f
[2025-10-28T01:31:11.862+0000] {taskinstance.py:1662} INFO - Exporting env vars: AIRFLOW_CTX_DAG_OWNER='airflow' AIRFLOW_CTX_DAG_ID='hiring_dynamic' AIRFLOW_CTX_TASK_ID='download_data_2' AIRFLOW_CTX_EXECUTION_DATE='2025-08-05T15:00:00+00:00' AIRFLOW_CTX_TRY_NUMBER='1' AIRFLOW_CTX_DAG_RUN_ID='scheduled__2025-08-05T15:00:00+00:00'
[2025-10-28T01:31:11.863+0000] {subprocess.py:63} INFO - Tmp dir root location: /tmp
[2025-10-28T01:31:11.863+0000] {subprocess.py:75} INFO - Running command: ['/bin/bash', '-c', '\n        RAW_DIR="/opt/airflow/data/dynamic/2025-08-05/raw"\n        mkdir -p "$RAW_DIR"\n        curl -L -f -o "$RAW_DIR/data_2.csv" https://gitlab.com/eduardomoyab/laboratorio-13/-/raw/main/files/data_2.csv\n        echo \'✅ Archivo data_2.csv descargado exitosamente\'\n        ls -lh "$RAW_DIR/data_2.csv"\n    ']
[2025-10-28T01:31:11.871+0000] {subprocess.py:86} INFO - Output:
[2025-10-28T01:31:11.881+0000] {subprocess.py:93} INFO -   % Total    % Received % Xferd  Average Speed   Time    Time     Time  Current
[2025-10-28T01:31:11.881+0000] {subprocess.py:93} INFO -                                  Dload  Upload   Total   Spent    Left  Speed
[2025-10-28T01:31:12.049+0000] {subprocess.py:93} INFO -   0     0    0     0    0     0      0      0 --:--:-- --:--:-- --:--:--     0100 32687  100 32687    0     0   191k      0 --:--:-- --:--:-- --:--:--  191k
[2025-10-28T01:31:12.052+0000] {subprocess.py:93} INFO - ✅ Archivo data_2.csv descargado exitosamente
[2025-10-28T01:31:12.058+0000] {subprocess.py:93} INFO - -rw-r--r-- 1 airflow root 32K Oct 28 01:31 /opt/airflow/data/dynamic/2025-08-05/raw/data_2.csv
[2025-10-28T01:31:12.059+0000] {subprocess.py:97} INFO - Command exited with return code 0
[2025-10-28T01:31:12.078+0000] {taskinstance.py:1400} INFO - Marking task as SUCCESS. dag_id=hiring_dynamic, task_id=download_data_2, execution_date=20250805T150000, start_date=20251028T013111, end_date=20251028T013112
[2025-10-28T01:31:12.114+0000] {local_task_job_runner.py:228} INFO - Task exited with return code 0
[2025-10-28T01:31:12.130+0000] {taskinstance.py:2778} INFO - 0 downstream tasks scheduled from follow-on schedule check
