[2025-10-28T00:43:07.669+0000] {taskinstance.py:1159} INFO - Dependencies all met for dep_context=non-requeueable deps ti=<TaskInstance: hiring_dynamic.evaluate_models scheduled__2024-12-05T15:00:00+00:00 [queued]>
[2025-10-28T00:43:07.672+0000] {taskinstance.py:1159} INFO - Dependencies all met for dep_context=requeueable deps ti=<TaskInstance: hiring_dynamic.evaluate_models scheduled__2024-12-05T15:00:00+00:00 [queued]>
[2025-10-28T00:43:07.672+0000] {taskinstance.py:1361} INFO - Starting attempt 1 of 1
[2025-10-28T00:43:07.679+0000] {taskinstance.py:1382} INFO - Executing <Task(PythonOperator): evaluate_models> on 2024-12-05 15:00:00+00:00
[2025-10-28T00:43:07.687+0000] {standard_task_runner.py:57} INFO - Started process 1611 to run task
[2025-10-28T00:43:07.691+0000] {standard_task_runner.py:84} INFO - Running: ['airflow', 'tasks', 'run', 'hiring_dynamic', 'evaluate_models', 'scheduled__2024-12-05T15:00:00+00:00', '--job-id', '71', '--raw', '--subdir', 'DAGS_FOLDER/dag_dynamic.py', '--cfg-path', '/tmp/tmptkhuk014']
[2025-10-28T00:43:07.693+0000] {standard_task_runner.py:85} INFO - Job 71: Subtask evaluate_models
[2025-10-28T00:43:07.714+0000] {task_command.py:416} INFO - Running <TaskInstance: hiring_dynamic.evaluate_models scheduled__2024-12-05T15:00:00+00:00 [running]> on host d1f69dfe6243
[2025-10-28T00:43:07.744+0000] {taskinstance.py:1662} INFO - Exporting env vars: AIRFLOW_CTX_DAG_OWNER='airflow' AIRFLOW_CTX_DAG_ID='hiring_dynamic' AIRFLOW_CTX_TASK_ID='evaluate_models' AIRFLOW_CTX_EXECUTION_DATE='2024-12-05T15:00:00+00:00' AIRFLOW_CTX_TRY_NUMBER='1' AIRFLOW_CTX_DAG_RUN_ID='scheduled__2024-12-05T15:00:00+00:00'
[2025-10-28T00:43:07.753+0000] {logging_mixin.py:154} INFO - Evaluando 3 modelos en experimento 'dynamic'...
[2025-10-28T00:43:07.760+0000] {logging_mixin.py:154} INFO -   logistic_regression: Accuracy = 0.8700
[2025-10-28T00:43:07.769+0000] {logging_mixin.py:154} INFO -   gradient_boosting: Accuracy = 0.9300
[2025-10-28T00:43:07.884+0000] {logging_mixin.py:154} INFO -   random_forest: Accuracy = 0.9467
[2025-10-28T00:43:07.884+0000] {logging_mixin.py:154} INFO - 
✅ Mejor modelo (dynamic): random_forest
[2025-10-28T00:43:07.884+0000] {logging_mixin.py:154} INFO -    Accuracy: 0.9467
[2025-10-28T00:43:08.217+0000] {logging_mixin.py:154} INFO -    Guardado en: /opt/airflow/data/dynamic/2024-12-05/models/best_model.joblib
[2025-10-28T00:43:08.229+0000] {python.py:194} INFO - Done. Returned value was: None
[2025-10-28T00:43:08.232+0000] {taskinstance.py:1400} INFO - Marking task as SUCCESS. dag_id=hiring_dynamic, task_id=evaluate_models, execution_date=20241205T150000, start_date=20251028T004307, end_date=20251028T004308
[2025-10-28T00:43:08.250+0000] {local_task_job_runner.py:228} INFO - Task exited with return code 0
[2025-10-28T00:43:08.262+0000] {taskinstance.py:2778} INFO - 0 downstream tasks scheduled from follow-on schedule check
[2025-10-28T01:29:48.008+0000] {taskinstance.py:1159} INFO - Dependencies all met for dep_context=non-requeueable deps ti=<TaskInstance: hiring_dynamic.evaluate_models scheduled__2024-12-05T15:00:00+00:00 [queued]>
[2025-10-28T01:29:48.012+0000] {taskinstance.py:1159} INFO - Dependencies all met for dep_context=requeueable deps ti=<TaskInstance: hiring_dynamic.evaluate_models scheduled__2024-12-05T15:00:00+00:00 [queued]>
[2025-10-28T01:29:48.012+0000] {taskinstance.py:1361} INFO - Starting attempt 1 of 1
[2025-10-28T01:29:48.019+0000] {taskinstance.py:1382} INFO - Executing <Task(PythonOperator): evaluate_models> on 2024-12-05 15:00:00+00:00
[2025-10-28T01:29:48.022+0000] {standard_task_runner.py:57} INFO - Started process 1638 to run task
[2025-10-28T01:29:48.025+0000] {standard_task_runner.py:84} INFO - Running: ['airflow', 'tasks', 'run', 'hiring_dynamic', 'evaluate_models', 'scheduled__2024-12-05T15:00:00+00:00', '--job-id', '61', '--raw', '--subdir', 'DAGS_FOLDER/dag_dynamic.py', '--cfg-path', '/tmp/tmpf6m9vfsr']
[2025-10-28T01:29:48.026+0000] {standard_task_runner.py:85} INFO - Job 61: Subtask evaluate_models
[2025-10-28T01:29:48.043+0000] {task_command.py:416} INFO - Running <TaskInstance: hiring_dynamic.evaluate_models scheduled__2024-12-05T15:00:00+00:00 [running]> on host c46dbfd34b1f
[2025-10-28T01:29:48.071+0000] {taskinstance.py:1662} INFO - Exporting env vars: AIRFLOW_CTX_DAG_OWNER='airflow' AIRFLOW_CTX_DAG_ID='hiring_dynamic' AIRFLOW_CTX_TASK_ID='evaluate_models' AIRFLOW_CTX_EXECUTION_DATE='2024-12-05T15:00:00+00:00' AIRFLOW_CTX_TRY_NUMBER='1' AIRFLOW_CTX_DAG_RUN_ID='scheduled__2024-12-05T15:00:00+00:00'
[2025-10-28T01:29:48.077+0000] {logging_mixin.py:154} INFO - Evaluando 3 modelos en experimento 'dynamic'...
[2025-10-28T01:29:48.082+0000] {logging_mixin.py:154} INFO -   logistic_regression: Accuracy = 0.8700
[2025-10-28T01:29:48.090+0000] {logging_mixin.py:154} INFO -   gradient_boosting: Accuracy = 0.9300
[2025-10-28T01:29:48.196+0000] {logging_mixin.py:154} INFO -   random_forest: Accuracy = 0.9467
[2025-10-28T01:29:48.196+0000] {logging_mixin.py:154} INFO - 
✅ Mejor modelo (dynamic): random_forest
[2025-10-28T01:29:48.196+0000] {logging_mixin.py:154} INFO -    Accuracy: 0.9467
[2025-10-28T01:29:49.068+0000] {logging_mixin.py:154} INFO -    Guardado en: /opt/airflow/data/dynamic/2024-12-05/models/best_model.joblib
[2025-10-28T01:29:49.083+0000] {python.py:194} INFO - Done. Returned value was: None
[2025-10-28T01:29:49.085+0000] {taskinstance.py:1400} INFO - Marking task as SUCCESS. dag_id=hiring_dynamic, task_id=evaluate_models, execution_date=20241205T150000, start_date=20251028T012948, end_date=20251028T012949
[2025-10-28T01:29:49.132+0000] {local_task_job_runner.py:228} INFO - Task exited with return code 0
[2025-10-28T01:29:49.141+0000] {taskinstance.py:2778} INFO - 0 downstream tasks scheduled from follow-on schedule check
