[2025-10-28T00:39:50.968+0000] {taskinstance.py:1159} INFO - Dependencies all met for dep_context=non-requeueable deps ti=<TaskInstance: hiring_dynamic.create_folders scheduled__2024-12-05T15:00:00+00:00 [queued]>
[2025-10-28T00:39:50.972+0000] {taskinstance.py:1159} INFO - Dependencies all met for dep_context=requeueable deps ti=<TaskInstance: hiring_dynamic.create_folders scheduled__2024-12-05T15:00:00+00:00 [queued]>
[2025-10-28T00:39:50.972+0000] {taskinstance.py:1361} INFO - Starting attempt 1 of 1
[2025-10-28T00:39:50.978+0000] {taskinstance.py:1382} INFO - Executing <Task(PythonOperator): create_folders> on 2024-12-05 15:00:00+00:00
[2025-10-28T00:39:50.983+0000] {standard_task_runner.py:57} INFO - Started process 216 to run task
[2025-10-28T00:39:50.987+0000] {standard_task_runner.py:84} INFO - Running: ['airflow', 'tasks', 'run', 'hiring_dynamic', 'create_folders', 'scheduled__2024-12-05T15:00:00+00:00', '--job-id', '6', '--raw', '--subdir', 'DAGS_FOLDER/dag_dynamic.py', '--cfg-path', '/tmp/tmpp480s6bh']
[2025-10-28T00:39:50.988+0000] {standard_task_runner.py:85} INFO - Job 6: Subtask create_folders
[2025-10-28T00:39:51.009+0000] {task_command.py:416} INFO - Running <TaskInstance: hiring_dynamic.create_folders scheduled__2024-12-05T15:00:00+00:00 [running]> on host d1f69dfe6243
[2025-10-28T00:39:51.042+0000] {taskinstance.py:1662} INFO - Exporting env vars: AIRFLOW_CTX_DAG_OWNER='airflow' AIRFLOW_CTX_DAG_ID='hiring_dynamic' AIRFLOW_CTX_TASK_ID='create_folders' AIRFLOW_CTX_EXECUTION_DATE='2024-12-05T15:00:00+00:00' AIRFLOW_CTX_TRY_NUMBER='1' AIRFLOW_CTX_DAG_RUN_ID='scheduled__2024-12-05T15:00:00+00:00'
[2025-10-28T00:39:51.045+0000] {logging_mixin.py:154} INFO - Carpetas creadas en: /opt/airflow/data/dynamic/2024-12-05
[2025-10-28T00:39:51.049+0000] {python.py:194} INFO - Done. Returned value was: None
[2025-10-28T00:39:51.051+0000] {taskinstance.py:1400} INFO - Marking task as SUCCESS. dag_id=hiring_dynamic, task_id=create_folders, execution_date=20241205T150000, start_date=20251028T003950, end_date=20251028T003951
[2025-10-28T00:39:51.085+0000] {local_task_job_runner.py:228} INFO - Task exited with return code 0
[2025-10-28T00:39:51.099+0000] {taskinstance.py:2778} INFO - 1 downstream tasks scheduled from follow-on schedule check
[2025-10-28T01:26:45.840+0000] {taskinstance.py:1159} INFO - Dependencies all met for dep_context=non-requeueable deps ti=<TaskInstance: hiring_dynamic.create_folders scheduled__2024-12-05T15:00:00+00:00 [queued]>
[2025-10-28T01:26:45.844+0000] {taskinstance.py:1159} INFO - Dependencies all met for dep_context=requeueable deps ti=<TaskInstance: hiring_dynamic.create_folders scheduled__2024-12-05T15:00:00+00:00 [queued]>
[2025-10-28T01:26:45.845+0000] {taskinstance.py:1361} INFO - Starting attempt 1 of 1
[2025-10-28T01:26:45.864+0000] {taskinstance.py:1382} INFO - Executing <Task(PythonOperator): create_folders> on 2024-12-05 15:00:00+00:00
[2025-10-28T01:26:45.872+0000] {standard_task_runner.py:57} INFO - Started process 451 to run task
[2025-10-28T01:26:45.878+0000] {standard_task_runner.py:84} INFO - Running: ['airflow', 'tasks', 'run', 'hiring_dynamic', 'create_folders', 'scheduled__2024-12-05T15:00:00+00:00', '--job-id', '5', '--raw', '--subdir', 'DAGS_FOLDER/dag_dynamic.py', '--cfg-path', '/tmp/tmpw1bf9p1n']
[2025-10-28T01:26:45.880+0000] {standard_task_runner.py:85} INFO - Job 5: Subtask create_folders
[2025-10-28T01:26:45.913+0000] {task_command.py:416} INFO - Running <TaskInstance: hiring_dynamic.create_folders scheduled__2024-12-05T15:00:00+00:00 [running]> on host c46dbfd34b1f
[2025-10-28T01:26:45.999+0000] {taskinstance.py:1662} INFO - Exporting env vars: AIRFLOW_CTX_DAG_OWNER='airflow' AIRFLOW_CTX_DAG_ID='hiring_dynamic' AIRFLOW_CTX_TASK_ID='create_folders' AIRFLOW_CTX_EXECUTION_DATE='2024-12-05T15:00:00+00:00' AIRFLOW_CTX_TRY_NUMBER='1' AIRFLOW_CTX_DAG_RUN_ID='scheduled__2024-12-05T15:00:00+00:00'
[2025-10-28T01:26:46.003+0000] {logging_mixin.py:154} INFO - Carpetas creadas en: /opt/airflow/data/dynamic/2024-12-05
[2025-10-28T01:26:46.010+0000] {python.py:194} INFO - Done. Returned value was: None
[2025-10-28T01:26:46.012+0000] {taskinstance.py:1400} INFO - Marking task as SUCCESS. dag_id=hiring_dynamic, task_id=create_folders, execution_date=20241205T150000, start_date=20251028T012645, end_date=20251028T012646
[2025-10-28T01:26:46.032+0000] {local_task_job_runner.py:228} INFO - Task exited with return code 0
[2025-10-28T01:26:46.046+0000] {taskinstance.py:2778} INFO - 1 downstream tasks scheduled from follow-on schedule check
