[2025-11-17T20:59:26.677+0000] {taskinstance.py:1159} INFO - Dependencies all met for dep_context=non-requeueable deps ti=<TaskInstance: sodai_drinks_production_pipeline.detect_drift manual__2025-11-17T20:59:07.033360+00:00 [queued]>
[2025-11-17T20:59:26.682+0000] {taskinstance.py:1159} INFO - Dependencies all met for dep_context=requeueable deps ti=<TaskInstance: sodai_drinks_production_pipeline.detect_drift manual__2025-11-17T20:59:07.033360+00:00 [queued]>
[2025-11-17T20:59:26.682+0000] {taskinstance.py:1361} INFO - Starting attempt 1 of 2
[2025-11-17T20:59:26.690+0000] {taskinstance.py:1382} INFO - Executing <Task(PythonOperator): detect_drift> on 2025-11-17 20:59:07.033360+00:00
[2025-11-17T20:59:26.701+0000] {standard_task_runner.py:57} INFO - Started process 1646 to run task
[2025-11-17T20:59:26.705+0000] {standard_task_runner.py:84} INFO - Running: ['***', 'tasks', 'run', 'sodai_drinks_production_pipeline', 'detect_drift', 'manual__2025-11-17T20:59:07.033360+00:00', '--job-id', '50', '--raw', '--subdir', 'DAGS_FOLDER/pipeline_productivo.py', '--cfg-path', '/tmp/tmpe7b5ljdd']
[2025-11-17T20:59:26.708+0000] {standard_task_runner.py:85} INFO - Job 50: Subtask detect_drift
[2025-11-17T20:59:26.743+0000] {task_command.py:416} INFO - Running <TaskInstance: sodai_drinks_production_pipeline.detect_drift manual__2025-11-17T20:59:07.033360+00:00 [running]> on host d1f907c36040
[2025-11-17T20:59:26.797+0000] {taskinstance.py:1662} INFO - Exporting env vars: AIRFLOW_CTX_DAG_EMAIL='team@sodaidrinks.com' AIRFLOW_CTX_DAG_OWNER='sodai_drinks_team' AIRFLOW_CTX_DAG_ID='sodai_drinks_production_pipeline' AIRFLOW_CTX_TASK_ID='detect_drift' AIRFLOW_CTX_EXECUTION_DATE='2025-11-17T20:59:07.033360+00:00' AIRFLOW_CTX_TRY_NUMBER='1' AIRFLOW_CTX_DAG_RUN_ID='manual__2025-11-17T20:59:07.033360+00:00'
[2025-11-17T20:59:26.798+0000] {drift_detection.py:80} INFO - Iniciando detección de drift...
[2025-11-17T20:59:26.863+0000] {drift_detection.py:110} INFO - Datos de referencia: 619380 registros
[2025-11-17T20:59:26.864+0000] {drift_detection.py:111} INFO - Datos actuales: 7438 registros
[2025-11-17T20:59:26.865+0000] {drift_detection.py:119} INFO - Analizando drift en 15 features numéricas
[2025-11-17T20:59:26.925+0000] {drift_detection.py:30} INFO - KS Test - Statistic: 0.1324, P-value: 0.0000
[2025-11-17T20:59:26.962+0000] {drift_detection.py:65} INFO - PSI: 0.3324
[2025-11-17T20:59:26.963+0000] {drift_detection.py:153} WARNING - Drift detectado en feature 'Y' - PSI: 0.3324, KS p-value: 0.0000
[2025-11-17T20:59:27.015+0000] {drift_detection.py:30} INFO - KS Test - Statistic: 0.1385, P-value: 0.0000
[2025-11-17T20:59:27.052+0000] {drift_detection.py:65} INFO - PSI: 0.0898
[2025-11-17T20:59:27.053+0000] {drift_detection.py:153} WARNING - Drift detectado en feature 'X' - PSI: 0.0898, KS p-value: 0.0000
[2025-11-17T20:59:27.086+0000] {drift_detection.py:30} INFO - KS Test - Statistic: 0.3680, P-value: 0.0000
[2025-11-17T20:59:27.110+0000] {drift_detection.py:65} INFO - PSI: 5.8421
[2025-11-17T20:59:27.111+0000] {drift_detection.py:153} WARNING - Drift detectado en feature 'size' - PSI: 5.8421, KS p-value: 0.0000
[2025-11-17T20:59:27.138+0000] {drift_detection.py:30} INFO - KS Test - Statistic: 0.8252, P-value: 0.0000
[2025-11-17T20:59:27.161+0000] {drift_detection.py:65} INFO - PSI: 0.0144
[2025-11-17T20:59:27.162+0000] {drift_detection.py:153} WARNING - Drift detectado en feature 'num_deliver_per_week' - PSI: 0.0144, KS p-value: 0.0000
[2025-11-17T20:59:27.197+0000] {drift_detection.py:30} INFO - KS Test - Statistic: 0.0008, P-value: 1.0000
[2025-11-17T20:59:27.218+0000] {drift_detection.py:65} INFO - PSI: 0.0000
[2025-11-17T20:59:27.238+0000] {drift_detection.py:165} WARNING - DRIFT DETECTADO - Se recomienda reentrenamiento del modelo
[2025-11-17T20:59:27.245+0000] {python.py:194} INFO - Done. Returned value was: {'status': 'success', 'has_drift': True, 'features_analyzed': 15, 'drift_results': {'Y': {'ks_statistic': 0.13242807206238236, 'ks_p_value': 7.340576492559418e-113, 'ks_drift': True, 'psi': 0.33241047190183737, 'psi_drift': True}, 'X': {'ks_statistic': 0.13852077884335945, 'ks_p_value': 1.7296895961061186e-123, 'ks_drift': True, 'psi': 0.08983709276002781, 'psi_drift': False}, 'size': {'ks_statistic': 0.36797043901798043, 'ks_p_value': 0.0, 'ks_drift': True, 'psi': 5.842098301135632, 'psi_drift': True}, 'num_deliver_per_week': {'ks_statistic': 0.8252090922033415, 'ks_p_value': 0.0, 'ks_drift': True, 'psi': 0.014447389092102601, 'psi_drift': False}, 'segment': {'ks_statistic': 0.0007666536854057382, 'ks_p_value': 1.0, 'ks_drift': False, 'psi': 1.7454780123179408e-28, 'psi_drift': False}}}
[2025-11-17T20:59:27.258+0000] {taskinstance.py:1400} INFO - Marking task as SUCCESS. dag_id=sodai_drinks_production_pipeline, task_id=detect_drift, execution_date=20251117T205907, start_date=20251117T205926, end_date=20251117T205927
[2025-11-17T20:59:27.321+0000] {local_task_job_runner.py:228} INFO - Task exited with return code 0
[2025-11-17T20:59:27.341+0000] {taskinstance.py:2778} INFO - 1 downstream tasks scheduled from follow-on schedule check
