[2025-10-28T00:42:42.623+0000] {taskinstance.py:1159} INFO - Dependencies all met for dep_context=non-requeueable deps ti=<TaskInstance: hiring_dynamic.download_data_2 scheduled__2025-05-05T15:00:00+00:00 [queued]>
[2025-10-28T00:42:42.627+0000] {taskinstance.py:1159} INFO - Dependencies all met for dep_context=requeueable deps ti=<TaskInstance: hiring_dynamic.download_data_2 scheduled__2025-05-05T15:00:00+00:00 [queued]>
[2025-10-28T00:42:42.627+0000] {taskinstance.py:1361} INFO - Starting attempt 1 of 1
[2025-10-28T00:42:42.634+0000] {taskinstance.py:1382} INFO - Executing <Task(BashOperator): download_data_2> on 2025-05-05 15:00:00+00:00
[2025-10-28T00:42:42.639+0000] {standard_task_runner.py:57} INFO - Started process 1479 to run task
[2025-10-28T00:42:42.645+0000] {standard_task_runner.py:84} INFO - Running: ['airflow', 'tasks', 'run', 'hiring_dynamic', 'download_data_2', 'scheduled__2025-05-05T15:00:00+00:00', '--job-id', '65', '--raw', '--subdir', 'DAGS_FOLDER/dag_dynamic.py', '--cfg-path', '/tmp/tmptawsoscj']
[2025-10-28T00:42:42.645+0000] {standard_task_runner.py:85} INFO - Job 65: Subtask download_data_2
[2025-10-28T00:42:42.665+0000] {task_command.py:416} INFO - Running <TaskInstance: hiring_dynamic.download_data_2 scheduled__2025-05-05T15:00:00+00:00 [running]> on host d1f69dfe6243
[2025-10-28T00:42:42.691+0000] {taskinstance.py:1662} INFO - Exporting env vars: AIRFLOW_CTX_DAG_OWNER='airflow' AIRFLOW_CTX_DAG_ID='hiring_dynamic' AIRFLOW_CTX_TASK_ID='download_data_2' AIRFLOW_CTX_EXECUTION_DATE='2025-05-05T15:00:00+00:00' AIRFLOW_CTX_TRY_NUMBER='1' AIRFLOW_CTX_DAG_RUN_ID='scheduled__2025-05-05T15:00:00+00:00'
[2025-10-28T00:42:42.692+0000] {subprocess.py:63} INFO - Tmp dir root location: /tmp
[2025-10-28T00:42:42.693+0000] {subprocess.py:75} INFO - Running command: ['/bin/bash', '-c', '\n        RAW_DIR="/opt/airflow/data/dynamic/2025-05-05/raw"\n        mkdir -p "$RAW_DIR"\n        curl -L -f -o "$RAW_DIR/data_2.csv" https://gitlab.com/eduardomoyab/laboratorio-13/-/raw/main/files/data_2.csv\n        echo \'✅ Archivo data_2.csv descargado exitosamente\'\n        ls -lh "$RAW_DIR/data_2.csv"\n    ']
[2025-10-28T00:42:42.699+0000] {subprocess.py:86} INFO - Output:
[2025-10-28T00:42:42.705+0000] {subprocess.py:93} INFO -   % Total    % Received % Xferd  Average Speed   Time    Time     Time  Current
[2025-10-28T00:42:42.705+0000] {subprocess.py:93} INFO -                                  Dload  Upload   Total   Spent    Left  Speed
[2025-10-28T00:42:43.220+0000] {subprocess.py:93} INFO -   0     0    0     0    0     0      0      0 --:--:-- --:--:-- --:--:--     0100 32687  100 32687    0     0  63593      0 --:--:-- --:--:-- --:--:-- 63593
[2025-10-28T00:42:43.227+0000] {subprocess.py:93} INFO - ✅ Archivo data_2.csv descargado exitosamente
[2025-10-28T00:42:43.232+0000] {subprocess.py:93} INFO - -rw-r--r-- 1 airflow root 32K Oct 28 00:42 /opt/airflow/data/dynamic/2025-05-05/raw/data_2.csv
[2025-10-28T00:42:43.233+0000] {subprocess.py:97} INFO - Command exited with return code 0
[2025-10-28T00:42:43.258+0000] {taskinstance.py:1400} INFO - Marking task as SUCCESS. dag_id=hiring_dynamic, task_id=download_data_2, execution_date=20250505T150000, start_date=20251028T004242, end_date=20251028T004243
[2025-10-28T00:42:43.291+0000] {local_task_job_runner.py:228} INFO - Task exited with return code 0
[2025-10-28T00:42:43.307+0000] {taskinstance.py:2778} INFO - 0 downstream tasks scheduled from follow-on schedule check
[2025-10-28T01:29:23.297+0000] {taskinstance.py:1159} INFO - Dependencies all met for dep_context=non-requeueable deps ti=<TaskInstance: hiring_dynamic.download_data_2 scheduled__2025-05-05T15:00:00+00:00 [queued]>
[2025-10-28T01:29:23.300+0000] {taskinstance.py:1159} INFO - Dependencies all met for dep_context=requeueable deps ti=<TaskInstance: hiring_dynamic.download_data_2 scheduled__2025-05-05T15:00:00+00:00 [queued]>
[2025-10-28T01:29:23.300+0000] {taskinstance.py:1361} INFO - Starting attempt 1 of 1
[2025-10-28T01:29:23.306+0000] {taskinstance.py:1382} INFO - Executing <Task(BashOperator): download_data_2> on 2025-05-05 15:00:00+00:00
[2025-10-28T01:29:23.310+0000] {standard_task_runner.py:57} INFO - Started process 1506 to run task
[2025-10-28T01:29:23.313+0000] {standard_task_runner.py:84} INFO - Running: ['airflow', 'tasks', 'run', 'hiring_dynamic', 'download_data_2', 'scheduled__2025-05-05T15:00:00+00:00', '--job-id', '55', '--raw', '--subdir', 'DAGS_FOLDER/dag_dynamic.py', '--cfg-path', '/tmp/tmp48522edg']
[2025-10-28T01:29:23.314+0000] {standard_task_runner.py:85} INFO - Job 55: Subtask download_data_2
[2025-10-28T01:29:23.338+0000] {task_command.py:416} INFO - Running <TaskInstance: hiring_dynamic.download_data_2 scheduled__2025-05-05T15:00:00+00:00 [running]> on host c46dbfd34b1f
[2025-10-28T01:29:23.367+0000] {taskinstance.py:1662} INFO - Exporting env vars: AIRFLOW_CTX_DAG_OWNER='airflow' AIRFLOW_CTX_DAG_ID='hiring_dynamic' AIRFLOW_CTX_TASK_ID='download_data_2' AIRFLOW_CTX_EXECUTION_DATE='2025-05-05T15:00:00+00:00' AIRFLOW_CTX_TRY_NUMBER='1' AIRFLOW_CTX_DAG_RUN_ID='scheduled__2025-05-05T15:00:00+00:00'
[2025-10-28T01:29:23.368+0000] {subprocess.py:63} INFO - Tmp dir root location: /tmp
[2025-10-28T01:29:23.368+0000] {subprocess.py:75} INFO - Running command: ['/bin/bash', '-c', '\n        RAW_DIR="/opt/airflow/data/dynamic/2025-05-05/raw"\n        mkdir -p "$RAW_DIR"\n        curl -L -f -o "$RAW_DIR/data_2.csv" https://gitlab.com/eduardomoyab/laboratorio-13/-/raw/main/files/data_2.csv\n        echo \'✅ Archivo data_2.csv descargado exitosamente\'\n        ls -lh "$RAW_DIR/data_2.csv"\n    ']
[2025-10-28T01:29:23.376+0000] {subprocess.py:86} INFO - Output:
[2025-10-28T01:29:23.385+0000] {subprocess.py:93} INFO -   % Total    % Received % Xferd  Average Speed   Time    Time     Time  Current
[2025-10-28T01:29:23.385+0000] {subprocess.py:93} INFO -                                  Dload  Upload   Total   Spent    Left  Speed
[2025-10-28T01:29:23.751+0000] {subprocess.py:93} INFO -   0     0    0     0    0     0      0      0 --:--:-- --:--:-- --:--:--     0100 32687  100 32687    0     0  89308      0 --:--:-- --:--:-- --:--:-- 89553
[2025-10-28T01:29:23.755+0000] {subprocess.py:93} INFO - ✅ Archivo data_2.csv descargado exitosamente
[2025-10-28T01:29:23.759+0000] {subprocess.py:93} INFO - -rw-r--r-- 1 airflow root 32K Oct 28  2025 /opt/airflow/data/dynamic/2025-05-05/raw/data_2.csv
[2025-10-28T01:29:23.760+0000] {subprocess.py:97} INFO - Command exited with return code 0
[2025-10-28T01:29:23.780+0000] {taskinstance.py:1400} INFO - Marking task as SUCCESS. dag_id=hiring_dynamic, task_id=download_data_2, execution_date=20250505T150000, start_date=20251028T012923, end_date=20251028T012923
[2025-10-28T01:29:23.798+0000] {local_task_job_runner.py:228} INFO - Task exited with return code 0
[2025-10-28T01:29:23.818+0000] {taskinstance.py:2778} INFO - 0 downstream tasks scheduled from follow-on schedule check
