[2025-11-17T16:34:23.087+0000] {taskinstance.py:1159} INFO - Dependencies all met for dep_context=non-requeueable deps ti=<TaskInstance: sodai_drinks_production_pipeline.decide_retraining scheduled__2025-11-09T00:00:00+00:00 [queued]>
[2025-11-17T16:34:23.092+0000] {taskinstance.py:1159} INFO - Dependencies all met for dep_context=requeueable deps ti=<TaskInstance: sodai_drinks_production_pipeline.decide_retraining scheduled__2025-11-09T00:00:00+00:00 [queued]>
[2025-11-17T16:34:23.092+0000] {taskinstance.py:1361} INFO - Starting attempt 1 of 2
[2025-11-17T16:34:23.099+0000] {taskinstance.py:1382} INFO - Executing <Task(BranchPythonOperator): decide_retraining> on 2025-11-09 00:00:00+00:00
[2025-11-17T16:34:23.111+0000] {standard_task_runner.py:57} INFO - Started process 17457 to run task
[2025-11-17T16:34:23.115+0000] {standard_task_runner.py:84} INFO - Running: ['***', 'tasks', 'run', 'sodai_drinks_production_pipeline', 'decide_retraining', 'scheduled__2025-11-09T00:00:00+00:00', '--job-id', '17', '--raw', '--subdir', 'DAGS_FOLDER/pipeline_productivo.py', '--cfg-path', '/tmp/tmp3fr0u5l9']
[2025-11-17T16:34:23.118+0000] {standard_task_runner.py:85} INFO - Job 17: Subtask decide_retraining
[2025-11-17T16:34:23.156+0000] {task_command.py:416} INFO - Running <TaskInstance: sodai_drinks_production_pipeline.decide_retraining scheduled__2025-11-09T00:00:00+00:00 [running]> on host d1f907c36040
[2025-11-17T16:34:23.220+0000] {taskinstance.py:1662} INFO - Exporting env vars: AIRFLOW_CTX_DAG_EMAIL='team@sodaidrinks.com' AIRFLOW_CTX_DAG_OWNER='sodai_drinks_team' AIRFLOW_CTX_DAG_ID='sodai_drinks_production_pipeline' AIRFLOW_CTX_TASK_ID='decide_retraining' AIRFLOW_CTX_EXECUTION_DATE='2025-11-09T00:00:00+00:00' AIRFLOW_CTX_TRY_NUMBER='1' AIRFLOW_CTX_DAG_RUN_ID='scheduled__2025-11-09T00:00:00+00:00'
[2025-11-17T16:34:23.239+0000] {pipeline_productivo.py:58} INFO - Evaluando necesidad de reentrenamiento...
[2025-11-17T16:34:23.239+0000] {pipeline_productivo.py:59} INFO - Drift detectado: True, Razón: statistical_drift
[2025-11-17T16:34:23.240+0000] {pipeline_productivo.py:76} WARNING - Drift detectado - Se procederá con el reentrenamiento
[2025-11-17T16:34:23.240+0000] {python.py:194} INFO - Done. Returned value was: train_model
[2025-11-17T16:34:23.240+0000] {python.py:227} INFO - Branch callable return train_model
[2025-11-17T16:34:23.240+0000] {skipmixin.py:173} INFO - Following branch train_model
[2025-11-17T16:34:23.253+0000] {skipmixin.py:239} INFO - Skipping tasks [('skip_training', -1)]
[2025-11-17T16:34:23.286+0000] {taskinstance.py:1400} INFO - Marking task as SUCCESS. dag_id=sodai_drinks_production_pipeline, task_id=decide_retraining, execution_date=20251109T000000, start_date=20251117T163423, end_date=20251117T163423
[2025-11-17T16:34:23.329+0000] {local_task_job_runner.py:228} INFO - Task exited with return code 0
[2025-11-17T16:34:23.355+0000] {taskinstance.py:2778} INFO - 1 downstream tasks scheduled from follow-on schedule check
[2025-11-17T16:51:47.708+0000] {taskinstance.py:1159} INFO - Dependencies all met for dep_context=non-requeueable deps ti=<TaskInstance: sodai_drinks_production_pipeline.decide_retraining scheduled__2025-11-09T00:00:00+00:00 [queued]>
[2025-11-17T16:51:47.714+0000] {taskinstance.py:1159} INFO - Dependencies all met for dep_context=requeueable deps ti=<TaskInstance: sodai_drinks_production_pipeline.decide_retraining scheduled__2025-11-09T00:00:00+00:00 [queued]>
[2025-11-17T16:51:47.714+0000] {taskinstance.py:1361} INFO - Starting attempt 1 of 2
[2025-11-17T16:51:47.720+0000] {taskinstance.py:1382} INFO - Executing <Task(BranchPythonOperator): decide_retraining> on 2025-11-09 00:00:00+00:00
[2025-11-17T16:51:47.731+0000] {standard_task_runner.py:57} INFO - Started process 1475 to run task
[2025-11-17T16:51:47.735+0000] {standard_task_runner.py:84} INFO - Running: ['***', 'tasks', 'run', 'sodai_drinks_production_pipeline', 'decide_retraining', 'scheduled__2025-11-09T00:00:00+00:00', '--job-id', '23', '--raw', '--subdir', 'DAGS_FOLDER/pipeline_productivo.py', '--cfg-path', '/tmp/tmpqitvhu3a']
[2025-11-17T16:51:47.737+0000] {standard_task_runner.py:85} INFO - Job 23: Subtask decide_retraining
[2025-11-17T16:51:47.775+0000] {task_command.py:416} INFO - Running <TaskInstance: sodai_drinks_production_pipeline.decide_retraining scheduled__2025-11-09T00:00:00+00:00 [running]> on host d1f907c36040
[2025-11-17T16:51:47.844+0000] {taskinstance.py:1662} INFO - Exporting env vars: AIRFLOW_CTX_DAG_EMAIL='team@sodaidrinks.com' AIRFLOW_CTX_DAG_OWNER='sodai_drinks_team' AIRFLOW_CTX_DAG_ID='sodai_drinks_production_pipeline' AIRFLOW_CTX_TASK_ID='decide_retraining' AIRFLOW_CTX_EXECUTION_DATE='2025-11-09T00:00:00+00:00' AIRFLOW_CTX_TRY_NUMBER='1' AIRFLOW_CTX_DAG_RUN_ID='scheduled__2025-11-09T00:00:00+00:00'
[2025-11-17T16:51:47.864+0000] {pipeline_productivo.py:58} INFO - Evaluando necesidad de reentrenamiento...
[2025-11-17T16:51:47.864+0000] {pipeline_productivo.py:59} INFO - Drift detectado: True, Razón: statistical_drift
[2025-11-17T16:51:47.864+0000] {pipeline_productivo.py:76} WARNING - Drift detectado - Se procederá con el reentrenamiento
[2025-11-17T16:51:47.864+0000] {python.py:194} INFO - Done. Returned value was: train_model
[2025-11-17T16:51:47.864+0000] {python.py:227} INFO - Branch callable return train_model
[2025-11-17T16:51:47.864+0000] {skipmixin.py:173} INFO - Following branch train_model
[2025-11-17T16:51:47.879+0000] {skipmixin.py:239} INFO - Skipping tasks [('skip_training', -1)]
[2025-11-17T16:51:47.913+0000] {taskinstance.py:1400} INFO - Marking task as SUCCESS. dag_id=sodai_drinks_production_pipeline, task_id=decide_retraining, execution_date=20251109T000000, start_date=20251117T165147, end_date=20251117T165147
[2025-11-17T16:51:47.947+0000] {local_task_job_runner.py:228} INFO - Task exited with return code 0
[2025-11-17T16:51:47.972+0000] {taskinstance.py:2778} INFO - 1 downstream tasks scheduled from follow-on schedule check
[2025-11-17T17:59:44.384+0000] {taskinstance.py:1159} INFO - Dependencies all met for dep_context=non-requeueable deps ti=<TaskInstance: sodai_drinks_production_pipeline.decide_retraining scheduled__2025-11-09T00:00:00+00:00 [queued]>
[2025-11-17T17:59:44.391+0000] {taskinstance.py:1159} INFO - Dependencies all met for dep_context=requeueable deps ti=<TaskInstance: sodai_drinks_production_pipeline.decide_retraining scheduled__2025-11-09T00:00:00+00:00 [queued]>
[2025-11-17T17:59:44.391+0000] {taskinstance.py:1361} INFO - Starting attempt 1 of 2
[2025-11-17T17:59:44.399+0000] {taskinstance.py:1382} INFO - Executing <Task(BranchPythonOperator): decide_retraining> on 2025-11-09 00:00:00+00:00
[2025-11-17T17:59:44.410+0000] {standard_task_runner.py:57} INFO - Started process 1049 to run task
[2025-11-17T17:59:44.413+0000] {standard_task_runner.py:84} INFO - Running: ['***', 'tasks', 'run', 'sodai_drinks_production_pipeline', 'decide_retraining', 'scheduled__2025-11-09T00:00:00+00:00', '--job-id', '31', '--raw', '--subdir', 'DAGS_FOLDER/pipeline_productivo.py', '--cfg-path', '/tmp/tmpryxs2q09']
[2025-11-17T17:59:44.416+0000] {standard_task_runner.py:85} INFO - Job 31: Subtask decide_retraining
[2025-11-17T17:59:44.454+0000] {task_command.py:416} INFO - Running <TaskInstance: sodai_drinks_production_pipeline.decide_retraining scheduled__2025-11-09T00:00:00+00:00 [running]> on host d1f907c36040
[2025-11-17T17:59:44.509+0000] {taskinstance.py:1662} INFO - Exporting env vars: AIRFLOW_CTX_DAG_EMAIL='team@sodaidrinks.com' AIRFLOW_CTX_DAG_OWNER='sodai_drinks_team' AIRFLOW_CTX_DAG_ID='sodai_drinks_production_pipeline' AIRFLOW_CTX_TASK_ID='decide_retraining' AIRFLOW_CTX_EXECUTION_DATE='2025-11-09T00:00:00+00:00' AIRFLOW_CTX_TRY_NUMBER='1' AIRFLOW_CTX_DAG_RUN_ID='scheduled__2025-11-09T00:00:00+00:00'
[2025-11-17T17:59:44.526+0000] {pipeline_productivo.py:58} INFO - Evaluando necesidad de reentrenamiento...
[2025-11-17T17:59:44.526+0000] {pipeline_productivo.py:59} INFO - Drift detectado: True, Razón: statistical_drift
[2025-11-17T17:59:44.526+0000] {pipeline_productivo.py:76} WARNING - Drift detectado - Se procederá con el reentrenamiento
[2025-11-17T17:59:44.526+0000] {python.py:194} INFO - Done. Returned value was: train_model
[2025-11-17T17:59:44.526+0000] {python.py:227} INFO - Branch callable return train_model
[2025-11-17T17:59:44.526+0000] {skipmixin.py:173} INFO - Following branch train_model
[2025-11-17T17:59:44.541+0000] {skipmixin.py:239} INFO - Skipping tasks [('skip_training', -1)]
[2025-11-17T17:59:44.580+0000] {taskinstance.py:1400} INFO - Marking task as SUCCESS. dag_id=sodai_drinks_production_pipeline, task_id=decide_retraining, execution_date=20251109T000000, start_date=20251117T175944, end_date=20251117T175944
[2025-11-17T17:59:44.626+0000] {local_task_job_runner.py:228} INFO - Task exited with return code 0
[2025-11-17T17:59:44.693+0000] {taskinstance.py:2778} INFO - 1 downstream tasks scheduled from follow-on schedule check
[2025-11-17T20:46:29.569+0000] {taskinstance.py:1159} INFO - Dependencies all met for dep_context=non-requeueable deps ti=<TaskInstance: sodai_drinks_production_pipeline.decide_retraining scheduled__2025-11-09T00:00:00+00:00 [queued]>
[2025-11-17T20:46:29.574+0000] {taskinstance.py:1159} INFO - Dependencies all met for dep_context=requeueable deps ti=<TaskInstance: sodai_drinks_production_pipeline.decide_retraining scheduled__2025-11-09T00:00:00+00:00 [queued]>
[2025-11-17T20:46:29.575+0000] {taskinstance.py:1361} INFO - Starting attempt 1 of 2
[2025-11-17T20:46:29.582+0000] {taskinstance.py:1382} INFO - Executing <Task(BranchPythonOperator): decide_retraining> on 2025-11-09 00:00:00+00:00
[2025-11-17T20:46:29.592+0000] {standard_task_runner.py:57} INFO - Started process 471 to run task
[2025-11-17T20:46:29.595+0000] {standard_task_runner.py:84} INFO - Running: ['***', 'tasks', 'run', 'sodai_drinks_production_pipeline', 'decide_retraining', 'scheduled__2025-11-09T00:00:00+00:00', '--job-id', '38', '--raw', '--subdir', 'DAGS_FOLDER/pipeline_productivo.py', '--cfg-path', '/tmp/tmp3i3e9dhp']
[2025-11-17T20:46:29.597+0000] {standard_task_runner.py:85} INFO - Job 38: Subtask decide_retraining
[2025-11-17T20:46:29.633+0000] {task_command.py:416} INFO - Running <TaskInstance: sodai_drinks_production_pipeline.decide_retraining scheduled__2025-11-09T00:00:00+00:00 [running]> on host d1f907c36040
[2025-11-17T20:46:29.721+0000] {taskinstance.py:1662} INFO - Exporting env vars: AIRFLOW_CTX_DAG_EMAIL='team@sodaidrinks.com' AIRFLOW_CTX_DAG_OWNER='sodai_drinks_team' AIRFLOW_CTX_DAG_ID='sodai_drinks_production_pipeline' AIRFLOW_CTX_TASK_ID='decide_retraining' AIRFLOW_CTX_EXECUTION_DATE='2025-11-09T00:00:00+00:00' AIRFLOW_CTX_TRY_NUMBER='1' AIRFLOW_CTX_DAG_RUN_ID='scheduled__2025-11-09T00:00:00+00:00'
[2025-11-17T20:46:29.745+0000] {pipeline_productivo.py:58} INFO - Evaluando necesidad de reentrenamiento...
[2025-11-17T20:46:29.746+0000] {pipeline_productivo.py:59} INFO - Drift detectado: True, Razón: statistical_drift
[2025-11-17T20:46:29.746+0000] {pipeline_productivo.py:76} WARNING - Drift detectado - Se procederá con el reentrenamiento
[2025-11-17T20:46:29.746+0000] {python.py:194} INFO - Done. Returned value was: train_model
[2025-11-17T20:46:29.746+0000] {python.py:227} INFO - Branch callable return train_model
[2025-11-17T20:46:29.746+0000] {skipmixin.py:173} INFO - Following branch train_model
[2025-11-17T20:46:29.772+0000] {skipmixin.py:239} INFO - Skipping tasks [('skip_training', -1)]
[2025-11-17T20:46:29.820+0000] {taskinstance.py:1400} INFO - Marking task as SUCCESS. dag_id=sodai_drinks_production_pipeline, task_id=decide_retraining, execution_date=20251109T000000, start_date=20251117T204629, end_date=20251117T204629
[2025-11-17T20:46:29.848+0000] {local_task_job_runner.py:228} INFO - Task exited with return code 0
[2025-11-17T20:46:29.880+0000] {taskinstance.py:2778} INFO - 1 downstream tasks scheduled from follow-on schedule check
[2025-11-17T20:51:31.121+0000] {taskinstance.py:1159} INFO - Dependencies all met for dep_context=non-requeueable deps ti=<TaskInstance: sodai_drinks_production_pipeline.decide_retraining scheduled__2025-11-09T00:00:00+00:00 [queued]>
[2025-11-17T20:51:31.129+0000] {taskinstance.py:1159} INFO - Dependencies all met for dep_context=requeueable deps ti=<TaskInstance: sodai_drinks_production_pipeline.decide_retraining scheduled__2025-11-09T00:00:00+00:00 [queued]>
[2025-11-17T20:51:31.130+0000] {taskinstance.py:1361} INFO - Starting attempt 1 of 2
[2025-11-17T20:51:31.143+0000] {taskinstance.py:1382} INFO - Executing <Task(BranchPythonOperator): decide_retraining> on 2025-11-09 00:00:00+00:00
[2025-11-17T20:51:31.162+0000] {standard_task_runner.py:57} INFO - Started process 409 to run task
[2025-11-17T20:51:31.166+0000] {standard_task_runner.py:84} INFO - Running: ['***', 'tasks', 'run', 'sodai_drinks_production_pipeline', 'decide_retraining', 'scheduled__2025-11-09T00:00:00+00:00', '--job-id', '44', '--raw', '--subdir', 'DAGS_FOLDER/pipeline_productivo.py', '--cfg-path', '/tmp/tmp_imcfchp']
[2025-11-17T20:51:31.169+0000] {standard_task_runner.py:85} INFO - Job 44: Subtask decide_retraining
[2025-11-17T20:51:31.226+0000] {task_command.py:416} INFO - Running <TaskInstance: sodai_drinks_production_pipeline.decide_retraining scheduled__2025-11-09T00:00:00+00:00 [running]> on host d1f907c36040
[2025-11-17T20:51:31.312+0000] {taskinstance.py:1662} INFO - Exporting env vars: AIRFLOW_CTX_DAG_EMAIL='team@sodaidrinks.com' AIRFLOW_CTX_DAG_OWNER='sodai_drinks_team' AIRFLOW_CTX_DAG_ID='sodai_drinks_production_pipeline' AIRFLOW_CTX_TASK_ID='decide_retraining' AIRFLOW_CTX_EXECUTION_DATE='2025-11-09T00:00:00+00:00' AIRFLOW_CTX_TRY_NUMBER='1' AIRFLOW_CTX_DAG_RUN_ID='scheduled__2025-11-09T00:00:00+00:00'
[2025-11-17T20:51:31.333+0000] {pipeline_productivo.py:58} INFO - Evaluando necesidad de reentrenamiento...
[2025-11-17T20:51:31.333+0000] {pipeline_productivo.py:59} INFO - Drift detectado: True, Razón: statistical_drift
[2025-11-17T20:51:31.333+0000] {pipeline_productivo.py:76} WARNING - Drift detectado - Se procederá con el reentrenamiento
[2025-11-17T20:51:31.333+0000] {python.py:194} INFO - Done. Returned value was: train_model
[2025-11-17T20:51:31.333+0000] {python.py:227} INFO - Branch callable return train_model
[2025-11-17T20:51:31.333+0000] {skipmixin.py:173} INFO - Following branch train_model
[2025-11-17T20:51:31.353+0000] {skipmixin.py:239} INFO - Skipping tasks [('skip_training', -1)]
[2025-11-17T20:51:31.397+0000] {taskinstance.py:1400} INFO - Marking task as SUCCESS. dag_id=sodai_drinks_production_pipeline, task_id=decide_retraining, execution_date=20251109T000000, start_date=20251117T205131, end_date=20251117T205131
[2025-11-17T20:51:31.459+0000] {local_task_job_runner.py:228} INFO - Task exited with return code 0
[2025-11-17T20:51:31.486+0000] {taskinstance.py:2778} INFO - 1 downstream tasks scheduled from follow-on schedule check
[2025-11-17T21:04:04.828+0000] {taskinstance.py:1159} INFO - Dependencies all met for dep_context=non-requeueable deps ti=<TaskInstance: sodai_drinks_production_pipeline.decide_retraining scheduled__2025-11-09T00:00:00+00:00 [queued]>
[2025-11-17T21:04:04.834+0000] {taskinstance.py:1159} INFO - Dependencies all met for dep_context=requeueable deps ti=<TaskInstance: sodai_drinks_production_pipeline.decide_retraining scheduled__2025-11-09T00:00:00+00:00 [queued]>
[2025-11-17T21:04:04.834+0000] {taskinstance.py:1361} INFO - Starting attempt 1 of 2
[2025-11-17T21:04:04.841+0000] {taskinstance.py:1382} INFO - Executing <Task(BranchPythonOperator): decide_retraining> on 2025-11-09 00:00:00+00:00
[2025-11-17T21:04:04.852+0000] {standard_task_runner.py:57} INFO - Started process 2525 to run task
[2025-11-17T21:04:04.855+0000] {standard_task_runner.py:84} INFO - Running: ['***', 'tasks', 'run', 'sodai_drinks_production_pipeline', 'decide_retraining', 'scheduled__2025-11-09T00:00:00+00:00', '--job-id', '58', '--raw', '--subdir', 'DAGS_FOLDER/pipeline_productivo.py', '--cfg-path', '/tmp/tmpykwaa52e']
[2025-11-17T21:04:04.857+0000] {standard_task_runner.py:85} INFO - Job 58: Subtask decide_retraining
[2025-11-17T21:04:04.892+0000] {task_command.py:416} INFO - Running <TaskInstance: sodai_drinks_production_pipeline.decide_retraining scheduled__2025-11-09T00:00:00+00:00 [running]> on host d1f907c36040
[2025-11-17T21:04:04.940+0000] {taskinstance.py:1662} INFO - Exporting env vars: AIRFLOW_CTX_DAG_EMAIL='team@sodaidrinks.com' AIRFLOW_CTX_DAG_OWNER='sodai_drinks_team' AIRFLOW_CTX_DAG_ID='sodai_drinks_production_pipeline' AIRFLOW_CTX_TASK_ID='decide_retraining' AIRFLOW_CTX_EXECUTION_DATE='2025-11-09T00:00:00+00:00' AIRFLOW_CTX_TRY_NUMBER='1' AIRFLOW_CTX_DAG_RUN_ID='scheduled__2025-11-09T00:00:00+00:00'
[2025-11-17T21:04:04.953+0000] {pipeline_productivo.py:58} INFO - Evaluando necesidad de reentrenamiento...
[2025-11-17T21:04:04.953+0000] {pipeline_productivo.py:59} INFO - Drift detectado: True, Razón: statistical_drift
[2025-11-17T21:04:04.953+0000] {pipeline_productivo.py:76} WARNING - Drift detectado - Se procederá con el reentrenamiento
[2025-11-17T21:04:04.954+0000] {python.py:194} INFO - Done. Returned value was: train_model
[2025-11-17T21:04:04.954+0000] {python.py:227} INFO - Branch callable return train_model
[2025-11-17T21:04:04.954+0000] {skipmixin.py:173} INFO - Following branch train_model
[2025-11-17T21:04:04.966+0000] {skipmixin.py:239} INFO - Skipping tasks [('skip_training', -1)]
[2025-11-17T21:04:04.993+0000] {taskinstance.py:1400} INFO - Marking task as SUCCESS. dag_id=sodai_drinks_production_pipeline, task_id=decide_retraining, execution_date=20251109T000000, start_date=20251117T210404, end_date=20251117T210404
[2025-11-17T21:04:05.028+0000] {local_task_job_runner.py:228} INFO - Task exited with return code 0
[2025-11-17T21:04:05.055+0000] {taskinstance.py:2778} INFO - 1 downstream tasks scheduled from follow-on schedule check
[2025-11-17T21:18:16.533+0000] {taskinstance.py:1159} INFO - Dependencies all met for dep_context=non-requeueable deps ti=<TaskInstance: sodai_drinks_production_pipeline.decide_retraining scheduled__2025-11-09T00:00:00+00:00 [queued]>
[2025-11-17T21:18:16.538+0000] {taskinstance.py:1159} INFO - Dependencies all met for dep_context=requeueable deps ti=<TaskInstance: sodai_drinks_production_pipeline.decide_retraining scheduled__2025-11-09T00:00:00+00:00 [queued]>
[2025-11-17T21:18:16.538+0000] {taskinstance.py:1361} INFO - Starting attempt 1 of 2
[2025-11-17T21:18:16.545+0000] {taskinstance.py:1382} INFO - Executing <Task(BranchPythonOperator): decide_retraining> on 2025-11-09 00:00:00+00:00
[2025-11-17T21:18:16.556+0000] {standard_task_runner.py:57} INFO - Started process 418 to run task
[2025-11-17T21:18:16.559+0000] {standard_task_runner.py:84} INFO - Running: ['***', 'tasks', 'run', 'sodai_drinks_production_pipeline', 'decide_retraining', 'scheduled__2025-11-09T00:00:00+00:00', '--job-id', '66', '--raw', '--subdir', 'DAGS_FOLDER/pipeline_productivo.py', '--cfg-path', '/tmp/tmp2l_pmmy9']
[2025-11-17T21:18:16.562+0000] {standard_task_runner.py:85} INFO - Job 66: Subtask decide_retraining
[2025-11-17T21:18:16.599+0000] {task_command.py:416} INFO - Running <TaskInstance: sodai_drinks_production_pipeline.decide_retraining scheduled__2025-11-09T00:00:00+00:00 [running]> on host 38f17a86e62e
[2025-11-17T21:18:16.649+0000] {taskinstance.py:1662} INFO - Exporting env vars: AIRFLOW_CTX_DAG_EMAIL='team@sodaidrinks.com' AIRFLOW_CTX_DAG_OWNER='sodai_drinks_team' AIRFLOW_CTX_DAG_ID='sodai_drinks_production_pipeline' AIRFLOW_CTX_TASK_ID='decide_retraining' AIRFLOW_CTX_EXECUTION_DATE='2025-11-09T00:00:00+00:00' AIRFLOW_CTX_TRY_NUMBER='1' AIRFLOW_CTX_DAG_RUN_ID='scheduled__2025-11-09T00:00:00+00:00'
[2025-11-17T21:18:16.663+0000] {pipeline_productivo.py:58} INFO - Evaluando necesidad de reentrenamiento...
[2025-11-17T21:18:16.664+0000] {pipeline_productivo.py:59} INFO - Drift detectado: True, Razón: statistical_drift
[2025-11-17T21:18:16.664+0000] {pipeline_productivo.py:76} WARNING - Drift detectado - Se procederá con el reentrenamiento
[2025-11-17T21:18:16.664+0000] {python.py:194} INFO - Done. Returned value was: train_model
[2025-11-17T21:18:16.664+0000] {python.py:227} INFO - Branch callable return train_model
[2025-11-17T21:18:16.664+0000] {skipmixin.py:173} INFO - Following branch train_model
[2025-11-17T21:18:16.677+0000] {skipmixin.py:239} INFO - Skipping tasks [('skip_training', -1)]
[2025-11-17T21:18:16.708+0000] {taskinstance.py:1400} INFO - Marking task as SUCCESS. dag_id=sodai_drinks_production_pipeline, task_id=decide_retraining, execution_date=20251109T000000, start_date=20251117T211816, end_date=20251117T211816
[2025-11-17T21:18:16.733+0000] {local_task_job_runner.py:228} INFO - Task exited with return code 0
[2025-11-17T21:18:16.757+0000] {taskinstance.py:2778} INFO - 1 downstream tasks scheduled from follow-on schedule check
[2025-11-17T22:05:27.633+0000] {taskinstance.py:1159} INFO - Dependencies all met for dep_context=non-requeueable deps ti=<TaskInstance: sodai_drinks_production_pipeline.decide_retraining scheduled__2025-11-09T00:00:00+00:00 [queued]>
[2025-11-17T22:05:27.639+0000] {taskinstance.py:1159} INFO - Dependencies all met for dep_context=requeueable deps ti=<TaskInstance: sodai_drinks_production_pipeline.decide_retraining scheduled__2025-11-09T00:00:00+00:00 [queued]>
[2025-11-17T22:05:27.640+0000] {taskinstance.py:1361} INFO - Starting attempt 1 of 2
[2025-11-17T22:05:27.646+0000] {taskinstance.py:1382} INFO - Executing <Task(BranchPythonOperator): decide_retraining> on 2025-11-09 00:00:00+00:00
[2025-11-17T22:05:27.657+0000] {standard_task_runner.py:57} INFO - Started process 4186 to run task
[2025-11-17T22:05:27.660+0000] {standard_task_runner.py:84} INFO - Running: ['***', 'tasks', 'run', 'sodai_drinks_production_pipeline', 'decide_retraining', 'scheduled__2025-11-09T00:00:00+00:00', '--job-id', '74', '--raw', '--subdir', 'DAGS_FOLDER/pipeline_productivo.py', '--cfg-path', '/tmp/tmp5a84tz0w']
[2025-11-17T22:05:27.663+0000] {standard_task_runner.py:85} INFO - Job 74: Subtask decide_retraining
[2025-11-17T22:05:27.697+0000] {task_command.py:416} INFO - Running <TaskInstance: sodai_drinks_production_pipeline.decide_retraining scheduled__2025-11-09T00:00:00+00:00 [running]> on host 38f17a86e62e
[2025-11-17T22:05:27.746+0000] {taskinstance.py:1662} INFO - Exporting env vars: AIRFLOW_CTX_DAG_EMAIL='team@sodaidrinks.com' AIRFLOW_CTX_DAG_OWNER='sodai_drinks_team' AIRFLOW_CTX_DAG_ID='sodai_drinks_production_pipeline' AIRFLOW_CTX_TASK_ID='decide_retraining' AIRFLOW_CTX_EXECUTION_DATE='2025-11-09T00:00:00+00:00' AIRFLOW_CTX_TRY_NUMBER='1' AIRFLOW_CTX_DAG_RUN_ID='scheduled__2025-11-09T00:00:00+00:00'
[2025-11-17T22:05:27.760+0000] {pipeline_productivo.py:58} INFO - Evaluando necesidad de reentrenamiento...
[2025-11-17T22:05:27.760+0000] {pipeline_productivo.py:59} INFO - Drift detectado: True, Razón: statistical_drift
[2025-11-17T22:05:27.760+0000] {pipeline_productivo.py:66} WARNING - ⚠️ No existe modelo previo - Forzando entrenamiento inicial
[2025-11-17T22:05:27.760+0000] {python.py:194} INFO - Done. Returned value was: train_model
[2025-11-17T22:05:27.760+0000] {python.py:227} INFO - Branch callable return train_model
[2025-11-17T22:05:27.760+0000] {skipmixin.py:173} INFO - Following branch train_model
[2025-11-17T22:05:27.773+0000] {skipmixin.py:239} INFO - Skipping tasks [('skip_training', -1)]
[2025-11-17T22:05:27.800+0000] {taskinstance.py:1400} INFO - Marking task as SUCCESS. dag_id=sodai_drinks_production_pipeline, task_id=decide_retraining, execution_date=20251109T000000, start_date=20251117T220527, end_date=20251117T220527
[2025-11-17T22:05:27.833+0000] {local_task_job_runner.py:228} INFO - Task exited with return code 0
[2025-11-17T22:05:27.850+0000] {taskinstance.py:2778} INFO - 0 downstream tasks scheduled from follow-on schedule check
[2025-11-17T22:13:05.618+0000] {taskinstance.py:1159} INFO - Dependencies all met for dep_context=non-requeueable deps ti=<TaskInstance: sodai_drinks_production_pipeline.decide_retraining scheduled__2025-11-09T00:00:00+00:00 [queued]>
[2025-11-17T22:13:05.625+0000] {taskinstance.py:1159} INFO - Dependencies all met for dep_context=requeueable deps ti=<TaskInstance: sodai_drinks_production_pipeline.decide_retraining scheduled__2025-11-09T00:00:00+00:00 [queued]>
[2025-11-17T22:13:05.626+0000] {taskinstance.py:1361} INFO - Starting attempt 1 of 2
[2025-11-17T22:13:05.633+0000] {taskinstance.py:1382} INFO - Executing <Task(BranchPythonOperator): decide_retraining> on 2025-11-09 00:00:00+00:00
[2025-11-17T22:13:05.643+0000] {standard_task_runner.py:57} INFO - Started process 377 to run task
[2025-11-17T22:13:05.647+0000] {standard_task_runner.py:84} INFO - Running: ['***', 'tasks', 'run', 'sodai_drinks_production_pipeline', 'decide_retraining', 'scheduled__2025-11-09T00:00:00+00:00', '--job-id', '80', '--raw', '--subdir', 'DAGS_FOLDER/pipeline_productivo.py', '--cfg-path', '/tmp/tmp8ctzb6iv']
[2025-11-17T22:13:05.650+0000] {standard_task_runner.py:85} INFO - Job 80: Subtask decide_retraining
[2025-11-17T22:13:05.684+0000] {task_command.py:416} INFO - Running <TaskInstance: sodai_drinks_production_pipeline.decide_retraining scheduled__2025-11-09T00:00:00+00:00 [running]> on host 4a9d41c94249
[2025-11-17T22:13:05.734+0000] {taskinstance.py:1662} INFO - Exporting env vars: AIRFLOW_CTX_DAG_EMAIL='team@sodaidrinks.com' AIRFLOW_CTX_DAG_OWNER='sodai_drinks_team' AIRFLOW_CTX_DAG_ID='sodai_drinks_production_pipeline' AIRFLOW_CTX_TASK_ID='decide_retraining' AIRFLOW_CTX_EXECUTION_DATE='2025-11-09T00:00:00+00:00' AIRFLOW_CTX_TRY_NUMBER='1' AIRFLOW_CTX_DAG_RUN_ID='scheduled__2025-11-09T00:00:00+00:00'
[2025-11-17T22:13:05.965+0000] {pipeline_productivo.py:58} INFO - Evaluando necesidad de reentrenamiento...
[2025-11-17T22:13:05.966+0000] {pipeline_productivo.py:59} INFO - Drift detectado: True, Razón: statistical_drift
[2025-11-17T22:13:05.966+0000] {pipeline_productivo.py:76} WARNING - Drift detectado - Se procederá con el reentrenamiento
[2025-11-17T22:13:05.966+0000] {python.py:194} INFO - Done. Returned value was: train_model
[2025-11-17T22:13:05.966+0000] {python.py:227} INFO - Branch callable return train_model
[2025-11-17T22:13:05.966+0000] {skipmixin.py:173} INFO - Following branch train_model
[2025-11-17T22:13:05.980+0000] {skipmixin.py:239} INFO - Skipping tasks [('skip_training', -1)]
[2025-11-17T22:13:06.012+0000] {taskinstance.py:1400} INFO - Marking task as SUCCESS. dag_id=sodai_drinks_production_pipeline, task_id=decide_retraining, execution_date=20251109T000000, start_date=20251117T221305, end_date=20251117T221306
[2025-11-17T22:13:06.062+0000] {local_task_job_runner.py:228} INFO - Task exited with return code 0
[2025-11-17T22:13:06.088+0000] {taskinstance.py:2778} INFO - 1 downstream tasks scheduled from follow-on schedule check
[2025-11-17T22:54:14.409+0000] {taskinstance.py:1159} INFO - Dependencies all met for dep_context=non-requeueable deps ti=<TaskInstance: sodai_drinks_production_pipeline.decide_retraining scheduled__2025-11-09T00:00:00+00:00 [queued]>
[2025-11-17T22:54:14.414+0000] {taskinstance.py:1159} INFO - Dependencies all met for dep_context=requeueable deps ti=<TaskInstance: sodai_drinks_production_pipeline.decide_retraining scheduled__2025-11-09T00:00:00+00:00 [queued]>
[2025-11-17T22:54:14.414+0000] {taskinstance.py:1361} INFO - Starting attempt 1 of 2
[2025-11-17T22:54:14.421+0000] {taskinstance.py:1382} INFO - Executing <Task(BranchPythonOperator): decide_retraining> on 2025-11-09 00:00:00+00:00
[2025-11-17T22:54:14.431+0000] {standard_task_runner.py:57} INFO - Started process 2516 to run task
[2025-11-17T22:54:14.434+0000] {standard_task_runner.py:84} INFO - Running: ['***', 'tasks', 'run', 'sodai_drinks_production_pipeline', 'decide_retraining', 'scheduled__2025-11-09T00:00:00+00:00', '--job-id', '101', '--raw', '--subdir', 'DAGS_FOLDER/pipeline_productivo.py', '--cfg-path', '/tmp/tmplttaoh_x']
[2025-11-17T22:54:14.437+0000] {standard_task_runner.py:85} INFO - Job 101: Subtask decide_retraining
[2025-11-17T22:54:14.471+0000] {task_command.py:416} INFO - Running <TaskInstance: sodai_drinks_production_pipeline.decide_retraining scheduled__2025-11-09T00:00:00+00:00 [running]> on host 54d078b6a186
[2025-11-17T22:54:14.518+0000] {taskinstance.py:1662} INFO - Exporting env vars: AIRFLOW_CTX_DAG_EMAIL='team@sodaidrinks.com' AIRFLOW_CTX_DAG_OWNER='sodai_drinks_team' AIRFLOW_CTX_DAG_ID='sodai_drinks_production_pipeline' AIRFLOW_CTX_TASK_ID='decide_retraining' AIRFLOW_CTX_EXECUTION_DATE='2025-11-09T00:00:00+00:00' AIRFLOW_CTX_TRY_NUMBER='1' AIRFLOW_CTX_DAG_RUN_ID='scheduled__2025-11-09T00:00:00+00:00'
[2025-11-17T22:54:14.742+0000] {pipeline_productivo.py:58} INFO - Evaluando necesidad de reentrenamiento...
[2025-11-17T22:54:14.743+0000] {pipeline_productivo.py:59} INFO - Drift detectado: True, Razón: statistical_drift
[2025-11-17T22:54:14.743+0000] {pipeline_productivo.py:76} WARNING - Drift detectado - Se procederá con el reentrenamiento
[2025-11-17T22:54:14.743+0000] {python.py:194} INFO - Done. Returned value was: train_model
[2025-11-17T22:54:14.743+0000] {python.py:227} INFO - Branch callable return train_model
[2025-11-17T22:54:14.743+0000] {skipmixin.py:173} INFO - Following branch train_model
[2025-11-17T22:54:14.757+0000] {skipmixin.py:239} INFO - Skipping tasks [('skip_training', -1)]
[2025-11-17T22:54:14.784+0000] {taskinstance.py:1400} INFO - Marking task as SUCCESS. dag_id=sodai_drinks_production_pipeline, task_id=decide_retraining, execution_date=20251109T000000, start_date=20251117T225414, end_date=20251117T225414
[2025-11-17T22:54:14.819+0000] {local_task_job_runner.py:228} INFO - Task exited with return code 0
[2025-11-17T22:54:14.841+0000] {taskinstance.py:2778} INFO - 1 downstream tasks scheduled from follow-on schedule check
[2025-11-17T23:03:30.669+0000] {taskinstance.py:1159} INFO - Dependencies all met for dep_context=non-requeueable deps ti=<TaskInstance: sodai_drinks_production_pipeline.decide_retraining scheduled__2025-11-09T00:00:00+00:00 [queued]>
[2025-11-17T23:03:30.675+0000] {taskinstance.py:1159} INFO - Dependencies all met for dep_context=requeueable deps ti=<TaskInstance: sodai_drinks_production_pipeline.decide_retraining scheduled__2025-11-09T00:00:00+00:00 [queued]>
[2025-11-17T23:03:30.675+0000] {taskinstance.py:1361} INFO - Starting attempt 1 of 2
[2025-11-17T23:03:30.683+0000] {taskinstance.py:1382} INFO - Executing <Task(BranchPythonOperator): decide_retraining> on 2025-11-09 00:00:00+00:00
[2025-11-17T23:03:30.694+0000] {standard_task_runner.py:57} INFO - Started process 3837 to run task
[2025-11-17T23:03:30.698+0000] {standard_task_runner.py:84} INFO - Running: ['***', 'tasks', 'run', 'sodai_drinks_production_pipeline', 'decide_retraining', 'scheduled__2025-11-09T00:00:00+00:00', '--job-id', '106', '--raw', '--subdir', 'DAGS_FOLDER/pipeline_productivo.py', '--cfg-path', '/tmp/tmpm_3jyvzc']
[2025-11-17T23:03:30.701+0000] {standard_task_runner.py:85} INFO - Job 106: Subtask decide_retraining
[2025-11-17T23:03:30.743+0000] {task_command.py:416} INFO - Running <TaskInstance: sodai_drinks_production_pipeline.decide_retraining scheduled__2025-11-09T00:00:00+00:00 [running]> on host 54d078b6a186
[2025-11-17T23:03:30.800+0000] {taskinstance.py:1662} INFO - Exporting env vars: AIRFLOW_CTX_DAG_EMAIL='team@sodaidrinks.com' AIRFLOW_CTX_DAG_OWNER='sodai_drinks_team' AIRFLOW_CTX_DAG_ID='sodai_drinks_production_pipeline' AIRFLOW_CTX_TASK_ID='decide_retraining' AIRFLOW_CTX_EXECUTION_DATE='2025-11-09T00:00:00+00:00' AIRFLOW_CTX_TRY_NUMBER='1' AIRFLOW_CTX_DAG_RUN_ID='scheduled__2025-11-09T00:00:00+00:00'
[2025-11-17T23:03:31.064+0000] {pipeline_productivo.py:58} INFO - Evaluando necesidad de reentrenamiento...
[2025-11-17T23:03:31.064+0000] {pipeline_productivo.py:59} INFO - Drift detectado: True, Razón: statistical_drift
[2025-11-17T23:03:31.064+0000] {pipeline_productivo.py:76} WARNING - Drift detectado - Se procederá con el reentrenamiento
[2025-11-17T23:03:31.064+0000] {python.py:194} INFO - Done. Returned value was: train_model
[2025-11-17T23:03:31.064+0000] {python.py:227} INFO - Branch callable return train_model
[2025-11-17T23:03:31.064+0000] {skipmixin.py:173} INFO - Following branch train_model
[2025-11-17T23:03:31.078+0000] {skipmixin.py:239} INFO - Skipping tasks [('skip_training', -1)]
[2025-11-17T23:03:31.109+0000] {taskinstance.py:1400} INFO - Marking task as SUCCESS. dag_id=sodai_drinks_production_pipeline, task_id=decide_retraining, execution_date=20251109T000000, start_date=20251117T230330, end_date=20251117T230331
[2025-11-17T23:03:31.152+0000] {local_task_job_runner.py:228} INFO - Task exited with return code 0
[2025-11-17T23:03:31.175+0000] {taskinstance.py:2778} INFO - 1 downstream tasks scheduled from follow-on schedule check
[2025-11-17T23:45:27.236+0000] {taskinstance.py:1159} INFO - Dependencies all met for dep_context=non-requeueable deps ti=<TaskInstance: sodai_drinks_production_pipeline.decide_retraining scheduled__2025-11-09T00:00:00+00:00 [queued]>
[2025-11-17T23:45:27.244+0000] {taskinstance.py:1159} INFO - Dependencies all met for dep_context=requeueable deps ti=<TaskInstance: sodai_drinks_production_pipeline.decide_retraining scheduled__2025-11-09T00:00:00+00:00 [queued]>
[2025-11-17T23:45:27.244+0000] {taskinstance.py:1361} INFO - Starting attempt 1 of 2
[2025-11-17T23:45:27.251+0000] {taskinstance.py:1382} INFO - Executing <Task(BranchPythonOperator): decide_retraining> on 2025-11-09 00:00:00+00:00
[2025-11-17T23:45:27.264+0000] {standard_task_runner.py:57} INFO - Started process 6881 to run task
[2025-11-17T23:45:27.268+0000] {standard_task_runner.py:84} INFO - Running: ['***', 'tasks', 'run', 'sodai_drinks_production_pipeline', 'decide_retraining', 'scheduled__2025-11-09T00:00:00+00:00', '--job-id', '111', '--raw', '--subdir', 'DAGS_FOLDER/pipeline_productivo.py', '--cfg-path', '/tmp/tmp8q3d1d3n']
[2025-11-17T23:45:27.270+0000] {standard_task_runner.py:85} INFO - Job 111: Subtask decide_retraining
[2025-11-17T23:45:27.307+0000] {task_command.py:416} INFO - Running <TaskInstance: sodai_drinks_production_pipeline.decide_retraining scheduled__2025-11-09T00:00:00+00:00 [running]> on host 54d078b6a186
[2025-11-17T23:45:27.362+0000] {taskinstance.py:1662} INFO - Exporting env vars: AIRFLOW_CTX_DAG_EMAIL='team@sodaidrinks.com' AIRFLOW_CTX_DAG_OWNER='sodai_drinks_team' AIRFLOW_CTX_DAG_ID='sodai_drinks_production_pipeline' AIRFLOW_CTX_TASK_ID='decide_retraining' AIRFLOW_CTX_EXECUTION_DATE='2025-11-09T00:00:00+00:00' AIRFLOW_CTX_TRY_NUMBER='1' AIRFLOW_CTX_DAG_RUN_ID='scheduled__2025-11-09T00:00:00+00:00'
[2025-11-17T23:45:27.592+0000] {pipeline_productivo.py:58} INFO - Evaluando necesidad de reentrenamiento...
[2025-11-17T23:45:27.592+0000] {pipeline_productivo.py:59} INFO - Drift detectado: True, Razón: statistical_drift
[2025-11-17T23:45:27.592+0000] {pipeline_productivo.py:76} WARNING - Drift detectado - Se procederá con el reentrenamiento
[2025-11-17T23:45:27.593+0000] {python.py:194} INFO - Done. Returned value was: train_model
[2025-11-17T23:45:27.593+0000] {python.py:227} INFO - Branch callable return train_model
[2025-11-17T23:45:27.593+0000] {skipmixin.py:173} INFO - Following branch train_model
[2025-11-17T23:45:27.604+0000] {skipmixin.py:239} INFO - Skipping tasks [('skip_training', -1)]
[2025-11-17T23:45:27.631+0000] {taskinstance.py:1400} INFO - Marking task as SUCCESS. dag_id=sodai_drinks_production_pipeline, task_id=decide_retraining, execution_date=20251109T000000, start_date=20251117T234527, end_date=20251117T234527
[2025-11-17T23:45:27.680+0000] {local_task_job_runner.py:228} INFO - Task exited with return code 0
[2025-11-17T23:45:27.701+0000] {taskinstance.py:2778} INFO - 1 downstream tasks scheduled from follow-on schedule check
[2025-11-17T23:51:28.747+0000] {taskinstance.py:1159} INFO - Dependencies all met for dep_context=non-requeueable deps ti=<TaskInstance: sodai_drinks_production_pipeline.decide_retraining scheduled__2025-11-09T00:00:00+00:00 [queued]>
[2025-11-17T23:51:28.752+0000] {taskinstance.py:1159} INFO - Dependencies all met for dep_context=requeueable deps ti=<TaskInstance: sodai_drinks_production_pipeline.decide_retraining scheduled__2025-11-09T00:00:00+00:00 [queued]>
[2025-11-17T23:51:28.752+0000] {taskinstance.py:1361} INFO - Starting attempt 1 of 2
[2025-11-17T23:51:28.762+0000] {taskinstance.py:1382} INFO - Executing <Task(BranchPythonOperator): decide_retraining> on 2025-11-09 00:00:00+00:00
[2025-11-17T23:51:28.777+0000] {standard_task_runner.py:57} INFO - Started process 662 to run task
[2025-11-17T23:51:28.781+0000] {standard_task_runner.py:84} INFO - Running: ['***', 'tasks', 'run', 'sodai_drinks_production_pipeline', 'decide_retraining', 'scheduled__2025-11-09T00:00:00+00:00', '--job-id', '117', '--raw', '--subdir', 'DAGS_FOLDER/pipeline_productivo.py', '--cfg-path', '/tmp/tmp9n3r6w7t']
[2025-11-17T23:51:28.784+0000] {standard_task_runner.py:85} INFO - Job 117: Subtask decide_retraining
[2025-11-17T23:51:28.820+0000] {task_command.py:416} INFO - Running <TaskInstance: sodai_drinks_production_pipeline.decide_retraining scheduled__2025-11-09T00:00:00+00:00 [running]> on host c28908a06edf
[2025-11-17T23:51:28.869+0000] {taskinstance.py:1662} INFO - Exporting env vars: AIRFLOW_CTX_DAG_EMAIL='team@sodaidrinks.com' AIRFLOW_CTX_DAG_OWNER='sodai_drinks_team' AIRFLOW_CTX_DAG_ID='sodai_drinks_production_pipeline' AIRFLOW_CTX_TASK_ID='decide_retraining' AIRFLOW_CTX_EXECUTION_DATE='2025-11-09T00:00:00+00:00' AIRFLOW_CTX_TRY_NUMBER='1' AIRFLOW_CTX_DAG_RUN_ID='scheduled__2025-11-09T00:00:00+00:00'
[2025-11-17T23:51:29.085+0000] {pipeline_productivo.py:58} INFO - Evaluando necesidad de reentrenamiento...
[2025-11-17T23:51:29.086+0000] {pipeline_productivo.py:59} INFO - Drift detectado: True, Razón: statistical_drift
[2025-11-17T23:51:29.086+0000] {pipeline_productivo.py:76} WARNING - Drift detectado - Se procederá con el reentrenamiento
[2025-11-17T23:51:29.086+0000] {python.py:194} INFO - Done. Returned value was: train_model
[2025-11-17T23:51:29.086+0000] {python.py:227} INFO - Branch callable return train_model
[2025-11-17T23:51:29.086+0000] {skipmixin.py:173} INFO - Following branch train_model
[2025-11-17T23:51:29.098+0000] {skipmixin.py:239} INFO - Skipping tasks [('skip_training', -1)]
[2025-11-17T23:51:29.136+0000] {taskinstance.py:1400} INFO - Marking task as SUCCESS. dag_id=sodai_drinks_production_pipeline, task_id=decide_retraining, execution_date=20251109T000000, start_date=20251117T235128, end_date=20251117T235129
[2025-11-17T23:51:29.197+0000] {local_task_job_runner.py:228} INFO - Task exited with return code 0
[2025-11-17T23:51:29.218+0000] {taskinstance.py:2778} INFO - 1 downstream tasks scheduled from follow-on schedule check
