[2025-11-17T16:34:20.087+0000] {taskinstance.py:1159} INFO - Dependencies all met for dep_context=non-requeueable deps ti=<TaskInstance: sodai_drinks_production_pipeline.detect_drift scheduled__2025-11-09T00:00:00+00:00 [queued]>
[2025-11-17T16:34:20.092+0000] {taskinstance.py:1159} INFO - Dependencies all met for dep_context=requeueable deps ti=<TaskInstance: sodai_drinks_production_pipeline.detect_drift scheduled__2025-11-09T00:00:00+00:00 [queued]>
[2025-11-17T16:34:20.092+0000] {taskinstance.py:1361} INFO - Starting attempt 1 of 2
[2025-11-17T16:34:20.099+0000] {taskinstance.py:1382} INFO - Executing <Task(PythonOperator): detect_drift> on 2025-11-09 00:00:00+00:00
[2025-11-17T16:34:20.110+0000] {standard_task_runner.py:57} INFO - Started process 17409 to run task
[2025-11-17T16:34:20.113+0000] {standard_task_runner.py:84} INFO - Running: ['***', 'tasks', 'run', 'sodai_drinks_production_pipeline', 'detect_drift', 'scheduled__2025-11-09T00:00:00+00:00', '--job-id', '16', '--raw', '--subdir', 'DAGS_FOLDER/pipeline_productivo.py', '--cfg-path', '/tmp/tmpnebadfk7']
[2025-11-17T16:34:20.115+0000] {standard_task_runner.py:85} INFO - Job 16: Subtask detect_drift
[2025-11-17T16:34:20.155+0000] {task_command.py:416} INFO - Running <TaskInstance: sodai_drinks_production_pipeline.detect_drift scheduled__2025-11-09T00:00:00+00:00 [running]> on host d1f907c36040
[2025-11-17T16:34:20.213+0000] {taskinstance.py:1662} INFO - Exporting env vars: AIRFLOW_CTX_DAG_EMAIL='team@sodaidrinks.com' AIRFLOW_CTX_DAG_OWNER='sodai_drinks_team' AIRFLOW_CTX_DAG_ID='sodai_drinks_production_pipeline' AIRFLOW_CTX_TASK_ID='detect_drift' AIRFLOW_CTX_EXECUTION_DATE='2025-11-09T00:00:00+00:00' AIRFLOW_CTX_TRY_NUMBER='1' AIRFLOW_CTX_DAG_RUN_ID='scheduled__2025-11-09T00:00:00+00:00'
[2025-11-17T16:34:20.214+0000] {drift_detection.py:80} INFO - Iniciando detección de drift...
[2025-11-17T16:34:20.308+0000] {drift_detection.py:110} INFO - Datos de referencia: 619380 registros
[2025-11-17T16:34:20.308+0000] {drift_detection.py:111} INFO - Datos actuales: 3719 registros
[2025-11-17T16:34:20.309+0000] {drift_detection.py:119} INFO - Analizando drift en 16 features numéricas
[2025-11-17T16:34:20.379+0000] {drift_detection.py:30} INFO - KS Test - Statistic: 0.1293, P-value: 0.0000
[2025-11-17T16:34:20.419+0000] {drift_detection.py:65} INFO - PSI: 0.3533
[2025-11-17T16:34:20.420+0000] {drift_detection.py:153} WARNING - Drift detectado en feature 'Y' - PSI: 0.3533, KS p-value: 0.0000
[2025-11-17T16:34:20.469+0000] {drift_detection.py:30} INFO - KS Test - Statistic: 0.1385, P-value: 0.0000
[2025-11-17T16:34:20.507+0000] {drift_detection.py:65} INFO - PSI: 0.0897
[2025-11-17T16:34:20.508+0000] {drift_detection.py:153} WARNING - Drift detectado en feature 'X' - PSI: 0.0897, KS p-value: 0.0000
[2025-11-17T16:34:20.542+0000] {drift_detection.py:30} INFO - KS Test - Statistic: 0.3954, P-value: 0.0000
[2025-11-17T16:34:20.567+0000] {drift_detection.py:65} INFO - PSI: 6.9656
[2025-11-17T16:34:20.568+0000] {drift_detection.py:153} WARNING - Drift detectado en feature 'size' - PSI: 6.9656, KS p-value: 0.0000
[2025-11-17T16:34:20.598+0000] {drift_detection.py:30} INFO - KS Test - Statistic: 0.8255, P-value: 0.0000
[2025-11-17T16:34:20.617+0000] {drift_detection.py:65} INFO - PSI: 0.0159
[2025-11-17T16:34:20.618+0000] {drift_detection.py:153} WARNING - Drift detectado en feature 'num_deliver_per_week' - PSI: 0.0159, KS p-value: 0.0000
[2025-11-17T16:34:20.649+0000] {drift_detection.py:30} INFO - KS Test - Statistic: 0.0806, P-value: 0.0000
[2025-11-17T16:34:20.671+0000] {drift_detection.py:65} INFO - PSI: 0.0000
[2025-11-17T16:34:20.671+0000] {drift_detection.py:153} WARNING - Drift detectado en feature 'segment' - PSI: 0.0000, KS p-value: 0.0000
[2025-11-17T16:34:20.688+0000] {drift_detection.py:165} WARNING - DRIFT DETECTADO - Se recomienda reentrenamiento del modelo
[2025-11-17T16:34:20.696+0000] {python.py:194} INFO - Done. Returned value was: {'status': 'success', 'has_drift': True, 'features_analyzed': 16, 'drift_results': {'Y': {'ks_statistic': 0.12933584296853992, 'ks_p_value': 2.2357746022130593e-54, 'ks_drift': True, 'psi': 0.35327784534816187, 'psi_drift': True}, 'X': {'ks_statistic': 0.13852077884335945, 'ks_p_value': 2.415211159018787e-62, 'ks_drift': True, 'psi': 0.08966644348873097, 'psi_drift': False}, 'size': {'ks_statistic': 0.3953971666329307, 'ks_p_value': 0.0, 'ks_drift': True, 'psi': 6.965619869827473, 'psi_drift': True}, 'num_deliver_per_week': {'ks_statistic': 0.8254779816897626, 'ks_p_value': 0.0, 'ks_drift': True, 'psi': 0.015852866746636173, 'psi_drift': False}, 'segment': {'ks_statistic': 0.08062683115246683, 'ks_p_value': 2.3648709400283405e-21, 'ks_drift': True, 'psi': 7.099748146989201e-28, 'psi_drift': False}}}
[2025-11-17T16:34:20.709+0000] {taskinstance.py:1400} INFO - Marking task as SUCCESS. dag_id=sodai_drinks_production_pipeline, task_id=detect_drift, execution_date=20251109T000000, start_date=20251117T163420, end_date=20251117T163420
[2025-11-17T16:34:20.772+0000] {local_task_job_runner.py:228} INFO - Task exited with return code 0
[2025-11-17T16:34:20.793+0000] {taskinstance.py:2778} INFO - 1 downstream tasks scheduled from follow-on schedule check
[2025-11-17T16:51:45.043+0000] {taskinstance.py:1159} INFO - Dependencies all met for dep_context=non-requeueable deps ti=<TaskInstance: sodai_drinks_production_pipeline.detect_drift scheduled__2025-11-09T00:00:00+00:00 [queued]>
[2025-11-17T16:51:45.049+0000] {taskinstance.py:1159} INFO - Dependencies all met for dep_context=requeueable deps ti=<TaskInstance: sodai_drinks_production_pipeline.detect_drift scheduled__2025-11-09T00:00:00+00:00 [queued]>
[2025-11-17T16:51:45.049+0000] {taskinstance.py:1361} INFO - Starting attempt 1 of 2
[2025-11-17T16:51:45.056+0000] {taskinstance.py:1382} INFO - Executing <Task(PythonOperator): detect_drift> on 2025-11-09 00:00:00+00:00
[2025-11-17T16:51:45.068+0000] {standard_task_runner.py:57} INFO - Started process 1442 to run task
[2025-11-17T16:51:45.071+0000] {standard_task_runner.py:84} INFO - Running: ['***', 'tasks', 'run', 'sodai_drinks_production_pipeline', 'detect_drift', 'scheduled__2025-11-09T00:00:00+00:00', '--job-id', '22', '--raw', '--subdir', 'DAGS_FOLDER/pipeline_productivo.py', '--cfg-path', '/tmp/tmp9s5dlk9k']
[2025-11-17T16:51:45.074+0000] {standard_task_runner.py:85} INFO - Job 22: Subtask detect_drift
[2025-11-17T16:51:45.109+0000] {task_command.py:416} INFO - Running <TaskInstance: sodai_drinks_production_pipeline.detect_drift scheduled__2025-11-09T00:00:00+00:00 [running]> on host d1f907c36040
[2025-11-17T16:51:45.162+0000] {taskinstance.py:1662} INFO - Exporting env vars: AIRFLOW_CTX_DAG_EMAIL='team@sodaidrinks.com' AIRFLOW_CTX_DAG_OWNER='sodai_drinks_team' AIRFLOW_CTX_DAG_ID='sodai_drinks_production_pipeline' AIRFLOW_CTX_TASK_ID='detect_drift' AIRFLOW_CTX_EXECUTION_DATE='2025-11-09T00:00:00+00:00' AIRFLOW_CTX_TRY_NUMBER='1' AIRFLOW_CTX_DAG_RUN_ID='scheduled__2025-11-09T00:00:00+00:00'
[2025-11-17T16:51:45.163+0000] {drift_detection.py:80} INFO - Iniciando detección de drift...
[2025-11-17T16:51:45.228+0000] {drift_detection.py:110} INFO - Datos de referencia: 619380 registros
[2025-11-17T16:51:45.228+0000] {drift_detection.py:111} INFO - Datos actuales: 7438 registros
[2025-11-17T16:51:45.229+0000] {drift_detection.py:119} INFO - Analizando drift en 16 features numéricas
[2025-11-17T16:51:45.292+0000] {drift_detection.py:30} INFO - KS Test - Statistic: 0.1324, P-value: 0.0000
[2025-11-17T16:51:45.334+0000] {drift_detection.py:65} INFO - PSI: 0.3324
[2025-11-17T16:51:45.335+0000] {drift_detection.py:153} WARNING - Drift detectado en feature 'Y' - PSI: 0.3324, KS p-value: 0.0000
[2025-11-17T16:51:45.390+0000] {drift_detection.py:30} INFO - KS Test - Statistic: 0.1385, P-value: 0.0000
[2025-11-17T16:51:45.431+0000] {drift_detection.py:65} INFO - PSI: 0.0898
[2025-11-17T16:51:45.432+0000] {drift_detection.py:153} WARNING - Drift detectado en feature 'X' - PSI: 0.0898, KS p-value: 0.0000
[2025-11-17T16:51:45.474+0000] {drift_detection.py:30} INFO - KS Test - Statistic: 0.3680, P-value: 0.0000
[2025-11-17T16:51:45.502+0000] {drift_detection.py:65} INFO - PSI: 5.8421
[2025-11-17T16:51:45.502+0000] {drift_detection.py:153} WARNING - Drift detectado en feature 'size' - PSI: 5.8421, KS p-value: 0.0000
[2025-11-17T16:51:45.533+0000] {drift_detection.py:30} INFO - KS Test - Statistic: 0.8252, P-value: 0.0000
[2025-11-17T16:51:45.552+0000] {drift_detection.py:65} INFO - PSI: 0.0144
[2025-11-17T16:51:45.553+0000] {drift_detection.py:153} WARNING - Drift detectado en feature 'num_deliver_per_week' - PSI: 0.0144, KS p-value: 0.0000
[2025-11-17T16:51:45.591+0000] {drift_detection.py:30} INFO - KS Test - Statistic: 0.0008, P-value: 1.0000
[2025-11-17T16:51:45.612+0000] {drift_detection.py:65} INFO - PSI: 0.0000
[2025-11-17T16:51:45.630+0000] {drift_detection.py:165} WARNING - DRIFT DETECTADO - Se recomienda reentrenamiento del modelo
[2025-11-17T16:51:45.637+0000] {python.py:194} INFO - Done. Returned value was: {'status': 'success', 'has_drift': True, 'features_analyzed': 16, 'drift_results': {'Y': {'ks_statistic': 0.13242807206238236, 'ks_p_value': 7.340576492559418e-113, 'ks_drift': True, 'psi': 0.33241047190183737, 'psi_drift': True}, 'X': {'ks_statistic': 0.13852077884335945, 'ks_p_value': 1.7296895961061186e-123, 'ks_drift': True, 'psi': 0.08983709276002781, 'psi_drift': False}, 'size': {'ks_statistic': 0.36797043901798043, 'ks_p_value': 0.0, 'ks_drift': True, 'psi': 5.842098301135632, 'psi_drift': True}, 'num_deliver_per_week': {'ks_statistic': 0.8252090922033415, 'ks_p_value': 0.0, 'ks_drift': True, 'psi': 0.014447389092102601, 'psi_drift': False}, 'segment': {'ks_statistic': 0.0007666536854057382, 'ks_p_value': 1.0, 'ks_drift': False, 'psi': 1.7454780123179408e-28, 'psi_drift': False}}}
[2025-11-17T16:51:45.651+0000] {taskinstance.py:1400} INFO - Marking task as SUCCESS. dag_id=sodai_drinks_production_pipeline, task_id=detect_drift, execution_date=20251109T000000, start_date=20251117T165145, end_date=20251117T165145
[2025-11-17T16:51:45.732+0000] {local_task_job_runner.py:228} INFO - Task exited with return code 0
[2025-11-17T16:51:45.753+0000] {taskinstance.py:2778} INFO - 1 downstream tasks scheduled from follow-on schedule check
[2025-11-17T17:59:41.409+0000] {taskinstance.py:1159} INFO - Dependencies all met for dep_context=non-requeueable deps ti=<TaskInstance: sodai_drinks_production_pipeline.detect_drift scheduled__2025-11-09T00:00:00+00:00 [queued]>
[2025-11-17T17:59:41.415+0000] {taskinstance.py:1159} INFO - Dependencies all met for dep_context=requeueable deps ti=<TaskInstance: sodai_drinks_production_pipeline.detect_drift scheduled__2025-11-09T00:00:00+00:00 [queued]>
[2025-11-17T17:59:41.416+0000] {taskinstance.py:1361} INFO - Starting attempt 1 of 2
[2025-11-17T17:59:41.424+0000] {taskinstance.py:1382} INFO - Executing <Task(PythonOperator): detect_drift> on 2025-11-09 00:00:00+00:00
[2025-11-17T17:59:41.436+0000] {standard_task_runner.py:57} INFO - Started process 1016 to run task
[2025-11-17T17:59:41.440+0000] {standard_task_runner.py:84} INFO - Running: ['***', 'tasks', 'run', 'sodai_drinks_production_pipeline', 'detect_drift', 'scheduled__2025-11-09T00:00:00+00:00', '--job-id', '30', '--raw', '--subdir', 'DAGS_FOLDER/pipeline_productivo.py', '--cfg-path', '/tmp/tmpn64r9sr2']
[2025-11-17T17:59:41.443+0000] {standard_task_runner.py:85} INFO - Job 30: Subtask detect_drift
[2025-11-17T17:59:41.484+0000] {task_command.py:416} INFO - Running <TaskInstance: sodai_drinks_production_pipeline.detect_drift scheduled__2025-11-09T00:00:00+00:00 [running]> on host d1f907c36040
[2025-11-17T17:59:41.547+0000] {taskinstance.py:1662} INFO - Exporting env vars: AIRFLOW_CTX_DAG_EMAIL='team@sodaidrinks.com' AIRFLOW_CTX_DAG_OWNER='sodai_drinks_team' AIRFLOW_CTX_DAG_ID='sodai_drinks_production_pipeline' AIRFLOW_CTX_TASK_ID='detect_drift' AIRFLOW_CTX_EXECUTION_DATE='2025-11-09T00:00:00+00:00' AIRFLOW_CTX_TRY_NUMBER='1' AIRFLOW_CTX_DAG_RUN_ID='scheduled__2025-11-09T00:00:00+00:00'
[2025-11-17T17:59:41.548+0000] {drift_detection.py:80} INFO - Iniciando detección de drift...
[2025-11-17T17:59:41.626+0000] {drift_detection.py:110} INFO - Datos de referencia: 619380 registros
[2025-11-17T17:59:41.626+0000] {drift_detection.py:111} INFO - Datos actuales: 7438 registros
[2025-11-17T17:59:41.628+0000] {drift_detection.py:119} INFO - Analizando drift en 15 features numéricas
[2025-11-17T17:59:41.702+0000] {drift_detection.py:30} INFO - KS Test - Statistic: 0.1324, P-value: 0.0000
[2025-11-17T17:59:41.742+0000] {drift_detection.py:65} INFO - PSI: 0.3324
[2025-11-17T17:59:41.743+0000] {drift_detection.py:153} WARNING - Drift detectado en feature 'Y' - PSI: 0.3324, KS p-value: 0.0000
[2025-11-17T17:59:41.800+0000] {drift_detection.py:30} INFO - KS Test - Statistic: 0.1385, P-value: 0.0000
[2025-11-17T17:59:41.841+0000] {drift_detection.py:65} INFO - PSI: 0.0898
[2025-11-17T17:59:41.842+0000] {drift_detection.py:153} WARNING - Drift detectado en feature 'X' - PSI: 0.0898, KS p-value: 0.0000
[2025-11-17T17:59:41.882+0000] {drift_detection.py:30} INFO - KS Test - Statistic: 0.3680, P-value: 0.0000
[2025-11-17T17:59:41.909+0000] {drift_detection.py:65} INFO - PSI: 5.8421
[2025-11-17T17:59:41.910+0000] {drift_detection.py:153} WARNING - Drift detectado en feature 'size' - PSI: 5.8421, KS p-value: 0.0000
[2025-11-17T17:59:41.941+0000] {drift_detection.py:30} INFO - KS Test - Statistic: 0.8252, P-value: 0.0000
[2025-11-17T17:59:41.962+0000] {drift_detection.py:65} INFO - PSI: 0.0144
[2025-11-17T17:59:41.963+0000] {drift_detection.py:153} WARNING - Drift detectado en feature 'num_deliver_per_week' - PSI: 0.0144, KS p-value: 0.0000
[2025-11-17T17:59:41.997+0000] {drift_detection.py:30} INFO - KS Test - Statistic: 0.0008, P-value: 1.0000
[2025-11-17T17:59:42.017+0000] {drift_detection.py:65} INFO - PSI: 0.0000
[2025-11-17T17:59:42.036+0000] {drift_detection.py:165} WARNING - DRIFT DETECTADO - Se recomienda reentrenamiento del modelo
[2025-11-17T17:59:42.044+0000] {python.py:194} INFO - Done. Returned value was: {'status': 'success', 'has_drift': True, 'features_analyzed': 15, 'drift_results': {'Y': {'ks_statistic': 0.13242807206238236, 'ks_p_value': 7.340576492559418e-113, 'ks_drift': True, 'psi': 0.33241047190183737, 'psi_drift': True}, 'X': {'ks_statistic': 0.13852077884335945, 'ks_p_value': 1.7296895961061186e-123, 'ks_drift': True, 'psi': 0.08983709276002781, 'psi_drift': False}, 'size': {'ks_statistic': 0.36797043901798043, 'ks_p_value': 0.0, 'ks_drift': True, 'psi': 5.842098301135632, 'psi_drift': True}, 'num_deliver_per_week': {'ks_statistic': 0.8252090922033415, 'ks_p_value': 0.0, 'ks_drift': True, 'psi': 0.014447389092102601, 'psi_drift': False}, 'segment': {'ks_statistic': 0.0007666536854057382, 'ks_p_value': 1.0, 'ks_drift': False, 'psi': 1.7454780123179408e-28, 'psi_drift': False}}}
[2025-11-17T17:59:42.058+0000] {taskinstance.py:1400} INFO - Marking task as SUCCESS. dag_id=sodai_drinks_production_pipeline, task_id=detect_drift, execution_date=20251109T000000, start_date=20251117T175941, end_date=20251117T175942
[2025-11-17T17:59:42.135+0000] {local_task_job_runner.py:228} INFO - Task exited with return code 0
[2025-11-17T17:59:42.157+0000] {taskinstance.py:2778} INFO - 1 downstream tasks scheduled from follow-on schedule check
[2025-11-17T20:46:27.241+0000] {taskinstance.py:1159} INFO - Dependencies all met for dep_context=non-requeueable deps ti=<TaskInstance: sodai_drinks_production_pipeline.detect_drift scheduled__2025-11-09T00:00:00+00:00 [queued]>
[2025-11-17T20:46:27.247+0000] {taskinstance.py:1159} INFO - Dependencies all met for dep_context=requeueable deps ti=<TaskInstance: sodai_drinks_production_pipeline.detect_drift scheduled__2025-11-09T00:00:00+00:00 [queued]>
[2025-11-17T20:46:27.247+0000] {taskinstance.py:1361} INFO - Starting attempt 1 of 2
[2025-11-17T20:46:27.254+0000] {taskinstance.py:1382} INFO - Executing <Task(PythonOperator): detect_drift> on 2025-11-09 00:00:00+00:00
[2025-11-17T20:46:27.264+0000] {standard_task_runner.py:57} INFO - Started process 432 to run task
[2025-11-17T20:46:27.267+0000] {standard_task_runner.py:84} INFO - Running: ['***', 'tasks', 'run', 'sodai_drinks_production_pipeline', 'detect_drift', 'scheduled__2025-11-09T00:00:00+00:00', '--job-id', '37', '--raw', '--subdir', 'DAGS_FOLDER/pipeline_productivo.py', '--cfg-path', '/tmp/tmpvchg9ich']
[2025-11-17T20:46:27.269+0000] {standard_task_runner.py:85} INFO - Job 37: Subtask detect_drift
[2025-11-17T20:46:27.304+0000] {task_command.py:416} INFO - Running <TaskInstance: sodai_drinks_production_pipeline.detect_drift scheduled__2025-11-09T00:00:00+00:00 [running]> on host d1f907c36040
[2025-11-17T20:46:27.355+0000] {taskinstance.py:1662} INFO - Exporting env vars: AIRFLOW_CTX_DAG_EMAIL='team@sodaidrinks.com' AIRFLOW_CTX_DAG_OWNER='sodai_drinks_team' AIRFLOW_CTX_DAG_ID='sodai_drinks_production_pipeline' AIRFLOW_CTX_TASK_ID='detect_drift' AIRFLOW_CTX_EXECUTION_DATE='2025-11-09T00:00:00+00:00' AIRFLOW_CTX_TRY_NUMBER='1' AIRFLOW_CTX_DAG_RUN_ID='scheduled__2025-11-09T00:00:00+00:00'
[2025-11-17T20:46:27.356+0000] {drift_detection.py:80} INFO - Iniciando detección de drift...
[2025-11-17T20:46:27.432+0000] {drift_detection.py:110} INFO - Datos de referencia: 619380 registros
[2025-11-17T20:46:27.433+0000] {drift_detection.py:111} INFO - Datos actuales: 7438 registros
[2025-11-17T20:46:27.434+0000] {drift_detection.py:119} INFO - Analizando drift en 15 features numéricas
[2025-11-17T20:46:27.502+0000] {drift_detection.py:30} INFO - KS Test - Statistic: 0.1324, P-value: 0.0000
[2025-11-17T20:46:27.538+0000] {drift_detection.py:65} INFO - PSI: 0.3324
[2025-11-17T20:46:27.539+0000] {drift_detection.py:153} WARNING - Drift detectado en feature 'Y' - PSI: 0.3324, KS p-value: 0.0000
[2025-11-17T20:46:27.589+0000] {drift_detection.py:30} INFO - KS Test - Statistic: 0.1385, P-value: 0.0000
[2025-11-17T20:46:27.626+0000] {drift_detection.py:65} INFO - PSI: 0.0898
[2025-11-17T20:46:27.626+0000] {drift_detection.py:153} WARNING - Drift detectado en feature 'X' - PSI: 0.0898, KS p-value: 0.0000
[2025-11-17T20:46:27.662+0000] {drift_detection.py:30} INFO - KS Test - Statistic: 0.3680, P-value: 0.0000
[2025-11-17T20:46:27.688+0000] {drift_detection.py:65} INFO - PSI: 5.8421
[2025-11-17T20:46:27.689+0000] {drift_detection.py:153} WARNING - Drift detectado en feature 'size' - PSI: 5.8421, KS p-value: 0.0000
[2025-11-17T20:46:27.727+0000] {drift_detection.py:30} INFO - KS Test - Statistic: 0.8252, P-value: 0.0000
[2025-11-17T20:46:27.748+0000] {drift_detection.py:65} INFO - PSI: 0.0144
[2025-11-17T20:46:27.749+0000] {drift_detection.py:153} WARNING - Drift detectado en feature 'num_deliver_per_week' - PSI: 0.0144, KS p-value: 0.0000
[2025-11-17T20:46:27.794+0000] {drift_detection.py:30} INFO - KS Test - Statistic: 0.0008, P-value: 1.0000
[2025-11-17T20:46:27.820+0000] {drift_detection.py:65} INFO - PSI: 0.0000
[2025-11-17T20:46:27.842+0000] {drift_detection.py:165} WARNING - DRIFT DETECTADO - Se recomienda reentrenamiento del modelo
[2025-11-17T20:46:27.851+0000] {python.py:194} INFO - Done. Returned value was: {'status': 'success', 'has_drift': True, 'features_analyzed': 15, 'drift_results': {'Y': {'ks_statistic': 0.13242807206238236, 'ks_p_value': 7.340576492559418e-113, 'ks_drift': True, 'psi': 0.33241047190183737, 'psi_drift': True}, 'X': {'ks_statistic': 0.13852077884335945, 'ks_p_value': 1.7296895961061186e-123, 'ks_drift': True, 'psi': 0.08983709276002781, 'psi_drift': False}, 'size': {'ks_statistic': 0.36797043901798043, 'ks_p_value': 0.0, 'ks_drift': True, 'psi': 5.842098301135632, 'psi_drift': True}, 'num_deliver_per_week': {'ks_statistic': 0.8252090922033415, 'ks_p_value': 0.0, 'ks_drift': True, 'psi': 0.014447389092102601, 'psi_drift': False}, 'segment': {'ks_statistic': 0.0007666536854057382, 'ks_p_value': 1.0, 'ks_drift': False, 'psi': 1.7454780123179408e-28, 'psi_drift': False}}}
[2025-11-17T20:46:27.868+0000] {taskinstance.py:1400} INFO - Marking task as SUCCESS. dag_id=sodai_drinks_production_pipeline, task_id=detect_drift, execution_date=20251109T000000, start_date=20251117T204627, end_date=20251117T204627
[2025-11-17T20:46:27.929+0000] {local_task_job_runner.py:228} INFO - Task exited with return code 0
[2025-11-17T20:46:27.950+0000] {taskinstance.py:2778} INFO - 1 downstream tasks scheduled from follow-on schedule check
[2025-11-17T20:51:28.106+0000] {taskinstance.py:1159} INFO - Dependencies all met for dep_context=non-requeueable deps ti=<TaskInstance: sodai_drinks_production_pipeline.detect_drift scheduled__2025-11-09T00:00:00+00:00 [queued]>
[2025-11-17T20:51:28.113+0000] {taskinstance.py:1159} INFO - Dependencies all met for dep_context=requeueable deps ti=<TaskInstance: sodai_drinks_production_pipeline.detect_drift scheduled__2025-11-09T00:00:00+00:00 [queued]>
[2025-11-17T20:51:28.113+0000] {taskinstance.py:1361} INFO - Starting attempt 1 of 2
[2025-11-17T20:51:28.122+0000] {taskinstance.py:1382} INFO - Executing <Task(PythonOperator): detect_drift> on 2025-11-09 00:00:00+00:00
[2025-11-17T20:51:28.137+0000] {standard_task_runner.py:57} INFO - Started process 376 to run task
[2025-11-17T20:51:28.141+0000] {standard_task_runner.py:84} INFO - Running: ['***', 'tasks', 'run', 'sodai_drinks_production_pipeline', 'detect_drift', 'scheduled__2025-11-09T00:00:00+00:00', '--job-id', '43', '--raw', '--subdir', 'DAGS_FOLDER/pipeline_productivo.py', '--cfg-path', '/tmp/tmpyb3koy4j']
[2025-11-17T20:51:28.145+0000] {standard_task_runner.py:85} INFO - Job 43: Subtask detect_drift
[2025-11-17T20:51:28.189+0000] {task_command.py:416} INFO - Running <TaskInstance: sodai_drinks_production_pipeline.detect_drift scheduled__2025-11-09T00:00:00+00:00 [running]> on host d1f907c36040
[2025-11-17T20:51:28.242+0000] {taskinstance.py:1662} INFO - Exporting env vars: AIRFLOW_CTX_DAG_EMAIL='team@sodaidrinks.com' AIRFLOW_CTX_DAG_OWNER='sodai_drinks_team' AIRFLOW_CTX_DAG_ID='sodai_drinks_production_pipeline' AIRFLOW_CTX_TASK_ID='detect_drift' AIRFLOW_CTX_EXECUTION_DATE='2025-11-09T00:00:00+00:00' AIRFLOW_CTX_TRY_NUMBER='1' AIRFLOW_CTX_DAG_RUN_ID='scheduled__2025-11-09T00:00:00+00:00'
[2025-11-17T20:51:28.243+0000] {drift_detection.py:80} INFO - Iniciando detección de drift...
[2025-11-17T20:51:28.331+0000] {drift_detection.py:110} INFO - Datos de referencia: 619380 registros
[2025-11-17T20:51:28.331+0000] {drift_detection.py:111} INFO - Datos actuales: 7438 registros
[2025-11-17T20:51:28.333+0000] {drift_detection.py:119} INFO - Analizando drift en 15 features numéricas
[2025-11-17T20:51:28.564+0000] {drift_detection.py:30} INFO - KS Test - Statistic: 0.1324, P-value: 0.0000
[2025-11-17T20:51:28.624+0000] {drift_detection.py:65} INFO - PSI: 0.3324
[2025-11-17T20:51:28.624+0000] {drift_detection.py:153} WARNING - Drift detectado en feature 'Y' - PSI: 0.3324, KS p-value: 0.0000
[2025-11-17T20:51:28.721+0000] {drift_detection.py:30} INFO - KS Test - Statistic: 0.1385, P-value: 0.0000
[2025-11-17T20:51:28.768+0000] {drift_detection.py:65} INFO - PSI: 0.0898
[2025-11-17T20:51:28.769+0000] {drift_detection.py:153} WARNING - Drift detectado en feature 'X' - PSI: 0.0898, KS p-value: 0.0000
[2025-11-17T20:51:28.855+0000] {drift_detection.py:30} INFO - KS Test - Statistic: 0.3680, P-value: 0.0000
[2025-11-17T20:51:28.887+0000] {drift_detection.py:65} INFO - PSI: 5.8421
[2025-11-17T20:51:28.888+0000] {drift_detection.py:153} WARNING - Drift detectado en feature 'size' - PSI: 5.8421, KS p-value: 0.0000
[2025-11-17T20:51:28.941+0000] {drift_detection.py:30} INFO - KS Test - Statistic: 0.8252, P-value: 0.0000
[2025-11-17T20:51:28.963+0000] {drift_detection.py:65} INFO - PSI: 0.0144
[2025-11-17T20:51:28.963+0000] {drift_detection.py:153} WARNING - Drift detectado en feature 'num_deliver_per_week' - PSI: 0.0144, KS p-value: 0.0000
[2025-11-17T20:51:29.017+0000] {drift_detection.py:30} INFO - KS Test - Statistic: 0.0008, P-value: 1.0000
[2025-11-17T20:51:29.040+0000] {drift_detection.py:65} INFO - PSI: 0.0000
[2025-11-17T20:51:29.065+0000] {drift_detection.py:165} WARNING - DRIFT DETECTADO - Se recomienda reentrenamiento del modelo
[2025-11-17T20:51:29.072+0000] {python.py:194} INFO - Done. Returned value was: {'status': 'success', 'has_drift': True, 'features_analyzed': 15, 'drift_results': {'Y': {'ks_statistic': 0.13242807206238236, 'ks_p_value': 7.340576492559418e-113, 'ks_drift': True, 'psi': 0.33241047190183737, 'psi_drift': True}, 'X': {'ks_statistic': 0.13852077884335945, 'ks_p_value': 1.7296895961061186e-123, 'ks_drift': True, 'psi': 0.08983709276002781, 'psi_drift': False}, 'size': {'ks_statistic': 0.36797043901798043, 'ks_p_value': 0.0, 'ks_drift': True, 'psi': 5.842098301135632, 'psi_drift': True}, 'num_deliver_per_week': {'ks_statistic': 0.8252090922033415, 'ks_p_value': 0.0, 'ks_drift': True, 'psi': 0.014447389092102601, 'psi_drift': False}, 'segment': {'ks_statistic': 0.0007666536854057382, 'ks_p_value': 1.0, 'ks_drift': False, 'psi': 1.7454780123179408e-28, 'psi_drift': False}}}
[2025-11-17T20:51:29.090+0000] {taskinstance.py:1400} INFO - Marking task as SUCCESS. dag_id=sodai_drinks_production_pipeline, task_id=detect_drift, execution_date=20251109T000000, start_date=20251117T205128, end_date=20251117T205129
[2025-11-17T20:51:29.160+0000] {local_task_job_runner.py:228} INFO - Task exited with return code 0
[2025-11-17T20:51:29.181+0000] {taskinstance.py:2778} INFO - 1 downstream tasks scheduled from follow-on schedule check
[2025-11-17T21:04:02.609+0000] {taskinstance.py:1159} INFO - Dependencies all met for dep_context=non-requeueable deps ti=<TaskInstance: sodai_drinks_production_pipeline.detect_drift scheduled__2025-11-09T00:00:00+00:00 [queued]>
[2025-11-17T21:04:02.614+0000] {taskinstance.py:1159} INFO - Dependencies all met for dep_context=requeueable deps ti=<TaskInstance: sodai_drinks_production_pipeline.detect_drift scheduled__2025-11-09T00:00:00+00:00 [queued]>
[2025-11-17T21:04:02.614+0000] {taskinstance.py:1361} INFO - Starting attempt 1 of 2
[2025-11-17T21:04:02.620+0000] {taskinstance.py:1382} INFO - Executing <Task(PythonOperator): detect_drift> on 2025-11-09 00:00:00+00:00
[2025-11-17T21:04:02.630+0000] {standard_task_runner.py:57} INFO - Started process 2492 to run task
[2025-11-17T21:04:02.633+0000] {standard_task_runner.py:84} INFO - Running: ['***', 'tasks', 'run', 'sodai_drinks_production_pipeline', 'detect_drift', 'scheduled__2025-11-09T00:00:00+00:00', '--job-id', '57', '--raw', '--subdir', 'DAGS_FOLDER/pipeline_productivo.py', '--cfg-path', '/tmp/tmpvpwo318w']
[2025-11-17T21:04:02.635+0000] {standard_task_runner.py:85} INFO - Job 57: Subtask detect_drift
[2025-11-17T21:04:02.668+0000] {task_command.py:416} INFO - Running <TaskInstance: sodai_drinks_production_pipeline.detect_drift scheduled__2025-11-09T00:00:00+00:00 [running]> on host d1f907c36040
[2025-11-17T21:04:02.717+0000] {taskinstance.py:1662} INFO - Exporting env vars: AIRFLOW_CTX_DAG_EMAIL='team@sodaidrinks.com' AIRFLOW_CTX_DAG_OWNER='sodai_drinks_team' AIRFLOW_CTX_DAG_ID='sodai_drinks_production_pipeline' AIRFLOW_CTX_TASK_ID='detect_drift' AIRFLOW_CTX_EXECUTION_DATE='2025-11-09T00:00:00+00:00' AIRFLOW_CTX_TRY_NUMBER='1' AIRFLOW_CTX_DAG_RUN_ID='scheduled__2025-11-09T00:00:00+00:00'
[2025-11-17T21:04:02.718+0000] {drift_detection.py:80} INFO - Iniciando detección de drift...
[2025-11-17T21:04:02.780+0000] {drift_detection.py:110} INFO - Datos de referencia: 619380 registros
[2025-11-17T21:04:02.781+0000] {drift_detection.py:111} INFO - Datos actuales: 7438 registros
[2025-11-17T21:04:02.782+0000] {drift_detection.py:119} INFO - Analizando drift en 15 features numéricas
[2025-11-17T21:04:02.837+0000] {drift_detection.py:30} INFO - KS Test - Statistic: 0.1324, P-value: 0.0000
[2025-11-17T21:04:02.873+0000] {drift_detection.py:65} INFO - PSI: 0.3324
[2025-11-17T21:04:02.873+0000] {drift_detection.py:153} WARNING - Drift detectado en feature 'Y' - PSI: 0.3324, KS p-value: 0.0000
[2025-11-17T21:04:02.921+0000] {drift_detection.py:30} INFO - KS Test - Statistic: 0.1385, P-value: 0.0000
[2025-11-17T21:04:02.957+0000] {drift_detection.py:65} INFO - PSI: 0.0898
[2025-11-17T21:04:02.957+0000] {drift_detection.py:153} WARNING - Drift detectado en feature 'X' - PSI: 0.0898, KS p-value: 0.0000
[2025-11-17T21:04:02.990+0000] {drift_detection.py:30} INFO - KS Test - Statistic: 0.3680, P-value: 0.0000
[2025-11-17T21:04:03.015+0000] {drift_detection.py:65} INFO - PSI: 5.8421
[2025-11-17T21:04:03.016+0000] {drift_detection.py:153} WARNING - Drift detectado en feature 'size' - PSI: 5.8421, KS p-value: 0.0000
[2025-11-17T21:04:03.044+0000] {drift_detection.py:30} INFO - KS Test - Statistic: 0.8252, P-value: 0.0000
[2025-11-17T21:04:03.064+0000] {drift_detection.py:65} INFO - PSI: 0.0144
[2025-11-17T21:04:03.064+0000] {drift_detection.py:153} WARNING - Drift detectado en feature 'num_deliver_per_week' - PSI: 0.0144, KS p-value: 0.0000
[2025-11-17T21:04:03.095+0000] {drift_detection.py:30} INFO - KS Test - Statistic: 0.0008, P-value: 1.0000
[2025-11-17T21:04:03.116+0000] {drift_detection.py:65} INFO - PSI: 0.0000
[2025-11-17T21:04:03.135+0000] {drift_detection.py:165} WARNING - DRIFT DETECTADO - Se recomienda reentrenamiento del modelo
[2025-11-17T21:04:03.143+0000] {python.py:194} INFO - Done. Returned value was: {'status': 'success', 'has_drift': True, 'features_analyzed': 15, 'drift_results': {'Y': {'ks_statistic': 0.13242807206238236, 'ks_p_value': 7.340576492559418e-113, 'ks_drift': True, 'psi': 0.33241047190183737, 'psi_drift': True}, 'X': {'ks_statistic': 0.13852077884335945, 'ks_p_value': 1.7296895961061186e-123, 'ks_drift': True, 'psi': 0.08983709276002781, 'psi_drift': False}, 'size': {'ks_statistic': 0.36797043901798043, 'ks_p_value': 0.0, 'ks_drift': True, 'psi': 5.842098301135632, 'psi_drift': True}, 'num_deliver_per_week': {'ks_statistic': 0.8252090922033415, 'ks_p_value': 0.0, 'ks_drift': True, 'psi': 0.014447389092102601, 'psi_drift': False}, 'segment': {'ks_statistic': 0.0007666536854057382, 'ks_p_value': 1.0, 'ks_drift': False, 'psi': 1.7454780123179408e-28, 'psi_drift': False}}}
[2025-11-17T21:04:03.156+0000] {taskinstance.py:1400} INFO - Marking task as SUCCESS. dag_id=sodai_drinks_production_pipeline, task_id=detect_drift, execution_date=20251109T000000, start_date=20251117T210402, end_date=20251117T210403
[2025-11-17T21:04:03.212+0000] {local_task_job_runner.py:228} INFO - Task exited with return code 0
[2025-11-17T21:04:03.231+0000] {taskinstance.py:2778} INFO - 1 downstream tasks scheduled from follow-on schedule check
[2025-11-17T21:18:13.519+0000] {taskinstance.py:1159} INFO - Dependencies all met for dep_context=non-requeueable deps ti=<TaskInstance: sodai_drinks_production_pipeline.detect_drift scheduled__2025-11-09T00:00:00+00:00 [queued]>
[2025-11-17T21:18:13.524+0000] {taskinstance.py:1159} INFO - Dependencies all met for dep_context=requeueable deps ti=<TaskInstance: sodai_drinks_production_pipeline.detect_drift scheduled__2025-11-09T00:00:00+00:00 [queued]>
[2025-11-17T21:18:13.524+0000] {taskinstance.py:1361} INFO - Starting attempt 1 of 2
[2025-11-17T21:18:13.531+0000] {taskinstance.py:1382} INFO - Executing <Task(PythonOperator): detect_drift> on 2025-11-09 00:00:00+00:00
[2025-11-17T21:18:13.544+0000] {standard_task_runner.py:57} INFO - Started process 378 to run task
[2025-11-17T21:18:13.548+0000] {standard_task_runner.py:84} INFO - Running: ['***', 'tasks', 'run', 'sodai_drinks_production_pipeline', 'detect_drift', 'scheduled__2025-11-09T00:00:00+00:00', '--job-id', '65', '--raw', '--subdir', 'DAGS_FOLDER/pipeline_productivo.py', '--cfg-path', '/tmp/tmp6hn346ou']
[2025-11-17T21:18:13.551+0000] {standard_task_runner.py:85} INFO - Job 65: Subtask detect_drift
[2025-11-17T21:18:13.585+0000] {task_command.py:416} INFO - Running <TaskInstance: sodai_drinks_production_pipeline.detect_drift scheduled__2025-11-09T00:00:00+00:00 [running]> on host 38f17a86e62e
[2025-11-17T21:18:13.631+0000] {taskinstance.py:1662} INFO - Exporting env vars: AIRFLOW_CTX_DAG_EMAIL='team@sodaidrinks.com' AIRFLOW_CTX_DAG_OWNER='sodai_drinks_team' AIRFLOW_CTX_DAG_ID='sodai_drinks_production_pipeline' AIRFLOW_CTX_TASK_ID='detect_drift' AIRFLOW_CTX_EXECUTION_DATE='2025-11-09T00:00:00+00:00' AIRFLOW_CTX_TRY_NUMBER='1' AIRFLOW_CTX_DAG_RUN_ID='scheduled__2025-11-09T00:00:00+00:00'
[2025-11-17T21:18:13.632+0000] {drift_detection.py:80} INFO - Iniciando detección de drift...
[2025-11-17T21:18:13.940+0000] {drift_detection.py:110} INFO - Datos de referencia: 619380 registros
[2025-11-17T21:18:13.940+0000] {drift_detection.py:111} INFO - Datos actuales: 7438 registros
[2025-11-17T21:18:13.944+0000] {drift_detection.py:119} INFO - Analizando drift en 15 features numéricas
[2025-11-17T21:18:14.042+0000] {drift_detection.py:30} INFO - KS Test - Statistic: 0.1324, P-value: 0.0000
[2025-11-17T21:18:14.081+0000] {drift_detection.py:65} INFO - PSI: 0.3324
[2025-11-17T21:18:14.082+0000] {drift_detection.py:153} WARNING - Drift detectado en feature 'Y' - PSI: 0.3324, KS p-value: 0.0000
[2025-11-17T21:18:14.153+0000] {drift_detection.py:30} INFO - KS Test - Statistic: 0.1385, P-value: 0.0000
[2025-11-17T21:18:14.191+0000] {drift_detection.py:65} INFO - PSI: 0.0898
[2025-11-17T21:18:14.192+0000] {drift_detection.py:153} WARNING - Drift detectado en feature 'X' - PSI: 0.0898, KS p-value: 0.0000
[2025-11-17T21:18:14.235+0000] {drift_detection.py:30} INFO - KS Test - Statistic: 0.3680, P-value: 0.0000
[2025-11-17T21:18:14.261+0000] {drift_detection.py:65} INFO - PSI: 5.8421
[2025-11-17T21:18:14.261+0000] {drift_detection.py:153} WARNING - Drift detectado en feature 'size' - PSI: 5.8421, KS p-value: 0.0000
[2025-11-17T21:18:14.303+0000] {drift_detection.py:30} INFO - KS Test - Statistic: 0.8252, P-value: 0.0000
[2025-11-17T21:18:14.323+0000] {drift_detection.py:65} INFO - PSI: 0.0144
[2025-11-17T21:18:14.324+0000] {drift_detection.py:153} WARNING - Drift detectado en feature 'num_deliver_per_week' - PSI: 0.0144, KS p-value: 0.0000
[2025-11-17T21:18:14.363+0000] {drift_detection.py:30} INFO - KS Test - Statistic: 0.0008, P-value: 1.0000
[2025-11-17T21:18:14.384+0000] {drift_detection.py:65} INFO - PSI: 0.0000
[2025-11-17T21:18:14.406+0000] {drift_detection.py:165} WARNING - DRIFT DETECTADO - Se recomienda reentrenamiento del modelo
[2025-11-17T21:18:14.414+0000] {python.py:194} INFO - Done. Returned value was: {'status': 'success', 'has_drift': True, 'features_analyzed': 15, 'drift_results': {'Y': {'ks_statistic': 0.13242807206238236, 'ks_p_value': 7.340576492559418e-113, 'ks_drift': True, 'psi': 0.33241047190183737, 'psi_drift': True}, 'X': {'ks_statistic': 0.13852077884335945, 'ks_p_value': 1.7296895961061186e-123, 'ks_drift': True, 'psi': 0.08983709276002781, 'psi_drift': False}, 'size': {'ks_statistic': 0.36797043901798043, 'ks_p_value': 0.0, 'ks_drift': True, 'psi': 5.842098301135632, 'psi_drift': True}, 'num_deliver_per_week': {'ks_statistic': 0.8252090922033415, 'ks_p_value': 0.0, 'ks_drift': True, 'psi': 0.014447389092102601, 'psi_drift': False}, 'segment': {'ks_statistic': 0.0007666536854057382, 'ks_p_value': 1.0, 'ks_drift': False, 'psi': 1.7454780123179408e-28, 'psi_drift': False}}}
[2025-11-17T21:18:14.429+0000] {taskinstance.py:1400} INFO - Marking task as SUCCESS. dag_id=sodai_drinks_production_pipeline, task_id=detect_drift, execution_date=20251109T000000, start_date=20251117T211813, end_date=20251117T211814
[2025-11-17T21:18:14.494+0000] {local_task_job_runner.py:228} INFO - Task exited with return code 0
[2025-11-17T21:18:14.515+0000] {taskinstance.py:2778} INFO - 1 downstream tasks scheduled from follow-on schedule check
[2025-11-17T22:05:25.206+0000] {taskinstance.py:1159} INFO - Dependencies all met for dep_context=non-requeueable deps ti=<TaskInstance: sodai_drinks_production_pipeline.detect_drift scheduled__2025-11-09T00:00:00+00:00 [queued]>
[2025-11-17T22:05:25.211+0000] {taskinstance.py:1159} INFO - Dependencies all met for dep_context=requeueable deps ti=<TaskInstance: sodai_drinks_production_pipeline.detect_drift scheduled__2025-11-09T00:00:00+00:00 [queued]>
[2025-11-17T22:05:25.211+0000] {taskinstance.py:1361} INFO - Starting attempt 1 of 2
[2025-11-17T22:05:25.218+0000] {taskinstance.py:1382} INFO - Executing <Task(PythonOperator): detect_drift> on 2025-11-09 00:00:00+00:00
[2025-11-17T22:05:25.230+0000] {standard_task_runner.py:57} INFO - Started process 4136 to run task
[2025-11-17T22:05:25.232+0000] {standard_task_runner.py:84} INFO - Running: ['***', 'tasks', 'run', 'sodai_drinks_production_pipeline', 'detect_drift', 'scheduled__2025-11-09T00:00:00+00:00', '--job-id', '73', '--raw', '--subdir', 'DAGS_FOLDER/pipeline_productivo.py', '--cfg-path', '/tmp/tmp_nxen8nt']
[2025-11-17T22:05:25.235+0000] {standard_task_runner.py:85} INFO - Job 73: Subtask detect_drift
[2025-11-17T22:05:25.273+0000] {task_command.py:416} INFO - Running <TaskInstance: sodai_drinks_production_pipeline.detect_drift scheduled__2025-11-09T00:00:00+00:00 [running]> on host 38f17a86e62e
[2025-11-17T22:05:25.325+0000] {taskinstance.py:1662} INFO - Exporting env vars: AIRFLOW_CTX_DAG_EMAIL='team@sodaidrinks.com' AIRFLOW_CTX_DAG_OWNER='sodai_drinks_team' AIRFLOW_CTX_DAG_ID='sodai_drinks_production_pipeline' AIRFLOW_CTX_TASK_ID='detect_drift' AIRFLOW_CTX_EXECUTION_DATE='2025-11-09T00:00:00+00:00' AIRFLOW_CTX_TRY_NUMBER='1' AIRFLOW_CTX_DAG_RUN_ID='scheduled__2025-11-09T00:00:00+00:00'
[2025-11-17T22:05:25.326+0000] {drift_detection.py:80} INFO - Iniciando detección de drift...
[2025-11-17T22:05:25.404+0000] {drift_detection.py:110} INFO - Datos de referencia: 619380 registros
[2025-11-17T22:05:25.404+0000] {drift_detection.py:111} INFO - Datos actuales: 412920 registros
[2025-11-17T22:05:25.426+0000] {drift_detection.py:119} INFO - Analizando drift en 15 features numéricas
[2025-11-17T22:05:25.521+0000] {drift_detection.py:30} INFO - KS Test - Statistic: 0.1254, P-value: 0.0000
[2025-11-17T22:05:25.566+0000] {drift_detection.py:65} INFO - PSI: 0.0096
[2025-11-17T22:05:25.566+0000] {drift_detection.py:153} WARNING - Drift detectado en feature 'Y' - PSI: 0.0096, KS p-value: 0.0000
[2025-11-17T22:05:25.636+0000] {drift_detection.py:30} INFO - KS Test - Statistic: 0.1385, P-value: 0.0000
[2025-11-17T22:05:25.679+0000] {drift_detection.py:65} INFO - PSI: 0.0028
[2025-11-17T22:05:25.679+0000] {drift_detection.py:153} WARNING - Drift detectado en feature 'X' - PSI: 0.0028, KS p-value: 0.0000
[2025-11-17T22:05:25.742+0000] {drift_detection.py:30} INFO - KS Test - Statistic: 0.3831, P-value: 0.0000
[2025-11-17T22:05:25.771+0000] {drift_detection.py:65} INFO - PSI: 6.6975
[2025-11-17T22:05:25.771+0000] {drift_detection.py:153} WARNING - Drift detectado en feature 'size' - PSI: 6.6975, KS p-value: 0.0000
[2025-11-17T22:05:25.828+0000] {drift_detection.py:30} INFO - KS Test - Statistic: 0.0015, P-value: 0.6054
[2025-11-17T22:05:25.858+0000] {drift_detection.py:65} INFO - PSI: 0.0002
[2025-11-17T22:05:26.099+0000] {drift_detection.py:30} INFO - KS Test - Statistic: 0.0182, P-value: 0.0000
[2025-11-17T22:05:26.125+0000] {drift_detection.py:65} INFO - PSI: 0.0000
[2025-11-17T22:05:26.126+0000] {drift_detection.py:153} WARNING - Drift detectado en feature 'segment' - PSI: 0.0000, KS p-value: 0.0000
[2025-11-17T22:05:26.144+0000] {drift_detection.py:165} WARNING - DRIFT DETECTADO - Se recomienda reentrenamiento del modelo
[2025-11-17T22:05:26.154+0000] {python.py:194} INFO - Done. Returned value was: {'status': 'success', 'has_drift': True, 'features_analyzed': 15, 'drift_results': {'Y': {'ks_statistic': 0.12540605121250284, 'ks_p_value': 0.0, 'ks_drift': True, 'psi': 0.00962266063879653, 'psi_drift': False}, 'X': {'ks_statistic': 0.13852077884335945, 'ks_p_value': 0.0, 'ks_drift': True, 'psi': 0.002752275994984549, 'psi_drift': False}, 'size': {'ks_statistic': 0.3831218315089283, 'ks_p_value': 0.0, 'ks_drift': True, 'psi': 6.697522136727059, 'psi_drift': True}, 'num_deliver_per_week': {'ks_statistic': 0.0015321773386289522, 'ks_p_value': 0.6053799277163772, 'ks_drift': False, 'psi': 0.0002027322949461055, 'psi_drift': False}, 'segment': {'ks_statistic': 0.018152830249604457, 'ks_p_value': 2.3909618729486848e-71, 'ks_drift': True, 'psi': 2.4651903288156616e-32, 'psi_drift': False}}}
[2025-11-17T22:05:26.172+0000] {taskinstance.py:1400} INFO - Marking task as SUCCESS. dag_id=sodai_drinks_production_pipeline, task_id=detect_drift, execution_date=20251109T000000, start_date=20251117T220525, end_date=20251117T220526
[2025-11-17T22:05:26.255+0000] {local_task_job_runner.py:228} INFO - Task exited with return code 0
[2025-11-17T22:05:26.276+0000] {taskinstance.py:2778} INFO - 0 downstream tasks scheduled from follow-on schedule check
[2025-11-17T22:13:02.697+0000] {taskinstance.py:1159} INFO - Dependencies all met for dep_context=non-requeueable deps ti=<TaskInstance: sodai_drinks_production_pipeline.detect_drift scheduled__2025-11-09T00:00:00+00:00 [queued]>
[2025-11-17T22:13:02.705+0000] {taskinstance.py:1159} INFO - Dependencies all met for dep_context=requeueable deps ti=<TaskInstance: sodai_drinks_production_pipeline.detect_drift scheduled__2025-11-09T00:00:00+00:00 [queued]>
[2025-11-17T22:13:02.705+0000] {taskinstance.py:1361} INFO - Starting attempt 1 of 2
[2025-11-17T22:13:02.717+0000] {taskinstance.py:1382} INFO - Executing <Task(PythonOperator): detect_drift> on 2025-11-09 00:00:00+00:00
[2025-11-17T22:13:02.733+0000] {standard_task_runner.py:57} INFO - Started process 317 to run task
[2025-11-17T22:13:02.737+0000] {standard_task_runner.py:84} INFO - Running: ['***', 'tasks', 'run', 'sodai_drinks_production_pipeline', 'detect_drift', 'scheduled__2025-11-09T00:00:00+00:00', '--job-id', '79', '--raw', '--subdir', 'DAGS_FOLDER/pipeline_productivo.py', '--cfg-path', '/tmp/tmpgdmdq9sc']
[2025-11-17T22:13:02.740+0000] {standard_task_runner.py:85} INFO - Job 79: Subtask detect_drift
[2025-11-17T22:13:02.778+0000] {task_command.py:416} INFO - Running <TaskInstance: sodai_drinks_production_pipeline.detect_drift scheduled__2025-11-09T00:00:00+00:00 [running]> on host 4a9d41c94249
[2025-11-17T22:13:02.830+0000] {taskinstance.py:1662} INFO - Exporting env vars: AIRFLOW_CTX_DAG_EMAIL='team@sodaidrinks.com' AIRFLOW_CTX_DAG_OWNER='sodai_drinks_team' AIRFLOW_CTX_DAG_ID='sodai_drinks_production_pipeline' AIRFLOW_CTX_TASK_ID='detect_drift' AIRFLOW_CTX_EXECUTION_DATE='2025-11-09T00:00:00+00:00' AIRFLOW_CTX_TRY_NUMBER='1' AIRFLOW_CTX_DAG_RUN_ID='scheduled__2025-11-09T00:00:00+00:00'
[2025-11-17T22:13:02.832+0000] {drift_detection.py:80} INFO - Iniciando detección de drift...
[2025-11-17T22:13:03.126+0000] {drift_detection.py:110} INFO - Datos de referencia: 619380 registros
[2025-11-17T22:13:03.126+0000] {drift_detection.py:111} INFO - Datos actuales: 7438 registros
[2025-11-17T22:13:03.128+0000] {drift_detection.py:119} INFO - Analizando drift en 15 features numéricas
[2025-11-17T22:13:03.253+0000] {drift_detection.py:30} INFO - KS Test - Statistic: 0.1339, P-value: 0.0000
[2025-11-17T22:13:03.299+0000] {drift_detection.py:65} INFO - PSI: 0.4228
[2025-11-17T22:13:03.300+0000] {drift_detection.py:153} WARNING - Drift detectado en feature 'Y' - PSI: 0.4228, KS p-value: 0.0000
[2025-11-17T22:13:03.355+0000] {drift_detection.py:30} INFO - KS Test - Statistic: 0.1385, P-value: 0.0000
[2025-11-17T22:13:03.394+0000] {drift_detection.py:65} INFO - PSI: 0.0807
[2025-11-17T22:13:03.395+0000] {drift_detection.py:153} WARNING - Drift detectado en feature 'X' - PSI: 0.0807, KS p-value: 0.0000
[2025-11-17T22:13:03.430+0000] {drift_detection.py:30} INFO - KS Test - Statistic: 0.3681, P-value: 0.0000
[2025-11-17T22:13:03.462+0000] {drift_detection.py:65} INFO - PSI: 5.8409
[2025-11-17T22:13:03.463+0000] {drift_detection.py:153} WARNING - Drift detectado en feature 'size' - PSI: 5.8409, KS p-value: 0.0000
[2025-11-17T22:13:03.496+0000] {drift_detection.py:30} INFO - KS Test - Statistic: 0.8252, P-value: 0.0000
[2025-11-17T22:13:03.518+0000] {drift_detection.py:65} INFO - PSI: 0.0146
[2025-11-17T22:13:03.519+0000] {drift_detection.py:153} WARNING - Drift detectado en feature 'num_deliver_per_week' - PSI: 0.0146, KS p-value: 0.0000
[2025-11-17T22:13:03.553+0000] {drift_detection.py:30} INFO - KS Test - Statistic: 0.0005, P-value: 1.0000
[2025-11-17T22:13:03.583+0000] {drift_detection.py:65} INFO - PSI: 0.0000
[2025-11-17T22:13:03.604+0000] {drift_detection.py:165} WARNING - DRIFT DETECTADO - Se recomienda reentrenamiento del modelo
[2025-11-17T22:13:03.616+0000] {python.py:194} INFO - Done. Returned value was: {'status': 'success', 'has_drift': True, 'features_analyzed': 15, 'drift_results': {'Y': {'ks_statistic': 0.1339069642376983, 'ks_p_value': 2.141317669243686e-115, 'ks_drift': True, 'psi': 0.42279600443854365, 'psi_drift': True}, 'X': {'ks_statistic': 0.13852077884335945, 'ks_p_value': 1.7296895961061186e-123, 'ks_drift': True, 'psi': 0.08072994045974347, 'psi_drift': False}, 'size': {'ks_statistic': 0.368104883761191, 'ks_p_value': 0.0, 'ks_drift': True, 'psi': 5.840896089293691, 'psi_drift': True}, 'num_deliver_per_week': {'ks_statistic': 0.8252090922033415, 'ks_p_value': 0.0, 'ks_drift': True, 'psi': 0.014583560075673456, 'psi_drift': False}, 'segment': {'ks_statistic': 0.0004977641989846182, 'ks_p_value': 1.0, 'ks_drift': False, 'psi': 1.7454780123179408e-28, 'psi_drift': False}}}
[2025-11-17T22:13:03.633+0000] {taskinstance.py:1400} INFO - Marking task as SUCCESS. dag_id=sodai_drinks_production_pipeline, task_id=detect_drift, execution_date=20251109T000000, start_date=20251117T221302, end_date=20251117T221303
[2025-11-17T22:13:03.715+0000] {local_task_job_runner.py:228} INFO - Task exited with return code 0
[2025-11-17T22:13:03.735+0000] {taskinstance.py:2778} INFO - 1 downstream tasks scheduled from follow-on schedule check
[2025-11-17T22:54:11.505+0000] {taskinstance.py:1159} INFO - Dependencies all met for dep_context=non-requeueable deps ti=<TaskInstance: sodai_drinks_production_pipeline.detect_drift scheduled__2025-11-09T00:00:00+00:00 [queued]>
[2025-11-17T22:54:11.511+0000] {taskinstance.py:1159} INFO - Dependencies all met for dep_context=requeueable deps ti=<TaskInstance: sodai_drinks_production_pipeline.detect_drift scheduled__2025-11-09T00:00:00+00:00 [queued]>
[2025-11-17T22:54:11.511+0000] {taskinstance.py:1361} INFO - Starting attempt 1 of 2
[2025-11-17T22:54:11.518+0000] {taskinstance.py:1382} INFO - Executing <Task(PythonOperator): detect_drift> on 2025-11-09 00:00:00+00:00
[2025-11-17T22:54:11.528+0000] {standard_task_runner.py:57} INFO - Started process 2483 to run task
[2025-11-17T22:54:11.532+0000] {standard_task_runner.py:84} INFO - Running: ['***', 'tasks', 'run', 'sodai_drinks_production_pipeline', 'detect_drift', 'scheduled__2025-11-09T00:00:00+00:00', '--job-id', '100', '--raw', '--subdir', 'DAGS_FOLDER/pipeline_productivo.py', '--cfg-path', '/tmp/tmpf_souv4d']
[2025-11-17T22:54:11.535+0000] {standard_task_runner.py:85} INFO - Job 100: Subtask detect_drift
[2025-11-17T22:54:11.576+0000] {task_command.py:416} INFO - Running <TaskInstance: sodai_drinks_production_pipeline.detect_drift scheduled__2025-11-09T00:00:00+00:00 [running]> on host 54d078b6a186
[2025-11-17T22:54:11.635+0000] {taskinstance.py:1662} INFO - Exporting env vars: AIRFLOW_CTX_DAG_EMAIL='team@sodaidrinks.com' AIRFLOW_CTX_DAG_OWNER='sodai_drinks_team' AIRFLOW_CTX_DAG_ID='sodai_drinks_production_pipeline' AIRFLOW_CTX_TASK_ID='detect_drift' AIRFLOW_CTX_EXECUTION_DATE='2025-11-09T00:00:00+00:00' AIRFLOW_CTX_TRY_NUMBER='1' AIRFLOW_CTX_DAG_RUN_ID='scheduled__2025-11-09T00:00:00+00:00'
[2025-11-17T22:54:11.638+0000] {drift_detection.py:80} INFO - Iniciando detección de drift...
[2025-11-17T22:54:11.973+0000] {drift_detection.py:110} INFO - Datos de referencia: 619380 registros
[2025-11-17T22:54:11.974+0000] {drift_detection.py:111} INFO - Datos actuales: 7438 registros
[2025-11-17T22:54:11.977+0000] {drift_detection.py:119} INFO - Analizando drift en 15 features numéricas
[2025-11-17T22:54:12.076+0000] {drift_detection.py:30} INFO - KS Test - Statistic: 0.1339, P-value: 0.0000
[2025-11-17T22:54:12.114+0000] {drift_detection.py:65} INFO - PSI: 0.4228
[2025-11-17T22:54:12.115+0000] {drift_detection.py:153} WARNING - Drift detectado en feature 'Y' - PSI: 0.4228, KS p-value: 0.0000
[2025-11-17T22:54:12.170+0000] {drift_detection.py:30} INFO - KS Test - Statistic: 0.1385, P-value: 0.0000
[2025-11-17T22:54:12.207+0000] {drift_detection.py:65} INFO - PSI: 0.0807
[2025-11-17T22:54:12.208+0000] {drift_detection.py:153} WARNING - Drift detectado en feature 'X' - PSI: 0.0807, KS p-value: 0.0000
[2025-11-17T22:54:12.246+0000] {drift_detection.py:30} INFO - KS Test - Statistic: 0.3681, P-value: 0.0000
[2025-11-17T22:54:12.273+0000] {drift_detection.py:65} INFO - PSI: 5.8409
[2025-11-17T22:54:12.274+0000] {drift_detection.py:153} WARNING - Drift detectado en feature 'size' - PSI: 5.8409, KS p-value: 0.0000
[2025-11-17T22:54:12.313+0000] {drift_detection.py:30} INFO - KS Test - Statistic: 0.8252, P-value: 0.0000
[2025-11-17T22:54:12.335+0000] {drift_detection.py:65} INFO - PSI: 0.0146
[2025-11-17T22:54:12.336+0000] {drift_detection.py:153} WARNING - Drift detectado en feature 'num_deliver_per_week' - PSI: 0.0146, KS p-value: 0.0000
[2025-11-17T22:54:12.373+0000] {drift_detection.py:30} INFO - KS Test - Statistic: 0.0005, P-value: 1.0000
[2025-11-17T22:54:12.397+0000] {drift_detection.py:65} INFO - PSI: 0.0000
[2025-11-17T22:54:12.416+0000] {drift_detection.py:165} WARNING - DRIFT DETECTADO - Se recomienda reentrenamiento del modelo
[2025-11-17T22:54:12.423+0000] {python.py:194} INFO - Done. Returned value was: {'status': 'success', 'has_drift': True, 'features_analyzed': 15, 'drift_results': {'Y': {'ks_statistic': 0.1339069642376983, 'ks_p_value': 2.141317669243686e-115, 'ks_drift': True, 'psi': 0.42279600443854365, 'psi_drift': True}, 'X': {'ks_statistic': 0.13852077884335945, 'ks_p_value': 1.7296895961061186e-123, 'ks_drift': True, 'psi': 0.08072994045974347, 'psi_drift': False}, 'size': {'ks_statistic': 0.368104883761191, 'ks_p_value': 0.0, 'ks_drift': True, 'psi': 5.840896089293691, 'psi_drift': True}, 'num_deliver_per_week': {'ks_statistic': 0.8252090922033415, 'ks_p_value': 0.0, 'ks_drift': True, 'psi': 0.014583560075673456, 'psi_drift': False}, 'segment': {'ks_statistic': 0.0004977641989846182, 'ks_p_value': 1.0, 'ks_drift': False, 'psi': 1.7454780123179408e-28, 'psi_drift': False}}}
[2025-11-17T22:54:12.437+0000] {taskinstance.py:1400} INFO - Marking task as SUCCESS. dag_id=sodai_drinks_production_pipeline, task_id=detect_drift, execution_date=20251109T000000, start_date=20251117T225411, end_date=20251117T225412
[2025-11-17T22:54:12.511+0000] {local_task_job_runner.py:228} INFO - Task exited with return code 0
[2025-11-17T22:54:12.531+0000] {taskinstance.py:2778} INFO - 1 downstream tasks scheduled from follow-on schedule check
[2025-11-17T23:03:27.634+0000] {taskinstance.py:1159} INFO - Dependencies all met for dep_context=non-requeueable deps ti=<TaskInstance: sodai_drinks_production_pipeline.detect_drift scheduled__2025-11-09T00:00:00+00:00 [queued]>
[2025-11-17T23:03:27.641+0000] {taskinstance.py:1159} INFO - Dependencies all met for dep_context=requeueable deps ti=<TaskInstance: sodai_drinks_production_pipeline.detect_drift scheduled__2025-11-09T00:00:00+00:00 [queued]>
[2025-11-17T23:03:27.641+0000] {taskinstance.py:1361} INFO - Starting attempt 1 of 2
[2025-11-17T23:03:27.652+0000] {taskinstance.py:1382} INFO - Executing <Task(PythonOperator): detect_drift> on 2025-11-09 00:00:00+00:00
[2025-11-17T23:03:27.669+0000] {standard_task_runner.py:57} INFO - Started process 3804 to run task
[2025-11-17T23:03:27.673+0000] {standard_task_runner.py:84} INFO - Running: ['***', 'tasks', 'run', 'sodai_drinks_production_pipeline', 'detect_drift', 'scheduled__2025-11-09T00:00:00+00:00', '--job-id', '105', '--raw', '--subdir', 'DAGS_FOLDER/pipeline_productivo.py', '--cfg-path', '/tmp/tmpywajs76r']
[2025-11-17T23:03:27.677+0000] {standard_task_runner.py:85} INFO - Job 105: Subtask detect_drift
[2025-11-17T23:03:27.711+0000] {task_command.py:416} INFO - Running <TaskInstance: sodai_drinks_production_pipeline.detect_drift scheduled__2025-11-09T00:00:00+00:00 [running]> on host 54d078b6a186
[2025-11-17T23:03:27.762+0000] {taskinstance.py:1662} INFO - Exporting env vars: AIRFLOW_CTX_DAG_EMAIL='team@sodaidrinks.com' AIRFLOW_CTX_DAG_OWNER='sodai_drinks_team' AIRFLOW_CTX_DAG_ID='sodai_drinks_production_pipeline' AIRFLOW_CTX_TASK_ID='detect_drift' AIRFLOW_CTX_EXECUTION_DATE='2025-11-09T00:00:00+00:00' AIRFLOW_CTX_TRY_NUMBER='1' AIRFLOW_CTX_DAG_RUN_ID='scheduled__2025-11-09T00:00:00+00:00'
[2025-11-17T23:03:27.764+0000] {drift_detection.py:80} INFO - Iniciando detección de drift...
[2025-11-17T23:03:28.059+0000] {drift_detection.py:110} INFO - Datos de referencia: 619380 registros
[2025-11-17T23:03:28.060+0000] {drift_detection.py:111} INFO - Datos actuales: 7438 registros
[2025-11-17T23:03:28.061+0000] {drift_detection.py:119} INFO - Analizando drift en 15 features numéricas
[2025-11-17T23:03:28.129+0000] {drift_detection.py:30} INFO - KS Test - Statistic: 0.1339, P-value: 0.0000
[2025-11-17T23:03:28.166+0000] {drift_detection.py:65} INFO - PSI: 0.4228
[2025-11-17T23:03:28.167+0000] {drift_detection.py:153} WARNING - Drift detectado en feature 'Y' - PSI: 0.4228, KS p-value: 0.0000
[2025-11-17T23:03:28.228+0000] {drift_detection.py:30} INFO - KS Test - Statistic: 0.1385, P-value: 0.0000
[2025-11-17T23:03:28.266+0000] {drift_detection.py:65} INFO - PSI: 0.0807
[2025-11-17T23:03:28.267+0000] {drift_detection.py:153} WARNING - Drift detectado en feature 'X' - PSI: 0.0807, KS p-value: 0.0000
[2025-11-17T23:03:28.305+0000] {drift_detection.py:30} INFO - KS Test - Statistic: 0.3681, P-value: 0.0000
[2025-11-17T23:03:28.333+0000] {drift_detection.py:65} INFO - PSI: 5.8409
[2025-11-17T23:03:28.334+0000] {drift_detection.py:153} WARNING - Drift detectado en feature 'size' - PSI: 5.8409, KS p-value: 0.0000
[2025-11-17T23:03:28.366+0000] {drift_detection.py:30} INFO - KS Test - Statistic: 0.8252, P-value: 0.0000
[2025-11-17T23:03:28.385+0000] {drift_detection.py:65} INFO - PSI: 0.0146
[2025-11-17T23:03:28.386+0000] {drift_detection.py:153} WARNING - Drift detectado en feature 'num_deliver_per_week' - PSI: 0.0146, KS p-value: 0.0000
[2025-11-17T23:03:28.419+0000] {drift_detection.py:30} INFO - KS Test - Statistic: 0.0005, P-value: 1.0000
[2025-11-17T23:03:28.440+0000] {drift_detection.py:65} INFO - PSI: 0.0000
[2025-11-17T23:03:28.458+0000] {drift_detection.py:165} WARNING - DRIFT DETECTADO - Se recomienda reentrenamiento del modelo
[2025-11-17T23:03:28.465+0000] {python.py:194} INFO - Done. Returned value was: {'status': 'success', 'has_drift': True, 'features_analyzed': 15, 'drift_results': {'Y': {'ks_statistic': 0.1339069642376983, 'ks_p_value': 2.141317669243686e-115, 'ks_drift': True, 'psi': 0.42279600443854365, 'psi_drift': True}, 'X': {'ks_statistic': 0.13852077884335945, 'ks_p_value': 1.7296895961061186e-123, 'ks_drift': True, 'psi': 0.08072994045974347, 'psi_drift': False}, 'size': {'ks_statistic': 0.368104883761191, 'ks_p_value': 0.0, 'ks_drift': True, 'psi': 5.840896089293691, 'psi_drift': True}, 'num_deliver_per_week': {'ks_statistic': 0.8252090922033415, 'ks_p_value': 0.0, 'ks_drift': True, 'psi': 0.014583560075673456, 'psi_drift': False}, 'segment': {'ks_statistic': 0.0004977641989846182, 'ks_p_value': 1.0, 'ks_drift': False, 'psi': 1.7454780123179408e-28, 'psi_drift': False}}}
[2025-11-17T23:03:28.478+0000] {taskinstance.py:1400} INFO - Marking task as SUCCESS. dag_id=sodai_drinks_production_pipeline, task_id=detect_drift, execution_date=20251109T000000, start_date=20251117T230327, end_date=20251117T230328
[2025-11-17T23:03:28.570+0000] {local_task_job_runner.py:228} INFO - Task exited with return code 0
[2025-11-17T23:03:28.589+0000] {taskinstance.py:2778} INFO - 1 downstream tasks scheduled from follow-on schedule check
[2025-11-17T23:45:24.202+0000] {taskinstance.py:1159} INFO - Dependencies all met for dep_context=non-requeueable deps ti=<TaskInstance: sodai_drinks_production_pipeline.detect_drift scheduled__2025-11-09T00:00:00+00:00 [queued]>
[2025-11-17T23:45:24.207+0000] {taskinstance.py:1159} INFO - Dependencies all met for dep_context=requeueable deps ti=<TaskInstance: sodai_drinks_production_pipeline.detect_drift scheduled__2025-11-09T00:00:00+00:00 [queued]>
[2025-11-17T23:45:24.208+0000] {taskinstance.py:1361} INFO - Starting attempt 1 of 2
[2025-11-17T23:45:24.215+0000] {taskinstance.py:1382} INFO - Executing <Task(PythonOperator): detect_drift> on 2025-11-09 00:00:00+00:00
[2025-11-17T23:45:24.225+0000] {standard_task_runner.py:57} INFO - Started process 6848 to run task
[2025-11-17T23:45:24.228+0000] {standard_task_runner.py:84} INFO - Running: ['***', 'tasks', 'run', 'sodai_drinks_production_pipeline', 'detect_drift', 'scheduled__2025-11-09T00:00:00+00:00', '--job-id', '110', '--raw', '--subdir', 'DAGS_FOLDER/pipeline_productivo.py', '--cfg-path', '/tmp/tmpenxsmv2e']
[2025-11-17T23:45:24.231+0000] {standard_task_runner.py:85} INFO - Job 110: Subtask detect_drift
[2025-11-17T23:45:24.265+0000] {task_command.py:416} INFO - Running <TaskInstance: sodai_drinks_production_pipeline.detect_drift scheduled__2025-11-09T00:00:00+00:00 [running]> on host 54d078b6a186
[2025-11-17T23:45:24.315+0000] {taskinstance.py:1662} INFO - Exporting env vars: AIRFLOW_CTX_DAG_EMAIL='team@sodaidrinks.com' AIRFLOW_CTX_DAG_OWNER='sodai_drinks_team' AIRFLOW_CTX_DAG_ID='sodai_drinks_production_pipeline' AIRFLOW_CTX_TASK_ID='detect_drift' AIRFLOW_CTX_EXECUTION_DATE='2025-11-09T00:00:00+00:00' AIRFLOW_CTX_TRY_NUMBER='1' AIRFLOW_CTX_DAG_RUN_ID='scheduled__2025-11-09T00:00:00+00:00'
[2025-11-17T23:45:24.317+0000] {drift_detection.py:80} INFO - Iniciando detección de drift...
[2025-11-17T23:45:24.565+0000] {drift_detection.py:110} INFO - Datos de referencia: 619380 registros
[2025-11-17T23:45:24.565+0000] {drift_detection.py:111} INFO - Datos actuales: 7438 registros
[2025-11-17T23:45:24.566+0000] {drift_detection.py:119} INFO - Analizando drift en 15 features numéricas
[2025-11-17T23:45:24.880+0000] {drift_detection.py:30} INFO - KS Test - Statistic: 0.1339, P-value: 0.0000
[2025-11-17T23:45:24.950+0000] {drift_detection.py:65} INFO - PSI: 0.4228
[2025-11-17T23:45:24.952+0000] {drift_detection.py:153} WARNING - Drift detectado en feature 'Y' - PSI: 0.4228, KS p-value: 0.0000
[2025-11-17T23:45:25.039+0000] {drift_detection.py:30} INFO - KS Test - Statistic: 0.1385, P-value: 0.0000
[2025-11-17T23:45:25.090+0000] {drift_detection.py:65} INFO - PSI: 0.0807
[2025-11-17T23:45:25.092+0000] {drift_detection.py:153} WARNING - Drift detectado en feature 'X' - PSI: 0.0807, KS p-value: 0.0000
[2025-11-17T23:45:25.151+0000] {drift_detection.py:30} INFO - KS Test - Statistic: 0.3681, P-value: 0.0000
[2025-11-17T23:45:25.190+0000] {drift_detection.py:65} INFO - PSI: 5.8409
[2025-11-17T23:45:25.192+0000] {drift_detection.py:153} WARNING - Drift detectado en feature 'size' - PSI: 5.8409, KS p-value: 0.0000
[2025-11-17T23:45:25.261+0000] {drift_detection.py:30} INFO - KS Test - Statistic: 0.8252, P-value: 0.0000
[2025-11-17T23:45:25.284+0000] {drift_detection.py:65} INFO - PSI: 0.0146
[2025-11-17T23:45:25.285+0000] {drift_detection.py:153} WARNING - Drift detectado en feature 'num_deliver_per_week' - PSI: 0.0146, KS p-value: 0.0000
[2025-11-17T23:45:25.331+0000] {drift_detection.py:30} INFO - KS Test - Statistic: 0.0005, P-value: 1.0000
[2025-11-17T23:45:25.353+0000] {drift_detection.py:65} INFO - PSI: 0.0000
[2025-11-17T23:45:25.372+0000] {drift_detection.py:165} WARNING - DRIFT DETECTADO - Se recomienda reentrenamiento del modelo
[2025-11-17T23:45:25.380+0000] {python.py:194} INFO - Done. Returned value was: {'status': 'success', 'has_drift': True, 'features_analyzed': 15, 'drift_results': {'Y': {'ks_statistic': 0.1339069642376983, 'ks_p_value': 2.141317669243686e-115, 'ks_drift': True, 'psi': 0.42279600443854365, 'psi_drift': True}, 'X': {'ks_statistic': 0.13852077884335945, 'ks_p_value': 1.7296895961061186e-123, 'ks_drift': True, 'psi': 0.08072994045974347, 'psi_drift': False}, 'size': {'ks_statistic': 0.368104883761191, 'ks_p_value': 0.0, 'ks_drift': True, 'psi': 5.840896089293691, 'psi_drift': True}, 'num_deliver_per_week': {'ks_statistic': 0.8252090922033415, 'ks_p_value': 0.0, 'ks_drift': True, 'psi': 0.014583560075673456, 'psi_drift': False}, 'segment': {'ks_statistic': 0.0004977641989846182, 'ks_p_value': 1.0, 'ks_drift': False, 'psi': 1.7454780123179408e-28, 'psi_drift': False}}}
[2025-11-17T23:45:25.395+0000] {taskinstance.py:1400} INFO - Marking task as SUCCESS. dag_id=sodai_drinks_production_pipeline, task_id=detect_drift, execution_date=20251109T000000, start_date=20251117T234524, end_date=20251117T234525
[2025-11-17T23:45:25.487+0000] {local_task_job_runner.py:228} INFO - Task exited with return code 0
[2025-11-17T23:45:25.507+0000] {taskinstance.py:2778} INFO - 1 downstream tasks scheduled from follow-on schedule check
[2025-11-17T23:51:25.842+0000] {taskinstance.py:1159} INFO - Dependencies all met for dep_context=non-requeueable deps ti=<TaskInstance: sodai_drinks_production_pipeline.detect_drift scheduled__2025-11-09T00:00:00+00:00 [queued]>
[2025-11-17T23:51:25.847+0000] {taskinstance.py:1159} INFO - Dependencies all met for dep_context=requeueable deps ti=<TaskInstance: sodai_drinks_production_pipeline.detect_drift scheduled__2025-11-09T00:00:00+00:00 [queued]>
[2025-11-17T23:51:25.847+0000] {taskinstance.py:1361} INFO - Starting attempt 1 of 2
[2025-11-17T23:51:25.853+0000] {taskinstance.py:1382} INFO - Executing <Task(PythonOperator): detect_drift> on 2025-11-09 00:00:00+00:00
[2025-11-17T23:51:25.863+0000] {standard_task_runner.py:57} INFO - Started process 629 to run task
[2025-11-17T23:51:25.866+0000] {standard_task_runner.py:84} INFO - Running: ['***', 'tasks', 'run', 'sodai_drinks_production_pipeline', 'detect_drift', 'scheduled__2025-11-09T00:00:00+00:00', '--job-id', '116', '--raw', '--subdir', 'DAGS_FOLDER/pipeline_productivo.py', '--cfg-path', '/tmp/tmp76zznivc']
[2025-11-17T23:51:25.869+0000] {standard_task_runner.py:85} INFO - Job 116: Subtask detect_drift
[2025-11-17T23:51:25.906+0000] {task_command.py:416} INFO - Running <TaskInstance: sodai_drinks_production_pipeline.detect_drift scheduled__2025-11-09T00:00:00+00:00 [running]> on host c28908a06edf
[2025-11-17T23:51:25.960+0000] {taskinstance.py:1662} INFO - Exporting env vars: AIRFLOW_CTX_DAG_EMAIL='team@sodaidrinks.com' AIRFLOW_CTX_DAG_OWNER='sodai_drinks_team' AIRFLOW_CTX_DAG_ID='sodai_drinks_production_pipeline' AIRFLOW_CTX_TASK_ID='detect_drift' AIRFLOW_CTX_EXECUTION_DATE='2025-11-09T00:00:00+00:00' AIRFLOW_CTX_TRY_NUMBER='1' AIRFLOW_CTX_DAG_RUN_ID='scheduled__2025-11-09T00:00:00+00:00'
[2025-11-17T23:51:25.962+0000] {drift_detection.py:80} INFO - Iniciando detección de drift...
[2025-11-17T23:51:26.288+0000] {drift_detection.py:110} INFO - Datos de referencia: 619380 registros
[2025-11-17T23:51:26.288+0000] {drift_detection.py:111} INFO - Datos actuales: 7438 registros
[2025-11-17T23:51:26.289+0000] {drift_detection.py:119} INFO - Analizando drift en 15 features numéricas
[2025-11-17T23:51:26.394+0000] {drift_detection.py:30} INFO - KS Test - Statistic: 0.1339, P-value: 0.0000
[2025-11-17T23:51:26.428+0000] {drift_detection.py:65} INFO - PSI: 0.4228
[2025-11-17T23:51:26.429+0000] {drift_detection.py:153} WARNING - Drift detectado en feature 'Y' - PSI: 0.4228, KS p-value: 0.0000
[2025-11-17T23:51:26.484+0000] {drift_detection.py:30} INFO - KS Test - Statistic: 0.1385, P-value: 0.0000
[2025-11-17T23:51:26.519+0000] {drift_detection.py:65} INFO - PSI: 0.0807
[2025-11-17T23:51:26.520+0000] {drift_detection.py:153} WARNING - Drift detectado en feature 'X' - PSI: 0.0807, KS p-value: 0.0000
[2025-11-17T23:51:26.557+0000] {drift_detection.py:30} INFO - KS Test - Statistic: 0.3681, P-value: 0.0000
[2025-11-17T23:51:26.582+0000] {drift_detection.py:65} INFO - PSI: 5.8409
[2025-11-17T23:51:26.583+0000] {drift_detection.py:153} WARNING - Drift detectado en feature 'size' - PSI: 5.8409, KS p-value: 0.0000
[2025-11-17T23:51:26.616+0000] {drift_detection.py:30} INFO - KS Test - Statistic: 0.8252, P-value: 0.0000
[2025-11-17T23:51:26.636+0000] {drift_detection.py:65} INFO - PSI: 0.0146
[2025-11-17T23:51:26.637+0000] {drift_detection.py:153} WARNING - Drift detectado en feature 'num_deliver_per_week' - PSI: 0.0146, KS p-value: 0.0000
[2025-11-17T23:51:26.694+0000] {drift_detection.py:30} INFO - KS Test - Statistic: 0.0005, P-value: 1.0000
[2025-11-17T23:51:26.721+0000] {drift_detection.py:65} INFO - PSI: 0.0000
[2025-11-17T23:51:26.752+0000] {drift_detection.py:165} WARNING - DRIFT DETECTADO - Se recomienda reentrenamiento del modelo
[2025-11-17T23:51:26.761+0000] {python.py:194} INFO - Done. Returned value was: {'status': 'success', 'has_drift': True, 'features_analyzed': 15, 'drift_results': {'Y': {'ks_statistic': 0.1339069642376983, 'ks_p_value': 2.141317669243686e-115, 'ks_drift': True, 'psi': 0.42279600443854365, 'psi_drift': True}, 'X': {'ks_statistic': 0.13852077884335945, 'ks_p_value': 1.7296895961061186e-123, 'ks_drift': True, 'psi': 0.08072994045974347, 'psi_drift': False}, 'size': {'ks_statistic': 0.368104883761191, 'ks_p_value': 0.0, 'ks_drift': True, 'psi': 5.840896089293691, 'psi_drift': True}, 'num_deliver_per_week': {'ks_statistic': 0.8252090922033415, 'ks_p_value': 0.0, 'ks_drift': True, 'psi': 0.014583560075673456, 'psi_drift': False}, 'segment': {'ks_statistic': 0.0004977641989846182, 'ks_p_value': 1.0, 'ks_drift': False, 'psi': 1.7454780123179408e-28, 'psi_drift': False}}}
[2025-11-17T23:51:26.776+0000] {taskinstance.py:1400} INFO - Marking task as SUCCESS. dag_id=sodai_drinks_production_pipeline, task_id=detect_drift, execution_date=20251109T000000, start_date=20251117T235125, end_date=20251117T235126
[2025-11-17T23:51:26.842+0000] {local_task_job_runner.py:228} INFO - Task exited with return code 0
[2025-11-17T23:51:26.861+0000] {taskinstance.py:2778} INFO - 1 downstream tasks scheduled from follow-on schedule check
