[2025-10-28T00:40:25.979+0000] {taskinstance.py:1159} INFO - Dependencies all met for dep_context=non-requeueable deps ti=<TaskInstance: hiring_dynamic.load_and_merge scheduled__2024-10-05T15:00:00+00:00 [queued]>
[2025-10-28T00:40:25.981+0000] {taskinstance.py:1159} INFO - Dependencies all met for dep_context=requeueable deps ti=<TaskInstance: hiring_dynamic.load_and_merge scheduled__2024-10-05T15:00:00+00:00 [queued]>
[2025-10-28T00:40:25.982+0000] {taskinstance.py:1361} INFO - Starting attempt 1 of 1
[2025-10-28T00:40:25.987+0000] {taskinstance.py:1382} INFO - Executing <Task(PythonOperator): load_and_merge> on 2024-10-05 15:00:00+00:00
[2025-10-28T00:40:25.990+0000] {standard_task_runner.py:57} INFO - Started process 498 to run task
[2025-10-28T00:40:25.992+0000] {standard_task_runner.py:84} INFO - Running: ['airflow', 'tasks', 'run', 'hiring_dynamic', 'load_and_merge', 'scheduled__2024-10-05T15:00:00+00:00', '--job-id', '20', '--raw', '--subdir', 'DAGS_FOLDER/dag_dynamic.py', '--cfg-path', '/tmp/tmp2l2qjtlt']
[2025-10-28T00:40:25.994+0000] {standard_task_runner.py:85} INFO - Job 20: Subtask load_and_merge
[2025-10-28T00:40:26.013+0000] {task_command.py:416} INFO - Running <TaskInstance: hiring_dynamic.load_and_merge scheduled__2024-10-05T15:00:00+00:00 [running]> on host d1f69dfe6243
[2025-10-28T00:40:26.043+0000] {taskinstance.py:1662} INFO - Exporting env vars: AIRFLOW_CTX_DAG_OWNER='airflow' AIRFLOW_CTX_DAG_ID='hiring_dynamic' AIRFLOW_CTX_TASK_ID='load_and_merge' AIRFLOW_CTX_EXECUTION_DATE='2024-10-05T15:00:00+00:00' AIRFLOW_CTX_TRY_NUMBER='1' AIRFLOW_CTX_DAG_RUN_ID='scheduled__2024-10-05T15:00:00+00:00'
[2025-10-28T00:40:26.044+0000] {logging_mixin.py:154} INFO - Leyendo /opt/airflow/data/dynamic/2024-10-05/raw/data_1.csv
[2025-10-28T00:40:26.060+0000] {logging_mixin.py:154} INFO - Datos concatenados guardados en: /opt/airflow/data/dynamic/2024-10-05/preprocessed/merged_data.csv
[2025-10-28T00:40:26.060+0000] {logging_mixin.py:154} INFO - Forma del dataset: (750, 11)
[2025-10-28T00:40:26.064+0000] {python.py:194} INFO - Done. Returned value was: None
[2025-10-28T00:40:26.066+0000] {taskinstance.py:1400} INFO - Marking task as SUCCESS. dag_id=hiring_dynamic, task_id=load_and_merge, execution_date=20241005T150000, start_date=20251028T004025, end_date=20251028T004026
[2025-10-28T00:40:26.090+0000] {local_task_job_runner.py:228} INFO - Task exited with return code 0
[2025-10-28T00:40:26.101+0000] {taskinstance.py:2778} INFO - 1 downstream tasks scheduled from follow-on schedule check
[2025-10-28T01:27:15.680+0000] {taskinstance.py:1159} INFO - Dependencies all met for dep_context=non-requeueable deps ti=<TaskInstance: hiring_dynamic.load_and_merge scheduled__2024-10-05T15:00:00+00:00 [queued]>
[2025-10-28T01:27:15.684+0000] {taskinstance.py:1159} INFO - Dependencies all met for dep_context=requeueable deps ti=<TaskInstance: hiring_dynamic.load_and_merge scheduled__2024-10-05T15:00:00+00:00 [queued]>
[2025-10-28T01:27:15.684+0000] {taskinstance.py:1361} INFO - Starting attempt 1 of 1
[2025-10-28T01:27:15.693+0000] {taskinstance.py:1382} INFO - Executing <Task(PythonOperator): load_and_merge> on 2024-10-05 15:00:00+00:00
[2025-10-28T01:27:15.706+0000] {standard_task_runner.py:57} INFO - Started process 663 to run task
[2025-10-28T01:27:15.712+0000] {standard_task_runner.py:84} INFO - Running: ['airflow', 'tasks', 'run', 'hiring_dynamic', 'load_and_merge', 'scheduled__2024-10-05T15:00:00+00:00', '--job-id', '16', '--raw', '--subdir', 'DAGS_FOLDER/dag_dynamic.py', '--cfg-path', '/tmp/tmpiop06121']
[2025-10-28T01:27:15.716+0000] {standard_task_runner.py:85} INFO - Job 16: Subtask load_and_merge
[2025-10-28T01:27:15.750+0000] {task_command.py:416} INFO - Running <TaskInstance: hiring_dynamic.load_and_merge scheduled__2024-10-05T15:00:00+00:00 [running]> on host c46dbfd34b1f
[2025-10-28T01:27:15.789+0000] {taskinstance.py:1662} INFO - Exporting env vars: AIRFLOW_CTX_DAG_OWNER='airflow' AIRFLOW_CTX_DAG_ID='hiring_dynamic' AIRFLOW_CTX_TASK_ID='load_and_merge' AIRFLOW_CTX_EXECUTION_DATE='2024-10-05T15:00:00+00:00' AIRFLOW_CTX_TRY_NUMBER='1' AIRFLOW_CTX_DAG_RUN_ID='scheduled__2024-10-05T15:00:00+00:00'
[2025-10-28T01:27:15.790+0000] {logging_mixin.py:154} INFO - Leyendo /opt/airflow/data/dynamic/2024-10-05/raw/data_1.csv
[2025-10-28T01:27:15.815+0000] {logging_mixin.py:154} INFO - Datos concatenados guardados en: /opt/airflow/data/dynamic/2024-10-05/preprocessed/merged_data.csv
[2025-10-28T01:27:15.816+0000] {logging_mixin.py:154} INFO - Forma del dataset: (750, 11)
[2025-10-28T01:27:15.820+0000] {python.py:194} INFO - Done. Returned value was: None
[2025-10-28T01:27:15.824+0000] {taskinstance.py:1400} INFO - Marking task as SUCCESS. dag_id=hiring_dynamic, task_id=load_and_merge, execution_date=20241005T150000, start_date=20251028T012715, end_date=20251028T012715
[2025-10-28T01:27:15.868+0000] {local_task_job_runner.py:228} INFO - Task exited with return code 0
[2025-10-28T01:27:15.882+0000] {taskinstance.py:2778} INFO - 1 downstream tasks scheduled from follow-on schedule check
