[2025-10-28T00:41:59.696+0000] {taskinstance.py:1159} INFO - Dependencies all met for dep_context=non-requeueable deps ti=<TaskInstance: hiring_dynamic.create_folders scheduled__2025-06-05T15:00:00+00:00 [queued]>
[2025-10-28T00:41:59.700+0000] {taskinstance.py:1159} INFO - Dependencies all met for dep_context=requeueable deps ti=<TaskInstance: hiring_dynamic.create_folders scheduled__2025-06-05T15:00:00+00:00 [queued]>
[2025-10-28T00:41:59.700+0000] {taskinstance.py:1361} INFO - Starting attempt 1 of 1
[2025-10-28T00:41:59.708+0000] {taskinstance.py:1382} INFO - Executing <Task(PythonOperator): create_folders> on 2025-06-05 15:00:00+00:00
[2025-10-28T00:41:59.721+0000] {standard_task_runner.py:57} INFO - Started process 1170 to run task
[2025-10-28T00:41:59.724+0000] {standard_task_runner.py:84} INFO - Running: ['airflow', 'tasks', 'run', 'hiring_dynamic', 'create_folders', 'scheduled__2025-06-05T15:00:00+00:00', '--job-id', '51', '--raw', '--subdir', 'DAGS_FOLDER/dag_dynamic.py', '--cfg-path', '/tmp/tmpyc5e2qst']
[2025-10-28T00:41:59.726+0000] {standard_task_runner.py:85} INFO - Job 51: Subtask create_folders
[2025-10-28T00:41:59.776+0000] {task_command.py:416} INFO - Running <TaskInstance: hiring_dynamic.create_folders scheduled__2025-06-05T15:00:00+00:00 [running]> on host d1f69dfe6243
[2025-10-28T00:41:59.811+0000] {taskinstance.py:1662} INFO - Exporting env vars: AIRFLOW_CTX_DAG_OWNER='airflow' AIRFLOW_CTX_DAG_ID='hiring_dynamic' AIRFLOW_CTX_TASK_ID='create_folders' AIRFLOW_CTX_EXECUTION_DATE='2025-06-05T15:00:00+00:00' AIRFLOW_CTX_TRY_NUMBER='1' AIRFLOW_CTX_DAG_RUN_ID='scheduled__2025-06-05T15:00:00+00:00'
[2025-10-28T00:41:59.813+0000] {logging_mixin.py:154} INFO - Carpetas creadas en: /opt/airflow/data/dynamic/2025-06-05
[2025-10-28T00:41:59.821+0000] {python.py:194} INFO - Done. Returned value was: None
[2025-10-28T00:41:59.825+0000] {taskinstance.py:1400} INFO - Marking task as SUCCESS. dag_id=hiring_dynamic, task_id=create_folders, execution_date=20250605T150000, start_date=20251028T004159, end_date=20251028T004159
[2025-10-28T00:41:59.868+0000] {local_task_job_runner.py:228} INFO - Task exited with return code 0
[2025-10-28T00:41:59.883+0000] {taskinstance.py:2778} INFO - 1 downstream tasks scheduled from follow-on schedule check
[2025-10-28T01:28:37.472+0000] {taskinstance.py:1159} INFO - Dependencies all met for dep_context=non-requeueable deps ti=<TaskInstance: hiring_dynamic.create_folders scheduled__2025-06-05T15:00:00+00:00 [queued]>
[2025-10-28T01:28:37.481+0000] {taskinstance.py:1159} INFO - Dependencies all met for dep_context=requeueable deps ti=<TaskInstance: hiring_dynamic.create_folders scheduled__2025-06-05T15:00:00+00:00 [queued]>
[2025-10-28T01:28:37.481+0000] {taskinstance.py:1361} INFO - Starting attempt 1 of 1
[2025-10-28T01:28:37.495+0000] {taskinstance.py:1382} INFO - Executing <Task(PythonOperator): create_folders> on 2025-06-05 15:00:00+00:00
[2025-10-28T01:28:37.514+0000] {standard_task_runner.py:57} INFO - Started process 1225 to run task
[2025-10-28T01:28:37.521+0000] {standard_task_runner.py:84} INFO - Running: ['airflow', 'tasks', 'run', 'hiring_dynamic', 'create_folders', 'scheduled__2025-06-05T15:00:00+00:00', '--job-id', '42', '--raw', '--subdir', 'DAGS_FOLDER/dag_dynamic.py', '--cfg-path', '/tmp/tmpvvqexoae']
[2025-10-28T01:28:37.523+0000] {standard_task_runner.py:85} INFO - Job 42: Subtask create_folders
[2025-10-28T01:28:37.587+0000] {task_command.py:416} INFO - Running <TaskInstance: hiring_dynamic.create_folders scheduled__2025-06-05T15:00:00+00:00 [running]> on host c46dbfd34b1f
[2025-10-28T01:28:37.635+0000] {taskinstance.py:1662} INFO - Exporting env vars: AIRFLOW_CTX_DAG_OWNER='airflow' AIRFLOW_CTX_DAG_ID='hiring_dynamic' AIRFLOW_CTX_TASK_ID='create_folders' AIRFLOW_CTX_EXECUTION_DATE='2025-06-05T15:00:00+00:00' AIRFLOW_CTX_TRY_NUMBER='1' AIRFLOW_CTX_DAG_RUN_ID='scheduled__2025-06-05T15:00:00+00:00'
[2025-10-28T01:28:37.639+0000] {logging_mixin.py:154} INFO - Carpetas creadas en: /opt/airflow/data/dynamic/2025-06-05
[2025-10-28T01:28:37.657+0000] {python.py:194} INFO - Done. Returned value was: None
[2025-10-28T01:28:37.667+0000] {taskinstance.py:1400} INFO - Marking task as SUCCESS. dag_id=hiring_dynamic, task_id=create_folders, execution_date=20250605T150000, start_date=20251028T012837, end_date=20251028T012837
[2025-10-28T01:28:37.704+0000] {local_task_job_runner.py:228} INFO - Task exited with return code 0
[2025-10-28T01:28:37.726+0000] {taskinstance.py:2778} INFO - 1 downstream tasks scheduled from follow-on schedule check
