[2025-12-05T02:46:49.805+0000] {taskinstance.py:1159} INFO - Dependencies all met for dep_context=non-requeueable deps ti=<TaskInstance: sodai_drinks_production_pipeline.extract_data manual__2025-12-05T02:46:47+00:00 [queued]>
[2025-12-05T02:46:49.809+0000] {taskinstance.py:1159} INFO - Dependencies all met for dep_context=requeueable deps ti=<TaskInstance: sodai_drinks_production_pipeline.extract_data manual__2025-12-05T02:46:47+00:00 [queued]>
[2025-12-05T02:46:49.809+0000] {taskinstance.py:1361} INFO - Starting attempt 1 of 2
[2025-12-05T02:46:49.816+0000] {taskinstance.py:1382} INFO - Executing <Task(PythonOperator): extract_data> on 2025-12-05 02:46:47+00:00
[2025-12-05T02:46:49.826+0000] {standard_task_runner.py:57} INFO - Started process 2939 to run task
[2025-12-05T02:46:49.831+0000] {standard_task_runner.py:84} INFO - Running: ['***', 'tasks', 'run', 'sodai_drinks_production_pipeline', 'extract_data', 'manual__2025-12-05T02:46:47+00:00', '--job-id', '16', '--raw', '--subdir', 'DAGS_FOLDER/pipeline_productivo.py', '--cfg-path', '/tmp/tmpsftmuo7j']
[2025-12-05T02:46:49.834+0000] {standard_task_runner.py:85} INFO - Job 16: Subtask extract_data
[2025-12-05T02:46:49.871+0000] {task_command.py:416} INFO - Running <TaskInstance: sodai_drinks_production_pipeline.extract_data manual__2025-12-05T02:46:47+00:00 [running]> on host 7d9d64e391de
[2025-12-05T02:46:49.924+0000] {taskinstance.py:1662} INFO - Exporting env vars: AIRFLOW_CTX_DAG_EMAIL='team@sodaidrinks.com' AIRFLOW_CTX_DAG_OWNER='sodai_drinks_team' AIRFLOW_CTX_DAG_ID='sodai_drinks_production_pipeline' AIRFLOW_CTX_TASK_ID='extract_data' AIRFLOW_CTX_EXECUTION_DATE='2025-12-05T02:46:47+00:00' AIRFLOW_CTX_TRY_NUMBER='1' AIRFLOW_CTX_DAG_RUN_ID='manual__2025-12-05T02:46:47+00:00'
[2025-12-05T02:46:49.925+0000] {data_extraction.py:89} INFO - ============================================================
[2025-12-05T02:46:49.925+0000] {data_extraction.py:90} INFO - 📂 EXTRACCIÓN DE DATOS - Buscando batch a procesar
[2025-12-05T02:46:49.925+0000] {data_extraction.py:91} INFO - ============================================================
[2025-12-05T02:46:49.926+0000] {data_extraction.py:111} INFO - 📅 Batches disponibles: ['2024-W51', '2024-W52', '2025-W01', '2025-W02', '2025-W03']
[2025-12-05T02:46:49.926+0000] {data_extraction.py:115} INFO - ✅ Ya procesados: ninguno
[2025-12-05T02:46:49.936+0000] {data_extraction.py:133} INFO - 📦 Procesando batch: 2024-W51 (batch_2024-W51.parquet)
[2025-12-05T02:46:49.937+0000] {data_extraction.py:143} INFO - 🔵 MODO: Entrenamiento inicial (no hay best_model.pkl)
[2025-12-05T02:46:49.937+0000] {data_extraction.py:155} INFO -    📖 Leyendo: batch_2024-W51.parquet
[2025-12-05T02:46:50.187+0000] {data_extraction.py:170} INFO - 📊 Datos del batch 2024-W51:
[2025-12-05T02:46:50.188+0000] {data_extraction.py:171} INFO -    Rango fechas: 2024-12-16 → 2024-12-22
[2025-12-05T02:46:50.188+0000] {data_extraction.py:172} INFO -    Transacciones: 10,075
[2025-12-05T02:46:50.188+0000] {data_extraction.py:173} INFO -    Clientes únicos: 1,181
[2025-12-05T02:46:50.188+0000] {data_extraction.py:174} INFO -    Productos únicos: 65
[2025-12-05T02:46:50.188+0000] {data_extraction.py:175} INFO -    Pares cliente-producto: 6,960
[2025-12-05T02:46:50.192+0000] {data_extraction.py:183} INFO -    💾 Guardado: current_batch_2024-W51_train.parquet
[2025-12-05T02:46:50.193+0000] {data_extraction.py:193} INFO -    ✅ Marcado como procesado: 2024-W51
[2025-12-05T02:46:50.261+0000] {data_extraction.py:206} INFO - ✅ Extracción completada - Week ID: 2024-W51_train
[2025-12-05T02:46:50.261+0000] {data_extraction.py:207} INFO - ============================================================
[2025-12-05T02:46:50.261+0000] {python.py:194} INFO - Done. Returned value was: {'status': 'success', 'week_id': '2024-W51_train', 'batch_week': '2024-W51', 'transacciones_count': 10075, 'pares_count': 6960, 'clientes_count': 1181, 'productos_count': 65, 'is_first_training': True, 'fecha_inicio': '2024-12-16T00:00:00', 'fecha_fin': '2024-12-22T00:00:00', 'batches_disponibles': ['2024-W51', '2024-W52', '2025-W01', '2025-W02', '2025-W03'], 'batches_procesados': ['2024-W51']}
[2025-12-05T02:46:50.274+0000] {taskinstance.py:1400} INFO - Marking task as SUCCESS. dag_id=sodai_drinks_production_pipeline, task_id=extract_data, execution_date=20251205T024647, start_date=20251205T024649, end_date=20251205T024650
[2025-12-05T02:46:50.331+0000] {local_task_job_runner.py:228} INFO - Task exited with return code 0
[2025-12-05T02:46:50.352+0000] {taskinstance.py:2778} INFO - 1 downstream tasks scheduled from follow-on schedule check
