[2025-10-28T00:45:01.076+0000] {taskinstance.py:1159} INFO - Dependencies all met for dep_context=non-requeueable deps ti=<TaskInstance: hiring_dynamic.train_logistic_regression scheduled__2025-05-05T15:00:00+00:00 [queued]>
[2025-10-28T00:45:01.078+0000] {taskinstance.py:1159} INFO - Dependencies all met for dep_context=requeueable deps ti=<TaskInstance: hiring_dynamic.train_logistic_regression scheduled__2025-05-05T15:00:00+00:00 [queued]>
[2025-10-28T00:45:01.079+0000] {taskinstance.py:1361} INFO - Starting attempt 1 of 1
[2025-10-28T00:45:01.084+0000] {taskinstance.py:1382} INFO - Executing <Task(PythonOperator): train_logistic_regression> on 2025-05-05 15:00:00+00:00
[2025-10-28T00:45:01.089+0000] {standard_task_runner.py:57} INFO - Started process 2368 to run task
[2025-10-28T00:45:01.091+0000] {standard_task_runner.py:84} INFO - Running: ['airflow', 'tasks', 'run', 'hiring_dynamic', 'train_logistic_regression', 'scheduled__2025-05-05T15:00:00+00:00', '--job-id', '104', '--raw', '--subdir', 'DAGS_FOLDER/dag_dynamic.py', '--cfg-path', '/tmp/tmpkgy692ch']
[2025-10-28T00:45:01.092+0000] {standard_task_runner.py:85} INFO - Job 104: Subtask train_logistic_regression
[2025-10-28T00:45:01.113+0000] {task_command.py:416} INFO - Running <TaskInstance: hiring_dynamic.train_logistic_regression scheduled__2025-05-05T15:00:00+00:00 [running]> on host d1f69dfe6243
[2025-10-28T00:45:01.142+0000] {taskinstance.py:1662} INFO - Exporting env vars: AIRFLOW_CTX_DAG_OWNER='airflow' AIRFLOW_CTX_DAG_ID='hiring_dynamic' AIRFLOW_CTX_TASK_ID='train_logistic_regression' AIRFLOW_CTX_EXECUTION_DATE='2025-05-05T15:00:00+00:00' AIRFLOW_CTX_TRY_NUMBER='1' AIRFLOW_CTX_DAG_RUN_ID='scheduled__2025-05-05T15:00:00+00:00'
[2025-10-28T00:45:01.151+0000] {logging_mixin.py:154} INFO - Entrenando modelo: logistic_regression
[2025-10-28T00:45:09.227+0000] {logging_mixin.py:154} INFO - Modelo logistic_regression guardado en: /opt/airflow/data/dynamic/2025-05-05/models/logistic_regression.joblib
[2025-10-28T00:45:09.278+0000] {python.py:194} INFO - Done. Returned value was: None
[2025-10-28T00:45:09.287+0000] {taskinstance.py:1400} INFO - Marking task as SUCCESS. dag_id=hiring_dynamic, task_id=train_logistic_regression, execution_date=20250505T150000, start_date=20251028T004501, end_date=20251028T004509
[2025-10-28T00:45:09.355+0000] {local_task_job_runner.py:228} INFO - Task exited with return code 0
[2025-10-28T00:45:09.372+0000] {taskinstance.py:2778} INFO - 1 downstream tasks scheduled from follow-on schedule check
[2025-10-28T01:31:55.825+0000] {taskinstance.py:1159} INFO - Dependencies all met for dep_context=non-requeueable deps ti=<TaskInstance: hiring_dynamic.train_logistic_regression scheduled__2025-05-05T15:00:00+00:00 [queued]>
[2025-10-28T01:31:55.829+0000] {taskinstance.py:1159} INFO - Dependencies all met for dep_context=requeueable deps ti=<TaskInstance: hiring_dynamic.train_logistic_regression scheduled__2025-05-05T15:00:00+00:00 [queued]>
[2025-10-28T01:31:55.829+0000] {taskinstance.py:1361} INFO - Starting attempt 1 of 1
[2025-10-28T01:31:55.835+0000] {taskinstance.py:1382} INFO - Executing <Task(PythonOperator): train_logistic_regression> on 2025-05-05 15:00:00+00:00
[2025-10-28T01:31:55.841+0000] {standard_task_runner.py:57} INFO - Started process 2456 to run task
[2025-10-28T01:31:55.844+0000] {standard_task_runner.py:84} INFO - Running: ['airflow', 'tasks', 'run', 'hiring_dynamic', 'train_logistic_regression', 'scheduled__2025-05-05T15:00:00+00:00', '--job-id', '97', '--raw', '--subdir', 'DAGS_FOLDER/dag_dynamic.py', '--cfg-path', '/tmp/tmp5gdtf1yy']
[2025-10-28T01:31:55.846+0000] {standard_task_runner.py:85} INFO - Job 97: Subtask train_logistic_regression
[2025-10-28T01:31:55.871+0000] {task_command.py:416} INFO - Running <TaskInstance: hiring_dynamic.train_logistic_regression scheduled__2025-05-05T15:00:00+00:00 [running]> on host c46dbfd34b1f
[2025-10-28T01:31:55.908+0000] {taskinstance.py:1662} INFO - Exporting env vars: AIRFLOW_CTX_DAG_OWNER='airflow' AIRFLOW_CTX_DAG_ID='hiring_dynamic' AIRFLOW_CTX_TASK_ID='train_logistic_regression' AIRFLOW_CTX_EXECUTION_DATE='2025-05-05T15:00:00+00:00' AIRFLOW_CTX_TRY_NUMBER='1' AIRFLOW_CTX_DAG_RUN_ID='scheduled__2025-05-05T15:00:00+00:00'
[2025-10-28T01:31:55.915+0000] {logging_mixin.py:154} INFO - Entrenando modelo: logistic_regression
[2025-10-28T01:32:07.094+0000] {logging_mixin.py:154} INFO - Modelo logistic_regression guardado en: /opt/airflow/data/dynamic/2025-05-05/models/logistic_regression.joblib
[2025-10-28T01:32:07.133+0000] {python.py:194} INFO - Done. Returned value was: None
[2025-10-28T01:32:07.138+0000] {taskinstance.py:1400} INFO - Marking task as SUCCESS. dag_id=hiring_dynamic, task_id=train_logistic_regression, execution_date=20250505T150000, start_date=20251028T013155, end_date=20251028T013207
[2025-10-28T01:32:07.205+0000] {local_task_job_runner.py:228} INFO - Task exited with return code 0
[2025-10-28T01:32:07.234+0000] {taskinstance.py:2778} INFO - 1 downstream tasks scheduled from follow-on schedule check
