[2025-11-17T16:12:42.718+0000] {taskinstance.py:1159} INFO - Dependencies all met for dep_context=non-requeueable deps ti=<TaskInstance: sodai_drinks_production_pipeline.process_data scheduled__2025-11-09T00:00:00+00:00 [queued]>
[2025-11-17T16:12:42.725+0000] {taskinstance.py:1159} INFO - Dependencies all met for dep_context=requeueable deps ti=<TaskInstance: sodai_drinks_production_pipeline.process_data scheduled__2025-11-09T00:00:00+00:00 [queued]>
[2025-11-17T16:12:42.726+0000] {taskinstance.py:1361} INFO - Starting attempt 1 of 2
[2025-11-17T16:12:42.739+0000] {taskinstance.py:1382} INFO - Executing <Task(PythonOperator): process_data> on 2025-11-09 00:00:00+00:00
[2025-11-17T16:12:42.754+0000] {standard_task_runner.py:57} INFO - Started process 14098 to run task
[2025-11-17T16:12:42.757+0000] {standard_task_runner.py:84} INFO - Running: ['***', 'tasks', 'run', 'sodai_drinks_production_pipeline', 'process_data', 'scheduled__2025-11-09T00:00:00+00:00', '--job-id', '10', '--raw', '--subdir', 'DAGS_FOLDER/pipeline_productivo.py', '--cfg-path', '/tmp/tmp1cbglhbm']
[2025-11-17T16:12:42.760+0000] {standard_task_runner.py:85} INFO - Job 10: Subtask process_data
[2025-11-17T16:12:42.799+0000] {task_command.py:416} INFO - Running <TaskInstance: sodai_drinks_production_pipeline.process_data scheduled__2025-11-09T00:00:00+00:00 [running]> on host d1f907c36040
[2025-11-17T16:12:42.857+0000] {taskinstance.py:1662} INFO - Exporting env vars: AIRFLOW_CTX_DAG_EMAIL='team@sodaidrinks.com' AIRFLOW_CTX_DAG_OWNER='sodai_drinks_team' AIRFLOW_CTX_DAG_ID='sodai_drinks_production_pipeline' AIRFLOW_CTX_TASK_ID='process_data' AIRFLOW_CTX_EXECUTION_DATE='2025-11-09T00:00:00+00:00' AIRFLOW_CTX_TRY_NUMBER='1' AIRFLOW_CTX_DAG_RUN_ID='scheduled__2025-11-09T00:00:00+00:00'
[2025-11-17T16:12:42.858+0000] {data_processing.py:103} INFO - Iniciando procesamiento de datos
[2025-11-17T16:12:42.921+0000] {data_processing.py:115} INFO - Datos cargados - Transacciones: 4565, Clientes: 1569, Productos: 971
[2025-11-17T16:12:42.926+0000] {data_processing.py:122} INFO - Predicción para semana: 2024-02
[2025-11-17T16:12:43.209+0000] {taskinstance.py:1937} ERROR - Task failed with exception
Traceback (most recent call last):
  File "/home/airflow/.local/lib/python3.10/site-packages/airflow/operators/python.py", line 192, in execute
    return_value = self.execute_callable()
  File "/home/airflow/.local/lib/python3.10/site-packages/airflow/operators/python.py", line 209, in execute_callable
    return self.python_callable(*self.op_args, **self.op_kwargs)
  File "/opt/airflow/dags/tasks/data_processing.py", line 125, in process_data
    df_target = create_target_variable(df_transacciones, balance_method="undersample", random_state=42)
  File "/opt/airflow/dags/tasks/data_processing.py", line 85, in create_target_variable
    df_neg_bal = resample(df_neg, replace=False, n_samples=len(df_pos), random_state=random_state)
  File "/home/airflow/.local/lib/python3.10/site-packages/sklearn/utils/_param_validation.py", line 214, in wrapper
    return func(*args, **kwargs)
  File "/home/airflow/.local/lib/python3.10/site-packages/sklearn/utils/__init__.py", line 572, in resample
    raise ValueError(
ValueError: Cannot sample 3719 out of arrays with dim 0 when replace is False
[2025-11-17T16:12:43.217+0000] {taskinstance.py:1400} INFO - Marking task as UP_FOR_RETRY. dag_id=sodai_drinks_production_pipeline, task_id=process_data, execution_date=20251109T000000, start_date=20251117T161242, end_date=20251117T161243
[2025-11-17T16:12:43.225+0000] {standard_task_runner.py:104} ERROR - Failed to execute job 10 for task process_data (Cannot sample 3719 out of arrays with dim 0 when replace is False; 14098)
[2025-11-17T16:12:43.255+0000] {local_task_job_runner.py:228} INFO - Task exited with return code 1
[2025-11-17T16:12:43.274+0000] {taskinstance.py:2778} INFO - 0 downstream tasks scheduled from follow-on schedule check
[2025-11-17T16:21:16.147+0000] {taskinstance.py:1159} INFO - Dependencies all met for dep_context=non-requeueable deps ti=<TaskInstance: sodai_drinks_production_pipeline.process_data scheduled__2025-11-09T00:00:00+00:00 [queued]>
[2025-11-17T16:21:16.157+0000] {taskinstance.py:1159} INFO - Dependencies all met for dep_context=requeueable deps ti=<TaskInstance: sodai_drinks_production_pipeline.process_data scheduled__2025-11-09T00:00:00+00:00 [queued]>
[2025-11-17T16:21:16.157+0000] {taskinstance.py:1361} INFO - Starting attempt 1 of 2
[2025-11-17T16:21:16.172+0000] {taskinstance.py:1382} INFO - Executing <Task(PythonOperator): process_data> on 2025-11-09 00:00:00+00:00
[2025-11-17T16:21:16.192+0000] {standard_task_runner.py:57} INFO - Started process 15356 to run task
[2025-11-17T16:21:16.199+0000] {standard_task_runner.py:84} INFO - Running: ['***', 'tasks', 'run', 'sodai_drinks_production_pipeline', 'process_data', 'scheduled__2025-11-09T00:00:00+00:00', '--job-id', '12', '--raw', '--subdir', 'DAGS_FOLDER/pipeline_productivo.py', '--cfg-path', '/tmp/tmp8t20808z']
[2025-11-17T16:21:16.203+0000] {standard_task_runner.py:85} INFO - Job 12: Subtask process_data
[2025-11-17T16:21:16.248+0000] {task_command.py:416} INFO - Running <TaskInstance: sodai_drinks_production_pipeline.process_data scheduled__2025-11-09T00:00:00+00:00 [running]> on host d1f907c36040
[2025-11-17T16:21:16.304+0000] {taskinstance.py:1662} INFO - Exporting env vars: AIRFLOW_CTX_DAG_EMAIL='team@sodaidrinks.com' AIRFLOW_CTX_DAG_OWNER='sodai_drinks_team' AIRFLOW_CTX_DAG_ID='sodai_drinks_production_pipeline' AIRFLOW_CTX_TASK_ID='process_data' AIRFLOW_CTX_EXECUTION_DATE='2025-11-09T00:00:00+00:00' AIRFLOW_CTX_TRY_NUMBER='1' AIRFLOW_CTX_DAG_RUN_ID='scheduled__2025-11-09T00:00:00+00:00'
[2025-11-17T16:21:16.305+0000] {data_processing.py:103} INFO - Iniciando procesamiento de datos
[2025-11-17T16:21:16.360+0000] {data_processing.py:115} INFO - Datos cargados - Transacciones: 4565, Clientes: 1569, Productos: 971
[2025-11-17T16:21:16.365+0000] {data_processing.py:122} INFO - Predicción para semana: 2024-02
[2025-11-17T16:21:16.628+0000] {taskinstance.py:1937} ERROR - Task failed with exception
Traceback (most recent call last):
  File "/home/airflow/.local/lib/python3.10/site-packages/airflow/operators/python.py", line 192, in execute
    return_value = self.execute_callable()
  File "/home/airflow/.local/lib/python3.10/site-packages/airflow/operators/python.py", line 209, in execute_callable
    return self.python_callable(*self.op_args, **self.op_kwargs)
  File "/opt/airflow/dags/tasks/data_processing.py", line 125, in process_data
    df_target = create_target_variable(df_transacciones, balance_method="undersample", random_state=42)
  File "/opt/airflow/dags/tasks/data_processing.py", line 85, in create_target_variable
    df_neg_bal = resample(df_neg, replace=False, n_samples=len(df_pos), random_state=random_state)
  File "/home/airflow/.local/lib/python3.10/site-packages/sklearn/utils/_param_validation.py", line 214, in wrapper
    return func(*args, **kwargs)
  File "/home/airflow/.local/lib/python3.10/site-packages/sklearn/utils/__init__.py", line 572, in resample
    raise ValueError(
ValueError: Cannot sample 3719 out of arrays with dim 0 when replace is False
[2025-11-17T16:21:16.635+0000] {taskinstance.py:1400} INFO - Marking task as UP_FOR_RETRY. dag_id=sodai_drinks_production_pipeline, task_id=process_data, execution_date=20251109T000000, start_date=20251117T162116, end_date=20251117T162116
[2025-11-17T16:21:16.642+0000] {standard_task_runner.py:104} ERROR - Failed to execute job 12 for task process_data (Cannot sample 3719 out of arrays with dim 0 when replace is False; 15356)
[2025-11-17T16:21:16.696+0000] {local_task_job_runner.py:228} INFO - Task exited with return code 1
[2025-11-17T16:21:16.718+0000] {taskinstance.py:2778} INFO - 0 downstream tasks scheduled from follow-on schedule check
[2025-11-17T16:34:17.988+0000] {taskinstance.py:1159} INFO - Dependencies all met for dep_context=non-requeueable deps ti=<TaskInstance: sodai_drinks_production_pipeline.process_data scheduled__2025-11-09T00:00:00+00:00 [queued]>
[2025-11-17T16:34:17.994+0000] {taskinstance.py:1159} INFO - Dependencies all met for dep_context=requeueable deps ti=<TaskInstance: sodai_drinks_production_pipeline.process_data scheduled__2025-11-09T00:00:00+00:00 [queued]>
[2025-11-17T16:34:17.994+0000] {taskinstance.py:1361} INFO - Starting attempt 1 of 2
[2025-11-17T16:34:18.002+0000] {taskinstance.py:1382} INFO - Executing <Task(PythonOperator): process_data> on 2025-11-09 00:00:00+00:00
[2025-11-17T16:34:18.012+0000] {standard_task_runner.py:57} INFO - Started process 17359 to run task
[2025-11-17T16:34:18.016+0000] {standard_task_runner.py:84} INFO - Running: ['***', 'tasks', 'run', 'sodai_drinks_production_pipeline', 'process_data', 'scheduled__2025-11-09T00:00:00+00:00', '--job-id', '15', '--raw', '--subdir', 'DAGS_FOLDER/pipeline_productivo.py', '--cfg-path', '/tmp/tmp9vl0281w']
[2025-11-17T16:34:18.018+0000] {standard_task_runner.py:85} INFO - Job 15: Subtask process_data
[2025-11-17T16:34:18.056+0000] {task_command.py:416} INFO - Running <TaskInstance: sodai_drinks_production_pipeline.process_data scheduled__2025-11-09T00:00:00+00:00 [running]> on host d1f907c36040
[2025-11-17T16:34:18.114+0000] {taskinstance.py:1662} INFO - Exporting env vars: AIRFLOW_CTX_DAG_EMAIL='team@sodaidrinks.com' AIRFLOW_CTX_DAG_OWNER='sodai_drinks_team' AIRFLOW_CTX_DAG_ID='sodai_drinks_production_pipeline' AIRFLOW_CTX_TASK_ID='process_data' AIRFLOW_CTX_EXECUTION_DATE='2025-11-09T00:00:00+00:00' AIRFLOW_CTX_TRY_NUMBER='1' AIRFLOW_CTX_DAG_RUN_ID='scheduled__2025-11-09T00:00:00+00:00'
[2025-11-17T16:34:18.115+0000] {data_processing.py:122} INFO - Iniciando procesamiento de datos
[2025-11-17T16:34:18.170+0000] {data_processing.py:134} INFO - Datos cargados - Transacciones: 4565, Clientes: 1569, Productos: 971
[2025-11-17T16:34:18.175+0000] {data_processing.py:141} INFO - Predicción para semana: 2024-02
[2025-11-17T16:34:18.404+0000] {data_processing.py:88} WARNING - ⚠️ Una de las clases está vacía. Retornando datos sin balancear.
[2025-11-17T16:34:18.412+0000] {data_processing.py:150} INFO - Dataset merged: (3719, 18)
[2025-11-17T16:34:18.414+0000] {data_processing.py:161} INFO - Features: ['items', 'customer_type', 'Y', 'X', 'num_deliver_per_week', 'brand', 'category', 'sub_category', 'segment', 'package', 'size']
[2025-11-17T16:34:18.414+0000] {data_processing.py:162} INFO - Distribución de clases - 0: 0, 1: 3719
[2025-11-17T16:34:18.418+0000] {data_processing.py:170} INFO - Columna 'brand' convertida a 'brand_num' (numérica)
[2025-11-17T16:34:18.423+0000] {data_processing.py:216} INFO - Ajustando preprocessor...
[2025-11-17T16:34:18.439+0000] {data_processing.py:248} INFO - Datos transformados: (3719, 19)
[2025-11-17T16:34:18.439+0000] {data_processing.py:249} INFO - Verificación de clases - 0: 0, 1: 3719
[2025-11-17T16:34:18.477+0000] {data_processing.py:276} INFO - Preprocessing completado exitosamente
[2025-11-17T16:34:18.478+0000] {python.py:194} INFO - Done. Returned value was: {'status': 'success', 'processed_records': 3719, 'num_features': 16, 'positive_class': 3719, 'negative_class': 0, 'prediction_week': '2024-01-14T00:00:00'}
[2025-11-17T16:34:18.493+0000] {taskinstance.py:1400} INFO - Marking task as SUCCESS. dag_id=sodai_drinks_production_pipeline, task_id=process_data, execution_date=20251109T000000, start_date=20251117T163417, end_date=20251117T163418
[2025-11-17T16:34:18.558+0000] {local_task_job_runner.py:228} INFO - Task exited with return code 0
[2025-11-17T16:34:18.578+0000] {taskinstance.py:2778} INFO - 0 downstream tasks scheduled from follow-on schedule check
[2025-11-17T16:51:31.558+0000] {taskinstance.py:1159} INFO - Dependencies all met for dep_context=non-requeueable deps ti=<TaskInstance: sodai_drinks_production_pipeline.process_data scheduled__2025-11-09T00:00:00+00:00 [queued]>
[2025-11-17T16:51:31.564+0000] {taskinstance.py:1159} INFO - Dependencies all met for dep_context=requeueable deps ti=<TaskInstance: sodai_drinks_production_pipeline.process_data scheduled__2025-11-09T00:00:00+00:00 [queued]>
[2025-11-17T16:51:31.564+0000] {taskinstance.py:1361} INFO - Starting attempt 1 of 2
[2025-11-17T16:51:31.571+0000] {taskinstance.py:1382} INFO - Executing <Task(PythonOperator): process_data> on 2025-11-09 00:00:00+00:00
[2025-11-17T16:51:31.584+0000] {standard_task_runner.py:57} INFO - Started process 1385 to run task
[2025-11-17T16:51:31.587+0000] {standard_task_runner.py:84} INFO - Running: ['***', 'tasks', 'run', 'sodai_drinks_production_pipeline', 'process_data', 'scheduled__2025-11-09T00:00:00+00:00', '--job-id', '21', '--raw', '--subdir', 'DAGS_FOLDER/pipeline_productivo.py', '--cfg-path', '/tmp/tmpdr4qdplu']
[2025-11-17T16:51:31.590+0000] {standard_task_runner.py:85} INFO - Job 21: Subtask process_data
[2025-11-17T16:51:31.625+0000] {task_command.py:416} INFO - Running <TaskInstance: sodai_drinks_production_pipeline.process_data scheduled__2025-11-09T00:00:00+00:00 [running]> on host d1f907c36040
[2025-11-17T16:51:31.673+0000] {taskinstance.py:1662} INFO - Exporting env vars: AIRFLOW_CTX_DAG_EMAIL='team@sodaidrinks.com' AIRFLOW_CTX_DAG_OWNER='sodai_drinks_team' AIRFLOW_CTX_DAG_ID='sodai_drinks_production_pipeline' AIRFLOW_CTX_TASK_ID='process_data' AIRFLOW_CTX_EXECUTION_DATE='2025-11-09T00:00:00+00:00' AIRFLOW_CTX_TRY_NUMBER='1' AIRFLOW_CTX_DAG_RUN_ID='scheduled__2025-11-09T00:00:00+00:00'
[2025-11-17T16:51:31.674+0000] {data_processing.py:177} INFO - Iniciando procesamiento de datos
[2025-11-17T16:51:31.724+0000] {data_processing.py:189} INFO - Datos cargados - Transacciones: 4565, Clientes: 1569, Productos: 971
[2025-11-17T16:51:31.729+0000] {data_processing.py:196} INFO - Predicción para semana: 2024-02
[2025-11-17T16:51:31.951+0000] {data_processing.py:85} INFO - 📊 Casos positivos (compras reales): 3,719
[2025-11-17T16:51:31.951+0000] {data_processing.py:90} INFO - 🎲 Generando 37,190 casos negativos sintéticos (ratio 10:1)...
[2025-11-17T16:51:43.514+0000] {data_processing.py:127} INFO - ✅ Generados 37,190 casos negativos únicos
[2025-11-17T16:51:43.515+0000] {data_processing.py:132} INFO - 📋 Dataset completo antes de balanceo:
[2025-11-17T16:51:43.515+0000] {data_processing.py:133} INFO -    Positivos: 3,719 | Negativos: 37,190
[2025-11-17T16:51:43.519+0000] {data_processing.py:167} INFO - ⚖️ Clases balanceadas: {1: 3719, 0: 3719}
[2025-11-17T16:51:43.520+0000] {data_processing.py:168} INFO -    Total final: 7,438 registros
[2025-11-17T16:51:43.528+0000] {data_processing.py:205} INFO - Dataset merged: (7438, 18)
[2025-11-17T16:51:43.529+0000] {data_processing.py:216} INFO - Features: ['items', 'customer_type', 'Y', 'X', 'num_deliver_per_week', 'brand', 'category', 'sub_category', 'segment', 'package', 'size']
[2025-11-17T16:51:43.529+0000] {data_processing.py:217} INFO - Distribución de clases - 0: 3719, 1: 3719
[2025-11-17T16:51:43.535+0000] {data_processing.py:225} INFO - Columna 'brand' convertida a 'brand_num' (numérica)
[2025-11-17T16:51:43.539+0000] {data_processing.py:271} INFO - Ajustando preprocessor...
[2025-11-17T16:51:43.553+0000] {data_processing.py:303} INFO - Datos transformados: (7438, 19)
[2025-11-17T16:51:43.554+0000] {data_processing.py:304} INFO - Verificación de clases - 0: 3719, 1: 3719
[2025-11-17T16:51:43.588+0000] {data_processing.py:331} INFO - Preprocessing completado exitosamente
[2025-11-17T16:51:43.589+0000] {python.py:194} INFO - Done. Returned value was: {'status': 'success', 'processed_records': 7438, 'num_features': 16, 'positive_class': 3719, 'negative_class': 3719, 'prediction_week': '2024-01-14T00:00:00'}
[2025-11-17T16:51:43.602+0000] {taskinstance.py:1400} INFO - Marking task as SUCCESS. dag_id=sodai_drinks_production_pipeline, task_id=process_data, execution_date=20251109T000000, start_date=20251117T165131, end_date=20251117T165143
[2025-11-17T16:51:43.671+0000] {local_task_job_runner.py:228} INFO - Task exited with return code 0
[2025-11-17T16:51:43.688+0000] {taskinstance.py:2778} INFO - 0 downstream tasks scheduled from follow-on schedule check
[2025-11-17T17:59:27.338+0000] {taskinstance.py:1159} INFO - Dependencies all met for dep_context=non-requeueable deps ti=<TaskInstance: sodai_drinks_production_pipeline.process_data scheduled__2025-11-09T00:00:00+00:00 [queued]>
[2025-11-17T17:59:27.344+0000] {taskinstance.py:1159} INFO - Dependencies all met for dep_context=requeueable deps ti=<TaskInstance: sodai_drinks_production_pipeline.process_data scheduled__2025-11-09T00:00:00+00:00 [queued]>
[2025-11-17T17:59:27.344+0000] {taskinstance.py:1361} INFO - Starting attempt 1 of 2
[2025-11-17T17:59:27.353+0000] {taskinstance.py:1382} INFO - Executing <Task(PythonOperator): process_data> on 2025-11-09 00:00:00+00:00
[2025-11-17T17:59:27.365+0000] {standard_task_runner.py:57} INFO - Started process 948 to run task
[2025-11-17T17:59:27.369+0000] {standard_task_runner.py:84} INFO - Running: ['***', 'tasks', 'run', 'sodai_drinks_production_pipeline', 'process_data', 'scheduled__2025-11-09T00:00:00+00:00', '--job-id', '29', '--raw', '--subdir', 'DAGS_FOLDER/pipeline_productivo.py', '--cfg-path', '/tmp/tmpna970gyx']
[2025-11-17T17:59:27.372+0000] {standard_task_runner.py:85} INFO - Job 29: Subtask process_data
[2025-11-17T17:59:27.412+0000] {task_command.py:416} INFO - Running <TaskInstance: sodai_drinks_production_pipeline.process_data scheduled__2025-11-09T00:00:00+00:00 [running]> on host d1f907c36040
[2025-11-17T17:59:27.469+0000] {taskinstance.py:1662} INFO - Exporting env vars: AIRFLOW_CTX_DAG_EMAIL='team@sodaidrinks.com' AIRFLOW_CTX_DAG_OWNER='sodai_drinks_team' AIRFLOW_CTX_DAG_ID='sodai_drinks_production_pipeline' AIRFLOW_CTX_TASK_ID='process_data' AIRFLOW_CTX_EXECUTION_DATE='2025-11-09T00:00:00+00:00' AIRFLOW_CTX_TRY_NUMBER='1' AIRFLOW_CTX_DAG_RUN_ID='scheduled__2025-11-09T00:00:00+00:00'
[2025-11-17T17:59:27.471+0000] {data_processing.py:177} INFO - Iniciando procesamiento de datos
[2025-11-17T17:59:27.531+0000] {data_processing.py:189} INFO - Datos cargados - Transacciones: 4565, Clientes: 1569, Productos: 971
[2025-11-17T17:59:27.537+0000] {data_processing.py:196} INFO - Predicción para semana: 2024-02
[2025-11-17T17:59:27.766+0000] {data_processing.py:85} INFO - 📊 Casos positivos (compras reales): 3,719
[2025-11-17T17:59:27.766+0000] {data_processing.py:90} INFO - 🎲 Generando 37,190 casos negativos sintéticos (ratio 10:1)...
[2025-11-17T17:59:39.013+0000] {data_processing.py:127} INFO - ✅ Generados 37,190 casos negativos únicos
[2025-11-17T17:59:39.014+0000] {data_processing.py:132} INFO - 📋 Dataset completo antes de balanceo:
[2025-11-17T17:59:39.014+0000] {data_processing.py:133} INFO -    Positivos: 3,719 | Negativos: 37,190
[2025-11-17T17:59:39.019+0000] {data_processing.py:167} INFO - ⚖️ Clases balanceadas: {1: 3719, 0: 3719}
[2025-11-17T17:59:39.019+0000] {data_processing.py:168} INFO -    Total final: 7,438 registros
[2025-11-17T17:59:39.029+0000] {data_processing.py:210} INFO - Dataset merged: (7438, 16)
[2025-11-17T17:59:39.031+0000] {data_processing.py:221} INFO - Features: ['customer_type', 'Y', 'X', 'num_deliver_per_week', 'brand', 'category', 'sub_category', 'segment', 'package', 'size']
[2025-11-17T17:59:39.032+0000] {data_processing.py:222} INFO - Distribución de clases - 0: 3719, 1: 3719
[2025-11-17T17:59:39.037+0000] {data_processing.py:230} INFO - Columna 'brand' convertida a 'brand_num' (numérica)
[2025-11-17T17:59:39.042+0000] {data_processing.py:276} INFO - Ajustando preprocessor...
[2025-11-17T17:59:39.056+0000] {data_processing.py:308} INFO - Datos transformados: (7438, 18)
[2025-11-17T17:59:39.056+0000] {data_processing.py:309} INFO - Verificación de clases - 0: 3719, 1: 3719
[2025-11-17T17:59:39.091+0000] {data_processing.py:336} INFO - Preprocessing completado exitosamente
[2025-11-17T17:59:39.091+0000] {python.py:194} INFO - Done. Returned value was: {'status': 'success', 'processed_records': 7438, 'num_features': 15, 'positive_class': 3719, 'negative_class': 3719, 'prediction_week': '2024-01-14T00:00:00'}
[2025-11-17T17:59:39.106+0000] {taskinstance.py:1400} INFO - Marking task as SUCCESS. dag_id=sodai_drinks_production_pipeline, task_id=process_data, execution_date=20251109T000000, start_date=20251117T175927, end_date=20251117T175939
[2025-11-17T17:59:39.161+0000] {local_task_job_runner.py:228} INFO - Task exited with return code 0
[2025-11-17T17:59:39.180+0000] {taskinstance.py:2778} INFO - 1 downstream tasks scheduled from follow-on schedule check
[2025-11-17T20:46:14.298+0000] {taskinstance.py:1159} INFO - Dependencies all met for dep_context=non-requeueable deps ti=<TaskInstance: sodai_drinks_production_pipeline.process_data scheduled__2025-11-09T00:00:00+00:00 [queued]>
[2025-11-17T20:46:14.304+0000] {taskinstance.py:1159} INFO - Dependencies all met for dep_context=requeueable deps ti=<TaskInstance: sodai_drinks_production_pipeline.process_data scheduled__2025-11-09T00:00:00+00:00 [queued]>
[2025-11-17T20:46:14.304+0000] {taskinstance.py:1361} INFO - Starting attempt 1 of 2
[2025-11-17T20:46:14.311+0000] {taskinstance.py:1382} INFO - Executing <Task(PythonOperator): process_data> on 2025-11-09 00:00:00+00:00
[2025-11-17T20:46:14.321+0000] {standard_task_runner.py:57} INFO - Started process 388 to run task
[2025-11-17T20:46:14.325+0000] {standard_task_runner.py:84} INFO - Running: ['***', 'tasks', 'run', 'sodai_drinks_production_pipeline', 'process_data', 'scheduled__2025-11-09T00:00:00+00:00', '--job-id', '36', '--raw', '--subdir', 'DAGS_FOLDER/pipeline_productivo.py', '--cfg-path', '/tmp/tmplbs42rp7']
[2025-11-17T20:46:14.328+0000] {standard_task_runner.py:85} INFO - Job 36: Subtask process_data
[2025-11-17T20:46:14.363+0000] {task_command.py:416} INFO - Running <TaskInstance: sodai_drinks_production_pipeline.process_data scheduled__2025-11-09T00:00:00+00:00 [running]> on host d1f907c36040
[2025-11-17T20:46:14.412+0000] {taskinstance.py:1662} INFO - Exporting env vars: AIRFLOW_CTX_DAG_EMAIL='team@sodaidrinks.com' AIRFLOW_CTX_DAG_OWNER='sodai_drinks_team' AIRFLOW_CTX_DAG_ID='sodai_drinks_production_pipeline' AIRFLOW_CTX_TASK_ID='process_data' AIRFLOW_CTX_EXECUTION_DATE='2025-11-09T00:00:00+00:00' AIRFLOW_CTX_TRY_NUMBER='1' AIRFLOW_CTX_DAG_RUN_ID='scheduled__2025-11-09T00:00:00+00:00'
[2025-11-17T20:46:14.413+0000] {data_processing.py:177} INFO - Iniciando procesamiento de datos
[2025-11-17T20:46:14.461+0000] {data_processing.py:189} INFO - Datos cargados - Transacciones: 4565, Clientes: 1569, Productos: 971
[2025-11-17T20:46:14.465+0000] {data_processing.py:196} INFO - Predicción para semana: 2024-02
[2025-11-17T20:46:14.680+0000] {data_processing.py:85} INFO - 📊 Casos positivos (compras reales): 3,719
[2025-11-17T20:46:14.680+0000] {data_processing.py:90} INFO - 🎲 Generando 37,190 casos negativos sintéticos (ratio 10:1)...
[2025-11-17T20:46:25.700+0000] {data_processing.py:127} INFO - ✅ Generados 37,190 casos negativos únicos
[2025-11-17T20:46:25.701+0000] {data_processing.py:132} INFO - 📋 Dataset completo antes de balanceo:
[2025-11-17T20:46:25.701+0000] {data_processing.py:133} INFO -    Positivos: 3,719 | Negativos: 37,190
[2025-11-17T20:46:25.705+0000] {data_processing.py:167} INFO - ⚖️ Clases balanceadas: {1: 3719, 0: 3719}
[2025-11-17T20:46:25.705+0000] {data_processing.py:168} INFO -    Total final: 7,438 registros
[2025-11-17T20:46:25.714+0000] {data_processing.py:210} INFO - Dataset merged: (7438, 16)
[2025-11-17T20:46:25.716+0000] {data_processing.py:221} INFO - Features: ['customer_type', 'Y', 'X', 'num_deliver_per_week', 'brand', 'category', 'sub_category', 'segment', 'package', 'size']
[2025-11-17T20:46:25.716+0000] {data_processing.py:222} INFO - Distribución de clases - 0: 3719, 1: 3719
[2025-11-17T20:46:25.722+0000] {data_processing.py:230} INFO - Columna 'brand' convertida a 'brand_num' (numérica)
[2025-11-17T20:46:25.726+0000] {data_processing.py:276} INFO - Ajustando preprocessor...
[2025-11-17T20:46:25.739+0000] {data_processing.py:308} INFO - Datos transformados: (7438, 18)
[2025-11-17T20:46:25.739+0000] {data_processing.py:309} INFO - Verificación de clases - 0: 3719, 1: 3719
[2025-11-17T20:46:25.770+0000] {data_processing.py:336} INFO - Preprocessing completado exitosamente
[2025-11-17T20:46:25.771+0000] {python.py:194} INFO - Done. Returned value was: {'status': 'success', 'processed_records': 7438, 'num_features': 15, 'positive_class': 3719, 'negative_class': 3719, 'prediction_week': '2024-01-14T00:00:00'}
[2025-11-17T20:46:25.784+0000] {taskinstance.py:1400} INFO - Marking task as SUCCESS. dag_id=sodai_drinks_production_pipeline, task_id=process_data, execution_date=20251109T000000, start_date=20251117T204614, end_date=20251117T204625
[2025-11-17T20:46:25.820+0000] {local_task_job_runner.py:228} INFO - Task exited with return code 0
[2025-11-17T20:46:25.837+0000] {taskinstance.py:2778} INFO - 1 downstream tasks scheduled from follow-on schedule check
[2025-11-17T20:51:14.129+0000] {taskinstance.py:1159} INFO - Dependencies all met for dep_context=non-requeueable deps ti=<TaskInstance: sodai_drinks_production_pipeline.process_data scheduled__2025-11-09T00:00:00+00:00 [queued]>
[2025-11-17T20:51:14.134+0000] {taskinstance.py:1159} INFO - Dependencies all met for dep_context=requeueable deps ti=<TaskInstance: sodai_drinks_production_pipeline.process_data scheduled__2025-11-09T00:00:00+00:00 [queued]>
[2025-11-17T20:51:14.135+0000] {taskinstance.py:1361} INFO - Starting attempt 1 of 2
[2025-11-17T20:51:14.141+0000] {taskinstance.py:1382} INFO - Executing <Task(PythonOperator): process_data> on 2025-11-09 00:00:00+00:00
[2025-11-17T20:51:14.152+0000] {standard_task_runner.py:57} INFO - Started process 323 to run task
[2025-11-17T20:51:14.155+0000] {standard_task_runner.py:84} INFO - Running: ['***', 'tasks', 'run', 'sodai_drinks_production_pipeline', 'process_data', 'scheduled__2025-11-09T00:00:00+00:00', '--job-id', '42', '--raw', '--subdir', 'DAGS_FOLDER/pipeline_productivo.py', '--cfg-path', '/tmp/tmp5h7zxzz7']
[2025-11-17T20:51:14.158+0000] {standard_task_runner.py:85} INFO - Job 42: Subtask process_data
[2025-11-17T20:51:14.194+0000] {task_command.py:416} INFO - Running <TaskInstance: sodai_drinks_production_pipeline.process_data scheduled__2025-11-09T00:00:00+00:00 [running]> on host d1f907c36040
[2025-11-17T20:51:14.249+0000] {taskinstance.py:1662} INFO - Exporting env vars: AIRFLOW_CTX_DAG_EMAIL='team@sodaidrinks.com' AIRFLOW_CTX_DAG_OWNER='sodai_drinks_team' AIRFLOW_CTX_DAG_ID='sodai_drinks_production_pipeline' AIRFLOW_CTX_TASK_ID='process_data' AIRFLOW_CTX_EXECUTION_DATE='2025-11-09T00:00:00+00:00' AIRFLOW_CTX_TRY_NUMBER='1' AIRFLOW_CTX_DAG_RUN_ID='scheduled__2025-11-09T00:00:00+00:00'
[2025-11-17T20:51:14.250+0000] {data_processing.py:177} INFO - Iniciando procesamiento de datos
[2025-11-17T20:51:14.306+0000] {data_processing.py:189} INFO - Datos cargados - Transacciones: 4565, Clientes: 1569, Productos: 971
[2025-11-17T20:51:14.312+0000] {data_processing.py:196} INFO - Predicción para semana: 2024-02
[2025-11-17T20:51:14.594+0000] {data_processing.py:85} INFO - 📊 Casos positivos (compras reales): 3,719
[2025-11-17T20:51:14.594+0000] {data_processing.py:90} INFO - 🎲 Generando 37,190 casos negativos sintéticos (ratio 10:1)...
[2025-11-17T20:51:25.936+0000] {data_processing.py:127} INFO - ✅ Generados 37,190 casos negativos únicos
[2025-11-17T20:51:25.937+0000] {data_processing.py:132} INFO - 📋 Dataset completo antes de balanceo:
[2025-11-17T20:51:25.938+0000] {data_processing.py:133} INFO -    Positivos: 3,719 | Negativos: 37,190
[2025-11-17T20:51:25.943+0000] {data_processing.py:167} INFO - ⚖️ Clases balanceadas: {1: 3719, 0: 3719}
[2025-11-17T20:51:25.943+0000] {data_processing.py:168} INFO -    Total final: 7,438 registros
[2025-11-17T20:51:25.955+0000] {data_processing.py:210} INFO - Dataset merged: (7438, 16)
[2025-11-17T20:51:25.957+0000] {data_processing.py:221} INFO - Features: ['customer_type', 'Y', 'X', 'num_deliver_per_week', 'brand', 'category', 'sub_category', 'segment', 'package', 'size']
[2025-11-17T20:51:25.958+0000] {data_processing.py:222} INFO - Distribución de clases - 0: 3719, 1: 3719
[2025-11-17T20:51:25.964+0000] {data_processing.py:230} INFO - Columna 'brand' convertida a 'brand_num' (numérica)
[2025-11-17T20:51:25.969+0000] {data_processing.py:276} INFO - Ajustando preprocessor...
[2025-11-17T20:51:25.985+0000] {data_processing.py:308} INFO - Datos transformados: (7438, 18)
[2025-11-17T20:51:25.986+0000] {data_processing.py:309} INFO - Verificación de clases - 0: 3719, 1: 3719
[2025-11-17T20:51:26.022+0000] {data_processing.py:336} INFO - Preprocessing completado exitosamente
[2025-11-17T20:51:26.024+0000] {python.py:194} INFO - Done. Returned value was: {'status': 'success', 'processed_records': 7438, 'num_features': 15, 'positive_class': 3719, 'negative_class': 3719, 'prediction_week': '2024-01-14T00:00:00'}
[2025-11-17T20:51:26.038+0000] {taskinstance.py:1400} INFO - Marking task as SUCCESS. dag_id=sodai_drinks_production_pipeline, task_id=process_data, execution_date=20251109T000000, start_date=20251117T205114, end_date=20251117T205126
[2025-11-17T20:51:26.110+0000] {local_task_job_runner.py:228} INFO - Task exited with return code 0
[2025-11-17T20:51:26.133+0000] {taskinstance.py:2778} INFO - 1 downstream tasks scheduled from follow-on schedule check
[2025-11-17T21:03:49.357+0000] {taskinstance.py:1159} INFO - Dependencies all met for dep_context=non-requeueable deps ti=<TaskInstance: sodai_drinks_production_pipeline.process_data scheduled__2025-11-09T00:00:00+00:00 [queued]>
[2025-11-17T21:03:49.363+0000] {taskinstance.py:1159} INFO - Dependencies all met for dep_context=requeueable deps ti=<TaskInstance: sodai_drinks_production_pipeline.process_data scheduled__2025-11-09T00:00:00+00:00 [queued]>
[2025-11-17T21:03:49.363+0000] {taskinstance.py:1361} INFO - Starting attempt 1 of 2
[2025-11-17T21:03:49.370+0000] {taskinstance.py:1382} INFO - Executing <Task(PythonOperator): process_data> on 2025-11-09 00:00:00+00:00
[2025-11-17T21:03:49.380+0000] {standard_task_runner.py:57} INFO - Started process 2414 to run task
[2025-11-17T21:03:49.383+0000] {standard_task_runner.py:84} INFO - Running: ['***', 'tasks', 'run', 'sodai_drinks_production_pipeline', 'process_data', 'scheduled__2025-11-09T00:00:00+00:00', '--job-id', '56', '--raw', '--subdir', 'DAGS_FOLDER/pipeline_productivo.py', '--cfg-path', '/tmp/tmpm2o90ipu']
[2025-11-17T21:03:49.386+0000] {standard_task_runner.py:85} INFO - Job 56: Subtask process_data
[2025-11-17T21:03:49.418+0000] {task_command.py:416} INFO - Running <TaskInstance: sodai_drinks_production_pipeline.process_data scheduled__2025-11-09T00:00:00+00:00 [running]> on host d1f907c36040
[2025-11-17T21:03:49.465+0000] {taskinstance.py:1662} INFO - Exporting env vars: AIRFLOW_CTX_DAG_EMAIL='team@sodaidrinks.com' AIRFLOW_CTX_DAG_OWNER='sodai_drinks_team' AIRFLOW_CTX_DAG_ID='sodai_drinks_production_pipeline' AIRFLOW_CTX_TASK_ID='process_data' AIRFLOW_CTX_EXECUTION_DATE='2025-11-09T00:00:00+00:00' AIRFLOW_CTX_TRY_NUMBER='1' AIRFLOW_CTX_DAG_RUN_ID='scheduled__2025-11-09T00:00:00+00:00'
[2025-11-17T21:03:49.466+0000] {data_processing.py:177} INFO - Iniciando procesamiento de datos
[2025-11-17T21:03:49.514+0000] {data_processing.py:189} INFO - Datos cargados - Transacciones: 4565, Clientes: 1569, Productos: 971
[2025-11-17T21:03:49.519+0000] {data_processing.py:196} INFO - Predicción para semana: 2024-02
[2025-11-17T21:03:49.735+0000] {data_processing.py:85} INFO - 📊 Casos positivos (compras reales): 3,719
[2025-11-17T21:03:49.735+0000] {data_processing.py:90} INFO - 🎲 Generando 37,190 casos negativos sintéticos (ratio 10:1)...
[2025-11-17T21:04:00.400+0000] {data_processing.py:127} INFO - ✅ Generados 37,190 casos negativos únicos
[2025-11-17T21:04:00.401+0000] {data_processing.py:132} INFO - 📋 Dataset completo antes de balanceo:
[2025-11-17T21:04:00.401+0000] {data_processing.py:133} INFO -    Positivos: 3,719 | Negativos: 37,190
[2025-11-17T21:04:00.407+0000] {data_processing.py:167} INFO - ⚖️ Clases balanceadas: {1: 3719, 0: 3719}
[2025-11-17T21:04:00.407+0000] {data_processing.py:168} INFO -    Total final: 7,438 registros
[2025-11-17T21:04:00.417+0000] {data_processing.py:210} INFO - Dataset merged: (7438, 16)
[2025-11-17T21:04:00.418+0000] {data_processing.py:221} INFO - Features: ['customer_type', 'Y', 'X', 'num_deliver_per_week', 'brand', 'category', 'sub_category', 'segment', 'package', 'size']
[2025-11-17T21:04:00.419+0000] {data_processing.py:222} INFO - Distribución de clases - 0: 3719, 1: 3719
[2025-11-17T21:04:00.424+0000] {data_processing.py:230} INFO - Columna 'brand' convertida a 'brand_num' (numérica)
[2025-11-17T21:04:00.428+0000] {data_processing.py:276} INFO - Ajustando preprocessor...
[2025-11-17T21:04:00.441+0000] {data_processing.py:308} INFO - Datos transformados: (7438, 18)
[2025-11-17T21:04:00.442+0000] {data_processing.py:309} INFO - Verificación de clases - 0: 3719, 1: 3719
[2025-11-17T21:04:00.473+0000] {data_processing.py:336} INFO - Preprocessing completado exitosamente
[2025-11-17T21:04:00.474+0000] {python.py:194} INFO - Done. Returned value was: {'status': 'success', 'processed_records': 7438, 'num_features': 15, 'positive_class': 3719, 'negative_class': 3719, 'prediction_week': '2024-01-14T00:00:00'}
[2025-11-17T21:04:00.486+0000] {taskinstance.py:1400} INFO - Marking task as SUCCESS. dag_id=sodai_drinks_production_pipeline, task_id=process_data, execution_date=20251109T000000, start_date=20251117T210349, end_date=20251117T210400
[2025-11-17T21:04:00.523+0000] {local_task_job_runner.py:228} INFO - Task exited with return code 0
[2025-11-17T21:04:00.541+0000] {taskinstance.py:2778} INFO - 1 downstream tasks scheduled from follow-on schedule check
[2025-11-17T21:18:01.629+0000] {taskinstance.py:1159} INFO - Dependencies all met for dep_context=non-requeueable deps ti=<TaskInstance: sodai_drinks_production_pipeline.process_data scheduled__2025-11-09T00:00:00+00:00 [queued]>
[2025-11-17T21:18:01.634+0000] {taskinstance.py:1159} INFO - Dependencies all met for dep_context=requeueable deps ti=<TaskInstance: sodai_drinks_production_pipeline.process_data scheduled__2025-11-09T00:00:00+00:00 [queued]>
[2025-11-17T21:18:01.634+0000] {taskinstance.py:1361} INFO - Starting attempt 1 of 2
[2025-11-17T21:18:01.641+0000] {taskinstance.py:1382} INFO - Executing <Task(PythonOperator): process_data> on 2025-11-09 00:00:00+00:00
[2025-11-17T21:18:01.651+0000] {standard_task_runner.py:57} INFO - Started process 333 to run task
[2025-11-17T21:18:01.653+0000] {standard_task_runner.py:84} INFO - Running: ['***', 'tasks', 'run', 'sodai_drinks_production_pipeline', 'process_data', 'scheduled__2025-11-09T00:00:00+00:00', '--job-id', '64', '--raw', '--subdir', 'DAGS_FOLDER/pipeline_productivo.py', '--cfg-path', '/tmp/tmp06r3jtcq']
[2025-11-17T21:18:01.656+0000] {standard_task_runner.py:85} INFO - Job 64: Subtask process_data
[2025-11-17T21:18:01.695+0000] {task_command.py:416} INFO - Running <TaskInstance: sodai_drinks_production_pipeline.process_data scheduled__2025-11-09T00:00:00+00:00 [running]> on host 38f17a86e62e
[2025-11-17T21:18:01.749+0000] {taskinstance.py:1662} INFO - Exporting env vars: AIRFLOW_CTX_DAG_EMAIL='team@sodaidrinks.com' AIRFLOW_CTX_DAG_OWNER='sodai_drinks_team' AIRFLOW_CTX_DAG_ID='sodai_drinks_production_pipeline' AIRFLOW_CTX_TASK_ID='process_data' AIRFLOW_CTX_EXECUTION_DATE='2025-11-09T00:00:00+00:00' AIRFLOW_CTX_TRY_NUMBER='1' AIRFLOW_CTX_DAG_RUN_ID='scheduled__2025-11-09T00:00:00+00:00'
[2025-11-17T21:18:01.750+0000] {data_processing.py:177} INFO - Iniciando procesamiento de datos
[2025-11-17T21:18:02.020+0000] {data_processing.py:189} INFO - Datos cargados - Transacciones: 4565, Clientes: 1569, Productos: 971
[2025-11-17T21:18:02.024+0000] {data_processing.py:196} INFO - Predicción para semana: 2024-02
[2025-11-17T21:18:02.045+0000] {data_processing.py:85} INFO - 📊 Casos positivos (compras reales): 3,719
[2025-11-17T21:18:02.045+0000] {data_processing.py:90} INFO - 🎲 Generando 37,190 casos negativos sintéticos (ratio 10:1)...
[2025-11-17T21:18:11.199+0000] {data_processing.py:127} INFO - ✅ Generados 37,190 casos negativos únicos
[2025-11-17T21:18:11.200+0000] {data_processing.py:132} INFO - 📋 Dataset completo antes de balanceo:
[2025-11-17T21:18:11.201+0000] {data_processing.py:133} INFO -    Positivos: 3,719 | Negativos: 37,190
[2025-11-17T21:18:11.205+0000] {data_processing.py:167} INFO - ⚖️ Clases balanceadas: {1: 3719, 0: 3719}
[2025-11-17T21:18:11.205+0000] {data_processing.py:168} INFO -    Total final: 7,438 registros
[2025-11-17T21:18:11.215+0000] {data_processing.py:210} INFO - Dataset merged: (7438, 16)
[2025-11-17T21:18:11.217+0000] {data_processing.py:221} INFO - Features: ['customer_type', 'Y', 'X', 'num_deliver_per_week', 'brand', 'category', 'sub_category', 'segment', 'package', 'size']
[2025-11-17T21:18:11.217+0000] {data_processing.py:222} INFO - Distribución de clases - 0: 3719, 1: 3719
[2025-11-17T21:18:11.222+0000] {data_processing.py:230} INFO - Columna 'brand' convertida a 'brand_num' (numérica)
[2025-11-17T21:18:11.226+0000] {data_processing.py:276} INFO - Ajustando preprocessor...
[2025-11-17T21:18:11.240+0000] {data_processing.py:308} INFO - Datos transformados: (7438, 18)
[2025-11-17T21:18:11.240+0000] {data_processing.py:309} INFO - Verificación de clases - 0: 3719, 1: 3719
[2025-11-17T21:18:11.272+0000] {data_processing.py:336} INFO - Preprocessing completado exitosamente
[2025-11-17T21:18:11.273+0000] {python.py:194} INFO - Done. Returned value was: {'status': 'success', 'processed_records': 7438, 'num_features': 15, 'positive_class': 3719, 'negative_class': 3719, 'prediction_week': '2024-01-14T00:00:00'}
[2025-11-17T21:18:11.286+0000] {taskinstance.py:1400} INFO - Marking task as SUCCESS. dag_id=sodai_drinks_production_pipeline, task_id=process_data, execution_date=20251109T000000, start_date=20251117T211801, end_date=20251117T211811
[2025-11-17T21:18:11.700+0000] {local_task_job_runner.py:228} INFO - Task exited with return code 0
[2025-11-17T21:18:11.715+0000] {taskinstance.py:2778} INFO - 1 downstream tasks scheduled from follow-on schedule check
[2025-11-17T21:38:39.092+0000] {taskinstance.py:1159} INFO - Dependencies all met for dep_context=non-requeueable deps ti=<TaskInstance: sodai_drinks_production_pipeline.process_data scheduled__2025-11-09T00:00:00+00:00 [queued]>
[2025-11-17T21:38:39.097+0000] {taskinstance.py:1159} INFO - Dependencies all met for dep_context=requeueable deps ti=<TaskInstance: sodai_drinks_production_pipeline.process_data scheduled__2025-11-09T00:00:00+00:00 [queued]>
[2025-11-17T21:38:39.098+0000] {taskinstance.py:1361} INFO - Starting attempt 1 of 2
[2025-11-17T21:38:39.105+0000] {taskinstance.py:1382} INFO - Executing <Task(PythonOperator): process_data> on 2025-11-09 00:00:00+00:00
[2025-11-17T21:38:39.119+0000] {standard_task_runner.py:57} INFO - Started process 905 to run task
[2025-11-17T21:38:39.122+0000] {standard_task_runner.py:84} INFO - Running: ['***', 'tasks', 'run', 'sodai_drinks_production_pipeline', 'process_data', 'scheduled__2025-11-09T00:00:00+00:00', '--job-id', '70', '--raw', '--subdir', 'DAGS_FOLDER/pipeline_productivo.py', '--cfg-path', '/tmp/tmpzb75jvv3']
[2025-11-17T21:38:39.125+0000] {standard_task_runner.py:85} INFO - Job 70: Subtask process_data
[2025-11-17T21:38:39.160+0000] {task_command.py:416} INFO - Running <TaskInstance: sodai_drinks_production_pipeline.process_data scheduled__2025-11-09T00:00:00+00:00 [running]> on host 38f17a86e62e
[2025-11-17T21:38:39.209+0000] {taskinstance.py:1662} INFO - Exporting env vars: AIRFLOW_CTX_DAG_EMAIL='team@sodaidrinks.com' AIRFLOW_CTX_DAG_OWNER='sodai_drinks_team' AIRFLOW_CTX_DAG_ID='sodai_drinks_production_pipeline' AIRFLOW_CTX_TASK_ID='process_data' AIRFLOW_CTX_EXECUTION_DATE='2025-11-09T00:00:00+00:00' AIRFLOW_CTX_TRY_NUMBER='1' AIRFLOW_CTX_DAG_RUN_ID='scheduled__2025-11-09T00:00:00+00:00'
[2025-11-17T21:38:39.210+0000] {data_processing.py:177} INFO - Iniciando procesamiento de datos
[2025-11-17T21:38:39.272+0000] {data_processing.py:189} INFO - Datos cargados - Transacciones: 254936, Clientes: 1569, Productos: 971
[2025-11-17T21:38:39.499+0000] {data_processing.py:196} INFO - Predicción para semana: 2025-01
[2025-11-17T21:38:40.486+0000] {data_processing.py:85} INFO - 📊 Casos positivos (compras reales): 206,460
[2025-11-17T21:38:40.486+0000] {data_processing.py:90} INFO - 🎲 Generando 2,064,600 casos negativos sintéticos (ratio 10:1)...
[2025-11-17T22:03:57.073+0000] {process_utils.py:131} INFO - Sending 15 to group 905. PIDs of all processes in the group: [905]
[2025-11-17T22:03:57.074+0000] {process_utils.py:86} INFO - Sending the signal 15 to group 905
[2025-11-17T22:03:57.075+0000] {taskinstance.py:1632} ERROR - Received SIGTERM. Terminating subprocesses.
[2025-11-17T22:03:57.083+0000] {taskinstance.py:1937} ERROR - Task failed with exception
Traceback (most recent call last):
  File "/home/airflow/.local/lib/python3.10/site-packages/airflow/operators/python.py", line 192, in execute
    return_value = self.execute_callable()
  File "/home/airflow/.local/lib/python3.10/site-packages/airflow/operators/python.py", line 209, in execute_callable
    return self.python_callable(*self.op_args, **self.op_kwargs)
  File "/opt/airflow/dags/tasks/data_processing.py", line 199, in process_data
    X = X.drop(columns=['brand'])
  File "/opt/airflow/dags/tasks/data_processing.py", line 112, in create_target_variable
    customer = np.random.choice(all_customers)
  File "/home/airflow/.local/lib/python3.10/site-packages/pandas/core/ops/common.py", line 81, in new_method
    return method(self, other)
  File "/home/airflow/.local/lib/python3.10/site-packages/pandas/core/arraylike.py", line 40, in __eq__
    return self._cmp_method(other, operator.eq)
  File "/home/airflow/.local/lib/python3.10/site-packages/pandas/core/series.py", line 6096, in _cmp_method
    res_values = ops.comparison_op(lvalues, rvalues, op)
  File "/home/airflow/.local/lib/python3.10/site-packages/pandas/core/ops/array_ops.py", line 293, in comparison_op
    res_values = comp_method_OBJECT_ARRAY(op, lvalues, rvalues)
  File "/home/airflow/.local/lib/python3.10/site-packages/pandas/core/ops/array_ops.py", line 82, in comp_method_OBJECT_ARRAY
    result = libops.scalar_compare(x.ravel(), y, op)
  File "/home/airflow/.local/lib/python3.10/site-packages/airflow/models/taskinstance.py", line 1634, in signal_handler
    raise AirflowException("Task received SIGTERM signal")
airflow.exceptions.AirflowException: Task received SIGTERM signal
[2025-11-17T22:03:57.088+0000] {taskinstance.py:1400} INFO - Marking task as FAILED. dag_id=sodai_drinks_production_pipeline, task_id=process_data, execution_date=20251109T000000, start_date=20251117T213839, end_date=20251117T220357
[2025-11-17T22:03:57.096+0000] {standard_task_runner.py:104} ERROR - Failed to execute job 70 for task process_data ((psycopg2.errors.ForeignKeyViolation) insert or update on table "task_fail" violates foreign key constraint "task_fail_ti_fkey"
DETAIL:  Key (dag_id, task_id, run_id, map_index)=(sodai_drinks_production_pipeline, process_data, scheduled__2025-11-09T00:00:00+00:00, -1) is not present in table "task_instance".

[SQL: INSERT INTO task_fail (task_id, dag_id, run_id, map_index, start_date, end_date, duration) VALUES (%(task_id)s, %(dag_id)s, %(run_id)s, %(map_index)s, %(start_date)s, %(end_date)s, %(duration)s) RETURNING task_fail.id]
[parameters: {'task_id': 'process_data', 'dag_id': 'sodai_drinks_production_pipeline', 'run_id': 'scheduled__2025-11-09T00:00:00+00:00', 'map_index': -1, 'start_date': datetime.datetime(2025, 11, 17, 21, 38, 39, 93356, tzinfo=Timezone('UTC')), 'end_date': datetime.datetime(2025, 11, 17, 22, 3, 57, 88019, tzinfo=Timezone('UTC')), 'duration': 1517}]
(Background on this error at: https://sqlalche.me/e/14/gkpj); 905)
[2025-11-17T22:03:57.167+0000] {process_utils.py:79} INFO - Process psutil.Process(pid=905, status='terminated', exitcode=1, started='21:38:38') (905) terminated with exit code 1
[2025-11-17T22:04:41.375+0000] {taskinstance.py:1159} INFO - Dependencies all met for dep_context=non-requeueable deps ti=<TaskInstance: sodai_drinks_production_pipeline.process_data scheduled__2025-11-09T00:00:00+00:00 [queued]>
[2025-11-17T22:04:41.380+0000] {taskinstance.py:1159} INFO - Dependencies all met for dep_context=requeueable deps ti=<TaskInstance: sodai_drinks_production_pipeline.process_data scheduled__2025-11-09T00:00:00+00:00 [queued]>
[2025-11-17T22:04:41.380+0000] {taskinstance.py:1361} INFO - Starting attempt 1 of 2
[2025-11-17T22:04:41.386+0000] {taskinstance.py:1382} INFO - Executing <Task(PythonOperator): process_data> on 2025-11-09 00:00:00+00:00
[2025-11-17T22:04:41.397+0000] {standard_task_runner.py:57} INFO - Started process 4006 to run task
[2025-11-17T22:04:41.400+0000] {standard_task_runner.py:84} INFO - Running: ['***', 'tasks', 'run', 'sodai_drinks_production_pipeline', 'process_data', 'scheduled__2025-11-09T00:00:00+00:00', '--job-id', '72', '--raw', '--subdir', 'DAGS_FOLDER/pipeline_productivo.py', '--cfg-path', '/tmp/tmpni_j2gub']
[2025-11-17T22:04:41.402+0000] {standard_task_runner.py:85} INFO - Job 72: Subtask process_data
[2025-11-17T22:04:41.436+0000] {task_command.py:416} INFO - Running <TaskInstance: sodai_drinks_production_pipeline.process_data scheduled__2025-11-09T00:00:00+00:00 [running]> on host 38f17a86e62e
[2025-11-17T22:04:41.483+0000] {taskinstance.py:1662} INFO - Exporting env vars: AIRFLOW_CTX_DAG_EMAIL='team@sodaidrinks.com' AIRFLOW_CTX_DAG_OWNER='sodai_drinks_team' AIRFLOW_CTX_DAG_ID='sodai_drinks_production_pipeline' AIRFLOW_CTX_TASK_ID='process_data' AIRFLOW_CTX_EXECUTION_DATE='2025-11-09T00:00:00+00:00' AIRFLOW_CTX_TRY_NUMBER='1' AIRFLOW_CTX_DAG_RUN_ID='scheduled__2025-11-09T00:00:00+00:00'
[2025-11-17T22:04:41.484+0000] {data_processing.py:152} INFO - Iniciando procesamiento de datos...
[2025-11-17T22:04:41.545+0000] {data_processing.py:164} INFO - Datos cargados - Transacciones: 254936, Clientes: 1569, Productos: 971
[2025-11-17T22:04:41.745+0000] {data_processing.py:171} INFO - Predicción para semana: 2025-01
[2025-11-17T22:04:41.745+0000] {data_processing.py:72} INFO - Creando variable target...
[2025-11-17T22:04:42.846+0000] {data_processing.py:89} INFO - ✅ Ejemplos positivos (compraron): 206,460
[2025-11-17T22:04:42.916+0000] {data_processing.py:104} INFO - 🎲 Generando 2,064,600 ejemplos negativos (ratio 10.0:1)...
[2025-11-17T22:05:21.475+0000] {data_processing.py:132} INFO - ⚖️ Aplicando undersampling: 2,064,600 → 206,460 negativos
[2025-11-17T22:05:21.577+0000] {data_processing.py:138} INFO - 📊 Dataset balanceado:
[2025-11-17T22:05:21.577+0000] {data_processing.py:139} INFO -    - Positivos: 206,460
[2025-11-17T22:05:21.577+0000] {data_processing.py:140} INFO -    - Negativos: 206,460
[2025-11-17T22:05:21.577+0000] {data_processing.py:141} INFO -    - Total: 412,920
[2025-11-17T22:05:22.122+0000] {data_processing.py:180} INFO - Dataset merged: (412920, 17)
[2025-11-17T22:05:22.176+0000] {data_processing.py:191} INFO - Features: ['customer_type', 'Y', 'X', 'num_deliver_per_week', 'brand', 'category', 'sub_category', 'segment', 'package', 'size']
[2025-11-17T22:05:22.177+0000] {data_processing.py:192} INFO - Distribución de clases - 0: 206460, 1: 206460
[2025-11-17T22:05:23.066+0000] {data_processing.py:200} INFO - Columna 'brand' convertida a 'brand_num' (numérica)
[2025-11-17T22:05:23.128+0000] {data_processing.py:246} INFO - Ajustando preprocessor...
[2025-11-17T22:05:23.506+0000] {data_processing.py:278} INFO - Datos transformados: (412920, 18)
[2025-11-17T22:05:23.507+0000] {data_processing.py:279} INFO - Verificación de clases - 0: 206460, 1: 206460
[2025-11-17T22:05:23.643+0000] {data_processing.py:306} INFO - Preprocessing completado exitosamente
[2025-11-17T22:05:23.663+0000] {python.py:194} INFO - Done. Returned value was: {'status': 'success', 'processed_records': 412920, 'num_features': 15, 'positive_class': 206460, 'negative_class': 206460, 'prediction_week': '2025-01-07T00:00:00'}
[2025-11-17T22:05:23.685+0000] {taskinstance.py:1400} INFO - Marking task as SUCCESS. dag_id=sodai_drinks_production_pipeline, task_id=process_data, execution_date=20251109T000000, start_date=20251117T220441, end_date=20251117T220523
[2025-11-17T22:05:23.796+0000] {local_task_job_runner.py:228} INFO - Task exited with return code 0
[2025-11-17T22:05:23.815+0000] {taskinstance.py:2778} INFO - 1 downstream tasks scheduled from follow-on schedule check
[2025-11-17T22:12:55.345+0000] {taskinstance.py:1159} INFO - Dependencies all met for dep_context=non-requeueable deps ti=<TaskInstance: sodai_drinks_production_pipeline.process_data scheduled__2025-11-09T00:00:00+00:00 [queued]>
[2025-11-17T22:12:55.357+0000] {taskinstance.py:1159} INFO - Dependencies all met for dep_context=requeueable deps ti=<TaskInstance: sodai_drinks_production_pipeline.process_data scheduled__2025-11-09T00:00:00+00:00 [queued]>
[2025-11-17T22:12:55.357+0000] {taskinstance.py:1361} INFO - Starting attempt 1 of 2
[2025-11-17T22:12:55.364+0000] {taskinstance.py:1382} INFO - Executing <Task(PythonOperator): process_data> on 2025-11-09 00:00:00+00:00
[2025-11-17T22:12:55.374+0000] {standard_task_runner.py:57} INFO - Started process 273 to run task
[2025-11-17T22:12:55.378+0000] {standard_task_runner.py:84} INFO - Running: ['***', 'tasks', 'run', 'sodai_drinks_production_pipeline', 'process_data', 'scheduled__2025-11-09T00:00:00+00:00', '--job-id', '78', '--raw', '--subdir', 'DAGS_FOLDER/pipeline_productivo.py', '--cfg-path', '/tmp/tmpbr9_0by2']
[2025-11-17T22:12:55.380+0000] {standard_task_runner.py:85} INFO - Job 78: Subtask process_data
[2025-11-17T22:12:55.418+0000] {task_command.py:416} INFO - Running <TaskInstance: sodai_drinks_production_pipeline.process_data scheduled__2025-11-09T00:00:00+00:00 [running]> on host 4a9d41c94249
[2025-11-17T22:12:55.471+0000] {taskinstance.py:1662} INFO - Exporting env vars: AIRFLOW_CTX_DAG_EMAIL='team@sodaidrinks.com' AIRFLOW_CTX_DAG_OWNER='sodai_drinks_team' AIRFLOW_CTX_DAG_ID='sodai_drinks_production_pipeline' AIRFLOW_CTX_TASK_ID='process_data' AIRFLOW_CTX_EXECUTION_DATE='2025-11-09T00:00:00+00:00' AIRFLOW_CTX_TRY_NUMBER='1' AIRFLOW_CTX_DAG_RUN_ID='scheduled__2025-11-09T00:00:00+00:00'
[2025-11-17T22:12:55.474+0000] {data_processing.py:169} INFO - Iniciando procesamiento de datos...
[2025-11-17T22:12:55.725+0000] {data_processing.py:181} INFO - Datos cargados - Transacciones: 4565, Clientes: 1569, Productos: 971
[2025-11-17T22:12:55.730+0000] {data_processing.py:188} INFO - Predicción para semana: 2024-02
[2025-11-17T22:12:55.730+0000] {data_processing.py:73} INFO - Creando variable target...
[2025-11-17T22:12:55.750+0000] {data_processing.py:90} INFO - ✅ Ejemplos positivos (compraron): 3,719
[2025-11-17T22:12:55.751+0000] {data_processing.py:105} INFO - 🎲 Generando 37,190 ejemplos negativos (ratio 10.0:1)...
[2025-11-17T22:13:00.772+0000] {data_processing.py:133} INFO - ⚖️ Aplicando undersampling con RandomUnderSampler...
[2025-11-17T22:13:00.772+0000] {data_processing.py:134} INFO -    Antes: 32,033 negativos
[2025-11-17T22:13:00.780+0000] {data_processing.py:151} INFO -    Después: 3,719 negativos
[2025-11-17T22:13:00.780+0000] {data_processing.py:155} INFO - 📊 Dataset balanceado:
[2025-11-17T22:13:00.781+0000] {data_processing.py:156} INFO -    - Positivos: 3,719
[2025-11-17T22:13:00.781+0000] {data_processing.py:157} INFO -    - Negativos: 3,719
[2025-11-17T22:13:00.781+0000] {data_processing.py:158} INFO -    - Total: 7,438
[2025-11-17T22:13:00.792+0000] {data_processing.py:197} INFO - Dataset merged: (7438, 17)
[2025-11-17T22:13:00.794+0000] {data_processing.py:208} INFO - Features: ['customer_type', 'Y', 'X', 'num_deliver_per_week', 'brand', 'category', 'sub_category', 'segment', 'package', 'size']
[2025-11-17T22:13:00.794+0000] {data_processing.py:209} INFO - Distribución de clases - 0: 3719, 1: 3719
[2025-11-17T22:13:00.800+0000] {data_processing.py:217} INFO - Columna 'brand' convertida a 'brand_num' (numérica)
[2025-11-17T22:13:00.805+0000] {data_processing.py:263} INFO - Ajustando preprocessor...
[2025-11-17T22:13:00.821+0000] {data_processing.py:295} INFO - Datos transformados: (7438, 18)
[2025-11-17T22:13:00.821+0000] {data_processing.py:296} INFO - Verificación de clases - 0: 3719, 1: 3719
[2025-11-17T22:13:00.864+0000] {data_processing.py:323} INFO - Preprocessing completado exitosamente
[2025-11-17T22:13:00.866+0000] {python.py:194} INFO - Done. Returned value was: {'status': 'success', 'processed_records': 7438, 'num_features': 15, 'positive_class': 3719, 'negative_class': 3719, 'prediction_week': '2024-01-14T00:00:00'}
[2025-11-17T22:13:00.880+0000] {taskinstance.py:1400} INFO - Marking task as SUCCESS. dag_id=sodai_drinks_production_pipeline, task_id=process_data, execution_date=20251109T000000, start_date=20251117T221255, end_date=20251117T221300
[2025-11-17T22:13:00.925+0000] {local_task_job_runner.py:228} INFO - Task exited with return code 0
[2025-11-17T22:13:00.946+0000] {taskinstance.py:2778} INFO - 1 downstream tasks scheduled from follow-on schedule check
[2025-11-17T22:54:03.280+0000] {taskinstance.py:1159} INFO - Dependencies all met for dep_context=non-requeueable deps ti=<TaskInstance: sodai_drinks_production_pipeline.process_data scheduled__2025-11-09T00:00:00+00:00 [queued]>
[2025-11-17T22:54:03.285+0000] {taskinstance.py:1159} INFO - Dependencies all met for dep_context=requeueable deps ti=<TaskInstance: sodai_drinks_production_pipeline.process_data scheduled__2025-11-09T00:00:00+00:00 [queued]>
[2025-11-17T22:54:03.285+0000] {taskinstance.py:1361} INFO - Starting attempt 1 of 2
[2025-11-17T22:54:03.293+0000] {taskinstance.py:1382} INFO - Executing <Task(PythonOperator): process_data> on 2025-11-09 00:00:00+00:00
[2025-11-17T22:54:03.306+0000] {standard_task_runner.py:57} INFO - Started process 2424 to run task
[2025-11-17T22:54:03.310+0000] {standard_task_runner.py:84} INFO - Running: ['***', 'tasks', 'run', 'sodai_drinks_production_pipeline', 'process_data', 'scheduled__2025-11-09T00:00:00+00:00', '--job-id', '99', '--raw', '--subdir', 'DAGS_FOLDER/pipeline_productivo.py', '--cfg-path', '/tmp/tmp40ev_r61']
[2025-11-17T22:54:03.314+0000] {standard_task_runner.py:85} INFO - Job 99: Subtask process_data
[2025-11-17T22:54:03.351+0000] {task_command.py:416} INFO - Running <TaskInstance: sodai_drinks_production_pipeline.process_data scheduled__2025-11-09T00:00:00+00:00 [running]> on host 54d078b6a186
[2025-11-17T22:54:03.402+0000] {taskinstance.py:1662} INFO - Exporting env vars: AIRFLOW_CTX_DAG_EMAIL='team@sodaidrinks.com' AIRFLOW_CTX_DAG_OWNER='sodai_drinks_team' AIRFLOW_CTX_DAG_ID='sodai_drinks_production_pipeline' AIRFLOW_CTX_TASK_ID='process_data' AIRFLOW_CTX_EXECUTION_DATE='2025-11-09T00:00:00+00:00' AIRFLOW_CTX_TRY_NUMBER='1' AIRFLOW_CTX_DAG_RUN_ID='scheduled__2025-11-09T00:00:00+00:00'
[2025-11-17T22:54:03.404+0000] {data_processing.py:169} INFO - Iniciando procesamiento de datos...
[2025-11-17T22:54:03.651+0000] {data_processing.py:181} INFO - Datos cargados - Transacciones: 4565, Clientes: 1569, Productos: 971
[2025-11-17T22:54:03.656+0000] {data_processing.py:188} INFO - Predicción para semana: 2024-02
[2025-11-17T22:54:03.656+0000] {data_processing.py:73} INFO - Creando variable target...
[2025-11-17T22:54:03.675+0000] {data_processing.py:90} INFO - ✅ Ejemplos positivos (compraron): 3,719
[2025-11-17T22:54:03.676+0000] {data_processing.py:105} INFO - 🎲 Generando 37,190 ejemplos negativos (ratio 10.0:1)...
[2025-11-17T22:54:08.979+0000] {data_processing.py:133} INFO - ⚖️ Aplicando undersampling con RandomUnderSampler...
[2025-11-17T22:54:08.979+0000] {data_processing.py:134} INFO -    Antes: 32,033 negativos
[2025-11-17T22:54:08.988+0000] {data_processing.py:151} INFO -    Después: 3,719 negativos
[2025-11-17T22:54:08.988+0000] {data_processing.py:155} INFO - 📊 Dataset balanceado:
[2025-11-17T22:54:08.988+0000] {data_processing.py:156} INFO -    - Positivos: 3,719
[2025-11-17T22:54:08.988+0000] {data_processing.py:157} INFO -    - Negativos: 3,719
[2025-11-17T22:54:08.988+0000] {data_processing.py:158} INFO -    - Total: 7,438
[2025-11-17T22:54:09.000+0000] {data_processing.py:197} INFO - Dataset merged: (7438, 17)
[2025-11-17T22:54:09.001+0000] {data_processing.py:208} INFO - Features: ['customer_type', 'Y', 'X', 'num_deliver_per_week', 'brand', 'category', 'sub_category', 'segment', 'package', 'size']
[2025-11-17T22:54:09.002+0000] {data_processing.py:209} INFO - Distribución de clases - 0: 3719, 1: 3719
[2025-11-17T22:54:09.007+0000] {data_processing.py:217} INFO - Columna 'brand' convertida a 'brand_num' (numérica)
[2025-11-17T22:54:09.011+0000] {data_processing.py:263} INFO - Ajustando preprocessor...
[2025-11-17T22:54:09.025+0000] {data_processing.py:295} INFO - Datos transformados: (7438, 18)
[2025-11-17T22:54:09.025+0000] {data_processing.py:296} INFO - Verificación de clases - 0: 3719, 1: 3719
[2025-11-17T22:54:09.059+0000] {data_processing.py:323} INFO - Preprocessing completado exitosamente
[2025-11-17T22:54:09.061+0000] {python.py:194} INFO - Done. Returned value was: {'status': 'success', 'processed_records': 7438, 'num_features': 15, 'positive_class': 3719, 'negative_class': 3719, 'prediction_week': '2024-01-14T00:00:00'}
[2025-11-17T22:54:09.073+0000] {taskinstance.py:1400} INFO - Marking task as SUCCESS. dag_id=sodai_drinks_production_pipeline, task_id=process_data, execution_date=20251109T000000, start_date=20251117T225403, end_date=20251117T225409
[2025-11-17T22:54:09.135+0000] {local_task_job_runner.py:228} INFO - Task exited with return code 0
[2025-11-17T22:54:09.153+0000] {taskinstance.py:2778} INFO - 1 downstream tasks scheduled from follow-on schedule check
[2025-11-17T23:03:19.805+0000] {taskinstance.py:1159} INFO - Dependencies all met for dep_context=non-requeueable deps ti=<TaskInstance: sodai_drinks_production_pipeline.process_data scheduled__2025-11-09T00:00:00+00:00 [queued]>
[2025-11-17T23:03:19.811+0000] {taskinstance.py:1159} INFO - Dependencies all met for dep_context=requeueable deps ti=<TaskInstance: sodai_drinks_production_pipeline.process_data scheduled__2025-11-09T00:00:00+00:00 [queued]>
[2025-11-17T23:03:19.811+0000] {taskinstance.py:1361} INFO - Starting attempt 1 of 2
[2025-11-17T23:03:19.818+0000] {taskinstance.py:1382} INFO - Executing <Task(PythonOperator): process_data> on 2025-11-09 00:00:00+00:00
[2025-11-17T23:03:19.833+0000] {standard_task_runner.py:57} INFO - Started process 3730 to run task
[2025-11-17T23:03:19.836+0000] {standard_task_runner.py:84} INFO - Running: ['***', 'tasks', 'run', 'sodai_drinks_production_pipeline', 'process_data', 'scheduled__2025-11-09T00:00:00+00:00', '--job-id', '104', '--raw', '--subdir', 'DAGS_FOLDER/pipeline_productivo.py', '--cfg-path', '/tmp/tmpmcv7fsda']
[2025-11-17T23:03:19.839+0000] {standard_task_runner.py:85} INFO - Job 104: Subtask process_data
[2025-11-17T23:03:19.881+0000] {task_command.py:416} INFO - Running <TaskInstance: sodai_drinks_production_pipeline.process_data scheduled__2025-11-09T00:00:00+00:00 [running]> on host 54d078b6a186
[2025-11-17T23:03:19.936+0000] {taskinstance.py:1662} INFO - Exporting env vars: AIRFLOW_CTX_DAG_EMAIL='team@sodaidrinks.com' AIRFLOW_CTX_DAG_OWNER='sodai_drinks_team' AIRFLOW_CTX_DAG_ID='sodai_drinks_production_pipeline' AIRFLOW_CTX_TASK_ID='process_data' AIRFLOW_CTX_EXECUTION_DATE='2025-11-09T00:00:00+00:00' AIRFLOW_CTX_TRY_NUMBER='1' AIRFLOW_CTX_DAG_RUN_ID='scheduled__2025-11-09T00:00:00+00:00'
[2025-11-17T23:03:19.939+0000] {data_processing.py:169} INFO - Iniciando procesamiento de datos...
[2025-11-17T23:03:20.226+0000] {data_processing.py:181} INFO - Datos cargados - Transacciones: 4565, Clientes: 1569, Productos: 971
[2025-11-17T23:03:20.230+0000] {data_processing.py:188} INFO - Predicción para semana: 2024-02
[2025-11-17T23:03:20.230+0000] {data_processing.py:73} INFO - Creando variable target...
[2025-11-17T23:03:20.249+0000] {data_processing.py:90} INFO - ✅ Ejemplos positivos (compraron): 3,719
[2025-11-17T23:03:20.250+0000] {data_processing.py:105} INFO - 🎲 Generando 37,190 ejemplos negativos (ratio 10.0:1)...
[2025-11-17T23:03:24.908+0000] {data_processing.py:133} INFO - ⚖️ Aplicando undersampling con RandomUnderSampler...
[2025-11-17T23:03:24.908+0000] {data_processing.py:134} INFO -    Antes: 32,033 negativos
[2025-11-17T23:03:24.919+0000] {data_processing.py:151} INFO -    Después: 3,719 negativos
[2025-11-17T23:03:24.919+0000] {data_processing.py:155} INFO - 📊 Dataset balanceado:
[2025-11-17T23:03:24.920+0000] {data_processing.py:156} INFO -    - Positivos: 3,719
[2025-11-17T23:03:24.920+0000] {data_processing.py:157} INFO -    - Negativos: 3,719
[2025-11-17T23:03:24.920+0000] {data_processing.py:158} INFO -    - Total: 7,438
[2025-11-17T23:03:24.934+0000] {data_processing.py:197} INFO - Dataset merged: (7438, 17)
[2025-11-17T23:03:24.936+0000] {data_processing.py:208} INFO - Features: ['customer_type', 'Y', 'X', 'num_deliver_per_week', 'brand', 'category', 'sub_category', 'segment', 'package', 'size']
[2025-11-17T23:03:24.937+0000] {data_processing.py:209} INFO - Distribución de clases - 0: 3719, 1: 3719
[2025-11-17T23:03:24.945+0000] {data_processing.py:217} INFO - Columna 'brand' convertida a 'brand_num' (numérica)
[2025-11-17T23:03:24.950+0000] {data_processing.py:263} INFO - Ajustando preprocessor...
[2025-11-17T23:03:24.965+0000] {data_processing.py:295} INFO - Datos transformados: (7438, 18)
[2025-11-17T23:03:24.966+0000] {data_processing.py:296} INFO - Verificación de clases - 0: 3719, 1: 3719
[2025-11-17T23:03:25.016+0000] {data_processing.py:323} INFO - Preprocessing completado exitosamente
[2025-11-17T23:03:25.018+0000] {python.py:194} INFO - Done. Returned value was: {'status': 'success', 'processed_records': 7438, 'num_features': 15, 'positive_class': 3719, 'negative_class': 3719, 'prediction_week': '2024-01-14T00:00:00'}
[2025-11-17T23:03:25.035+0000] {taskinstance.py:1400} INFO - Marking task as SUCCESS. dag_id=sodai_drinks_production_pipeline, task_id=process_data, execution_date=20251109T000000, start_date=20251117T230319, end_date=20251117T230325
[2025-11-17T23:03:25.090+0000] {local_task_job_runner.py:228} INFO - Task exited with return code 0
[2025-11-17T23:03:25.112+0000] {taskinstance.py:2778} INFO - 1 downstream tasks scheduled from follow-on schedule check
[2025-11-17T23:45:16.459+0000] {taskinstance.py:1159} INFO - Dependencies all met for dep_context=non-requeueable deps ti=<TaskInstance: sodai_drinks_production_pipeline.process_data scheduled__2025-11-09T00:00:00+00:00 [queued]>
[2025-11-17T23:45:16.464+0000] {taskinstance.py:1159} INFO - Dependencies all met for dep_context=requeueable deps ti=<TaskInstance: sodai_drinks_production_pipeline.process_data scheduled__2025-11-09T00:00:00+00:00 [queued]>
[2025-11-17T23:45:16.464+0000] {taskinstance.py:1361} INFO - Starting attempt 1 of 2
[2025-11-17T23:45:16.471+0000] {taskinstance.py:1382} INFO - Executing <Task(PythonOperator): process_data> on 2025-11-09 00:00:00+00:00
[2025-11-17T23:45:16.481+0000] {standard_task_runner.py:57} INFO - Started process 6803 to run task
[2025-11-17T23:45:16.485+0000] {standard_task_runner.py:84} INFO - Running: ['***', 'tasks', 'run', 'sodai_drinks_production_pipeline', 'process_data', 'scheduled__2025-11-09T00:00:00+00:00', '--job-id', '109', '--raw', '--subdir', 'DAGS_FOLDER/pipeline_productivo.py', '--cfg-path', '/tmp/tmpp5yc0v2t']
[2025-11-17T23:45:16.487+0000] {standard_task_runner.py:85} INFO - Job 109: Subtask process_data
[2025-11-17T23:45:16.522+0000] {task_command.py:416} INFO - Running <TaskInstance: sodai_drinks_production_pipeline.process_data scheduled__2025-11-09T00:00:00+00:00 [running]> on host 54d078b6a186
[2025-11-17T23:45:16.585+0000] {taskinstance.py:1662} INFO - Exporting env vars: AIRFLOW_CTX_DAG_EMAIL='team@sodaidrinks.com' AIRFLOW_CTX_DAG_OWNER='sodai_drinks_team' AIRFLOW_CTX_DAG_ID='sodai_drinks_production_pipeline' AIRFLOW_CTX_TASK_ID='process_data' AIRFLOW_CTX_EXECUTION_DATE='2025-11-09T00:00:00+00:00' AIRFLOW_CTX_TRY_NUMBER='1' AIRFLOW_CTX_DAG_RUN_ID='scheduled__2025-11-09T00:00:00+00:00'
[2025-11-17T23:45:16.588+0000] {data_processing.py:169} INFO - Iniciando procesamiento de datos...
[2025-11-17T23:45:16.899+0000] {data_processing.py:181} INFO - Datos cargados - Transacciones: 4565, Clientes: 1569, Productos: 971
[2025-11-17T23:45:16.903+0000] {data_processing.py:188} INFO - Predicción para semana: 2024-02
[2025-11-17T23:45:16.904+0000] {data_processing.py:73} INFO - Creando variable target...
[2025-11-17T23:45:16.922+0000] {data_processing.py:90} INFO - ✅ Ejemplos positivos (compraron): 3,719
[2025-11-17T23:45:16.923+0000] {data_processing.py:105} INFO - 🎲 Generando 37,190 ejemplos negativos (ratio 10.0:1)...
[2025-11-17T23:45:22.066+0000] {data_processing.py:133} INFO - ⚖️ Aplicando undersampling con RandomUnderSampler...
[2025-11-17T23:45:22.066+0000] {data_processing.py:134} INFO -    Antes: 32,033 negativos
[2025-11-17T23:45:22.075+0000] {data_processing.py:151} INFO -    Después: 3,719 negativos
[2025-11-17T23:45:22.075+0000] {data_processing.py:155} INFO - 📊 Dataset balanceado:
[2025-11-17T23:45:22.075+0000] {data_processing.py:156} INFO -    - Positivos: 3,719
[2025-11-17T23:45:22.075+0000] {data_processing.py:157} INFO -    - Negativos: 3,719
[2025-11-17T23:45:22.075+0000] {data_processing.py:158} INFO -    - Total: 7,438
[2025-11-17T23:45:22.090+0000] {data_processing.py:197} INFO - Dataset merged: (7438, 17)
[2025-11-17T23:45:22.092+0000] {data_processing.py:208} INFO - Features: ['customer_type', 'Y', 'X', 'num_deliver_per_week', 'brand', 'category', 'sub_category', 'segment', 'package', 'size']
[2025-11-17T23:45:22.092+0000] {data_processing.py:209} INFO - Distribución de clases - 0: 3719, 1: 3719
[2025-11-17T23:45:22.098+0000] {data_processing.py:217} INFO - Columna 'brand' convertida a 'brand_num' (numérica)
[2025-11-17T23:45:22.103+0000] {data_processing.py:263} INFO - Ajustando preprocessor...
[2025-11-17T23:45:22.120+0000] {data_processing.py:295} INFO - Datos transformados: (7438, 18)
[2025-11-17T23:45:22.120+0000] {data_processing.py:296} INFO - Verificación de clases - 0: 3719, 1: 3719
[2025-11-17T23:45:22.157+0000] {data_processing.py:323} INFO - Preprocessing completado exitosamente
[2025-11-17T23:45:22.158+0000] {python.py:194} INFO - Done. Returned value was: {'status': 'success', 'processed_records': 7438, 'num_features': 15, 'positive_class': 3719, 'negative_class': 3719, 'prediction_week': '2024-01-14T00:00:00'}
[2025-11-17T23:45:22.172+0000] {taskinstance.py:1400} INFO - Marking task as SUCCESS. dag_id=sodai_drinks_production_pipeline, task_id=process_data, execution_date=20251109T000000, start_date=20251117T234516, end_date=20251117T234522
[2025-11-17T23:45:22.220+0000] {local_task_job_runner.py:228} INFO - Task exited with return code 0
[2025-11-17T23:45:22.236+0000] {taskinstance.py:2778} INFO - 1 downstream tasks scheduled from follow-on schedule check
[2025-11-17T23:51:19.859+0000] {taskinstance.py:1159} INFO - Dependencies all met for dep_context=non-requeueable deps ti=<TaskInstance: sodai_drinks_production_pipeline.process_data scheduled__2025-11-09T00:00:00+00:00 [queued]>
[2025-11-17T23:51:19.863+0000] {taskinstance.py:1159} INFO - Dependencies all met for dep_context=requeueable deps ti=<TaskInstance: sodai_drinks_production_pipeline.process_data scheduled__2025-11-09T00:00:00+00:00 [queued]>
[2025-11-17T23:51:19.863+0000] {taskinstance.py:1361} INFO - Starting attempt 1 of 2
[2025-11-17T23:51:19.871+0000] {taskinstance.py:1382} INFO - Executing <Task(PythonOperator): process_data> on 2025-11-09 00:00:00+00:00
[2025-11-17T23:51:19.881+0000] {standard_task_runner.py:57} INFO - Started process 585 to run task
[2025-11-17T23:51:19.884+0000] {standard_task_runner.py:84} INFO - Running: ['***', 'tasks', 'run', 'sodai_drinks_production_pipeline', 'process_data', 'scheduled__2025-11-09T00:00:00+00:00', '--job-id', '115', '--raw', '--subdir', 'DAGS_FOLDER/pipeline_productivo.py', '--cfg-path', '/tmp/tmpkgbm3x8t']
[2025-11-17T23:51:19.887+0000] {standard_task_runner.py:85} INFO - Job 115: Subtask process_data
[2025-11-17T23:51:19.923+0000] {task_command.py:416} INFO - Running <TaskInstance: sodai_drinks_production_pipeline.process_data scheduled__2025-11-09T00:00:00+00:00 [running]> on host c28908a06edf
[2025-11-17T23:51:19.974+0000] {taskinstance.py:1662} INFO - Exporting env vars: AIRFLOW_CTX_DAG_EMAIL='team@sodaidrinks.com' AIRFLOW_CTX_DAG_OWNER='sodai_drinks_team' AIRFLOW_CTX_DAG_ID='sodai_drinks_production_pipeline' AIRFLOW_CTX_TASK_ID='process_data' AIRFLOW_CTX_EXECUTION_DATE='2025-11-09T00:00:00+00:00' AIRFLOW_CTX_TRY_NUMBER='1' AIRFLOW_CTX_DAG_RUN_ID='scheduled__2025-11-09T00:00:00+00:00'
[2025-11-17T23:51:19.976+0000] {data_processing.py:169} INFO - Iniciando procesamiento de datos...
[2025-11-17T23:51:20.235+0000] {data_processing.py:181} INFO - Datos cargados - Transacciones: 4565, Clientes: 1569, Productos: 971
[2025-11-17T23:51:20.239+0000] {data_processing.py:188} INFO - Predicción para semana: 2024-02
[2025-11-17T23:51:20.239+0000] {data_processing.py:73} INFO - Creando variable target...
[2025-11-17T23:51:20.258+0000] {data_processing.py:90} INFO - ✅ Ejemplos positivos (compraron): 3,719
[2025-11-17T23:51:20.259+0000] {data_processing.py:105} INFO - 🎲 Generando 37,190 ejemplos negativos (ratio 10.0:1)...
[2025-11-17T23:51:24.006+0000] {data_processing.py:133} INFO - ⚖️ Aplicando undersampling con RandomUnderSampler...
[2025-11-17T23:51:24.006+0000] {data_processing.py:134} INFO -    Antes: 32,033 negativos
[2025-11-17T23:51:24.014+0000] {data_processing.py:151} INFO -    Después: 3,719 negativos
[2025-11-17T23:51:24.014+0000] {data_processing.py:155} INFO - 📊 Dataset balanceado:
[2025-11-17T23:51:24.014+0000] {data_processing.py:156} INFO -    - Positivos: 3,719
[2025-11-17T23:51:24.014+0000] {data_processing.py:157} INFO -    - Negativos: 3,719
[2025-11-17T23:51:24.014+0000] {data_processing.py:158} INFO -    - Total: 7,438
[2025-11-17T23:51:24.025+0000] {data_processing.py:197} INFO - Dataset merged: (7438, 17)
[2025-11-17T23:51:24.027+0000] {data_processing.py:208} INFO - Features: ['customer_type', 'Y', 'X', 'num_deliver_per_week', 'brand', 'category', 'sub_category', 'segment', 'package', 'size']
[2025-11-17T23:51:24.027+0000] {data_processing.py:209} INFO - Distribución de clases - 0: 3719, 1: 3719
[2025-11-17T23:51:24.032+0000] {data_processing.py:217} INFO - Columna 'brand' convertida a 'brand_num' (numérica)
[2025-11-17T23:51:24.036+0000] {data_processing.py:263} INFO - Ajustando preprocessor...
[2025-11-17T23:51:24.050+0000] {data_processing.py:295} INFO - Datos transformados: (7438, 18)
[2025-11-17T23:51:24.050+0000] {data_processing.py:296} INFO - Verificación de clases - 0: 3719, 1: 3719
[2025-11-17T23:51:24.087+0000] {data_processing.py:323} INFO - Preprocessing completado exitosamente
[2025-11-17T23:51:24.088+0000] {python.py:194} INFO - Done. Returned value was: {'status': 'success', 'processed_records': 7438, 'num_features': 15, 'positive_class': 3719, 'negative_class': 3719, 'prediction_week': '2024-01-14T00:00:00'}
[2025-11-17T23:51:24.102+0000] {taskinstance.py:1400} INFO - Marking task as SUCCESS. dag_id=sodai_drinks_production_pipeline, task_id=process_data, execution_date=20251109T000000, start_date=20251117T235119, end_date=20251117T235124
[2025-11-17T23:51:24.823+0000] {local_task_job_runner.py:228} INFO - Task exited with return code 0
[2025-11-17T23:51:24.838+0000] {taskinstance.py:2778} INFO - 0 downstream tasks scheduled from follow-on schedule check
