[2025-10-28T00:40:40.019+0000] {taskinstance.py:1159} INFO - Dependencies all met for dep_context=non-requeueable deps ti=<TaskInstance: hiring_dynamic.load_and_merge scheduled__2024-11-05T15:00:00+00:00 [queued]>
[2025-10-28T00:40:40.022+0000] {taskinstance.py:1159} INFO - Dependencies all met for dep_context=requeueable deps ti=<TaskInstance: hiring_dynamic.load_and_merge scheduled__2024-11-05T15:00:00+00:00 [queued]>
[2025-10-28T00:40:40.022+0000] {taskinstance.py:1361} INFO - Starting attempt 1 of 1
[2025-10-28T00:40:40.029+0000] {taskinstance.py:1382} INFO - Executing <Task(PythonOperator): load_and_merge> on 2024-11-05 15:00:00+00:00
[2025-10-28T00:40:40.044+0000] {standard_task_runner.py:57} INFO - Started process 602 to run task
[2025-10-28T00:40:40.047+0000] {standard_task_runner.py:84} INFO - Running: ['airflow', 'tasks', 'run', 'hiring_dynamic', 'load_and_merge', 'scheduled__2024-11-05T15:00:00+00:00', '--job-id', '25', '--raw', '--subdir', 'DAGS_FOLDER/dag_dynamic.py', '--cfg-path', '/tmp/tmp5q3xt830']
[2025-10-28T00:40:40.048+0000] {standard_task_runner.py:85} INFO - Job 25: Subtask load_and_merge
[2025-10-28T00:40:40.069+0000] {task_command.py:416} INFO - Running <TaskInstance: hiring_dynamic.load_and_merge scheduled__2024-11-05T15:00:00+00:00 [running]> on host d1f69dfe6243
[2025-10-28T00:40:40.099+0000] {taskinstance.py:1662} INFO - Exporting env vars: AIRFLOW_CTX_DAG_OWNER='airflow' AIRFLOW_CTX_DAG_ID='hiring_dynamic' AIRFLOW_CTX_TASK_ID='load_and_merge' AIRFLOW_CTX_EXECUTION_DATE='2024-11-05T15:00:00+00:00' AIRFLOW_CTX_TRY_NUMBER='1' AIRFLOW_CTX_DAG_RUN_ID='scheduled__2024-11-05T15:00:00+00:00'
[2025-10-28T00:40:40.100+0000] {logging_mixin.py:154} INFO - Leyendo /opt/airflow/data/dynamic/2024-11-05/raw/data_1.csv
[2025-10-28T00:40:40.107+0000] {logging_mixin.py:154} INFO - Leyendo /opt/airflow/data/dynamic/2024-11-05/raw/data_2.csv
[2025-10-28T00:40:40.114+0000] {logging_mixin.py:154} INFO - Datos concatenados guardados en: /opt/airflow/data/dynamic/2024-11-05/preprocessed/merged_data.csv
[2025-10-28T00:40:40.114+0000] {logging_mixin.py:154} INFO - Forma del dataset: (1500, 11)
[2025-10-28T00:40:40.118+0000] {python.py:194} INFO - Done. Returned value was: None
[2025-10-28T00:40:40.120+0000] {taskinstance.py:1400} INFO - Marking task as SUCCESS. dag_id=hiring_dynamic, task_id=load_and_merge, execution_date=20241105T150000, start_date=20251028T004040, end_date=20251028T004040
[2025-10-28T00:40:40.146+0000] {local_task_job_runner.py:228} INFO - Task exited with return code 0
[2025-10-28T00:40:40.157+0000] {taskinstance.py:2778} INFO - 1 downstream tasks scheduled from follow-on schedule check
[2025-10-28T01:27:28.972+0000] {taskinstance.py:1159} INFO - Dependencies all met for dep_context=non-requeueable deps ti=<TaskInstance: hiring_dynamic.load_and_merge scheduled__2024-11-05T15:00:00+00:00 [queued]>
[2025-10-28T01:27:28.975+0000] {taskinstance.py:1159} INFO - Dependencies all met for dep_context=requeueable deps ti=<TaskInstance: hiring_dynamic.load_and_merge scheduled__2024-11-05T15:00:00+00:00 [queued]>
[2025-10-28T01:27:28.975+0000] {taskinstance.py:1361} INFO - Starting attempt 1 of 1
[2025-10-28T01:27:28.981+0000] {taskinstance.py:1382} INFO - Executing <Task(PythonOperator): load_and_merge> on 2024-11-05 15:00:00+00:00
[2025-10-28T01:27:28.984+0000] {standard_task_runner.py:57} INFO - Started process 767 to run task
[2025-10-28T01:27:28.986+0000] {standard_task_runner.py:84} INFO - Running: ['airflow', 'tasks', 'run', 'hiring_dynamic', 'load_and_merge', 'scheduled__2024-11-05T15:00:00+00:00', '--job-id', '21', '--raw', '--subdir', 'DAGS_FOLDER/dag_dynamic.py', '--cfg-path', '/tmp/tmpt2_m6tkf']
[2025-10-28T01:27:28.987+0000] {standard_task_runner.py:85} INFO - Job 21: Subtask load_and_merge
[2025-10-28T01:27:29.003+0000] {task_command.py:416} INFO - Running <TaskInstance: hiring_dynamic.load_and_merge scheduled__2024-11-05T15:00:00+00:00 [running]> on host c46dbfd34b1f
[2025-10-28T01:27:29.028+0000] {taskinstance.py:1662} INFO - Exporting env vars: AIRFLOW_CTX_DAG_OWNER='airflow' AIRFLOW_CTX_DAG_ID='hiring_dynamic' AIRFLOW_CTX_TASK_ID='load_and_merge' AIRFLOW_CTX_EXECUTION_DATE='2024-11-05T15:00:00+00:00' AIRFLOW_CTX_TRY_NUMBER='1' AIRFLOW_CTX_DAG_RUN_ID='scheduled__2024-11-05T15:00:00+00:00'
[2025-10-28T01:27:29.029+0000] {logging_mixin.py:154} INFO - Leyendo /opt/airflow/data/dynamic/2024-11-05/raw/data_1.csv
[2025-10-28T01:27:29.033+0000] {logging_mixin.py:154} INFO - Leyendo /opt/airflow/data/dynamic/2024-11-05/raw/data_2.csv
[2025-10-28T01:27:29.040+0000] {logging_mixin.py:154} INFO - Datos concatenados guardados en: /opt/airflow/data/dynamic/2024-11-05/preprocessed/merged_data.csv
[2025-10-28T01:27:29.040+0000] {logging_mixin.py:154} INFO - Forma del dataset: (1500, 11)
[2025-10-28T01:27:29.045+0000] {python.py:194} INFO - Done. Returned value was: None
[2025-10-28T01:27:29.047+0000] {taskinstance.py:1400} INFO - Marking task as SUCCESS. dag_id=hiring_dynamic, task_id=load_and_merge, execution_date=20241105T150000, start_date=20251028T012728, end_date=20251028T012729
[2025-10-28T01:27:29.091+0000] {local_task_job_runner.py:228} INFO - Task exited with return code 0
[2025-10-28T01:27:29.102+0000] {taskinstance.py:2778} INFO - 1 downstream tasks scheduled from follow-on schedule check
