[2025-10-28T00:42:54.377+0000] {taskinstance.py:1159} INFO - Dependencies all met for dep_context=non-requeueable deps ti=<TaskInstance: hiring_dynamic.train_logistic_regression scheduled__2025-01-05T15:00:00+00:00 [queued]>
[2025-10-28T00:42:54.380+0000] {taskinstance.py:1159} INFO - Dependencies all met for dep_context=requeueable deps ti=<TaskInstance: hiring_dynamic.train_logistic_regression scheduled__2025-01-05T15:00:00+00:00 [queued]>
[2025-10-28T00:42:54.381+0000] {taskinstance.py:1361} INFO - Starting attempt 1 of 1
[2025-10-28T00:42:54.386+0000] {taskinstance.py:1382} INFO - Executing <Task(PythonOperator): train_logistic_regression> on 2025-01-05 15:00:00+00:00
[2025-10-28T00:42:54.392+0000] {standard_task_runner.py:57} INFO - Started process 1580 to run task
[2025-10-28T00:42:54.394+0000] {standard_task_runner.py:84} INFO - Running: ['airflow', 'tasks', 'run', 'hiring_dynamic', 'train_logistic_regression', 'scheduled__2025-01-05T15:00:00+00:00', '--job-id', '70', '--raw', '--subdir', 'DAGS_FOLDER/dag_dynamic.py', '--cfg-path', '/tmp/tmp0etqwkvm']
[2025-10-28T00:42:54.396+0000] {standard_task_runner.py:85} INFO - Job 70: Subtask train_logistic_regression
[2025-10-28T00:42:54.413+0000] {task_command.py:416} INFO - Running <TaskInstance: hiring_dynamic.train_logistic_regression scheduled__2025-01-05T15:00:00+00:00 [running]> on host d1f69dfe6243
[2025-10-28T00:42:54.440+0000] {taskinstance.py:1662} INFO - Exporting env vars: AIRFLOW_CTX_DAG_OWNER='airflow' AIRFLOW_CTX_DAG_ID='hiring_dynamic' AIRFLOW_CTX_TASK_ID='train_logistic_regression' AIRFLOW_CTX_EXECUTION_DATE='2025-01-05T15:00:00+00:00' AIRFLOW_CTX_TRY_NUMBER='1' AIRFLOW_CTX_DAG_RUN_ID='scheduled__2025-01-05T15:00:00+00:00'
[2025-10-28T00:42:54.445+0000] {logging_mixin.py:154} INFO - Entrenando modelo: logistic_regression
[2025-10-28T00:43:05.061+0000] {logging_mixin.py:154} INFO - Modelo logistic_regression guardado en: /opt/airflow/data/dynamic/2025-01-05/models/logistic_regression.joblib
[2025-10-28T00:43:05.100+0000] {python.py:194} INFO - Done. Returned value was: None
[2025-10-28T00:43:05.109+0000] {taskinstance.py:1400} INFO - Marking task as SUCCESS. dag_id=hiring_dynamic, task_id=train_logistic_regression, execution_date=20250105T150000, start_date=20251028T004254, end_date=20251028T004305
[2025-10-28T00:43:05.154+0000] {local_task_job_runner.py:228} INFO - Task exited with return code 0
[2025-10-28T00:43:05.183+0000] {taskinstance.py:2778} INFO - 1 downstream tasks scheduled from follow-on schedule check
[2025-10-28T01:29:36.825+0000] {taskinstance.py:1159} INFO - Dependencies all met for dep_context=non-requeueable deps ti=<TaskInstance: hiring_dynamic.train_logistic_regression scheduled__2025-01-05T15:00:00+00:00 [queued]>
[2025-10-28T01:29:36.829+0000] {taskinstance.py:1159} INFO - Dependencies all met for dep_context=requeueable deps ti=<TaskInstance: hiring_dynamic.train_logistic_regression scheduled__2025-01-05T15:00:00+00:00 [queued]>
[2025-10-28T01:29:36.829+0000] {taskinstance.py:1361} INFO - Starting attempt 1 of 1
[2025-10-28T01:29:36.835+0000] {taskinstance.py:1382} INFO - Executing <Task(PythonOperator): train_logistic_regression> on 2025-01-05 15:00:00+00:00
[2025-10-28T01:29:36.839+0000] {standard_task_runner.py:57} INFO - Started process 1607 to run task
[2025-10-28T01:29:36.841+0000] {standard_task_runner.py:84} INFO - Running: ['airflow', 'tasks', 'run', 'hiring_dynamic', 'train_logistic_regression', 'scheduled__2025-01-05T15:00:00+00:00', '--job-id', '60', '--raw', '--subdir', 'DAGS_FOLDER/dag_dynamic.py', '--cfg-path', '/tmp/tmpz7zc085t']
[2025-10-28T01:29:36.842+0000] {standard_task_runner.py:85} INFO - Job 60: Subtask train_logistic_regression
[2025-10-28T01:29:36.858+0000] {task_command.py:416} INFO - Running <TaskInstance: hiring_dynamic.train_logistic_regression scheduled__2025-01-05T15:00:00+00:00 [running]> on host c46dbfd34b1f
[2025-10-28T01:29:36.974+0000] {taskinstance.py:1662} INFO - Exporting env vars: AIRFLOW_CTX_DAG_OWNER='airflow' AIRFLOW_CTX_DAG_ID='hiring_dynamic' AIRFLOW_CTX_TASK_ID='train_logistic_regression' AIRFLOW_CTX_EXECUTION_DATE='2025-01-05T15:00:00+00:00' AIRFLOW_CTX_TRY_NUMBER='1' AIRFLOW_CTX_DAG_RUN_ID='scheduled__2025-01-05T15:00:00+00:00'
[2025-10-28T01:29:36.983+0000] {logging_mixin.py:154} INFO - Entrenando modelo: logistic_regression
[2025-10-28T01:29:45.621+0000] {logging_mixin.py:154} INFO - Modelo logistic_regression guardado en: /opt/airflow/data/dynamic/2025-01-05/models/logistic_regression.joblib
[2025-10-28T01:29:45.682+0000] {python.py:194} INFO - Done. Returned value was: None
[2025-10-28T01:29:45.692+0000] {taskinstance.py:1400} INFO - Marking task as SUCCESS. dag_id=hiring_dynamic, task_id=train_logistic_regression, execution_date=20250105T150000, start_date=20251028T012936, end_date=20251028T012945
[2025-10-28T01:29:45.772+0000] {local_task_job_runner.py:228} INFO - Task exited with return code 0
[2025-10-28T01:29:45.812+0000] {taskinstance.py:2778} INFO - 1 downstream tasks scheduled from follow-on schedule check
