[2025-10-28T00:39:57.844+0000] {taskinstance.py:1159} INFO - Dependencies all met for dep_context=non-requeueable deps ti=<TaskInstance: hiring_dynamic.download_data_1_only scheduled__2024-10-05T15:00:00+00:00 [queued]>
[2025-10-28T00:39:57.848+0000] {taskinstance.py:1159} INFO - Dependencies all met for dep_context=requeueable deps ti=<TaskInstance: hiring_dynamic.download_data_1_only scheduled__2024-10-05T15:00:00+00:00 [queued]>
[2025-10-28T00:39:57.848+0000] {taskinstance.py:1361} INFO - Starting attempt 1 of 1
[2025-10-28T00:39:57.855+0000] {taskinstance.py:1382} INFO - Executing <Task(BashOperator): download_data_1_only> on 2024-10-05 15:00:00+00:00
[2025-10-28T00:39:57.875+0000] {standard_task_runner.py:57} INFO - Started process 267 to run task
[2025-10-28T00:39:57.878+0000] {standard_task_runner.py:84} INFO - Running: ['airflow', 'tasks', 'run', 'hiring_dynamic', 'download_data_1_only', 'scheduled__2024-10-05T15:00:00+00:00', '--job-id', '9', '--raw', '--subdir', 'DAGS_FOLDER/dag_dynamic.py', '--cfg-path', '/tmp/tmptypc41qh']
[2025-10-28T00:39:57.879+0000] {standard_task_runner.py:85} INFO - Job 9: Subtask download_data_1_only
[2025-10-28T00:39:57.911+0000] {task_command.py:416} INFO - Running <TaskInstance: hiring_dynamic.download_data_1_only scheduled__2024-10-05T15:00:00+00:00 [running]> on host d1f69dfe6243
[2025-10-28T00:39:57.943+0000] {taskinstance.py:1662} INFO - Exporting env vars: AIRFLOW_CTX_DAG_OWNER='airflow' AIRFLOW_CTX_DAG_ID='hiring_dynamic' AIRFLOW_CTX_TASK_ID='download_data_1_only' AIRFLOW_CTX_EXECUTION_DATE='2024-10-05T15:00:00+00:00' AIRFLOW_CTX_TRY_NUMBER='1' AIRFLOW_CTX_DAG_RUN_ID='scheduled__2024-10-05T15:00:00+00:00'
[2025-10-28T00:39:57.944+0000] {subprocess.py:63} INFO - Tmp dir root location: /tmp
[2025-10-28T00:39:57.944+0000] {subprocess.py:75} INFO - Running command: ['/bin/bash', '-c', '\n        RAW_DIR="/opt/airflow/data/dynamic/2024-10-05/raw"\n        mkdir -p "$RAW_DIR"\n        curl -L -f -o "$RAW_DIR/data_1.csv" https://gitlab.com/eduardomoyab/laboratorio-13/-/raw/main/files/data_1.csv\n        echo \'✅ Archivo data_1.csv descargado exitosamente\'\n        ls -lh "$RAW_DIR/data_1.csv"\n    ']
[2025-10-28T00:39:57.965+0000] {subprocess.py:86} INFO - Output:
[2025-10-28T00:39:58.019+0000] {subprocess.py:93} INFO -   % Total    % Received % Xferd  Average Speed   Time    Time     Time  Current
[2025-10-28T00:39:58.019+0000] {subprocess.py:93} INFO -                                  Dload  Upload   Total   Spent    Left  Speed
[2025-10-28T00:39:58.699+0000] {subprocess.py:93} INFO -   0     0    0     0    0     0      0      0 --:--:-- --:--:-- --:--:--     0  0     0    0     0    0     0      0      0 --:--:-- --:--:-- --:--:--     0100 32735  100 32735    0     0  48139      0 --:--:-- --:--:-- --:--:-- 48069
[2025-10-28T00:39:58.704+0000] {subprocess.py:93} INFO - ✅ Archivo data_1.csv descargado exitosamente
[2025-10-28T00:39:58.707+0000] {subprocess.py:93} INFO - -rw-r--r-- 1 airflow root 32K Oct 28 00:39 /opt/airflow/data/dynamic/2024-10-05/raw/data_1.csv
[2025-10-28T00:39:58.708+0000] {subprocess.py:97} INFO - Command exited with return code 0
[2025-10-28T00:39:58.723+0000] {taskinstance.py:1400} INFO - Marking task as SUCCESS. dag_id=hiring_dynamic, task_id=download_data_1_only, execution_date=20241005T150000, start_date=20251028T003957, end_date=20251028T003958
[2025-10-28T00:39:58.738+0000] {local_task_job_runner.py:228} INFO - Task exited with return code 0
[2025-10-28T00:39:58.755+0000] {taskinstance.py:2778} INFO - 0 downstream tasks scheduled from follow-on schedule check
[2025-10-28T01:26:51.174+0000] {taskinstance.py:1159} INFO - Dependencies all met for dep_context=non-requeueable deps ti=<TaskInstance: hiring_dynamic.download_data_1_only scheduled__2024-10-05T15:00:00+00:00 [queued]>
[2025-10-28T01:26:51.178+0000] {taskinstance.py:1159} INFO - Dependencies all met for dep_context=requeueable deps ti=<TaskInstance: hiring_dynamic.download_data_1_only scheduled__2024-10-05T15:00:00+00:00 [queued]>
[2025-10-28T01:26:51.178+0000] {taskinstance.py:1361} INFO - Starting attempt 1 of 1
[2025-10-28T01:26:51.183+0000] {taskinstance.py:1382} INFO - Executing <Task(BashOperator): download_data_1_only> on 2024-10-05 15:00:00+00:00
[2025-10-28T01:26:51.203+0000] {standard_task_runner.py:57} INFO - Started process 485 to run task
[2025-10-28T01:26:51.205+0000] {standard_task_runner.py:84} INFO - Running: ['airflow', 'tasks', 'run', 'hiring_dynamic', 'download_data_1_only', 'scheduled__2024-10-05T15:00:00+00:00', '--job-id', '7', '--raw', '--subdir', 'DAGS_FOLDER/dag_dynamic.py', '--cfg-path', '/tmp/tmpx_ljadik']
[2025-10-28T01:26:51.206+0000] {standard_task_runner.py:85} INFO - Job 7: Subtask download_data_1_only
[2025-10-28T01:26:51.228+0000] {task_command.py:416} INFO - Running <TaskInstance: hiring_dynamic.download_data_1_only scheduled__2024-10-05T15:00:00+00:00 [running]> on host c46dbfd34b1f
[2025-10-28T01:26:51.253+0000] {taskinstance.py:1662} INFO - Exporting env vars: AIRFLOW_CTX_DAG_OWNER='airflow' AIRFLOW_CTX_DAG_ID='hiring_dynamic' AIRFLOW_CTX_TASK_ID='download_data_1_only' AIRFLOW_CTX_EXECUTION_DATE='2024-10-05T15:00:00+00:00' AIRFLOW_CTX_TRY_NUMBER='1' AIRFLOW_CTX_DAG_RUN_ID='scheduled__2024-10-05T15:00:00+00:00'
[2025-10-28T01:26:51.254+0000] {subprocess.py:63} INFO - Tmp dir root location: /tmp
[2025-10-28T01:26:51.255+0000] {subprocess.py:75} INFO - Running command: ['/bin/bash', '-c', '\n        RAW_DIR="/opt/airflow/data/dynamic/2024-10-05/raw"\n        mkdir -p "$RAW_DIR"\n        curl -L -f -o "$RAW_DIR/data_1.csv" https://gitlab.com/eduardomoyab/laboratorio-13/-/raw/main/files/data_1.csv\n        echo \'✅ Archivo data_1.csv descargado exitosamente\'\n        ls -lh "$RAW_DIR/data_1.csv"\n    ']
[2025-10-28T01:26:51.284+0000] {subprocess.py:86} INFO - Output:
[2025-10-28T01:26:51.347+0000] {subprocess.py:93} INFO -   % Total    % Received % Xferd  Average Speed   Time    Time     Time  Current
[2025-10-28T01:26:51.347+0000] {subprocess.py:93} INFO -                                  Dload  Upload   Total   Spent    Left  Speed
[2025-10-28T01:26:52.017+0000] {subprocess.py:93} INFO -   0     0    0     0    0     0      0      0 --:--:-- --:--:-- --:--:--     0  0     0    0     0    0     0      0      0 --:--:-- --:--:-- --:--:--     0100 32735  100 32735    0     0  48931      0 --:--:-- --:--:-- --:--:-- 48931
[2025-10-28T01:26:52.046+0000] {subprocess.py:93} INFO - ✅ Archivo data_1.csv descargado exitosamente
[2025-10-28T01:26:52.067+0000] {subprocess.py:93} INFO - -rw-r--r-- 1 airflow root 32K Oct 28 01:26 /opt/airflow/data/dynamic/2024-10-05/raw/data_1.csv
[2025-10-28T01:26:52.071+0000] {subprocess.py:97} INFO - Command exited with return code 0
[2025-10-28T01:26:52.137+0000] {taskinstance.py:1400} INFO - Marking task as SUCCESS. dag_id=hiring_dynamic, task_id=download_data_1_only, execution_date=20241005T150000, start_date=20251028T012651, end_date=20251028T012652
[2025-10-28T01:26:52.206+0000] {local_task_job_runner.py:228} INFO - Task exited with return code 0
[2025-10-28T01:26:52.241+0000] {taskinstance.py:2778} INFO - 0 downstream tasks scheduled from follow-on schedule check
