[2025-10-28T00:41:04.785+0000] {taskinstance.py:1159} INFO - Dependencies all met for dep_context=non-requeueable deps ti=<TaskInstance: hiring_dynamic.train_gradient_boosting scheduled__2024-10-05T15:00:00+00:00 [queued]>
[2025-10-28T00:41:04.788+0000] {taskinstance.py:1159} INFO - Dependencies all met for dep_context=requeueable deps ti=<TaskInstance: hiring_dynamic.train_gradient_boosting scheduled__2024-10-05T15:00:00+00:00 [queued]>
[2025-10-28T00:41:04.788+0000] {taskinstance.py:1361} INFO - Starting attempt 1 of 1
[2025-10-28T00:41:04.794+0000] {taskinstance.py:1382} INFO - Executing <Task(PythonOperator): train_gradient_boosting> on 2024-10-05 15:00:00+00:00
[2025-10-28T00:41:04.798+0000] {standard_task_runner.py:57} INFO - Started process 819 to run task
[2025-10-28T00:41:04.802+0000] {standard_task_runner.py:84} INFO - Running: ['airflow', 'tasks', 'run', 'hiring_dynamic', 'train_gradient_boosting', 'scheduled__2024-10-05T15:00:00+00:00', '--job-id', '36', '--raw', '--subdir', 'DAGS_FOLDER/dag_dynamic.py', '--cfg-path', '/tmp/tmpom0_itl1']
[2025-10-28T00:41:04.804+0000] {standard_task_runner.py:85} INFO - Job 36: Subtask train_gradient_boosting
[2025-10-28T00:41:04.824+0000] {task_command.py:416} INFO - Running <TaskInstance: hiring_dynamic.train_gradient_boosting scheduled__2024-10-05T15:00:00+00:00 [running]> on host d1f69dfe6243
[2025-10-28T00:41:04.851+0000] {taskinstance.py:1662} INFO - Exporting env vars: AIRFLOW_CTX_DAG_OWNER='airflow' AIRFLOW_CTX_DAG_ID='hiring_dynamic' AIRFLOW_CTX_TASK_ID='train_gradient_boosting' AIRFLOW_CTX_EXECUTION_DATE='2024-10-05T15:00:00+00:00' AIRFLOW_CTX_TRY_NUMBER='1' AIRFLOW_CTX_DAG_RUN_ID='scheduled__2024-10-05T15:00:00+00:00'
[2025-10-28T00:41:04.862+0000] {logging_mixin.py:154} INFO - Entrenando modelo: gradient_boosting
[2025-10-28T00:41:05.031+0000] {logging_mixin.py:154} INFO - Modelo gradient_boosting guardado en: /opt/airflow/data/dynamic/2024-10-05/models/gradient_boosting.joblib
[2025-10-28T00:41:05.036+0000] {python.py:194} INFO - Done. Returned value was: None
[2025-10-28T00:41:05.038+0000] {taskinstance.py:1400} INFO - Marking task as SUCCESS. dag_id=hiring_dynamic, task_id=train_gradient_boosting, execution_date=20241005T150000, start_date=20251028T004104, end_date=20251028T004105
[2025-10-28T00:41:05.079+0000] {local_task_job_runner.py:228} INFO - Task exited with return code 0
[2025-10-28T00:41:05.090+0000] {taskinstance.py:2778} INFO - 0 downstream tasks scheduled from follow-on schedule check
[2025-10-28T01:27:51.950+0000] {taskinstance.py:1159} INFO - Dependencies all met for dep_context=non-requeueable deps ti=<TaskInstance: hiring_dynamic.train_gradient_boosting scheduled__2024-10-05T15:00:00+00:00 [queued]>
[2025-10-28T01:27:51.953+0000] {taskinstance.py:1159} INFO - Dependencies all met for dep_context=requeueable deps ti=<TaskInstance: hiring_dynamic.train_gradient_boosting scheduled__2024-10-05T15:00:00+00:00 [queued]>
[2025-10-28T01:27:51.953+0000] {taskinstance.py:1361} INFO - Starting attempt 1 of 1
[2025-10-28T01:27:51.959+0000] {taskinstance.py:1382} INFO - Executing <Task(PythonOperator): train_gradient_boosting> on 2024-10-05 15:00:00+00:00
[2025-10-28T01:27:51.978+0000] {standard_task_runner.py:57} INFO - Started process 950 to run task
[2025-10-28T01:27:51.982+0000] {standard_task_runner.py:84} INFO - Running: ['airflow', 'tasks', 'run', 'hiring_dynamic', 'train_gradient_boosting', 'scheduled__2024-10-05T15:00:00+00:00', '--job-id', '30', '--raw', '--subdir', 'DAGS_FOLDER/dag_dynamic.py', '--cfg-path', '/tmp/tmpkzf53t43']
[2025-10-28T01:27:51.983+0000] {standard_task_runner.py:85} INFO - Job 30: Subtask train_gradient_boosting
[2025-10-28T01:27:52.010+0000] {task_command.py:416} INFO - Running <TaskInstance: hiring_dynamic.train_gradient_boosting scheduled__2024-10-05T15:00:00+00:00 [running]> on host c46dbfd34b1f
[2025-10-28T01:27:52.040+0000] {taskinstance.py:1662} INFO - Exporting env vars: AIRFLOW_CTX_DAG_OWNER='airflow' AIRFLOW_CTX_DAG_ID='hiring_dynamic' AIRFLOW_CTX_TASK_ID='train_gradient_boosting' AIRFLOW_CTX_EXECUTION_DATE='2024-10-05T15:00:00+00:00' AIRFLOW_CTX_TRY_NUMBER='1' AIRFLOW_CTX_DAG_RUN_ID='scheduled__2024-10-05T15:00:00+00:00'
[2025-10-28T01:27:52.053+0000] {logging_mixin.py:154} INFO - Entrenando modelo: gradient_boosting
[2025-10-28T01:27:52.388+0000] {logging_mixin.py:154} INFO - Modelo gradient_boosting guardado en: /opt/airflow/data/dynamic/2024-10-05/models/gradient_boosting.joblib
[2025-10-28T01:27:52.407+0000] {python.py:194} INFO - Done. Returned value was: None
[2025-10-28T01:27:52.410+0000] {taskinstance.py:1400} INFO - Marking task as SUCCESS. dag_id=hiring_dynamic, task_id=train_gradient_boosting, execution_date=20241005T150000, start_date=20251028T012751, end_date=20251028T012752
[2025-10-28T01:27:52.427+0000] {local_task_job_runner.py:228} INFO - Task exited with return code 0
[2025-10-28T01:27:52.467+0000] {taskinstance.py:2778} INFO - 0 downstream tasks scheduled from follow-on schedule check
