[2025-10-28T01:13:36.771+0000] {taskinstance.py:1159} INFO - Dependencies all met for dep_context=non-requeueable deps ti=<TaskInstance: hiring_lineal.download_data manual__2025-10-28T01:13:30.267051+00:00 [queued]>
[2025-10-28T01:13:36.774+0000] {taskinstance.py:1159} INFO - Dependencies all met for dep_context=requeueable deps ti=<TaskInstance: hiring_lineal.download_data manual__2025-10-28T01:13:30.267051+00:00 [queued]>
[2025-10-28T01:13:36.774+0000] {taskinstance.py:1361} INFO - Starting attempt 1 of 1
[2025-10-28T01:13:36.780+0000] {taskinstance.py:1382} INFO - Executing <Task(BashOperator): download_data> on 2025-10-28 01:13:30.267051+00:00
[2025-10-28T01:13:36.786+0000] {standard_task_runner.py:57} INFO - Started process 147 to run task
[2025-10-28T01:13:36.791+0000] {standard_task_runner.py:84} INFO - Running: ['airflow', 'tasks', 'run', 'hiring_lineal', 'download_data', 'manual__2025-10-28T01:13:30.267051+00:00', '--job-id', '3', '--raw', '--subdir', 'DAGS_FOLDER/dag_lineal.py', '--cfg-path', '/tmp/tmp8jtcqk2v']
[2025-10-28T01:13:36.791+0000] {standard_task_runner.py:85} INFO - Job 3: Subtask download_data
[2025-10-28T01:13:36.889+0000] {task_command.py:416} INFO - Running <TaskInstance: hiring_lineal.download_data manual__2025-10-28T01:13:30.267051+00:00 [running]> on host c4eb7a17bcb0
[2025-10-28T01:13:36.958+0000] {taskinstance.py:1662} INFO - Exporting env vars: AIRFLOW_CTX_DAG_OWNER='airflow' AIRFLOW_CTX_DAG_ID='hiring_lineal' AIRFLOW_CTX_TASK_ID='download_data' AIRFLOW_CTX_EXECUTION_DATE='2025-10-28T01:13:30.267051+00:00' AIRFLOW_CTX_TRY_NUMBER='1' AIRFLOW_CTX_DAG_RUN_ID='manual__2025-10-28T01:13:30.267051+00:00'
[2025-10-28T01:13:36.959+0000] {subprocess.py:63} INFO - Tmp dir root location: /tmp
[2025-10-28T01:13:36.959+0000] {subprocess.py:75} INFO - Running command: ['/bin/bash', '-c', "\n        mkdir -p /opt/airflow/data/linear/2025-10-28/raw &&\n        curl -L -f -o /opt/airflow/data/linear/2025-10-28/raw/data_1.csv https://gitlab.com/eduardomoyab/laboratorio-13/-/raw/main/files/data_1.csv &&\n        echo '✅ Archivo descargado exitosamente' &&\n        ls -lh /opt/airflow/data/linear/2025-10-28/raw/data_1.csv\n    "]
[2025-10-28T01:13:36.968+0000] {subprocess.py:86} INFO - Output:
[2025-10-28T01:13:37.001+0000] {subprocess.py:93} INFO -   % Total    % Received % Xferd  Average Speed   Time    Time     Time  Current
[2025-10-28T01:13:37.001+0000] {subprocess.py:93} INFO -                                  Dload  Upload   Total   Spent    Left  Speed
[2025-10-28T01:13:37.466+0000] {subprocess.py:93} INFO -   0     0    0     0    0     0      0      0 --:--:-- --:--:-- --:--:--     0  0     0    0     0    0     0      0      0 --:--:-- --:--:-- --:--:--     0100 32735  100 32735    0     0  70397      0 --:--:-- --:--:-- --:--:-- 70246
[2025-10-28T01:13:37.471+0000] {subprocess.py:93} INFO - ✅ Archivo descargado exitosamente
[2025-10-28T01:13:37.476+0000] {subprocess.py:93} INFO - -rw-r--r-- 1 airflow root 32K Oct 28 01:13 /opt/airflow/data/linear/2025-10-28/raw/data_1.csv
[2025-10-28T01:13:37.477+0000] {subprocess.py:97} INFO - Command exited with return code 0
[2025-10-28T01:13:37.500+0000] {taskinstance.py:1400} INFO - Marking task as SUCCESS. dag_id=hiring_lineal, task_id=download_data, execution_date=20251028T011330, start_date=20251028T011336, end_date=20251028T011337
[2025-10-28T01:13:37.572+0000] {local_task_job_runner.py:228} INFO - Task exited with return code 0
[2025-10-28T01:13:37.641+0000] {taskinstance.py:2778} INFO - 1 downstream tasks scheduled from follow-on schedule check
