[2025-10-28T00:42:16.194+0000] {taskinstance.py:1159} INFO - Dependencies all met for dep_context=non-requeueable deps ti=<TaskInstance: hiring_dynamic.train_gradient_boosting scheduled__2024-12-05T15:00:00+00:00 [queued]>
[2025-10-28T00:42:16.198+0000] {taskinstance.py:1159} INFO - Dependencies all met for dep_context=requeueable deps ti=<TaskInstance: hiring_dynamic.train_gradient_boosting scheduled__2024-12-05T15:00:00+00:00 [queued]>
[2025-10-28T00:42:16.198+0000] {taskinstance.py:1361} INFO - Starting attempt 1 of 1
[2025-10-28T00:42:16.204+0000] {taskinstance.py:1382} INFO - Executing <Task(PythonOperator): train_gradient_boosting> on 2024-12-05 15:00:00+00:00
[2025-10-28T00:42:16.215+0000] {standard_task_runner.py:57} INFO - Started process 1310 to run task
[2025-10-28T00:42:16.222+0000] {standard_task_runner.py:84} INFO - Running: ['airflow', 'tasks', 'run', 'hiring_dynamic', 'train_gradient_boosting', 'scheduled__2024-12-05T15:00:00+00:00', '--job-id', '58', '--raw', '--subdir', 'DAGS_FOLDER/dag_dynamic.py', '--cfg-path', '/tmp/tmpw08jjkf4']
[2025-10-28T00:42:16.223+0000] {standard_task_runner.py:85} INFO - Job 58: Subtask train_gradient_boosting
[2025-10-28T00:42:16.244+0000] {task_command.py:416} INFO - Running <TaskInstance: hiring_dynamic.train_gradient_boosting scheduled__2024-12-05T15:00:00+00:00 [running]> on host d1f69dfe6243
[2025-10-28T00:42:16.286+0000] {taskinstance.py:1662} INFO - Exporting env vars: AIRFLOW_CTX_DAG_OWNER='airflow' AIRFLOW_CTX_DAG_ID='hiring_dynamic' AIRFLOW_CTX_TASK_ID='train_gradient_boosting' AIRFLOW_CTX_EXECUTION_DATE='2024-12-05T15:00:00+00:00' AIRFLOW_CTX_TRY_NUMBER='1' AIRFLOW_CTX_DAG_RUN_ID='scheduled__2024-12-05T15:00:00+00:00'
[2025-10-28T00:42:16.294+0000] {logging_mixin.py:154} INFO - Entrenando modelo: gradient_boosting
[2025-10-28T00:42:16.618+0000] {logging_mixin.py:154} INFO - Modelo gradient_boosting guardado en: /opt/airflow/data/dynamic/2024-12-05/models/gradient_boosting.joblib
[2025-10-28T00:42:16.623+0000] {python.py:194} INFO - Done. Returned value was: None
[2025-10-28T00:42:16.626+0000] {taskinstance.py:1400} INFO - Marking task as SUCCESS. dag_id=hiring_dynamic, task_id=train_gradient_boosting, execution_date=20241205T150000, start_date=20251028T004216, end_date=20251028T004216
[2025-10-28T00:42:16.660+0000] {local_task_job_runner.py:228} INFO - Task exited with return code 0
[2025-10-28T00:42:16.671+0000] {taskinstance.py:2778} INFO - 0 downstream tasks scheduled from follow-on schedule check
[2025-10-28T01:28:55.123+0000] {taskinstance.py:1159} INFO - Dependencies all met for dep_context=non-requeueable deps ti=<TaskInstance: hiring_dynamic.train_gradient_boosting scheduled__2024-12-05T15:00:00+00:00 [queued]>
[2025-10-28T01:28:55.130+0000] {taskinstance.py:1159} INFO - Dependencies all met for dep_context=requeueable deps ti=<TaskInstance: hiring_dynamic.train_gradient_boosting scheduled__2024-12-05T15:00:00+00:00 [queued]>
[2025-10-28T01:28:55.130+0000] {taskinstance.py:1361} INFO - Starting attempt 1 of 1
[2025-10-28T01:28:55.140+0000] {taskinstance.py:1382} INFO - Executing <Task(PythonOperator): train_gradient_boosting> on 2024-12-05 15:00:00+00:00
[2025-10-28T01:28:55.153+0000] {standard_task_runner.py:57} INFO - Started process 1365 to run task
[2025-10-28T01:28:55.160+0000] {standard_task_runner.py:84} INFO - Running: ['airflow', 'tasks', 'run', 'hiring_dynamic', 'train_gradient_boosting', 'scheduled__2024-12-05T15:00:00+00:00', '--job-id', '49', '--raw', '--subdir', 'DAGS_FOLDER/dag_dynamic.py', '--cfg-path', '/tmp/tmpcsb8kqn8']
[2025-10-28T01:28:55.162+0000] {standard_task_runner.py:85} INFO - Job 49: Subtask train_gradient_boosting
[2025-10-28T01:28:55.197+0000] {task_command.py:416} INFO - Running <TaskInstance: hiring_dynamic.train_gradient_boosting scheduled__2024-12-05T15:00:00+00:00 [running]> on host c46dbfd34b1f
[2025-10-28T01:28:55.229+0000] {taskinstance.py:1662} INFO - Exporting env vars: AIRFLOW_CTX_DAG_OWNER='airflow' AIRFLOW_CTX_DAG_ID='hiring_dynamic' AIRFLOW_CTX_TASK_ID='train_gradient_boosting' AIRFLOW_CTX_EXECUTION_DATE='2024-12-05T15:00:00+00:00' AIRFLOW_CTX_TRY_NUMBER='1' AIRFLOW_CTX_DAG_RUN_ID='scheduled__2024-12-05T15:00:00+00:00'
[2025-10-28T01:28:55.236+0000] {logging_mixin.py:154} INFO - Entrenando modelo: gradient_boosting
[2025-10-28T01:28:55.537+0000] {logging_mixin.py:154} INFO - Modelo gradient_boosting guardado en: /opt/airflow/data/dynamic/2024-12-05/models/gradient_boosting.joblib
[2025-10-28T01:28:55.542+0000] {python.py:194} INFO - Done. Returned value was: None
[2025-10-28T01:28:55.544+0000] {taskinstance.py:1400} INFO - Marking task as SUCCESS. dag_id=hiring_dynamic, task_id=train_gradient_boosting, execution_date=20241205T150000, start_date=20251028T012855, end_date=20251028T012855
[2025-10-28T01:28:55.578+0000] {local_task_job_runner.py:228} INFO - Task exited with return code 0
[2025-10-28T01:28:55.589+0000] {taskinstance.py:2778} INFO - 0 downstream tasks scheduled from follow-on schedule check
