[2025-10-28T00:44:16.392+0000] {taskinstance.py:1159} INFO - Dependencies all met for dep_context=non-requeueable deps ti=<TaskInstance: hiring_dynamic.evaluate_models scheduled__2025-02-05T15:00:00+00:00 [queued]>
[2025-10-28T00:44:16.397+0000] {taskinstance.py:1159} INFO - Dependencies all met for dep_context=requeueable deps ti=<TaskInstance: hiring_dynamic.evaluate_models scheduled__2025-02-05T15:00:00+00:00 [queued]>
[2025-10-28T00:44:16.397+0000] {taskinstance.py:1361} INFO - Starting attempt 1 of 1
[2025-10-28T00:44:16.404+0000] {taskinstance.py:1382} INFO - Executing <Task(PythonOperator): evaluate_models> on 2025-02-05 15:00:00+00:00
[2025-10-28T00:44:16.409+0000] {standard_task_runner.py:57} INFO - Started process 2044 to run task
[2025-10-28T00:44:16.413+0000] {standard_task_runner.py:84} INFO - Running: ['airflow', 'tasks', 'run', 'hiring_dynamic', 'evaluate_models', 'scheduled__2025-02-05T15:00:00+00:00', '--job-id', '90', '--raw', '--subdir', 'DAGS_FOLDER/dag_dynamic.py', '--cfg-path', '/tmp/tmpy3x7isg1']
[2025-10-28T00:44:16.414+0000] {standard_task_runner.py:85} INFO - Job 90: Subtask evaluate_models
[2025-10-28T00:44:16.438+0000] {task_command.py:416} INFO - Running <TaskInstance: hiring_dynamic.evaluate_models scheduled__2025-02-05T15:00:00+00:00 [running]> on host d1f69dfe6243
[2025-10-28T00:44:16.478+0000] {taskinstance.py:1662} INFO - Exporting env vars: AIRFLOW_CTX_DAG_OWNER='airflow' AIRFLOW_CTX_DAG_ID='hiring_dynamic' AIRFLOW_CTX_TASK_ID='evaluate_models' AIRFLOW_CTX_EXECUTION_DATE='2025-02-05T15:00:00+00:00' AIRFLOW_CTX_TRY_NUMBER='1' AIRFLOW_CTX_DAG_RUN_ID='scheduled__2025-02-05T15:00:00+00:00'
[2025-10-28T00:44:16.486+0000] {logging_mixin.py:154} INFO - Evaluando 3 modelos en experimento 'dynamic'...
[2025-10-28T00:44:16.492+0000] {logging_mixin.py:154} INFO -   logistic_regression: Accuracy = 0.8700
[2025-10-28T00:44:16.502+0000] {logging_mixin.py:154} INFO -   gradient_boosting: Accuracy = 0.9300
[2025-10-28T00:44:16.620+0000] {logging_mixin.py:154} INFO -   random_forest: Accuracy = 0.9467
[2025-10-28T00:44:16.620+0000] {logging_mixin.py:154} INFO - 
✅ Mejor modelo (dynamic): random_forest
[2025-10-28T00:44:16.620+0000] {logging_mixin.py:154} INFO -    Accuracy: 0.9467
[2025-10-28T00:44:16.929+0000] {logging_mixin.py:154} INFO -    Guardado en: /opt/airflow/data/dynamic/2025-02-05/models/best_model.joblib
[2025-10-28T00:44:16.940+0000] {python.py:194} INFO - Done. Returned value was: None
[2025-10-28T00:44:16.943+0000] {taskinstance.py:1400} INFO - Marking task as SUCCESS. dag_id=hiring_dynamic, task_id=evaluate_models, execution_date=20250205T150000, start_date=20251028T004416, end_date=20251028T004416
[2025-10-28T00:44:16.982+0000] {local_task_job_runner.py:228} INFO - Task exited with return code 0
[2025-10-28T00:44:16.989+0000] {taskinstance.py:2778} INFO - 0 downstream tasks scheduled from follow-on schedule check
[2025-10-28T01:31:00.324+0000] {taskinstance.py:1159} INFO - Dependencies all met for dep_context=non-requeueable deps ti=<TaskInstance: hiring_dynamic.evaluate_models scheduled__2025-02-05T15:00:00+00:00 [queued]>
[2025-10-28T01:31:00.327+0000] {taskinstance.py:1159} INFO - Dependencies all met for dep_context=requeueable deps ti=<TaskInstance: hiring_dynamic.evaluate_models scheduled__2025-02-05T15:00:00+00:00 [queued]>
[2025-10-28T01:31:00.327+0000] {taskinstance.py:1361} INFO - Starting attempt 1 of 1
[2025-10-28T01:31:00.333+0000] {taskinstance.py:1382} INFO - Executing <Task(PythonOperator): evaluate_models> on 2025-02-05 15:00:00+00:00
[2025-10-28T01:31:00.338+0000] {standard_task_runner.py:57} INFO - Started process 2088 to run task
[2025-10-28T01:31:00.341+0000] {standard_task_runner.py:84} INFO - Running: ['airflow', 'tasks', 'run', 'hiring_dynamic', 'evaluate_models', 'scheduled__2025-02-05T15:00:00+00:00', '--job-id', '81', '--raw', '--subdir', 'DAGS_FOLDER/dag_dynamic.py', '--cfg-path', '/tmp/tmpr_qwc1cm']
[2025-10-28T01:31:00.342+0000] {standard_task_runner.py:85} INFO - Job 81: Subtask evaluate_models
[2025-10-28T01:31:00.364+0000] {task_command.py:416} INFO - Running <TaskInstance: hiring_dynamic.evaluate_models scheduled__2025-02-05T15:00:00+00:00 [running]> on host c46dbfd34b1f
[2025-10-28T01:31:00.398+0000] {taskinstance.py:1662} INFO - Exporting env vars: AIRFLOW_CTX_DAG_OWNER='airflow' AIRFLOW_CTX_DAG_ID='hiring_dynamic' AIRFLOW_CTX_TASK_ID='evaluate_models' AIRFLOW_CTX_EXECUTION_DATE='2025-02-05T15:00:00+00:00' AIRFLOW_CTX_TRY_NUMBER='1' AIRFLOW_CTX_DAG_RUN_ID='scheduled__2025-02-05T15:00:00+00:00'
[2025-10-28T01:31:00.405+0000] {logging_mixin.py:154} INFO - Evaluando 3 modelos en experimento 'dynamic'...
[2025-10-28T01:31:00.416+0000] {logging_mixin.py:154} INFO -   logistic_regression: Accuracy = 0.8700
[2025-10-28T01:31:00.425+0000] {logging_mixin.py:154} INFO -   gradient_boosting: Accuracy = 0.9300
[2025-10-28T01:31:00.544+0000] {logging_mixin.py:154} INFO -   random_forest: Accuracy = 0.9467
[2025-10-28T01:31:00.544+0000] {logging_mixin.py:154} INFO - 
✅ Mejor modelo (dynamic): random_forest
[2025-10-28T01:31:00.544+0000] {logging_mixin.py:154} INFO -    Accuracy: 0.9467
[2025-10-28T01:31:00.839+0000] {logging_mixin.py:154} INFO -    Guardado en: /opt/airflow/data/dynamic/2025-02-05/models/best_model.joblib
[2025-10-28T01:31:00.849+0000] {python.py:194} INFO - Done. Returned value was: None
[2025-10-28T01:31:00.852+0000] {taskinstance.py:1400} INFO - Marking task as SUCCESS. dag_id=hiring_dynamic, task_id=evaluate_models, execution_date=20250205T150000, start_date=20251028T013100, end_date=20251028T013100
[2025-10-28T01:31:00.903+0000] {local_task_job_runner.py:228} INFO - Task exited with return code 0
[2025-10-28T01:31:00.915+0000] {taskinstance.py:2778} INFO - 0 downstream tasks scheduled from follow-on schedule check
