[2025-12-07T03:09:25.439+0000] {taskinstance.py:1159} INFO - Dependencies all met for dep_context=non-requeueable deps ti=<TaskInstance: sodai_drinks_production_pipeline.extract_data manual__2025-12-07T03:09:23+00:00 [queued]>
[2025-12-07T03:09:25.444+0000] {taskinstance.py:1159} INFO - Dependencies all met for dep_context=requeueable deps ti=<TaskInstance: sodai_drinks_production_pipeline.extract_data manual__2025-12-07T03:09:23+00:00 [queued]>
[2025-12-07T03:09:25.444+0000] {taskinstance.py:1361} INFO - Starting attempt 1 of 2
[2025-12-07T03:09:25.453+0000] {taskinstance.py:1382} INFO - Executing <Task(PythonOperator): extract_data> on 2025-12-07 03:09:23+00:00
[2025-12-07T03:09:25.463+0000] {standard_task_runner.py:57} INFO - Started process 931 to run task
[2025-12-07T03:09:25.466+0000] {standard_task_runner.py:84} INFO - Running: ['***', 'tasks', 'run', 'sodai_drinks_production_pipeline', 'extract_data', 'manual__2025-12-07T03:09:23+00:00', '--job-id', '40', '--raw', '--subdir', 'DAGS_FOLDER/pipeline_productivo.py', '--cfg-path', '/tmp/tmphyf0s_ui']
[2025-12-07T03:09:25.469+0000] {standard_task_runner.py:85} INFO - Job 40: Subtask extract_data
[2025-12-07T03:09:25.505+0000] {task_command.py:416} INFO - Running <TaskInstance: sodai_drinks_production_pipeline.extract_data manual__2025-12-07T03:09:23+00:00 [running]> on host d63631a18ada
[2025-12-07T03:09:25.557+0000] {taskinstance.py:1662} INFO - Exporting env vars: AIRFLOW_CTX_DAG_EMAIL='team@sodaidrinks.com' AIRFLOW_CTX_DAG_OWNER='sodai_drinks_team' AIRFLOW_CTX_DAG_ID='sodai_drinks_production_pipeline' AIRFLOW_CTX_TASK_ID='extract_data' AIRFLOW_CTX_EXECUTION_DATE='2025-12-07T03:09:23+00:00' AIRFLOW_CTX_TRY_NUMBER='1' AIRFLOW_CTX_DAG_RUN_ID='manual__2025-12-07T03:09:23+00:00'
[2025-12-07T03:09:25.558+0000] {data_extraction.py:89} INFO - ============================================================
[2025-12-07T03:09:25.559+0000] {data_extraction.py:90} INFO - 📂 EXTRACCIÓN DE DATOS - Buscando batch a procesar
[2025-12-07T03:09:25.559+0000] {data_extraction.py:91} INFO - ============================================================
[2025-12-07T03:09:25.559+0000] {data_extraction.py:111} INFO - 📅 Batches disponibles: ['2024-W51', '2024-W52', '2025-W01', '2025-W02', '2025-W03', '2025-W04']
[2025-12-07T03:09:25.559+0000] {data_extraction.py:115} INFO - ✅ Ya procesados: ['2024-W51', '2024-W52', '2025-W01', '2025-W02', '2025-W03']
[2025-12-07T03:09:25.568+0000] {data_extraction.py:133} INFO - 📦 Procesando batch: 2025-W04 (batch_2025-W04.parquet)
[2025-12-07T03:09:25.569+0000] {data_extraction.py:150} INFO - 🟢 MODO: Evaluación de drift + Predicción (best_model.pkl existe)
[2025-12-07T03:09:25.569+0000] {data_extraction.py:155} INFO -    📖 Leyendo: batch_2025-W04.parquet
[2025-12-07T03:09:24.706+0000] {data_extraction.py:170} INFO - 📊 Datos del batch 2025-W04:
[2025-12-07T03:09:24.706+0000] {data_extraction.py:171} INFO -    Rango fechas: 2025-01-20 → 2025-01-26
[2025-12-07T03:09:24.706+0000] {data_extraction.py:172} INFO -    Transacciones: 6,190
[2025-12-07T03:09:24.706+0000] {data_extraction.py:173} INFO -    Clientes únicos: 1,032
[2025-12-07T03:09:24.706+0000] {data_extraction.py:174} INFO -    Productos únicos: 58
[2025-12-07T03:09:24.707+0000] {data_extraction.py:175} INFO -    Pares cliente-producto: 4,866
[2025-12-07T03:09:24.710+0000] {data_extraction.py:183} INFO -    💾 Guardado: current_batch_2025-W04_predict.parquet
[2025-12-07T03:09:24.710+0000] {data_extraction.py:193} INFO -    ✅ Marcado como procesado: 2025-W04
[2025-12-07T03:09:24.780+0000] {data_extraction.py:206} INFO - ✅ Extracción completada - Week ID: 2025-W04_predict
[2025-12-07T03:09:24.780+0000] {data_extraction.py:207} INFO - ============================================================
[2025-12-07T03:09:24.781+0000] {python.py:194} INFO - Done. Returned value was: {'status': 'success', 'week_id': '2025-W04_predict', 'batch_week': '2025-W04', 'transacciones_count': 6190, 'pares_count': 4866, 'clientes_count': 1032, 'productos_count': 58, 'is_first_training': False, 'fecha_inicio': '2025-01-20T00:00:00', 'fecha_fin': '2025-01-26T00:00:00', 'batches_disponibles': ['2024-W51', '2024-W52', '2025-W01', '2025-W02', '2025-W03', '2025-W04'], 'batches_procesados': ['2025-W01', '2025-W02', '2024-W51', '2025-W03', '2024-W52', '2025-W04']}
[2025-12-07T03:09:24.795+0000] {taskinstance.py:1400} INFO - Marking task as SUCCESS. dag_id=sodai_drinks_production_pipeline, task_id=extract_data, execution_date=20251207T030923, start_date=20251207T030925, end_date=20251207T030924
[2025-12-07T03:09:24.857+0000] {local_task_job_runner.py:228} INFO - Task exited with return code 0
[2025-12-07T03:09:24.877+0000] {taskinstance.py:2778} INFO - 1 downstream tasks scheduled from follow-on schedule check
