[2025-10-28T00:42:04.443+0000] {taskinstance.py:1159} INFO - Dependencies all met for dep_context=non-requeueable deps ti=<TaskInstance: hiring_dynamic.download_data_1 scheduled__2025-04-05T15:00:00+00:00 [queued]>
[2025-10-28T00:42:04.446+0000] {taskinstance.py:1159} INFO - Dependencies all met for dep_context=requeueable deps ti=<TaskInstance: hiring_dynamic.download_data_1 scheduled__2025-04-05T15:00:00+00:00 [queued]>
[2025-10-28T00:42:04.447+0000] {taskinstance.py:1361} INFO - Starting attempt 1 of 1
[2025-10-28T00:42:04.452+0000] {taskinstance.py:1382} INFO - Executing <Task(BashOperator): download_data_1> on 2025-04-05 15:00:00+00:00
[2025-10-28T00:42:04.455+0000] {standard_task_runner.py:57} INFO - Started process 1204 to run task
[2025-10-28T00:42:04.458+0000] {standard_task_runner.py:84} INFO - Running: ['airflow', 'tasks', 'run', 'hiring_dynamic', 'download_data_1', 'scheduled__2025-04-05T15:00:00+00:00', '--job-id', '53', '--raw', '--subdir', 'DAGS_FOLDER/dag_dynamic.py', '--cfg-path', '/tmp/tmpicewexmf']
[2025-10-28T00:42:04.458+0000] {standard_task_runner.py:85} INFO - Job 53: Subtask download_data_1
[2025-10-28T00:42:04.476+0000] {task_command.py:416} INFO - Running <TaskInstance: hiring_dynamic.download_data_1 scheduled__2025-04-05T15:00:00+00:00 [running]> on host d1f69dfe6243
[2025-10-28T00:42:04.505+0000] {taskinstance.py:1662} INFO - Exporting env vars: AIRFLOW_CTX_DAG_OWNER='airflow' AIRFLOW_CTX_DAG_ID='hiring_dynamic' AIRFLOW_CTX_TASK_ID='download_data_1' AIRFLOW_CTX_EXECUTION_DATE='2025-04-05T15:00:00+00:00' AIRFLOW_CTX_TRY_NUMBER='1' AIRFLOW_CTX_DAG_RUN_ID='scheduled__2025-04-05T15:00:00+00:00'
[2025-10-28T00:42:04.505+0000] {subprocess.py:63} INFO - Tmp dir root location: /tmp
[2025-10-28T00:42:04.506+0000] {subprocess.py:75} INFO - Running command: ['/bin/bash', '-c', '\n        RAW_DIR="/opt/airflow/data/dynamic/2025-04-05/raw"\n        mkdir -p "$RAW_DIR"\n        curl -L -f -o "$RAW_DIR/data_1.csv" https://gitlab.com/eduardomoyab/laboratorio-13/-/raw/main/files/data_1.csv\n        echo \'✅ Archivo data_1.csv descargado exitosamente\'\n        ls -lh "$RAW_DIR/data_1.csv"\n    ']
[2025-10-28T00:42:04.518+0000] {subprocess.py:86} INFO - Output:
[2025-10-28T00:42:04.528+0000] {subprocess.py:93} INFO -   % Total    % Received % Xferd  Average Speed   Time    Time     Time  Current
[2025-10-28T00:42:04.528+0000] {subprocess.py:93} INFO -                                  Dload  Upload   Total   Spent    Left  Speed
[2025-10-28T00:42:04.650+0000] {subprocess.py:93} INFO -   0     0    0     0    0     0      0      0 --:--:-- --:--:-- --:--:--     0100 32735  100 32735    0     0   264k      0 --:--:-- --:--:-- --:--:--  264k
[2025-10-28T00:42:04.652+0000] {subprocess.py:93} INFO - ✅ Archivo data_1.csv descargado exitosamente
[2025-10-28T00:42:04.654+0000] {subprocess.py:93} INFO - -rw-r--r-- 1 airflow root 32K Oct 28 00:42 /opt/airflow/data/dynamic/2025-04-05/raw/data_1.csv
[2025-10-28T00:42:04.654+0000] {subprocess.py:97} INFO - Command exited with return code 0
[2025-10-28T00:42:04.669+0000] {taskinstance.py:1400} INFO - Marking task as SUCCESS. dag_id=hiring_dynamic, task_id=download_data_1, execution_date=20250405T150000, start_date=20251028T004204, end_date=20251028T004204
[2025-10-28T00:42:04.686+0000] {local_task_job_runner.py:228} INFO - Task exited with return code 0
[2025-10-28T00:42:04.699+0000] {taskinstance.py:2778} INFO - 0 downstream tasks scheduled from follow-on schedule check
[2025-10-28T01:28:41.843+0000] {taskinstance.py:1159} INFO - Dependencies all met for dep_context=non-requeueable deps ti=<TaskInstance: hiring_dynamic.download_data_1 scheduled__2025-04-05T15:00:00+00:00 [queued]>
[2025-10-28T01:28:41.847+0000] {taskinstance.py:1159} INFO - Dependencies all met for dep_context=requeueable deps ti=<TaskInstance: hiring_dynamic.download_data_1 scheduled__2025-04-05T15:00:00+00:00 [queued]>
[2025-10-28T01:28:41.847+0000] {taskinstance.py:1361} INFO - Starting attempt 1 of 1
[2025-10-28T01:28:41.853+0000] {taskinstance.py:1382} INFO - Executing <Task(BashOperator): download_data_1> on 2025-04-05 15:00:00+00:00
[2025-10-28T01:28:41.869+0000] {standard_task_runner.py:57} INFO - Started process 1259 to run task
[2025-10-28T01:28:41.872+0000] {standard_task_runner.py:84} INFO - Running: ['airflow', 'tasks', 'run', 'hiring_dynamic', 'download_data_1', 'scheduled__2025-04-05T15:00:00+00:00', '--job-id', '44', '--raw', '--subdir', 'DAGS_FOLDER/dag_dynamic.py', '--cfg-path', '/tmp/tmpgd95jo1n']
[2025-10-28T01:28:41.873+0000] {standard_task_runner.py:85} INFO - Job 44: Subtask download_data_1
[2025-10-28T01:28:41.895+0000] {task_command.py:416} INFO - Running <TaskInstance: hiring_dynamic.download_data_1 scheduled__2025-04-05T15:00:00+00:00 [running]> on host c46dbfd34b1f
[2025-10-28T01:28:41.920+0000] {taskinstance.py:1662} INFO - Exporting env vars: AIRFLOW_CTX_DAG_OWNER='airflow' AIRFLOW_CTX_DAG_ID='hiring_dynamic' AIRFLOW_CTX_TASK_ID='download_data_1' AIRFLOW_CTX_EXECUTION_DATE='2025-04-05T15:00:00+00:00' AIRFLOW_CTX_TRY_NUMBER='1' AIRFLOW_CTX_DAG_RUN_ID='scheduled__2025-04-05T15:00:00+00:00'
[2025-10-28T01:28:41.921+0000] {subprocess.py:63} INFO - Tmp dir root location: /tmp
[2025-10-28T01:28:41.921+0000] {subprocess.py:75} INFO - Running command: ['/bin/bash', '-c', '\n        RAW_DIR="/opt/airflow/data/dynamic/2025-04-05/raw"\n        mkdir -p "$RAW_DIR"\n        curl -L -f -o "$RAW_DIR/data_1.csv" https://gitlab.com/eduardomoyab/laboratorio-13/-/raw/main/files/data_1.csv\n        echo \'✅ Archivo data_1.csv descargado exitosamente\'\n        ls -lh "$RAW_DIR/data_1.csv"\n    ']
[2025-10-28T01:28:41.934+0000] {subprocess.py:86} INFO - Output:
[2025-10-28T01:28:41.945+0000] {subprocess.py:93} INFO -   % Total    % Received % Xferd  Average Speed   Time    Time     Time  Current
[2025-10-28T01:28:41.945+0000] {subprocess.py:93} INFO -                                  Dload  Upload   Total   Spent    Left  Speed
[2025-10-28T01:28:42.091+0000] {subprocess.py:93} INFO -   0     0    0     0    0     0      0      0 --:--:-- --:--:-- --:--:--     0100 32735  100 32735    0     0   218k      0 --:--:-- --:--:-- --:--:--  220k
[2025-10-28T01:28:42.094+0000] {subprocess.py:93} INFO - ✅ Archivo data_1.csv descargado exitosamente
[2025-10-28T01:28:42.097+0000] {subprocess.py:93} INFO - -rw-r--r-- 1 airflow root 32K Oct 28 01:28 /opt/airflow/data/dynamic/2025-04-05/raw/data_1.csv
[2025-10-28T01:28:42.097+0000] {subprocess.py:97} INFO - Command exited with return code 0
[2025-10-28T01:28:42.113+0000] {taskinstance.py:1400} INFO - Marking task as SUCCESS. dag_id=hiring_dynamic, task_id=download_data_1, execution_date=20250405T150000, start_date=20251028T012841, end_date=20251028T012842
[2025-10-28T01:28:42.141+0000] {local_task_job_runner.py:228} INFO - Task exited with return code 0
[2025-10-28T01:28:42.154+0000] {taskinstance.py:2778} INFO - 0 downstream tasks scheduled from follow-on schedule check
