[2025-10-28T23:44:20.777+0000] {taskinstance.py:1159} INFO - Dependencies all met for dep_context=non-requeueable deps ti=<TaskInstance: sodai_drinks_production_pipeline.preprocess_data manual__2025-10-28T23:44:15.275626+00:00 [queued]>
[2025-10-28T23:44:20.781+0000] {taskinstance.py:1159} INFO - Dependencies all met for dep_context=requeueable deps ti=<TaskInstance: sodai_drinks_production_pipeline.preprocess_data manual__2025-10-28T23:44:15.275626+00:00 [queued]>
[2025-10-28T23:44:20.781+0000] {taskinstance.py:1361} INFO - Starting attempt 1 of 2
[2025-10-28T23:44:20.787+0000] {taskinstance.py:1382} INFO - Executing <Task(PythonOperator): preprocess_data> on 2025-10-28 23:44:15.275626+00:00
[2025-10-28T23:44:20.802+0000] {standard_task_runner.py:57} INFO - Started process 347 to run task
[2025-10-28T23:44:20.808+0000] {standard_task_runner.py:84} INFO - Running: ['***', 'tasks', 'run', 'sodai_drinks_production_pipeline', 'preprocess_data', 'manual__2025-10-28T23:44:15.275626+00:00', '--job-id', '103', '--raw', '--subdir', 'DAGS_FOLDER/pipeline_productivo.py', '--cfg-path', '/tmp/tmp05iy6kpy']
[2025-10-28T23:44:20.816+0000] {standard_task_runner.py:85} INFO - Job 103: Subtask preprocess_data
[2025-10-28T23:44:20.898+0000] {task_command.py:416} INFO - Running <TaskInstance: sodai_drinks_production_pipeline.preprocess_data manual__2025-10-28T23:44:15.275626+00:00 [running]> on host ee70ee0df05e
[2025-10-28T23:44:20.955+0000] {taskinstance.py:1662} INFO - Exporting env vars: AIRFLOW_CTX_DAG_EMAIL='team@sodaidrinks.com' AIRFLOW_CTX_DAG_OWNER='sodai_drinks_team' AIRFLOW_CTX_DAG_ID='sodai_drinks_production_pipeline' AIRFLOW_CTX_TASK_ID='preprocess_data' AIRFLOW_CTX_EXECUTION_DATE='2025-10-28T23:44:15.275626+00:00' AIRFLOW_CTX_TRY_NUMBER='1' AIRFLOW_CTX_DAG_RUN_ID='manual__2025-10-28T23:44:15.275626+00:00'
[2025-10-28T23:44:20.956+0000] {data_preprocessing.py:141} INFO - Iniciando preprocessing de datos (Entrega 1 compatible)...
[2025-10-28T23:44:21.054+0000] {data_preprocessing.py:153} INFO - Datos cargados - Transacciones: 254936, Clientes: 1569, Productos: 971
[2025-10-28T23:44:21.083+0000] {data_preprocessing.py:160} INFO - Predicción para semana: 2025-01
[2025-10-28T23:44:21.084+0000] {data_preprocessing.py:72} INFO - Creando variable target...
[2025-10-28T23:44:23.104+0000] {data_preprocessing.py:89} INFO - Ejemplos positivos (compraron): 206460
[2025-10-28T23:44:23.321+0000] {data_preprocessing.py:104} INFO - Generando 412920 ejemplos negativos...
[2025-10-28T23:44:32.051+0000] {data_preprocessing.py:130} INFO - Target balanceado - Positivos: 206460, Negativos: 412920
[2025-10-28T23:44:32.697+0000] {data_preprocessing.py:169} INFO - Dataset merged: (619380, 17)
[2025-10-28T23:44:33.106+0000] {data_preprocessing.py:180} INFO - Features: ['customer_type', 'Y', 'X', 'num_deliver_per_week', 'brand', 'category', 'sub_category', 'segment', 'package', 'size']
[2025-10-28T23:44:33.113+0000] {data_preprocessing.py:181} INFO - Distribución de clases - 0: 412920, 1: 206460
[2025-10-28T23:44:34.560+0000] {data_preprocessing.py:236} INFO - Ajustando preprocessor...
[2025-10-28T23:44:36.093+0000] {data_preprocessing.py:268} INFO - Datos transformados: (619380, 19)
[2025-10-28T23:44:36.099+0000] {data_preprocessing.py:269} INFO - Verificación de clases - 0: 412920, 1: 206460
[2025-10-28T23:44:36.820+0000] {data_preprocessing.py:296} INFO - Preprocessing completado exitosamente
[2025-10-28T23:44:37.315+0000] {python.py:194} INFO - Done. Returned value was: {'status': 'success', 'processed_records': 619380, 'num_features': 16, 'positive_class': 206460, 'negative_class': 412920, 'prediction_week': '2025-01-07T00:00:00'}
[2025-10-28T23:44:37.368+0000] {taskinstance.py:1400} INFO - Marking task as SUCCESS. dag_id=sodai_drinks_production_pipeline, task_id=preprocess_data, execution_date=20251028T234415, start_date=20251028T234420, end_date=20251028T234437
[2025-10-28T23:44:37.449+0000] {local_task_job_runner.py:228} INFO - Task exited with return code 0
[2025-10-28T23:44:37.509+0000] {taskinstance.py:2778} INFO - 1 downstream tasks scheduled from follow-on schedule check
