[2025-10-28T00:42:28.311+0000] {taskinstance.py:1159} INFO - Dependencies all met for dep_context=non-requeueable deps ti=<TaskInstance: hiring_dynamic.evaluate_models scheduled__2024-11-05T15:00:00+00:00 [queued]>
[2025-10-28T00:42:28.314+0000] {taskinstance.py:1159} INFO - Dependencies all met for dep_context=requeueable deps ti=<TaskInstance: hiring_dynamic.evaluate_models scheduled__2024-11-05T15:00:00+00:00 [queued]>
[2025-10-28T00:42:28.314+0000] {taskinstance.py:1361} INFO - Starting attempt 1 of 1
[2025-10-28T00:42:28.321+0000] {taskinstance.py:1382} INFO - Executing <Task(PythonOperator): evaluate_models> on 2024-11-05 15:00:00+00:00
[2025-10-28T00:42:28.331+0000] {standard_task_runner.py:57} INFO - Started process 1358 to run task
[2025-10-28T00:42:28.334+0000] {standard_task_runner.py:84} INFO - Running: ['airflow', 'tasks', 'run', 'hiring_dynamic', 'evaluate_models', 'scheduled__2024-11-05T15:00:00+00:00', '--job-id', '60', '--raw', '--subdir', 'DAGS_FOLDER/dag_dynamic.py', '--cfg-path', '/tmp/tmpidndc3bk']
[2025-10-28T00:42:28.336+0000] {standard_task_runner.py:85} INFO - Job 60: Subtask evaluate_models
[2025-10-28T00:42:28.359+0000] {task_command.py:416} INFO - Running <TaskInstance: hiring_dynamic.evaluate_models scheduled__2024-11-05T15:00:00+00:00 [running]> on host d1f69dfe6243
[2025-10-28T00:42:28.394+0000] {taskinstance.py:1662} INFO - Exporting env vars: AIRFLOW_CTX_DAG_OWNER='airflow' AIRFLOW_CTX_DAG_ID='hiring_dynamic' AIRFLOW_CTX_TASK_ID='evaluate_models' AIRFLOW_CTX_EXECUTION_DATE='2024-11-05T15:00:00+00:00' AIRFLOW_CTX_TRY_NUMBER='1' AIRFLOW_CTX_DAG_RUN_ID='scheduled__2024-11-05T15:00:00+00:00'
[2025-10-28T00:42:28.402+0000] {logging_mixin.py:154} INFO - Evaluando 3 modelos en experimento 'dynamic'...
[2025-10-28T00:42:28.411+0000] {logging_mixin.py:154} INFO -   logistic_regression: Accuracy = 0.8700
[2025-10-28T00:42:28.422+0000] {logging_mixin.py:154} INFO -   gradient_boosting: Accuracy = 0.9300
[2025-10-28T00:42:28.545+0000] {logging_mixin.py:154} INFO -   random_forest: Accuracy = 0.9467
[2025-10-28T00:42:28.545+0000] {logging_mixin.py:154} INFO - 
✅ Mejor modelo (dynamic): random_forest
[2025-10-28T00:42:28.545+0000] {logging_mixin.py:154} INFO -    Accuracy: 0.9467
[2025-10-28T00:42:28.709+0000] {logging_mixin.py:154} INFO -    Guardado en: /opt/airflow/data/dynamic/2024-11-05/models/best_model.joblib
[2025-10-28T00:42:28.719+0000] {python.py:194} INFO - Done. Returned value was: None
[2025-10-28T00:42:28.721+0000] {taskinstance.py:1400} INFO - Marking task as SUCCESS. dag_id=hiring_dynamic, task_id=evaluate_models, execution_date=20241105T150000, start_date=20251028T004228, end_date=20251028T004228
[2025-10-28T00:42:28.772+0000] {local_task_job_runner.py:228} INFO - Task exited with return code 0
[2025-10-28T00:42:28.782+0000] {taskinstance.py:2778} INFO - 0 downstream tasks scheduled from follow-on schedule check
[2025-10-28T01:29:10.044+0000] {taskinstance.py:1159} INFO - Dependencies all met for dep_context=non-requeueable deps ti=<TaskInstance: hiring_dynamic.evaluate_models scheduled__2024-11-05T15:00:00+00:00 [queued]>
[2025-10-28T01:29:10.048+0000] {taskinstance.py:1159} INFO - Dependencies all met for dep_context=requeueable deps ti=<TaskInstance: hiring_dynamic.evaluate_models scheduled__2024-11-05T15:00:00+00:00 [queued]>
[2025-10-28T01:29:10.049+0000] {taskinstance.py:1361} INFO - Starting attempt 1 of 1
[2025-10-28T01:29:10.059+0000] {taskinstance.py:1382} INFO - Executing <Task(PythonOperator): evaluate_models> on 2024-11-05 15:00:00+00:00
[2025-10-28T01:29:10.088+0000] {standard_task_runner.py:57} INFO - Started process 1413 to run task
[2025-10-28T01:29:10.097+0000] {standard_task_runner.py:84} INFO - Running: ['airflow', 'tasks', 'run', 'hiring_dynamic', 'evaluate_models', 'scheduled__2024-11-05T15:00:00+00:00', '--job-id', '51', '--raw', '--subdir', 'DAGS_FOLDER/dag_dynamic.py', '--cfg-path', '/tmp/tmp09qbsebg']
[2025-10-28T01:29:10.098+0000] {standard_task_runner.py:85} INFO - Job 51: Subtask evaluate_models
[2025-10-28T01:29:10.129+0000] {task_command.py:416} INFO - Running <TaskInstance: hiring_dynamic.evaluate_models scheduled__2024-11-05T15:00:00+00:00 [running]> on host c46dbfd34b1f
[2025-10-28T01:29:10.171+0000] {taskinstance.py:1662} INFO - Exporting env vars: AIRFLOW_CTX_DAG_OWNER='airflow' AIRFLOW_CTX_DAG_ID='hiring_dynamic' AIRFLOW_CTX_TASK_ID='evaluate_models' AIRFLOW_CTX_EXECUTION_DATE='2024-11-05T15:00:00+00:00' AIRFLOW_CTX_TRY_NUMBER='1' AIRFLOW_CTX_DAG_RUN_ID='scheduled__2024-11-05T15:00:00+00:00'
[2025-10-28T01:29:10.251+0000] {logging_mixin.py:154} INFO - Evaluando 3 modelos en experimento 'dynamic'...
[2025-10-28T01:29:10.289+0000] {logging_mixin.py:154} INFO -   logistic_regression: Accuracy = 0.8700
[2025-10-28T01:29:10.322+0000] {logging_mixin.py:154} INFO -   gradient_boosting: Accuracy = 0.9300
[2025-10-28T01:29:10.607+0000] {logging_mixin.py:154} INFO -   random_forest: Accuracy = 0.9467
[2025-10-28T01:29:10.607+0000] {logging_mixin.py:154} INFO - 
✅ Mejor modelo (dynamic): random_forest
[2025-10-28T01:29:10.607+0000] {logging_mixin.py:154} INFO -    Accuracy: 0.9467
[2025-10-28T01:29:10.952+0000] {logging_mixin.py:154} INFO -    Guardado en: /opt/airflow/data/dynamic/2024-11-05/models/best_model.joblib
[2025-10-28T01:29:10.968+0000] {python.py:194} INFO - Done. Returned value was: None
[2025-10-28T01:29:10.971+0000] {taskinstance.py:1400} INFO - Marking task as SUCCESS. dag_id=hiring_dynamic, task_id=evaluate_models, execution_date=20241105T150000, start_date=20251028T012910, end_date=20251028T012910
[2025-10-28T01:29:10.987+0000] {local_task_job_runner.py:228} INFO - Task exited with return code 0
[2025-10-28T01:29:10.998+0000] {taskinstance.py:2778} INFO - 0 downstream tasks scheduled from follow-on schedule check
