[2025-10-28T00:43:11.256+0000] {taskinstance.py:1159} INFO - Dependencies all met for dep_context=non-requeueable deps ti=<TaskInstance: hiring_dynamic.create_folders scheduled__2025-08-05T15:00:00+00:00 [queued]>
[2025-10-28T00:43:11.259+0000] {taskinstance.py:1159} INFO - Dependencies all met for dep_context=requeueable deps ti=<TaskInstance: hiring_dynamic.create_folders scheduled__2025-08-05T15:00:00+00:00 [queued]>
[2025-10-28T00:43:11.259+0000] {taskinstance.py:1361} INFO - Starting attempt 1 of 1
[2025-10-28T00:43:11.265+0000] {taskinstance.py:1382} INFO - Executing <Task(PythonOperator): create_folders> on 2025-08-05 15:00:00+00:00
[2025-10-28T00:43:11.269+0000] {standard_task_runner.py:57} INFO - Started process 1648 to run task
[2025-10-28T00:43:11.272+0000] {standard_task_runner.py:84} INFO - Running: ['airflow', 'tasks', 'run', 'hiring_dynamic', 'create_folders', 'scheduled__2025-08-05T15:00:00+00:00', '--job-id', '72', '--raw', '--subdir', 'DAGS_FOLDER/dag_dynamic.py', '--cfg-path', '/tmp/tmpudmwpr1b']
[2025-10-28T00:43:11.273+0000] {standard_task_runner.py:85} INFO - Job 72: Subtask create_folders
[2025-10-28T00:43:11.293+0000] {task_command.py:416} INFO - Running <TaskInstance: hiring_dynamic.create_folders scheduled__2025-08-05T15:00:00+00:00 [running]> on host d1f69dfe6243
[2025-10-28T00:43:11.331+0000] {taskinstance.py:1662} INFO - Exporting env vars: AIRFLOW_CTX_DAG_OWNER='airflow' AIRFLOW_CTX_DAG_ID='hiring_dynamic' AIRFLOW_CTX_TASK_ID='create_folders' AIRFLOW_CTX_EXECUTION_DATE='2025-08-05T15:00:00+00:00' AIRFLOW_CTX_TRY_NUMBER='1' AIRFLOW_CTX_DAG_RUN_ID='scheduled__2025-08-05T15:00:00+00:00'
[2025-10-28T00:43:11.333+0000] {logging_mixin.py:154} INFO - Carpetas creadas en: /opt/airflow/data/dynamic/2025-08-05
[2025-10-28T00:43:11.337+0000] {python.py:194} INFO - Done. Returned value was: None
[2025-10-28T00:43:11.339+0000] {taskinstance.py:1400} INFO - Marking task as SUCCESS. dag_id=hiring_dynamic, task_id=create_folders, execution_date=20250805T150000, start_date=20251028T004311, end_date=20251028T004311
[2025-10-28T00:43:11.374+0000] {local_task_job_runner.py:228} INFO - Task exited with return code 0
[2025-10-28T00:43:11.388+0000] {taskinstance.py:2778} INFO - 1 downstream tasks scheduled from follow-on schedule check
[2025-10-28T01:29:53.497+0000] {taskinstance.py:1159} INFO - Dependencies all met for dep_context=non-requeueable deps ti=<TaskInstance: hiring_dynamic.create_folders scheduled__2025-08-05T15:00:00+00:00 [queued]>
[2025-10-28T01:29:53.500+0000] {taskinstance.py:1159} INFO - Dependencies all met for dep_context=requeueable deps ti=<TaskInstance: hiring_dynamic.create_folders scheduled__2025-08-05T15:00:00+00:00 [queued]>
[2025-10-28T01:29:53.500+0000] {taskinstance.py:1361} INFO - Starting attempt 1 of 1
[2025-10-28T01:29:53.506+0000] {taskinstance.py:1382} INFO - Executing <Task(PythonOperator): create_folders> on 2025-08-05 15:00:00+00:00
[2025-10-28T01:29:53.513+0000] {standard_task_runner.py:57} INFO - Started process 1675 to run task
[2025-10-28T01:29:53.517+0000] {standard_task_runner.py:84} INFO - Running: ['airflow', 'tasks', 'run', 'hiring_dynamic', 'create_folders', 'scheduled__2025-08-05T15:00:00+00:00', '--job-id', '62', '--raw', '--subdir', 'DAGS_FOLDER/dag_dynamic.py', '--cfg-path', '/tmp/tmpz33sumq7']
[2025-10-28T01:29:53.518+0000] {standard_task_runner.py:85} INFO - Job 62: Subtask create_folders
[2025-10-28T01:29:53.543+0000] {task_command.py:416} INFO - Running <TaskInstance: hiring_dynamic.create_folders scheduled__2025-08-05T15:00:00+00:00 [running]> on host c46dbfd34b1f
[2025-10-28T01:29:53.575+0000] {taskinstance.py:1662} INFO - Exporting env vars: AIRFLOW_CTX_DAG_OWNER='airflow' AIRFLOW_CTX_DAG_ID='hiring_dynamic' AIRFLOW_CTX_TASK_ID='create_folders' AIRFLOW_CTX_EXECUTION_DATE='2025-08-05T15:00:00+00:00' AIRFLOW_CTX_TRY_NUMBER='1' AIRFLOW_CTX_DAG_RUN_ID='scheduled__2025-08-05T15:00:00+00:00'
[2025-10-28T01:29:53.577+0000] {logging_mixin.py:154} INFO - Carpetas creadas en: /opt/airflow/data/dynamic/2025-08-05
[2025-10-28T01:29:53.581+0000] {python.py:194} INFO - Done. Returned value was: None
[2025-10-28T01:29:53.583+0000] {taskinstance.py:1400} INFO - Marking task as SUCCESS. dag_id=hiring_dynamic, task_id=create_folders, execution_date=20250805T150000, start_date=20251028T012953, end_date=20251028T012953
[2025-10-28T01:29:53.626+0000] {local_task_job_runner.py:228} INFO - Task exited with return code 0
[2025-10-28T01:29:53.639+0000] {taskinstance.py:2778} INFO - 1 downstream tasks scheduled from follow-on schedule check
