[2025-10-28T00:45:39.448+0000] {taskinstance.py:1159} INFO - Dependencies all met for dep_context=non-requeueable deps ti=<TaskInstance: hiring_dynamic.evaluate_models scheduled__2025-05-05T15:00:00+00:00 [queued]>
[2025-10-28T00:45:39.460+0000] {taskinstance.py:1159} INFO - Dependencies all met for dep_context=requeueable deps ti=<TaskInstance: hiring_dynamic.evaluate_models scheduled__2025-05-05T15:00:00+00:00 [queued]>
[2025-10-28T00:45:39.461+0000] {taskinstance.py:1361} INFO - Starting attempt 1 of 1
[2025-10-28T00:45:39.491+0000] {taskinstance.py:1382} INFO - Executing <Task(PythonOperator): evaluate_models> on 2025-05-05 15:00:00+00:00
[2025-10-28T00:45:39.527+0000] {standard_task_runner.py:57} INFO - Started process 2563 to run task
[2025-10-28T00:45:39.538+0000] {standard_task_runner.py:84} INFO - Running: ['airflow', 'tasks', 'run', 'hiring_dynamic', 'evaluate_models', 'scheduled__2025-05-05T15:00:00+00:00', '--job-id', '112', '--raw', '--subdir', 'DAGS_FOLDER/dag_dynamic.py', '--cfg-path', '/tmp/tmpunuzjf0o']
[2025-10-28T00:45:39.541+0000] {standard_task_runner.py:85} INFO - Job 112: Subtask evaluate_models
[2025-10-28T00:45:39.586+0000] {task_command.py:416} INFO - Running <TaskInstance: hiring_dynamic.evaluate_models scheduled__2025-05-05T15:00:00+00:00 [running]> on host d1f69dfe6243
[2025-10-28T00:45:39.649+0000] {taskinstance.py:1662} INFO - Exporting env vars: AIRFLOW_CTX_DAG_OWNER='airflow' AIRFLOW_CTX_DAG_ID='hiring_dynamic' AIRFLOW_CTX_TASK_ID='evaluate_models' AIRFLOW_CTX_EXECUTION_DATE='2025-05-05T15:00:00+00:00' AIRFLOW_CTX_TRY_NUMBER='1' AIRFLOW_CTX_DAG_RUN_ID='scheduled__2025-05-05T15:00:00+00:00'
[2025-10-28T00:45:39.661+0000] {logging_mixin.py:154} INFO - Evaluando 3 modelos en experimento 'dynamic'...
[2025-10-28T00:45:39.677+0000] {logging_mixin.py:154} INFO -   logistic_regression: Accuracy = 0.8700
[2025-10-28T00:45:39.698+0000] {logging_mixin.py:154} INFO -   gradient_boosting: Accuracy = 0.9300
[2025-10-28T00:45:39.855+0000] {logging_mixin.py:154} INFO -   random_forest: Accuracy = 0.9467
[2025-10-28T00:45:39.856+0000] {logging_mixin.py:154} INFO - 
✅ Mejor modelo (dynamic): random_forest
[2025-10-28T00:45:39.856+0000] {logging_mixin.py:154} INFO -    Accuracy: 0.9467
[2025-10-28T00:45:40.228+0000] {logging_mixin.py:154} INFO -    Guardado en: /opt/airflow/data/dynamic/2025-05-05/models/best_model.joblib
[2025-10-28T00:45:40.245+0000] {python.py:194} INFO - Done. Returned value was: None
[2025-10-28T00:45:40.247+0000] {taskinstance.py:1400} INFO - Marking task as SUCCESS. dag_id=hiring_dynamic, task_id=evaluate_models, execution_date=20250505T150000, start_date=20251028T004539, end_date=20251028T004540
[2025-10-28T00:45:40.282+0000] {local_task_job_runner.py:228} INFO - Task exited with return code 0
[2025-10-28T00:45:40.292+0000] {taskinstance.py:2778} INFO - 0 downstream tasks scheduled from follow-on schedule check
[2025-10-28T01:32:33.321+0000] {taskinstance.py:1159} INFO - Dependencies all met for dep_context=non-requeueable deps ti=<TaskInstance: hiring_dynamic.evaluate_models scheduled__2025-05-05T15:00:00+00:00 [queued]>
[2025-10-28T01:32:33.327+0000] {taskinstance.py:1159} INFO - Dependencies all met for dep_context=requeueable deps ti=<TaskInstance: hiring_dynamic.evaluate_models scheduled__2025-05-05T15:00:00+00:00 [queued]>
[2025-10-28T01:32:33.327+0000] {taskinstance.py:1361} INFO - Starting attempt 1 of 1
[2025-10-28T01:32:33.337+0000] {taskinstance.py:1382} INFO - Executing <Task(PythonOperator): evaluate_models> on 2025-05-05 15:00:00+00:00
[2025-10-28T01:32:33.358+0000] {standard_task_runner.py:57} INFO - Started process 2634 to run task
[2025-10-28T01:32:33.364+0000] {standard_task_runner.py:84} INFO - Running: ['airflow', 'tasks', 'run', 'hiring_dynamic', 'evaluate_models', 'scheduled__2025-05-05T15:00:00+00:00', '--job-id', '104', '--raw', '--subdir', 'DAGS_FOLDER/dag_dynamic.py', '--cfg-path', '/tmp/tmpcdicqp9x']
[2025-10-28T01:32:33.368+0000] {standard_task_runner.py:85} INFO - Job 104: Subtask evaluate_models
[2025-10-28T01:32:33.421+0000] {task_command.py:416} INFO - Running <TaskInstance: hiring_dynamic.evaluate_models scheduled__2025-05-05T15:00:00+00:00 [running]> on host c46dbfd34b1f
[2025-10-28T01:32:33.542+0000] {taskinstance.py:1662} INFO - Exporting env vars: AIRFLOW_CTX_DAG_OWNER='airflow' AIRFLOW_CTX_DAG_ID='hiring_dynamic' AIRFLOW_CTX_TASK_ID='evaluate_models' AIRFLOW_CTX_EXECUTION_DATE='2025-05-05T15:00:00+00:00' AIRFLOW_CTX_TRY_NUMBER='1' AIRFLOW_CTX_DAG_RUN_ID='scheduled__2025-05-05T15:00:00+00:00'
[2025-10-28T01:32:33.574+0000] {logging_mixin.py:154} INFO - Evaluando 3 modelos en experimento 'dynamic'...
[2025-10-28T01:32:33.584+0000] {logging_mixin.py:154} INFO -   logistic_regression: Accuracy = 0.8700
[2025-10-28T01:32:33.594+0000] {logging_mixin.py:154} INFO -   gradient_boosting: Accuracy = 0.9300
[2025-10-28T01:32:33.741+0000] {logging_mixin.py:154} INFO -   random_forest: Accuracy = 0.9467
[2025-10-28T01:32:33.742+0000] {logging_mixin.py:154} INFO - 
✅ Mejor modelo (dynamic): random_forest
[2025-10-28T01:32:33.742+0000] {logging_mixin.py:154} INFO -    Accuracy: 0.9467
[2025-10-28T01:32:34.182+0000] {logging_mixin.py:154} INFO -    Guardado en: /opt/airflow/data/dynamic/2025-05-05/models/best_model.joblib
[2025-10-28T01:32:34.198+0000] {python.py:194} INFO - Done. Returned value was: None
[2025-10-28T01:32:34.200+0000] {taskinstance.py:1400} INFO - Marking task as SUCCESS. dag_id=hiring_dynamic, task_id=evaluate_models, execution_date=20250505T150000, start_date=20251028T013233, end_date=20251028T013234
[2025-10-28T01:32:34.251+0000] {local_task_job_runner.py:228} INFO - Task exited with return code 0
[2025-10-28T01:32:34.269+0000] {taskinstance.py:2778} INFO - 0 downstream tasks scheduled from follow-on schedule check
