[2025-12-02T00:11:33.312+0000] {processor.py:157} INFO - Started process (PID=9076) to work on /opt/airflow/dags/utils/__init__.py
[2025-12-02T00:11:33.313+0000] {processor.py:829} INFO - Processing file /opt/airflow/dags/utils/__init__.py for tasks to queue
[2025-12-02T00:11:33.314+0000] {logging_mixin.py:154} INFO - [2025-12-02T00:11:33.314+0000] {dagbag.py:536} INFO - Filling up the DagBag from /opt/airflow/dags/utils/__init__.py
[2025-12-02T00:11:33.319+0000] {processor.py:841} WARNING - No viable dags retrieved from /opt/airflow/dags/utils/__init__.py
[2025-12-02T00:11:33.340+0000] {processor.py:179} INFO - Processing /opt/airflow/dags/utils/__init__.py took 0.042 seconds
[2025-12-02T00:12:03.686+0000] {processor.py:157} INFO - Started process (PID=9116) to work on /opt/airflow/dags/utils/__init__.py
[2025-12-02T00:12:03.687+0000] {processor.py:829} INFO - Processing file /opt/airflow/dags/utils/__init__.py for tasks to queue
[2025-12-02T00:12:03.687+0000] {logging_mixin.py:154} INFO - [2025-12-02T00:12:03.687+0000] {dagbag.py:536} INFO - Filling up the DagBag from /opt/airflow/dags/utils/__init__.py
[2025-12-02T00:12:03.689+0000] {processor.py:841} WARNING - No viable dags retrieved from /opt/airflow/dags/utils/__init__.py
[2025-12-02T00:12:03.698+0000] {processor.py:179} INFO - Processing /opt/airflow/dags/utils/__init__.py took 0.016 seconds
[2025-12-02T00:12:34.402+0000] {processor.py:157} INFO - Started process (PID=9181) to work on /opt/airflow/dags/utils/__init__.py
[2025-12-02T00:12:34.403+0000] {processor.py:829} INFO - Processing file /opt/airflow/dags/utils/__init__.py for tasks to queue
[2025-12-02T00:12:34.404+0000] {logging_mixin.py:154} INFO - [2025-12-02T00:12:34.403+0000] {dagbag.py:536} INFO - Filling up the DagBag from /opt/airflow/dags/utils/__init__.py
[2025-12-02T00:12:34.406+0000] {processor.py:841} WARNING - No viable dags retrieved from /opt/airflow/dags/utils/__init__.py
[2025-12-02T00:12:34.421+0000] {processor.py:179} INFO - Processing /opt/airflow/dags/utils/__init__.py took 0.023 seconds
[2025-12-02T00:13:04.648+0000] {processor.py:157} INFO - Started process (PID=9234) to work on /opt/airflow/dags/utils/__init__.py
[2025-12-02T00:13:04.703+0000] {processor.py:829} INFO - Processing file /opt/airflow/dags/utils/__init__.py for tasks to queue
[2025-12-02T00:13:04.704+0000] {logging_mixin.py:154} INFO - [2025-12-02T00:13:04.704+0000] {dagbag.py:536} INFO - Filling up the DagBag from /opt/airflow/dags/utils/__init__.py
[2025-12-02T00:13:04.706+0000] {processor.py:841} WARNING - No viable dags retrieved from /opt/airflow/dags/utils/__init__.py
[2025-12-02T00:13:04.717+0000] {processor.py:179} INFO - Processing /opt/airflow/dags/utils/__init__.py took 0.072 seconds
[2025-12-02T00:13:34.865+0000] {processor.py:157} INFO - Started process (PID=9299) to work on /opt/airflow/dags/utils/__init__.py
[2025-12-02T00:13:34.866+0000] {processor.py:829} INFO - Processing file /opt/airflow/dags/utils/__init__.py for tasks to queue
[2025-12-02T00:13:34.866+0000] {logging_mixin.py:154} INFO - [2025-12-02T00:13:34.866+0000] {dagbag.py:536} INFO - Filling up the DagBag from /opt/airflow/dags/utils/__init__.py
[2025-12-02T00:13:34.868+0000] {processor.py:841} WARNING - No viable dags retrieved from /opt/airflow/dags/utils/__init__.py
[2025-12-02T00:13:34.878+0000] {processor.py:179} INFO - Processing /opt/airflow/dags/utils/__init__.py took 0.015 seconds
[2025-12-02T00:14:05.577+0000] {processor.py:157} INFO - Started process (PID=9364) to work on /opt/airflow/dags/utils/__init__.py
[2025-12-02T00:14:05.610+0000] {processor.py:829} INFO - Processing file /opt/airflow/dags/utils/__init__.py for tasks to queue
[2025-12-02T00:14:05.610+0000] {logging_mixin.py:154} INFO - [2025-12-02T00:14:05.610+0000] {dagbag.py:536} INFO - Filling up the DagBag from /opt/airflow/dags/utils/__init__.py
[2025-12-02T00:14:05.612+0000] {processor.py:841} WARNING - No viable dags retrieved from /opt/airflow/dags/utils/__init__.py
[2025-12-02T00:14:05.622+0000] {processor.py:179} INFO - Processing /opt/airflow/dags/utils/__init__.py took 0.048 seconds
[2025-12-02T00:14:35.770+0000] {processor.py:157} INFO - Started process (PID=9422) to work on /opt/airflow/dags/utils/__init__.py
[2025-12-02T00:14:35.771+0000] {processor.py:829} INFO - Processing file /opt/airflow/dags/utils/__init__.py for tasks to queue
[2025-12-02T00:14:35.771+0000] {logging_mixin.py:154} INFO - [2025-12-02T00:14:35.771+0000] {dagbag.py:536} INFO - Filling up the DagBag from /opt/airflow/dags/utils/__init__.py
[2025-12-02T00:14:35.773+0000] {processor.py:841} WARNING - No viable dags retrieved from /opt/airflow/dags/utils/__init__.py
[2025-12-02T00:14:35.782+0000] {processor.py:179} INFO - Processing /opt/airflow/dags/utils/__init__.py took 0.015 seconds
[2025-12-02T00:15:06.706+0000] {processor.py:157} INFO - Started process (PID=9489) to work on /opt/airflow/dags/utils/__init__.py
[2025-12-02T00:15:06.706+0000] {processor.py:829} INFO - Processing file /opt/airflow/dags/utils/__init__.py for tasks to queue
[2025-12-02T00:15:06.707+0000] {logging_mixin.py:154} INFO - [2025-12-02T00:15:06.707+0000] {dagbag.py:536} INFO - Filling up the DagBag from /opt/airflow/dags/utils/__init__.py
[2025-12-02T00:15:06.708+0000] {processor.py:841} WARNING - No viable dags retrieved from /opt/airflow/dags/utils/__init__.py
[2025-12-02T00:15:06.717+0000] {processor.py:179} INFO - Processing /opt/airflow/dags/utils/__init__.py took 0.013 seconds
[2025-12-02T00:15:37.105+0000] {processor.py:157} INFO - Started process (PID=9554) to work on /opt/airflow/dags/utils/__init__.py
[2025-12-02T00:15:37.105+0000] {processor.py:829} INFO - Processing file /opt/airflow/dags/utils/__init__.py for tasks to queue
[2025-12-02T00:15:37.106+0000] {logging_mixin.py:154} INFO - [2025-12-02T00:15:37.105+0000] {dagbag.py:536} INFO - Filling up the DagBag from /opt/airflow/dags/utils/__init__.py
[2025-12-02T00:15:37.107+0000] {processor.py:841} WARNING - No viable dags retrieved from /opt/airflow/dags/utils/__init__.py
[2025-12-02T00:15:37.116+0000] {processor.py:179} INFO - Processing /opt/airflow/dags/utils/__init__.py took 0.015 seconds
[2025-12-02T00:16:07.836+0000] {processor.py:157} INFO - Started process (PID=9619) to work on /opt/airflow/dags/utils/__init__.py
[2025-12-02T00:16:07.836+0000] {processor.py:829} INFO - Processing file /opt/airflow/dags/utils/__init__.py for tasks to queue
[2025-12-02T00:16:07.837+0000] {logging_mixin.py:154} INFO - [2025-12-02T00:16:07.837+0000] {dagbag.py:536} INFO - Filling up the DagBag from /opt/airflow/dags/utils/__init__.py
[2025-12-02T00:16:07.839+0000] {processor.py:841} WARNING - No viable dags retrieved from /opt/airflow/dags/utils/__init__.py
[2025-12-02T00:16:07.848+0000] {processor.py:179} INFO - Processing /opt/airflow/dags/utils/__init__.py took 0.016 seconds
[2025-12-02T00:16:38.617+0000] {processor.py:157} INFO - Started process (PID=9677) to work on /opt/airflow/dags/utils/__init__.py
[2025-12-02T00:16:38.617+0000] {processor.py:829} INFO - Processing file /opt/airflow/dags/utils/__init__.py for tasks to queue
[2025-12-02T00:16:38.618+0000] {logging_mixin.py:154} INFO - [2025-12-02T00:16:38.617+0000] {dagbag.py:536} INFO - Filling up the DagBag from /opt/airflow/dags/utils/__init__.py
[2025-12-02T00:16:38.619+0000] {processor.py:841} WARNING - No viable dags retrieved from /opt/airflow/dags/utils/__init__.py
[2025-12-02T00:16:38.628+0000] {processor.py:179} INFO - Processing /opt/airflow/dags/utils/__init__.py took 0.013 seconds
[2025-12-02T00:17:09.304+0000] {processor.py:157} INFO - Started process (PID=9743) to work on /opt/airflow/dags/utils/__init__.py
[2025-12-02T00:17:09.305+0000] {processor.py:829} INFO - Processing file /opt/airflow/dags/utils/__init__.py for tasks to queue
[2025-12-02T00:17:09.306+0000] {logging_mixin.py:154} INFO - [2025-12-02T00:17:09.305+0000] {dagbag.py:536} INFO - Filling up the DagBag from /opt/airflow/dags/utils/__init__.py
[2025-12-02T00:17:09.307+0000] {processor.py:841} WARNING - No viable dags retrieved from /opt/airflow/dags/utils/__init__.py
[2025-12-02T00:17:09.317+0000] {processor.py:179} INFO - Processing /opt/airflow/dags/utils/__init__.py took 0.016 seconds
[2025-12-02T00:17:39.984+0000] {processor.py:157} INFO - Started process (PID=9808) to work on /opt/airflow/dags/utils/__init__.py
[2025-12-02T00:17:39.985+0000] {processor.py:829} INFO - Processing file /opt/airflow/dags/utils/__init__.py for tasks to queue
[2025-12-02T00:17:39.985+0000] {logging_mixin.py:154} INFO - [2025-12-02T00:17:39.985+0000] {dagbag.py:536} INFO - Filling up the DagBag from /opt/airflow/dags/utils/__init__.py
[2025-12-02T00:17:39.987+0000] {processor.py:841} WARNING - No viable dags retrieved from /opt/airflow/dags/utils/__init__.py
[2025-12-02T00:17:39.997+0000] {processor.py:179} INFO - Processing /opt/airflow/dags/utils/__init__.py took 0.015 seconds
[2025-12-02T00:18:10.670+0000] {processor.py:157} INFO - Started process (PID=9866) to work on /opt/airflow/dags/utils/__init__.py
[2025-12-02T00:18:10.671+0000] {processor.py:829} INFO - Processing file /opt/airflow/dags/utils/__init__.py for tasks to queue
[2025-12-02T00:18:10.672+0000] {logging_mixin.py:154} INFO - [2025-12-02T00:18:10.671+0000] {dagbag.py:536} INFO - Filling up the DagBag from /opt/airflow/dags/utils/__init__.py
[2025-12-02T00:18:10.673+0000] {processor.py:841} WARNING - No viable dags retrieved from /opt/airflow/dags/utils/__init__.py
[2025-12-02T00:18:10.684+0000] {processor.py:179} INFO - Processing /opt/airflow/dags/utils/__init__.py took 0.018 seconds
[2025-12-02T00:18:41.445+0000] {processor.py:157} INFO - Started process (PID=9931) to work on /opt/airflow/dags/utils/__init__.py
[2025-12-02T00:18:41.445+0000] {processor.py:829} INFO - Processing file /opt/airflow/dags/utils/__init__.py for tasks to queue
[2025-12-02T00:18:41.446+0000] {logging_mixin.py:154} INFO - [2025-12-02T00:18:41.445+0000] {dagbag.py:536} INFO - Filling up the DagBag from /opt/airflow/dags/utils/__init__.py
[2025-12-02T00:18:41.447+0000] {processor.py:841} WARNING - No viable dags retrieved from /opt/airflow/dags/utils/__init__.py
[2025-12-02T00:18:41.457+0000] {processor.py:179} INFO - Processing /opt/airflow/dags/utils/__init__.py took 0.015 seconds
[2025-12-02T00:19:12.111+0000] {processor.py:157} INFO - Started process (PID=9996) to work on /opt/airflow/dags/utils/__init__.py
[2025-12-02T00:19:12.112+0000] {processor.py:829} INFO - Processing file /opt/airflow/dags/utils/__init__.py for tasks to queue
[2025-12-02T00:19:12.113+0000] {logging_mixin.py:154} INFO - [2025-12-02T00:19:12.112+0000] {dagbag.py:536} INFO - Filling up the DagBag from /opt/airflow/dags/utils/__init__.py
[2025-12-02T00:19:12.114+0000] {processor.py:841} WARNING - No viable dags retrieved from /opt/airflow/dags/utils/__init__.py
[2025-12-02T00:19:12.123+0000] {processor.py:179} INFO - Processing /opt/airflow/dags/utils/__init__.py took 0.015 seconds
[2025-12-02T00:19:42.318+0000] {processor.py:157} INFO - Started process (PID=10054) to work on /opt/airflow/dags/utils/__init__.py
[2025-12-02T00:19:42.319+0000] {processor.py:829} INFO - Processing file /opt/airflow/dags/utils/__init__.py for tasks to queue
[2025-12-02T00:19:42.319+0000] {logging_mixin.py:154} INFO - [2025-12-02T00:19:42.319+0000] {dagbag.py:536} INFO - Filling up the DagBag from /opt/airflow/dags/utils/__init__.py
[2025-12-02T00:19:42.320+0000] {processor.py:841} WARNING - No viable dags retrieved from /opt/airflow/dags/utils/__init__.py
[2025-12-02T00:19:42.330+0000] {processor.py:179} INFO - Processing /opt/airflow/dags/utils/__init__.py took 0.015 seconds
[2025-12-02T00:20:12.714+0000] {processor.py:157} INFO - Started process (PID=10119) to work on /opt/airflow/dags/utils/__init__.py
[2025-12-02T00:20:12.715+0000] {processor.py:829} INFO - Processing file /opt/airflow/dags/utils/__init__.py for tasks to queue
[2025-12-02T00:20:12.716+0000] {logging_mixin.py:154} INFO - [2025-12-02T00:20:12.716+0000] {dagbag.py:536} INFO - Filling up the DagBag from /opt/airflow/dags/utils/__init__.py
[2025-12-02T00:20:12.717+0000] {processor.py:841} WARNING - No viable dags retrieved from /opt/airflow/dags/utils/__init__.py
[2025-12-02T00:20:12.727+0000] {processor.py:179} INFO - Processing /opt/airflow/dags/utils/__init__.py took 0.016 seconds
[2025-12-02T00:20:42.989+0000] {processor.py:157} INFO - Started process (PID=10184) to work on /opt/airflow/dags/utils/__init__.py
[2025-12-02T00:20:42.989+0000] {processor.py:829} INFO - Processing file /opt/airflow/dags/utils/__init__.py for tasks to queue
[2025-12-02T00:20:42.990+0000] {logging_mixin.py:154} INFO - [2025-12-02T00:20:42.989+0000] {dagbag.py:536} INFO - Filling up the DagBag from /opt/airflow/dags/utils/__init__.py
[2025-12-02T00:20:42.991+0000] {processor.py:841} WARNING - No viable dags retrieved from /opt/airflow/dags/utils/__init__.py
[2025-12-02T00:20:43.004+0000] {processor.py:179} INFO - Processing /opt/airflow/dags/utils/__init__.py took 0.018 seconds
[2025-12-02T00:21:13.703+0000] {processor.py:157} INFO - Started process (PID=10242) to work on /opt/airflow/dags/utils/__init__.py
[2025-12-02T00:21:13.704+0000] {processor.py:829} INFO - Processing file /opt/airflow/dags/utils/__init__.py for tasks to queue
[2025-12-02T00:21:13.704+0000] {logging_mixin.py:154} INFO - [2025-12-02T00:21:13.704+0000] {dagbag.py:536} INFO - Filling up the DagBag from /opt/airflow/dags/utils/__init__.py
[2025-12-02T00:21:13.706+0000] {processor.py:841} WARNING - No viable dags retrieved from /opt/airflow/dags/utils/__init__.py
[2025-12-02T00:21:13.716+0000] {processor.py:179} INFO - Processing /opt/airflow/dags/utils/__init__.py took 0.016 seconds
[2025-12-02T00:21:43.779+0000] {processor.py:157} INFO - Started process (PID=10307) to work on /opt/airflow/dags/utils/__init__.py
[2025-12-02T00:21:43.780+0000] {processor.py:829} INFO - Processing file /opt/airflow/dags/utils/__init__.py for tasks to queue
[2025-12-02T00:21:43.780+0000] {logging_mixin.py:154} INFO - [2025-12-02T00:21:43.780+0000] {dagbag.py:536} INFO - Filling up the DagBag from /opt/airflow/dags/utils/__init__.py
[2025-12-02T00:21:43.781+0000] {processor.py:841} WARNING - No viable dags retrieved from /opt/airflow/dags/utils/__init__.py
[2025-12-02T00:21:43.792+0000] {processor.py:179} INFO - Processing /opt/airflow/dags/utils/__init__.py took 0.016 seconds
[2025-12-02T00:22:13.999+0000] {processor.py:157} INFO - Started process (PID=10372) to work on /opt/airflow/dags/utils/__init__.py
[2025-12-02T00:22:14.000+0000] {processor.py:829} INFO - Processing file /opt/airflow/dags/utils/__init__.py for tasks to queue
[2025-12-02T00:22:14.000+0000] {logging_mixin.py:154} INFO - [2025-12-02T00:22:14.000+0000] {dagbag.py:536} INFO - Filling up the DagBag from /opt/airflow/dags/utils/__init__.py
[2025-12-02T00:22:14.002+0000] {processor.py:841} WARNING - No viable dags retrieved from /opt/airflow/dags/utils/__init__.py
[2025-12-02T00:22:14.138+0000] {processor.py:179} INFO - Processing /opt/airflow/dags/utils/__init__.py took 0.142 seconds
[2025-12-02T00:22:44.939+0000] {processor.py:157} INFO - Started process (PID=10430) to work on /opt/airflow/dags/utils/__init__.py
[2025-12-02T00:22:44.940+0000] {processor.py:829} INFO - Processing file /opt/airflow/dags/utils/__init__.py for tasks to queue
[2025-12-02T00:22:44.940+0000] {logging_mixin.py:154} INFO - [2025-12-02T00:22:44.940+0000] {dagbag.py:536} INFO - Filling up the DagBag from /opt/airflow/dags/utils/__init__.py
[2025-12-02T00:22:44.942+0000] {processor.py:841} WARNING - No viable dags retrieved from /opt/airflow/dags/utils/__init__.py
[2025-12-02T00:22:44.952+0000] {processor.py:179} INFO - Processing /opt/airflow/dags/utils/__init__.py took 0.015 seconds
[2025-12-02T00:23:15.718+0000] {processor.py:157} INFO - Started process (PID=10496) to work on /opt/airflow/dags/utils/__init__.py
[2025-12-02T00:23:15.719+0000] {processor.py:829} INFO - Processing file /opt/airflow/dags/utils/__init__.py for tasks to queue
[2025-12-02T00:23:15.720+0000] {logging_mixin.py:154} INFO - [2025-12-02T00:23:15.719+0000] {dagbag.py:536} INFO - Filling up the DagBag from /opt/airflow/dags/utils/__init__.py
[2025-12-02T00:23:15.721+0000] {processor.py:841} WARNING - No viable dags retrieved from /opt/airflow/dags/utils/__init__.py
[2025-12-02T00:23:15.732+0000] {processor.py:179} INFO - Processing /opt/airflow/dags/utils/__init__.py took 0.017 seconds
[2025-12-02T15:03:06.814+0000] {processor.py:157} INFO - Started process (PID=193) to work on /opt/airflow/dags/utils/__init__.py
[2025-12-02T15:03:06.816+0000] {processor.py:829} INFO - Processing file /opt/airflow/dags/utils/__init__.py for tasks to queue
[2025-12-02T15:03:06.817+0000] {logging_mixin.py:154} INFO - [2025-12-02T15:03:06.817+0000] {dagbag.py:536} INFO - Filling up the DagBag from /opt/airflow/dags/utils/__init__.py
[2025-12-02T15:03:06.828+0000] {processor.py:841} WARNING - No viable dags retrieved from /opt/airflow/dags/utils/__init__.py
[2025-12-02T15:03:06.860+0000] {processor.py:179} INFO - Processing /opt/airflow/dags/utils/__init__.py took 0.054 seconds
[2025-12-02T15:09:26.766+0000] {processor.py:157} INFO - Started process (PID=175) to work on /opt/airflow/dags/utils/__init__.py
[2025-12-02T15:09:26.766+0000] {processor.py:829} INFO - Processing file /opt/airflow/dags/utils/__init__.py for tasks to queue
[2025-12-02T15:09:26.767+0000] {logging_mixin.py:154} INFO - [2025-12-02T15:09:26.767+0000] {dagbag.py:536} INFO - Filling up the DagBag from /opt/airflow/dags/utils/__init__.py
[2025-12-02T15:09:26.768+0000] {processor.py:841} WARNING - No viable dags retrieved from /opt/airflow/dags/utils/__init__.py
[2025-12-02T15:09:26.779+0000] {processor.py:179} INFO - Processing /opt/airflow/dags/utils/__init__.py took 0.016 seconds
[2025-12-02T15:09:57.183+0000] {processor.py:157} INFO - Started process (PID=229) to work on /opt/airflow/dags/utils/__init__.py
[2025-12-02T15:09:57.183+0000] {processor.py:829} INFO - Processing file /opt/airflow/dags/utils/__init__.py for tasks to queue
[2025-12-02T15:09:57.184+0000] {logging_mixin.py:154} INFO - [2025-12-02T15:09:57.184+0000] {dagbag.py:536} INFO - Filling up the DagBag from /opt/airflow/dags/utils/__init__.py
[2025-12-02T15:09:57.185+0000] {processor.py:841} WARNING - No viable dags retrieved from /opt/airflow/dags/utils/__init__.py
[2025-12-02T15:09:57.194+0000] {processor.py:179} INFO - Processing /opt/airflow/dags/utils/__init__.py took 0.014 seconds
[2025-12-02T15:10:27.576+0000] {processor.py:157} INFO - Started process (PID=281) to work on /opt/airflow/dags/utils/__init__.py
[2025-12-02T15:10:27.577+0000] {processor.py:829} INFO - Processing file /opt/airflow/dags/utils/__init__.py for tasks to queue
[2025-12-02T15:10:27.577+0000] {logging_mixin.py:154} INFO - [2025-12-02T15:10:27.577+0000] {dagbag.py:536} INFO - Filling up the DagBag from /opt/airflow/dags/utils/__init__.py
[2025-12-02T15:10:27.579+0000] {processor.py:841} WARNING - No viable dags retrieved from /opt/airflow/dags/utils/__init__.py
[2025-12-02T15:10:27.589+0000] {processor.py:179} INFO - Processing /opt/airflow/dags/utils/__init__.py took 0.015 seconds
[2025-12-02T15:10:57.988+0000] {processor.py:157} INFO - Started process (PID=340) to work on /opt/airflow/dags/utils/__init__.py
[2025-12-02T15:10:57.989+0000] {processor.py:829} INFO - Processing file /opt/airflow/dags/utils/__init__.py for tasks to queue
[2025-12-02T15:10:57.989+0000] {logging_mixin.py:154} INFO - [2025-12-02T15:10:57.989+0000] {dagbag.py:536} INFO - Filling up the DagBag from /opt/airflow/dags/utils/__init__.py
[2025-12-02T15:10:57.991+0000] {processor.py:841} WARNING - No viable dags retrieved from /opt/airflow/dags/utils/__init__.py
[2025-12-02T15:10:58.001+0000] {processor.py:179} INFO - Processing /opt/airflow/dags/utils/__init__.py took 0.016 seconds
[2025-12-02T15:11:28.381+0000] {processor.py:157} INFO - Started process (PID=399) to work on /opt/airflow/dags/utils/__init__.py
[2025-12-02T15:11:28.382+0000] {processor.py:829} INFO - Processing file /opt/airflow/dags/utils/__init__.py for tasks to queue
[2025-12-02T15:11:28.382+0000] {logging_mixin.py:154} INFO - [2025-12-02T15:11:28.382+0000] {dagbag.py:536} INFO - Filling up the DagBag from /opt/airflow/dags/utils/__init__.py
[2025-12-02T15:11:28.383+0000] {processor.py:841} WARNING - No viable dags retrieved from /opt/airflow/dags/utils/__init__.py
[2025-12-02T15:11:28.392+0000] {processor.py:179} INFO - Processing /opt/airflow/dags/utils/__init__.py took 0.013 seconds
[2025-12-02T15:11:58.762+0000] {processor.py:157} INFO - Started process (PID=451) to work on /opt/airflow/dags/utils/__init__.py
[2025-12-02T15:11:58.762+0000] {processor.py:829} INFO - Processing file /opt/airflow/dags/utils/__init__.py for tasks to queue
[2025-12-02T15:11:58.763+0000] {logging_mixin.py:154} INFO - [2025-12-02T15:11:58.762+0000] {dagbag.py:536} INFO - Filling up the DagBag from /opt/airflow/dags/utils/__init__.py
[2025-12-02T15:11:58.764+0000] {processor.py:841} WARNING - No viable dags retrieved from /opt/airflow/dags/utils/__init__.py
[2025-12-02T15:11:58.775+0000] {processor.py:179} INFO - Processing /opt/airflow/dags/utils/__init__.py took 0.016 seconds
[2025-12-02T15:12:29.161+0000] {processor.py:157} INFO - Started process (PID=510) to work on /opt/airflow/dags/utils/__init__.py
[2025-12-02T15:12:29.162+0000] {processor.py:829} INFO - Processing file /opt/airflow/dags/utils/__init__.py for tasks to queue
[2025-12-02T15:12:29.163+0000] {logging_mixin.py:154} INFO - [2025-12-02T15:12:29.163+0000] {dagbag.py:536} INFO - Filling up the DagBag from /opt/airflow/dags/utils/__init__.py
[2025-12-02T15:12:29.165+0000] {processor.py:841} WARNING - No viable dags retrieved from /opt/airflow/dags/utils/__init__.py
[2025-12-02T15:12:29.176+0000] {processor.py:179} INFO - Processing /opt/airflow/dags/utils/__init__.py took 0.018 seconds
[2025-12-02T15:12:59.559+0000] {processor.py:157} INFO - Started process (PID=569) to work on /opt/airflow/dags/utils/__init__.py
[2025-12-02T15:12:59.560+0000] {processor.py:829} INFO - Processing file /opt/airflow/dags/utils/__init__.py for tasks to queue
[2025-12-02T15:12:59.560+0000] {logging_mixin.py:154} INFO - [2025-12-02T15:12:59.560+0000] {dagbag.py:536} INFO - Filling up the DagBag from /opt/airflow/dags/utils/__init__.py
[2025-12-02T15:12:59.562+0000] {processor.py:841} WARNING - No viable dags retrieved from /opt/airflow/dags/utils/__init__.py
[2025-12-02T15:12:59.571+0000] {processor.py:179} INFO - Processing /opt/airflow/dags/utils/__init__.py took 0.015 seconds
[2025-12-02T15:13:29.949+0000] {processor.py:157} INFO - Started process (PID=621) to work on /opt/airflow/dags/utils/__init__.py
[2025-12-02T15:13:29.949+0000] {processor.py:829} INFO - Processing file /opt/airflow/dags/utils/__init__.py for tasks to queue
[2025-12-02T15:13:29.950+0000] {logging_mixin.py:154} INFO - [2025-12-02T15:13:29.949+0000] {dagbag.py:536} INFO - Filling up the DagBag from /opt/airflow/dags/utils/__init__.py
[2025-12-02T15:13:29.951+0000] {processor.py:841} WARNING - No viable dags retrieved from /opt/airflow/dags/utils/__init__.py
[2025-12-02T15:13:29.961+0000] {processor.py:179} INFO - Processing /opt/airflow/dags/utils/__init__.py took 0.014 seconds
[2025-12-02T15:14:00.349+0000] {processor.py:157} INFO - Started process (PID=680) to work on /opt/airflow/dags/utils/__init__.py
[2025-12-02T15:14:00.350+0000] {processor.py:829} INFO - Processing file /opt/airflow/dags/utils/__init__.py for tasks to queue
[2025-12-02T15:14:00.350+0000] {logging_mixin.py:154} INFO - [2025-12-02T15:14:00.350+0000] {dagbag.py:536} INFO - Filling up the DagBag from /opt/airflow/dags/utils/__init__.py
[2025-12-02T15:14:00.352+0000] {processor.py:841} WARNING - No viable dags retrieved from /opt/airflow/dags/utils/__init__.py
[2025-12-02T15:14:00.360+0000] {processor.py:179} INFO - Processing /opt/airflow/dags/utils/__init__.py took 0.014 seconds
[2025-12-02T15:14:30.693+0000] {processor.py:157} INFO - Started process (PID=739) to work on /opt/airflow/dags/utils/__init__.py
[2025-12-02T15:14:30.694+0000] {processor.py:829} INFO - Processing file /opt/airflow/dags/utils/__init__.py for tasks to queue
[2025-12-02T15:14:30.694+0000] {logging_mixin.py:154} INFO - [2025-12-02T15:14:30.694+0000] {dagbag.py:536} INFO - Filling up the DagBag from /opt/airflow/dags/utils/__init__.py
[2025-12-02T15:14:30.696+0000] {processor.py:841} WARNING - No viable dags retrieved from /opt/airflow/dags/utils/__init__.py
[2025-12-02T15:14:30.705+0000] {processor.py:179} INFO - Processing /opt/airflow/dags/utils/__init__.py took 0.015 seconds
[2025-12-02T15:15:00.899+0000] {processor.py:157} INFO - Started process (PID=798) to work on /opt/airflow/dags/utils/__init__.py
[2025-12-02T15:15:00.899+0000] {processor.py:829} INFO - Processing file /opt/airflow/dags/utils/__init__.py for tasks to queue
[2025-12-02T15:15:00.900+0000] {logging_mixin.py:154} INFO - [2025-12-02T15:15:00.900+0000] {dagbag.py:536} INFO - Filling up the DagBag from /opt/airflow/dags/utils/__init__.py
[2025-12-02T15:15:00.901+0000] {processor.py:841} WARNING - No viable dags retrieved from /opt/airflow/dags/utils/__init__.py
[2025-12-02T15:15:00.912+0000] {processor.py:179} INFO - Processing /opt/airflow/dags/utils/__init__.py took 0.017 seconds
[2025-12-02T15:15:31.340+0000] {processor.py:157} INFO - Started process (PID=850) to work on /opt/airflow/dags/utils/__init__.py
[2025-12-02T15:15:31.340+0000] {processor.py:829} INFO - Processing file /opt/airflow/dags/utils/__init__.py for tasks to queue
[2025-12-02T15:15:31.341+0000] {logging_mixin.py:154} INFO - [2025-12-02T15:15:31.341+0000] {dagbag.py:536} INFO - Filling up the DagBag from /opt/airflow/dags/utils/__init__.py
[2025-12-02T15:15:31.342+0000] {processor.py:841} WARNING - No viable dags retrieved from /opt/airflow/dags/utils/__init__.py
[2025-12-02T15:15:31.351+0000] {processor.py:179} INFO - Processing /opt/airflow/dags/utils/__init__.py took 0.013 seconds
[2025-12-02T15:16:01.539+0000] {processor.py:157} INFO - Started process (PID=909) to work on /opt/airflow/dags/utils/__init__.py
[2025-12-02T15:16:01.539+0000] {processor.py:829} INFO - Processing file /opt/airflow/dags/utils/__init__.py for tasks to queue
[2025-12-02T15:16:01.540+0000] {logging_mixin.py:154} INFO - [2025-12-02T15:16:01.540+0000] {dagbag.py:536} INFO - Filling up the DagBag from /opt/airflow/dags/utils/__init__.py
[2025-12-02T15:16:01.542+0000] {processor.py:841} WARNING - No viable dags retrieved from /opt/airflow/dags/utils/__init__.py
[2025-12-02T15:16:01.554+0000] {processor.py:179} INFO - Processing /opt/airflow/dags/utils/__init__.py took 0.018 seconds
[2025-12-02T15:16:31.895+0000] {processor.py:157} INFO - Started process (PID=968) to work on /opt/airflow/dags/utils/__init__.py
[2025-12-02T15:16:31.896+0000] {processor.py:829} INFO - Processing file /opt/airflow/dags/utils/__init__.py for tasks to queue
[2025-12-02T15:16:31.896+0000] {logging_mixin.py:154} INFO - [2025-12-02T15:16:31.896+0000] {dagbag.py:536} INFO - Filling up the DagBag from /opt/airflow/dags/utils/__init__.py
[2025-12-02T15:16:31.897+0000] {processor.py:841} WARNING - No viable dags retrieved from /opt/airflow/dags/utils/__init__.py
[2025-12-02T15:16:31.905+0000] {processor.py:179} INFO - Processing /opt/airflow/dags/utils/__init__.py took 0.012 seconds
[2025-12-02T15:17:02.089+0000] {processor.py:157} INFO - Started process (PID=1020) to work on /opt/airflow/dags/utils/__init__.py
[2025-12-02T15:17:02.090+0000] {processor.py:829} INFO - Processing file /opt/airflow/dags/utils/__init__.py for tasks to queue
[2025-12-02T15:17:02.090+0000] {logging_mixin.py:154} INFO - [2025-12-02T15:17:02.090+0000] {dagbag.py:536} INFO - Filling up the DagBag from /opt/airflow/dags/utils/__init__.py
[2025-12-02T15:17:02.092+0000] {processor.py:841} WARNING - No viable dags retrieved from /opt/airflow/dags/utils/__init__.py
[2025-12-02T15:17:02.101+0000] {processor.py:179} INFO - Processing /opt/airflow/dags/utils/__init__.py took 0.015 seconds
[2025-12-02T15:17:32.452+0000] {processor.py:157} INFO - Started process (PID=1079) to work on /opt/airflow/dags/utils/__init__.py
[2025-12-02T15:17:32.453+0000] {processor.py:829} INFO - Processing file /opt/airflow/dags/utils/__init__.py for tasks to queue
[2025-12-02T15:17:32.453+0000] {logging_mixin.py:154} INFO - [2025-12-02T15:17:32.453+0000] {dagbag.py:536} INFO - Filling up the DagBag from /opt/airflow/dags/utils/__init__.py
[2025-12-02T15:17:32.455+0000] {processor.py:841} WARNING - No viable dags retrieved from /opt/airflow/dags/utils/__init__.py
[2025-12-02T15:17:32.465+0000] {processor.py:179} INFO - Processing /opt/airflow/dags/utils/__init__.py took 0.015 seconds
[2025-12-02T15:18:02.809+0000] {processor.py:157} INFO - Started process (PID=1139) to work on /opt/airflow/dags/utils/__init__.py
[2025-12-02T15:18:02.810+0000] {processor.py:829} INFO - Processing file /opt/airflow/dags/utils/__init__.py for tasks to queue
[2025-12-02T15:18:02.810+0000] {logging_mixin.py:154} INFO - [2025-12-02T15:18:02.810+0000] {dagbag.py:536} INFO - Filling up the DagBag from /opt/airflow/dags/utils/__init__.py
[2025-12-02T15:18:02.812+0000] {processor.py:841} WARNING - No viable dags retrieved from /opt/airflow/dags/utils/__init__.py
[2025-12-02T15:18:02.822+0000] {processor.py:179} INFO - Processing /opt/airflow/dags/utils/__init__.py took 0.016 seconds
[2025-12-02T15:18:33.182+0000] {processor.py:157} INFO - Started process (PID=1191) to work on /opt/airflow/dags/utils/__init__.py
[2025-12-02T15:18:33.183+0000] {processor.py:829} INFO - Processing file /opt/airflow/dags/utils/__init__.py for tasks to queue
[2025-12-02T15:18:33.183+0000] {logging_mixin.py:154} INFO - [2025-12-02T15:18:33.183+0000] {dagbag.py:536} INFO - Filling up the DagBag from /opt/airflow/dags/utils/__init__.py
[2025-12-02T15:18:33.185+0000] {processor.py:841} WARNING - No viable dags retrieved from /opt/airflow/dags/utils/__init__.py
[2025-12-02T15:18:33.195+0000] {processor.py:179} INFO - Processing /opt/airflow/dags/utils/__init__.py took 0.015 seconds
[2025-12-02T15:19:03.547+0000] {processor.py:157} INFO - Started process (PID=1250) to work on /opt/airflow/dags/utils/__init__.py
[2025-12-02T15:19:03.548+0000] {processor.py:829} INFO - Processing file /opt/airflow/dags/utils/__init__.py for tasks to queue
[2025-12-02T15:19:03.548+0000] {logging_mixin.py:154} INFO - [2025-12-02T15:19:03.548+0000] {dagbag.py:536} INFO - Filling up the DagBag from /opt/airflow/dags/utils/__init__.py
[2025-12-02T15:19:03.550+0000] {processor.py:841} WARNING - No viable dags retrieved from /opt/airflow/dags/utils/__init__.py
[2025-12-02T15:19:03.559+0000] {processor.py:179} INFO - Processing /opt/airflow/dags/utils/__init__.py took 0.014 seconds
[2025-12-02T15:19:33.928+0000] {processor.py:157} INFO - Started process (PID=1310) to work on /opt/airflow/dags/utils/__init__.py
[2025-12-02T15:19:33.936+0000] {processor.py:829} INFO - Processing file /opt/airflow/dags/utils/__init__.py for tasks to queue
[2025-12-02T15:19:33.937+0000] {logging_mixin.py:154} INFO - [2025-12-02T15:19:33.936+0000] {dagbag.py:536} INFO - Filling up the DagBag from /opt/airflow/dags/utils/__init__.py
[2025-12-02T15:19:33.938+0000] {processor.py:841} WARNING - No viable dags retrieved from /opt/airflow/dags/utils/__init__.py
[2025-12-02T15:19:33.948+0000] {processor.py:179} INFO - Processing /opt/airflow/dags/utils/__init__.py took 0.023 seconds
[2025-12-02T15:20:04.299+0000] {processor.py:157} INFO - Started process (PID=1350) to work on /opt/airflow/dags/utils/__init__.py
[2025-12-02T15:20:04.300+0000] {processor.py:829} INFO - Processing file /opt/airflow/dags/utils/__init__.py for tasks to queue
[2025-12-02T15:20:04.300+0000] {logging_mixin.py:154} INFO - [2025-12-02T15:20:04.300+0000] {dagbag.py:536} INFO - Filling up the DagBag from /opt/airflow/dags/utils/__init__.py
[2025-12-02T15:20:04.302+0000] {processor.py:841} WARNING - No viable dags retrieved from /opt/airflow/dags/utils/__init__.py
[2025-12-02T15:20:04.312+0000] {processor.py:179} INFO - Processing /opt/airflow/dags/utils/__init__.py took 0.015 seconds
[2025-12-02T15:20:34.667+0000] {processor.py:157} INFO - Started process (PID=1409) to work on /opt/airflow/dags/utils/__init__.py
[2025-12-02T15:20:34.667+0000] {processor.py:829} INFO - Processing file /opt/airflow/dags/utils/__init__.py for tasks to queue
[2025-12-02T15:20:34.668+0000] {logging_mixin.py:154} INFO - [2025-12-02T15:20:34.668+0000] {dagbag.py:536} INFO - Filling up the DagBag from /opt/airflow/dags/utils/__init__.py
[2025-12-02T15:20:34.670+0000] {processor.py:841} WARNING - No viable dags retrieved from /opt/airflow/dags/utils/__init__.py
[2025-12-02T15:20:34.691+0000] {processor.py:179} INFO - Processing /opt/airflow/dags/utils/__init__.py took 0.029 seconds
[2025-12-02T15:20:51.744+0000] {processor.py:157} INFO - Started process (PID=175) to work on /opt/airflow/dags/utils/__init__.py
[2025-12-02T15:20:51.745+0000] {processor.py:829} INFO - Processing file /opt/airflow/dags/utils/__init__.py for tasks to queue
[2025-12-02T15:20:51.746+0000] {logging_mixin.py:154} INFO - [2025-12-02T15:20:51.745+0000] {dagbag.py:536} INFO - Filling up the DagBag from /opt/airflow/dags/utils/__init__.py
[2025-12-02T15:20:51.747+0000] {processor.py:841} WARNING - No viable dags retrieved from /opt/airflow/dags/utils/__init__.py
[2025-12-02T15:20:51.758+0000] {processor.py:179} INFO - Processing /opt/airflow/dags/utils/__init__.py took 0.016 seconds
[2025-12-02T15:21:22.199+0000] {processor.py:157} INFO - Started process (PID=229) to work on /opt/airflow/dags/utils/__init__.py
[2025-12-02T15:21:22.199+0000] {processor.py:829} INFO - Processing file /opt/airflow/dags/utils/__init__.py for tasks to queue
[2025-12-02T15:21:22.200+0000] {logging_mixin.py:154} INFO - [2025-12-02T15:21:22.200+0000] {dagbag.py:536} INFO - Filling up the DagBag from /opt/airflow/dags/utils/__init__.py
[2025-12-02T15:21:22.201+0000] {processor.py:841} WARNING - No viable dags retrieved from /opt/airflow/dags/utils/__init__.py
[2025-12-02T15:21:22.211+0000] {processor.py:179} INFO - Processing /opt/airflow/dags/utils/__init__.py took 0.015 seconds
[2025-12-02T15:21:52.457+0000] {processor.py:157} INFO - Started process (PID=469) to work on /opt/airflow/dags/utils/__init__.py
[2025-12-02T15:21:52.462+0000] {processor.py:829} INFO - Processing file /opt/airflow/dags/utils/__init__.py for tasks to queue
[2025-12-02T15:21:52.463+0000] {logging_mixin.py:154} INFO - [2025-12-02T15:21:52.462+0000] {dagbag.py:536} INFO - Filling up the DagBag from /opt/airflow/dags/utils/__init__.py
[2025-12-02T15:21:52.468+0000] {processor.py:841} WARNING - No viable dags retrieved from /opt/airflow/dags/utils/__init__.py
[2025-12-02T15:21:52.483+0000] {processor.py:179} INFO - Processing /opt/airflow/dags/utils/__init__.py took 0.035 seconds
[2025-12-02T15:22:22.528+0000] {processor.py:157} INFO - Started process (PID=578) to work on /opt/airflow/dags/utils/__init__.py
[2025-12-02T15:22:22.529+0000] {processor.py:829} INFO - Processing file /opt/airflow/dags/utils/__init__.py for tasks to queue
[2025-12-02T15:22:22.530+0000] {logging_mixin.py:154} INFO - [2025-12-02T15:22:22.530+0000] {dagbag.py:536} INFO - Filling up the DagBag from /opt/airflow/dags/utils/__init__.py
[2025-12-02T15:22:22.531+0000] {processor.py:841} WARNING - No viable dags retrieved from /opt/airflow/dags/utils/__init__.py
[2025-12-02T15:22:22.542+0000] {processor.py:179} INFO - Processing /opt/airflow/dags/utils/__init__.py took 0.016 seconds
[2025-12-02T15:22:52.960+0000] {processor.py:157} INFO - Started process (PID=697) to work on /opt/airflow/dags/utils/__init__.py
[2025-12-02T15:22:52.960+0000] {processor.py:829} INFO - Processing file /opt/airflow/dags/utils/__init__.py for tasks to queue
[2025-12-02T15:22:52.961+0000] {logging_mixin.py:154} INFO - [2025-12-02T15:22:52.961+0000] {dagbag.py:536} INFO - Filling up the DagBag from /opt/airflow/dags/utils/__init__.py
[2025-12-02T15:22:52.962+0000] {processor.py:841} WARNING - No viable dags retrieved from /opt/airflow/dags/utils/__init__.py
[2025-12-02T15:22:52.972+0000] {processor.py:179} INFO - Processing /opt/airflow/dags/utils/__init__.py took 0.015 seconds
[2025-12-02T15:23:23.332+0000] {processor.py:157} INFO - Started process (PID=749) to work on /opt/airflow/dags/utils/__init__.py
[2025-12-02T15:23:23.333+0000] {processor.py:829} INFO - Processing file /opt/airflow/dags/utils/__init__.py for tasks to queue
[2025-12-02T15:23:23.333+0000] {logging_mixin.py:154} INFO - [2025-12-02T15:23:23.333+0000] {dagbag.py:536} INFO - Filling up the DagBag from /opt/airflow/dags/utils/__init__.py
[2025-12-02T15:23:23.334+0000] {processor.py:841} WARNING - No viable dags retrieved from /opt/airflow/dags/utils/__init__.py
[2025-12-02T15:23:23.343+0000] {processor.py:179} INFO - Processing /opt/airflow/dags/utils/__init__.py took 0.013 seconds
[2025-12-02T15:23:53.712+0000] {processor.py:157} INFO - Started process (PID=808) to work on /opt/airflow/dags/utils/__init__.py
[2025-12-02T15:23:53.712+0000] {processor.py:829} INFO - Processing file /opt/airflow/dags/utils/__init__.py for tasks to queue
[2025-12-02T15:23:53.713+0000] {logging_mixin.py:154} INFO - [2025-12-02T15:23:53.713+0000] {dagbag.py:536} INFO - Filling up the DagBag from /opt/airflow/dags/utils/__init__.py
[2025-12-02T15:23:53.714+0000] {processor.py:841} WARNING - No viable dags retrieved from /opt/airflow/dags/utils/__init__.py
[2025-12-02T15:23:53.724+0000] {processor.py:179} INFO - Processing /opt/airflow/dags/utils/__init__.py took 0.014 seconds
[2025-12-02T15:24:24.039+0000] {processor.py:157} INFO - Started process (PID=867) to work on /opt/airflow/dags/utils/__init__.py
[2025-12-02T15:24:24.039+0000] {processor.py:829} INFO - Processing file /opt/airflow/dags/utils/__init__.py for tasks to queue
[2025-12-02T15:24:24.040+0000] {logging_mixin.py:154} INFO - [2025-12-02T15:24:24.040+0000] {dagbag.py:536} INFO - Filling up the DagBag from /opt/airflow/dags/utils/__init__.py
[2025-12-02T15:24:24.041+0000] {processor.py:841} WARNING - No viable dags retrieved from /opt/airflow/dags/utils/__init__.py
[2025-12-02T15:24:24.051+0000] {processor.py:179} INFO - Processing /opt/airflow/dags/utils/__init__.py took 0.014 seconds
[2025-12-02T15:24:54.480+0000] {processor.py:157} INFO - Started process (PID=919) to work on /opt/airflow/dags/utils/__init__.py
[2025-12-02T15:24:54.481+0000] {processor.py:829} INFO - Processing file /opt/airflow/dags/utils/__init__.py for tasks to queue
[2025-12-02T15:24:54.481+0000] {logging_mixin.py:154} INFO - [2025-12-02T15:24:54.481+0000] {dagbag.py:536} INFO - Filling up the DagBag from /opt/airflow/dags/utils/__init__.py
[2025-12-02T15:24:54.483+0000] {processor.py:841} WARNING - No viable dags retrieved from /opt/airflow/dags/utils/__init__.py
[2025-12-02T15:24:54.492+0000] {processor.py:179} INFO - Processing /opt/airflow/dags/utils/__init__.py took 0.015 seconds
[2025-12-02T15:25:24.848+0000] {processor.py:157} INFO - Started process (PID=978) to work on /opt/airflow/dags/utils/__init__.py
[2025-12-02T15:25:24.849+0000] {processor.py:829} INFO - Processing file /opt/airflow/dags/utils/__init__.py for tasks to queue
[2025-12-02T15:25:24.849+0000] {logging_mixin.py:154} INFO - [2025-12-02T15:25:24.849+0000] {dagbag.py:536} INFO - Filling up the DagBag from /opt/airflow/dags/utils/__init__.py
[2025-12-02T15:25:24.851+0000] {processor.py:841} WARNING - No viable dags retrieved from /opt/airflow/dags/utils/__init__.py
[2025-12-02T15:25:24.861+0000] {processor.py:179} INFO - Processing /opt/airflow/dags/utils/__init__.py took 0.015 seconds
[2025-12-02T15:25:55.218+0000] {processor.py:157} INFO - Started process (PID=1037) to work on /opt/airflow/dags/utils/__init__.py
[2025-12-02T15:25:55.219+0000] {processor.py:829} INFO - Processing file /opt/airflow/dags/utils/__init__.py for tasks to queue
[2025-12-02T15:25:55.219+0000] {logging_mixin.py:154} INFO - [2025-12-02T15:25:55.219+0000] {dagbag.py:536} INFO - Filling up the DagBag from /opt/airflow/dags/utils/__init__.py
[2025-12-02T15:25:55.221+0000] {processor.py:841} WARNING - No viable dags retrieved from /opt/airflow/dags/utils/__init__.py
[2025-12-02T15:25:55.230+0000] {processor.py:179} INFO - Processing /opt/airflow/dags/utils/__init__.py took 0.014 seconds
[2025-12-02T15:26:25.586+0000] {processor.py:157} INFO - Started process (PID=1089) to work on /opt/airflow/dags/utils/__init__.py
[2025-12-02T15:26:25.586+0000] {processor.py:829} INFO - Processing file /opt/airflow/dags/utils/__init__.py for tasks to queue
[2025-12-02T15:26:25.587+0000] {logging_mixin.py:154} INFO - [2025-12-02T15:26:25.587+0000] {dagbag.py:536} INFO - Filling up the DagBag from /opt/airflow/dags/utils/__init__.py
[2025-12-02T15:26:25.588+0000] {processor.py:841} WARNING - No viable dags retrieved from /opt/airflow/dags/utils/__init__.py
[2025-12-02T15:26:25.598+0000] {processor.py:179} INFO - Processing /opt/airflow/dags/utils/__init__.py took 0.014 seconds
[2025-12-02T15:26:55.784+0000] {processor.py:157} INFO - Started process (PID=1148) to work on /opt/airflow/dags/utils/__init__.py
[2025-12-02T15:26:55.785+0000] {processor.py:829} INFO - Processing file /opt/airflow/dags/utils/__init__.py for tasks to queue
[2025-12-02T15:26:55.786+0000] {logging_mixin.py:154} INFO - [2025-12-02T15:26:55.786+0000] {dagbag.py:536} INFO - Filling up the DagBag from /opt/airflow/dags/utils/__init__.py
[2025-12-02T15:26:55.787+0000] {processor.py:841} WARNING - No viable dags retrieved from /opt/airflow/dags/utils/__init__.py
[2025-12-02T15:26:55.797+0000] {processor.py:179} INFO - Processing /opt/airflow/dags/utils/__init__.py took 0.015 seconds
[2025-12-02T15:27:26.153+0000] {processor.py:157} INFO - Started process (PID=1207) to work on /opt/airflow/dags/utils/__init__.py
[2025-12-02T15:27:26.154+0000] {processor.py:829} INFO - Processing file /opt/airflow/dags/utils/__init__.py for tasks to queue
[2025-12-02T15:27:26.155+0000] {logging_mixin.py:154} INFO - [2025-12-02T15:27:26.154+0000] {dagbag.py:536} INFO - Filling up the DagBag from /opt/airflow/dags/utils/__init__.py
[2025-12-02T15:27:26.156+0000] {processor.py:841} WARNING - No viable dags retrieved from /opt/airflow/dags/utils/__init__.py
[2025-12-02T15:27:26.166+0000] {processor.py:179} INFO - Processing /opt/airflow/dags/utils/__init__.py took 0.015 seconds
[2025-12-02T15:27:56.511+0000] {processor.py:157} INFO - Started process (PID=1259) to work on /opt/airflow/dags/utils/__init__.py
[2025-12-02T15:27:56.511+0000] {processor.py:829} INFO - Processing file /opt/airflow/dags/utils/__init__.py for tasks to queue
[2025-12-02T15:27:56.512+0000] {logging_mixin.py:154} INFO - [2025-12-02T15:27:56.512+0000] {dagbag.py:536} INFO - Filling up the DagBag from /opt/airflow/dags/utils/__init__.py
[2025-12-02T15:27:56.513+0000] {processor.py:841} WARNING - No viable dags retrieved from /opt/airflow/dags/utils/__init__.py
[2025-12-02T15:27:56.522+0000] {processor.py:179} INFO - Processing /opt/airflow/dags/utils/__init__.py took 0.014 seconds
[2025-12-02T15:28:26.880+0000] {processor.py:157} INFO - Started process (PID=1318) to work on /opt/airflow/dags/utils/__init__.py
[2025-12-02T15:28:26.880+0000] {processor.py:829} INFO - Processing file /opt/airflow/dags/utils/__init__.py for tasks to queue
[2025-12-02T15:28:26.881+0000] {logging_mixin.py:154} INFO - [2025-12-02T15:28:26.881+0000] {dagbag.py:536} INFO - Filling up the DagBag from /opt/airflow/dags/utils/__init__.py
[2025-12-02T15:28:26.882+0000] {processor.py:841} WARNING - No viable dags retrieved from /opt/airflow/dags/utils/__init__.py
[2025-12-02T15:28:26.892+0000] {processor.py:179} INFO - Processing /opt/airflow/dags/utils/__init__.py took 0.015 seconds
[2025-12-02T15:28:57.226+0000] {processor.py:157} INFO - Started process (PID=1377) to work on /opt/airflow/dags/utils/__init__.py
[2025-12-02T15:28:57.227+0000] {processor.py:829} INFO - Processing file /opt/airflow/dags/utils/__init__.py for tasks to queue
[2025-12-02T15:28:57.227+0000] {logging_mixin.py:154} INFO - [2025-12-02T15:28:57.227+0000] {dagbag.py:536} INFO - Filling up the DagBag from /opt/airflow/dags/utils/__init__.py
[2025-12-02T15:28:57.229+0000] {processor.py:841} WARNING - No viable dags retrieved from /opt/airflow/dags/utils/__init__.py
[2025-12-02T15:28:57.237+0000] {processor.py:179} INFO - Processing /opt/airflow/dags/utils/__init__.py took 0.013 seconds
[2025-12-02T15:29:27.586+0000] {processor.py:157} INFO - Started process (PID=1429) to work on /opt/airflow/dags/utils/__init__.py
[2025-12-02T15:29:27.587+0000] {processor.py:829} INFO - Processing file /opt/airflow/dags/utils/__init__.py for tasks to queue
[2025-12-02T15:29:27.588+0000] {logging_mixin.py:154} INFO - [2025-12-02T15:29:27.587+0000] {dagbag.py:536} INFO - Filling up the DagBag from /opt/airflow/dags/utils/__init__.py
[2025-12-02T15:29:27.589+0000] {processor.py:841} WARNING - No viable dags retrieved from /opt/airflow/dags/utils/__init__.py
[2025-12-02T15:29:27.599+0000] {processor.py:179} INFO - Processing /opt/airflow/dags/utils/__init__.py took 0.015 seconds
[2025-12-02T15:29:57.995+0000] {processor.py:157} INFO - Started process (PID=1488) to work on /opt/airflow/dags/utils/__init__.py
[2025-12-02T15:29:57.996+0000] {processor.py:829} INFO - Processing file /opt/airflow/dags/utils/__init__.py for tasks to queue
[2025-12-02T15:29:57.996+0000] {logging_mixin.py:154} INFO - [2025-12-02T15:29:57.996+0000] {dagbag.py:536} INFO - Filling up the DagBag from /opt/airflow/dags/utils/__init__.py
[2025-12-02T15:29:57.998+0000] {processor.py:841} WARNING - No viable dags retrieved from /opt/airflow/dags/utils/__init__.py
[2025-12-02T15:29:58.007+0000] {processor.py:179} INFO - Processing /opt/airflow/dags/utils/__init__.py took 0.015 seconds
[2025-12-02T15:30:28.443+0000] {processor.py:157} INFO - Started process (PID=1547) to work on /opt/airflow/dags/utils/__init__.py
[2025-12-02T15:30:28.444+0000] {processor.py:829} INFO - Processing file /opt/airflow/dags/utils/__init__.py for tasks to queue
[2025-12-02T15:30:28.444+0000] {logging_mixin.py:154} INFO - [2025-12-02T15:30:28.444+0000] {dagbag.py:536} INFO - Filling up the DagBag from /opt/airflow/dags/utils/__init__.py
[2025-12-02T15:30:28.446+0000] {processor.py:841} WARNING - No viable dags retrieved from /opt/airflow/dags/utils/__init__.py
[2025-12-02T15:30:28.456+0000] {processor.py:179} INFO - Processing /opt/airflow/dags/utils/__init__.py took 0.016 seconds
[2025-12-02T15:30:58.824+0000] {processor.py:157} INFO - Started process (PID=1599) to work on /opt/airflow/dags/utils/__init__.py
[2025-12-02T15:30:58.825+0000] {processor.py:829} INFO - Processing file /opt/airflow/dags/utils/__init__.py for tasks to queue
[2025-12-02T15:30:58.825+0000] {logging_mixin.py:154} INFO - [2025-12-02T15:30:58.825+0000] {dagbag.py:536} INFO - Filling up the DagBag from /opt/airflow/dags/utils/__init__.py
[2025-12-02T15:30:58.827+0000] {processor.py:841} WARNING - No viable dags retrieved from /opt/airflow/dags/utils/__init__.py
[2025-12-02T15:30:58.838+0000] {processor.py:179} INFO - Processing /opt/airflow/dags/utils/__init__.py took 0.018 seconds
[2025-12-02T15:31:29.233+0000] {processor.py:157} INFO - Started process (PID=1658) to work on /opt/airflow/dags/utils/__init__.py
[2025-12-02T15:31:29.233+0000] {processor.py:829} INFO - Processing file /opt/airflow/dags/utils/__init__.py for tasks to queue
[2025-12-02T15:31:29.234+0000] {logging_mixin.py:154} INFO - [2025-12-02T15:31:29.234+0000] {dagbag.py:536} INFO - Filling up the DagBag from /opt/airflow/dags/utils/__init__.py
[2025-12-02T15:31:29.235+0000] {processor.py:841} WARNING - No viable dags retrieved from /opt/airflow/dags/utils/__init__.py
[2025-12-02T15:31:29.245+0000] {processor.py:179} INFO - Processing /opt/airflow/dags/utils/__init__.py took 0.015 seconds
[2025-12-02T15:31:59.700+0000] {processor.py:157} INFO - Started process (PID=1717) to work on /opt/airflow/dags/utils/__init__.py
[2025-12-02T15:31:59.700+0000] {processor.py:829} INFO - Processing file /opt/airflow/dags/utils/__init__.py for tasks to queue
[2025-12-02T15:31:59.701+0000] {logging_mixin.py:154} INFO - [2025-12-02T15:31:59.701+0000] {dagbag.py:536} INFO - Filling up the DagBag from /opt/airflow/dags/utils/__init__.py
[2025-12-02T15:31:59.702+0000] {processor.py:841} WARNING - No viable dags retrieved from /opt/airflow/dags/utils/__init__.py
[2025-12-02T15:31:59.711+0000] {processor.py:179} INFO - Processing /opt/airflow/dags/utils/__init__.py took 0.014 seconds
[2025-12-02T15:32:30.056+0000] {processor.py:157} INFO - Started process (PID=1776) to work on /opt/airflow/dags/utils/__init__.py
[2025-12-02T15:32:30.059+0000] {processor.py:829} INFO - Processing file /opt/airflow/dags/utils/__init__.py for tasks to queue
[2025-12-02T15:32:30.059+0000] {logging_mixin.py:154} INFO - [2025-12-02T15:32:30.059+0000] {dagbag.py:536} INFO - Filling up the DagBag from /opt/airflow/dags/utils/__init__.py
[2025-12-02T15:32:30.061+0000] {processor.py:841} WARNING - No viable dags retrieved from /opt/airflow/dags/utils/__init__.py
[2025-12-02T15:32:30.072+0000] {processor.py:179} INFO - Processing /opt/airflow/dags/utils/__init__.py took 0.019 seconds
[2025-12-02T15:33:00.395+0000] {processor.py:157} INFO - Started process (PID=1828) to work on /opt/airflow/dags/utils/__init__.py
[2025-12-02T15:33:00.395+0000] {processor.py:829} INFO - Processing file /opt/airflow/dags/utils/__init__.py for tasks to queue
[2025-12-02T15:33:00.396+0000] {logging_mixin.py:154} INFO - [2025-12-02T15:33:00.396+0000] {dagbag.py:536} INFO - Filling up the DagBag from /opt/airflow/dags/utils/__init__.py
[2025-12-02T15:33:00.397+0000] {processor.py:841} WARNING - No viable dags retrieved from /opt/airflow/dags/utils/__init__.py
[2025-12-02T15:33:00.408+0000] {processor.py:179} INFO - Processing /opt/airflow/dags/utils/__init__.py took 0.016 seconds
[2025-12-02T15:33:30.754+0000] {processor.py:157} INFO - Started process (PID=1955) to work on /opt/airflow/dags/utils/__init__.py
[2025-12-02T15:33:30.755+0000] {processor.py:829} INFO - Processing file /opt/airflow/dags/utils/__init__.py for tasks to queue
[2025-12-02T15:33:30.756+0000] {logging_mixin.py:154} INFO - [2025-12-02T15:33:30.756+0000] {dagbag.py:536} INFO - Filling up the DagBag from /opt/airflow/dags/utils/__init__.py
[2025-12-02T15:33:30.758+0000] {processor.py:841} WARNING - No viable dags retrieved from /opt/airflow/dags/utils/__init__.py
[2025-12-02T15:33:30.770+0000] {processor.py:179} INFO - Processing /opt/airflow/dags/utils/__init__.py took 0.019 seconds
[2025-12-02T15:34:01.399+0000] {processor.py:157} INFO - Started process (PID=2215) to work on /opt/airflow/dags/utils/__init__.py
[2025-12-02T15:34:01.400+0000] {processor.py:829} INFO - Processing file /opt/airflow/dags/utils/__init__.py for tasks to queue
[2025-12-02T15:34:01.401+0000] {logging_mixin.py:154} INFO - [2025-12-02T15:34:01.400+0000] {dagbag.py:536} INFO - Filling up the DagBag from /opt/airflow/dags/utils/__init__.py
[2025-12-02T15:34:01.402+0000] {processor.py:841} WARNING - No viable dags retrieved from /opt/airflow/dags/utils/__init__.py
[2025-12-02T15:34:01.412+0000] {processor.py:179} INFO - Processing /opt/airflow/dags/utils/__init__.py took 0.015 seconds
[2025-12-02T15:34:31.881+0000] {processor.py:157} INFO - Started process (PID=2296) to work on /opt/airflow/dags/utils/__init__.py
[2025-12-02T15:34:31.881+0000] {processor.py:829} INFO - Processing file /opt/airflow/dags/utils/__init__.py for tasks to queue
[2025-12-02T15:34:31.882+0000] {logging_mixin.py:154} INFO - [2025-12-02T15:34:31.882+0000] {dagbag.py:536} INFO - Filling up the DagBag from /opt/airflow/dags/utils/__init__.py
[2025-12-02T15:34:31.883+0000] {processor.py:841} WARNING - No viable dags retrieved from /opt/airflow/dags/utils/__init__.py
[2025-12-02T15:34:31.895+0000] {processor.py:179} INFO - Processing /opt/airflow/dags/utils/__init__.py took 0.016 seconds
[2025-12-02T15:35:02.246+0000] {processor.py:157} INFO - Started process (PID=2355) to work on /opt/airflow/dags/utils/__init__.py
[2025-12-02T15:35:02.246+0000] {processor.py:829} INFO - Processing file /opt/airflow/dags/utils/__init__.py for tasks to queue
[2025-12-02T15:35:02.247+0000] {logging_mixin.py:154} INFO - [2025-12-02T15:35:02.247+0000] {dagbag.py:536} INFO - Filling up the DagBag from /opt/airflow/dags/utils/__init__.py
[2025-12-02T15:35:02.248+0000] {processor.py:841} WARNING - No viable dags retrieved from /opt/airflow/dags/utils/__init__.py
[2025-12-02T15:35:02.258+0000] {processor.py:179} INFO - Processing /opt/airflow/dags/utils/__init__.py took 0.014 seconds
[2025-12-02T15:35:32.476+0000] {processor.py:157} INFO - Started process (PID=2414) to work on /opt/airflow/dags/utils/__init__.py
[2025-12-02T15:35:32.477+0000] {processor.py:829} INFO - Processing file /opt/airflow/dags/utils/__init__.py for tasks to queue
[2025-12-02T15:35:32.477+0000] {logging_mixin.py:154} INFO - [2025-12-02T15:35:32.477+0000] {dagbag.py:536} INFO - Filling up the DagBag from /opt/airflow/dags/utils/__init__.py
[2025-12-02T15:35:32.479+0000] {processor.py:841} WARNING - No viable dags retrieved from /opt/airflow/dags/utils/__init__.py
[2025-12-02T15:35:32.489+0000] {processor.py:179} INFO - Processing /opt/airflow/dags/utils/__init__.py took 0.016 seconds
[2025-12-02T15:36:02.686+0000] {processor.py:157} INFO - Started process (PID=2462) to work on /opt/airflow/dags/utils/__init__.py
[2025-12-02T15:36:02.687+0000] {processor.py:829} INFO - Processing file /opt/airflow/dags/utils/__init__.py for tasks to queue
[2025-12-02T15:36:02.687+0000] {logging_mixin.py:154} INFO - [2025-12-02T15:36:02.687+0000] {dagbag.py:536} INFO - Filling up the DagBag from /opt/airflow/dags/utils/__init__.py
[2025-12-02T15:36:02.689+0000] {processor.py:841} WARNING - No viable dags retrieved from /opt/airflow/dags/utils/__init__.py
[2025-12-02T15:36:02.699+0000] {processor.py:179} INFO - Processing /opt/airflow/dags/utils/__init__.py took 0.016 seconds
[2025-12-02T15:36:33.200+0000] {processor.py:157} INFO - Started process (PID=2729) to work on /opt/airflow/dags/utils/__init__.py
[2025-12-02T15:36:33.201+0000] {processor.py:829} INFO - Processing file /opt/airflow/dags/utils/__init__.py for tasks to queue
[2025-12-02T15:36:33.202+0000] {logging_mixin.py:154} INFO - [2025-12-02T15:36:33.202+0000] {dagbag.py:536} INFO - Filling up the DagBag from /opt/airflow/dags/utils/__init__.py
[2025-12-02T15:36:33.203+0000] {processor.py:841} WARNING - No viable dags retrieved from /opt/airflow/dags/utils/__init__.py
[2025-12-02T15:36:33.215+0000] {processor.py:179} INFO - Processing /opt/airflow/dags/utils/__init__.py took 0.018 seconds
[2025-12-02T15:37:03.601+0000] {processor.py:157} INFO - Started process (PID=2850) to work on /opt/airflow/dags/utils/__init__.py
[2025-12-02T15:37:03.601+0000] {processor.py:829} INFO - Processing file /opt/airflow/dags/utils/__init__.py for tasks to queue
[2025-12-02T15:37:03.602+0000] {logging_mixin.py:154} INFO - [2025-12-02T15:37:03.601+0000] {dagbag.py:536} INFO - Filling up the DagBag from /opt/airflow/dags/utils/__init__.py
[2025-12-02T15:37:03.603+0000] {processor.py:841} WARNING - No viable dags retrieved from /opt/airflow/dags/utils/__init__.py
[2025-12-02T15:37:03.614+0000] {processor.py:179} INFO - Processing /opt/airflow/dags/utils/__init__.py took 0.016 seconds
[2025-12-02T15:37:33.997+0000] {processor.py:157} INFO - Started process (PID=2902) to work on /opt/airflow/dags/utils/__init__.py
[2025-12-02T15:37:33.997+0000] {processor.py:829} INFO - Processing file /opt/airflow/dags/utils/__init__.py for tasks to queue
[2025-12-02T15:37:33.998+0000] {logging_mixin.py:154} INFO - [2025-12-02T15:37:33.998+0000] {dagbag.py:536} INFO - Filling up the DagBag from /opt/airflow/dags/utils/__init__.py
[2025-12-02T15:37:33.999+0000] {processor.py:841} WARNING - No viable dags retrieved from /opt/airflow/dags/utils/__init__.py
[2025-12-02T15:37:34.008+0000] {processor.py:179} INFO - Processing /opt/airflow/dags/utils/__init__.py took 0.013 seconds
[2025-12-02T15:38:04.207+0000] {processor.py:157} INFO - Started process (PID=2961) to work on /opt/airflow/dags/utils/__init__.py
[2025-12-02T15:38:04.208+0000] {processor.py:829} INFO - Processing file /opt/airflow/dags/utils/__init__.py for tasks to queue
[2025-12-02T15:38:04.209+0000] {logging_mixin.py:154} INFO - [2025-12-02T15:38:04.208+0000] {dagbag.py:536} INFO - Filling up the DagBag from /opt/airflow/dags/utils/__init__.py
[2025-12-02T15:38:04.210+0000] {processor.py:841} WARNING - No viable dags retrieved from /opt/airflow/dags/utils/__init__.py
[2025-12-02T15:38:04.220+0000] {processor.py:179} INFO - Processing /opt/airflow/dags/utils/__init__.py took 0.015 seconds
[2025-12-02T15:38:34.669+0000] {processor.py:157} INFO - Started process (PID=3020) to work on /opt/airflow/dags/utils/__init__.py
[2025-12-02T15:38:34.670+0000] {processor.py:829} INFO - Processing file /opt/airflow/dags/utils/__init__.py for tasks to queue
[2025-12-02T15:38:34.670+0000] {logging_mixin.py:154} INFO - [2025-12-02T15:38:34.670+0000] {dagbag.py:536} INFO - Filling up the DagBag from /opt/airflow/dags/utils/__init__.py
[2025-12-02T15:38:34.672+0000] {processor.py:841} WARNING - No viable dags retrieved from /opt/airflow/dags/utils/__init__.py
[2025-12-02T15:38:34.681+0000] {processor.py:179} INFO - Processing /opt/airflow/dags/utils/__init__.py took 0.016 seconds
[2025-12-02T15:39:05.063+0000] {processor.py:157} INFO - Started process (PID=3072) to work on /opt/airflow/dags/utils/__init__.py
[2025-12-02T15:39:05.064+0000] {processor.py:829} INFO - Processing file /opt/airflow/dags/utils/__init__.py for tasks to queue
[2025-12-02T15:39:05.065+0000] {logging_mixin.py:154} INFO - [2025-12-02T15:39:05.064+0000] {dagbag.py:536} INFO - Filling up the DagBag from /opt/airflow/dags/utils/__init__.py
[2025-12-02T15:39:05.066+0000] {processor.py:841} WARNING - No viable dags retrieved from /opt/airflow/dags/utils/__init__.py
[2025-12-02T15:39:05.076+0000] {processor.py:179} INFO - Processing /opt/airflow/dags/utils/__init__.py took 0.015 seconds
[2025-12-02T15:39:35.449+0000] {processor.py:157} INFO - Started process (PID=3131) to work on /opt/airflow/dags/utils/__init__.py
[2025-12-02T15:39:35.450+0000] {processor.py:829} INFO - Processing file /opt/airflow/dags/utils/__init__.py for tasks to queue
[2025-12-02T15:39:35.450+0000] {logging_mixin.py:154} INFO - [2025-12-02T15:39:35.450+0000] {dagbag.py:536} INFO - Filling up the DagBag from /opt/airflow/dags/utils/__init__.py
[2025-12-02T15:39:35.451+0000] {processor.py:841} WARNING - No viable dags retrieved from /opt/airflow/dags/utils/__init__.py
[2025-12-02T15:39:35.461+0000] {processor.py:179} INFO - Processing /opt/airflow/dags/utils/__init__.py took 0.014 seconds
[2025-12-02T15:40:05.945+0000] {processor.py:157} INFO - Started process (PID=3190) to work on /opt/airflow/dags/utils/__init__.py
[2025-12-02T15:40:05.945+0000] {processor.py:829} INFO - Processing file /opt/airflow/dags/utils/__init__.py for tasks to queue
[2025-12-02T15:40:05.946+0000] {logging_mixin.py:154} INFO - [2025-12-02T15:40:05.946+0000] {dagbag.py:536} INFO - Filling up the DagBag from /opt/airflow/dags/utils/__init__.py
[2025-12-02T15:40:05.947+0000] {processor.py:841} WARNING - No viable dags retrieved from /opt/airflow/dags/utils/__init__.py
[2025-12-02T15:40:05.957+0000] {processor.py:179} INFO - Processing /opt/airflow/dags/utils/__init__.py took 0.015 seconds
[2025-12-02T15:40:36.324+0000] {processor.py:157} INFO - Started process (PID=3242) to work on /opt/airflow/dags/utils/__init__.py
[2025-12-02T15:40:36.324+0000] {processor.py:829} INFO - Processing file /opt/airflow/dags/utils/__init__.py for tasks to queue
[2025-12-02T15:40:36.325+0000] {logging_mixin.py:154} INFO - [2025-12-02T15:40:36.325+0000] {dagbag.py:536} INFO - Filling up the DagBag from /opt/airflow/dags/utils/__init__.py
[2025-12-02T15:40:36.326+0000] {processor.py:841} WARNING - No viable dags retrieved from /opt/airflow/dags/utils/__init__.py
[2025-12-02T15:40:36.335+0000] {processor.py:179} INFO - Processing /opt/airflow/dags/utils/__init__.py took 0.014 seconds
[2025-12-02T15:41:06.718+0000] {processor.py:157} INFO - Started process (PID=3301) to work on /opt/airflow/dags/utils/__init__.py
[2025-12-02T15:41:06.718+0000] {processor.py:829} INFO - Processing file /opt/airflow/dags/utils/__init__.py for tasks to queue
[2025-12-02T15:41:06.719+0000] {logging_mixin.py:154} INFO - [2025-12-02T15:41:06.718+0000] {dagbag.py:536} INFO - Filling up the DagBag from /opt/airflow/dags/utils/__init__.py
[2025-12-02T15:41:06.720+0000] {processor.py:841} WARNING - No viable dags retrieved from /opt/airflow/dags/utils/__init__.py
[2025-12-02T15:41:06.729+0000] {processor.py:179} INFO - Processing /opt/airflow/dags/utils/__init__.py took 0.014 seconds
[2025-12-02T15:41:36.916+0000] {processor.py:157} INFO - Started process (PID=3360) to work on /opt/airflow/dags/utils/__init__.py
[2025-12-02T15:41:36.917+0000] {processor.py:829} INFO - Processing file /opt/airflow/dags/utils/__init__.py for tasks to queue
[2025-12-02T15:41:36.917+0000] {logging_mixin.py:154} INFO - [2025-12-02T15:41:36.917+0000] {dagbag.py:536} INFO - Filling up the DagBag from /opt/airflow/dags/utils/__init__.py
[2025-12-02T15:41:36.919+0000] {processor.py:841} WARNING - No viable dags retrieved from /opt/airflow/dags/utils/__init__.py
[2025-12-02T15:41:36.928+0000] {processor.py:179} INFO - Processing /opt/airflow/dags/utils/__init__.py took 0.014 seconds
[2025-12-02T15:42:07.115+0000] {processor.py:157} INFO - Started process (PID=3412) to work on /opt/airflow/dags/utils/__init__.py
[2025-12-02T15:42:07.116+0000] {processor.py:829} INFO - Processing file /opt/airflow/dags/utils/__init__.py for tasks to queue
[2025-12-02T15:42:07.116+0000] {logging_mixin.py:154} INFO - [2025-12-02T15:42:07.116+0000] {dagbag.py:536} INFO - Filling up the DagBag from /opt/airflow/dags/utils/__init__.py
[2025-12-02T15:42:07.118+0000] {processor.py:841} WARNING - No viable dags retrieved from /opt/airflow/dags/utils/__init__.py
[2025-12-02T15:42:07.128+0000] {processor.py:179} INFO - Processing /opt/airflow/dags/utils/__init__.py took 0.016 seconds
[2025-12-02T15:42:37.490+0000] {processor.py:157} INFO - Started process (PID=3471) to work on /opt/airflow/dags/utils/__init__.py
[2025-12-02T15:42:37.491+0000] {processor.py:829} INFO - Processing file /opt/airflow/dags/utils/__init__.py for tasks to queue
[2025-12-02T15:42:37.491+0000] {logging_mixin.py:154} INFO - [2025-12-02T15:42:37.491+0000] {dagbag.py:536} INFO - Filling up the DagBag from /opt/airflow/dags/utils/__init__.py
[2025-12-02T15:42:37.492+0000] {processor.py:841} WARNING - No viable dags retrieved from /opt/airflow/dags/utils/__init__.py
[2025-12-02T15:42:37.501+0000] {processor.py:179} INFO - Processing /opt/airflow/dags/utils/__init__.py took 0.013 seconds
[2025-12-02T15:43:07.843+0000] {processor.py:157} INFO - Started process (PID=3530) to work on /opt/airflow/dags/utils/__init__.py
[2025-12-02T15:43:07.844+0000] {processor.py:829} INFO - Processing file /opt/airflow/dags/utils/__init__.py for tasks to queue
[2025-12-02T15:43:07.845+0000] {logging_mixin.py:154} INFO - [2025-12-02T15:43:07.844+0000] {dagbag.py:536} INFO - Filling up the DagBag from /opt/airflow/dags/utils/__init__.py
[2025-12-02T15:43:07.846+0000] {processor.py:841} WARNING - No viable dags retrieved from /opt/airflow/dags/utils/__init__.py
[2025-12-02T15:43:07.855+0000] {processor.py:179} INFO - Processing /opt/airflow/dags/utils/__init__.py took 0.015 seconds
[2025-12-02T15:43:38.339+0000] {processor.py:157} INFO - Started process (PID=3582) to work on /opt/airflow/dags/utils/__init__.py
[2025-12-02T15:43:38.339+0000] {processor.py:829} INFO - Processing file /opt/airflow/dags/utils/__init__.py for tasks to queue
[2025-12-02T15:43:38.340+0000] {logging_mixin.py:154} INFO - [2025-12-02T15:43:38.340+0000] {dagbag.py:536} INFO - Filling up the DagBag from /opt/airflow/dags/utils/__init__.py
[2025-12-02T15:43:38.341+0000] {processor.py:841} WARNING - No viable dags retrieved from /opt/airflow/dags/utils/__init__.py
[2025-12-02T15:43:38.350+0000] {processor.py:179} INFO - Processing /opt/airflow/dags/utils/__init__.py took 0.015 seconds
[2025-12-02T15:44:08.835+0000] {processor.py:157} INFO - Started process (PID=3641) to work on /opt/airflow/dags/utils/__init__.py
[2025-12-02T15:44:08.835+0000] {processor.py:829} INFO - Processing file /opt/airflow/dags/utils/__init__.py for tasks to queue
[2025-12-02T15:44:08.836+0000] {logging_mixin.py:154} INFO - [2025-12-02T15:44:08.835+0000] {dagbag.py:536} INFO - Filling up the DagBag from /opt/airflow/dags/utils/__init__.py
[2025-12-02T15:44:08.837+0000] {processor.py:841} WARNING - No viable dags retrieved from /opt/airflow/dags/utils/__init__.py
[2025-12-02T15:44:08.847+0000] {processor.py:179} INFO - Processing /opt/airflow/dags/utils/__init__.py took 0.015 seconds
[2025-12-02T15:44:39.330+0000] {processor.py:157} INFO - Started process (PID=3700) to work on /opt/airflow/dags/utils/__init__.py
[2025-12-02T15:44:39.330+0000] {processor.py:829} INFO - Processing file /opt/airflow/dags/utils/__init__.py for tasks to queue
[2025-12-02T15:44:39.331+0000] {logging_mixin.py:154} INFO - [2025-12-02T15:44:39.330+0000] {dagbag.py:536} INFO - Filling up the DagBag from /opt/airflow/dags/utils/__init__.py
[2025-12-02T15:44:39.332+0000] {processor.py:841} WARNING - No viable dags retrieved from /opt/airflow/dags/utils/__init__.py
[2025-12-02T15:44:39.342+0000] {processor.py:179} INFO - Processing /opt/airflow/dags/utils/__init__.py took 0.015 seconds
