[2025-10-28T00:45:53.013+0000] {taskinstance.py:1159} INFO - Dependencies all met for dep_context=non-requeueable deps ti=<TaskInstance: hiring_dynamic.train_random_forest scheduled__2025-07-05T15:00:00+00:00 [queued]>
[2025-10-28T00:45:53.016+0000] {taskinstance.py:1159} INFO - Dependencies all met for dep_context=requeueable deps ti=<TaskInstance: hiring_dynamic.train_random_forest scheduled__2025-07-05T15:00:00+00:00 [queued]>
[2025-10-28T00:45:53.016+0000] {taskinstance.py:1361} INFO - Starting attempt 1 of 1
[2025-10-28T00:45:53.023+0000] {taskinstance.py:1382} INFO - Executing <Task(PythonOperator): train_random_forest> on 2025-07-05 15:00:00+00:00
[2025-10-28T00:45:53.038+0000] {standard_task_runner.py:57} INFO - Started process 2661 to run task
[2025-10-28T00:45:53.048+0000] {standard_task_runner.py:84} INFO - Running: ['airflow', 'tasks', 'run', 'hiring_dynamic', 'train_random_forest', 'scheduled__2025-07-05T15:00:00+00:00', '--job-id', '116', '--raw', '--subdir', 'DAGS_FOLDER/dag_dynamic.py', '--cfg-path', '/tmp/tmpw8x9hifm']
[2025-10-28T00:45:53.053+0000] {standard_task_runner.py:85} INFO - Job 116: Subtask train_random_forest
[2025-10-28T00:45:53.095+0000] {task_command.py:416} INFO - Running <TaskInstance: hiring_dynamic.train_random_forest scheduled__2025-07-05T15:00:00+00:00 [running]> on host d1f69dfe6243
[2025-10-28T00:45:53.135+0000] {taskinstance.py:1662} INFO - Exporting env vars: AIRFLOW_CTX_DAG_OWNER='airflow' AIRFLOW_CTX_DAG_ID='hiring_dynamic' AIRFLOW_CTX_TASK_ID='train_random_forest' AIRFLOW_CTX_EXECUTION_DATE='2025-07-05T15:00:00+00:00' AIRFLOW_CTX_TRY_NUMBER='1' AIRFLOW_CTX_DAG_RUN_ID='scheduled__2025-07-05T15:00:00+00:00'
[2025-10-28T00:45:53.142+0000] {logging_mixin.py:154} INFO - Entrenando modelo: random_forest
[2025-10-28T00:45:53.723+0000] {logging_mixin.py:154} INFO - Modelo random_forest guardado en: /opt/airflow/data/dynamic/2025-07-05/models/random_forest.joblib
[2025-10-28T00:45:53.732+0000] {python.py:194} INFO - Done. Returned value was: None
[2025-10-28T00:45:53.735+0000] {taskinstance.py:1400} INFO - Marking task as SUCCESS. dag_id=hiring_dynamic, task_id=train_random_forest, execution_date=20250705T150000, start_date=20251028T004553, end_date=20251028T004553
[2025-10-28T00:45:53.766+0000] {local_task_job_runner.py:228} INFO - Task exited with return code 0
[2025-10-28T00:45:53.784+0000] {taskinstance.py:2778} INFO - 0 downstream tasks scheduled from follow-on schedule check
[2025-10-28T01:32:42.528+0000] {taskinstance.py:1159} INFO - Dependencies all met for dep_context=non-requeueable deps ti=<TaskInstance: hiring_dynamic.train_random_forest scheduled__2025-07-05T15:00:00+00:00 [queued]>
[2025-10-28T01:32:42.531+0000] {taskinstance.py:1159} INFO - Dependencies all met for dep_context=requeueable deps ti=<TaskInstance: hiring_dynamic.train_random_forest scheduled__2025-07-05T15:00:00+00:00 [queued]>
[2025-10-28T01:32:42.531+0000] {taskinstance.py:1361} INFO - Starting attempt 1 of 1
[2025-10-28T01:32:42.537+0000] {taskinstance.py:1382} INFO - Executing <Task(PythonOperator): train_random_forest> on 2025-07-05 15:00:00+00:00
[2025-10-28T01:32:42.543+0000] {standard_task_runner.py:57} INFO - Started process 2705 to run task
[2025-10-28T01:32:42.546+0000] {standard_task_runner.py:84} INFO - Running: ['airflow', 'tasks', 'run', 'hiring_dynamic', 'train_random_forest', 'scheduled__2025-07-05T15:00:00+00:00', '--job-id', '107', '--raw', '--subdir', 'DAGS_FOLDER/dag_dynamic.py', '--cfg-path', '/tmp/tmpesnjp_mb']
[2025-10-28T01:32:42.547+0000] {standard_task_runner.py:85} INFO - Job 107: Subtask train_random_forest
[2025-10-28T01:32:42.578+0000] {task_command.py:416} INFO - Running <TaskInstance: hiring_dynamic.train_random_forest scheduled__2025-07-05T15:00:00+00:00 [running]> on host c46dbfd34b1f
[2025-10-28T01:32:42.615+0000] {taskinstance.py:1662} INFO - Exporting env vars: AIRFLOW_CTX_DAG_OWNER='airflow' AIRFLOW_CTX_DAG_ID='hiring_dynamic' AIRFLOW_CTX_TASK_ID='train_random_forest' AIRFLOW_CTX_EXECUTION_DATE='2025-07-05T15:00:00+00:00' AIRFLOW_CTX_TRY_NUMBER='1' AIRFLOW_CTX_DAG_RUN_ID='scheduled__2025-07-05T15:00:00+00:00'
[2025-10-28T01:32:42.622+0000] {logging_mixin.py:154} INFO - Entrenando modelo: random_forest
[2025-10-28T01:32:43.165+0000] {logging_mixin.py:154} INFO - Modelo random_forest guardado en: /opt/airflow/data/dynamic/2025-07-05/models/random_forest.joblib
[2025-10-28T01:32:43.170+0000] {python.py:194} INFO - Done. Returned value was: None
[2025-10-28T01:32:43.172+0000] {taskinstance.py:1400} INFO - Marking task as SUCCESS. dag_id=hiring_dynamic, task_id=train_random_forest, execution_date=20250705T150000, start_date=20251028T013242, end_date=20251028T013243
[2025-10-28T01:32:43.183+0000] {local_task_job_runner.py:228} INFO - Task exited with return code 0
[2025-10-28T01:32:43.192+0000] {taskinstance.py:2778} INFO - 0 downstream tasks scheduled from follow-on schedule check
