[2025-11-18T00:02:56.329+0000] {processor.py:157} INFO - Started process (PID=206) to work on /opt/airflow/dags/tasks/__init__.py
[2025-11-18T00:02:56.329+0000] {processor.py:829} INFO - Processing file /opt/airflow/dags/tasks/__init__.py for tasks to queue
[2025-11-18T00:02:56.330+0000] {logging_mixin.py:154} INFO - [2025-11-18T00:02:56.330+0000] {dagbag.py:536} INFO - Filling up the DagBag from /opt/airflow/dags/tasks/__init__.py
[2025-11-18T00:02:56.331+0000] {processor.py:841} WARNING - No viable dags retrieved from /opt/airflow/dags/tasks/__init__.py
[2025-11-18T00:02:56.344+0000] {processor.py:179} INFO - Processing /opt/airflow/dags/tasks/__init__.py took 0.017 seconds
[2025-11-18T00:03:26.819+0000] {processor.py:157} INFO - Started process (PID=270) to work on /opt/airflow/dags/tasks/__init__.py
[2025-11-18T00:03:26.820+0000] {processor.py:829} INFO - Processing file /opt/airflow/dags/tasks/__init__.py for tasks to queue
[2025-11-18T00:03:26.820+0000] {logging_mixin.py:154} INFO - [2025-11-18T00:03:26.820+0000] {dagbag.py:536} INFO - Filling up the DagBag from /opt/airflow/dags/tasks/__init__.py
[2025-11-18T00:03:26.822+0000] {processor.py:841} WARNING - No viable dags retrieved from /opt/airflow/dags/tasks/__init__.py
[2025-11-18T00:03:26.833+0000] {processor.py:179} INFO - Processing /opt/airflow/dags/tasks/__init__.py took 0.016 seconds
[2025-11-18T00:11:57.480+0000] {processor.py:157} INFO - Started process (PID=206) to work on /opt/airflow/dags/tasks/__init__.py
[2025-11-18T00:11:57.480+0000] {processor.py:829} INFO - Processing file /opt/airflow/dags/tasks/__init__.py for tasks to queue
[2025-11-18T00:11:57.481+0000] {logging_mixin.py:154} INFO - [2025-11-18T00:11:57.480+0000] {dagbag.py:536} INFO - Filling up the DagBag from /opt/airflow/dags/tasks/__init__.py
[2025-11-18T00:11:57.482+0000] {processor.py:841} WARNING - No viable dags retrieved from /opt/airflow/dags/tasks/__init__.py
[2025-11-18T00:11:57.493+0000] {processor.py:179} INFO - Processing /opt/airflow/dags/tasks/__init__.py took 0.017 seconds
[2025-11-18T00:12:27.940+0000] {processor.py:157} INFO - Started process (PID=258) to work on /opt/airflow/dags/tasks/__init__.py
[2025-11-18T00:12:27.941+0000] {processor.py:829} INFO - Processing file /opt/airflow/dags/tasks/__init__.py for tasks to queue
[2025-11-18T00:12:27.941+0000] {logging_mixin.py:154} INFO - [2025-11-18T00:12:27.941+0000] {dagbag.py:536} INFO - Filling up the DagBag from /opt/airflow/dags/tasks/__init__.py
[2025-11-18T00:12:27.943+0000] {processor.py:841} WARNING - No viable dags retrieved from /opt/airflow/dags/tasks/__init__.py
[2025-11-18T00:12:27.953+0000] {processor.py:179} INFO - Processing /opt/airflow/dags/tasks/__init__.py took 0.017 seconds
[2025-11-18T00:12:58.336+0000] {processor.py:157} INFO - Started process (PID=321) to work on /opt/airflow/dags/tasks/__init__.py
[2025-11-18T00:12:58.337+0000] {processor.py:829} INFO - Processing file /opt/airflow/dags/tasks/__init__.py for tasks to queue
[2025-11-18T00:12:58.338+0000] {logging_mixin.py:154} INFO - [2025-11-18T00:12:58.337+0000] {dagbag.py:536} INFO - Filling up the DagBag from /opt/airflow/dags/tasks/__init__.py
[2025-11-18T00:12:58.339+0000] {processor.py:841} WARNING - No viable dags retrieved from /opt/airflow/dags/tasks/__init__.py
[2025-11-18T00:12:58.349+0000] {processor.py:179} INFO - Processing /opt/airflow/dags/tasks/__init__.py took 0.015 seconds
[2025-11-18T00:13:28.780+0000] {processor.py:157} INFO - Started process (PID=388) to work on /opt/airflow/dags/tasks/__init__.py
[2025-11-18T00:13:28.780+0000] {processor.py:829} INFO - Processing file /opt/airflow/dags/tasks/__init__.py for tasks to queue
[2025-11-18T00:13:28.781+0000] {logging_mixin.py:154} INFO - [2025-11-18T00:13:28.781+0000] {dagbag.py:536} INFO - Filling up the DagBag from /opt/airflow/dags/tasks/__init__.py
[2025-11-18T00:13:28.783+0000] {processor.py:841} WARNING - No viable dags retrieved from /opt/airflow/dags/tasks/__init__.py
[2025-11-18T00:13:28.794+0000] {processor.py:179} INFO - Processing /opt/airflow/dags/tasks/__init__.py took 0.017 seconds
[2025-11-18T00:13:59.474+0000] {processor.py:157} INFO - Started process (PID=506) to work on /opt/airflow/dags/tasks/__init__.py
[2025-11-18T00:13:59.474+0000] {processor.py:829} INFO - Processing file /opt/airflow/dags/tasks/__init__.py for tasks to queue
[2025-11-18T00:13:59.475+0000] {logging_mixin.py:154} INFO - [2025-11-18T00:13:59.475+0000] {dagbag.py:536} INFO - Filling up the DagBag from /opt/airflow/dags/tasks/__init__.py
[2025-11-18T00:13:59.476+0000] {processor.py:841} WARNING - No viable dags retrieved from /opt/airflow/dags/tasks/__init__.py
[2025-11-18T00:13:59.486+0000] {processor.py:179} INFO - Processing /opt/airflow/dags/tasks/__init__.py took 0.015 seconds
[2025-11-18T00:14:30.076+0000] {processor.py:157} INFO - Started process (PID=669) to work on /opt/airflow/dags/tasks/__init__.py
[2025-11-18T00:14:30.080+0000] {processor.py:829} INFO - Processing file /opt/airflow/dags/tasks/__init__.py for tasks to queue
[2025-11-18T00:14:30.080+0000] {logging_mixin.py:154} INFO - [2025-11-18T00:14:30.080+0000] {dagbag.py:536} INFO - Filling up the DagBag from /opt/airflow/dags/tasks/__init__.py
[2025-11-18T00:14:30.082+0000] {processor.py:841} WARNING - No viable dags retrieved from /opt/airflow/dags/tasks/__init__.py
[2025-11-18T00:14:30.104+0000] {processor.py:179} INFO - Processing /opt/airflow/dags/tasks/__init__.py took 0.032 seconds
[2025-11-18T00:15:00.181+0000] {processor.py:157} INFO - Started process (PID=840) to work on /opt/airflow/dags/tasks/__init__.py
[2025-11-18T00:15:00.182+0000] {processor.py:829} INFO - Processing file /opt/airflow/dags/tasks/__init__.py for tasks to queue
[2025-11-18T00:15:00.183+0000] {logging_mixin.py:154} INFO - [2025-11-18T00:15:00.183+0000] {dagbag.py:536} INFO - Filling up the DagBag from /opt/airflow/dags/tasks/__init__.py
[2025-11-18T00:15:00.185+0000] {processor.py:841} WARNING - No viable dags retrieved from /opt/airflow/dags/tasks/__init__.py
[2025-11-18T00:15:00.197+0000] {processor.py:179} INFO - Processing /opt/airflow/dags/tasks/__init__.py took 0.019 seconds
[2025-11-18T00:15:30.559+0000] {processor.py:157} INFO - Started process (PID=905) to work on /opt/airflow/dags/tasks/__init__.py
[2025-11-18T00:15:30.559+0000] {processor.py:829} INFO - Processing file /opt/airflow/dags/tasks/__init__.py for tasks to queue
[2025-11-18T00:15:30.560+0000] {logging_mixin.py:154} INFO - [2025-11-18T00:15:30.560+0000] {dagbag.py:536} INFO - Filling up the DagBag from /opt/airflow/dags/tasks/__init__.py
[2025-11-18T00:15:30.562+0000] {processor.py:841} WARNING - No viable dags retrieved from /opt/airflow/dags/tasks/__init__.py
[2025-11-18T00:15:30.573+0000] {processor.py:179} INFO - Processing /opt/airflow/dags/tasks/__init__.py took 0.018 seconds
[2025-11-18T00:16:00.960+0000] {processor.py:157} INFO - Started process (PID=963) to work on /opt/airflow/dags/tasks/__init__.py
[2025-11-18T00:16:00.961+0000] {processor.py:829} INFO - Processing file /opt/airflow/dags/tasks/__init__.py for tasks to queue
[2025-11-18T00:16:00.961+0000] {logging_mixin.py:154} INFO - [2025-11-18T00:16:00.961+0000] {dagbag.py:536} INFO - Filling up the DagBag from /opt/airflow/dags/tasks/__init__.py
[2025-11-18T00:16:00.963+0000] {processor.py:841} WARNING - No viable dags retrieved from /opt/airflow/dags/tasks/__init__.py
[2025-11-18T00:16:00.974+0000] {processor.py:179} INFO - Processing /opt/airflow/dags/tasks/__init__.py took 0.017 seconds
[2025-11-18T00:16:31.205+0000] {processor.py:157} INFO - Started process (PID=1024) to work on /opt/airflow/dags/tasks/__init__.py
[2025-11-18T00:16:31.206+0000] {processor.py:829} INFO - Processing file /opt/airflow/dags/tasks/__init__.py for tasks to queue
[2025-11-18T00:16:31.207+0000] {logging_mixin.py:154} INFO - [2025-11-18T00:16:31.206+0000] {dagbag.py:536} INFO - Filling up the DagBag from /opt/airflow/dags/tasks/__init__.py
[2025-11-18T00:16:31.208+0000] {processor.py:841} WARNING - No viable dags retrieved from /opt/airflow/dags/tasks/__init__.py
[2025-11-18T00:16:31.219+0000] {processor.py:179} INFO - Processing /opt/airflow/dags/tasks/__init__.py took 0.017 seconds
[2025-11-18T00:17:01.943+0000] {processor.py:157} INFO - Started process (PID=1093) to work on /opt/airflow/dags/tasks/__init__.py
[2025-11-18T00:17:01.944+0000] {processor.py:829} INFO - Processing file /opt/airflow/dags/tasks/__init__.py for tasks to queue
[2025-11-18T00:17:01.944+0000] {logging_mixin.py:154} INFO - [2025-11-18T00:17:01.944+0000] {dagbag.py:536} INFO - Filling up the DagBag from /opt/airflow/dags/tasks/__init__.py
[2025-11-18T00:17:01.946+0000] {processor.py:841} WARNING - No viable dags retrieved from /opt/airflow/dags/tasks/__init__.py
[2025-11-18T00:17:01.957+0000] {processor.py:179} INFO - Processing /opt/airflow/dags/tasks/__init__.py took 0.016 seconds
[2025-11-18T00:17:32.314+0000] {processor.py:157} INFO - Started process (PID=1164) to work on /opt/airflow/dags/tasks/__init__.py
[2025-11-18T00:17:32.315+0000] {processor.py:829} INFO - Processing file /opt/airflow/dags/tasks/__init__.py for tasks to queue
[2025-11-18T00:17:32.316+0000] {logging_mixin.py:154} INFO - [2025-11-18T00:17:32.316+0000] {dagbag.py:536} INFO - Filling up the DagBag from /opt/airflow/dags/tasks/__init__.py
[2025-11-18T00:17:32.318+0000] {processor.py:841} WARNING - No viable dags retrieved from /opt/airflow/dags/tasks/__init__.py
[2025-11-18T00:17:32.330+0000] {processor.py:179} INFO - Processing /opt/airflow/dags/tasks/__init__.py took 0.018 seconds
[2025-11-18T00:18:02.707+0000] {processor.py:157} INFO - Started process (PID=1229) to work on /opt/airflow/dags/tasks/__init__.py
[2025-11-18T00:18:02.708+0000] {processor.py:829} INFO - Processing file /opt/airflow/dags/tasks/__init__.py for tasks to queue
[2025-11-18T00:18:02.708+0000] {logging_mixin.py:154} INFO - [2025-11-18T00:18:02.708+0000] {dagbag.py:536} INFO - Filling up the DagBag from /opt/airflow/dags/tasks/__init__.py
[2025-11-18T00:18:02.710+0000] {processor.py:841} WARNING - No viable dags retrieved from /opt/airflow/dags/tasks/__init__.py
[2025-11-18T00:18:02.721+0000] {processor.py:179} INFO - Processing /opt/airflow/dags/tasks/__init__.py took 0.016 seconds
[2025-11-18T00:18:33.086+0000] {processor.py:157} INFO - Started process (PID=1287) to work on /opt/airflow/dags/tasks/__init__.py
[2025-11-18T00:18:33.087+0000] {processor.py:829} INFO - Processing file /opt/airflow/dags/tasks/__init__.py for tasks to queue
[2025-11-18T00:18:33.087+0000] {logging_mixin.py:154} INFO - [2025-11-18T00:18:33.087+0000] {dagbag.py:536} INFO - Filling up the DagBag from /opt/airflow/dags/tasks/__init__.py
[2025-11-18T00:18:33.089+0000] {processor.py:841} WARNING - No viable dags retrieved from /opt/airflow/dags/tasks/__init__.py
[2025-11-18T00:18:33.102+0000] {processor.py:179} INFO - Processing /opt/airflow/dags/tasks/__init__.py took 0.020 seconds
[2025-11-18T00:43:15.631+0000] {processor.py:157} INFO - Started process (PID=205) to work on /opt/airflow/dags/tasks/__init__.py
[2025-11-18T00:43:15.632+0000] {processor.py:829} INFO - Processing file /opt/airflow/dags/tasks/__init__.py for tasks to queue
[2025-11-18T00:43:15.632+0000] {logging_mixin.py:154} INFO - [2025-11-18T00:43:15.632+0000] {dagbag.py:536} INFO - Filling up the DagBag from /opt/airflow/dags/tasks/__init__.py
[2025-11-18T00:43:15.634+0000] {processor.py:841} WARNING - No viable dags retrieved from /opt/airflow/dags/tasks/__init__.py
[2025-11-18T00:43:15.646+0000] {processor.py:179} INFO - Processing /opt/airflow/dags/tasks/__init__.py took 0.018 seconds
[2025-11-18T00:43:46.238+0000] {processor.py:157} INFO - Started process (PID=267) to work on /opt/airflow/dags/tasks/__init__.py
[2025-11-18T00:43:46.239+0000] {processor.py:829} INFO - Processing file /opt/airflow/dags/tasks/__init__.py for tasks to queue
[2025-11-18T00:43:46.239+0000] {logging_mixin.py:154} INFO - [2025-11-18T00:43:46.239+0000] {dagbag.py:536} INFO - Filling up the DagBag from /opt/airflow/dags/tasks/__init__.py
[2025-11-18T00:43:46.241+0000] {processor.py:841} WARNING - No viable dags retrieved from /opt/airflow/dags/tasks/__init__.py
[2025-11-18T00:43:46.251+0000] {processor.py:179} INFO - Processing /opt/airflow/dags/tasks/__init__.py took 0.016 seconds
[2025-11-18T00:44:17.230+0000] {processor.py:157} INFO - Started process (PID=371) to work on /opt/airflow/dags/tasks/__init__.py
[2025-11-18T00:44:17.231+0000] {processor.py:829} INFO - Processing file /opt/airflow/dags/tasks/__init__.py for tasks to queue
[2025-11-18T00:44:17.231+0000] {logging_mixin.py:154} INFO - [2025-11-18T00:44:17.231+0000] {dagbag.py:536} INFO - Filling up the DagBag from /opt/airflow/dags/tasks/__init__.py
[2025-11-18T00:44:17.233+0000] {processor.py:841} WARNING - No viable dags retrieved from /opt/airflow/dags/tasks/__init__.py
[2025-11-18T00:44:17.243+0000] {processor.py:179} INFO - Processing /opt/airflow/dags/tasks/__init__.py took 0.015 seconds
[2025-11-18T00:44:48.155+0000] {processor.py:157} INFO - Started process (PID=609) to work on /opt/airflow/dags/tasks/__init__.py
[2025-11-18T00:44:48.162+0000] {processor.py:829} INFO - Processing file /opt/airflow/dags/tasks/__init__.py for tasks to queue
[2025-11-18T00:44:48.163+0000] {logging_mixin.py:154} INFO - [2025-11-18T00:44:48.162+0000] {dagbag.py:536} INFO - Filling up the DagBag from /opt/airflow/dags/tasks/__init__.py
[2025-11-18T00:44:48.165+0000] {processor.py:841} WARNING - No viable dags retrieved from /opt/airflow/dags/tasks/__init__.py
[2025-11-18T00:44:48.186+0000] {processor.py:179} INFO - Processing /opt/airflow/dags/tasks/__init__.py took 0.034 seconds
[2025-11-18T00:45:19.337+0000] {processor.py:157} INFO - Started process (PID=718) to work on /opt/airflow/dags/tasks/__init__.py
[2025-11-18T00:45:19.338+0000] {processor.py:829} INFO - Processing file /opt/airflow/dags/tasks/__init__.py for tasks to queue
[2025-11-18T00:45:19.338+0000] {logging_mixin.py:154} INFO - [2025-11-18T00:45:19.338+0000] {dagbag.py:536} INFO - Filling up the DagBag from /opt/airflow/dags/tasks/__init__.py
[2025-11-18T00:45:19.340+0000] {processor.py:841} WARNING - No viable dags retrieved from /opt/airflow/dags/tasks/__init__.py
[2025-11-18T00:45:19.352+0000] {processor.py:179} INFO - Processing /opt/airflow/dags/tasks/__init__.py took 0.018 seconds
[2025-11-18T00:45:49.887+0000] {processor.py:157} INFO - Started process (PID=867) to work on /opt/airflow/dags/tasks/__init__.py
[2025-11-18T00:45:49.888+0000] {processor.py:829} INFO - Processing file /opt/airflow/dags/tasks/__init__.py for tasks to queue
[2025-11-18T00:45:49.888+0000] {logging_mixin.py:154} INFO - [2025-11-18T00:45:49.888+0000] {dagbag.py:536} INFO - Filling up the DagBag from /opt/airflow/dags/tasks/__init__.py
[2025-11-18T00:45:49.890+0000] {processor.py:841} WARNING - No viable dags retrieved from /opt/airflow/dags/tasks/__init__.py
[2025-11-18T00:45:49.900+0000] {processor.py:179} INFO - Processing /opt/airflow/dags/tasks/__init__.py took 0.016 seconds
[2025-11-18T00:46:20.521+0000] {processor.py:157} INFO - Started process (PID=949) to work on /opt/airflow/dags/tasks/__init__.py
[2025-11-18T00:46:20.522+0000] {processor.py:829} INFO - Processing file /opt/airflow/dags/tasks/__init__.py for tasks to queue
[2025-11-18T00:46:20.522+0000] {logging_mixin.py:154} INFO - [2025-11-18T00:46:20.522+0000] {dagbag.py:536} INFO - Filling up the DagBag from /opt/airflow/dags/tasks/__init__.py
[2025-11-18T00:46:20.524+0000] {processor.py:841} WARNING - No viable dags retrieved from /opt/airflow/dags/tasks/__init__.py
[2025-11-18T00:46:20.535+0000] {processor.py:179} INFO - Processing /opt/airflow/dags/tasks/__init__.py took 0.017 seconds
[2025-11-18T00:46:51.118+0000] {processor.py:157} INFO - Started process (PID=1012) to work on /opt/airflow/dags/tasks/__init__.py
[2025-11-18T00:46:51.118+0000] {processor.py:829} INFO - Processing file /opt/airflow/dags/tasks/__init__.py for tasks to queue
[2025-11-18T00:46:51.119+0000] {logging_mixin.py:154} INFO - [2025-11-18T00:46:51.119+0000] {dagbag.py:536} INFO - Filling up the DagBag from /opt/airflow/dags/tasks/__init__.py
[2025-11-18T00:46:51.121+0000] {processor.py:841} WARNING - No viable dags retrieved from /opt/airflow/dags/tasks/__init__.py
[2025-11-18T00:46:51.131+0000] {processor.py:179} INFO - Processing /opt/airflow/dags/tasks/__init__.py took 0.016 seconds
[2025-11-18T00:47:21.747+0000] {processor.py:157} INFO - Started process (PID=1078) to work on /opt/airflow/dags/tasks/__init__.py
[2025-11-18T00:47:21.748+0000] {processor.py:829} INFO - Processing file /opt/airflow/dags/tasks/__init__.py for tasks to queue
[2025-11-18T00:47:21.749+0000] {logging_mixin.py:154} INFO - [2025-11-18T00:47:21.748+0000] {dagbag.py:536} INFO - Filling up the DagBag from /opt/airflow/dags/tasks/__init__.py
[2025-11-18T00:47:21.751+0000] {processor.py:841} WARNING - No viable dags retrieved from /opt/airflow/dags/tasks/__init__.py
[2025-11-18T00:47:21.761+0000] {processor.py:179} INFO - Processing /opt/airflow/dags/tasks/__init__.py took 0.016 seconds
[2025-11-18T00:47:52.482+0000] {processor.py:157} INFO - Started process (PID=1138) to work on /opt/airflow/dags/tasks/__init__.py
[2025-11-18T00:47:52.482+0000] {processor.py:829} INFO - Processing file /opt/airflow/dags/tasks/__init__.py for tasks to queue
[2025-11-18T00:47:52.483+0000] {logging_mixin.py:154} INFO - [2025-11-18T00:47:52.482+0000] {dagbag.py:536} INFO - Filling up the DagBag from /opt/airflow/dags/tasks/__init__.py
[2025-11-18T00:47:52.484+0000] {processor.py:841} WARNING - No viable dags retrieved from /opt/airflow/dags/tasks/__init__.py
[2025-11-18T00:47:52.494+0000] {processor.py:179} INFO - Processing /opt/airflow/dags/tasks/__init__.py took 0.015 seconds
[2025-11-18T00:48:23.074+0000] {processor.py:157} INFO - Started process (PID=1201) to work on /opt/airflow/dags/tasks/__init__.py
[2025-11-18T00:48:23.075+0000] {processor.py:829} INFO - Processing file /opt/airflow/dags/tasks/__init__.py for tasks to queue
[2025-11-18T00:48:23.075+0000] {logging_mixin.py:154} INFO - [2025-11-18T00:48:23.075+0000] {dagbag.py:536} INFO - Filling up the DagBag from /opt/airflow/dags/tasks/__init__.py
[2025-11-18T00:48:23.077+0000] {processor.py:841} WARNING - No viable dags retrieved from /opt/airflow/dags/tasks/__init__.py
[2025-11-18T00:48:23.089+0000] {processor.py:179} INFO - Processing /opt/airflow/dags/tasks/__init__.py took 0.018 seconds
[2025-11-18T00:48:53.600+0000] {processor.py:157} INFO - Started process (PID=1266) to work on /opt/airflow/dags/tasks/__init__.py
[2025-11-18T00:48:53.601+0000] {processor.py:829} INFO - Processing file /opt/airflow/dags/tasks/__init__.py for tasks to queue
[2025-11-18T00:48:53.601+0000] {logging_mixin.py:154} INFO - [2025-11-18T00:48:53.601+0000] {dagbag.py:536} INFO - Filling up the DagBag from /opt/airflow/dags/tasks/__init__.py
[2025-11-18T00:48:53.603+0000] {processor.py:841} WARNING - No viable dags retrieved from /opt/airflow/dags/tasks/__init__.py
[2025-11-18T00:48:53.613+0000] {processor.py:179} INFO - Processing /opt/airflow/dags/tasks/__init__.py took 0.015 seconds
[2025-11-18T00:49:24.220+0000] {processor.py:157} INFO - Started process (PID=1331) to work on /opt/airflow/dags/tasks/__init__.py
[2025-11-18T00:49:24.220+0000] {processor.py:829} INFO - Processing file /opt/airflow/dags/tasks/__init__.py for tasks to queue
[2025-11-18T00:49:24.221+0000] {logging_mixin.py:154} INFO - [2025-11-18T00:49:24.220+0000] {dagbag.py:536} INFO - Filling up the DagBag from /opt/airflow/dags/tasks/__init__.py
[2025-11-18T00:49:24.222+0000] {processor.py:841} WARNING - No viable dags retrieved from /opt/airflow/dags/tasks/__init__.py
[2025-11-18T00:49:24.233+0000] {processor.py:179} INFO - Processing /opt/airflow/dags/tasks/__init__.py took 0.016 seconds
[2025-11-18T00:49:54.921+0000] {processor.py:157} INFO - Started process (PID=1396) to work on /opt/airflow/dags/tasks/__init__.py
[2025-11-18T00:49:54.922+0000] {processor.py:829} INFO - Processing file /opt/airflow/dags/tasks/__init__.py for tasks to queue
[2025-11-18T00:49:54.922+0000] {logging_mixin.py:154} INFO - [2025-11-18T00:49:54.922+0000] {dagbag.py:536} INFO - Filling up the DagBag from /opt/airflow/dags/tasks/__init__.py
[2025-11-18T00:49:54.924+0000] {processor.py:841} WARNING - No viable dags retrieved from /opt/airflow/dags/tasks/__init__.py
[2025-11-18T00:49:54.934+0000] {processor.py:179} INFO - Processing /opt/airflow/dags/tasks/__init__.py took 0.015 seconds
[2025-11-18T00:50:25.466+0000] {processor.py:157} INFO - Started process (PID=1454) to work on /opt/airflow/dags/tasks/__init__.py
[2025-11-18T00:50:25.467+0000] {processor.py:829} INFO - Processing file /opt/airflow/dags/tasks/__init__.py for tasks to queue
[2025-11-18T00:50:25.467+0000] {logging_mixin.py:154} INFO - [2025-11-18T00:50:25.467+0000] {dagbag.py:536} INFO - Filling up the DagBag from /opt/airflow/dags/tasks/__init__.py
[2025-11-18T00:50:25.469+0000] {processor.py:841} WARNING - No viable dags retrieved from /opt/airflow/dags/tasks/__init__.py
[2025-11-18T00:50:25.478+0000] {processor.py:179} INFO - Processing /opt/airflow/dags/tasks/__init__.py took 0.015 seconds
[2025-11-18T00:50:56.369+0000] {processor.py:157} INFO - Started process (PID=1519) to work on /opt/airflow/dags/tasks/__init__.py
[2025-11-18T00:50:56.369+0000] {processor.py:829} INFO - Processing file /opt/airflow/dags/tasks/__init__.py for tasks to queue
[2025-11-18T00:50:56.370+0000] {logging_mixin.py:154} INFO - [2025-11-18T00:50:56.370+0000] {dagbag.py:536} INFO - Filling up the DagBag from /opt/airflow/dags/tasks/__init__.py
[2025-11-18T00:50:56.371+0000] {processor.py:841} WARNING - No viable dags retrieved from /opt/airflow/dags/tasks/__init__.py
[2025-11-18T00:50:56.381+0000] {processor.py:179} INFO - Processing /opt/airflow/dags/tasks/__init__.py took 0.015 seconds
[2025-11-18T00:51:26.876+0000] {processor.py:157} INFO - Started process (PID=1584) to work on /opt/airflow/dags/tasks/__init__.py
[2025-11-18T00:51:26.876+0000] {processor.py:829} INFO - Processing file /opt/airflow/dags/tasks/__init__.py for tasks to queue
[2025-11-18T00:51:26.876+0000] {logging_mixin.py:154} INFO - [2025-11-18T00:51:26.876+0000] {dagbag.py:536} INFO - Filling up the DagBag from /opt/airflow/dags/tasks/__init__.py
[2025-11-18T00:51:26.878+0000] {processor.py:841} WARNING - No viable dags retrieved from /opt/airflow/dags/tasks/__init__.py
[2025-11-18T00:51:26.889+0000] {processor.py:179} INFO - Processing /opt/airflow/dags/tasks/__init__.py took 0.016 seconds
[2025-11-18T00:51:57.508+0000] {processor.py:157} INFO - Started process (PID=1649) to work on /opt/airflow/dags/tasks/__init__.py
[2025-11-18T00:51:57.508+0000] {processor.py:829} INFO - Processing file /opt/airflow/dags/tasks/__init__.py for tasks to queue
[2025-11-18T00:51:57.509+0000] {logging_mixin.py:154} INFO - [2025-11-18T00:51:57.509+0000] {dagbag.py:536} INFO - Filling up the DagBag from /opt/airflow/dags/tasks/__init__.py
[2025-11-18T00:51:57.511+0000] {processor.py:841} WARNING - No viable dags retrieved from /opt/airflow/dags/tasks/__init__.py
[2025-11-18T00:51:57.521+0000] {processor.py:179} INFO - Processing /opt/airflow/dags/tasks/__init__.py took 0.016 seconds
[2025-11-18T00:52:28.155+0000] {processor.py:157} INFO - Started process (PID=1714) to work on /opt/airflow/dags/tasks/__init__.py
[2025-11-18T00:52:28.155+0000] {processor.py:829} INFO - Processing file /opt/airflow/dags/tasks/__init__.py for tasks to queue
[2025-11-18T00:52:28.156+0000] {logging_mixin.py:154} INFO - [2025-11-18T00:52:28.156+0000] {dagbag.py:536} INFO - Filling up the DagBag from /opt/airflow/dags/tasks/__init__.py
[2025-11-18T00:52:28.158+0000] {processor.py:841} WARNING - No viable dags retrieved from /opt/airflow/dags/tasks/__init__.py
[2025-11-18T00:52:28.168+0000] {processor.py:179} INFO - Processing /opt/airflow/dags/tasks/__init__.py took 0.016 seconds
[2025-11-18T00:52:58.761+0000] {processor.py:157} INFO - Started process (PID=1779) to work on /opt/airflow/dags/tasks/__init__.py
[2025-11-18T00:52:58.762+0000] {processor.py:829} INFO - Processing file /opt/airflow/dags/tasks/__init__.py for tasks to queue
[2025-11-18T00:52:58.762+0000] {logging_mixin.py:154} INFO - [2025-11-18T00:52:58.762+0000] {dagbag.py:536} INFO - Filling up the DagBag from /opt/airflow/dags/tasks/__init__.py
[2025-11-18T00:52:58.764+0000] {processor.py:841} WARNING - No viable dags retrieved from /opt/airflow/dags/tasks/__init__.py
[2025-11-18T00:52:58.773+0000] {processor.py:179} INFO - Processing /opt/airflow/dags/tasks/__init__.py took 0.015 seconds
[2025-11-18T00:53:29.507+0000] {processor.py:157} INFO - Started process (PID=1837) to work on /opt/airflow/dags/tasks/__init__.py
[2025-11-18T00:53:29.508+0000] {processor.py:829} INFO - Processing file /opt/airflow/dags/tasks/__init__.py for tasks to queue
[2025-11-18T00:53:29.508+0000] {logging_mixin.py:154} INFO - [2025-11-18T00:53:29.508+0000] {dagbag.py:536} INFO - Filling up the DagBag from /opt/airflow/dags/tasks/__init__.py
[2025-11-18T00:53:29.510+0000] {processor.py:841} WARNING - No viable dags retrieved from /opt/airflow/dags/tasks/__init__.py
[2025-11-18T00:53:29.520+0000] {processor.py:179} INFO - Processing /opt/airflow/dags/tasks/__init__.py took 0.016 seconds
[2025-11-18T00:54:00.192+0000] {processor.py:157} INFO - Started process (PID=1904) to work on /opt/airflow/dags/tasks/__init__.py
[2025-11-18T00:54:00.192+0000] {processor.py:829} INFO - Processing file /opt/airflow/dags/tasks/__init__.py for tasks to queue
[2025-11-18T00:54:00.193+0000] {logging_mixin.py:154} INFO - [2025-11-18T00:54:00.193+0000] {dagbag.py:536} INFO - Filling up the DagBag from /opt/airflow/dags/tasks/__init__.py
[2025-11-18T00:54:00.194+0000] {processor.py:841} WARNING - No viable dags retrieved from /opt/airflow/dags/tasks/__init__.py
[2025-11-18T00:54:00.203+0000] {processor.py:179} INFO - Processing /opt/airflow/dags/tasks/__init__.py took 0.014 seconds
[2025-11-18T00:54:30.674+0000] {processor.py:157} INFO - Started process (PID=1967) to work on /opt/airflow/dags/tasks/__init__.py
[2025-11-18T00:54:30.674+0000] {processor.py:829} INFO - Processing file /opt/airflow/dags/tasks/__init__.py for tasks to queue
[2025-11-18T00:54:30.675+0000] {logging_mixin.py:154} INFO - [2025-11-18T00:54:30.675+0000] {dagbag.py:536} INFO - Filling up the DagBag from /opt/airflow/dags/tasks/__init__.py
[2025-11-18T00:54:30.676+0000] {processor.py:841} WARNING - No viable dags retrieved from /opt/airflow/dags/tasks/__init__.py
[2025-11-18T00:54:30.686+0000] {processor.py:179} INFO - Processing /opt/airflow/dags/tasks/__init__.py took 0.016 seconds
[2025-11-18T00:55:01.424+0000] {processor.py:157} INFO - Started process (PID=2032) to work on /opt/airflow/dags/tasks/__init__.py
[2025-11-18T00:55:01.424+0000] {processor.py:829} INFO - Processing file /opt/airflow/dags/tasks/__init__.py for tasks to queue
[2025-11-18T00:55:01.424+0000] {logging_mixin.py:154} INFO - [2025-11-18T00:55:01.424+0000] {dagbag.py:536} INFO - Filling up the DagBag from /opt/airflow/dags/tasks/__init__.py
[2025-11-18T00:55:01.426+0000] {processor.py:841} WARNING - No viable dags retrieved from /opt/airflow/dags/tasks/__init__.py
[2025-11-18T00:55:01.437+0000] {processor.py:179} INFO - Processing /opt/airflow/dags/tasks/__init__.py took 0.016 seconds
[2025-11-18T00:55:32.061+0000] {processor.py:157} INFO - Started process (PID=2097) to work on /opt/airflow/dags/tasks/__init__.py
[2025-11-18T00:55:32.062+0000] {processor.py:829} INFO - Processing file /opt/airflow/dags/tasks/__init__.py for tasks to queue
[2025-11-18T00:55:32.062+0000] {logging_mixin.py:154} INFO - [2025-11-18T00:55:32.062+0000] {dagbag.py:536} INFO - Filling up the DagBag from /opt/airflow/dags/tasks/__init__.py
[2025-11-18T00:55:32.064+0000] {processor.py:841} WARNING - No viable dags retrieved from /opt/airflow/dags/tasks/__init__.py
[2025-11-18T00:55:32.074+0000] {processor.py:179} INFO - Processing /opt/airflow/dags/tasks/__init__.py took 0.016 seconds
[2025-11-18T00:56:02.936+0000] {processor.py:157} INFO - Started process (PID=2155) to work on /opt/airflow/dags/tasks/__init__.py
[2025-11-18T00:56:02.936+0000] {processor.py:829} INFO - Processing file /opt/airflow/dags/tasks/__init__.py for tasks to queue
[2025-11-18T00:56:02.937+0000] {logging_mixin.py:154} INFO - [2025-11-18T00:56:02.937+0000] {dagbag.py:536} INFO - Filling up the DagBag from /opt/airflow/dags/tasks/__init__.py
[2025-11-18T00:56:02.939+0000] {processor.py:841} WARNING - No viable dags retrieved from /opt/airflow/dags/tasks/__init__.py
[2025-11-18T00:56:02.949+0000] {processor.py:179} INFO - Processing /opt/airflow/dags/tasks/__init__.py took 0.017 seconds
[2025-11-18T00:56:33.764+0000] {processor.py:157} INFO - Started process (PID=2220) to work on /opt/airflow/dags/tasks/__init__.py
[2025-11-18T00:56:33.765+0000] {processor.py:829} INFO - Processing file /opt/airflow/dags/tasks/__init__.py for tasks to queue
[2025-11-18T00:56:33.766+0000] {logging_mixin.py:154} INFO - [2025-11-18T00:56:33.765+0000] {dagbag.py:536} INFO - Filling up the DagBag from /opt/airflow/dags/tasks/__init__.py
[2025-11-18T00:56:33.768+0000] {processor.py:841} WARNING - No viable dags retrieved from /opt/airflow/dags/tasks/__init__.py
[2025-11-18T00:56:33.780+0000] {processor.py:179} INFO - Processing /opt/airflow/dags/tasks/__init__.py took 0.019 seconds
[2025-11-18T00:57:04.702+0000] {processor.py:157} INFO - Started process (PID=2285) to work on /opt/airflow/dags/tasks/__init__.py
[2025-11-18T00:57:04.703+0000] {processor.py:829} INFO - Processing file /opt/airflow/dags/tasks/__init__.py for tasks to queue
[2025-11-18T00:57:04.703+0000] {logging_mixin.py:154} INFO - [2025-11-18T00:57:04.703+0000] {dagbag.py:536} INFO - Filling up the DagBag from /opt/airflow/dags/tasks/__init__.py
[2025-11-18T00:57:04.705+0000] {processor.py:841} WARNING - No viable dags retrieved from /opt/airflow/dags/tasks/__init__.py
[2025-11-18T00:57:04.716+0000] {processor.py:179} INFO - Processing /opt/airflow/dags/tasks/__init__.py took 0.017 seconds
[2025-11-18T00:57:35.551+0000] {processor.py:157} INFO - Started process (PID=2351) to work on /opt/airflow/dags/tasks/__init__.py
[2025-11-18T00:57:35.552+0000] {processor.py:829} INFO - Processing file /opt/airflow/dags/tasks/__init__.py for tasks to queue
[2025-11-18T00:57:35.552+0000] {logging_mixin.py:154} INFO - [2025-11-18T00:57:35.552+0000] {dagbag.py:536} INFO - Filling up the DagBag from /opt/airflow/dags/tasks/__init__.py
[2025-11-18T00:57:35.554+0000] {processor.py:841} WARNING - No viable dags retrieved from /opt/airflow/dags/tasks/__init__.py
[2025-11-18T00:57:35.565+0000] {processor.py:179} INFO - Processing /opt/airflow/dags/tasks/__init__.py took 0.016 seconds
[2025-11-18T00:58:06.828+0000] {processor.py:157} INFO - Started process (PID=2416) to work on /opt/airflow/dags/tasks/__init__.py
[2025-11-18T00:58:06.829+0000] {processor.py:829} INFO - Processing file /opt/airflow/dags/tasks/__init__.py for tasks to queue
[2025-11-18T00:58:06.829+0000] {logging_mixin.py:154} INFO - [2025-11-18T00:58:06.829+0000] {dagbag.py:536} INFO - Filling up the DagBag from /opt/airflow/dags/tasks/__init__.py
[2025-11-18T00:58:06.831+0000] {processor.py:841} WARNING - No viable dags retrieved from /opt/airflow/dags/tasks/__init__.py
[2025-11-18T00:58:06.841+0000] {processor.py:179} INFO - Processing /opt/airflow/dags/tasks/__init__.py took 0.015 seconds
[2025-11-18T00:58:37.090+0000] {processor.py:157} INFO - Started process (PID=2464) to work on /opt/airflow/dags/tasks/__init__.py
[2025-11-18T00:58:37.091+0000] {processor.py:829} INFO - Processing file /opt/airflow/dags/tasks/__init__.py for tasks to queue
[2025-11-18T00:58:37.091+0000] {logging_mixin.py:154} INFO - [2025-11-18T00:58:37.091+0000] {dagbag.py:536} INFO - Filling up the DagBag from /opt/airflow/dags/tasks/__init__.py
[2025-11-18T00:58:37.093+0000] {processor.py:841} WARNING - No viable dags retrieved from /opt/airflow/dags/tasks/__init__.py
[2025-11-18T00:58:37.104+0000] {processor.py:179} INFO - Processing /opt/airflow/dags/tasks/__init__.py took 0.016 seconds
[2025-11-18T00:59:07.198+0000] {processor.py:157} INFO - Started process (PID=2516) to work on /opt/airflow/dags/tasks/__init__.py
[2025-11-18T00:59:07.198+0000] {processor.py:829} INFO - Processing file /opt/airflow/dags/tasks/__init__.py for tasks to queue
[2025-11-18T00:59:07.199+0000] {logging_mixin.py:154} INFO - [2025-11-18T00:59:07.199+0000] {dagbag.py:536} INFO - Filling up the DagBag from /opt/airflow/dags/tasks/__init__.py
[2025-11-18T00:59:07.201+0000] {processor.py:841} WARNING - No viable dags retrieved from /opt/airflow/dags/tasks/__init__.py
[2025-11-18T00:59:07.213+0000] {processor.py:179} INFO - Processing /opt/airflow/dags/tasks/__init__.py took 0.018 seconds
[2025-11-18T00:59:37.691+0000] {processor.py:157} INFO - Started process (PID=2581) to work on /opt/airflow/dags/tasks/__init__.py
[2025-11-18T00:59:37.691+0000] {processor.py:829} INFO - Processing file /opt/airflow/dags/tasks/__init__.py for tasks to queue
[2025-11-18T00:59:37.692+0000] {logging_mixin.py:154} INFO - [2025-11-18T00:59:37.691+0000] {dagbag.py:536} INFO - Filling up the DagBag from /opt/airflow/dags/tasks/__init__.py
[2025-11-18T00:59:37.693+0000] {processor.py:841} WARNING - No viable dags retrieved from /opt/airflow/dags/tasks/__init__.py
[2025-11-18T00:59:37.704+0000] {processor.py:179} INFO - Processing /opt/airflow/dags/tasks/__init__.py took 0.016 seconds
[2025-11-18T01:00:07.796+0000] {processor.py:157} INFO - Started process (PID=2642) to work on /opt/airflow/dags/tasks/__init__.py
[2025-11-18T01:00:07.797+0000] {processor.py:829} INFO - Processing file /opt/airflow/dags/tasks/__init__.py for tasks to queue
[2025-11-18T01:00:07.798+0000] {logging_mixin.py:154} INFO - [2025-11-18T01:00:07.797+0000] {dagbag.py:536} INFO - Filling up the DagBag from /opt/airflow/dags/tasks/__init__.py
[2025-11-18T01:00:07.800+0000] {processor.py:841} WARNING - No viable dags retrieved from /opt/airflow/dags/tasks/__init__.py
[2025-11-18T01:00:07.812+0000] {processor.py:179} INFO - Processing /opt/airflow/dags/tasks/__init__.py took 0.018 seconds
[2025-11-18T01:00:37.986+0000] {processor.py:157} INFO - Started process (PID=2707) to work on /opt/airflow/dags/tasks/__init__.py
[2025-11-18T01:00:37.987+0000] {processor.py:829} INFO - Processing file /opt/airflow/dags/tasks/__init__.py for tasks to queue
[2025-11-18T01:00:37.987+0000] {logging_mixin.py:154} INFO - [2025-11-18T01:00:37.987+0000] {dagbag.py:536} INFO - Filling up the DagBag from /opt/airflow/dags/tasks/__init__.py
[2025-11-18T01:00:37.989+0000] {processor.py:841} WARNING - No viable dags retrieved from /opt/airflow/dags/tasks/__init__.py
[2025-11-18T01:00:37.999+0000] {processor.py:179} INFO - Processing /opt/airflow/dags/tasks/__init__.py took 0.015 seconds
[2025-11-18T01:01:08.249+0000] {processor.py:157} INFO - Started process (PID=2765) to work on /opt/airflow/dags/tasks/__init__.py
[2025-11-18T01:01:08.249+0000] {processor.py:829} INFO - Processing file /opt/airflow/dags/tasks/__init__.py for tasks to queue
[2025-11-18T01:01:08.250+0000] {logging_mixin.py:154} INFO - [2025-11-18T01:01:08.250+0000] {dagbag.py:536} INFO - Filling up the DagBag from /opt/airflow/dags/tasks/__init__.py
[2025-11-18T01:01:08.251+0000] {processor.py:841} WARNING - No viable dags retrieved from /opt/airflow/dags/tasks/__init__.py
[2025-11-18T01:01:08.265+0000] {processor.py:179} INFO - Processing /opt/airflow/dags/tasks/__init__.py took 0.019 seconds
[2025-11-18T01:01:38.439+0000] {processor.py:157} INFO - Started process (PID=2830) to work on /opt/airflow/dags/tasks/__init__.py
[2025-11-18T01:01:38.440+0000] {processor.py:829} INFO - Processing file /opt/airflow/dags/tasks/__init__.py for tasks to queue
[2025-11-18T01:01:38.441+0000] {logging_mixin.py:154} INFO - [2025-11-18T01:01:38.441+0000] {dagbag.py:536} INFO - Filling up the DagBag from /opt/airflow/dags/tasks/__init__.py
[2025-11-18T01:01:38.443+0000] {processor.py:841} WARNING - No viable dags retrieved from /opt/airflow/dags/tasks/__init__.py
[2025-11-18T01:01:38.454+0000] {processor.py:179} INFO - Processing /opt/airflow/dags/tasks/__init__.py took 0.018 seconds
[2025-11-18T01:02:08.597+0000] {processor.py:157} INFO - Started process (PID=2895) to work on /opt/airflow/dags/tasks/__init__.py
[2025-11-18T01:02:08.598+0000] {processor.py:829} INFO - Processing file /opt/airflow/dags/tasks/__init__.py for tasks to queue
[2025-11-18T01:02:08.598+0000] {logging_mixin.py:154} INFO - [2025-11-18T01:02:08.598+0000] {dagbag.py:536} INFO - Filling up the DagBag from /opt/airflow/dags/tasks/__init__.py
[2025-11-18T01:02:08.600+0000] {processor.py:841} WARNING - No viable dags retrieved from /opt/airflow/dags/tasks/__init__.py
[2025-11-18T01:02:08.610+0000] {processor.py:179} INFO - Processing /opt/airflow/dags/tasks/__init__.py took 0.015 seconds
[2025-11-18T01:02:38.768+0000] {processor.py:157} INFO - Started process (PID=2960) to work on /opt/airflow/dags/tasks/__init__.py
[2025-11-18T01:02:38.769+0000] {processor.py:829} INFO - Processing file /opt/airflow/dags/tasks/__init__.py for tasks to queue
[2025-11-18T01:02:38.769+0000] {logging_mixin.py:154} INFO - [2025-11-18T01:02:38.769+0000] {dagbag.py:536} INFO - Filling up the DagBag from /opt/airflow/dags/tasks/__init__.py
[2025-11-18T01:02:38.771+0000] {processor.py:841} WARNING - No viable dags retrieved from /opt/airflow/dags/tasks/__init__.py
[2025-11-18T01:02:38.782+0000] {processor.py:179} INFO - Processing /opt/airflow/dags/tasks/__init__.py took 0.016 seconds
[2025-11-18T01:03:08.956+0000] {processor.py:157} INFO - Started process (PID=3025) to work on /opt/airflow/dags/tasks/__init__.py
[2025-11-18T01:03:08.956+0000] {processor.py:829} INFO - Processing file /opt/airflow/dags/tasks/__init__.py for tasks to queue
[2025-11-18T01:03:08.957+0000] {logging_mixin.py:154} INFO - [2025-11-18T01:03:08.956+0000] {dagbag.py:536} INFO - Filling up the DagBag from /opt/airflow/dags/tasks/__init__.py
[2025-11-18T01:03:08.959+0000] {processor.py:841} WARNING - No viable dags retrieved from /opt/airflow/dags/tasks/__init__.py
[2025-11-18T01:03:08.970+0000] {processor.py:179} INFO - Processing /opt/airflow/dags/tasks/__init__.py took 0.018 seconds
[2025-11-18T01:03:39.184+0000] {processor.py:157} INFO - Started process (PID=3083) to work on /opt/airflow/dags/tasks/__init__.py
[2025-11-18T01:03:39.184+0000] {processor.py:829} INFO - Processing file /opt/airflow/dags/tasks/__init__.py for tasks to queue
[2025-11-18T01:03:39.185+0000] {logging_mixin.py:154} INFO - [2025-11-18T01:03:39.185+0000] {dagbag.py:536} INFO - Filling up the DagBag from /opt/airflow/dags/tasks/__init__.py
[2025-11-18T01:03:39.186+0000] {processor.py:841} WARNING - No viable dags retrieved from /opt/airflow/dags/tasks/__init__.py
[2025-11-18T01:03:39.198+0000] {processor.py:179} INFO - Processing /opt/airflow/dags/tasks/__init__.py took 0.017 seconds
[2025-11-18T01:04:09.333+0000] {processor.py:157} INFO - Started process (PID=3148) to work on /opt/airflow/dags/tasks/__init__.py
[2025-11-18T01:04:09.333+0000] {processor.py:829} INFO - Processing file /opt/airflow/dags/tasks/__init__.py for tasks to queue
[2025-11-18T01:04:09.334+0000] {logging_mixin.py:154} INFO - [2025-11-18T01:04:09.333+0000] {dagbag.py:536} INFO - Filling up the DagBag from /opt/airflow/dags/tasks/__init__.py
[2025-11-18T01:04:09.335+0000] {processor.py:841} WARNING - No viable dags retrieved from /opt/airflow/dags/tasks/__init__.py
[2025-11-18T01:04:09.347+0000] {processor.py:179} INFO - Processing /opt/airflow/dags/tasks/__init__.py took 0.017 seconds
[2025-11-18T01:04:39.517+0000] {processor.py:157} INFO - Started process (PID=3213) to work on /opt/airflow/dags/tasks/__init__.py
[2025-11-18T01:04:39.518+0000] {processor.py:829} INFO - Processing file /opt/airflow/dags/tasks/__init__.py for tasks to queue
[2025-11-18T01:04:39.519+0000] {logging_mixin.py:154} INFO - [2025-11-18T01:04:39.518+0000] {dagbag.py:536} INFO - Filling up the DagBag from /opt/airflow/dags/tasks/__init__.py
[2025-11-18T01:04:39.520+0000] {processor.py:841} WARNING - No viable dags retrieved from /opt/airflow/dags/tasks/__init__.py
[2025-11-18T01:04:39.530+0000] {processor.py:179} INFO - Processing /opt/airflow/dags/tasks/__init__.py took 0.016 seconds
[2025-11-18T01:05:09.704+0000] {processor.py:157} INFO - Started process (PID=3278) to work on /opt/airflow/dags/tasks/__init__.py
[2025-11-18T01:05:09.705+0000] {processor.py:829} INFO - Processing file /opt/airflow/dags/tasks/__init__.py for tasks to queue
[2025-11-18T01:05:09.705+0000] {logging_mixin.py:154} INFO - [2025-11-18T01:05:09.705+0000] {dagbag.py:536} INFO - Filling up the DagBag from /opt/airflow/dags/tasks/__init__.py
[2025-11-18T01:05:09.707+0000] {processor.py:841} WARNING - No viable dags retrieved from /opt/airflow/dags/tasks/__init__.py
[2025-11-18T01:05:09.717+0000] {processor.py:179} INFO - Processing /opt/airflow/dags/tasks/__init__.py took 0.015 seconds
[2025-11-18T01:05:39.831+0000] {processor.py:157} INFO - Started process (PID=3336) to work on /opt/airflow/dags/tasks/__init__.py
[2025-11-18T01:05:39.831+0000] {processor.py:829} INFO - Processing file /opt/airflow/dags/tasks/__init__.py for tasks to queue
[2025-11-18T01:05:39.832+0000] {logging_mixin.py:154} INFO - [2025-11-18T01:05:39.832+0000] {dagbag.py:536} INFO - Filling up the DagBag from /opt/airflow/dags/tasks/__init__.py
[2025-11-18T01:05:39.834+0000] {processor.py:841} WARNING - No viable dags retrieved from /opt/airflow/dags/tasks/__init__.py
[2025-11-18T01:05:39.845+0000] {processor.py:179} INFO - Processing /opt/airflow/dags/tasks/__init__.py took 0.017 seconds
[2025-11-18T01:06:10.004+0000] {processor.py:157} INFO - Started process (PID=3401) to work on /opt/airflow/dags/tasks/__init__.py
[2025-11-18T01:06:10.004+0000] {processor.py:829} INFO - Processing file /opt/airflow/dags/tasks/__init__.py for tasks to queue
[2025-11-18T01:06:10.005+0000] {logging_mixin.py:154} INFO - [2025-11-18T01:06:10.005+0000] {dagbag.py:536} INFO - Filling up the DagBag from /opt/airflow/dags/tasks/__init__.py
[2025-11-18T01:06:10.006+0000] {processor.py:841} WARNING - No viable dags retrieved from /opt/airflow/dags/tasks/__init__.py
[2025-11-18T01:06:10.017+0000] {processor.py:179} INFO - Processing /opt/airflow/dags/tasks/__init__.py took 0.016 seconds
[2025-11-18T01:06:40.184+0000] {processor.py:157} INFO - Started process (PID=3467) to work on /opt/airflow/dags/tasks/__init__.py
[2025-11-18T01:06:40.185+0000] {processor.py:829} INFO - Processing file /opt/airflow/dags/tasks/__init__.py for tasks to queue
[2025-11-18T01:06:40.185+0000] {logging_mixin.py:154} INFO - [2025-11-18T01:06:40.185+0000] {dagbag.py:536} INFO - Filling up the DagBag from /opt/airflow/dags/tasks/__init__.py
[2025-11-18T01:06:40.187+0000] {processor.py:841} WARNING - No viable dags retrieved from /opt/airflow/dags/tasks/__init__.py
[2025-11-18T01:06:40.198+0000] {processor.py:179} INFO - Processing /opt/airflow/dags/tasks/__init__.py took 0.017 seconds
[2025-11-18T01:07:10.651+0000] {processor.py:157} INFO - Started process (PID=3532) to work on /opt/airflow/dags/tasks/__init__.py
[2025-11-18T01:07:10.651+0000] {processor.py:829} INFO - Processing file /opt/airflow/dags/tasks/__init__.py for tasks to queue
[2025-11-18T01:07:10.652+0000] {logging_mixin.py:154} INFO - [2025-11-18T01:07:10.652+0000] {dagbag.py:536} INFO - Filling up the DagBag from /opt/airflow/dags/tasks/__init__.py
[2025-11-18T01:07:10.653+0000] {processor.py:841} WARNING - No viable dags retrieved from /opt/airflow/dags/tasks/__init__.py
[2025-11-18T01:07:10.664+0000] {processor.py:179} INFO - Processing /opt/airflow/dags/tasks/__init__.py took 0.015 seconds
[2025-11-18T01:07:40.774+0000] {processor.py:157} INFO - Started process (PID=3597) to work on /opt/airflow/dags/tasks/__init__.py
[2025-11-18T01:07:40.775+0000] {processor.py:829} INFO - Processing file /opt/airflow/dags/tasks/__init__.py for tasks to queue
[2025-11-18T01:07:40.775+0000] {logging_mixin.py:154} INFO - [2025-11-18T01:07:40.775+0000] {dagbag.py:536} INFO - Filling up the DagBag from /opt/airflow/dags/tasks/__init__.py
[2025-11-18T01:07:40.777+0000] {processor.py:841} WARNING - No viable dags retrieved from /opt/airflow/dags/tasks/__init__.py
[2025-11-18T01:07:40.788+0000] {processor.py:179} INFO - Processing /opt/airflow/dags/tasks/__init__.py took 0.017 seconds
[2025-11-18T01:08:10.958+0000] {processor.py:157} INFO - Started process (PID=3653) to work on /opt/airflow/dags/tasks/__init__.py
[2025-11-18T01:08:10.959+0000] {processor.py:829} INFO - Processing file /opt/airflow/dags/tasks/__init__.py for tasks to queue
[2025-11-18T01:08:10.959+0000] {logging_mixin.py:154} INFO - [2025-11-18T01:08:10.959+0000] {dagbag.py:536} INFO - Filling up the DagBag from /opt/airflow/dags/tasks/__init__.py
[2025-11-18T01:08:10.961+0000] {processor.py:841} WARNING - No viable dags retrieved from /opt/airflow/dags/tasks/__init__.py
[2025-11-18T01:08:10.972+0000] {processor.py:179} INFO - Processing /opt/airflow/dags/tasks/__init__.py took 0.017 seconds
[2025-11-18T01:08:41.479+0000] {processor.py:157} INFO - Started process (PID=3707) to work on /opt/airflow/dags/tasks/__init__.py
[2025-11-18T01:08:41.480+0000] {processor.py:829} INFO - Processing file /opt/airflow/dags/tasks/__init__.py for tasks to queue
[2025-11-18T01:08:41.480+0000] {logging_mixin.py:154} INFO - [2025-11-18T01:08:41.480+0000] {dagbag.py:536} INFO - Filling up the DagBag from /opt/airflow/dags/tasks/__init__.py
[2025-11-18T01:08:41.482+0000] {processor.py:841} WARNING - No viable dags retrieved from /opt/airflow/dags/tasks/__init__.py
[2025-11-18T01:08:41.495+0000] {processor.py:179} INFO - Processing /opt/airflow/dags/tasks/__init__.py took 0.019 seconds
[2025-11-18T01:09:11.638+0000] {processor.py:157} INFO - Started process (PID=3768) to work on /opt/airflow/dags/tasks/__init__.py
[2025-11-18T01:09:11.638+0000] {processor.py:829} INFO - Processing file /opt/airflow/dags/tasks/__init__.py for tasks to queue
[2025-11-18T01:09:11.639+0000] {logging_mixin.py:154} INFO - [2025-11-18T01:09:11.639+0000] {dagbag.py:536} INFO - Filling up the DagBag from /opt/airflow/dags/tasks/__init__.py
[2025-11-18T01:09:11.641+0000] {processor.py:841} WARNING - No viable dags retrieved from /opt/airflow/dags/tasks/__init__.py
[2025-11-18T01:09:11.652+0000] {processor.py:179} INFO - Processing /opt/airflow/dags/tasks/__init__.py took 0.017 seconds
[2025-11-18T01:09:42.456+0000] {processor.py:157} INFO - Started process (PID=3833) to work on /opt/airflow/dags/tasks/__init__.py
[2025-11-18T01:09:42.457+0000] {processor.py:829} INFO - Processing file /opt/airflow/dags/tasks/__init__.py for tasks to queue
[2025-11-18T01:09:42.457+0000] {logging_mixin.py:154} INFO - [2025-11-18T01:09:42.457+0000] {dagbag.py:536} INFO - Filling up the DagBag from /opt/airflow/dags/tasks/__init__.py
[2025-11-18T01:09:42.459+0000] {processor.py:841} WARNING - No viable dags retrieved from /opt/airflow/dags/tasks/__init__.py
[2025-11-18T01:09:42.470+0000] {processor.py:179} INFO - Processing /opt/airflow/dags/tasks/__init__.py took 0.017 seconds
[2025-11-18T01:10:13.033+0000] {processor.py:157} INFO - Started process (PID=3891) to work on /opt/airflow/dags/tasks/__init__.py
[2025-11-18T01:10:13.034+0000] {processor.py:829} INFO - Processing file /opt/airflow/dags/tasks/__init__.py for tasks to queue
[2025-11-18T01:10:13.035+0000] {logging_mixin.py:154} INFO - [2025-11-18T01:10:13.034+0000] {dagbag.py:536} INFO - Filling up the DagBag from /opt/airflow/dags/tasks/__init__.py
[2025-11-18T01:10:13.036+0000] {processor.py:841} WARNING - No viable dags retrieved from /opt/airflow/dags/tasks/__init__.py
[2025-11-18T01:10:13.047+0000] {processor.py:179} INFO - Processing /opt/airflow/dags/tasks/__init__.py took 0.016 seconds
[2025-11-18T01:10:43.191+0000] {processor.py:157} INFO - Started process (PID=3956) to work on /opt/airflow/dags/tasks/__init__.py
[2025-11-18T01:10:43.192+0000] {processor.py:829} INFO - Processing file /opt/airflow/dags/tasks/__init__.py for tasks to queue
[2025-11-18T01:10:43.192+0000] {logging_mixin.py:154} INFO - [2025-11-18T01:10:43.192+0000] {dagbag.py:536} INFO - Filling up the DagBag from /opt/airflow/dags/tasks/__init__.py
[2025-11-18T01:10:43.194+0000] {processor.py:841} WARNING - No viable dags retrieved from /opt/airflow/dags/tasks/__init__.py
[2025-11-18T01:10:43.204+0000] {processor.py:179} INFO - Processing /opt/airflow/dags/tasks/__init__.py took 0.015 seconds
[2025-11-18T01:11:13.341+0000] {processor.py:157} INFO - Started process (PID=4022) to work on /opt/airflow/dags/tasks/__init__.py
[2025-11-18T01:11:13.342+0000] {processor.py:829} INFO - Processing file /opt/airflow/dags/tasks/__init__.py for tasks to queue
[2025-11-18T01:11:13.342+0000] {logging_mixin.py:154} INFO - [2025-11-18T01:11:13.342+0000] {dagbag.py:536} INFO - Filling up the DagBag from /opt/airflow/dags/tasks/__init__.py
[2025-11-18T01:11:13.344+0000] {processor.py:841} WARNING - No viable dags retrieved from /opt/airflow/dags/tasks/__init__.py
[2025-11-18T01:11:13.354+0000] {processor.py:179} INFO - Processing /opt/airflow/dags/tasks/__init__.py took 0.016 seconds
[2025-11-18T01:11:43.548+0000] {processor.py:157} INFO - Started process (PID=4087) to work on /opt/airflow/dags/tasks/__init__.py
[2025-11-18T01:11:43.549+0000] {processor.py:829} INFO - Processing file /opt/airflow/dags/tasks/__init__.py for tasks to queue
[2025-11-18T01:11:43.549+0000] {logging_mixin.py:154} INFO - [2025-11-18T01:11:43.549+0000] {dagbag.py:536} INFO - Filling up the DagBag from /opt/airflow/dags/tasks/__init__.py
[2025-11-18T01:11:43.551+0000] {processor.py:841} WARNING - No viable dags retrieved from /opt/airflow/dags/tasks/__init__.py
[2025-11-18T01:11:43.562+0000] {processor.py:179} INFO - Processing /opt/airflow/dags/tasks/__init__.py took 0.017 seconds
[2025-11-18T01:12:14.314+0000] {processor.py:157} INFO - Started process (PID=4151) to work on /opt/airflow/dags/tasks/__init__.py
[2025-11-18T01:12:14.315+0000] {processor.py:829} INFO - Processing file /opt/airflow/dags/tasks/__init__.py for tasks to queue
[2025-11-18T01:12:14.316+0000] {logging_mixin.py:154} INFO - [2025-11-18T01:12:14.315+0000] {dagbag.py:536} INFO - Filling up the DagBag from /opt/airflow/dags/tasks/__init__.py
[2025-11-18T01:12:14.318+0000] {processor.py:841} WARNING - No viable dags retrieved from /opt/airflow/dags/tasks/__init__.py
[2025-11-18T01:12:14.328+0000] {processor.py:179} INFO - Processing /opt/airflow/dags/tasks/__init__.py took 0.017 seconds
[2025-11-18T01:12:44.954+0000] {processor.py:157} INFO - Started process (PID=4210) to work on /opt/airflow/dags/tasks/__init__.py
[2025-11-18T01:12:44.955+0000] {processor.py:829} INFO - Processing file /opt/airflow/dags/tasks/__init__.py for tasks to queue
[2025-11-18T01:12:44.955+0000] {logging_mixin.py:154} INFO - [2025-11-18T01:12:44.955+0000] {dagbag.py:536} INFO - Filling up the DagBag from /opt/airflow/dags/tasks/__init__.py
[2025-11-18T01:12:44.957+0000] {processor.py:841} WARNING - No viable dags retrieved from /opt/airflow/dags/tasks/__init__.py
[2025-11-18T01:12:44.967+0000] {processor.py:179} INFO - Processing /opt/airflow/dags/tasks/__init__.py took 0.015 seconds
[2025-11-18T01:13:15.286+0000] {processor.py:157} INFO - Started process (PID=4275) to work on /opt/airflow/dags/tasks/__init__.py
[2025-11-18T01:13:15.287+0000] {processor.py:829} INFO - Processing file /opt/airflow/dags/tasks/__init__.py for tasks to queue
[2025-11-18T01:13:15.288+0000] {logging_mixin.py:154} INFO - [2025-11-18T01:13:15.287+0000] {dagbag.py:536} INFO - Filling up the DagBag from /opt/airflow/dags/tasks/__init__.py
[2025-11-18T01:13:15.289+0000] {processor.py:841} WARNING - No viable dags retrieved from /opt/airflow/dags/tasks/__init__.py
[2025-11-18T01:13:15.300+0000] {processor.py:179} INFO - Processing /opt/airflow/dags/tasks/__init__.py took 0.016 seconds
[2025-11-18T01:13:45.348+0000] {processor.py:157} INFO - Started process (PID=4340) to work on /opt/airflow/dags/tasks/__init__.py
[2025-11-18T01:13:45.348+0000] {processor.py:829} INFO - Processing file /opt/airflow/dags/tasks/__init__.py for tasks to queue
[2025-11-18T01:13:45.349+0000] {logging_mixin.py:154} INFO - [2025-11-18T01:13:45.349+0000] {dagbag.py:536} INFO - Filling up the DagBag from /opt/airflow/dags/tasks/__init__.py
[2025-11-18T01:13:45.351+0000] {processor.py:841} WARNING - No viable dags retrieved from /opt/airflow/dags/tasks/__init__.py
[2025-11-18T01:13:45.367+0000] {processor.py:179} INFO - Processing /opt/airflow/dags/tasks/__init__.py took 0.023 seconds
[2025-11-18T01:14:15.879+0000] {processor.py:157} INFO - Started process (PID=4405) to work on /opt/airflow/dags/tasks/__init__.py
[2025-11-18T01:14:15.880+0000] {processor.py:829} INFO - Processing file /opt/airflow/dags/tasks/__init__.py for tasks to queue
[2025-11-18T01:14:15.881+0000] {logging_mixin.py:154} INFO - [2025-11-18T01:14:15.881+0000] {dagbag.py:536} INFO - Filling up the DagBag from /opt/airflow/dags/tasks/__init__.py
[2025-11-18T01:14:15.883+0000] {processor.py:841} WARNING - No viable dags retrieved from /opt/airflow/dags/tasks/__init__.py
[2025-11-18T01:14:15.895+0000] {processor.py:179} INFO - Processing /opt/airflow/dags/tasks/__init__.py took 0.018 seconds
[2025-11-18T01:14:46.456+0000] {processor.py:157} INFO - Started process (PID=4463) to work on /opt/airflow/dags/tasks/__init__.py
[2025-11-18T01:14:46.457+0000] {processor.py:829} INFO - Processing file /opt/airflow/dags/tasks/__init__.py for tasks to queue
[2025-11-18T01:14:46.457+0000] {logging_mixin.py:154} INFO - [2025-11-18T01:14:46.457+0000] {dagbag.py:536} INFO - Filling up the DagBag from /opt/airflow/dags/tasks/__init__.py
[2025-11-18T01:14:46.459+0000] {processor.py:841} WARNING - No viable dags retrieved from /opt/airflow/dags/tasks/__init__.py
[2025-11-18T01:14:46.470+0000] {processor.py:179} INFO - Processing /opt/airflow/dags/tasks/__init__.py took 0.016 seconds
[2025-11-18T01:15:17.278+0000] {processor.py:157} INFO - Started process (PID=4528) to work on /opt/airflow/dags/tasks/__init__.py
[2025-11-18T01:15:17.279+0000] {processor.py:829} INFO - Processing file /opt/airflow/dags/tasks/__init__.py for tasks to queue
[2025-11-18T01:15:17.279+0000] {logging_mixin.py:154} INFO - [2025-11-18T01:15:17.279+0000] {dagbag.py:536} INFO - Filling up the DagBag from /opt/airflow/dags/tasks/__init__.py
[2025-11-18T01:15:17.281+0000] {processor.py:841} WARNING - No viable dags retrieved from /opt/airflow/dags/tasks/__init__.py
[2025-11-18T01:15:17.291+0000] {processor.py:179} INFO - Processing /opt/airflow/dags/tasks/__init__.py took 0.015 seconds
[2025-11-18T01:15:47.461+0000] {processor.py:157} INFO - Started process (PID=4593) to work on /opt/airflow/dags/tasks/__init__.py
[2025-11-18T01:15:47.461+0000] {processor.py:829} INFO - Processing file /opt/airflow/dags/tasks/__init__.py for tasks to queue
[2025-11-18T01:15:47.461+0000] {logging_mixin.py:154} INFO - [2025-11-18T01:15:47.461+0000] {dagbag.py:536} INFO - Filling up the DagBag from /opt/airflow/dags/tasks/__init__.py
[2025-11-18T01:15:47.463+0000] {processor.py:841} WARNING - No viable dags retrieved from /opt/airflow/dags/tasks/__init__.py
[2025-11-18T01:15:47.474+0000] {processor.py:179} INFO - Processing /opt/airflow/dags/tasks/__init__.py took 0.016 seconds
[2025-11-18T01:16:17.631+0000] {processor.py:157} INFO - Started process (PID=4659) to work on /opt/airflow/dags/tasks/__init__.py
[2025-11-18T01:16:17.632+0000] {processor.py:829} INFO - Processing file /opt/airflow/dags/tasks/__init__.py for tasks to queue
[2025-11-18T01:16:17.632+0000] {logging_mixin.py:154} INFO - [2025-11-18T01:16:17.632+0000] {dagbag.py:536} INFO - Filling up the DagBag from /opt/airflow/dags/tasks/__init__.py
[2025-11-18T01:16:17.634+0000] {processor.py:841} WARNING - No viable dags retrieved from /opt/airflow/dags/tasks/__init__.py
[2025-11-18T01:16:17.645+0000] {processor.py:179} INFO - Processing /opt/airflow/dags/tasks/__init__.py took 0.018 seconds
[2025-11-18T01:16:47.685+0000] {processor.py:157} INFO - Started process (PID=4717) to work on /opt/airflow/dags/tasks/__init__.py
[2025-11-18T01:16:47.686+0000] {processor.py:829} INFO - Processing file /opt/airflow/dags/tasks/__init__.py for tasks to queue
[2025-11-18T01:16:47.687+0000] {logging_mixin.py:154} INFO - [2025-11-18T01:16:47.686+0000] {dagbag.py:536} INFO - Filling up the DagBag from /opt/airflow/dags/tasks/__init__.py
[2025-11-18T01:16:47.689+0000] {processor.py:841} WARNING - No viable dags retrieved from /opt/airflow/dags/tasks/__init__.py
[2025-11-18T01:16:47.702+0000] {processor.py:179} INFO - Processing /opt/airflow/dags/tasks/__init__.py took 0.023 seconds
[2025-11-18T01:17:18.486+0000] {processor.py:157} INFO - Started process (PID=4782) to work on /opt/airflow/dags/tasks/__init__.py
[2025-11-18T01:17:18.487+0000] {processor.py:829} INFO - Processing file /opt/airflow/dags/tasks/__init__.py for tasks to queue
[2025-11-18T01:17:18.487+0000] {logging_mixin.py:154} INFO - [2025-11-18T01:17:18.487+0000] {dagbag.py:536} INFO - Filling up the DagBag from /opt/airflow/dags/tasks/__init__.py
[2025-11-18T01:17:18.489+0000] {processor.py:841} WARNING - No viable dags retrieved from /opt/airflow/dags/tasks/__init__.py
[2025-11-18T01:17:18.501+0000] {processor.py:179} INFO - Processing /opt/airflow/dags/tasks/__init__.py took 0.017 seconds
[2025-11-18T01:17:48.589+0000] {processor.py:157} INFO - Started process (PID=4847) to work on /opt/airflow/dags/tasks/__init__.py
[2025-11-18T01:17:48.589+0000] {processor.py:829} INFO - Processing file /opt/airflow/dags/tasks/__init__.py for tasks to queue
[2025-11-18T01:17:48.590+0000] {logging_mixin.py:154} INFO - [2025-11-18T01:17:48.590+0000] {dagbag.py:536} INFO - Filling up the DagBag from /opt/airflow/dags/tasks/__init__.py
[2025-11-18T01:17:48.592+0000] {processor.py:841} WARNING - No viable dags retrieved from /opt/airflow/dags/tasks/__init__.py
[2025-11-18T01:17:48.604+0000] {processor.py:179} INFO - Processing /opt/airflow/dags/tasks/__init__.py took 0.018 seconds
[2025-11-18T01:18:19.251+0000] {processor.py:157} INFO - Started process (PID=4903) to work on /opt/airflow/dags/tasks/__init__.py
[2025-11-18T01:18:19.252+0000] {processor.py:829} INFO - Processing file /opt/airflow/dags/tasks/__init__.py for tasks to queue
[2025-11-18T01:18:19.252+0000] {logging_mixin.py:154} INFO - [2025-11-18T01:18:19.252+0000] {dagbag.py:536} INFO - Filling up the DagBag from /opt/airflow/dags/tasks/__init__.py
[2025-11-18T01:18:19.255+0000] {processor.py:841} WARNING - No viable dags retrieved from /opt/airflow/dags/tasks/__init__.py
[2025-11-18T01:18:19.273+0000] {processor.py:179} INFO - Processing /opt/airflow/dags/tasks/__init__.py took 0.026 seconds
[2025-11-18T01:18:49.598+0000] {processor.py:157} INFO - Started process (PID=4952) to work on /opt/airflow/dags/tasks/__init__.py
[2025-11-18T01:18:49.599+0000] {processor.py:829} INFO - Processing file /opt/airflow/dags/tasks/__init__.py for tasks to queue
[2025-11-18T01:18:49.600+0000] {logging_mixin.py:154} INFO - [2025-11-18T01:18:49.599+0000] {dagbag.py:536} INFO - Filling up the DagBag from /opt/airflow/dags/tasks/__init__.py
[2025-11-18T01:18:49.602+0000] {processor.py:841} WARNING - No viable dags retrieved from /opt/airflow/dags/tasks/__init__.py
[2025-11-18T01:18:49.618+0000] {processor.py:179} INFO - Processing /opt/airflow/dags/tasks/__init__.py took 0.023 seconds
[2025-11-18T01:19:19.795+0000] {processor.py:157} INFO - Started process (PID=5019) to work on /opt/airflow/dags/tasks/__init__.py
[2025-11-18T01:19:19.795+0000] {processor.py:829} INFO - Processing file /opt/airflow/dags/tasks/__init__.py for tasks to queue
[2025-11-18T01:19:19.796+0000] {logging_mixin.py:154} INFO - [2025-11-18T01:19:19.796+0000] {dagbag.py:536} INFO - Filling up the DagBag from /opt/airflow/dags/tasks/__init__.py
[2025-11-18T01:19:19.798+0000] {processor.py:841} WARNING - No viable dags retrieved from /opt/airflow/dags/tasks/__init__.py
[2025-11-18T01:19:19.811+0000] {processor.py:179} INFO - Processing /opt/airflow/dags/tasks/__init__.py took 0.019 seconds
[2025-11-18T01:19:50.116+0000] {processor.py:157} INFO - Started process (PID=5076) to work on /opt/airflow/dags/tasks/__init__.py
[2025-11-18T01:19:50.117+0000] {processor.py:829} INFO - Processing file /opt/airflow/dags/tasks/__init__.py for tasks to queue
[2025-11-18T01:19:50.118+0000] {logging_mixin.py:154} INFO - [2025-11-18T01:19:50.118+0000] {dagbag.py:536} INFO - Filling up the DagBag from /opt/airflow/dags/tasks/__init__.py
[2025-11-18T01:19:50.120+0000] {processor.py:841} WARNING - No viable dags retrieved from /opt/airflow/dags/tasks/__init__.py
[2025-11-18T01:19:50.132+0000] {processor.py:179} INFO - Processing /opt/airflow/dags/tasks/__init__.py took 0.019 seconds
[2025-11-18T01:20:20.660+0000] {processor.py:157} INFO - Started process (PID=5142) to work on /opt/airflow/dags/tasks/__init__.py
[2025-11-18T01:20:20.660+0000] {processor.py:829} INFO - Processing file /opt/airflow/dags/tasks/__init__.py for tasks to queue
[2025-11-18T01:20:20.661+0000] {logging_mixin.py:154} INFO - [2025-11-18T01:20:20.660+0000] {dagbag.py:536} INFO - Filling up the DagBag from /opt/airflow/dags/tasks/__init__.py
[2025-11-18T01:20:20.663+0000] {processor.py:841} WARNING - No viable dags retrieved from /opt/airflow/dags/tasks/__init__.py
[2025-11-18T01:20:20.678+0000] {processor.py:179} INFO - Processing /opt/airflow/dags/tasks/__init__.py took 0.021 seconds
[2025-11-18T01:20:50.891+0000] {processor.py:157} INFO - Started process (PID=5207) to work on /opt/airflow/dags/tasks/__init__.py
[2025-11-18T01:20:50.892+0000] {processor.py:829} INFO - Processing file /opt/airflow/dags/tasks/__init__.py for tasks to queue
[2025-11-18T01:20:50.893+0000] {logging_mixin.py:154} INFO - [2025-11-18T01:20:50.892+0000] {dagbag.py:536} INFO - Filling up the DagBag from /opt/airflow/dags/tasks/__init__.py
[2025-11-18T01:20:50.896+0000] {processor.py:841} WARNING - No viable dags retrieved from /opt/airflow/dags/tasks/__init__.py
[2025-11-18T01:20:50.910+0000] {processor.py:179} INFO - Processing /opt/airflow/dags/tasks/__init__.py took 0.023 seconds
[2025-11-18T01:21:21.054+0000] {processor.py:157} INFO - Started process (PID=5265) to work on /opt/airflow/dags/tasks/__init__.py
[2025-11-18T01:21:21.054+0000] {processor.py:829} INFO - Processing file /opt/airflow/dags/tasks/__init__.py for tasks to queue
[2025-11-18T01:21:21.055+0000] {logging_mixin.py:154} INFO - [2025-11-18T01:21:21.054+0000] {dagbag.py:536} INFO - Filling up the DagBag from /opt/airflow/dags/tasks/__init__.py
[2025-11-18T01:21:21.056+0000] {processor.py:841} WARNING - No viable dags retrieved from /opt/airflow/dags/tasks/__init__.py
[2025-11-18T01:21:21.068+0000] {processor.py:179} INFO - Processing /opt/airflow/dags/tasks/__init__.py took 0.017 seconds
[2025-11-18T01:21:51.888+0000] {processor.py:157} INFO - Started process (PID=5330) to work on /opt/airflow/dags/tasks/__init__.py
[2025-11-18T01:21:51.889+0000] {processor.py:829} INFO - Processing file /opt/airflow/dags/tasks/__init__.py for tasks to queue
[2025-11-18T01:21:51.889+0000] {logging_mixin.py:154} INFO - [2025-11-18T01:21:51.889+0000] {dagbag.py:536} INFO - Filling up the DagBag from /opt/airflow/dags/tasks/__init__.py
[2025-11-18T01:21:51.891+0000] {processor.py:841} WARNING - No viable dags retrieved from /opt/airflow/dags/tasks/__init__.py
[2025-11-18T01:21:51.905+0000] {processor.py:179} INFO - Processing /opt/airflow/dags/tasks/__init__.py took 0.022 seconds
[2025-11-18T01:22:22.229+0000] {processor.py:157} INFO - Started process (PID=5395) to work on /opt/airflow/dags/tasks/__init__.py
[2025-11-18T01:22:22.230+0000] {processor.py:829} INFO - Processing file /opt/airflow/dags/tasks/__init__.py for tasks to queue
[2025-11-18T01:22:22.231+0000] {logging_mixin.py:154} INFO - [2025-11-18T01:22:22.231+0000] {dagbag.py:536} INFO - Filling up the DagBag from /opt/airflow/dags/tasks/__init__.py
[2025-11-18T01:22:22.233+0000] {processor.py:841} WARNING - No viable dags retrieved from /opt/airflow/dags/tasks/__init__.py
[2025-11-18T01:22:22.249+0000] {processor.py:179} INFO - Processing /opt/airflow/dags/tasks/__init__.py took 0.026 seconds
[2025-11-18T01:22:52.823+0000] {processor.py:157} INFO - Started process (PID=5453) to work on /opt/airflow/dags/tasks/__init__.py
[2025-11-18T01:22:52.824+0000] {processor.py:829} INFO - Processing file /opt/airflow/dags/tasks/__init__.py for tasks to queue
[2025-11-18T01:22:52.824+0000] {logging_mixin.py:154} INFO - [2025-11-18T01:22:52.824+0000] {dagbag.py:536} INFO - Filling up the DagBag from /opt/airflow/dags/tasks/__init__.py
[2025-11-18T01:22:52.826+0000] {processor.py:841} WARNING - No viable dags retrieved from /opt/airflow/dags/tasks/__init__.py
[2025-11-18T01:22:52.837+0000] {processor.py:179} INFO - Processing /opt/airflow/dags/tasks/__init__.py took 0.017 seconds
[2025-11-18T01:23:22.438+0000] {processor.py:157} INFO - Started process (PID=5518) to work on /opt/airflow/dags/tasks/__init__.py
[2025-11-18T01:23:22.439+0000] {processor.py:829} INFO - Processing file /opt/airflow/dags/tasks/__init__.py for tasks to queue
[2025-11-18T01:23:22.439+0000] {logging_mixin.py:154} INFO - [2025-11-18T01:23:22.439+0000] {dagbag.py:536} INFO - Filling up the DagBag from /opt/airflow/dags/tasks/__init__.py
[2025-11-18T01:23:22.441+0000] {processor.py:841} WARNING - No viable dags retrieved from /opt/airflow/dags/tasks/__init__.py
[2025-11-18T01:23:22.452+0000] {processor.py:179} INFO - Processing /opt/airflow/dags/tasks/__init__.py took 0.017 seconds
[2025-11-18T01:23:52.937+0000] {processor.py:157} INFO - Started process (PID=5583) to work on /opt/airflow/dags/tasks/__init__.py
[2025-11-18T01:23:52.938+0000] {processor.py:829} INFO - Processing file /opt/airflow/dags/tasks/__init__.py for tasks to queue
[2025-11-18T01:23:52.938+0000] {logging_mixin.py:154} INFO - [2025-11-18T01:23:52.938+0000] {dagbag.py:536} INFO - Filling up the DagBag from /opt/airflow/dags/tasks/__init__.py
[2025-11-18T01:23:52.939+0000] {processor.py:841} WARNING - No viable dags retrieved from /opt/airflow/dags/tasks/__init__.py
[2025-11-18T01:23:52.949+0000] {processor.py:179} INFO - Processing /opt/airflow/dags/tasks/__init__.py took 0.014 seconds
[2025-11-18T01:24:23.212+0000] {processor.py:157} INFO - Started process (PID=5648) to work on /opt/airflow/dags/tasks/__init__.py
[2025-11-18T01:24:23.212+0000] {processor.py:829} INFO - Processing file /opt/airflow/dags/tasks/__init__.py for tasks to queue
[2025-11-18T01:24:23.213+0000] {logging_mixin.py:154} INFO - [2025-11-18T01:24:23.213+0000] {dagbag.py:536} INFO - Filling up the DagBag from /opt/airflow/dags/tasks/__init__.py
[2025-11-18T01:24:23.214+0000] {processor.py:841} WARNING - No viable dags retrieved from /opt/airflow/dags/tasks/__init__.py
[2025-11-18T01:24:23.226+0000] {processor.py:179} INFO - Processing /opt/airflow/dags/tasks/__init__.py took 0.017 seconds
[2025-11-18T01:24:53.316+0000] {processor.py:157} INFO - Started process (PID=5706) to work on /opt/airflow/dags/tasks/__init__.py
[2025-11-18T01:24:53.316+0000] {processor.py:829} INFO - Processing file /opt/airflow/dags/tasks/__init__.py for tasks to queue
[2025-11-18T01:24:53.317+0000] {logging_mixin.py:154} INFO - [2025-11-18T01:24:53.317+0000] {dagbag.py:536} INFO - Filling up the DagBag from /opt/airflow/dags/tasks/__init__.py
[2025-11-18T01:24:53.319+0000] {processor.py:841} WARNING - No viable dags retrieved from /opt/airflow/dags/tasks/__init__.py
[2025-11-18T01:24:53.330+0000] {processor.py:179} INFO - Processing /opt/airflow/dags/tasks/__init__.py took 0.017 seconds
[2025-11-18T01:25:24.197+0000] {processor.py:157} INFO - Started process (PID=5771) to work on /opt/airflow/dags/tasks/__init__.py
[2025-11-18T01:25:24.198+0000] {processor.py:829} INFO - Processing file /opt/airflow/dags/tasks/__init__.py for tasks to queue
[2025-11-18T01:25:24.199+0000] {logging_mixin.py:154} INFO - [2025-11-18T01:25:24.198+0000] {dagbag.py:536} INFO - Filling up the DagBag from /opt/airflow/dags/tasks/__init__.py
[2025-11-18T01:25:24.200+0000] {processor.py:841} WARNING - No viable dags retrieved from /opt/airflow/dags/tasks/__init__.py
[2025-11-18T01:25:24.213+0000] {processor.py:179} INFO - Processing /opt/airflow/dags/tasks/__init__.py took 0.018 seconds
[2025-11-18T01:25:55.003+0000] {processor.py:157} INFO - Started process (PID=5836) to work on /opt/airflow/dags/tasks/__init__.py
[2025-11-18T01:25:55.004+0000] {processor.py:829} INFO - Processing file /opt/airflow/dags/tasks/__init__.py for tasks to queue
[2025-11-18T01:25:55.004+0000] {logging_mixin.py:154} INFO - [2025-11-18T01:25:55.004+0000] {dagbag.py:536} INFO - Filling up the DagBag from /opt/airflow/dags/tasks/__init__.py
[2025-11-18T01:25:55.006+0000] {processor.py:841} WARNING - No viable dags retrieved from /opt/airflow/dags/tasks/__init__.py
[2025-11-18T01:25:55.017+0000] {processor.py:179} INFO - Processing /opt/airflow/dags/tasks/__init__.py took 0.017 seconds
[2025-11-18T01:26:25.293+0000] {processor.py:157} INFO - Started process (PID=5901) to work on /opt/airflow/dags/tasks/__init__.py
[2025-11-18T01:26:25.294+0000] {processor.py:829} INFO - Processing file /opt/airflow/dags/tasks/__init__.py for tasks to queue
[2025-11-18T01:26:25.295+0000] {logging_mixin.py:154} INFO - [2025-11-18T01:26:25.294+0000] {dagbag.py:536} INFO - Filling up the DagBag from /opt/airflow/dags/tasks/__init__.py
[2025-11-18T01:26:25.296+0000] {processor.py:841} WARNING - No viable dags retrieved from /opt/airflow/dags/tasks/__init__.py
[2025-11-18T01:26:25.307+0000] {processor.py:179} INFO - Processing /opt/airflow/dags/tasks/__init__.py took 0.017 seconds
[2025-11-18T01:26:55.895+0000] {processor.py:157} INFO - Started process (PID=5957) to work on /opt/airflow/dags/tasks/__init__.py
[2025-11-18T01:26:55.896+0000] {processor.py:829} INFO - Processing file /opt/airflow/dags/tasks/__init__.py for tasks to queue
[2025-11-18T01:26:55.896+0000] {logging_mixin.py:154} INFO - [2025-11-18T01:26:55.896+0000] {dagbag.py:536} INFO - Filling up the DagBag from /opt/airflow/dags/tasks/__init__.py
[2025-11-18T01:26:55.898+0000] {processor.py:841} WARNING - No viable dags retrieved from /opt/airflow/dags/tasks/__init__.py
[2025-11-18T01:26:55.908+0000] {processor.py:179} INFO - Processing /opt/airflow/dags/tasks/__init__.py took 0.015 seconds
[2025-11-18T01:27:26.141+0000] {processor.py:157} INFO - Started process (PID=6005) to work on /opt/airflow/dags/tasks/__init__.py
[2025-11-18T01:27:26.141+0000] {processor.py:829} INFO - Processing file /opt/airflow/dags/tasks/__init__.py for tasks to queue
[2025-11-18T01:27:26.142+0000] {logging_mixin.py:154} INFO - [2025-11-18T01:27:26.142+0000] {dagbag.py:536} INFO - Filling up the DagBag from /opt/airflow/dags/tasks/__init__.py
[2025-11-18T01:27:26.143+0000] {processor.py:841} WARNING - No viable dags retrieved from /opt/airflow/dags/tasks/__init__.py
[2025-11-18T01:27:26.154+0000] {processor.py:179} INFO - Processing /opt/airflow/dags/tasks/__init__.py took 0.016 seconds
[2025-11-18T01:27:56.263+0000] {processor.py:157} INFO - Started process (PID=6064) to work on /opt/airflow/dags/tasks/__init__.py
[2025-11-18T01:27:56.263+0000] {processor.py:829} INFO - Processing file /opt/airflow/dags/tasks/__init__.py for tasks to queue
[2025-11-18T01:27:56.264+0000] {logging_mixin.py:154} INFO - [2025-11-18T01:27:56.263+0000] {dagbag.py:536} INFO - Filling up the DagBag from /opt/airflow/dags/tasks/__init__.py
[2025-11-18T01:27:56.265+0000] {processor.py:841} WARNING - No viable dags retrieved from /opt/airflow/dags/tasks/__init__.py
[2025-11-18T01:27:56.276+0000] {processor.py:179} INFO - Processing /opt/airflow/dags/tasks/__init__.py took 0.017 seconds
[2025-11-18T01:28:26.677+0000] {processor.py:157} INFO - Started process (PID=6129) to work on /opt/airflow/dags/tasks/__init__.py
[2025-11-18T01:28:26.678+0000] {processor.py:829} INFO - Processing file /opt/airflow/dags/tasks/__init__.py for tasks to queue
[2025-11-18T01:28:26.679+0000] {logging_mixin.py:154} INFO - [2025-11-18T01:28:26.678+0000] {dagbag.py:536} INFO - Filling up the DagBag from /opt/airflow/dags/tasks/__init__.py
[2025-11-18T01:28:26.680+0000] {processor.py:841} WARNING - No viable dags retrieved from /opt/airflow/dags/tasks/__init__.py
[2025-11-18T01:28:26.691+0000] {processor.py:179} INFO - Processing /opt/airflow/dags/tasks/__init__.py took 0.017 seconds
[2025-11-18T01:28:57.083+0000] {processor.py:157} INFO - Started process (PID=6194) to work on /opt/airflow/dags/tasks/__init__.py
[2025-11-18T01:28:57.083+0000] {processor.py:829} INFO - Processing file /opt/airflow/dags/tasks/__init__.py for tasks to queue
[2025-11-18T01:28:57.084+0000] {logging_mixin.py:154} INFO - [2025-11-18T01:28:57.084+0000] {dagbag.py:536} INFO - Filling up the DagBag from /opt/airflow/dags/tasks/__init__.py
[2025-11-18T01:28:57.086+0000] {processor.py:841} WARNING - No viable dags retrieved from /opt/airflow/dags/tasks/__init__.py
[2025-11-18T01:28:57.097+0000] {processor.py:179} INFO - Processing /opt/airflow/dags/tasks/__init__.py took 0.017 seconds
[2025-11-18T01:29:27.562+0000] {processor.py:157} INFO - Started process (PID=6252) to work on /opt/airflow/dags/tasks/__init__.py
[2025-11-18T01:29:27.562+0000] {processor.py:829} INFO - Processing file /opt/airflow/dags/tasks/__init__.py for tasks to queue
[2025-11-18T01:29:27.563+0000] {logging_mixin.py:154} INFO - [2025-11-18T01:29:27.563+0000] {dagbag.py:536} INFO - Filling up the DagBag from /opt/airflow/dags/tasks/__init__.py
[2025-11-18T01:29:27.565+0000] {processor.py:841} WARNING - No viable dags retrieved from /opt/airflow/dags/tasks/__init__.py
[2025-11-18T01:29:27.578+0000] {processor.py:179} INFO - Processing /opt/airflow/dags/tasks/__init__.py took 0.020 seconds
[2025-11-18T01:29:58.081+0000] {processor.py:157} INFO - Started process (PID=6317) to work on /opt/airflow/dags/tasks/__init__.py
[2025-11-18T01:29:58.081+0000] {processor.py:829} INFO - Processing file /opt/airflow/dags/tasks/__init__.py for tasks to queue
[2025-11-18T01:29:58.082+0000] {logging_mixin.py:154} INFO - [2025-11-18T01:29:58.082+0000] {dagbag.py:536} INFO - Filling up the DagBag from /opt/airflow/dags/tasks/__init__.py
[2025-11-18T01:29:58.084+0000] {processor.py:841} WARNING - No viable dags retrieved from /opt/airflow/dags/tasks/__init__.py
[2025-11-18T01:29:58.095+0000] {processor.py:179} INFO - Processing /opt/airflow/dags/tasks/__init__.py took 0.017 seconds
[2025-11-18T01:30:28.477+0000] {processor.py:157} INFO - Started process (PID=6383) to work on /opt/airflow/dags/tasks/__init__.py
[2025-11-18T01:30:28.478+0000] {processor.py:829} INFO - Processing file /opt/airflow/dags/tasks/__init__.py for tasks to queue
[2025-11-18T01:30:28.478+0000] {logging_mixin.py:154} INFO - [2025-11-18T01:30:28.478+0000] {dagbag.py:536} INFO - Filling up the DagBag from /opt/airflow/dags/tasks/__init__.py
[2025-11-18T01:30:28.480+0000] {processor.py:841} WARNING - No viable dags retrieved from /opt/airflow/dags/tasks/__init__.py
[2025-11-18T01:30:28.491+0000] {processor.py:179} INFO - Processing /opt/airflow/dags/tasks/__init__.py took 0.017 seconds
[2025-11-18T01:30:58.856+0000] {processor.py:157} INFO - Started process (PID=6448) to work on /opt/airflow/dags/tasks/__init__.py
[2025-11-18T01:30:58.856+0000] {processor.py:829} INFO - Processing file /opt/airflow/dags/tasks/__init__.py for tasks to queue
[2025-11-18T01:30:58.857+0000] {logging_mixin.py:154} INFO - [2025-11-18T01:30:58.857+0000] {dagbag.py:536} INFO - Filling up the DagBag from /opt/airflow/dags/tasks/__init__.py
[2025-11-18T01:30:58.859+0000] {processor.py:841} WARNING - No viable dags retrieved from /opt/airflow/dags/tasks/__init__.py
[2025-11-18T01:30:58.870+0000] {processor.py:179} INFO - Processing /opt/airflow/dags/tasks/__init__.py took 0.018 seconds
[2025-11-18T01:31:29.219+0000] {processor.py:157} INFO - Started process (PID=6512) to work on /opt/airflow/dags/tasks/__init__.py
[2025-11-18T01:31:29.219+0000] {processor.py:829} INFO - Processing file /opt/airflow/dags/tasks/__init__.py for tasks to queue
[2025-11-18T01:31:29.220+0000] {logging_mixin.py:154} INFO - [2025-11-18T01:31:29.219+0000] {dagbag.py:536} INFO - Filling up the DagBag from /opt/airflow/dags/tasks/__init__.py
[2025-11-18T01:31:29.221+0000] {processor.py:841} WARNING - No viable dags retrieved from /opt/airflow/dags/tasks/__init__.py
[2025-11-18T01:31:29.233+0000] {processor.py:179} INFO - Processing /opt/airflow/dags/tasks/__init__.py took 0.017 seconds
[2025-11-18T01:31:59.300+0000] {processor.py:157} INFO - Started process (PID=6609) to work on /opt/airflow/dags/tasks/__init__.py
[2025-11-18T01:31:59.300+0000] {processor.py:829} INFO - Processing file /opt/airflow/dags/tasks/__init__.py for tasks to queue
[2025-11-18T01:31:59.301+0000] {logging_mixin.py:154} INFO - [2025-11-18T01:31:59.300+0000] {dagbag.py:536} INFO - Filling up the DagBag from /opt/airflow/dags/tasks/__init__.py
[2025-11-18T01:31:59.302+0000] {processor.py:841} WARNING - No viable dags retrieved from /opt/airflow/dags/tasks/__init__.py
[2025-11-18T01:31:59.313+0000] {processor.py:179} INFO - Processing /opt/airflow/dags/tasks/__init__.py took 0.017 seconds
[2025-11-18T01:32:30.229+0000] {processor.py:157} INFO - Started process (PID=6862) to work on /opt/airflow/dags/tasks/__init__.py
[2025-11-18T01:32:30.232+0000] {processor.py:829} INFO - Processing file /opt/airflow/dags/tasks/__init__.py for tasks to queue
[2025-11-18T01:32:30.233+0000] {logging_mixin.py:154} INFO - [2025-11-18T01:32:30.232+0000] {dagbag.py:536} INFO - Filling up the DagBag from /opt/airflow/dags/tasks/__init__.py
[2025-11-18T01:32:30.235+0000] {processor.py:841} WARNING - No viable dags retrieved from /opt/airflow/dags/tasks/__init__.py
[2025-11-18T01:32:30.257+0000] {processor.py:179} INFO - Processing /opt/airflow/dags/tasks/__init__.py took 0.031 seconds
[2025-11-18T01:33:00.564+0000] {processor.py:157} INFO - Started process (PID=7043) to work on /opt/airflow/dags/tasks/__init__.py
[2025-11-18T01:33:00.565+0000] {processor.py:829} INFO - Processing file /opt/airflow/dags/tasks/__init__.py for tasks to queue
[2025-11-18T01:33:00.565+0000] {logging_mixin.py:154} INFO - [2025-11-18T01:33:00.565+0000] {dagbag.py:536} INFO - Filling up the DagBag from /opt/airflow/dags/tasks/__init__.py
[2025-11-18T01:33:00.567+0000] {processor.py:841} WARNING - No viable dags retrieved from /opt/airflow/dags/tasks/__init__.py
[2025-11-18T01:33:00.578+0000] {processor.py:179} INFO - Processing /opt/airflow/dags/tasks/__init__.py took 0.016 seconds
[2025-11-18T01:33:31.427+0000] {processor.py:157} INFO - Started process (PID=7112) to work on /opt/airflow/dags/tasks/__init__.py
[2025-11-18T01:33:31.428+0000] {processor.py:829} INFO - Processing file /opt/airflow/dags/tasks/__init__.py for tasks to queue
[2025-11-18T01:33:31.428+0000] {logging_mixin.py:154} INFO - [2025-11-18T01:33:31.428+0000] {dagbag.py:536} INFO - Filling up the DagBag from /opt/airflow/dags/tasks/__init__.py
[2025-11-18T01:33:31.430+0000] {processor.py:841} WARNING - No viable dags retrieved from /opt/airflow/dags/tasks/__init__.py
[2025-11-18T01:33:31.441+0000] {processor.py:179} INFO - Processing /opt/airflow/dags/tasks/__init__.py took 0.017 seconds
[2025-11-18T01:34:01.599+0000] {processor.py:157} INFO - Started process (PID=7176) to work on /opt/airflow/dags/tasks/__init__.py
[2025-11-18T01:34:01.600+0000] {processor.py:829} INFO - Processing file /opt/airflow/dags/tasks/__init__.py for tasks to queue
[2025-11-18T01:34:01.600+0000] {logging_mixin.py:154} INFO - [2025-11-18T01:34:01.600+0000] {dagbag.py:536} INFO - Filling up the DagBag from /opt/airflow/dags/tasks/__init__.py
[2025-11-18T01:34:01.602+0000] {processor.py:841} WARNING - No viable dags retrieved from /opt/airflow/dags/tasks/__init__.py
[2025-11-18T01:34:01.614+0000] {processor.py:179} INFO - Processing /opt/airflow/dags/tasks/__init__.py took 0.018 seconds
[2025-11-18T01:34:32.055+0000] {processor.py:157} INFO - Started process (PID=7241) to work on /opt/airflow/dags/tasks/__init__.py
[2025-11-18T01:34:32.055+0000] {processor.py:829} INFO - Processing file /opt/airflow/dags/tasks/__init__.py for tasks to queue
[2025-11-18T01:34:32.056+0000] {logging_mixin.py:154} INFO - [2025-11-18T01:34:32.056+0000] {dagbag.py:536} INFO - Filling up the DagBag from /opt/airflow/dags/tasks/__init__.py
[2025-11-18T01:34:32.057+0000] {processor.py:841} WARNING - No viable dags retrieved from /opt/airflow/dags/tasks/__init__.py
[2025-11-18T01:34:32.069+0000] {processor.py:179} INFO - Processing /opt/airflow/dags/tasks/__init__.py took 0.017 seconds
[2025-11-18T01:35:02.463+0000] {processor.py:157} INFO - Started process (PID=7307) to work on /opt/airflow/dags/tasks/__init__.py
[2025-11-18T01:35:02.463+0000] {processor.py:829} INFO - Processing file /opt/airflow/dags/tasks/__init__.py for tasks to queue
[2025-11-18T01:35:02.464+0000] {logging_mixin.py:154} INFO - [2025-11-18T01:35:02.463+0000] {dagbag.py:536} INFO - Filling up the DagBag from /opt/airflow/dags/tasks/__init__.py
[2025-11-18T01:35:02.465+0000] {processor.py:841} WARNING - No viable dags retrieved from /opt/airflow/dags/tasks/__init__.py
[2025-11-18T01:35:02.476+0000] {processor.py:179} INFO - Processing /opt/airflow/dags/tasks/__init__.py took 0.017 seconds
[2025-11-18T01:35:32.869+0000] {processor.py:157} INFO - Started process (PID=7372) to work on /opt/airflow/dags/tasks/__init__.py
[2025-11-18T01:35:32.870+0000] {processor.py:829} INFO - Processing file /opt/airflow/dags/tasks/__init__.py for tasks to queue
[2025-11-18T01:35:32.871+0000] {logging_mixin.py:154} INFO - [2025-11-18T01:35:32.870+0000] {dagbag.py:536} INFO - Filling up the DagBag from /opt/airflow/dags/tasks/__init__.py
[2025-11-18T01:35:32.872+0000] {processor.py:841} WARNING - No viable dags retrieved from /opt/airflow/dags/tasks/__init__.py
[2025-11-18T01:35:32.883+0000] {processor.py:179} INFO - Processing /opt/airflow/dags/tasks/__init__.py took 0.016 seconds
[2025-11-18T01:36:03.306+0000] {processor.py:157} INFO - Started process (PID=7437) to work on /opt/airflow/dags/tasks/__init__.py
[2025-11-18T01:36:03.306+0000] {processor.py:829} INFO - Processing file /opt/airflow/dags/tasks/__init__.py for tasks to queue
[2025-11-18T01:36:03.307+0000] {logging_mixin.py:154} INFO - [2025-11-18T01:36:03.306+0000] {dagbag.py:536} INFO - Filling up the DagBag from /opt/airflow/dags/tasks/__init__.py
[2025-11-18T01:36:03.308+0000] {processor.py:841} WARNING - No viable dags retrieved from /opt/airflow/dags/tasks/__init__.py
[2025-11-18T01:36:03.321+0000] {processor.py:179} INFO - Processing /opt/airflow/dags/tasks/__init__.py took 0.018 seconds
[2025-11-18T01:36:33.718+0000] {processor.py:157} INFO - Started process (PID=7495) to work on /opt/airflow/dags/tasks/__init__.py
[2025-11-18T01:36:33.719+0000] {processor.py:829} INFO - Processing file /opt/airflow/dags/tasks/__init__.py for tasks to queue
[2025-11-18T01:36:33.720+0000] {logging_mixin.py:154} INFO - [2025-11-18T01:36:33.719+0000] {dagbag.py:536} INFO - Filling up the DagBag from /opt/airflow/dags/tasks/__init__.py
[2025-11-18T01:36:33.721+0000] {processor.py:841} WARNING - No viable dags retrieved from /opt/airflow/dags/tasks/__init__.py
[2025-11-18T01:36:33.732+0000] {processor.py:179} INFO - Processing /opt/airflow/dags/tasks/__init__.py took 0.017 seconds
[2025-11-18T01:37:04.125+0000] {processor.py:157} INFO - Started process (PID=7559) to work on /opt/airflow/dags/tasks/__init__.py
[2025-11-18T01:37:04.126+0000] {processor.py:829} INFO - Processing file /opt/airflow/dags/tasks/__init__.py for tasks to queue
[2025-11-18T01:37:04.126+0000] {logging_mixin.py:154} INFO - [2025-11-18T01:37:04.126+0000] {dagbag.py:536} INFO - Filling up the DagBag from /opt/airflow/dags/tasks/__init__.py
[2025-11-18T01:37:04.128+0000] {processor.py:841} WARNING - No viable dags retrieved from /opt/airflow/dags/tasks/__init__.py
[2025-11-18T01:37:04.140+0000] {processor.py:179} INFO - Processing /opt/airflow/dags/tasks/__init__.py took 0.018 seconds
[2025-11-18T01:37:34.516+0000] {processor.py:157} INFO - Started process (PID=7624) to work on /opt/airflow/dags/tasks/__init__.py
[2025-11-18T01:37:34.517+0000] {processor.py:829} INFO - Processing file /opt/airflow/dags/tasks/__init__.py for tasks to queue
[2025-11-18T01:37:34.518+0000] {logging_mixin.py:154} INFO - [2025-11-18T01:37:34.517+0000] {dagbag.py:536} INFO - Filling up the DagBag from /opt/airflow/dags/tasks/__init__.py
[2025-11-18T01:37:34.520+0000] {processor.py:841} WARNING - No viable dags retrieved from /opt/airflow/dags/tasks/__init__.py
[2025-11-18T01:37:34.531+0000] {processor.py:179} INFO - Processing /opt/airflow/dags/tasks/__init__.py took 0.017 seconds
[2025-11-18T01:38:04.557+0000] {processor.py:157} INFO - Started process (PID=7685) to work on /opt/airflow/dags/tasks/__init__.py
[2025-11-18T01:38:04.558+0000] {processor.py:829} INFO - Processing file /opt/airflow/dags/tasks/__init__.py for tasks to queue
[2025-11-18T01:38:04.559+0000] {logging_mixin.py:154} INFO - [2025-11-18T01:38:04.558+0000] {dagbag.py:536} INFO - Filling up the DagBag from /opt/airflow/dags/tasks/__init__.py
[2025-11-18T01:38:04.561+0000] {processor.py:841} WARNING - No viable dags retrieved from /opt/airflow/dags/tasks/__init__.py
[2025-11-18T01:38:04.571+0000] {processor.py:179} INFO - Processing /opt/airflow/dags/tasks/__init__.py took 0.017 seconds
[2025-11-18T01:38:34.733+0000] {processor.py:157} INFO - Started process (PID=7741) to work on /opt/airflow/dags/tasks/__init__.py
[2025-11-18T01:38:34.734+0000] {processor.py:829} INFO - Processing file /opt/airflow/dags/tasks/__init__.py for tasks to queue
[2025-11-18T01:38:34.734+0000] {logging_mixin.py:154} INFO - [2025-11-18T01:38:34.734+0000] {dagbag.py:536} INFO - Filling up the DagBag from /opt/airflow/dags/tasks/__init__.py
[2025-11-18T01:38:34.736+0000] {processor.py:841} WARNING - No viable dags retrieved from /opt/airflow/dags/tasks/__init__.py
[2025-11-18T01:38:34.747+0000] {processor.py:179} INFO - Processing /opt/airflow/dags/tasks/__init__.py took 0.017 seconds
[2025-11-18T01:39:05.282+0000] {processor.py:157} INFO - Started process (PID=7795) to work on /opt/airflow/dags/tasks/__init__.py
[2025-11-18T01:39:05.283+0000] {processor.py:829} INFO - Processing file /opt/airflow/dags/tasks/__init__.py for tasks to queue
[2025-11-18T01:39:05.284+0000] {logging_mixin.py:154} INFO - [2025-11-18T01:39:05.283+0000] {dagbag.py:536} INFO - Filling up the DagBag from /opt/airflow/dags/tasks/__init__.py
[2025-11-18T01:39:05.286+0000] {processor.py:841} WARNING - No viable dags retrieved from /opt/airflow/dags/tasks/__init__.py
[2025-11-18T01:39:05.298+0000] {processor.py:179} INFO - Processing /opt/airflow/dags/tasks/__init__.py took 0.020 seconds
[2025-11-18T01:39:35.458+0000] {processor.py:157} INFO - Started process (PID=7856) to work on /opt/airflow/dags/tasks/__init__.py
[2025-11-18T01:39:35.458+0000] {processor.py:829} INFO - Processing file /opt/airflow/dags/tasks/__init__.py for tasks to queue
[2025-11-18T01:39:35.459+0000] {logging_mixin.py:154} INFO - [2025-11-18T01:39:35.459+0000] {dagbag.py:536} INFO - Filling up the DagBag from /opt/airflow/dags/tasks/__init__.py
[2025-11-18T01:39:35.461+0000] {processor.py:841} WARNING - No viable dags retrieved from /opt/airflow/dags/tasks/__init__.py
[2025-11-18T01:39:35.472+0000] {processor.py:179} INFO - Processing /opt/airflow/dags/tasks/__init__.py took 0.016 seconds
[2025-11-18T01:40:05.616+0000] {processor.py:157} INFO - Started process (PID=7921) to work on /opt/airflow/dags/tasks/__init__.py
[2025-11-18T01:40:05.616+0000] {processor.py:829} INFO - Processing file /opt/airflow/dags/tasks/__init__.py for tasks to queue
[2025-11-18T01:40:05.617+0000] {logging_mixin.py:154} INFO - [2025-11-18T01:40:05.617+0000] {dagbag.py:536} INFO - Filling up the DagBag from /opt/airflow/dags/tasks/__init__.py
[2025-11-18T01:40:05.619+0000] {processor.py:841} WARNING - No viable dags retrieved from /opt/airflow/dags/tasks/__init__.py
[2025-11-18T01:40:05.630+0000] {processor.py:179} INFO - Processing /opt/airflow/dags/tasks/__init__.py took 0.018 seconds
[2025-11-18T01:40:36.111+0000] {processor.py:157} INFO - Started process (PID=7986) to work on /opt/airflow/dags/tasks/__init__.py
[2025-11-18T01:40:36.112+0000] {processor.py:829} INFO - Processing file /opt/airflow/dags/tasks/__init__.py for tasks to queue
[2025-11-18T01:40:36.113+0000] {logging_mixin.py:154} INFO - [2025-11-18T01:40:36.112+0000] {dagbag.py:536} INFO - Filling up the DagBag from /opt/airflow/dags/tasks/__init__.py
[2025-11-18T01:40:36.114+0000] {processor.py:841} WARNING - No viable dags retrieved from /opt/airflow/dags/tasks/__init__.py
[2025-11-18T01:40:36.126+0000] {processor.py:179} INFO - Processing /opt/airflow/dags/tasks/__init__.py took 0.018 seconds
[2025-11-18T01:41:06.183+0000] {processor.py:157} INFO - Started process (PID=8044) to work on /opt/airflow/dags/tasks/__init__.py
[2025-11-18T01:41:06.183+0000] {processor.py:829} INFO - Processing file /opt/airflow/dags/tasks/__init__.py for tasks to queue
[2025-11-18T01:41:06.184+0000] {logging_mixin.py:154} INFO - [2025-11-18T01:41:06.184+0000] {dagbag.py:536} INFO - Filling up the DagBag from /opt/airflow/dags/tasks/__init__.py
[2025-11-18T01:41:06.185+0000] {processor.py:841} WARNING - No viable dags retrieved from /opt/airflow/dags/tasks/__init__.py
[2025-11-18T01:41:06.197+0000] {processor.py:179} INFO - Processing /opt/airflow/dags/tasks/__init__.py took 0.017 seconds
