[2025-11-18T00:02:55.484+0000] {processor.py:157} INFO - Started process (PID=168) to work on /opt/airflow/dags/tasks/data_extraction.py
[2025-11-18T00:02:55.484+0000] {processor.py:829} INFO - Processing file /opt/airflow/dags/tasks/data_extraction.py for tasks to queue
[2025-11-18T00:02:55.485+0000] {logging_mixin.py:154} INFO - [2025-11-18T00:02:55.485+0000] {dagbag.py:536} INFO - Filling up the DagBag from /opt/airflow/dags/tasks/data_extraction.py
[2025-11-18T00:02:55.768+0000] {processor.py:841} WARNING - No viable dags retrieved from /opt/airflow/dags/tasks/data_extraction.py
[2025-11-18T00:02:55.779+0000] {processor.py:179} INFO - Processing /opt/airflow/dags/tasks/data_extraction.py took 0.300 seconds
[2025-11-18T00:03:26.395+0000] {processor.py:157} INFO - Started process (PID=250) to work on /opt/airflow/dags/tasks/data_extraction.py
[2025-11-18T00:03:26.395+0000] {processor.py:829} INFO - Processing file /opt/airflow/dags/tasks/data_extraction.py for tasks to queue
[2025-11-18T00:03:26.396+0000] {logging_mixin.py:154} INFO - [2025-11-18T00:03:26.396+0000] {dagbag.py:536} INFO - Filling up the DagBag from /opt/airflow/dags/tasks/data_extraction.py
[2025-11-18T00:03:26.726+0000] {processor.py:841} WARNING - No viable dags retrieved from /opt/airflow/dags/tasks/data_extraction.py
[2025-11-18T00:03:26.735+0000] {processor.py:179} INFO - Processing /opt/airflow/dags/tasks/data_extraction.py took 0.344 seconds
[2025-11-18T00:11:56.705+0000] {processor.py:157} INFO - Started process (PID=168) to work on /opt/airflow/dags/tasks/data_extraction.py
[2025-11-18T00:11:56.706+0000] {processor.py:829} INFO - Processing file /opt/airflow/dags/tasks/data_extraction.py for tasks to queue
[2025-11-18T00:11:56.706+0000] {logging_mixin.py:154} INFO - [2025-11-18T00:11:56.706+0000] {dagbag.py:536} INFO - Filling up the DagBag from /opt/airflow/dags/tasks/data_extraction.py
[2025-11-18T00:11:56.948+0000] {processor.py:841} WARNING - No viable dags retrieved from /opt/airflow/dags/tasks/data_extraction.py
[2025-11-18T00:11:56.962+0000] {processor.py:179} INFO - Processing /opt/airflow/dags/tasks/data_extraction.py took 0.260 seconds
[2025-11-18T00:12:27.471+0000] {processor.py:157} INFO - Started process (PID=236) to work on /opt/airflow/dags/tasks/data_extraction.py
[2025-11-18T00:12:27.471+0000] {processor.py:829} INFO - Processing file /opt/airflow/dags/tasks/data_extraction.py for tasks to queue
[2025-11-18T00:12:27.472+0000] {logging_mixin.py:154} INFO - [2025-11-18T00:12:27.472+0000] {dagbag.py:536} INFO - Filling up the DagBag from /opt/airflow/dags/tasks/data_extraction.py
[2025-11-18T00:12:27.850+0000] {processor.py:841} WARNING - No viable dags retrieved from /opt/airflow/dags/tasks/data_extraction.py
[2025-11-18T00:12:27.861+0000] {processor.py:179} INFO - Processing /opt/airflow/dags/tasks/data_extraction.py took 0.393 seconds
[2025-11-18T00:12:57.931+0000] {processor.py:157} INFO - Started process (PID=301) to work on /opt/airflow/dags/tasks/data_extraction.py
[2025-11-18T00:12:57.932+0000] {processor.py:829} INFO - Processing file /opt/airflow/dags/tasks/data_extraction.py for tasks to queue
[2025-11-18T00:12:57.932+0000] {logging_mixin.py:154} INFO - [2025-11-18T00:12:57.932+0000] {dagbag.py:536} INFO - Filling up the DagBag from /opt/airflow/dags/tasks/data_extraction.py
[2025-11-18T00:12:58.254+0000] {processor.py:841} WARNING - No viable dags retrieved from /opt/airflow/dags/tasks/data_extraction.py
[2025-11-18T00:12:58.263+0000] {processor.py:179} INFO - Processing /opt/airflow/dags/tasks/data_extraction.py took 0.335 seconds
[2025-11-18T00:13:28.307+0000] {processor.py:157} INFO - Started process (PID=366) to work on /opt/airflow/dags/tasks/data_extraction.py
[2025-11-18T00:13:28.308+0000] {processor.py:829} INFO - Processing file /opt/airflow/dags/tasks/data_extraction.py for tasks to queue
[2025-11-18T00:13:28.309+0000] {logging_mixin.py:154} INFO - [2025-11-18T00:13:28.309+0000] {dagbag.py:536} INFO - Filling up the DagBag from /opt/airflow/dags/tasks/data_extraction.py
[2025-11-18T00:13:28.698+0000] {processor.py:841} WARNING - No viable dags retrieved from /opt/airflow/dags/tasks/data_extraction.py
[2025-11-18T00:13:28.707+0000] {processor.py:179} INFO - Processing /opt/airflow/dags/tasks/data_extraction.py took 0.404 seconds
[2025-11-18T00:13:59.054+0000] {processor.py:157} INFO - Started process (PID=486) to work on /opt/airflow/dags/tasks/data_extraction.py
[2025-11-18T00:13:59.055+0000] {processor.py:829} INFO - Processing file /opt/airflow/dags/tasks/data_extraction.py for tasks to queue
[2025-11-18T00:13:59.056+0000] {logging_mixin.py:154} INFO - [2025-11-18T00:13:59.055+0000] {dagbag.py:536} INFO - Filling up the DagBag from /opt/airflow/dags/tasks/data_extraction.py
[2025-11-18T00:13:59.387+0000] {processor.py:841} WARNING - No viable dags retrieved from /opt/airflow/dags/tasks/data_extraction.py
[2025-11-18T00:13:59.397+0000] {processor.py:179} INFO - Processing /opt/airflow/dags/tasks/data_extraction.py took 0.346 seconds
[2025-11-18T00:14:29.927+0000] {processor.py:157} INFO - Started process (PID=655) to work on /opt/airflow/dags/tasks/data_extraction.py
[2025-11-18T00:14:29.931+0000] {processor.py:829} INFO - Processing file /opt/airflow/dags/tasks/data_extraction.py for tasks to queue
[2025-11-18T00:14:29.932+0000] {logging_mixin.py:154} INFO - [2025-11-18T00:14:29.932+0000] {dagbag.py:536} INFO - Filling up the DagBag from /opt/airflow/dags/tasks/data_extraction.py
[2025-11-18T00:14:30.313+0000] {processor.py:841} WARNING - No viable dags retrieved from /opt/airflow/dags/tasks/data_extraction.py
[2025-11-18T00:14:30.332+0000] {processor.py:179} INFO - Processing /opt/airflow/dags/tasks/data_extraction.py took 0.408 seconds
[2025-11-18T00:15:01.226+0000] {processor.py:157} INFO - Started process (PID=847) to work on /opt/airflow/dags/tasks/data_extraction.py
[2025-11-18T00:15:01.228+0000] {processor.py:829} INFO - Processing file /opt/airflow/dags/tasks/data_extraction.py for tasks to queue
[2025-11-18T00:15:01.228+0000] {logging_mixin.py:154} INFO - [2025-11-18T00:15:01.228+0000] {dagbag.py:536} INFO - Filling up the DagBag from /opt/airflow/dags/tasks/data_extraction.py
[2025-11-18T00:15:01.529+0000] {processor.py:841} WARNING - No viable dags retrieved from /opt/airflow/dags/tasks/data_extraction.py
[2025-11-18T00:15:01.537+0000] {processor.py:179} INFO - Processing /opt/airflow/dags/tasks/data_extraction.py took 0.314 seconds
[2025-11-18T00:15:31.600+0000] {processor.py:157} INFO - Started process (PID=912) to work on /opt/airflow/dags/tasks/data_extraction.py
[2025-11-18T00:15:31.601+0000] {processor.py:829} INFO - Processing file /opt/airflow/dags/tasks/data_extraction.py for tasks to queue
[2025-11-18T00:15:31.601+0000] {logging_mixin.py:154} INFO - [2025-11-18T00:15:31.601+0000] {dagbag.py:536} INFO - Filling up the DagBag from /opt/airflow/dags/tasks/data_extraction.py
[2025-11-18T00:15:31.917+0000] {processor.py:841} WARNING - No viable dags retrieved from /opt/airflow/dags/tasks/data_extraction.py
[2025-11-18T00:15:31.926+0000] {processor.py:179} INFO - Processing /opt/airflow/dags/tasks/data_extraction.py took 0.329 seconds
[2025-11-18T00:16:02.003+0000] {processor.py:157} INFO - Started process (PID=970) to work on /opt/airflow/dags/tasks/data_extraction.py
[2025-11-18T00:16:02.004+0000] {processor.py:829} INFO - Processing file /opt/airflow/dags/tasks/data_extraction.py for tasks to queue
[2025-11-18T00:16:02.004+0000] {logging_mixin.py:154} INFO - [2025-11-18T00:16:02.004+0000] {dagbag.py:536} INFO - Filling up the DagBag from /opt/airflow/dags/tasks/data_extraction.py
[2025-11-18T00:16:02.313+0000] {processor.py:841} WARNING - No viable dags retrieved from /opt/airflow/dags/tasks/data_extraction.py
[2025-11-18T00:16:02.322+0000] {processor.py:179} INFO - Processing /opt/airflow/dags/tasks/data_extraction.py took 0.322 seconds
[2025-11-18T00:16:32.591+0000] {processor.py:157} INFO - Started process (PID=1035) to work on /opt/airflow/dags/tasks/data_extraction.py
[2025-11-18T00:16:32.591+0000] {processor.py:829} INFO - Processing file /opt/airflow/dags/tasks/data_extraction.py for tasks to queue
[2025-11-18T00:16:32.592+0000] {logging_mixin.py:154} INFO - [2025-11-18T00:16:32.592+0000] {dagbag.py:536} INFO - Filling up the DagBag from /opt/airflow/dags/tasks/data_extraction.py
[2025-11-18T00:16:32.882+0000] {processor.py:841} WARNING - No viable dags retrieved from /opt/airflow/dags/tasks/data_extraction.py
[2025-11-18T00:16:32.891+0000] {processor.py:179} INFO - Processing /opt/airflow/dags/tasks/data_extraction.py took 0.303 seconds
[2025-11-18T00:17:02.982+0000] {processor.py:157} INFO - Started process (PID=1100) to work on /opt/airflow/dags/tasks/data_extraction.py
[2025-11-18T00:17:02.982+0000] {processor.py:829} INFO - Processing file /opt/airflow/dags/tasks/data_extraction.py for tasks to queue
[2025-11-18T00:17:02.983+0000] {logging_mixin.py:154} INFO - [2025-11-18T00:17:02.983+0000] {dagbag.py:536} INFO - Filling up the DagBag from /opt/airflow/dags/tasks/data_extraction.py
[2025-11-18T00:17:03.275+0000] {processor.py:841} WARNING - No viable dags retrieved from /opt/airflow/dags/tasks/data_extraction.py
[2025-11-18T00:17:03.284+0000] {processor.py:179} INFO - Processing /opt/airflow/dags/tasks/data_extraction.py took 0.304 seconds
[2025-11-18T00:17:33.360+0000] {processor.py:157} INFO - Started process (PID=1171) to work on /opt/airflow/dags/tasks/data_extraction.py
[2025-11-18T00:17:33.361+0000] {processor.py:829} INFO - Processing file /opt/airflow/dags/tasks/data_extraction.py for tasks to queue
[2025-11-18T00:17:33.361+0000] {logging_mixin.py:154} INFO - [2025-11-18T00:17:33.361+0000] {dagbag.py:536} INFO - Filling up the DagBag from /opt/airflow/dags/tasks/data_extraction.py
[2025-11-18T00:17:33.696+0000] {processor.py:841} WARNING - No viable dags retrieved from /opt/airflow/dags/tasks/data_extraction.py
[2025-11-18T00:17:33.705+0000] {processor.py:179} INFO - Processing /opt/airflow/dags/tasks/data_extraction.py took 0.348 seconds
[2025-11-18T00:18:03.749+0000] {processor.py:157} INFO - Started process (PID=1236) to work on /opt/airflow/dags/tasks/data_extraction.py
[2025-11-18T00:18:03.750+0000] {processor.py:829} INFO - Processing file /opt/airflow/dags/tasks/data_extraction.py for tasks to queue
[2025-11-18T00:18:03.750+0000] {logging_mixin.py:154} INFO - [2025-11-18T00:18:03.750+0000] {dagbag.py:536} INFO - Filling up the DagBag from /opt/airflow/dags/tasks/data_extraction.py
[2025-11-18T00:18:04.055+0000] {processor.py:841} WARNING - No viable dags retrieved from /opt/airflow/dags/tasks/data_extraction.py
[2025-11-18T00:18:04.063+0000] {processor.py:179} INFO - Processing /opt/airflow/dags/tasks/data_extraction.py took 0.317 seconds
[2025-11-18T00:18:34.127+0000] {processor.py:157} INFO - Started process (PID=1294) to work on /opt/airflow/dags/tasks/data_extraction.py
[2025-11-18T00:18:34.128+0000] {processor.py:829} INFO - Processing file /opt/airflow/dags/tasks/data_extraction.py for tasks to queue
[2025-11-18T00:18:34.129+0000] {logging_mixin.py:154} INFO - [2025-11-18T00:18:34.128+0000] {dagbag.py:536} INFO - Filling up the DagBag from /opt/airflow/dags/tasks/data_extraction.py
[2025-11-18T00:18:34.437+0000] {processor.py:841} WARNING - No viable dags retrieved from /opt/airflow/dags/tasks/data_extraction.py
[2025-11-18T00:18:34.445+0000] {processor.py:179} INFO - Processing /opt/airflow/dags/tasks/data_extraction.py took 0.320 seconds
[2025-11-18T00:43:15.393+0000] {processor.py:157} INFO - Started process (PID=167) to work on /opt/airflow/dags/tasks/data_extraction.py
[2025-11-18T00:43:15.393+0000] {processor.py:829} INFO - Processing file /opt/airflow/dags/tasks/data_extraction.py for tasks to queue
[2025-11-18T00:43:15.394+0000] {logging_mixin.py:154} INFO - [2025-11-18T00:43:15.394+0000] {dagbag.py:536} INFO - Filling up the DagBag from /opt/airflow/dags/tasks/data_extraction.py
[2025-11-18T00:43:15.621+0000] {processor.py:841} WARNING - No viable dags retrieved from /opt/airflow/dags/tasks/data_extraction.py
[2025-11-18T00:43:15.634+0000] {processor.py:179} INFO - Processing /opt/airflow/dags/tasks/data_extraction.py took 0.245 seconds
[2025-11-18T00:43:45.733+0000] {processor.py:157} INFO - Started process (PID=247) to work on /opt/airflow/dags/tasks/data_extraction.py
[2025-11-18T00:43:45.734+0000] {processor.py:829} INFO - Processing file /opt/airflow/dags/tasks/data_extraction.py for tasks to queue
[2025-11-18T00:43:45.735+0000] {logging_mixin.py:154} INFO - [2025-11-18T00:43:45.734+0000] {dagbag.py:536} INFO - Filling up the DagBag from /opt/airflow/dags/tasks/data_extraction.py
[2025-11-18T00:43:46.148+0000] {processor.py:841} WARNING - No viable dags retrieved from /opt/airflow/dags/tasks/data_extraction.py
[2025-11-18T00:43:46.161+0000] {processor.py:179} INFO - Processing /opt/airflow/dags/tasks/data_extraction.py took 0.431 seconds
[2025-11-18T00:44:16.714+0000] {processor.py:157} INFO - Started process (PID=349) to work on /opt/airflow/dags/tasks/data_extraction.py
[2025-11-18T00:44:16.715+0000] {processor.py:829} INFO - Processing file /opt/airflow/dags/tasks/data_extraction.py for tasks to queue
[2025-11-18T00:44:16.715+0000] {logging_mixin.py:154} INFO - [2025-11-18T00:44:16.715+0000] {dagbag.py:536} INFO - Filling up the DagBag from /opt/airflow/dags/tasks/data_extraction.py
[2025-11-18T00:44:17.147+0000] {processor.py:841} WARNING - No viable dags retrieved from /opt/airflow/dags/tasks/data_extraction.py
[2025-11-18T00:44:17.160+0000] {processor.py:179} INFO - Processing /opt/airflow/dags/tasks/data_extraction.py took 0.454 seconds
[2025-11-18T00:44:47.559+0000] {processor.py:157} INFO - Started process (PID=591) to work on /opt/airflow/dags/tasks/data_extraction.py
[2025-11-18T00:44:47.569+0000] {processor.py:829} INFO - Processing file /opt/airflow/dags/tasks/data_extraction.py for tasks to queue
[2025-11-18T00:44:47.570+0000] {logging_mixin.py:154} INFO - [2025-11-18T00:44:47.569+0000] {dagbag.py:536} INFO - Filling up the DagBag from /opt/airflow/dags/tasks/data_extraction.py
[2025-11-18T00:44:48.005+0000] {processor.py:841} WARNING - No viable dags retrieved from /opt/airflow/dags/tasks/data_extraction.py
[2025-11-18T00:44:48.021+0000] {processor.py:179} INFO - Processing /opt/airflow/dags/tasks/data_extraction.py took 0.465 seconds
[2025-11-18T00:45:18.895+0000] {processor.py:157} INFO - Started process (PID=697) to work on /opt/airflow/dags/tasks/data_extraction.py
[2025-11-18T00:45:18.896+0000] {processor.py:829} INFO - Processing file /opt/airflow/dags/tasks/data_extraction.py for tasks to queue
[2025-11-18T00:45:18.897+0000] {logging_mixin.py:154} INFO - [2025-11-18T00:45:18.897+0000] {dagbag.py:536} INFO - Filling up the DagBag from /opt/airflow/dags/tasks/data_extraction.py
[2025-11-18T00:45:19.244+0000] {processor.py:841} WARNING - No viable dags retrieved from /opt/airflow/dags/tasks/data_extraction.py
[2025-11-18T00:45:19.254+0000] {processor.py:179} INFO - Processing /opt/airflow/dags/tasks/data_extraction.py took 0.362 seconds
[2025-11-18T00:45:49.469+0000] {processor.py:157} INFO - Started process (PID=845) to work on /opt/airflow/dags/tasks/data_extraction.py
[2025-11-18T00:45:49.470+0000] {processor.py:829} INFO - Processing file /opt/airflow/dags/tasks/data_extraction.py for tasks to queue
[2025-11-18T00:45:49.470+0000] {logging_mixin.py:154} INFO - [2025-11-18T00:45:49.470+0000] {dagbag.py:536} INFO - Filling up the DagBag from /opt/airflow/dags/tasks/data_extraction.py
[2025-11-18T00:45:49.792+0000] {processor.py:841} WARNING - No viable dags retrieved from /opt/airflow/dags/tasks/data_extraction.py
[2025-11-18T00:45:49.801+0000] {processor.py:179} INFO - Processing /opt/airflow/dags/tasks/data_extraction.py took 0.335 seconds
[2025-11-18T00:46:20.101+0000] {processor.py:157} INFO - Started process (PID=927) to work on /opt/airflow/dags/tasks/data_extraction.py
[2025-11-18T00:46:20.101+0000] {processor.py:829} INFO - Processing file /opt/airflow/dags/tasks/data_extraction.py for tasks to queue
[2025-11-18T00:46:20.102+0000] {logging_mixin.py:154} INFO - [2025-11-18T00:46:20.102+0000] {dagbag.py:536} INFO - Filling up the DagBag from /opt/airflow/dags/tasks/data_extraction.py
[2025-11-18T00:46:20.431+0000] {processor.py:841} WARNING - No viable dags retrieved from /opt/airflow/dags/tasks/data_extraction.py
[2025-11-18T00:46:20.441+0000] {processor.py:179} INFO - Processing /opt/airflow/dags/tasks/data_extraction.py took 0.343 seconds
[2025-11-18T00:46:50.702+0000] {processor.py:157} INFO - Started process (PID=992) to work on /opt/airflow/dags/tasks/data_extraction.py
[2025-11-18T00:46:50.703+0000] {processor.py:829} INFO - Processing file /opt/airflow/dags/tasks/data_extraction.py for tasks to queue
[2025-11-18T00:46:50.704+0000] {logging_mixin.py:154} INFO - [2025-11-18T00:46:50.703+0000] {dagbag.py:536} INFO - Filling up the DagBag from /opt/airflow/dags/tasks/data_extraction.py
[2025-11-18T00:46:51.027+0000] {processor.py:841} WARNING - No viable dags retrieved from /opt/airflow/dags/tasks/data_extraction.py
[2025-11-18T00:46:51.036+0000] {processor.py:179} INFO - Processing /opt/airflow/dags/tasks/data_extraction.py took 0.337 seconds
[2025-11-18T00:47:21.323+0000] {processor.py:157} INFO - Started process (PID=1058) to work on /opt/airflow/dags/tasks/data_extraction.py
[2025-11-18T00:47:21.324+0000] {processor.py:829} INFO - Processing file /opt/airflow/dags/tasks/data_extraction.py for tasks to queue
[2025-11-18T00:47:21.324+0000] {logging_mixin.py:154} INFO - [2025-11-18T00:47:21.324+0000] {dagbag.py:536} INFO - Filling up the DagBag from /opt/airflow/dags/tasks/data_extraction.py
[2025-11-18T00:47:21.663+0000] {processor.py:841} WARNING - No viable dags retrieved from /opt/airflow/dags/tasks/data_extraction.py
[2025-11-18T00:47:21.672+0000] {processor.py:179} INFO - Processing /opt/airflow/dags/tasks/data_extraction.py took 0.353 seconds
[2025-11-18T00:47:52.048+0000] {processor.py:157} INFO - Started process (PID=1116) to work on /opt/airflow/dags/tasks/data_extraction.py
[2025-11-18T00:47:52.049+0000] {processor.py:829} INFO - Processing file /opt/airflow/dags/tasks/data_extraction.py for tasks to queue
[2025-11-18T00:47:52.049+0000] {logging_mixin.py:154} INFO - [2025-11-18T00:47:52.049+0000] {dagbag.py:536} INFO - Filling up the DagBag from /opt/airflow/dags/tasks/data_extraction.py
[2025-11-18T00:47:52.402+0000] {processor.py:841} WARNING - No viable dags retrieved from /opt/airflow/dags/tasks/data_extraction.py
[2025-11-18T00:47:52.411+0000] {processor.py:179} INFO - Processing /opt/airflow/dags/tasks/data_extraction.py took 0.367 seconds
[2025-11-18T00:48:22.639+0000] {processor.py:157} INFO - Started process (PID=1181) to work on /opt/airflow/dags/tasks/data_extraction.py
[2025-11-18T00:48:22.640+0000] {processor.py:829} INFO - Processing file /opt/airflow/dags/tasks/data_extraction.py for tasks to queue
[2025-11-18T00:48:22.640+0000] {logging_mixin.py:154} INFO - [2025-11-18T00:48:22.640+0000] {dagbag.py:536} INFO - Filling up the DagBag from /opt/airflow/dags/tasks/data_extraction.py
[2025-11-18T00:48:22.980+0000] {processor.py:841} WARNING - No viable dags retrieved from /opt/airflow/dags/tasks/data_extraction.py
[2025-11-18T00:48:22.989+0000] {processor.py:179} INFO - Processing /opt/airflow/dags/tasks/data_extraction.py took 0.353 seconds
[2025-11-18T00:48:53.213+0000] {processor.py:157} INFO - Started process (PID=1246) to work on /opt/airflow/dags/tasks/data_extraction.py
[2025-11-18T00:48:53.213+0000] {processor.py:829} INFO - Processing file /opt/airflow/dags/tasks/data_extraction.py for tasks to queue
[2025-11-18T00:48:53.214+0000] {logging_mixin.py:154} INFO - [2025-11-18T00:48:53.214+0000] {dagbag.py:536} INFO - Filling up the DagBag from /opt/airflow/dags/tasks/data_extraction.py
[2025-11-18T00:48:53.511+0000] {processor.py:841} WARNING - No viable dags retrieved from /opt/airflow/dags/tasks/data_extraction.py
[2025-11-18T00:48:53.519+0000] {processor.py:179} INFO - Processing /opt/airflow/dags/tasks/data_extraction.py took 0.310 seconds
[2025-11-18T00:49:23.827+0000] {processor.py:157} INFO - Started process (PID=1311) to work on /opt/airflow/dags/tasks/data_extraction.py
[2025-11-18T00:49:23.827+0000] {processor.py:829} INFO - Processing file /opt/airflow/dags/tasks/data_extraction.py for tasks to queue
[2025-11-18T00:49:23.827+0000] {logging_mixin.py:154} INFO - [2025-11-18T00:49:23.827+0000] {dagbag.py:536} INFO - Filling up the DagBag from /opt/airflow/dags/tasks/data_extraction.py
[2025-11-18T00:49:24.142+0000] {processor.py:841} WARNING - No viable dags retrieved from /opt/airflow/dags/tasks/data_extraction.py
[2025-11-18T00:49:24.150+0000] {processor.py:179} INFO - Processing /opt/airflow/dags/tasks/data_extraction.py took 0.326 seconds
[2025-11-18T00:49:54.514+0000] {processor.py:157} INFO - Started process (PID=1376) to work on /opt/airflow/dags/tasks/data_extraction.py
[2025-11-18T00:49:54.515+0000] {processor.py:829} INFO - Processing file /opt/airflow/dags/tasks/data_extraction.py for tasks to queue
[2025-11-18T00:49:54.516+0000] {logging_mixin.py:154} INFO - [2025-11-18T00:49:54.515+0000] {dagbag.py:536} INFO - Filling up the DagBag from /opt/airflow/dags/tasks/data_extraction.py
[2025-11-18T00:49:54.834+0000] {processor.py:841} WARNING - No viable dags retrieved from /opt/airflow/dags/tasks/data_extraction.py
[2025-11-18T00:49:54.845+0000] {processor.py:179} INFO - Processing /opt/airflow/dags/tasks/data_extraction.py took 0.334 seconds
[2025-11-18T00:50:25.074+0000] {processor.py:157} INFO - Started process (PID=1434) to work on /opt/airflow/dags/tasks/data_extraction.py
[2025-11-18T00:50:25.074+0000] {processor.py:829} INFO - Processing file /opt/airflow/dags/tasks/data_extraction.py for tasks to queue
[2025-11-18T00:50:25.075+0000] {logging_mixin.py:154} INFO - [2025-11-18T00:50:25.075+0000] {dagbag.py:536} INFO - Filling up the DagBag from /opt/airflow/dags/tasks/data_extraction.py
[2025-11-18T00:50:25.385+0000] {processor.py:841} WARNING - No viable dags retrieved from /opt/airflow/dags/tasks/data_extraction.py
[2025-11-18T00:50:25.395+0000] {processor.py:179} INFO - Processing /opt/airflow/dags/tasks/data_extraction.py took 0.324 seconds
[2025-11-18T00:50:55.988+0000] {processor.py:157} INFO - Started process (PID=1499) to work on /opt/airflow/dags/tasks/data_extraction.py
[2025-11-18T00:50:55.988+0000] {processor.py:829} INFO - Processing file /opt/airflow/dags/tasks/data_extraction.py for tasks to queue
[2025-11-18T00:50:55.989+0000] {logging_mixin.py:154} INFO - [2025-11-18T00:50:55.989+0000] {dagbag.py:536} INFO - Filling up the DagBag from /opt/airflow/dags/tasks/data_extraction.py
[2025-11-18T00:50:56.281+0000] {processor.py:841} WARNING - No viable dags retrieved from /opt/airflow/dags/tasks/data_extraction.py
[2025-11-18T00:50:56.292+0000] {processor.py:179} INFO - Processing /opt/airflow/dags/tasks/data_extraction.py took 0.307 seconds
[2025-11-18T00:51:26.438+0000] {processor.py:157} INFO - Started process (PID=1564) to work on /opt/airflow/dags/tasks/data_extraction.py
[2025-11-18T00:51:26.438+0000] {processor.py:829} INFO - Processing file /opt/airflow/dags/tasks/data_extraction.py for tasks to queue
[2025-11-18T00:51:26.439+0000] {logging_mixin.py:154} INFO - [2025-11-18T00:51:26.439+0000] {dagbag.py:536} INFO - Filling up the DagBag from /opt/airflow/dags/tasks/data_extraction.py
[2025-11-18T00:51:26.785+0000] {processor.py:841} WARNING - No viable dags retrieved from /opt/airflow/dags/tasks/data_extraction.py
[2025-11-18T00:51:26.796+0000] {processor.py:179} INFO - Processing /opt/airflow/dags/tasks/data_extraction.py took 0.361 seconds
[2025-11-18T00:51:57.107+0000] {processor.py:157} INFO - Started process (PID=1629) to work on /opt/airflow/dags/tasks/data_extraction.py
[2025-11-18T00:51:57.108+0000] {processor.py:829} INFO - Processing file /opt/airflow/dags/tasks/data_extraction.py for tasks to queue
[2025-11-18T00:51:57.108+0000] {logging_mixin.py:154} INFO - [2025-11-18T00:51:57.108+0000] {dagbag.py:536} INFO - Filling up the DagBag from /opt/airflow/dags/tasks/data_extraction.py
[2025-11-18T00:51:57.423+0000] {processor.py:841} WARNING - No viable dags retrieved from /opt/airflow/dags/tasks/data_extraction.py
[2025-11-18T00:51:57.431+0000] {processor.py:179} INFO - Processing /opt/airflow/dags/tasks/data_extraction.py took 0.327 seconds
[2025-11-18T00:52:27.747+0000] {processor.py:157} INFO - Started process (PID=1694) to work on /opt/airflow/dags/tasks/data_extraction.py
[2025-11-18T00:52:27.748+0000] {processor.py:829} INFO - Processing file /opt/airflow/dags/tasks/data_extraction.py for tasks to queue
[2025-11-18T00:52:27.748+0000] {logging_mixin.py:154} INFO - [2025-11-18T00:52:27.748+0000] {dagbag.py:536} INFO - Filling up the DagBag from /opt/airflow/dags/tasks/data_extraction.py
[2025-11-18T00:52:28.070+0000] {processor.py:841} WARNING - No viable dags retrieved from /opt/airflow/dags/tasks/data_extraction.py
[2025-11-18T00:52:28.080+0000] {processor.py:179} INFO - Processing /opt/airflow/dags/tasks/data_extraction.py took 0.336 seconds
[2025-11-18T00:52:58.365+0000] {processor.py:157} INFO - Started process (PID=1759) to work on /opt/airflow/dags/tasks/data_extraction.py
[2025-11-18T00:52:58.365+0000] {processor.py:829} INFO - Processing file /opt/airflow/dags/tasks/data_extraction.py for tasks to queue
[2025-11-18T00:52:58.366+0000] {logging_mixin.py:154} INFO - [2025-11-18T00:52:58.365+0000] {dagbag.py:536} INFO - Filling up the DagBag from /opt/airflow/dags/tasks/data_extraction.py
[2025-11-18T00:52:58.678+0000] {processor.py:841} WARNING - No viable dags retrieved from /opt/airflow/dags/tasks/data_extraction.py
[2025-11-18T00:52:58.687+0000] {processor.py:179} INFO - Processing /opt/airflow/dags/tasks/data_extraction.py took 0.325 seconds
[2025-11-18T00:53:29.113+0000] {processor.py:157} INFO - Started process (PID=1817) to work on /opt/airflow/dags/tasks/data_extraction.py
[2025-11-18T00:53:29.114+0000] {processor.py:829} INFO - Processing file /opt/airflow/dags/tasks/data_extraction.py for tasks to queue
[2025-11-18T00:53:29.115+0000] {logging_mixin.py:154} INFO - [2025-11-18T00:53:29.115+0000] {dagbag.py:536} INFO - Filling up the DagBag from /opt/airflow/dags/tasks/data_extraction.py
[2025-11-18T00:53:29.425+0000] {processor.py:841} WARNING - No viable dags retrieved from /opt/airflow/dags/tasks/data_extraction.py
[2025-11-18T00:53:29.434+0000] {processor.py:179} INFO - Processing /opt/airflow/dags/tasks/data_extraction.py took 0.324 seconds
[2025-11-18T00:53:59.799+0000] {processor.py:157} INFO - Started process (PID=1882) to work on /opt/airflow/dags/tasks/data_extraction.py
[2025-11-18T00:53:59.799+0000] {processor.py:829} INFO - Processing file /opt/airflow/dags/tasks/data_extraction.py for tasks to queue
[2025-11-18T00:53:59.800+0000] {logging_mixin.py:154} INFO - [2025-11-18T00:53:59.800+0000] {dagbag.py:536} INFO - Filling up the DagBag from /opt/airflow/dags/tasks/data_extraction.py
[2025-11-18T00:54:00.127+0000] {processor.py:841} WARNING - No viable dags retrieved from /opt/airflow/dags/tasks/data_extraction.py
[2025-11-18T00:54:00.136+0000] {processor.py:179} INFO - Processing /opt/airflow/dags/tasks/data_extraction.py took 0.340 seconds
[2025-11-18T00:54:30.296+0000] {processor.py:157} INFO - Started process (PID=1947) to work on /opt/airflow/dags/tasks/data_extraction.py
[2025-11-18T00:54:30.297+0000] {processor.py:829} INFO - Processing file /opt/airflow/dags/tasks/data_extraction.py for tasks to queue
[2025-11-18T00:54:30.297+0000] {logging_mixin.py:154} INFO - [2025-11-18T00:54:30.297+0000] {dagbag.py:536} INFO - Filling up the DagBag from /opt/airflow/dags/tasks/data_extraction.py
[2025-11-18T00:54:30.588+0000] {processor.py:841} WARNING - No viable dags retrieved from /opt/airflow/dags/tasks/data_extraction.py
[2025-11-18T00:54:30.598+0000] {processor.py:179} INFO - Processing /opt/airflow/dags/tasks/data_extraction.py took 0.304 seconds
[2025-11-18T00:55:00.986+0000] {processor.py:157} INFO - Started process (PID=2012) to work on /opt/airflow/dags/tasks/data_extraction.py
[2025-11-18T00:55:00.986+0000] {processor.py:829} INFO - Processing file /opt/airflow/dags/tasks/data_extraction.py for tasks to queue
[2025-11-18T00:55:00.987+0000] {logging_mixin.py:154} INFO - [2025-11-18T00:55:00.987+0000] {dagbag.py:536} INFO - Filling up the DagBag from /opt/airflow/dags/tasks/data_extraction.py
[2025-11-18T00:55:01.337+0000] {processor.py:841} WARNING - No viable dags retrieved from /opt/airflow/dags/tasks/data_extraction.py
[2025-11-18T00:55:01.347+0000] {processor.py:179} INFO - Processing /opt/airflow/dags/tasks/data_extraction.py took 0.365 seconds
[2025-11-18T00:55:31.633+0000] {processor.py:157} INFO - Started process (PID=2077) to work on /opt/airflow/dags/tasks/data_extraction.py
[2025-11-18T00:55:31.633+0000] {processor.py:829} INFO - Processing file /opt/airflow/dags/tasks/data_extraction.py for tasks to queue
[2025-11-18T00:55:31.634+0000] {logging_mixin.py:154} INFO - [2025-11-18T00:55:31.634+0000] {dagbag.py:536} INFO - Filling up the DagBag from /opt/airflow/dags/tasks/data_extraction.py
[2025-11-18T00:55:31.975+0000] {processor.py:841} WARNING - No viable dags retrieved from /opt/airflow/dags/tasks/data_extraction.py
[2025-11-18T00:55:31.984+0000] {processor.py:179} INFO - Processing /opt/airflow/dags/tasks/data_extraction.py took 0.354 seconds
[2025-11-18T00:56:02.410+0000] {processor.py:157} INFO - Started process (PID=2135) to work on /opt/airflow/dags/tasks/data_extraction.py
[2025-11-18T00:56:02.411+0000] {processor.py:829} INFO - Processing file /opt/airflow/dags/tasks/data_extraction.py for tasks to queue
[2025-11-18T00:56:02.411+0000] {logging_mixin.py:154} INFO - [2025-11-18T00:56:02.411+0000] {dagbag.py:536} INFO - Filling up the DagBag from /opt/airflow/dags/tasks/data_extraction.py
[2025-11-18T00:56:02.840+0000] {processor.py:841} WARNING - No viable dags retrieved from /opt/airflow/dags/tasks/data_extraction.py
[2025-11-18T00:56:02.854+0000] {processor.py:179} INFO - Processing /opt/airflow/dags/tasks/data_extraction.py took 0.447 seconds
[2025-11-18T00:56:33.357+0000] {processor.py:157} INFO - Started process (PID=2200) to work on /opt/airflow/dags/tasks/data_extraction.py
[2025-11-18T00:56:33.357+0000] {processor.py:829} INFO - Processing file /opt/airflow/dags/tasks/data_extraction.py for tasks to queue
[2025-11-18T00:56:33.358+0000] {logging_mixin.py:154} INFO - [2025-11-18T00:56:33.358+0000] {dagbag.py:536} INFO - Filling up the DagBag from /opt/airflow/dags/tasks/data_extraction.py
[2025-11-18T00:56:33.680+0000] {processor.py:841} WARNING - No viable dags retrieved from /opt/airflow/dags/tasks/data_extraction.py
[2025-11-18T00:56:33.690+0000] {processor.py:179} INFO - Processing /opt/airflow/dags/tasks/data_extraction.py took 0.336 seconds
[2025-11-18T00:57:04.187+0000] {processor.py:157} INFO - Started process (PID=2265) to work on /opt/airflow/dags/tasks/data_extraction.py
[2025-11-18T00:57:04.188+0000] {processor.py:829} INFO - Processing file /opt/airflow/dags/tasks/data_extraction.py for tasks to queue
[2025-11-18T00:57:04.189+0000] {logging_mixin.py:154} INFO - [2025-11-18T00:57:04.188+0000] {dagbag.py:536} INFO - Filling up the DagBag from /opt/airflow/dags/tasks/data_extraction.py
[2025-11-18T00:57:04.615+0000] {processor.py:841} WARNING - No viable dags retrieved from /opt/airflow/dags/tasks/data_extraction.py
[2025-11-18T00:57:04.624+0000] {processor.py:179} INFO - Processing /opt/airflow/dags/tasks/data_extraction.py took 0.441 seconds
[2025-11-18T00:57:35.128+0000] {processor.py:157} INFO - Started process (PID=2331) to work on /opt/airflow/dags/tasks/data_extraction.py
[2025-11-18T00:57:35.129+0000] {processor.py:829} INFO - Processing file /opt/airflow/dags/tasks/data_extraction.py for tasks to queue
[2025-11-18T00:57:35.130+0000] {logging_mixin.py:154} INFO - [2025-11-18T00:57:35.130+0000] {dagbag.py:536} INFO - Filling up the DagBag from /opt/airflow/dags/tasks/data_extraction.py
[2025-11-18T00:57:35.449+0000] {processor.py:841} WARNING - No viable dags retrieved from /opt/airflow/dags/tasks/data_extraction.py
[2025-11-18T00:57:35.459+0000] {processor.py:179} INFO - Processing /opt/airflow/dags/tasks/data_extraction.py took 0.333 seconds
[2025-11-18T00:58:06.017+0000] {processor.py:157} INFO - Started process (PID=2379) to work on /opt/airflow/dags/tasks/data_extraction.py
[2025-11-18T00:58:06.017+0000] {processor.py:829} INFO - Processing file /opt/airflow/dags/tasks/data_extraction.py for tasks to queue
[2025-11-18T00:58:06.018+0000] {logging_mixin.py:154} INFO - [2025-11-18T00:58:06.017+0000] {dagbag.py:536} INFO - Filling up the DagBag from /opt/airflow/dags/tasks/data_extraction.py
[2025-11-18T00:58:06.316+0000] {processor.py:841} WARNING - No viable dags retrieved from /opt/airflow/dags/tasks/data_extraction.py
[2025-11-18T00:58:06.325+0000] {processor.py:179} INFO - Processing /opt/airflow/dags/tasks/data_extraction.py took 0.311 seconds
[2025-11-18T00:58:36.631+0000] {processor.py:157} INFO - Started process (PID=2444) to work on /opt/airflow/dags/tasks/data_extraction.py
[2025-11-18T00:58:36.632+0000] {processor.py:829} INFO - Processing file /opt/airflow/dags/tasks/data_extraction.py for tasks to queue
[2025-11-18T00:58:36.633+0000] {logging_mixin.py:154} INFO - [2025-11-18T00:58:36.632+0000] {dagbag.py:536} INFO - Filling up the DagBag from /opt/airflow/dags/tasks/data_extraction.py
[2025-11-18T00:58:36.961+0000] {processor.py:841} WARNING - No viable dags retrieved from /opt/airflow/dags/tasks/data_extraction.py
[2025-11-18T00:58:36.972+0000] {processor.py:179} INFO - Processing /opt/airflow/dags/tasks/data_extraction.py took 0.344 seconds
[2025-11-18T00:59:07.121+0000] {processor.py:157} INFO - Started process (PID=2502) to work on /opt/airflow/dags/tasks/data_extraction.py
[2025-11-18T00:59:07.121+0000] {processor.py:829} INFO - Processing file /opt/airflow/dags/tasks/data_extraction.py for tasks to queue
[2025-11-18T00:59:07.122+0000] {logging_mixin.py:154} INFO - [2025-11-18T00:59:07.122+0000] {dagbag.py:536} INFO - Filling up the DagBag from /opt/airflow/dags/tasks/data_extraction.py
[2025-11-18T00:59:07.406+0000] {processor.py:841} WARNING - No viable dags retrieved from /opt/airflow/dags/tasks/data_extraction.py
[2025-11-18T00:59:07.415+0000] {processor.py:179} INFO - Processing /opt/airflow/dags/tasks/data_extraction.py took 0.298 seconds
[2025-11-18T00:59:37.611+0000] {processor.py:157} INFO - Started process (PID=2567) to work on /opt/airflow/dags/tasks/data_extraction.py
[2025-11-18T00:59:37.618+0000] {processor.py:829} INFO - Processing file /opt/airflow/dags/tasks/data_extraction.py for tasks to queue
[2025-11-18T00:59:37.618+0000] {logging_mixin.py:154} INFO - [2025-11-18T00:59:37.618+0000] {dagbag.py:536} INFO - Filling up the DagBag from /opt/airflow/dags/tasks/data_extraction.py
[2025-11-18T00:59:37.916+0000] {processor.py:841} WARNING - No viable dags retrieved from /opt/airflow/dags/tasks/data_extraction.py
[2025-11-18T00:59:37.926+0000] {processor.py:179} INFO - Processing /opt/airflow/dags/tasks/data_extraction.py took 0.317 seconds
[2025-11-18T01:00:08.808+0000] {processor.py:157} INFO - Started process (PID=2647) to work on /opt/airflow/dags/tasks/data_extraction.py
[2025-11-18T01:00:08.809+0000] {processor.py:829} INFO - Processing file /opt/airflow/dags/tasks/data_extraction.py for tasks to queue
[2025-11-18T01:00:08.809+0000] {logging_mixin.py:154} INFO - [2025-11-18T01:00:08.809+0000] {dagbag.py:536} INFO - Filling up the DagBag from /opt/airflow/dags/tasks/data_extraction.py
[2025-11-18T01:00:09.142+0000] {processor.py:841} WARNING - No viable dags retrieved from /opt/airflow/dags/tasks/data_extraction.py
[2025-11-18T01:00:09.151+0000] {processor.py:179} INFO - Processing /opt/airflow/dags/tasks/data_extraction.py took 0.346 seconds
[2025-11-18T01:00:40.015+0000] {processor.py:157} INFO - Started process (PID=2712) to work on /opt/airflow/dags/tasks/data_extraction.py
[2025-11-18T01:00:40.016+0000] {processor.py:829} INFO - Processing file /opt/airflow/dags/tasks/data_extraction.py for tasks to queue
[2025-11-18T01:00:40.017+0000] {logging_mixin.py:154} INFO - [2025-11-18T01:00:40.017+0000] {dagbag.py:536} INFO - Filling up the DagBag from /opt/airflow/dags/tasks/data_extraction.py
[2025-11-18T01:00:40.424+0000] {processor.py:841} WARNING - No viable dags retrieved from /opt/airflow/dags/tasks/data_extraction.py
[2025-11-18T01:00:40.433+0000] {processor.py:179} INFO - Processing /opt/airflow/dags/tasks/data_extraction.py took 0.422 seconds
[2025-11-18T01:01:11.267+0000] {processor.py:157} INFO - Started process (PID=2777) to work on /opt/airflow/dags/tasks/data_extraction.py
[2025-11-18T01:01:11.268+0000] {processor.py:829} INFO - Processing file /opt/airflow/dags/tasks/data_extraction.py for tasks to queue
[2025-11-18T01:01:11.269+0000] {logging_mixin.py:154} INFO - [2025-11-18T01:01:11.268+0000] {dagbag.py:536} INFO - Filling up the DagBag from /opt/airflow/dags/tasks/data_extraction.py
[2025-11-18T01:01:11.580+0000] {processor.py:841} WARNING - No viable dags retrieved from /opt/airflow/dags/tasks/data_extraction.py
[2025-11-18T01:01:11.589+0000] {processor.py:179} INFO - Processing /opt/airflow/dags/tasks/data_extraction.py took 0.325 seconds
[2025-11-18T01:01:42.465+0000] {processor.py:157} INFO - Started process (PID=2842) to work on /opt/airflow/dags/tasks/data_extraction.py
[2025-11-18T01:01:42.465+0000] {processor.py:829} INFO - Processing file /opt/airflow/dags/tasks/data_extraction.py for tasks to queue
[2025-11-18T01:01:42.466+0000] {logging_mixin.py:154} INFO - [2025-11-18T01:01:42.466+0000] {dagbag.py:536} INFO - Filling up the DagBag from /opt/airflow/dags/tasks/data_extraction.py
[2025-11-18T01:01:42.794+0000] {processor.py:841} WARNING - No viable dags retrieved from /opt/airflow/dags/tasks/data_extraction.py
[2025-11-18T01:01:42.801+0000] {processor.py:179} INFO - Processing /opt/airflow/dags/tasks/data_extraction.py took 0.340 seconds
[2025-11-18T01:02:13.625+0000] {processor.py:157} INFO - Started process (PID=2900) to work on /opt/airflow/dags/tasks/data_extraction.py
[2025-11-18T01:02:13.626+0000] {processor.py:829} INFO - Processing file /opt/airflow/dags/tasks/data_extraction.py for tasks to queue
[2025-11-18T01:02:13.627+0000] {logging_mixin.py:154} INFO - [2025-11-18T01:02:13.627+0000] {dagbag.py:536} INFO - Filling up the DagBag from /opt/airflow/dags/tasks/data_extraction.py
[2025-11-18T01:02:13.927+0000] {processor.py:841} WARNING - No viable dags retrieved from /opt/airflow/dags/tasks/data_extraction.py
[2025-11-18T01:02:13.936+0000] {processor.py:179} INFO - Processing /opt/airflow/dags/tasks/data_extraction.py took 0.313 seconds
[2025-11-18T01:02:44.797+0000] {processor.py:157} INFO - Started process (PID=2965) to work on /opt/airflow/dags/tasks/data_extraction.py
[2025-11-18T01:02:44.798+0000] {processor.py:829} INFO - Processing file /opt/airflow/dags/tasks/data_extraction.py for tasks to queue
[2025-11-18T01:02:44.798+0000] {logging_mixin.py:154} INFO - [2025-11-18T01:02:44.798+0000] {dagbag.py:536} INFO - Filling up the DagBag from /opt/airflow/dags/tasks/data_extraction.py
[2025-11-18T01:02:45.120+0000] {processor.py:841} WARNING - No viable dags retrieved from /opt/airflow/dags/tasks/data_extraction.py
[2025-11-18T01:02:45.130+0000] {processor.py:179} INFO - Processing /opt/airflow/dags/tasks/data_extraction.py took 0.336 seconds
[2025-11-18T01:03:15.996+0000] {processor.py:157} INFO - Started process (PID=3030) to work on /opt/airflow/dags/tasks/data_extraction.py
[2025-11-18T01:03:15.996+0000] {processor.py:829} INFO - Processing file /opt/airflow/dags/tasks/data_extraction.py for tasks to queue
[2025-11-18T01:03:15.997+0000] {logging_mixin.py:154} INFO - [2025-11-18T01:03:15.997+0000] {dagbag.py:536} INFO - Filling up the DagBag from /opt/airflow/dags/tasks/data_extraction.py
[2025-11-18T01:03:16.344+0000] {processor.py:841} WARNING - No viable dags retrieved from /opt/airflow/dags/tasks/data_extraction.py
[2025-11-18T01:03:16.357+0000] {processor.py:179} INFO - Processing /opt/airflow/dags/tasks/data_extraction.py took 0.365 seconds
[2025-11-18T01:03:47.226+0000] {processor.py:157} INFO - Started process (PID=3095) to work on /opt/airflow/dags/tasks/data_extraction.py
[2025-11-18T01:03:47.226+0000] {processor.py:829} INFO - Processing file /opt/airflow/dags/tasks/data_extraction.py for tasks to queue
[2025-11-18T01:03:47.227+0000] {logging_mixin.py:154} INFO - [2025-11-18T01:03:47.226+0000] {dagbag.py:536} INFO - Filling up the DagBag from /opt/airflow/dags/tasks/data_extraction.py
[2025-11-18T01:03:47.530+0000] {processor.py:841} WARNING - No viable dags retrieved from /opt/airflow/dags/tasks/data_extraction.py
[2025-11-18T01:03:47.541+0000] {processor.py:179} INFO - Processing /opt/airflow/dags/tasks/data_extraction.py took 0.318 seconds
[2025-11-18T01:04:18.017+0000] {processor.py:157} INFO - Started process (PID=3160) to work on /opt/airflow/dags/tasks/data_extraction.py
[2025-11-18T01:04:18.018+0000] {processor.py:829} INFO - Processing file /opt/airflow/dags/tasks/data_extraction.py for tasks to queue
[2025-11-18T01:04:18.019+0000] {logging_mixin.py:154} INFO - [2025-11-18T01:04:18.018+0000] {dagbag.py:536} INFO - Filling up the DagBag from /opt/airflow/dags/tasks/data_extraction.py
[2025-11-18T01:04:18.358+0000] {processor.py:841} WARNING - No viable dags retrieved from /opt/airflow/dags/tasks/data_extraction.py
[2025-11-18T01:04:18.367+0000] {processor.py:179} INFO - Processing /opt/airflow/dags/tasks/data_extraction.py took 0.352 seconds
[2025-11-18T01:04:49.232+0000] {processor.py:157} INFO - Started process (PID=3225) to work on /opt/airflow/dags/tasks/data_extraction.py
[2025-11-18T01:04:49.232+0000] {processor.py:829} INFO - Processing file /opt/airflow/dags/tasks/data_extraction.py for tasks to queue
[2025-11-18T01:04:49.233+0000] {logging_mixin.py:154} INFO - [2025-11-18T01:04:49.233+0000] {dagbag.py:536} INFO - Filling up the DagBag from /opt/airflow/dags/tasks/data_extraction.py
[2025-11-18T01:04:49.549+0000] {processor.py:841} WARNING - No viable dags retrieved from /opt/airflow/dags/tasks/data_extraction.py
[2025-11-18T01:04:49.558+0000] {processor.py:179} INFO - Processing /opt/airflow/dags/tasks/data_extraction.py took 0.330 seconds
[2025-11-18T01:05:20.380+0000] {processor.py:157} INFO - Started process (PID=3290) to work on /opt/airflow/dags/tasks/data_extraction.py
[2025-11-18T01:05:20.380+0000] {processor.py:829} INFO - Processing file /opt/airflow/dags/tasks/data_extraction.py for tasks to queue
[2025-11-18T01:05:20.381+0000] {logging_mixin.py:154} INFO - [2025-11-18T01:05:20.381+0000] {dagbag.py:536} INFO - Filling up the DagBag from /opt/airflow/dags/tasks/data_extraction.py
[2025-11-18T01:05:20.683+0000] {processor.py:841} WARNING - No viable dags retrieved from /opt/airflow/dags/tasks/data_extraction.py
[2025-11-18T01:05:20.693+0000] {processor.py:179} INFO - Processing /opt/airflow/dags/tasks/data_extraction.py took 0.316 seconds
[2025-11-18T01:05:51.535+0000] {processor.py:157} INFO - Started process (PID=3355) to work on /opt/airflow/dags/tasks/data_extraction.py
[2025-11-18T01:05:51.536+0000] {processor.py:829} INFO - Processing file /opt/airflow/dags/tasks/data_extraction.py for tasks to queue
[2025-11-18T01:05:51.536+0000] {logging_mixin.py:154} INFO - [2025-11-18T01:05:51.536+0000] {dagbag.py:536} INFO - Filling up the DagBag from /opt/airflow/dags/tasks/data_extraction.py
[2025-11-18T01:05:51.849+0000] {processor.py:841} WARNING - No viable dags retrieved from /opt/airflow/dags/tasks/data_extraction.py
[2025-11-18T01:05:51.859+0000] {processor.py:179} INFO - Processing /opt/airflow/dags/tasks/data_extraction.py took 0.326 seconds
[2025-11-18T01:06:22.726+0000] {processor.py:157} INFO - Started process (PID=3413) to work on /opt/airflow/dags/tasks/data_extraction.py
[2025-11-18T01:06:22.727+0000] {processor.py:829} INFO - Processing file /opt/airflow/dags/tasks/data_extraction.py for tasks to queue
[2025-11-18T01:06:22.728+0000] {logging_mixin.py:154} INFO - [2025-11-18T01:06:22.728+0000] {dagbag.py:536} INFO - Filling up the DagBag from /opt/airflow/dags/tasks/data_extraction.py
[2025-11-18T01:06:23.040+0000] {processor.py:841} WARNING - No viable dags retrieved from /opt/airflow/dags/tasks/data_extraction.py
[2025-11-18T01:06:23.050+0000] {processor.py:179} INFO - Processing /opt/airflow/dags/tasks/data_extraction.py took 0.327 seconds
[2025-11-18T01:06:53.897+0000] {processor.py:157} INFO - Started process (PID=3479) to work on /opt/airflow/dags/tasks/data_extraction.py
[2025-11-18T01:06:53.898+0000] {processor.py:829} INFO - Processing file /opt/airflow/dags/tasks/data_extraction.py for tasks to queue
[2025-11-18T01:06:53.898+0000] {logging_mixin.py:154} INFO - [2025-11-18T01:06:53.898+0000] {dagbag.py:536} INFO - Filling up the DagBag from /opt/airflow/dags/tasks/data_extraction.py
[2025-11-18T01:06:54.282+0000] {processor.py:841} WARNING - No viable dags retrieved from /opt/airflow/dags/tasks/data_extraction.py
[2025-11-18T01:06:54.291+0000] {processor.py:179} INFO - Processing /opt/airflow/dags/tasks/data_extraction.py took 0.397 seconds
[2025-11-18T01:07:24.712+0000] {processor.py:157} INFO - Started process (PID=3544) to work on /opt/airflow/dags/tasks/data_extraction.py
[2025-11-18T01:07:24.712+0000] {processor.py:829} INFO - Processing file /opt/airflow/dags/tasks/data_extraction.py for tasks to queue
[2025-11-18T01:07:24.713+0000] {logging_mixin.py:154} INFO - [2025-11-18T01:07:24.713+0000] {dagbag.py:536} INFO - Filling up the DagBag from /opt/airflow/dags/tasks/data_extraction.py
[2025-11-18T01:07:25.013+0000] {processor.py:841} WARNING - No viable dags retrieved from /opt/airflow/dags/tasks/data_extraction.py
[2025-11-18T01:07:25.024+0000] {processor.py:179} INFO - Processing /opt/airflow/dags/tasks/data_extraction.py took 0.315 seconds
[2025-11-18T01:07:55.833+0000] {processor.py:157} INFO - Started process (PID=3609) to work on /opt/airflow/dags/tasks/data_extraction.py
[2025-11-18T01:07:55.833+0000] {processor.py:829} INFO - Processing file /opt/airflow/dags/tasks/data_extraction.py for tasks to queue
[2025-11-18T01:07:55.834+0000] {logging_mixin.py:154} INFO - [2025-11-18T01:07:55.834+0000] {dagbag.py:536} INFO - Filling up the DagBag from /opt/airflow/dags/tasks/data_extraction.py
[2025-11-18T01:07:56.131+0000] {processor.py:841} WARNING - No viable dags retrieved from /opt/airflow/dags/tasks/data_extraction.py
[2025-11-18T01:07:56.140+0000] {processor.py:179} INFO - Processing /opt/airflow/dags/tasks/data_extraction.py took 0.310 seconds
[2025-11-18T01:08:26.347+0000] {processor.py:157} INFO - Started process (PID=3674) to work on /opt/airflow/dags/tasks/data_extraction.py
[2025-11-18T01:08:26.347+0000] {processor.py:829} INFO - Processing file /opt/airflow/dags/tasks/data_extraction.py for tasks to queue
[2025-11-18T01:08:26.348+0000] {logging_mixin.py:154} INFO - [2025-11-18T01:08:26.347+0000] {dagbag.py:536} INFO - Filling up the DagBag from /opt/airflow/dags/tasks/data_extraction.py
[2025-11-18T01:08:26.659+0000] {processor.py:841} WARNING - No viable dags retrieved from /opt/airflow/dags/tasks/data_extraction.py
[2025-11-18T01:08:26.667+0000] {processor.py:179} INFO - Processing /opt/airflow/dags/tasks/data_extraction.py took 0.324 seconds
[2025-11-18T01:08:56.890+0000] {processor.py:157} INFO - Started process (PID=3732) to work on /opt/airflow/dags/tasks/data_extraction.py
[2025-11-18T01:08:56.892+0000] {processor.py:829} INFO - Processing file /opt/airflow/dags/tasks/data_extraction.py for tasks to queue
[2025-11-18T01:08:56.892+0000] {logging_mixin.py:154} INFO - [2025-11-18T01:08:56.892+0000] {dagbag.py:536} INFO - Filling up the DagBag from /opt/airflow/dags/tasks/data_extraction.py
[2025-11-18T01:08:57.191+0000] {processor.py:841} WARNING - No viable dags retrieved from /opt/airflow/dags/tasks/data_extraction.py
[2025-11-18T01:08:57.199+0000] {processor.py:179} INFO - Processing /opt/airflow/dags/tasks/data_extraction.py took 0.312 seconds
[2025-11-18T01:09:27.250+0000] {processor.py:157} INFO - Started process (PID=3797) to work on /opt/airflow/dags/tasks/data_extraction.py
[2025-11-18T01:09:27.250+0000] {processor.py:829} INFO - Processing file /opt/airflow/dags/tasks/data_extraction.py for tasks to queue
[2025-11-18T01:09:27.251+0000] {logging_mixin.py:154} INFO - [2025-11-18T01:09:27.251+0000] {dagbag.py:536} INFO - Filling up the DagBag from /opt/airflow/dags/tasks/data_extraction.py
[2025-11-18T01:09:27.645+0000] {processor.py:841} WARNING - No viable dags retrieved from /opt/airflow/dags/tasks/data_extraction.py
[2025-11-18T01:09:27.660+0000] {processor.py:179} INFO - Processing /opt/airflow/dags/tasks/data_extraction.py took 0.413 seconds
[2025-11-18T01:09:57.897+0000] {processor.py:157} INFO - Started process (PID=3862) to work on /opt/airflow/dags/tasks/data_extraction.py
[2025-11-18T01:09:57.897+0000] {processor.py:829} INFO - Processing file /opt/airflow/dags/tasks/data_extraction.py for tasks to queue
[2025-11-18T01:09:57.898+0000] {logging_mixin.py:154} INFO - [2025-11-18T01:09:57.898+0000] {dagbag.py:536} INFO - Filling up the DagBag from /opt/airflow/dags/tasks/data_extraction.py
[2025-11-18T01:09:58.257+0000] {processor.py:841} WARNING - No viable dags retrieved from /opt/airflow/dags/tasks/data_extraction.py
[2025-11-18T01:09:58.266+0000] {processor.py:179} INFO - Processing /opt/airflow/dags/tasks/data_extraction.py took 0.372 seconds
[2025-11-18T01:10:28.458+0000] {processor.py:157} INFO - Started process (PID=3927) to work on /opt/airflow/dags/tasks/data_extraction.py
[2025-11-18T01:10:28.459+0000] {processor.py:829} INFO - Processing file /opt/airflow/dags/tasks/data_extraction.py for tasks to queue
[2025-11-18T01:10:28.459+0000] {logging_mixin.py:154} INFO - [2025-11-18T01:10:28.459+0000] {dagbag.py:536} INFO - Filling up the DagBag from /opt/airflow/dags/tasks/data_extraction.py
[2025-11-18T01:10:28.768+0000] {processor.py:841} WARNING - No viable dags retrieved from /opt/airflow/dags/tasks/data_extraction.py
[2025-11-18T01:10:28.778+0000] {processor.py:179} INFO - Processing /opt/airflow/dags/tasks/data_extraction.py took 0.322 seconds
[2025-11-18T01:10:58.902+0000] {processor.py:157} INFO - Started process (PID=3993) to work on /opt/airflow/dags/tasks/data_extraction.py
[2025-11-18T01:10:58.903+0000] {processor.py:829} INFO - Processing file /opt/airflow/dags/tasks/data_extraction.py for tasks to queue
[2025-11-18T01:10:58.904+0000] {logging_mixin.py:154} INFO - [2025-11-18T01:10:58.903+0000] {dagbag.py:536} INFO - Filling up the DagBag from /opt/airflow/dags/tasks/data_extraction.py
[2025-11-18T01:10:59.219+0000] {processor.py:841} WARNING - No viable dags retrieved from /opt/airflow/dags/tasks/data_extraction.py
[2025-11-18T01:10:59.229+0000] {processor.py:179} INFO - Processing /opt/airflow/dags/tasks/data_extraction.py took 0.329 seconds
[2025-11-18T01:11:29.455+0000] {processor.py:157} INFO - Started process (PID=4051) to work on /opt/airflow/dags/tasks/data_extraction.py
[2025-11-18T01:11:29.455+0000] {processor.py:829} INFO - Processing file /opt/airflow/dags/tasks/data_extraction.py for tasks to queue
[2025-11-18T01:11:29.456+0000] {logging_mixin.py:154} INFO - [2025-11-18T01:11:29.456+0000] {dagbag.py:536} INFO - Filling up the DagBag from /opt/airflow/dags/tasks/data_extraction.py
[2025-11-18T01:11:29.780+0000] {processor.py:841} WARNING - No viable dags retrieved from /opt/airflow/dags/tasks/data_extraction.py
[2025-11-18T01:11:29.789+0000] {processor.py:179} INFO - Processing /opt/airflow/dags/tasks/data_extraction.py took 0.338 seconds
[2025-11-18T01:11:59.860+0000] {processor.py:157} INFO - Started process (PID=4116) to work on /opt/airflow/dags/tasks/data_extraction.py
[2025-11-18T01:11:59.860+0000] {processor.py:829} INFO - Processing file /opt/airflow/dags/tasks/data_extraction.py for tasks to queue
[2025-11-18T01:11:59.861+0000] {logging_mixin.py:154} INFO - [2025-11-18T01:11:59.861+0000] {dagbag.py:536} INFO - Filling up the DagBag from /opt/airflow/dags/tasks/data_extraction.py
[2025-11-18T01:12:00.180+0000] {processor.py:841} WARNING - No viable dags retrieved from /opt/airflow/dags/tasks/data_extraction.py
[2025-11-18T01:12:00.191+0000] {processor.py:179} INFO - Processing /opt/airflow/dags/tasks/data_extraction.py took 0.334 seconds
[2025-11-18T01:12:30.495+0000] {processor.py:157} INFO - Started process (PID=4181) to work on /opt/airflow/dags/tasks/data_extraction.py
[2025-11-18T01:12:30.496+0000] {processor.py:829} INFO - Processing file /opt/airflow/dags/tasks/data_extraction.py for tasks to queue
[2025-11-18T01:12:30.497+0000] {logging_mixin.py:154} INFO - [2025-11-18T01:12:30.496+0000] {dagbag.py:536} INFO - Filling up the DagBag from /opt/airflow/dags/tasks/data_extraction.py
[2025-11-18T01:12:30.824+0000] {processor.py:841} WARNING - No viable dags retrieved from /opt/airflow/dags/tasks/data_extraction.py
[2025-11-18T01:12:30.833+0000] {processor.py:179} INFO - Processing /opt/airflow/dags/tasks/data_extraction.py took 0.341 seconds
[2025-11-18T01:13:01.194+0000] {processor.py:157} INFO - Started process (PID=4246) to work on /opt/airflow/dags/tasks/data_extraction.py
[2025-11-18T01:13:01.194+0000] {processor.py:829} INFO - Processing file /opt/airflow/dags/tasks/data_extraction.py for tasks to queue
[2025-11-18T01:13:01.195+0000] {logging_mixin.py:154} INFO - [2025-11-18T01:13:01.194+0000] {dagbag.py:536} INFO - Filling up the DagBag from /opt/airflow/dags/tasks/data_extraction.py
[2025-11-18T01:13:01.518+0000] {processor.py:841} WARNING - No viable dags retrieved from /opt/airflow/dags/tasks/data_extraction.py
[2025-11-18T01:13:01.527+0000] {processor.py:179} INFO - Processing /opt/airflow/dags/tasks/data_extraction.py took 0.337 seconds
[2025-11-18T01:13:31.813+0000] {processor.py:157} INFO - Started process (PID=4311) to work on /opt/airflow/dags/tasks/data_extraction.py
[2025-11-18T01:13:31.814+0000] {processor.py:829} INFO - Processing file /opt/airflow/dags/tasks/data_extraction.py for tasks to queue
[2025-11-18T01:13:31.815+0000] {logging_mixin.py:154} INFO - [2025-11-18T01:13:31.814+0000] {dagbag.py:536} INFO - Filling up the DagBag from /opt/airflow/dags/tasks/data_extraction.py
[2025-11-18T01:13:32.208+0000] {processor.py:841} WARNING - No viable dags retrieved from /opt/airflow/dags/tasks/data_extraction.py
[2025-11-18T01:13:32.217+0000] {processor.py:179} INFO - Processing /opt/airflow/dags/tasks/data_extraction.py took 0.407 seconds
[2025-11-18T01:14:03.065+0000] {processor.py:157} INFO - Started process (PID=4367) to work on /opt/airflow/dags/tasks/data_extraction.py
[2025-11-18T01:14:03.065+0000] {processor.py:829} INFO - Processing file /opt/airflow/dags/tasks/data_extraction.py for tasks to queue
[2025-11-18T01:14:03.066+0000] {logging_mixin.py:154} INFO - [2025-11-18T01:14:03.066+0000] {dagbag.py:536} INFO - Filling up the DagBag from /opt/airflow/dags/tasks/data_extraction.py
[2025-11-18T01:14:03.407+0000] {processor.py:841} WARNING - No viable dags retrieved from /opt/airflow/dags/tasks/data_extraction.py
[2025-11-18T01:14:03.416+0000] {processor.py:179} INFO - Processing /opt/airflow/dags/tasks/data_extraction.py took 0.354 seconds
[2025-11-18T01:14:33.567+0000] {processor.py:157} INFO - Started process (PID=4417) to work on /opt/airflow/dags/tasks/data_extraction.py
[2025-11-18T01:14:33.567+0000] {processor.py:829} INFO - Processing file /opt/airflow/dags/tasks/data_extraction.py for tasks to queue
[2025-11-18T01:14:33.568+0000] {logging_mixin.py:154} INFO - [2025-11-18T01:14:33.568+0000] {dagbag.py:536} INFO - Filling up the DagBag from /opt/airflow/dags/tasks/data_extraction.py
[2025-11-18T01:14:33.925+0000] {processor.py:841} WARNING - No viable dags retrieved from /opt/airflow/dags/tasks/data_extraction.py
[2025-11-18T01:14:33.935+0000] {processor.py:179} INFO - Processing /opt/airflow/dags/tasks/data_extraction.py took 0.371 seconds
[2025-11-18T01:15:04.171+0000] {processor.py:157} INFO - Started process (PID=4482) to work on /opt/airflow/dags/tasks/data_extraction.py
[2025-11-18T01:15:04.171+0000] {processor.py:829} INFO - Processing file /opt/airflow/dags/tasks/data_extraction.py for tasks to queue
[2025-11-18T01:15:04.172+0000] {logging_mixin.py:154} INFO - [2025-11-18T01:15:04.172+0000] {dagbag.py:536} INFO - Filling up the DagBag from /opt/airflow/dags/tasks/data_extraction.py
[2025-11-18T01:15:04.534+0000] {processor.py:841} WARNING - No viable dags retrieved from /opt/airflow/dags/tasks/data_extraction.py
[2025-11-18T01:15:04.543+0000] {processor.py:179} INFO - Processing /opt/airflow/dags/tasks/data_extraction.py took 0.375 seconds
[2025-11-18T01:15:35.353+0000] {processor.py:157} INFO - Started process (PID=4547) to work on /opt/airflow/dags/tasks/data_extraction.py
[2025-11-18T01:15:35.354+0000] {processor.py:829} INFO - Processing file /opt/airflow/dags/tasks/data_extraction.py for tasks to queue
[2025-11-18T01:15:35.354+0000] {logging_mixin.py:154} INFO - [2025-11-18T01:15:35.354+0000] {dagbag.py:536} INFO - Filling up the DagBag from /opt/airflow/dags/tasks/data_extraction.py
[2025-11-18T01:15:35.698+0000] {processor.py:841} WARNING - No viable dags retrieved from /opt/airflow/dags/tasks/data_extraction.py
[2025-11-18T01:15:35.706+0000] {processor.py:179} INFO - Processing /opt/airflow/dags/tasks/data_extraction.py took 0.356 seconds
[2025-11-18T01:16:06.544+0000] {processor.py:157} INFO - Started process (PID=4613) to work on /opt/airflow/dags/tasks/data_extraction.py
[2025-11-18T01:16:06.545+0000] {processor.py:829} INFO - Processing file /opt/airflow/dags/tasks/data_extraction.py for tasks to queue
[2025-11-18T01:16:06.545+0000] {logging_mixin.py:154} INFO - [2025-11-18T01:16:06.545+0000] {dagbag.py:536} INFO - Filling up the DagBag from /opt/airflow/dags/tasks/data_extraction.py
[2025-11-18T01:16:06.872+0000] {processor.py:841} WARNING - No viable dags retrieved from /opt/airflow/dags/tasks/data_extraction.py
[2025-11-18T01:16:06.882+0000] {processor.py:179} INFO - Processing /opt/airflow/dags/tasks/data_extraction.py took 0.341 seconds
[2025-11-18T01:16:37.705+0000] {processor.py:157} INFO - Started process (PID=4671) to work on /opt/airflow/dags/tasks/data_extraction.py
[2025-11-18T01:16:37.706+0000] {processor.py:829} INFO - Processing file /opt/airflow/dags/tasks/data_extraction.py for tasks to queue
[2025-11-18T01:16:37.707+0000] {logging_mixin.py:154} INFO - [2025-11-18T01:16:37.706+0000] {dagbag.py:536} INFO - Filling up the DagBag from /opt/airflow/dags/tasks/data_extraction.py
[2025-11-18T01:16:38.019+0000] {processor.py:841} WARNING - No viable dags retrieved from /opt/airflow/dags/tasks/data_extraction.py
[2025-11-18T01:16:38.028+0000] {processor.py:179} INFO - Processing /opt/airflow/dags/tasks/data_extraction.py took 0.325 seconds
[2025-11-18T01:17:08.764+0000] {processor.py:157} INFO - Started process (PID=4736) to work on /opt/airflow/dags/tasks/data_extraction.py
[2025-11-18T01:17:08.764+0000] {processor.py:829} INFO - Processing file /opt/airflow/dags/tasks/data_extraction.py for tasks to queue
[2025-11-18T01:17:08.765+0000] {logging_mixin.py:154} INFO - [2025-11-18T01:17:08.764+0000] {dagbag.py:536} INFO - Filling up the DagBag from /opt/airflow/dags/tasks/data_extraction.py
[2025-11-18T01:17:09.079+0000] {processor.py:841} WARNING - No viable dags retrieved from /opt/airflow/dags/tasks/data_extraction.py
[2025-11-18T01:17:09.088+0000] {processor.py:179} INFO - Processing /opt/airflow/dags/tasks/data_extraction.py took 0.327 seconds
[2025-11-18T01:17:38.957+0000] {processor.py:157} INFO - Started process (PID=4801) to work on /opt/airflow/dags/tasks/data_extraction.py
[2025-11-18T01:17:38.958+0000] {processor.py:829} INFO - Processing file /opt/airflow/dags/tasks/data_extraction.py for tasks to queue
[2025-11-18T01:17:38.959+0000] {logging_mixin.py:154} INFO - [2025-11-18T01:17:38.959+0000] {dagbag.py:536} INFO - Filling up the DagBag from /opt/airflow/dags/tasks/data_extraction.py
[2025-11-18T01:17:38.610+0000] {processor.py:841} WARNING - No viable dags retrieved from /opt/airflow/dags/tasks/data_extraction.py
[2025-11-18T01:17:38.618+0000] {processor.py:179} INFO - Processing /opt/airflow/dags/tasks/data_extraction.py took 0.432 seconds
[2025-11-18T01:18:09.338+0000] {processor.py:157} INFO - Started process (PID=4866) to work on /opt/airflow/dags/tasks/data_extraction.py
[2025-11-18T01:18:09.339+0000] {processor.py:829} INFO - Processing file /opt/airflow/dags/tasks/data_extraction.py for tasks to queue
[2025-11-18T01:18:09.341+0000] {logging_mixin.py:154} INFO - [2025-11-18T01:18:09.340+0000] {dagbag.py:536} INFO - Filling up the DagBag from /opt/airflow/dags/tasks/data_extraction.py
[2025-11-18T01:18:09.989+0000] {processor.py:841} WARNING - No viable dags retrieved from /opt/airflow/dags/tasks/data_extraction.py
[2025-11-18T01:18:10.000+0000] {processor.py:179} INFO - Processing /opt/airflow/dags/tasks/data_extraction.py took 0.669 seconds
[2025-11-18T01:18:40.449+0000] {processor.py:157} INFO - Started process (PID=4924) to work on /opt/airflow/dags/tasks/data_extraction.py
[2025-11-18T01:18:40.449+0000] {processor.py:829} INFO - Processing file /opt/airflow/dags/tasks/data_extraction.py for tasks to queue
[2025-11-18T01:18:40.450+0000] {logging_mixin.py:154} INFO - [2025-11-18T01:18:40.450+0000] {dagbag.py:536} INFO - Filling up the DagBag from /opt/airflow/dags/tasks/data_extraction.py
[2025-11-18T01:18:40.824+0000] {processor.py:841} WARNING - No viable dags retrieved from /opt/airflow/dags/tasks/data_extraction.py
[2025-11-18T01:18:40.834+0000] {processor.py:179} INFO - Processing /opt/airflow/dags/tasks/data_extraction.py took 0.389 seconds
[2025-11-18T01:19:11.282+0000] {processor.py:157} INFO - Started process (PID=4990) to work on /opt/airflow/dags/tasks/data_extraction.py
[2025-11-18T01:19:11.282+0000] {processor.py:829} INFO - Processing file /opt/airflow/dags/tasks/data_extraction.py for tasks to queue
[2025-11-18T01:19:11.283+0000] {logging_mixin.py:154} INFO - [2025-11-18T01:19:11.283+0000] {dagbag.py:536} INFO - Filling up the DagBag from /opt/airflow/dags/tasks/data_extraction.py
[2025-11-18T01:19:11.656+0000] {processor.py:841} WARNING - No viable dags retrieved from /opt/airflow/dags/tasks/data_extraction.py
[2025-11-18T01:19:11.670+0000] {processor.py:179} INFO - Processing /opt/airflow/dags/tasks/data_extraction.py took 0.392 seconds
[2025-11-18T01:19:41.986+0000] {processor.py:157} INFO - Started process (PID=5054) to work on /opt/airflow/dags/tasks/data_extraction.py
[2025-11-18T01:19:41.986+0000] {processor.py:829} INFO - Processing file /opt/airflow/dags/tasks/data_extraction.py for tasks to queue
[2025-11-18T01:19:41.987+0000] {logging_mixin.py:154} INFO - [2025-11-18T01:19:41.987+0000] {dagbag.py:536} INFO - Filling up the DagBag from /opt/airflow/dags/tasks/data_extraction.py
[2025-11-18T01:19:42.450+0000] {processor.py:841} WARNING - No viable dags retrieved from /opt/airflow/dags/tasks/data_extraction.py
[2025-11-18T01:19:42.460+0000] {processor.py:179} INFO - Processing /opt/airflow/dags/tasks/data_extraction.py took 0.478 seconds
[2025-11-18T01:20:12.568+0000] {processor.py:157} INFO - Started process (PID=5113) to work on /opt/airflow/dags/tasks/data_extraction.py
[2025-11-18T01:20:12.569+0000] {processor.py:829} INFO - Processing file /opt/airflow/dags/tasks/data_extraction.py for tasks to queue
[2025-11-18T01:20:12.570+0000] {logging_mixin.py:154} INFO - [2025-11-18T01:20:12.569+0000] {dagbag.py:536} INFO - Filling up the DagBag from /opt/airflow/dags/tasks/data_extraction.py
[2025-11-18T01:20:13.012+0000] {processor.py:841} WARNING - No viable dags retrieved from /opt/airflow/dags/tasks/data_extraction.py
[2025-11-18T01:20:13.022+0000] {processor.py:179} INFO - Processing /opt/airflow/dags/tasks/data_extraction.py took 0.459 seconds
[2025-11-18T01:20:43.404+0000] {processor.py:157} INFO - Started process (PID=5178) to work on /opt/airflow/dags/tasks/data_extraction.py
[2025-11-18T01:20:43.405+0000] {processor.py:829} INFO - Processing file /opt/airflow/dags/tasks/data_extraction.py for tasks to queue
[2025-11-18T01:20:43.406+0000] {logging_mixin.py:154} INFO - [2025-11-18T01:20:43.405+0000] {dagbag.py:536} INFO - Filling up the DagBag from /opt/airflow/dags/tasks/data_extraction.py
[2025-11-18T01:20:43.767+0000] {processor.py:841} WARNING - No viable dags retrieved from /opt/airflow/dags/tasks/data_extraction.py
[2025-11-18T01:20:43.777+0000] {processor.py:179} INFO - Processing /opt/airflow/dags/tasks/data_extraction.py took 0.377 seconds
[2025-11-18T01:21:14.495+0000] {processor.py:157} INFO - Started process (PID=5243) to work on /opt/airflow/dags/tasks/data_extraction.py
[2025-11-18T01:21:14.495+0000] {processor.py:829} INFO - Processing file /opt/airflow/dags/tasks/data_extraction.py for tasks to queue
[2025-11-18T01:21:14.496+0000] {logging_mixin.py:154} INFO - [2025-11-18T01:21:14.496+0000] {dagbag.py:536} INFO - Filling up the DagBag from /opt/airflow/dags/tasks/data_extraction.py
[2025-11-18T01:21:14.920+0000] {processor.py:841} WARNING - No viable dags retrieved from /opt/airflow/dags/tasks/data_extraction.py
[2025-11-18T01:21:14.938+0000] {processor.py:179} INFO - Processing /opt/airflow/dags/tasks/data_extraction.py took 0.447 seconds
[2025-11-18T01:21:45.565+0000] {processor.py:157} INFO - Started process (PID=5308) to work on /opt/airflow/dags/tasks/data_extraction.py
[2025-11-18T01:21:45.566+0000] {processor.py:829} INFO - Processing file /opt/airflow/dags/tasks/data_extraction.py for tasks to queue
[2025-11-18T01:21:45.567+0000] {logging_mixin.py:154} INFO - [2025-11-18T01:21:45.566+0000] {dagbag.py:536} INFO - Filling up the DagBag from /opt/airflow/dags/tasks/data_extraction.py
[2025-11-18T01:21:45.961+0000] {processor.py:841} WARNING - No viable dags retrieved from /opt/airflow/dags/tasks/data_extraction.py
[2025-11-18T01:21:45.971+0000] {processor.py:179} INFO - Processing /opt/airflow/dags/tasks/data_extraction.py took 0.409 seconds
[2025-11-18T01:22:16.628+0000] {processor.py:157} INFO - Started process (PID=5366) to work on /opt/airflow/dags/tasks/data_extraction.py
[2025-11-18T01:22:16.629+0000] {processor.py:829} INFO - Processing file /opt/airflow/dags/tasks/data_extraction.py for tasks to queue
[2025-11-18T01:22:16.630+0000] {logging_mixin.py:154} INFO - [2025-11-18T01:22:16.630+0000] {dagbag.py:536} INFO - Filling up the DagBag from /opt/airflow/dags/tasks/data_extraction.py
[2025-11-18T01:22:17.100+0000] {processor.py:841} WARNING - No viable dags retrieved from /opt/airflow/dags/tasks/data_extraction.py
[2025-11-18T01:22:17.112+0000] {processor.py:179} INFO - Processing /opt/airflow/dags/tasks/data_extraction.py took 0.488 seconds
[2025-11-18T01:22:47.857+0000] {processor.py:157} INFO - Started process (PID=5431) to work on /opt/airflow/dags/tasks/data_extraction.py
[2025-11-18T01:22:47.858+0000] {processor.py:829} INFO - Processing file /opt/airflow/dags/tasks/data_extraction.py for tasks to queue
[2025-11-18T01:22:47.863+0000] {logging_mixin.py:154} INFO - [2025-11-18T01:22:47.861+0000] {dagbag.py:536} INFO - Filling up the DagBag from /opt/airflow/dags/tasks/data_extraction.py
[2025-11-18T01:22:48.741+0000] {processor.py:841} WARNING - No viable dags retrieved from /opt/airflow/dags/tasks/data_extraction.py
[2025-11-18T01:22:48.752+0000] {processor.py:179} INFO - Processing /opt/airflow/dags/tasks/data_extraction.py took 0.918 seconds
[2025-11-18T01:23:18.974+0000] {processor.py:157} INFO - Started process (PID=5496) to work on /opt/airflow/dags/tasks/data_extraction.py
[2025-11-18T01:23:18.975+0000] {processor.py:829} INFO - Processing file /opt/airflow/dags/tasks/data_extraction.py for tasks to queue
[2025-11-18T01:23:18.975+0000] {logging_mixin.py:154} INFO - [2025-11-18T01:23:18.975+0000] {dagbag.py:536} INFO - Filling up the DagBag from /opt/airflow/dags/tasks/data_extraction.py
[2025-11-18T01:23:19.358+0000] {processor.py:841} WARNING - No viable dags retrieved from /opt/airflow/dags/tasks/data_extraction.py
[2025-11-18T01:23:19.368+0000] {processor.py:179} INFO - Processing /opt/airflow/dags/tasks/data_extraction.py took 0.397 seconds
[2025-11-18T01:23:49.784+0000] {processor.py:157} INFO - Started process (PID=5561) to work on /opt/airflow/dags/tasks/data_extraction.py
[2025-11-18T01:23:49.784+0000] {processor.py:829} INFO - Processing file /opt/airflow/dags/tasks/data_extraction.py for tasks to queue
[2025-11-18T01:23:49.785+0000] {logging_mixin.py:154} INFO - [2025-11-18T01:23:49.785+0000] {dagbag.py:536} INFO - Filling up the DagBag from /opt/airflow/dags/tasks/data_extraction.py
[2025-11-18T01:23:50.217+0000] {processor.py:841} WARNING - No viable dags retrieved from /opt/airflow/dags/tasks/data_extraction.py
[2025-11-18T01:23:50.231+0000] {processor.py:179} INFO - Processing /opt/airflow/dags/tasks/data_extraction.py took 0.451 seconds
[2025-11-18T01:24:20.668+0000] {processor.py:157} INFO - Started process (PID=5619) to work on /opt/airflow/dags/tasks/data_extraction.py
[2025-11-18T01:24:20.668+0000] {processor.py:829} INFO - Processing file /opt/airflow/dags/tasks/data_extraction.py for tasks to queue
[2025-11-18T01:24:20.669+0000] {logging_mixin.py:154} INFO - [2025-11-18T01:24:20.669+0000] {dagbag.py:536} INFO - Filling up the DagBag from /opt/airflow/dags/tasks/data_extraction.py
[2025-11-18T01:24:21.103+0000] {processor.py:841} WARNING - No viable dags retrieved from /opt/airflow/dags/tasks/data_extraction.py
[2025-11-18T01:24:21.113+0000] {processor.py:179} INFO - Processing /opt/airflow/dags/tasks/data_extraction.py took 0.449 seconds
[2025-11-18T01:24:51.863+0000] {processor.py:157} INFO - Started process (PID=5684) to work on /opt/airflow/dags/tasks/data_extraction.py
[2025-11-18T01:24:51.863+0000] {processor.py:829} INFO - Processing file /opt/airflow/dags/tasks/data_extraction.py for tasks to queue
[2025-11-18T01:24:51.864+0000] {logging_mixin.py:154} INFO - [2025-11-18T01:24:51.864+0000] {dagbag.py:536} INFO - Filling up the DagBag from /opt/airflow/dags/tasks/data_extraction.py
[2025-11-18T01:24:52.225+0000] {processor.py:841} WARNING - No viable dags retrieved from /opt/airflow/dags/tasks/data_extraction.py
[2025-11-18T01:24:52.235+0000] {processor.py:179} INFO - Processing /opt/airflow/dags/tasks/data_extraction.py took 0.378 seconds
[2025-11-18T01:25:22.757+0000] {processor.py:157} INFO - Started process (PID=5749) to work on /opt/airflow/dags/tasks/data_extraction.py
[2025-11-18T01:25:22.757+0000] {processor.py:829} INFO - Processing file /opt/airflow/dags/tasks/data_extraction.py for tasks to queue
[2025-11-18T01:25:22.757+0000] {logging_mixin.py:154} INFO - [2025-11-18T01:25:22.757+0000] {dagbag.py:536} INFO - Filling up the DagBag from /opt/airflow/dags/tasks/data_extraction.py
[2025-11-18T01:25:23.108+0000] {processor.py:841} WARNING - No viable dags retrieved from /opt/airflow/dags/tasks/data_extraction.py
[2025-11-18T01:25:23.118+0000] {processor.py:179} INFO - Processing /opt/airflow/dags/tasks/data_extraction.py took 0.364 seconds
[2025-11-18T01:25:53.603+0000] {processor.py:157} INFO - Started process (PID=5814) to work on /opt/airflow/dags/tasks/data_extraction.py
[2025-11-18T01:25:53.604+0000] {processor.py:829} INFO - Processing file /opt/airflow/dags/tasks/data_extraction.py for tasks to queue
[2025-11-18T01:25:53.604+0000] {logging_mixin.py:154} INFO - [2025-11-18T01:25:53.604+0000] {dagbag.py:536} INFO - Filling up the DagBag from /opt/airflow/dags/tasks/data_extraction.py
[2025-11-18T01:25:53.922+0000] {processor.py:841} WARNING - No viable dags retrieved from /opt/airflow/dags/tasks/data_extraction.py
[2025-11-18T01:25:53.931+0000] {processor.py:179} INFO - Processing /opt/airflow/dags/tasks/data_extraction.py took 0.331 seconds
[2025-11-18T01:26:24.242+0000] {processor.py:157} INFO - Started process (PID=5879) to work on /opt/airflow/dags/tasks/data_extraction.py
[2025-11-18T01:26:24.242+0000] {processor.py:829} INFO - Processing file /opt/airflow/dags/tasks/data_extraction.py for tasks to queue
[2025-11-18T01:26:24.243+0000] {logging_mixin.py:154} INFO - [2025-11-18T01:26:24.242+0000] {dagbag.py:536} INFO - Filling up the DagBag from /opt/airflow/dags/tasks/data_extraction.py
[2025-11-18T01:26:24.549+0000] {processor.py:841} WARNING - No viable dags retrieved from /opt/airflow/dags/tasks/data_extraction.py
[2025-11-18T01:26:24.562+0000] {processor.py:179} INFO - Processing /opt/airflow/dags/tasks/data_extraction.py took 0.323 seconds
[2025-11-18T01:26:55.040+0000] {processor.py:157} INFO - Started process (PID=5920) to work on /opt/airflow/dags/tasks/data_extraction.py
[2025-11-18T01:26:55.040+0000] {processor.py:829} INFO - Processing file /opt/airflow/dags/tasks/data_extraction.py for tasks to queue
[2025-11-18T01:26:55.041+0000] {logging_mixin.py:154} INFO - [2025-11-18T01:26:55.041+0000] {dagbag.py:536} INFO - Filling up the DagBag from /opt/airflow/dags/tasks/data_extraction.py
[2025-11-18T01:26:55.370+0000] {processor.py:841} WARNING - No viable dags retrieved from /opt/airflow/dags/tasks/data_extraction.py
[2025-11-18T01:26:55.381+0000] {processor.py:179} INFO - Processing /opt/airflow/dags/tasks/data_extraction.py took 0.344 seconds
[2025-11-18T01:27:25.630+0000] {processor.py:157} INFO - Started process (PID=5985) to work on /opt/airflow/dags/tasks/data_extraction.py
[2025-11-18T01:27:25.631+0000] {processor.py:829} INFO - Processing file /opt/airflow/dags/tasks/data_extraction.py for tasks to queue
[2025-11-18T01:27:25.632+0000] {logging_mixin.py:154} INFO - [2025-11-18T01:27:25.632+0000] {dagbag.py:536} INFO - Filling up the DagBag from /opt/airflow/dags/tasks/data_extraction.py
[2025-11-18T01:27:26.014+0000] {processor.py:841} WARNING - No viable dags retrieved from /opt/airflow/dags/tasks/data_extraction.py
[2025-11-18T01:27:26.024+0000] {processor.py:179} INFO - Processing /opt/airflow/dags/tasks/data_extraction.py took 0.397 seconds
[2025-11-18T01:27:56.185+0000] {processor.py:157} INFO - Started process (PID=6050) to work on /opt/airflow/dags/tasks/data_extraction.py
[2025-11-18T01:27:56.186+0000] {processor.py:829} INFO - Processing file /opt/airflow/dags/tasks/data_extraction.py for tasks to queue
[2025-11-18T01:27:56.186+0000] {logging_mixin.py:154} INFO - [2025-11-18T01:27:56.186+0000] {dagbag.py:536} INFO - Filling up the DagBag from /opt/airflow/dags/tasks/data_extraction.py
[2025-11-18T01:27:56.482+0000] {processor.py:841} WARNING - No viable dags retrieved from /opt/airflow/dags/tasks/data_extraction.py
[2025-11-18T01:27:56.490+0000] {processor.py:179} INFO - Processing /opt/airflow/dags/tasks/data_extraction.py took 0.308 seconds
[2025-11-18T01:28:26.596+0000] {processor.py:157} INFO - Started process (PID=6115) to work on /opt/airflow/dags/tasks/data_extraction.py
[2025-11-18T01:28:26.596+0000] {processor.py:829} INFO - Processing file /opt/airflow/dags/tasks/data_extraction.py for tasks to queue
[2025-11-18T01:28:26.596+0000] {logging_mixin.py:154} INFO - [2025-11-18T01:28:26.596+0000] {dagbag.py:536} INFO - Filling up the DagBag from /opt/airflow/dags/tasks/data_extraction.py
[2025-11-18T01:28:26.886+0000] {processor.py:841} WARNING - No viable dags retrieved from /opt/airflow/dags/tasks/data_extraction.py
[2025-11-18T01:28:26.898+0000] {processor.py:179} INFO - Processing /opt/airflow/dags/tasks/data_extraction.py took 0.306 seconds
[2025-11-18T01:28:57.003+0000] {processor.py:157} INFO - Started process (PID=6180) to work on /opt/airflow/dags/tasks/data_extraction.py
[2025-11-18T01:28:57.003+0000] {processor.py:829} INFO - Processing file /opt/airflow/dags/tasks/data_extraction.py for tasks to queue
[2025-11-18T01:28:57.004+0000] {logging_mixin.py:154} INFO - [2025-11-18T01:28:57.004+0000] {dagbag.py:536} INFO - Filling up the DagBag from /opt/airflow/dags/tasks/data_extraction.py
[2025-11-18T01:28:57.338+0000] {processor.py:841} WARNING - No viable dags retrieved from /opt/airflow/dags/tasks/data_extraction.py
[2025-11-18T01:28:57.349+0000] {processor.py:179} INFO - Processing /opt/airflow/dags/tasks/data_extraction.py took 0.349 seconds
[2025-11-18T01:29:27.472+0000] {processor.py:157} INFO - Started process (PID=6238) to work on /opt/airflow/dags/tasks/data_extraction.py
[2025-11-18T01:29:27.472+0000] {processor.py:829} INFO - Processing file /opt/airflow/dags/tasks/data_extraction.py for tasks to queue
[2025-11-18T01:29:27.473+0000] {logging_mixin.py:154} INFO - [2025-11-18T01:29:27.472+0000] {dagbag.py:536} INFO - Filling up the DagBag from /opt/airflow/dags/tasks/data_extraction.py
[2025-11-18T01:29:27.860+0000] {processor.py:841} WARNING - No viable dags retrieved from /opt/airflow/dags/tasks/data_extraction.py
[2025-11-18T01:29:27.870+0000] {processor.py:179} INFO - Processing /opt/airflow/dags/tasks/data_extraction.py took 0.401 seconds
[2025-11-18T01:29:57.998+0000] {processor.py:157} INFO - Started process (PID=6303) to work on /opt/airflow/dags/tasks/data_extraction.py
[2025-11-18T01:29:57.999+0000] {processor.py:829} INFO - Processing file /opt/airflow/dags/tasks/data_extraction.py for tasks to queue
[2025-11-18T01:29:57.999+0000] {logging_mixin.py:154} INFO - [2025-11-18T01:29:57.999+0000] {dagbag.py:536} INFO - Filling up the DagBag from /opt/airflow/dags/tasks/data_extraction.py
[2025-11-18T01:29:58.287+0000] {processor.py:841} WARNING - No viable dags retrieved from /opt/airflow/dags/tasks/data_extraction.py
[2025-11-18T01:29:58.295+0000] {processor.py:179} INFO - Processing /opt/airflow/dags/tasks/data_extraction.py took 0.300 seconds
[2025-11-18T01:30:28.395+0000] {processor.py:157} INFO - Started process (PID=6369) to work on /opt/airflow/dags/tasks/data_extraction.py
[2025-11-18T01:30:28.396+0000] {processor.py:829} INFO - Processing file /opt/airflow/dags/tasks/data_extraction.py for tasks to queue
[2025-11-18T01:30:28.396+0000] {logging_mixin.py:154} INFO - [2025-11-18T01:30:28.396+0000] {dagbag.py:536} INFO - Filling up the DagBag from /opt/airflow/dags/tasks/data_extraction.py
[2025-11-18T01:30:28.689+0000] {processor.py:841} WARNING - No viable dags retrieved from /opt/airflow/dags/tasks/data_extraction.py
[2025-11-18T01:30:28.698+0000] {processor.py:179} INFO - Processing /opt/airflow/dags/tasks/data_extraction.py took 0.305 seconds
[2025-11-18T01:30:58.775+0000] {processor.py:157} INFO - Started process (PID=6434) to work on /opt/airflow/dags/tasks/data_extraction.py
[2025-11-18T01:30:58.775+0000] {processor.py:829} INFO - Processing file /opt/airflow/dags/tasks/data_extraction.py for tasks to queue
[2025-11-18T01:30:58.776+0000] {logging_mixin.py:154} INFO - [2025-11-18T01:30:58.776+0000] {dagbag.py:536} INFO - Filling up the DagBag from /opt/airflow/dags/tasks/data_extraction.py
[2025-11-18T01:30:59.059+0000] {processor.py:841} WARNING - No viable dags retrieved from /opt/airflow/dags/tasks/data_extraction.py
[2025-11-18T01:30:59.068+0000] {processor.py:179} INFO - Processing /opt/airflow/dags/tasks/data_extraction.py took 0.296 seconds
[2025-11-18T01:31:29.142+0000] {processor.py:157} INFO - Started process (PID=6498) to work on /opt/airflow/dags/tasks/data_extraction.py
[2025-11-18T01:31:29.143+0000] {processor.py:829} INFO - Processing file /opt/airflow/dags/tasks/data_extraction.py for tasks to queue
[2025-11-18T01:31:29.143+0000] {logging_mixin.py:154} INFO - [2025-11-18T01:31:29.143+0000] {dagbag.py:536} INFO - Filling up the DagBag from /opt/airflow/dags/tasks/data_extraction.py
[2025-11-18T01:31:29.442+0000] {processor.py:841} WARNING - No viable dags retrieved from /opt/airflow/dags/tasks/data_extraction.py
[2025-11-18T01:31:29.451+0000] {processor.py:179} INFO - Processing /opt/airflow/dags/tasks/data_extraction.py took 0.313 seconds
[2025-11-18T01:31:58.895+0000] {processor.py:157} INFO - Started process (PID=6593) to work on /opt/airflow/dags/tasks/data_extraction.py
[2025-11-18T01:31:58.896+0000] {processor.py:829} INFO - Processing file /opt/airflow/dags/tasks/data_extraction.py for tasks to queue
[2025-11-18T01:31:58.896+0000] {logging_mixin.py:154} INFO - [2025-11-18T01:31:58.896+0000] {dagbag.py:536} INFO - Filling up the DagBag from /opt/airflow/dags/tasks/data_extraction.py
[2025-11-18T01:31:59.215+0000] {processor.py:841} WARNING - No viable dags retrieved from /opt/airflow/dags/tasks/data_extraction.py
[2025-11-18T01:31:59.225+0000] {processor.py:179} INFO - Processing /opt/airflow/dags/tasks/data_extraction.py took 0.332 seconds
[2025-11-18T01:32:30.098+0000] {processor.py:157} INFO - Started process (PID=6848) to work on /opt/airflow/dags/tasks/data_extraction.py
[2025-11-18T01:32:30.103+0000] {processor.py:829} INFO - Processing file /opt/airflow/dags/tasks/data_extraction.py for tasks to queue
[2025-11-18T01:32:30.103+0000] {logging_mixin.py:154} INFO - [2025-11-18T01:32:30.103+0000] {dagbag.py:536} INFO - Filling up the DagBag from /opt/airflow/dags/tasks/data_extraction.py
[2025-11-18T01:32:30.477+0000] {processor.py:841} WARNING - No viable dags retrieved from /opt/airflow/dags/tasks/data_extraction.py
[2025-11-18T01:32:30.490+0000] {processor.py:179} INFO - Processing /opt/airflow/dags/tasks/data_extraction.py took 0.396 seconds
[2025-11-18T01:33:00.602+0000] {processor.py:157} INFO - Started process (PID=7048) to work on /opt/airflow/dags/tasks/data_extraction.py
[2025-11-18T01:33:00.602+0000] {processor.py:829} INFO - Processing file /opt/airflow/dags/tasks/data_extraction.py for tasks to queue
[2025-11-18T01:33:00.603+0000] {logging_mixin.py:154} INFO - [2025-11-18T01:33:00.603+0000] {dagbag.py:536} INFO - Filling up the DagBag from /opt/airflow/dags/tasks/data_extraction.py
[2025-11-18T01:33:00.921+0000] {processor.py:841} WARNING - No viable dags retrieved from /opt/airflow/dags/tasks/data_extraction.py
[2025-11-18T01:33:00.931+0000] {processor.py:179} INFO - Processing /opt/airflow/dags/tasks/data_extraction.py took 0.332 seconds
[2025-11-18T01:33:31.055+0000] {processor.py:157} INFO - Started process (PID=7098) to work on /opt/airflow/dags/tasks/data_extraction.py
[2025-11-18T01:33:31.056+0000] {processor.py:829} INFO - Processing file /opt/airflow/dags/tasks/data_extraction.py for tasks to queue
[2025-11-18T01:33:31.057+0000] {logging_mixin.py:154} INFO - [2025-11-18T01:33:31.056+0000] {dagbag.py:536} INFO - Filling up the DagBag from /opt/airflow/dags/tasks/data_extraction.py
[2025-11-18T01:33:31.377+0000] {processor.py:841} WARNING - No viable dags retrieved from /opt/airflow/dags/tasks/data_extraction.py
[2025-11-18T01:33:31.386+0000] {processor.py:179} INFO - Processing /opt/airflow/dags/tasks/data_extraction.py took 0.334 seconds
[2025-11-18T01:34:01.507+0000] {processor.py:157} INFO - Started process (PID=7162) to work on /opt/airflow/dags/tasks/data_extraction.py
[2025-11-18T01:34:01.508+0000] {processor.py:829} INFO - Processing file /opt/airflow/dags/tasks/data_extraction.py for tasks to queue
[2025-11-18T01:34:01.508+0000] {logging_mixin.py:154} INFO - [2025-11-18T01:34:01.508+0000] {dagbag.py:536} INFO - Filling up the DagBag from /opt/airflow/dags/tasks/data_extraction.py
[2025-11-18T01:34:01.842+0000] {processor.py:841} WARNING - No viable dags retrieved from /opt/airflow/dags/tasks/data_extraction.py
[2025-11-18T01:34:01.851+0000] {processor.py:179} INFO - Processing /opt/airflow/dags/tasks/data_extraction.py took 0.347 seconds
[2025-11-18T01:34:31.962+0000] {processor.py:157} INFO - Started process (PID=7227) to work on /opt/airflow/dags/tasks/data_extraction.py
[2025-11-18T01:34:31.978+0000] {processor.py:829} INFO - Processing file /opt/airflow/dags/tasks/data_extraction.py for tasks to queue
[2025-11-18T01:34:31.978+0000] {logging_mixin.py:154} INFO - [2025-11-18T01:34:31.978+0000] {dagbag.py:536} INFO - Filling up the DagBag from /opt/airflow/dags/tasks/data_extraction.py
[2025-11-18T01:34:32.281+0000] {processor.py:841} WARNING - No viable dags retrieved from /opt/airflow/dags/tasks/data_extraction.py
[2025-11-18T01:34:32.290+0000] {processor.py:179} INFO - Processing /opt/airflow/dags/tasks/data_extraction.py took 0.330 seconds
[2025-11-18T01:35:02.382+0000] {processor.py:157} INFO - Started process (PID=7293) to work on /opt/airflow/dags/tasks/data_extraction.py
[2025-11-18T01:35:02.382+0000] {processor.py:829} INFO - Processing file /opt/airflow/dags/tasks/data_extraction.py for tasks to queue
[2025-11-18T01:35:02.383+0000] {logging_mixin.py:154} INFO - [2025-11-18T01:35:02.383+0000] {dagbag.py:536} INFO - Filling up the DagBag from /opt/airflow/dags/tasks/data_extraction.py
[2025-11-18T01:35:02.677+0000] {processor.py:841} WARNING - No viable dags retrieved from /opt/airflow/dags/tasks/data_extraction.py
[2025-11-18T01:35:02.686+0000] {processor.py:179} INFO - Processing /opt/airflow/dags/tasks/data_extraction.py took 0.306 seconds
[2025-11-18T01:35:32.789+0000] {processor.py:157} INFO - Started process (PID=7358) to work on /opt/airflow/dags/tasks/data_extraction.py
[2025-11-18T01:35:32.790+0000] {processor.py:829} INFO - Processing file /opt/airflow/dags/tasks/data_extraction.py for tasks to queue
[2025-11-18T01:35:32.791+0000] {logging_mixin.py:154} INFO - [2025-11-18T01:35:32.790+0000] {dagbag.py:536} INFO - Filling up the DagBag from /opt/airflow/dags/tasks/data_extraction.py
[2025-11-18T01:35:33.090+0000] {processor.py:841} WARNING - No viable dags retrieved from /opt/airflow/dags/tasks/data_extraction.py
[2025-11-18T01:35:33.099+0000] {processor.py:179} INFO - Processing /opt/airflow/dags/tasks/data_extraction.py took 0.313 seconds
[2025-11-18T01:36:03.228+0000] {processor.py:157} INFO - Started process (PID=7423) to work on /opt/airflow/dags/tasks/data_extraction.py
[2025-11-18T01:36:03.228+0000] {processor.py:829} INFO - Processing file /opt/airflow/dags/tasks/data_extraction.py for tasks to queue
[2025-11-18T01:36:03.229+0000] {logging_mixin.py:154} INFO - [2025-11-18T01:36:03.229+0000] {dagbag.py:536} INFO - Filling up the DagBag from /opt/airflow/dags/tasks/data_extraction.py
[2025-11-18T01:36:03.564+0000] {processor.py:841} WARNING - No viable dags retrieved from /opt/airflow/dags/tasks/data_extraction.py
[2025-11-18T01:36:03.574+0000] {processor.py:179} INFO - Processing /opt/airflow/dags/tasks/data_extraction.py took 0.348 seconds
[2025-11-18T01:36:33.634+0000] {processor.py:157} INFO - Started process (PID=7481) to work on /opt/airflow/dags/tasks/data_extraction.py
[2025-11-18T01:36:33.635+0000] {processor.py:829} INFO - Processing file /opt/airflow/dags/tasks/data_extraction.py for tasks to queue
[2025-11-18T01:36:33.636+0000] {logging_mixin.py:154} INFO - [2025-11-18T01:36:33.636+0000] {dagbag.py:536} INFO - Filling up the DagBag from /opt/airflow/dags/tasks/data_extraction.py
[2025-11-18T01:36:33.953+0000] {processor.py:841} WARNING - No viable dags retrieved from /opt/airflow/dags/tasks/data_extraction.py
[2025-11-18T01:36:33.962+0000] {processor.py:179} INFO - Processing /opt/airflow/dags/tasks/data_extraction.py took 0.331 seconds
[2025-11-18T01:37:04.041+0000] {processor.py:157} INFO - Started process (PID=7545) to work on /opt/airflow/dags/tasks/data_extraction.py
[2025-11-18T01:37:04.042+0000] {processor.py:829} INFO - Processing file /opt/airflow/dags/tasks/data_extraction.py for tasks to queue
[2025-11-18T01:37:04.042+0000] {logging_mixin.py:154} INFO - [2025-11-18T01:37:04.042+0000] {dagbag.py:536} INFO - Filling up the DagBag from /opt/airflow/dags/tasks/data_extraction.py
[2025-11-18T01:37:04.357+0000] {processor.py:841} WARNING - No viable dags retrieved from /opt/airflow/dags/tasks/data_extraction.py
[2025-11-18T01:37:04.366+0000] {processor.py:179} INFO - Processing /opt/airflow/dags/tasks/data_extraction.py took 0.327 seconds
[2025-11-18T01:37:34.430+0000] {processor.py:157} INFO - Started process (PID=7610) to work on /opt/airflow/dags/tasks/data_extraction.py
[2025-11-18T01:37:34.431+0000] {processor.py:829} INFO - Processing file /opt/airflow/dags/tasks/data_extraction.py for tasks to queue
[2025-11-18T01:37:34.431+0000] {logging_mixin.py:154} INFO - [2025-11-18T01:37:34.431+0000] {dagbag.py:536} INFO - Filling up the DagBag from /opt/airflow/dags/tasks/data_extraction.py
[2025-11-18T01:37:34.743+0000] {processor.py:841} WARNING - No viable dags retrieved from /opt/airflow/dags/tasks/data_extraction.py
[2025-11-18T01:37:34.752+0000] {processor.py:179} INFO - Processing /opt/airflow/dags/tasks/data_extraction.py took 0.326 seconds
[2025-11-18T01:38:05.566+0000] {processor.py:157} INFO - Started process (PID=7690) to work on /opt/airflow/dags/tasks/data_extraction.py
[2025-11-18T01:38:05.567+0000] {processor.py:829} INFO - Processing file /opt/airflow/dags/tasks/data_extraction.py for tasks to queue
[2025-11-18T01:38:05.567+0000] {logging_mixin.py:154} INFO - [2025-11-18T01:38:05.567+0000] {dagbag.py:536} INFO - Filling up the DagBag from /opt/airflow/dags/tasks/data_extraction.py
[2025-11-18T01:38:05.880+0000] {processor.py:841} WARNING - No viable dags retrieved from /opt/airflow/dags/tasks/data_extraction.py
[2025-11-18T01:38:05.888+0000] {processor.py:179} INFO - Processing /opt/airflow/dags/tasks/data_extraction.py took 0.325 seconds
[2025-11-18T01:38:36.117+0000] {processor.py:157} INFO - Started process (PID=7748) to work on /opt/airflow/dags/tasks/data_extraction.py
[2025-11-18T01:38:36.118+0000] {processor.py:829} INFO - Processing file /opt/airflow/dags/tasks/data_extraction.py for tasks to queue
[2025-11-18T01:38:36.119+0000] {logging_mixin.py:154} INFO - [2025-11-18T01:38:36.118+0000] {dagbag.py:536} INFO - Filling up the DagBag from /opt/airflow/dags/tasks/data_extraction.py
[2025-11-18T01:38:36.430+0000] {processor.py:841} WARNING - No viable dags retrieved from /opt/airflow/dags/tasks/data_extraction.py
[2025-11-18T01:38:36.440+0000] {processor.py:179} INFO - Processing /opt/airflow/dags/tasks/data_extraction.py took 0.325 seconds
[2025-11-18T01:39:06.766+0000] {processor.py:157} INFO - Started process (PID=7813) to work on /opt/airflow/dags/tasks/data_extraction.py
[2025-11-18T01:39:06.767+0000] {processor.py:829} INFO - Processing file /opt/airflow/dags/tasks/data_extraction.py for tasks to queue
[2025-11-18T01:39:06.767+0000] {logging_mixin.py:154} INFO - [2025-11-18T01:39:06.767+0000] {dagbag.py:536} INFO - Filling up the DagBag from /opt/airflow/dags/tasks/data_extraction.py
[2025-11-18T01:39:07.079+0000] {processor.py:841} WARNING - No viable dags retrieved from /opt/airflow/dags/tasks/data_extraction.py
[2025-11-18T01:39:07.088+0000] {processor.py:179} INFO - Processing /opt/airflow/dags/tasks/data_extraction.py took 0.325 seconds
[2025-11-18T01:39:37.471+0000] {processor.py:157} INFO - Started process (PID=7861) to work on /opt/airflow/dags/tasks/data_extraction.py
[2025-11-18T01:39:37.471+0000] {processor.py:829} INFO - Processing file /opt/airflow/dags/tasks/data_extraction.py for tasks to queue
[2025-11-18T01:39:37.472+0000] {logging_mixin.py:154} INFO - [2025-11-18T01:39:37.472+0000] {dagbag.py:536} INFO - Filling up the DagBag from /opt/airflow/dags/tasks/data_extraction.py
[2025-11-18T01:39:37.788+0000] {processor.py:841} WARNING - No viable dags retrieved from /opt/airflow/dags/tasks/data_extraction.py
[2025-11-18T01:39:37.798+0000] {processor.py:179} INFO - Processing /opt/airflow/dags/tasks/data_extraction.py took 0.330 seconds
[2025-11-18T01:40:08.636+0000] {processor.py:157} INFO - Started process (PID=7926) to work on /opt/airflow/dags/tasks/data_extraction.py
[2025-11-18T01:40:08.637+0000] {processor.py:829} INFO - Processing file /opt/airflow/dags/tasks/data_extraction.py for tasks to queue
[2025-11-18T01:40:08.637+0000] {logging_mixin.py:154} INFO - [2025-11-18T01:40:08.637+0000] {dagbag.py:536} INFO - Filling up the DagBag from /opt/airflow/dags/tasks/data_extraction.py
[2025-11-18T01:40:08.917+0000] {processor.py:841} WARNING - No viable dags retrieved from /opt/airflow/dags/tasks/data_extraction.py
[2025-11-18T01:40:08.926+0000] {processor.py:179} INFO - Processing /opt/airflow/dags/tasks/data_extraction.py took 0.293 seconds
[2025-11-18T01:40:39.130+0000] {processor.py:157} INFO - Started process (PID=7991) to work on /opt/airflow/dags/tasks/data_extraction.py
[2025-11-18T01:40:39.130+0000] {processor.py:829} INFO - Processing file /opt/airflow/dags/tasks/data_extraction.py for tasks to queue
[2025-11-18T01:40:39.131+0000] {logging_mixin.py:154} INFO - [2025-11-18T01:40:39.131+0000] {dagbag.py:536} INFO - Filling up the DagBag from /opt/airflow/dags/tasks/data_extraction.py
[2025-11-18T01:40:39.429+0000] {processor.py:841} WARNING - No viable dags retrieved from /opt/airflow/dags/tasks/data_extraction.py
[2025-11-18T01:40:39.438+0000] {processor.py:179} INFO - Processing /opt/airflow/dags/tasks/data_extraction.py took 0.311 seconds
[2025-11-18T01:41:10.222+0000] {processor.py:157} INFO - Started process (PID=8056) to work on /opt/airflow/dags/tasks/data_extraction.py
[2025-11-18T01:41:10.223+0000] {processor.py:829} INFO - Processing file /opt/airflow/dags/tasks/data_extraction.py for tasks to queue
[2025-11-18T01:41:10.224+0000] {logging_mixin.py:154} INFO - [2025-11-18T01:41:10.223+0000] {dagbag.py:536} INFO - Filling up the DagBag from /opt/airflow/dags/tasks/data_extraction.py
[2025-11-18T01:41:10.639+0000] {processor.py:841} WARNING - No viable dags retrieved from /opt/airflow/dags/tasks/data_extraction.py
[2025-11-18T01:41:10.650+0000] {processor.py:179} INFO - Processing /opt/airflow/dags/tasks/data_extraction.py took 0.436 seconds
