[2025-10-28T00:40:51.063+0000] {taskinstance.py:1159} INFO - Dependencies all met for dep_context=non-requeueable deps ti=<TaskInstance: hiring_dynamic.download_data_1 scheduled__2025-02-05T15:00:00+00:00 [queued]>
[2025-10-28T00:40:51.067+0000] {taskinstance.py:1159} INFO - Dependencies all met for dep_context=requeueable deps ti=<TaskInstance: hiring_dynamic.download_data_1 scheduled__2025-02-05T15:00:00+00:00 [queued]>
[2025-10-28T00:40:51.067+0000] {taskinstance.py:1361} INFO - Starting attempt 1 of 1
[2025-10-28T00:40:51.072+0000] {taskinstance.py:1382} INFO - Executing <Task(BashOperator): download_data_1> on 2025-02-05 15:00:00+00:00
[2025-10-28T00:40:51.082+0000] {standard_task_runner.py:57} INFO - Started process 696 to run task
[2025-10-28T00:40:51.085+0000] {standard_task_runner.py:84} INFO - Running: ['airflow', 'tasks', 'run', 'hiring_dynamic', 'download_data_1', 'scheduled__2025-02-05T15:00:00+00:00', '--job-id', '30', '--raw', '--subdir', 'DAGS_FOLDER/dag_dynamic.py', '--cfg-path', '/tmp/tmpv7jdxabe']
[2025-10-28T00:40:51.085+0000] {standard_task_runner.py:85} INFO - Job 30: Subtask download_data_1
[2025-10-28T00:40:51.106+0000] {task_command.py:416} INFO - Running <TaskInstance: hiring_dynamic.download_data_1 scheduled__2025-02-05T15:00:00+00:00 [running]> on host d1f69dfe6243
[2025-10-28T00:40:51.129+0000] {taskinstance.py:1662} INFO - Exporting env vars: AIRFLOW_CTX_DAG_OWNER='airflow' AIRFLOW_CTX_DAG_ID='hiring_dynamic' AIRFLOW_CTX_TASK_ID='download_data_1' AIRFLOW_CTX_EXECUTION_DATE='2025-02-05T15:00:00+00:00' AIRFLOW_CTX_TRY_NUMBER='1' AIRFLOW_CTX_DAG_RUN_ID='scheduled__2025-02-05T15:00:00+00:00'
[2025-10-28T00:40:51.130+0000] {subprocess.py:63} INFO - Tmp dir root location: /tmp
[2025-10-28T00:40:51.130+0000] {subprocess.py:75} INFO - Running command: ['/bin/bash', '-c', '\n        RAW_DIR="/opt/airflow/data/dynamic/2025-02-05/raw"\n        mkdir -p "$RAW_DIR"\n        curl -L -f -o "$RAW_DIR/data_1.csv" https://gitlab.com/eduardomoyab/laboratorio-13/-/raw/main/files/data_1.csv\n        echo \'✅ Archivo data_1.csv descargado exitosamente\'\n        ls -lh "$RAW_DIR/data_1.csv"\n    ']
[2025-10-28T00:40:51.137+0000] {subprocess.py:86} INFO - Output:
[2025-10-28T00:40:51.145+0000] {subprocess.py:93} INFO -   % Total    % Received % Xferd  Average Speed   Time    Time     Time  Current
[2025-10-28T00:40:51.145+0000] {subprocess.py:93} INFO -                                  Dload  Upload   Total   Spent    Left  Speed
[2025-10-28T00:40:51.268+0000] {subprocess.py:93} INFO -   0     0    0     0    0     0      0      0 --:--:-- --:--:-- --:--:--     0100 32735  100 32735    0     0   259k      0 --:--:-- --:--:-- --:--:--  259k
[2025-10-28T00:40:51.271+0000] {subprocess.py:93} INFO - ✅ Archivo data_1.csv descargado exitosamente
[2025-10-28T00:40:51.273+0000] {subprocess.py:93} INFO - -rw-r--r-- 1 airflow root 32K Oct 28 00:40 /opt/airflow/data/dynamic/2025-02-05/raw/data_1.csv
[2025-10-28T00:40:51.273+0000] {subprocess.py:97} INFO - Command exited with return code 0
[2025-10-28T00:40:51.288+0000] {taskinstance.py:1400} INFO - Marking task as SUCCESS. dag_id=hiring_dynamic, task_id=download_data_1, execution_date=20250205T150000, start_date=20251028T004051, end_date=20251028T004051
[2025-10-28T00:40:51.309+0000] {local_task_job_runner.py:228} INFO - Task exited with return code 0
[2025-10-28T00:40:51.321+0000] {taskinstance.py:2778} INFO - 0 downstream tasks scheduled from follow-on schedule check
[2025-10-28T01:27:39.930+0000] {taskinstance.py:1159} INFO - Dependencies all met for dep_context=non-requeueable deps ti=<TaskInstance: hiring_dynamic.download_data_1 scheduled__2025-02-05T15:00:00+00:00 [queued]>
[2025-10-28T01:27:39.934+0000] {taskinstance.py:1159} INFO - Dependencies all met for dep_context=requeueable deps ti=<TaskInstance: hiring_dynamic.download_data_1 scheduled__2025-02-05T15:00:00+00:00 [queued]>
[2025-10-28T01:27:39.934+0000] {taskinstance.py:1361} INFO - Starting attempt 1 of 1
[2025-10-28T01:27:39.940+0000] {taskinstance.py:1382} INFO - Executing <Task(BashOperator): download_data_1> on 2025-02-05 15:00:00+00:00
[2025-10-28T01:27:39.946+0000] {standard_task_runner.py:57} INFO - Started process 844 to run task
[2025-10-28T01:27:39.949+0000] {standard_task_runner.py:84} INFO - Running: ['airflow', 'tasks', 'run', 'hiring_dynamic', 'download_data_1', 'scheduled__2025-02-05T15:00:00+00:00', '--job-id', '25', '--raw', '--subdir', 'DAGS_FOLDER/dag_dynamic.py', '--cfg-path', '/tmp/tmpib2gljwb']
[2025-10-28T01:27:39.950+0000] {standard_task_runner.py:85} INFO - Job 25: Subtask download_data_1
[2025-10-28T01:27:39.977+0000] {task_command.py:416} INFO - Running <TaskInstance: hiring_dynamic.download_data_1 scheduled__2025-02-05T15:00:00+00:00 [running]> on host c46dbfd34b1f
[2025-10-28T01:27:40.005+0000] {taskinstance.py:1662} INFO - Exporting env vars: AIRFLOW_CTX_DAG_OWNER='airflow' AIRFLOW_CTX_DAG_ID='hiring_dynamic' AIRFLOW_CTX_TASK_ID='download_data_1' AIRFLOW_CTX_EXECUTION_DATE='2025-02-05T15:00:00+00:00' AIRFLOW_CTX_TRY_NUMBER='1' AIRFLOW_CTX_DAG_RUN_ID='scheduled__2025-02-05T15:00:00+00:00'
[2025-10-28T01:27:40.007+0000] {subprocess.py:63} INFO - Tmp dir root location: /tmp
[2025-10-28T01:27:40.007+0000] {subprocess.py:75} INFO - Running command: ['/bin/bash', '-c', '\n        RAW_DIR="/opt/airflow/data/dynamic/2025-02-05/raw"\n        mkdir -p "$RAW_DIR"\n        curl -L -f -o "$RAW_DIR/data_1.csv" https://gitlab.com/eduardomoyab/laboratorio-13/-/raw/main/files/data_1.csv\n        echo \'✅ Archivo data_1.csv descargado exitosamente\'\n        ls -lh "$RAW_DIR/data_1.csv"\n    ']
[2025-10-28T01:27:40.017+0000] {subprocess.py:86} INFO - Output:
[2025-10-28T01:27:40.027+0000] {subprocess.py:93} INFO -   % Total    % Received % Xferd  Average Speed   Time    Time     Time  Current
[2025-10-28T01:27:40.027+0000] {subprocess.py:93} INFO -                                  Dload  Upload   Total   Spent    Left  Speed
[2025-10-28T01:27:40.144+0000] {subprocess.py:93} INFO -   0     0    0     0    0     0      0      0 --:--:-- --:--:-- --:--:--     0100 32735  100 32735    0     0   273k      0 --:--:-- --:--:-- --:--:--  275k
[2025-10-28T01:27:40.146+0000] {subprocess.py:93} INFO - ✅ Archivo data_1.csv descargado exitosamente
[2025-10-28T01:27:40.149+0000] {subprocess.py:93} INFO - -rw-r--r-- 1 airflow root 32K Oct 28 01:27 /opt/airflow/data/dynamic/2025-02-05/raw/data_1.csv
[2025-10-28T01:27:40.149+0000] {subprocess.py:97} INFO - Command exited with return code 0
[2025-10-28T01:27:40.164+0000] {taskinstance.py:1400} INFO - Marking task as SUCCESS. dag_id=hiring_dynamic, task_id=download_data_1, execution_date=20250205T150000, start_date=20251028T012739, end_date=20251028T012740
[2025-10-28T01:27:40.176+0000] {local_task_job_runner.py:228} INFO - Task exited with return code 0
[2025-10-28T01:27:40.187+0000] {taskinstance.py:2778} INFO - 0 downstream tasks scheduled from follow-on schedule check
