[2025-10-28T00:43:28.837+0000] {taskinstance.py:1159} INFO - Dependencies all met for dep_context=non-requeueable deps ti=<TaskInstance: hiring_dynamic.train_logistic_regression scheduled__2025-02-05T15:00:00+00:00 [queued]>
[2025-10-28T00:43:28.840+0000] {taskinstance.py:1159} INFO - Dependencies all met for dep_context=requeueable deps ti=<TaskInstance: hiring_dynamic.train_logistic_regression scheduled__2025-02-05T15:00:00+00:00 [queued]>
[2025-10-28T00:43:28.841+0000] {taskinstance.py:1361} INFO - Starting attempt 1 of 1
[2025-10-28T00:43:28.846+0000] {taskinstance.py:1382} INFO - Executing <Task(PythonOperator): train_logistic_regression> on 2025-02-05 15:00:00+00:00
[2025-10-28T00:43:28.851+0000] {standard_task_runner.py:57} INFO - Started process 1805 to run task
[2025-10-28T00:43:28.854+0000] {standard_task_runner.py:84} INFO - Running: ['airflow', 'tasks', 'run', 'hiring_dynamic', 'train_logistic_regression', 'scheduled__2025-02-05T15:00:00+00:00', '--job-id', '80', '--raw', '--subdir', 'DAGS_FOLDER/dag_dynamic.py', '--cfg-path', '/tmp/tmpzkupu477']
[2025-10-28T00:43:28.854+0000] {standard_task_runner.py:85} INFO - Job 80: Subtask train_logistic_regression
[2025-10-28T00:43:28.871+0000] {task_command.py:416} INFO - Running <TaskInstance: hiring_dynamic.train_logistic_regression scheduled__2025-02-05T15:00:00+00:00 [running]> on host d1f69dfe6243
[2025-10-28T00:43:28.899+0000] {taskinstance.py:1662} INFO - Exporting env vars: AIRFLOW_CTX_DAG_OWNER='airflow' AIRFLOW_CTX_DAG_ID='hiring_dynamic' AIRFLOW_CTX_TASK_ID='train_logistic_regression' AIRFLOW_CTX_EXECUTION_DATE='2025-02-05T15:00:00+00:00' AIRFLOW_CTX_TRY_NUMBER='1' AIRFLOW_CTX_DAG_RUN_ID='scheduled__2025-02-05T15:00:00+00:00'
[2025-10-28T00:43:28.904+0000] {logging_mixin.py:154} INFO - Entrenando modelo: logistic_regression
[2025-10-28T00:43:39.069+0000] {logging_mixin.py:154} INFO - Modelo logistic_regression guardado en: /opt/airflow/data/dynamic/2025-02-05/models/logistic_regression.joblib
[2025-10-28T00:43:39.122+0000] {python.py:194} INFO - Done. Returned value was: None
[2025-10-28T00:43:39.128+0000] {taskinstance.py:1400} INFO - Marking task as SUCCESS. dag_id=hiring_dynamic, task_id=train_logistic_regression, execution_date=20250205T150000, start_date=20251028T004328, end_date=20251028T004339
[2025-10-28T00:43:39.175+0000] {local_task_job_runner.py:228} INFO - Task exited with return code 0
[2025-10-28T00:43:39.211+0000] {taskinstance.py:2778} INFO - 1 downstream tasks scheduled from follow-on schedule check
[2025-10-28T01:30:13.141+0000] {taskinstance.py:1159} INFO - Dependencies all met for dep_context=non-requeueable deps ti=<TaskInstance: hiring_dynamic.train_logistic_regression scheduled__2025-02-05T15:00:00+00:00 [queued]>
[2025-10-28T01:30:13.144+0000] {taskinstance.py:1159} INFO - Dependencies all met for dep_context=requeueable deps ti=<TaskInstance: hiring_dynamic.train_logistic_regression scheduled__2025-02-05T15:00:00+00:00 [queued]>
[2025-10-28T01:30:13.144+0000] {taskinstance.py:1361} INFO - Starting attempt 1 of 1
[2025-10-28T01:30:13.150+0000] {taskinstance.py:1382} INFO - Executing <Task(PythonOperator): train_logistic_regression> on 2025-02-05 15:00:00+00:00
[2025-10-28T01:30:13.153+0000] {standard_task_runner.py:57} INFO - Started process 1832 to run task
[2025-10-28T01:30:13.156+0000] {standard_task_runner.py:84} INFO - Running: ['airflow', 'tasks', 'run', 'hiring_dynamic', 'train_logistic_regression', 'scheduled__2025-02-05T15:00:00+00:00', '--job-id', '70', '--raw', '--subdir', 'DAGS_FOLDER/dag_dynamic.py', '--cfg-path', '/tmp/tmp174zdom8']
[2025-10-28T01:30:13.157+0000] {standard_task_runner.py:85} INFO - Job 70: Subtask train_logistic_regression
[2025-10-28T01:30:13.172+0000] {task_command.py:416} INFO - Running <TaskInstance: hiring_dynamic.train_logistic_regression scheduled__2025-02-05T15:00:00+00:00 [running]> on host c46dbfd34b1f
[2025-10-28T01:30:13.198+0000] {taskinstance.py:1662} INFO - Exporting env vars: AIRFLOW_CTX_DAG_OWNER='airflow' AIRFLOW_CTX_DAG_ID='hiring_dynamic' AIRFLOW_CTX_TASK_ID='train_logistic_regression' AIRFLOW_CTX_EXECUTION_DATE='2025-02-05T15:00:00+00:00' AIRFLOW_CTX_TRY_NUMBER='1' AIRFLOW_CTX_DAG_RUN_ID='scheduled__2025-02-05T15:00:00+00:00'
[2025-10-28T01:30:13.204+0000] {logging_mixin.py:154} INFO - Entrenando modelo: logistic_regression
[2025-10-28T01:30:22.834+0000] {logging_mixin.py:154} INFO - Modelo logistic_regression guardado en: /opt/airflow/data/dynamic/2025-02-05/models/logistic_regression.joblib
[2025-10-28T01:30:22.874+0000] {python.py:194} INFO - Done. Returned value was: None
[2025-10-28T01:30:22.886+0000] {taskinstance.py:1400} INFO - Marking task as SUCCESS. dag_id=hiring_dynamic, task_id=train_logistic_regression, execution_date=20250205T150000, start_date=20251028T013013, end_date=20251028T013022
[2025-10-28T01:30:22.963+0000] {local_task_job_runner.py:228} INFO - Task exited with return code 0
[2025-10-28T01:30:22.998+0000] {taskinstance.py:2778} INFO - 1 downstream tasks scheduled from follow-on schedule check
