[2025-10-28T00:45:25.712+0000] {taskinstance.py:1159} INFO - Dependencies all met for dep_context=non-requeueable deps ti=<TaskInstance: hiring_dynamic.train_logistic_regression scheduled__2025-06-05T15:00:00+00:00 [queued]>
[2025-10-28T00:45:25.715+0000] {taskinstance.py:1159} INFO - Dependencies all met for dep_context=requeueable deps ti=<TaskInstance: hiring_dynamic.train_logistic_regression scheduled__2025-06-05T15:00:00+00:00 [queued]>
[2025-10-28T00:45:25.716+0000] {taskinstance.py:1361} INFO - Starting attempt 1 of 1
[2025-10-28T00:45:25.722+0000] {taskinstance.py:1382} INFO - Executing <Task(PythonOperator): train_logistic_regression> on 2025-06-05 15:00:00+00:00
[2025-10-28T00:45:25.726+0000] {standard_task_runner.py:57} INFO - Started process 2532 to run task
[2025-10-28T00:45:25.728+0000] {standard_task_runner.py:84} INFO - Running: ['airflow', 'tasks', 'run', 'hiring_dynamic', 'train_logistic_regression', 'scheduled__2025-06-05T15:00:00+00:00', '--job-id', '111', '--raw', '--subdir', 'DAGS_FOLDER/dag_dynamic.py', '--cfg-path', '/tmp/tmp00i7nwot']
[2025-10-28T00:45:25.729+0000] {standard_task_runner.py:85} INFO - Job 111: Subtask train_logistic_regression
[2025-10-28T00:45:25.746+0000] {task_command.py:416} INFO - Running <TaskInstance: hiring_dynamic.train_logistic_regression scheduled__2025-06-05T15:00:00+00:00 [running]> on host d1f69dfe6243
[2025-10-28T00:45:25.773+0000] {taskinstance.py:1662} INFO - Exporting env vars: AIRFLOW_CTX_DAG_OWNER='airflow' AIRFLOW_CTX_DAG_ID='hiring_dynamic' AIRFLOW_CTX_TASK_ID='train_logistic_regression' AIRFLOW_CTX_EXECUTION_DATE='2025-06-05T15:00:00+00:00' AIRFLOW_CTX_TRY_NUMBER='1' AIRFLOW_CTX_DAG_RUN_ID='scheduled__2025-06-05T15:00:00+00:00'
[2025-10-28T00:45:25.779+0000] {logging_mixin.py:154} INFO - Entrenando modelo: logistic_regression
[2025-10-28T00:45:36.306+0000] {logging_mixin.py:154} INFO - Modelo logistic_regression guardado en: /opt/airflow/data/dynamic/2025-06-05/models/logistic_regression.joblib
[2025-10-28T00:45:36.353+0000] {python.py:194} INFO - Done. Returned value was: None
[2025-10-28T00:45:36.358+0000] {taskinstance.py:1400} INFO - Marking task as SUCCESS. dag_id=hiring_dynamic, task_id=train_logistic_regression, execution_date=20250605T150000, start_date=20251028T004525, end_date=20251028T004536
[2025-10-28T00:45:36.420+0000] {local_task_job_runner.py:228} INFO - Task exited with return code 0
[2025-10-28T00:45:36.458+0000] {taskinstance.py:2778} INFO - 1 downstream tasks scheduled from follow-on schedule check
[2025-10-28T01:32:22.686+0000] {taskinstance.py:1159} INFO - Dependencies all met for dep_context=non-requeueable deps ti=<TaskInstance: hiring_dynamic.train_logistic_regression scheduled__2025-06-05T15:00:00+00:00 [queued]>
[2025-10-28T01:32:22.690+0000] {taskinstance.py:1159} INFO - Dependencies all met for dep_context=requeueable deps ti=<TaskInstance: hiring_dynamic.train_logistic_regression scheduled__2025-06-05T15:00:00+00:00 [queued]>
[2025-10-28T01:32:22.690+0000] {taskinstance.py:1361} INFO - Starting attempt 1 of 1
[2025-10-28T01:32:22.696+0000] {taskinstance.py:1382} INFO - Executing <Task(PythonOperator): train_logistic_regression> on 2025-06-05 15:00:00+00:00
[2025-10-28T01:32:22.700+0000] {standard_task_runner.py:57} INFO - Started process 2603 to run task
[2025-10-28T01:32:22.702+0000] {standard_task_runner.py:84} INFO - Running: ['airflow', 'tasks', 'run', 'hiring_dynamic', 'train_logistic_regression', 'scheduled__2025-06-05T15:00:00+00:00', '--job-id', '103', '--raw', '--subdir', 'DAGS_FOLDER/dag_dynamic.py', '--cfg-path', '/tmp/tmpcvtmpdc6']
[2025-10-28T01:32:22.703+0000] {standard_task_runner.py:85} INFO - Job 103: Subtask train_logistic_regression
[2025-10-28T01:32:22.720+0000] {task_command.py:416} INFO - Running <TaskInstance: hiring_dynamic.train_logistic_regression scheduled__2025-06-05T15:00:00+00:00 [running]> on host c46dbfd34b1f
[2025-10-28T01:32:22.748+0000] {taskinstance.py:1662} INFO - Exporting env vars: AIRFLOW_CTX_DAG_OWNER='airflow' AIRFLOW_CTX_DAG_ID='hiring_dynamic' AIRFLOW_CTX_TASK_ID='train_logistic_regression' AIRFLOW_CTX_EXECUTION_DATE='2025-06-05T15:00:00+00:00' AIRFLOW_CTX_TRY_NUMBER='1' AIRFLOW_CTX_DAG_RUN_ID='scheduled__2025-06-05T15:00:00+00:00'
[2025-10-28T01:32:22.753+0000] {logging_mixin.py:154} INFO - Entrenando modelo: logistic_regression
[2025-10-28T01:32:30.878+0000] {logging_mixin.py:154} INFO - Modelo logistic_regression guardado en: /opt/airflow/data/dynamic/2025-06-05/models/logistic_regression.joblib
[2025-10-28T01:32:30.897+0000] {python.py:194} INFO - Done. Returned value was: None
[2025-10-28T01:32:30.900+0000] {taskinstance.py:1400} INFO - Marking task as SUCCESS. dag_id=hiring_dynamic, task_id=train_logistic_regression, execution_date=20250605T150000, start_date=20251028T013222, end_date=20251028T013230
[2025-10-28T01:32:30.963+0000] {local_task_job_runner.py:228} INFO - Task exited with return code 0
[2025-10-28T01:32:30.982+0000] {taskinstance.py:2778} INFO - 1 downstream tasks scheduled from follow-on schedule check
