[2025-12-02T00:11:33.538+0000] {processor.py:157} INFO - Started process (PID=9086) to work on /opt/airflow/dags/tasks/recsys_data_sync.py
[2025-12-02T00:11:33.539+0000] {processor.py:829} INFO - Processing file /opt/airflow/dags/tasks/recsys_data_sync.py for tasks to queue
[2025-12-02T00:11:33.540+0000] {logging_mixin.py:154} INFO - [2025-12-02T00:11:33.539+0000] {dagbag.py:536} INFO - Filling up the DagBag from /opt/airflow/dags/tasks/recsys_data_sync.py
[2025-12-02T00:11:34.029+0000] {processor.py:841} WARNING - No viable dags retrieved from /opt/airflow/dags/tasks/recsys_data_sync.py
[2025-12-02T00:11:34.038+0000] {processor.py:179} INFO - Processing /opt/airflow/dags/tasks/recsys_data_sync.py took 0.506 seconds
[2025-12-02T00:12:04.763+0000] {processor.py:157} INFO - Started process (PID=9132) to work on /opt/airflow/dags/tasks/recsys_data_sync.py
[2025-12-02T00:12:04.764+0000] {processor.py:829} INFO - Processing file /opt/airflow/dags/tasks/recsys_data_sync.py for tasks to queue
[2025-12-02T00:12:04.765+0000] {logging_mixin.py:154} INFO - [2025-12-02T00:12:04.764+0000] {dagbag.py:536} INFO - Filling up the DagBag from /opt/airflow/dags/tasks/recsys_data_sync.py
[2025-12-02T00:12:05.013+0000] {processor.py:841} WARNING - No viable dags retrieved from /opt/airflow/dags/tasks/recsys_data_sync.py
[2025-12-02T00:12:05.022+0000] {processor.py:179} INFO - Processing /opt/airflow/dags/tasks/recsys_data_sync.py took 0.261 seconds
[2025-12-02T00:12:35.502+0000] {processor.py:157} INFO - Started process (PID=9194) to work on /opt/airflow/dags/tasks/recsys_data_sync.py
[2025-12-02T00:12:35.503+0000] {processor.py:829} INFO - Processing file /opt/airflow/dags/tasks/recsys_data_sync.py for tasks to queue
[2025-12-02T00:12:35.504+0000] {logging_mixin.py:154} INFO - [2025-12-02T00:12:35.504+0000] {dagbag.py:536} INFO - Filling up the DagBag from /opt/airflow/dags/tasks/recsys_data_sync.py
[2025-12-02T00:12:35.774+0000] {processor.py:841} WARNING - No viable dags retrieved from /opt/airflow/dags/tasks/recsys_data_sync.py
[2025-12-02T00:12:35.783+0000] {processor.py:179} INFO - Processing /opt/airflow/dags/tasks/recsys_data_sync.py took 0.284 seconds
[2025-12-02T00:13:06.164+0000] {processor.py:157} INFO - Started process (PID=9259) to work on /opt/airflow/dags/tasks/recsys_data_sync.py
[2025-12-02T00:13:06.223+0000] {processor.py:829} INFO - Processing file /opt/airflow/dags/tasks/recsys_data_sync.py for tasks to queue
[2025-12-02T00:13:06.223+0000] {logging_mixin.py:154} INFO - [2025-12-02T00:13:06.223+0000] {dagbag.py:536} INFO - Filling up the DagBag from /opt/airflow/dags/tasks/recsys_data_sync.py
[2025-12-02T00:13:06.499+0000] {processor.py:841} WARNING - No viable dags retrieved from /opt/airflow/dags/tasks/recsys_data_sync.py
[2025-12-02T00:13:06.507+0000] {processor.py:179} INFO - Processing /opt/airflow/dags/tasks/recsys_data_sync.py took 0.346 seconds
[2025-12-02T00:13:36.948+0000] {processor.py:157} INFO - Started process (PID=9317) to work on /opt/airflow/dags/tasks/recsys_data_sync.py
[2025-12-02T00:13:36.952+0000] {processor.py:829} INFO - Processing file /opt/airflow/dags/tasks/recsys_data_sync.py for tasks to queue
[2025-12-02T00:13:36.952+0000] {logging_mixin.py:154} INFO - [2025-12-02T00:13:36.952+0000] {dagbag.py:536} INFO - Filling up the DagBag from /opt/airflow/dags/tasks/recsys_data_sync.py
[2025-12-02T00:13:37.191+0000] {processor.py:841} WARNING - No viable dags retrieved from /opt/airflow/dags/tasks/recsys_data_sync.py
[2025-12-02T00:13:37.200+0000] {processor.py:179} INFO - Processing /opt/airflow/dags/tasks/recsys_data_sync.py took 0.255 seconds
[2025-12-02T00:14:07.716+0000] {processor.py:157} INFO - Started process (PID=9382) to work on /opt/airflow/dags/tasks/recsys_data_sync.py
[2025-12-02T00:14:07.753+0000] {processor.py:829} INFO - Processing file /opt/airflow/dags/tasks/recsys_data_sync.py for tasks to queue
[2025-12-02T00:14:07.753+0000] {logging_mixin.py:154} INFO - [2025-12-02T00:14:07.753+0000] {dagbag.py:536} INFO - Filling up the DagBag from /opt/airflow/dags/tasks/recsys_data_sync.py
[2025-12-02T00:14:08.014+0000] {processor.py:841} WARNING - No viable dags retrieved from /opt/airflow/dags/tasks/recsys_data_sync.py
[2025-12-02T00:14:08.023+0000] {processor.py:179} INFO - Processing /opt/airflow/dags/tasks/recsys_data_sync.py took 0.309 seconds
[2025-12-02T00:14:38.099+0000] {processor.py:157} INFO - Started process (PID=9448) to work on /opt/airflow/dags/tasks/recsys_data_sync.py
[2025-12-02T00:14:38.100+0000] {processor.py:829} INFO - Processing file /opt/airflow/dags/tasks/recsys_data_sync.py for tasks to queue
[2025-12-02T00:14:38.100+0000] {logging_mixin.py:154} INFO - [2025-12-02T00:14:38.100+0000] {dagbag.py:536} INFO - Filling up the DagBag from /opt/airflow/dags/tasks/recsys_data_sync.py
[2025-12-02T00:14:38.351+0000] {processor.py:841} WARNING - No viable dags retrieved from /opt/airflow/dags/tasks/recsys_data_sync.py
[2025-12-02T00:14:38.359+0000] {processor.py:179} INFO - Processing /opt/airflow/dags/tasks/recsys_data_sync.py took 0.262 seconds
[2025-12-02T00:15:08.750+0000] {processor.py:157} INFO - Started process (PID=9504) to work on /opt/airflow/dags/tasks/recsys_data_sync.py
[2025-12-02T00:15:08.751+0000] {processor.py:829} INFO - Processing file /opt/airflow/dags/tasks/recsys_data_sync.py for tasks to queue
[2025-12-02T00:15:08.752+0000] {logging_mixin.py:154} INFO - [2025-12-02T00:15:08.751+0000] {dagbag.py:536} INFO - Filling up the DagBag from /opt/airflow/dags/tasks/recsys_data_sync.py
[2025-12-02T00:15:09.030+0000] {processor.py:841} WARNING - No viable dags retrieved from /opt/airflow/dags/tasks/recsys_data_sync.py
[2025-12-02T00:15:09.038+0000] {processor.py:179} INFO - Processing /opt/airflow/dags/tasks/recsys_data_sync.py took 0.291 seconds
[2025-12-02T00:15:39.153+0000] {processor.py:157} INFO - Started process (PID=9569) to work on /opt/airflow/dags/tasks/recsys_data_sync.py
[2025-12-02T00:15:39.153+0000] {processor.py:829} INFO - Processing file /opt/airflow/dags/tasks/recsys_data_sync.py for tasks to queue
[2025-12-02T00:15:39.154+0000] {logging_mixin.py:154} INFO - [2025-12-02T00:15:39.154+0000] {dagbag.py:536} INFO - Filling up the DagBag from /opt/airflow/dags/tasks/recsys_data_sync.py
[2025-12-02T00:15:39.458+0000] {processor.py:841} WARNING - No viable dags retrieved from /opt/airflow/dags/tasks/recsys_data_sync.py
[2025-12-02T00:15:39.468+0000] {processor.py:179} INFO - Processing /opt/airflow/dags/tasks/recsys_data_sync.py took 0.318 seconds
[2025-12-02T00:16:09.881+0000] {processor.py:157} INFO - Started process (PID=9634) to work on /opt/airflow/dags/tasks/recsys_data_sync.py
[2025-12-02T00:16:09.882+0000] {processor.py:829} INFO - Processing file /opt/airflow/dags/tasks/recsys_data_sync.py for tasks to queue
[2025-12-02T00:16:09.882+0000] {logging_mixin.py:154} INFO - [2025-12-02T00:16:09.882+0000] {dagbag.py:536} INFO - Filling up the DagBag from /opt/airflow/dags/tasks/recsys_data_sync.py
[2025-12-02T00:16:10.233+0000] {processor.py:841} WARNING - No viable dags retrieved from /opt/airflow/dags/tasks/recsys_data_sync.py
[2025-12-02T00:16:10.242+0000] {processor.py:179} INFO - Processing /opt/airflow/dags/tasks/recsys_data_sync.py took 0.364 seconds
[2025-12-02T00:16:40.665+0000] {processor.py:157} INFO - Started process (PID=9699) to work on /opt/airflow/dags/tasks/recsys_data_sync.py
[2025-12-02T00:16:40.665+0000] {processor.py:829} INFO - Processing file /opt/airflow/dags/tasks/recsys_data_sync.py for tasks to queue
[2025-12-02T00:16:40.666+0000] {logging_mixin.py:154} INFO - [2025-12-02T00:16:40.665+0000] {dagbag.py:536} INFO - Filling up the DagBag from /opt/airflow/dags/tasks/recsys_data_sync.py
[2025-12-02T00:16:40.942+0000] {processor.py:841} WARNING - No viable dags retrieved from /opt/airflow/dags/tasks/recsys_data_sync.py
[2025-12-02T00:16:40.951+0000] {processor.py:179} INFO - Processing /opt/airflow/dags/tasks/recsys_data_sync.py took 0.288 seconds
[2025-12-02T00:17:11.352+0000] {processor.py:157} INFO - Started process (PID=9758) to work on /opt/airflow/dags/tasks/recsys_data_sync.py
[2025-12-02T00:17:11.353+0000] {processor.py:829} INFO - Processing file /opt/airflow/dags/tasks/recsys_data_sync.py for tasks to queue
[2025-12-02T00:17:11.353+0000] {logging_mixin.py:154} INFO - [2025-12-02T00:17:11.353+0000] {dagbag.py:536} INFO - Filling up the DagBag from /opt/airflow/dags/tasks/recsys_data_sync.py
[2025-12-02T00:17:11.637+0000] {processor.py:841} WARNING - No viable dags retrieved from /opt/airflow/dags/tasks/recsys_data_sync.py
[2025-12-02T00:17:11.645+0000] {processor.py:179} INFO - Processing /opt/airflow/dags/tasks/recsys_data_sync.py took 0.296 seconds
[2025-12-02T00:17:42.032+0000] {processor.py:157} INFO - Started process (PID=9823) to work on /opt/airflow/dags/tasks/recsys_data_sync.py
[2025-12-02T00:17:42.033+0000] {processor.py:829} INFO - Processing file /opt/airflow/dags/tasks/recsys_data_sync.py for tasks to queue
[2025-12-02T00:17:42.033+0000] {logging_mixin.py:154} INFO - [2025-12-02T00:17:42.033+0000] {dagbag.py:536} INFO - Filling up the DagBag from /opt/airflow/dags/tasks/recsys_data_sync.py
[2025-12-02T00:17:42.309+0000] {processor.py:841} WARNING - No viable dags retrieved from /opt/airflow/dags/tasks/recsys_data_sync.py
[2025-12-02T00:17:42.317+0000] {processor.py:179} INFO - Processing /opt/airflow/dags/tasks/recsys_data_sync.py took 0.287 seconds
[2025-12-02T00:18:12.724+0000] {processor.py:157} INFO - Started process (PID=9888) to work on /opt/airflow/dags/tasks/recsys_data_sync.py
[2025-12-02T00:18:12.725+0000] {processor.py:829} INFO - Processing file /opt/airflow/dags/tasks/recsys_data_sync.py for tasks to queue
[2025-12-02T00:18:12.725+0000] {logging_mixin.py:154} INFO - [2025-12-02T00:18:12.725+0000] {dagbag.py:536} INFO - Filling up the DagBag from /opt/airflow/dags/tasks/recsys_data_sync.py
[2025-12-02T00:18:13.060+0000] {processor.py:841} WARNING - No viable dags retrieved from /opt/airflow/dags/tasks/recsys_data_sync.py
[2025-12-02T00:18:13.070+0000] {processor.py:179} INFO - Processing /opt/airflow/dags/tasks/recsys_data_sync.py took 0.349 seconds
[2025-12-02T00:18:43.495+0000] {processor.py:157} INFO - Started process (PID=9946) to work on /opt/airflow/dags/tasks/recsys_data_sync.py
[2025-12-02T00:18:43.496+0000] {processor.py:829} INFO - Processing file /opt/airflow/dags/tasks/recsys_data_sync.py for tasks to queue
[2025-12-02T00:18:43.496+0000] {logging_mixin.py:154} INFO - [2025-12-02T00:18:43.496+0000] {dagbag.py:536} INFO - Filling up the DagBag from /opt/airflow/dags/tasks/recsys_data_sync.py
[2025-12-02T00:18:43.757+0000] {processor.py:841} WARNING - No viable dags retrieved from /opt/airflow/dags/tasks/recsys_data_sync.py
[2025-12-02T00:18:43.766+0000] {processor.py:179} INFO - Processing /opt/airflow/dags/tasks/recsys_data_sync.py took 0.274 seconds
[2025-12-02T00:19:14.159+0000] {processor.py:157} INFO - Started process (PID=10011) to work on /opt/airflow/dags/tasks/recsys_data_sync.py
[2025-12-02T00:19:14.160+0000] {processor.py:829} INFO - Processing file /opt/airflow/dags/tasks/recsys_data_sync.py for tasks to queue
[2025-12-02T00:19:14.160+0000] {logging_mixin.py:154} INFO - [2025-12-02T00:19:14.160+0000] {dagbag.py:536} INFO - Filling up the DagBag from /opt/airflow/dags/tasks/recsys_data_sync.py
[2025-12-02T00:19:14.891+0000] {processor.py:841} WARNING - No viable dags retrieved from /opt/airflow/dags/tasks/recsys_data_sync.py
[2025-12-02T00:19:14.900+0000] {processor.py:179} INFO - Processing /opt/airflow/dags/tasks/recsys_data_sync.py took 0.273 seconds
[2025-12-02T00:19:45.371+0000] {processor.py:157} INFO - Started process (PID=10076) to work on /opt/airflow/dags/tasks/recsys_data_sync.py
[2025-12-02T00:19:45.372+0000] {processor.py:829} INFO - Processing file /opt/airflow/dags/tasks/recsys_data_sync.py for tasks to queue
[2025-12-02T00:19:45.372+0000] {logging_mixin.py:154} INFO - [2025-12-02T00:19:45.372+0000] {dagbag.py:536} INFO - Filling up the DagBag from /opt/airflow/dags/tasks/recsys_data_sync.py
[2025-12-02T00:19:45.633+0000] {processor.py:841} WARNING - No viable dags retrieved from /opt/airflow/dags/tasks/recsys_data_sync.py
[2025-12-02T00:19:45.642+0000] {processor.py:179} INFO - Processing /opt/airflow/dags/tasks/recsys_data_sync.py took 0.273 seconds
[2025-12-02T00:20:16.279+0000] {processor.py:157} INFO - Started process (PID=10134) to work on /opt/airflow/dags/tasks/recsys_data_sync.py
[2025-12-02T00:20:16.280+0000] {processor.py:829} INFO - Processing file /opt/airflow/dags/tasks/recsys_data_sync.py for tasks to queue
[2025-12-02T00:20:16.280+0000] {logging_mixin.py:154} INFO - [2025-12-02T00:20:16.280+0000] {dagbag.py:536} INFO - Filling up the DagBag from /opt/airflow/dags/tasks/recsys_data_sync.py
[2025-12-02T00:20:16.584+0000] {processor.py:841} WARNING - No viable dags retrieved from /opt/airflow/dags/tasks/recsys_data_sync.py
[2025-12-02T00:20:16.593+0000] {processor.py:179} INFO - Processing /opt/airflow/dags/tasks/recsys_data_sync.py took 0.318 seconds
[2025-12-02T00:20:47.054+0000] {processor.py:157} INFO - Started process (PID=10199) to work on /opt/airflow/dags/tasks/recsys_data_sync.py
[2025-12-02T00:20:47.055+0000] {processor.py:829} INFO - Processing file /opt/airflow/dags/tasks/recsys_data_sync.py for tasks to queue
[2025-12-02T00:20:47.056+0000] {logging_mixin.py:154} INFO - [2025-12-02T00:20:47.055+0000] {dagbag.py:536} INFO - Filling up the DagBag from /opt/airflow/dags/tasks/recsys_data_sync.py
[2025-12-02T00:20:47.353+0000] {processor.py:841} WARNING - No viable dags retrieved from /opt/airflow/dags/tasks/recsys_data_sync.py
[2025-12-02T00:20:47.361+0000] {processor.py:179} INFO - Processing /opt/airflow/dags/tasks/recsys_data_sync.py took 0.310 seconds
[2025-12-02T00:21:18.260+0000] {processor.py:157} INFO - Started process (PID=10264) to work on /opt/airflow/dags/tasks/recsys_data_sync.py
[2025-12-02T00:21:18.261+0000] {processor.py:829} INFO - Processing file /opt/airflow/dags/tasks/recsys_data_sync.py for tasks to queue
[2025-12-02T00:21:18.261+0000] {logging_mixin.py:154} INFO - [2025-12-02T00:21:18.261+0000] {dagbag.py:536} INFO - Filling up the DagBag from /opt/airflow/dags/tasks/recsys_data_sync.py
[2025-12-02T00:21:18.554+0000] {processor.py:841} WARNING - No viable dags retrieved from /opt/airflow/dags/tasks/recsys_data_sync.py
[2025-12-02T00:21:18.563+0000] {processor.py:179} INFO - Processing /opt/airflow/dags/tasks/recsys_data_sync.py took 0.306 seconds
[2025-12-02T00:21:48.848+0000] {processor.py:157} INFO - Started process (PID=10329) to work on /opt/airflow/dags/tasks/recsys_data_sync.py
[2025-12-02T00:21:48.848+0000] {processor.py:829} INFO - Processing file /opt/airflow/dags/tasks/recsys_data_sync.py for tasks to queue
[2025-12-02T00:21:48.849+0000] {logging_mixin.py:154} INFO - [2025-12-02T00:21:48.849+0000] {dagbag.py:536} INFO - Filling up the DagBag from /opt/airflow/dags/tasks/recsys_data_sync.py
[2025-12-02T00:21:49.201+0000] {processor.py:841} WARNING - No viable dags retrieved from /opt/airflow/dags/tasks/recsys_data_sync.py
[2025-12-02T00:21:49.211+0000] {processor.py:179} INFO - Processing /opt/airflow/dags/tasks/recsys_data_sync.py took 0.366 seconds
[2025-12-02T00:22:19.468+0000] {processor.py:157} INFO - Started process (PID=10387) to work on /opt/airflow/dags/tasks/recsys_data_sync.py
[2025-12-02T00:22:19.470+0000] {processor.py:829} INFO - Processing file /opt/airflow/dags/tasks/recsys_data_sync.py for tasks to queue
[2025-12-02T00:22:19.470+0000] {logging_mixin.py:154} INFO - [2025-12-02T00:22:19.470+0000] {dagbag.py:536} INFO - Filling up the DagBag from /opt/airflow/dags/tasks/recsys_data_sync.py
[2025-12-02T00:22:19.639+0000] {processor.py:841} WARNING - No viable dags retrieved from /opt/airflow/dags/tasks/recsys_data_sync.py
[2025-12-02T00:22:19.649+0000] {processor.py:179} INFO - Processing /opt/airflow/dags/tasks/recsys_data_sync.py took 0.185 seconds
[2025-12-02T00:22:50.477+0000] {processor.py:157} INFO - Started process (PID=10453) to work on /opt/airflow/dags/tasks/recsys_data_sync.py
[2025-12-02T00:22:50.478+0000] {processor.py:829} INFO - Processing file /opt/airflow/dags/tasks/recsys_data_sync.py for tasks to queue
[2025-12-02T00:22:50.478+0000] {logging_mixin.py:154} INFO - [2025-12-02T00:22:50.478+0000] {dagbag.py:536} INFO - Filling up the DagBag from /opt/airflow/dags/tasks/recsys_data_sync.py
[2025-12-02T00:22:50.678+0000] {processor.py:841} WARNING - No viable dags retrieved from /opt/airflow/dags/tasks/recsys_data_sync.py
[2025-12-02T00:22:50.689+0000] {processor.py:179} INFO - Processing /opt/airflow/dags/tasks/recsys_data_sync.py took 0.215 seconds
[2025-12-02T00:23:20.779+0000] {processor.py:157} INFO - Started process (PID=10518) to work on /opt/airflow/dags/tasks/recsys_data_sync.py
[2025-12-02T00:23:20.780+0000] {processor.py:829} INFO - Processing file /opt/airflow/dags/tasks/recsys_data_sync.py for tasks to queue
[2025-12-02T00:23:20.781+0000] {logging_mixin.py:154} INFO - [2025-12-02T00:23:20.781+0000] {dagbag.py:536} INFO - Filling up the DagBag from /opt/airflow/dags/tasks/recsys_data_sync.py
[2025-12-02T00:23:20.947+0000] {processor.py:841} WARNING - No viable dags retrieved from /opt/airflow/dags/tasks/recsys_data_sync.py
[2025-12-02T00:23:20.957+0000] {processor.py:179} INFO - Processing /opt/airflow/dags/tasks/recsys_data_sync.py took 0.180 seconds
[2025-12-02T15:03:06.936+0000] {processor.py:157} INFO - Started process (PID=203) to work on /opt/airflow/dags/tasks/recsys_data_sync.py
[2025-12-02T15:03:06.938+0000] {processor.py:829} INFO - Processing file /opt/airflow/dags/tasks/recsys_data_sync.py for tasks to queue
[2025-12-02T15:03:06.939+0000] {logging_mixin.py:154} INFO - [2025-12-02T15:03:06.939+0000] {dagbag.py:536} INFO - Filling up the DagBag from /opt/airflow/dags/tasks/recsys_data_sync.py
[2025-12-02T15:03:07.205+0000] {processor.py:841} WARNING - No viable dags retrieved from /opt/airflow/dags/tasks/recsys_data_sync.py
[2025-12-02T15:03:07.222+0000] {processor.py:179} INFO - Processing /opt/airflow/dags/tasks/recsys_data_sync.py took 0.291 seconds
[2025-12-02T15:09:26.833+0000] {processor.py:157} INFO - Started process (PID=186) to work on /opt/airflow/dags/tasks/recsys_data_sync.py
[2025-12-02T15:09:26.834+0000] {processor.py:829} INFO - Processing file /opt/airflow/dags/tasks/recsys_data_sync.py for tasks to queue
[2025-12-02T15:09:26.834+0000] {logging_mixin.py:154} INFO - [2025-12-02T15:09:26.834+0000] {dagbag.py:536} INFO - Filling up the DagBag from /opt/airflow/dags/tasks/recsys_data_sync.py
[2025-12-02T15:09:27.023+0000] {processor.py:841} WARNING - No viable dags retrieved from /opt/airflow/dags/tasks/recsys_data_sync.py
[2025-12-02T15:09:27.034+0000] {processor.py:179} INFO - Processing /opt/airflow/dags/tasks/recsys_data_sync.py took 0.204 seconds
[2025-12-02T15:09:57.244+0000] {processor.py:157} INFO - Started process (PID=241) to work on /opt/airflow/dags/tasks/recsys_data_sync.py
[2025-12-02T15:09:57.245+0000] {processor.py:829} INFO - Processing file /opt/airflow/dags/tasks/recsys_data_sync.py for tasks to queue
[2025-12-02T15:09:57.245+0000] {logging_mixin.py:154} INFO - [2025-12-02T15:09:57.245+0000] {dagbag.py:536} INFO - Filling up the DagBag from /opt/airflow/dags/tasks/recsys_data_sync.py
[2025-12-02T15:09:57.413+0000] {processor.py:841} WARNING - No viable dags retrieved from /opt/airflow/dags/tasks/recsys_data_sync.py
[2025-12-02T15:09:57.422+0000] {processor.py:179} INFO - Processing /opt/airflow/dags/tasks/recsys_data_sync.py took 0.181 seconds
[2025-12-02T15:10:27.638+0000] {processor.py:157} INFO - Started process (PID=293) to work on /opt/airflow/dags/tasks/recsys_data_sync.py
[2025-12-02T15:10:27.639+0000] {processor.py:829} INFO - Processing file /opt/airflow/dags/tasks/recsys_data_sync.py for tasks to queue
[2025-12-02T15:10:27.640+0000] {logging_mixin.py:154} INFO - [2025-12-02T15:10:27.640+0000] {dagbag.py:536} INFO - Filling up the DagBag from /opt/airflow/dags/tasks/recsys_data_sync.py
[2025-12-02T15:10:27.820+0000] {processor.py:841} WARNING - No viable dags retrieved from /opt/airflow/dags/tasks/recsys_data_sync.py
[2025-12-02T15:10:27.832+0000] {processor.py:179} INFO - Processing /opt/airflow/dags/tasks/recsys_data_sync.py took 0.196 seconds
[2025-12-02T15:10:58.051+0000] {processor.py:157} INFO - Started process (PID=352) to work on /opt/airflow/dags/tasks/recsys_data_sync.py
[2025-12-02T15:10:58.052+0000] {processor.py:829} INFO - Processing file /opt/airflow/dags/tasks/recsys_data_sync.py for tasks to queue
[2025-12-02T15:10:58.052+0000] {logging_mixin.py:154} INFO - [2025-12-02T15:10:58.052+0000] {dagbag.py:536} INFO - Filling up the DagBag from /opt/airflow/dags/tasks/recsys_data_sync.py
[2025-12-02T15:10:58.218+0000] {processor.py:841} WARNING - No viable dags retrieved from /opt/airflow/dags/tasks/recsys_data_sync.py
[2025-12-02T15:10:58.229+0000] {processor.py:179} INFO - Processing /opt/airflow/dags/tasks/recsys_data_sync.py took 0.181 seconds
[2025-12-02T15:11:28.441+0000] {processor.py:157} INFO - Started process (PID=411) to work on /opt/airflow/dags/tasks/recsys_data_sync.py
[2025-12-02T15:11:28.441+0000] {processor.py:829} INFO - Processing file /opt/airflow/dags/tasks/recsys_data_sync.py for tasks to queue
[2025-12-02T15:11:28.442+0000] {logging_mixin.py:154} INFO - [2025-12-02T15:11:28.442+0000] {dagbag.py:536} INFO - Filling up the DagBag from /opt/airflow/dags/tasks/recsys_data_sync.py
[2025-12-02T15:11:28.598+0000] {processor.py:841} WARNING - No viable dags retrieved from /opt/airflow/dags/tasks/recsys_data_sync.py
[2025-12-02T15:11:28.609+0000] {processor.py:179} INFO - Processing /opt/airflow/dags/tasks/recsys_data_sync.py took 0.171 seconds
[2025-12-02T15:11:58.823+0000] {processor.py:157} INFO - Started process (PID=463) to work on /opt/airflow/dags/tasks/recsys_data_sync.py
[2025-12-02T15:11:58.824+0000] {processor.py:829} INFO - Processing file /opt/airflow/dags/tasks/recsys_data_sync.py for tasks to queue
[2025-12-02T15:11:58.825+0000] {logging_mixin.py:154} INFO - [2025-12-02T15:11:58.824+0000] {dagbag.py:536} INFO - Filling up the DagBag from /opt/airflow/dags/tasks/recsys_data_sync.py
[2025-12-02T15:11:58.993+0000] {processor.py:841} WARNING - No viable dags retrieved from /opt/airflow/dags/tasks/recsys_data_sync.py
[2025-12-02T15:11:59.002+0000] {processor.py:179} INFO - Processing /opt/airflow/dags/tasks/recsys_data_sync.py took 0.182 seconds
[2025-12-02T15:12:29.226+0000] {processor.py:157} INFO - Started process (PID=522) to work on /opt/airflow/dags/tasks/recsys_data_sync.py
[2025-12-02T15:12:29.227+0000] {processor.py:829} INFO - Processing file /opt/airflow/dags/tasks/recsys_data_sync.py for tasks to queue
[2025-12-02T15:12:29.228+0000] {logging_mixin.py:154} INFO - [2025-12-02T15:12:29.227+0000] {dagbag.py:536} INFO - Filling up the DagBag from /opt/airflow/dags/tasks/recsys_data_sync.py
[2025-12-02T15:12:29.392+0000] {processor.py:841} WARNING - No viable dags retrieved from /opt/airflow/dags/tasks/recsys_data_sync.py
[2025-12-02T15:12:29.403+0000] {processor.py:179} INFO - Processing /opt/airflow/dags/tasks/recsys_data_sync.py took 0.179 seconds
[2025-12-02T15:12:59.618+0000] {processor.py:157} INFO - Started process (PID=581) to work on /opt/airflow/dags/tasks/recsys_data_sync.py
[2025-12-02T15:12:59.619+0000] {processor.py:829} INFO - Processing file /opt/airflow/dags/tasks/recsys_data_sync.py for tasks to queue
[2025-12-02T15:12:59.620+0000] {logging_mixin.py:154} INFO - [2025-12-02T15:12:59.620+0000] {dagbag.py:536} INFO - Filling up the DagBag from /opt/airflow/dags/tasks/recsys_data_sync.py
[2025-12-02T15:12:59.783+0000] {processor.py:841} WARNING - No viable dags retrieved from /opt/airflow/dags/tasks/recsys_data_sync.py
[2025-12-02T15:12:59.794+0000] {processor.py:179} INFO - Processing /opt/airflow/dags/tasks/recsys_data_sync.py took 0.179 seconds
[2025-12-02T15:13:30.013+0000] {processor.py:157} INFO - Started process (PID=633) to work on /opt/airflow/dags/tasks/recsys_data_sync.py
[2025-12-02T15:13:30.014+0000] {processor.py:829} INFO - Processing file /opt/airflow/dags/tasks/recsys_data_sync.py for tasks to queue
[2025-12-02T15:13:30.014+0000] {logging_mixin.py:154} INFO - [2025-12-02T15:13:30.014+0000] {dagbag.py:536} INFO - Filling up the DagBag from /opt/airflow/dags/tasks/recsys_data_sync.py
[2025-12-02T15:13:30.182+0000] {processor.py:841} WARNING - No viable dags retrieved from /opt/airflow/dags/tasks/recsys_data_sync.py
[2025-12-02T15:13:30.194+0000] {processor.py:179} INFO - Processing /opt/airflow/dags/tasks/recsys_data_sync.py took 0.185 seconds
[2025-12-02T15:14:00.407+0000] {processor.py:157} INFO - Started process (PID=692) to work on /opt/airflow/dags/tasks/recsys_data_sync.py
[2025-12-02T15:14:00.408+0000] {processor.py:829} INFO - Processing file /opt/airflow/dags/tasks/recsys_data_sync.py for tasks to queue
[2025-12-02T15:14:00.409+0000] {logging_mixin.py:154} INFO - [2025-12-02T15:14:00.408+0000] {dagbag.py:536} INFO - Filling up the DagBag from /opt/airflow/dags/tasks/recsys_data_sync.py
[2025-12-02T15:14:00.569+0000] {processor.py:841} WARNING - No viable dags retrieved from /opt/airflow/dags/tasks/recsys_data_sync.py
[2025-12-02T15:14:00.580+0000] {processor.py:179} INFO - Processing /opt/airflow/dags/tasks/recsys_data_sync.py took 0.175 seconds
[2025-12-02T15:14:30.754+0000] {processor.py:157} INFO - Started process (PID=751) to work on /opt/airflow/dags/tasks/recsys_data_sync.py
[2025-12-02T15:14:30.755+0000] {processor.py:829} INFO - Processing file /opt/airflow/dags/tasks/recsys_data_sync.py for tasks to queue
[2025-12-02T15:14:30.756+0000] {logging_mixin.py:154} INFO - [2025-12-02T15:14:30.755+0000] {dagbag.py:536} INFO - Filling up the DagBag from /opt/airflow/dags/tasks/recsys_data_sync.py
[2025-12-02T15:14:30.906+0000] {processor.py:841} WARNING - No viable dags retrieved from /opt/airflow/dags/tasks/recsys_data_sync.py
[2025-12-02T15:14:30.916+0000] {processor.py:179} INFO - Processing /opt/airflow/dags/tasks/recsys_data_sync.py took 0.164 seconds
[2025-12-02T15:15:00.958+0000] {processor.py:157} INFO - Started process (PID=810) to work on /opt/airflow/dags/tasks/recsys_data_sync.py
[2025-12-02T15:15:00.959+0000] {processor.py:829} INFO - Processing file /opt/airflow/dags/tasks/recsys_data_sync.py for tasks to queue
[2025-12-02T15:15:00.960+0000] {logging_mixin.py:154} INFO - [2025-12-02T15:15:00.959+0000] {dagbag.py:536} INFO - Filling up the DagBag from /opt/airflow/dags/tasks/recsys_data_sync.py
[2025-12-02T15:15:01.179+0000] {processor.py:841} WARNING - No viable dags retrieved from /opt/airflow/dags/tasks/recsys_data_sync.py
[2025-12-02T15:15:01.191+0000] {processor.py:179} INFO - Processing /opt/airflow/dags/tasks/recsys_data_sync.py took 0.235 seconds
[2025-12-02T15:15:31.401+0000] {processor.py:157} INFO - Started process (PID=862) to work on /opt/airflow/dags/tasks/recsys_data_sync.py
[2025-12-02T15:15:31.402+0000] {processor.py:829} INFO - Processing file /opt/airflow/dags/tasks/recsys_data_sync.py for tasks to queue
[2025-12-02T15:15:31.403+0000] {logging_mixin.py:154} INFO - [2025-12-02T15:15:31.402+0000] {dagbag.py:536} INFO - Filling up the DagBag from /opt/airflow/dags/tasks/recsys_data_sync.py
[2025-12-02T15:15:31.560+0000] {processor.py:841} WARNING - No viable dags retrieved from /opt/airflow/dags/tasks/recsys_data_sync.py
[2025-12-02T15:15:31.572+0000] {processor.py:179} INFO - Processing /opt/airflow/dags/tasks/recsys_data_sync.py took 0.173 seconds
[2025-12-02T15:16:01.607+0000] {processor.py:157} INFO - Started process (PID=921) to work on /opt/airflow/dags/tasks/recsys_data_sync.py
[2025-12-02T15:16:01.608+0000] {processor.py:829} INFO - Processing file /opt/airflow/dags/tasks/recsys_data_sync.py for tasks to queue
[2025-12-02T15:16:01.608+0000] {logging_mixin.py:154} INFO - [2025-12-02T15:16:01.608+0000] {dagbag.py:536} INFO - Filling up the DagBag from /opt/airflow/dags/tasks/recsys_data_sync.py
[2025-12-02T15:16:01.771+0000] {processor.py:841} WARNING - No viable dags retrieved from /opt/airflow/dags/tasks/recsys_data_sync.py
[2025-12-02T15:16:01.782+0000] {processor.py:179} INFO - Processing /opt/airflow/dags/tasks/recsys_data_sync.py took 0.179 seconds
[2025-12-02T15:16:31.955+0000] {processor.py:157} INFO - Started process (PID=980) to work on /opt/airflow/dags/tasks/recsys_data_sync.py
[2025-12-02T15:16:31.955+0000] {processor.py:829} INFO - Processing file /opt/airflow/dags/tasks/recsys_data_sync.py for tasks to queue
[2025-12-02T15:16:31.956+0000] {logging_mixin.py:154} INFO - [2025-12-02T15:16:31.956+0000] {dagbag.py:536} INFO - Filling up the DagBag from /opt/airflow/dags/tasks/recsys_data_sync.py
[2025-12-02T15:16:32.114+0000] {processor.py:841} WARNING - No viable dags retrieved from /opt/airflow/dags/tasks/recsys_data_sync.py
[2025-12-02T15:16:32.125+0000] {processor.py:179} INFO - Processing /opt/airflow/dags/tasks/recsys_data_sync.py took 0.173 seconds
[2025-12-02T15:17:03.127+0000] {processor.py:157} INFO - Started process (PID=1032) to work on /opt/airflow/dags/tasks/recsys_data_sync.py
[2025-12-02T15:17:03.128+0000] {processor.py:829} INFO - Processing file /opt/airflow/dags/tasks/recsys_data_sync.py for tasks to queue
[2025-12-02T15:17:03.128+0000] {logging_mixin.py:154} INFO - [2025-12-02T15:17:03.128+0000] {dagbag.py:536} INFO - Filling up the DagBag from /opt/airflow/dags/tasks/recsys_data_sync.py
[2025-12-02T15:17:03.300+0000] {processor.py:841} WARNING - No viable dags retrieved from /opt/airflow/dags/tasks/recsys_data_sync.py
[2025-12-02T15:17:03.310+0000] {processor.py:179} INFO - Processing /opt/airflow/dags/tasks/recsys_data_sync.py took 0.186 seconds
[2025-12-02T15:17:33.490+0000] {processor.py:157} INFO - Started process (PID=1091) to work on /opt/airflow/dags/tasks/recsys_data_sync.py
[2025-12-02T15:17:33.491+0000] {processor.py:829} INFO - Processing file /opt/airflow/dags/tasks/recsys_data_sync.py for tasks to queue
[2025-12-02T15:17:33.492+0000] {logging_mixin.py:154} INFO - [2025-12-02T15:17:33.491+0000] {dagbag.py:536} INFO - Filling up the DagBag from /opt/airflow/dags/tasks/recsys_data_sync.py
[2025-12-02T15:17:33.655+0000] {processor.py:841} WARNING - No viable dags retrieved from /opt/airflow/dags/tasks/recsys_data_sync.py
[2025-12-02T15:17:33.666+0000] {processor.py:179} INFO - Processing /opt/airflow/dags/tasks/recsys_data_sync.py took 0.178 seconds
[2025-12-02T15:18:03.847+0000] {processor.py:157} INFO - Started process (PID=1151) to work on /opt/airflow/dags/tasks/recsys_data_sync.py
[2025-12-02T15:18:03.849+0000] {processor.py:829} INFO - Processing file /opt/airflow/dags/tasks/recsys_data_sync.py for tasks to queue
[2025-12-02T15:18:03.850+0000] {logging_mixin.py:154} INFO - [2025-12-02T15:18:03.849+0000] {dagbag.py:536} INFO - Filling up the DagBag from /opt/airflow/dags/tasks/recsys_data_sync.py
[2025-12-02T15:18:04.019+0000] {processor.py:841} WARNING - No viable dags retrieved from /opt/airflow/dags/tasks/recsys_data_sync.py
[2025-12-02T15:18:04.031+0000] {processor.py:179} INFO - Processing /opt/airflow/dags/tasks/recsys_data_sync.py took 0.186 seconds
[2025-12-02T15:18:34.220+0000] {processor.py:157} INFO - Started process (PID=1203) to work on /opt/airflow/dags/tasks/recsys_data_sync.py
[2025-12-02T15:18:34.223+0000] {processor.py:829} INFO - Processing file /opt/airflow/dags/tasks/recsys_data_sync.py for tasks to queue
[2025-12-02T15:18:34.224+0000] {logging_mixin.py:154} INFO - [2025-12-02T15:18:34.224+0000] {dagbag.py:536} INFO - Filling up the DagBag from /opt/airflow/dags/tasks/recsys_data_sync.py
[2025-12-02T15:18:34.393+0000] {processor.py:841} WARNING - No viable dags retrieved from /opt/airflow/dags/tasks/recsys_data_sync.py
[2025-12-02T15:18:34.403+0000] {processor.py:179} INFO - Processing /opt/airflow/dags/tasks/recsys_data_sync.py took 0.185 seconds
[2025-12-02T15:19:04.587+0000] {processor.py:157} INFO - Started process (PID=1262) to work on /opt/airflow/dags/tasks/recsys_data_sync.py
[2025-12-02T15:19:04.588+0000] {processor.py:829} INFO - Processing file /opt/airflow/dags/tasks/recsys_data_sync.py for tasks to queue
[2025-12-02T15:19:04.589+0000] {logging_mixin.py:154} INFO - [2025-12-02T15:19:04.588+0000] {dagbag.py:536} INFO - Filling up the DagBag from /opt/airflow/dags/tasks/recsys_data_sync.py
[2025-12-02T15:19:04.763+0000] {processor.py:841} WARNING - No viable dags retrieved from /opt/airflow/dags/tasks/recsys_data_sync.py
[2025-12-02T15:19:04.774+0000] {processor.py:179} INFO - Processing /opt/airflow/dags/tasks/recsys_data_sync.py took 0.190 seconds
[2025-12-02T15:19:34.978+0000] {processor.py:157} INFO - Started process (PID=1322) to work on /opt/airflow/dags/tasks/recsys_data_sync.py
[2025-12-02T15:19:34.979+0000] {processor.py:829} INFO - Processing file /opt/airflow/dags/tasks/recsys_data_sync.py for tasks to queue
[2025-12-02T15:19:34.980+0000] {logging_mixin.py:154} INFO - [2025-12-02T15:19:34.980+0000] {dagbag.py:536} INFO - Filling up the DagBag from /opt/airflow/dags/tasks/recsys_data_sync.py
[2025-12-02T15:19:35.148+0000] {processor.py:841} WARNING - No viable dags retrieved from /opt/airflow/dags/tasks/recsys_data_sync.py
[2025-12-02T15:19:35.158+0000] {processor.py:179} INFO - Processing /opt/airflow/dags/tasks/recsys_data_sync.py took 0.183 seconds
[2025-12-02T15:20:05.338+0000] {processor.py:157} INFO - Started process (PID=1362) to work on /opt/airflow/dags/tasks/recsys_data_sync.py
[2025-12-02T15:20:05.339+0000] {processor.py:829} INFO - Processing file /opt/airflow/dags/tasks/recsys_data_sync.py for tasks to queue
[2025-12-02T15:20:05.340+0000] {logging_mixin.py:154} INFO - [2025-12-02T15:20:05.339+0000] {dagbag.py:536} INFO - Filling up the DagBag from /opt/airflow/dags/tasks/recsys_data_sync.py
[2025-12-02T15:20:05.499+0000] {processor.py:841} WARNING - No viable dags retrieved from /opt/airflow/dags/tasks/recsys_data_sync.py
[2025-12-02T15:20:05.509+0000] {processor.py:179} INFO - Processing /opt/airflow/dags/tasks/recsys_data_sync.py took 0.174 seconds
[2025-12-02T15:20:35.733+0000] {processor.py:157} INFO - Started process (PID=1421) to work on /opt/airflow/dags/tasks/recsys_data_sync.py
[2025-12-02T15:20:35.738+0000] {processor.py:829} INFO - Processing file /opt/airflow/dags/tasks/recsys_data_sync.py for tasks to queue
[2025-12-02T15:20:35.739+0000] {logging_mixin.py:154} INFO - [2025-12-02T15:20:35.739+0000] {dagbag.py:536} INFO - Filling up the DagBag from /opt/airflow/dags/tasks/recsys_data_sync.py
[2025-12-02T15:20:35.947+0000] {processor.py:841} WARNING - No viable dags retrieved from /opt/airflow/dags/tasks/recsys_data_sync.py
[2025-12-02T15:20:35.959+0000] {processor.py:179} INFO - Processing /opt/airflow/dags/tasks/recsys_data_sync.py took 0.228 seconds
[2025-12-02T15:20:51.815+0000] {processor.py:157} INFO - Started process (PID=186) to work on /opt/airflow/dags/tasks/recsys_data_sync.py
[2025-12-02T15:20:51.816+0000] {processor.py:829} INFO - Processing file /opt/airflow/dags/tasks/recsys_data_sync.py for tasks to queue
[2025-12-02T15:20:51.817+0000] {logging_mixin.py:154} INFO - [2025-12-02T15:20:51.817+0000] {dagbag.py:536} INFO - Filling up the DagBag from /opt/airflow/dags/tasks/recsys_data_sync.py
[2025-12-02T15:20:52.023+0000] {processor.py:841} WARNING - No viable dags retrieved from /opt/airflow/dags/tasks/recsys_data_sync.py
[2025-12-02T15:20:52.035+0000] {processor.py:179} INFO - Processing /opt/airflow/dags/tasks/recsys_data_sync.py took 0.223 seconds
[2025-12-02T15:21:22.261+0000] {processor.py:157} INFO - Started process (PID=241) to work on /opt/airflow/dags/tasks/recsys_data_sync.py
[2025-12-02T15:21:22.262+0000] {processor.py:829} INFO - Processing file /opt/airflow/dags/tasks/recsys_data_sync.py for tasks to queue
[2025-12-02T15:21:22.263+0000] {logging_mixin.py:154} INFO - [2025-12-02T15:21:22.262+0000] {dagbag.py:536} INFO - Filling up the DagBag from /opt/airflow/dags/tasks/recsys_data_sync.py
[2025-12-02T15:21:22.471+0000] {processor.py:841} WARNING - No viable dags retrieved from /opt/airflow/dags/tasks/recsys_data_sync.py
[2025-12-02T15:21:22.481+0000] {processor.py:179} INFO - Processing /opt/airflow/dags/tasks/recsys_data_sync.py took 0.223 seconds
[2025-12-02T15:21:52.572+0000] {processor.py:157} INFO - Started process (PID=481) to work on /opt/airflow/dags/tasks/recsys_data_sync.py
[2025-12-02T15:21:52.575+0000] {processor.py:829} INFO - Processing file /opt/airflow/dags/tasks/recsys_data_sync.py for tasks to queue
[2025-12-02T15:21:52.576+0000] {logging_mixin.py:154} INFO - [2025-12-02T15:21:52.576+0000] {dagbag.py:536} INFO - Filling up the DagBag from /opt/airflow/dags/tasks/recsys_data_sync.py
[2025-12-02T15:21:52.825+0000] {processor.py:841} WARNING - No viable dags retrieved from /opt/airflow/dags/tasks/recsys_data_sync.py
[2025-12-02T15:21:52.840+0000] {processor.py:179} INFO - Processing /opt/airflow/dags/tasks/recsys_data_sync.py took 0.272 seconds
[2025-12-02T15:22:23.572+0000] {processor.py:157} INFO - Started process (PID=621) to work on /opt/airflow/dags/tasks/recsys_data_sync.py
[2025-12-02T15:22:23.573+0000] {processor.py:829} INFO - Processing file /opt/airflow/dags/tasks/recsys_data_sync.py for tasks to queue
[2025-12-02T15:22:23.573+0000] {logging_mixin.py:154} INFO - [2025-12-02T15:22:23.573+0000] {dagbag.py:536} INFO - Filling up the DagBag from /opt/airflow/dags/tasks/recsys_data_sync.py
[2025-12-02T15:22:23.788+0000] {processor.py:841} WARNING - No viable dags retrieved from /opt/airflow/dags/tasks/recsys_data_sync.py
[2025-12-02T15:22:23.799+0000] {processor.py:179} INFO - Processing /opt/airflow/dags/tasks/recsys_data_sync.py took 0.230 seconds
[2025-12-02T15:22:53.997+0000] {processor.py:157} INFO - Started process (PID=709) to work on /opt/airflow/dags/tasks/recsys_data_sync.py
[2025-12-02T15:22:53.998+0000] {processor.py:829} INFO - Processing file /opt/airflow/dags/tasks/recsys_data_sync.py for tasks to queue
[2025-12-02T15:22:53.998+0000] {logging_mixin.py:154} INFO - [2025-12-02T15:22:53.998+0000] {dagbag.py:536} INFO - Filling up the DagBag from /opt/airflow/dags/tasks/recsys_data_sync.py
[2025-12-02T15:22:54.167+0000] {processor.py:841} WARNING - No viable dags retrieved from /opt/airflow/dags/tasks/recsys_data_sync.py
[2025-12-02T15:22:54.177+0000] {processor.py:179} INFO - Processing /opt/airflow/dags/tasks/recsys_data_sync.py took 0.183 seconds
[2025-12-02T15:23:24.369+0000] {processor.py:157} INFO - Started process (PID=761) to work on /opt/airflow/dags/tasks/recsys_data_sync.py
[2025-12-02T15:23:24.370+0000] {processor.py:829} INFO - Processing file /opt/airflow/dags/tasks/recsys_data_sync.py for tasks to queue
[2025-12-02T15:23:24.370+0000] {logging_mixin.py:154} INFO - [2025-12-02T15:23:24.370+0000] {dagbag.py:536} INFO - Filling up the DagBag from /opt/airflow/dags/tasks/recsys_data_sync.py
[2025-12-02T15:23:24.546+0000] {processor.py:841} WARNING - No viable dags retrieved from /opt/airflow/dags/tasks/recsys_data_sync.py
[2025-12-02T15:23:24.556+0000] {processor.py:179} INFO - Processing /opt/airflow/dags/tasks/recsys_data_sync.py took 0.190 seconds
[2025-12-02T15:23:54.751+0000] {processor.py:157} INFO - Started process (PID=820) to work on /opt/airflow/dags/tasks/recsys_data_sync.py
[2025-12-02T15:23:54.752+0000] {processor.py:829} INFO - Processing file /opt/airflow/dags/tasks/recsys_data_sync.py for tasks to queue
[2025-12-02T15:23:54.752+0000] {logging_mixin.py:154} INFO - [2025-12-02T15:23:54.752+0000] {dagbag.py:536} INFO - Filling up the DagBag from /opt/airflow/dags/tasks/recsys_data_sync.py
[2025-12-02T15:23:54.910+0000] {processor.py:841} WARNING - No viable dags retrieved from /opt/airflow/dags/tasks/recsys_data_sync.py
[2025-12-02T15:23:54.921+0000] {processor.py:179} INFO - Processing /opt/airflow/dags/tasks/recsys_data_sync.py took 0.173 seconds
[2025-12-02T15:24:25.080+0000] {processor.py:157} INFO - Started process (PID=879) to work on /opt/airflow/dags/tasks/recsys_data_sync.py
[2025-12-02T15:24:25.082+0000] {processor.py:829} INFO - Processing file /opt/airflow/dags/tasks/recsys_data_sync.py for tasks to queue
[2025-12-02T15:24:25.082+0000] {logging_mixin.py:154} INFO - [2025-12-02T15:24:25.082+0000] {dagbag.py:536} INFO - Filling up the DagBag from /opt/airflow/dags/tasks/recsys_data_sync.py
[2025-12-02T15:24:25.310+0000] {processor.py:841} WARNING - No viable dags retrieved from /opt/airflow/dags/tasks/recsys_data_sync.py
[2025-12-02T15:24:25.320+0000] {processor.py:179} INFO - Processing /opt/airflow/dags/tasks/recsys_data_sync.py took 0.244 seconds
[2025-12-02T15:24:55.550+0000] {processor.py:157} INFO - Started process (PID=931) to work on /opt/airflow/dags/tasks/recsys_data_sync.py
[2025-12-02T15:24:55.551+0000] {processor.py:829} INFO - Processing file /opt/airflow/dags/tasks/recsys_data_sync.py for tasks to queue
[2025-12-02T15:24:55.552+0000] {logging_mixin.py:154} INFO - [2025-12-02T15:24:55.551+0000] {dagbag.py:536} INFO - Filling up the DagBag from /opt/airflow/dags/tasks/recsys_data_sync.py
[2025-12-02T15:24:55.712+0000] {processor.py:841} WARNING - No viable dags retrieved from /opt/airflow/dags/tasks/recsys_data_sync.py
[2025-12-02T15:24:55.722+0000] {processor.py:179} INFO - Processing /opt/airflow/dags/tasks/recsys_data_sync.py took 0.175 seconds
[2025-12-02T15:25:25.920+0000] {processor.py:157} INFO - Started process (PID=990) to work on /opt/airflow/dags/tasks/recsys_data_sync.py
[2025-12-02T15:25:25.920+0000] {processor.py:829} INFO - Processing file /opt/airflow/dags/tasks/recsys_data_sync.py for tasks to queue
[2025-12-02T15:25:25.921+0000] {logging_mixin.py:154} INFO - [2025-12-02T15:25:25.921+0000] {dagbag.py:536} INFO - Filling up the DagBag from /opt/airflow/dags/tasks/recsys_data_sync.py
[2025-12-02T15:25:26.082+0000] {processor.py:841} WARNING - No viable dags retrieved from /opt/airflow/dags/tasks/recsys_data_sync.py
[2025-12-02T15:25:26.091+0000] {processor.py:179} INFO - Processing /opt/airflow/dags/tasks/recsys_data_sync.py took 0.174 seconds
[2025-12-02T15:25:56.256+0000] {processor.py:157} INFO - Started process (PID=1049) to work on /opt/airflow/dags/tasks/recsys_data_sync.py
[2025-12-02T15:25:56.257+0000] {processor.py:829} INFO - Processing file /opt/airflow/dags/tasks/recsys_data_sync.py for tasks to queue
[2025-12-02T15:25:56.257+0000] {logging_mixin.py:154} INFO - [2025-12-02T15:25:56.257+0000] {dagbag.py:536} INFO - Filling up the DagBag from /opt/airflow/dags/tasks/recsys_data_sync.py
[2025-12-02T15:25:56.426+0000] {processor.py:841} WARNING - No viable dags retrieved from /opt/airflow/dags/tasks/recsys_data_sync.py
[2025-12-02T15:25:56.435+0000] {processor.py:179} INFO - Processing /opt/airflow/dags/tasks/recsys_data_sync.py took 0.183 seconds
[2025-12-02T15:26:26.627+0000] {processor.py:157} INFO - Started process (PID=1101) to work on /opt/airflow/dags/tasks/recsys_data_sync.py
[2025-12-02T15:26:26.628+0000] {processor.py:829} INFO - Processing file /opt/airflow/dags/tasks/recsys_data_sync.py for tasks to queue
[2025-12-02T15:26:26.629+0000] {logging_mixin.py:154} INFO - [2025-12-02T15:26:26.629+0000] {dagbag.py:536} INFO - Filling up the DagBag from /opt/airflow/dags/tasks/recsys_data_sync.py
[2025-12-02T15:26:26.869+0000] {processor.py:841} WARNING - No viable dags retrieved from /opt/airflow/dags/tasks/recsys_data_sync.py
[2025-12-02T15:26:26.884+0000] {processor.py:179} INFO - Processing /opt/airflow/dags/tasks/recsys_data_sync.py took 0.260 seconds
[2025-12-02T15:26:57.825+0000] {processor.py:157} INFO - Started process (PID=1160) to work on /opt/airflow/dags/tasks/recsys_data_sync.py
[2025-12-02T15:26:57.826+0000] {processor.py:829} INFO - Processing file /opt/airflow/dags/tasks/recsys_data_sync.py for tasks to queue
[2025-12-02T15:26:57.827+0000] {logging_mixin.py:154} INFO - [2025-12-02T15:26:57.827+0000] {dagbag.py:536} INFO - Filling up the DagBag from /opt/airflow/dags/tasks/recsys_data_sync.py
[2025-12-02T15:26:57.998+0000] {processor.py:841} WARNING - No viable dags retrieved from /opt/airflow/dags/tasks/recsys_data_sync.py
[2025-12-02T15:26:58.008+0000] {processor.py:179} INFO - Processing /opt/airflow/dags/tasks/recsys_data_sync.py took 0.186 seconds
[2025-12-02T15:27:28.194+0000] {processor.py:157} INFO - Started process (PID=1219) to work on /opt/airflow/dags/tasks/recsys_data_sync.py
[2025-12-02T15:27:28.196+0000] {processor.py:829} INFO - Processing file /opt/airflow/dags/tasks/recsys_data_sync.py for tasks to queue
[2025-12-02T15:27:28.196+0000] {logging_mixin.py:154} INFO - [2025-12-02T15:27:28.196+0000] {dagbag.py:536} INFO - Filling up the DagBag from /opt/airflow/dags/tasks/recsys_data_sync.py
[2025-12-02T15:27:28.355+0000] {processor.py:841} WARNING - No viable dags retrieved from /opt/airflow/dags/tasks/recsys_data_sync.py
[2025-12-02T15:27:28.365+0000] {processor.py:179} INFO - Processing /opt/airflow/dags/tasks/recsys_data_sync.py took 0.174 seconds
[2025-12-02T15:27:58.553+0000] {processor.py:157} INFO - Started process (PID=1278) to work on /opt/airflow/dags/tasks/recsys_data_sync.py
[2025-12-02T15:27:58.554+0000] {processor.py:829} INFO - Processing file /opt/airflow/dags/tasks/recsys_data_sync.py for tasks to queue
[2025-12-02T15:27:58.555+0000] {logging_mixin.py:154} INFO - [2025-12-02T15:27:58.554+0000] {dagbag.py:536} INFO - Filling up the DagBag from /opt/airflow/dags/tasks/recsys_data_sync.py
[2025-12-02T15:27:58.727+0000] {processor.py:841} WARNING - No viable dags retrieved from /opt/airflow/dags/tasks/recsys_data_sync.py
[2025-12-02T15:27:58.739+0000] {processor.py:179} INFO - Processing /opt/airflow/dags/tasks/recsys_data_sync.py took 0.188 seconds
[2025-12-02T15:28:28.920+0000] {processor.py:157} INFO - Started process (PID=1330) to work on /opt/airflow/dags/tasks/recsys_data_sync.py
[2025-12-02T15:28:28.921+0000] {processor.py:829} INFO - Processing file /opt/airflow/dags/tasks/recsys_data_sync.py for tasks to queue
[2025-12-02T15:28:28.922+0000] {logging_mixin.py:154} INFO - [2025-12-02T15:28:28.922+0000] {dagbag.py:536} INFO - Filling up the DagBag from /opt/airflow/dags/tasks/recsys_data_sync.py
[2025-12-02T15:28:29.077+0000] {processor.py:841} WARNING - No viable dags retrieved from /opt/airflow/dags/tasks/recsys_data_sync.py
[2025-12-02T15:28:29.087+0000] {processor.py:179} INFO - Processing /opt/airflow/dags/tasks/recsys_data_sync.py took 0.169 seconds
[2025-12-02T15:28:59.271+0000] {processor.py:157} INFO - Started process (PID=1389) to work on /opt/airflow/dags/tasks/recsys_data_sync.py
[2025-12-02T15:28:59.272+0000] {processor.py:829} INFO - Processing file /opt/airflow/dags/tasks/recsys_data_sync.py for tasks to queue
[2025-12-02T15:28:59.273+0000] {logging_mixin.py:154} INFO - [2025-12-02T15:28:59.272+0000] {dagbag.py:536} INFO - Filling up the DagBag from /opt/airflow/dags/tasks/recsys_data_sync.py
[2025-12-02T15:28:59.435+0000] {processor.py:841} WARNING - No viable dags retrieved from /opt/airflow/dags/tasks/recsys_data_sync.py
[2025-12-02T15:28:59.444+0000] {processor.py:179} INFO - Processing /opt/airflow/dags/tasks/recsys_data_sync.py took 0.177 seconds
[2025-12-02T15:29:29.630+0000] {processor.py:157} INFO - Started process (PID=1448) to work on /opt/airflow/dags/tasks/recsys_data_sync.py
[2025-12-02T15:29:29.631+0000] {processor.py:829} INFO - Processing file /opt/airflow/dags/tasks/recsys_data_sync.py for tasks to queue
[2025-12-02T15:29:29.632+0000] {logging_mixin.py:154} INFO - [2025-12-02T15:29:29.632+0000] {dagbag.py:536} INFO - Filling up the DagBag from /opt/airflow/dags/tasks/recsys_data_sync.py
[2025-12-02T15:29:29.835+0000] {processor.py:841} WARNING - No viable dags retrieved from /opt/airflow/dags/tasks/recsys_data_sync.py
[2025-12-02T15:29:29.846+0000] {processor.py:179} INFO - Processing /opt/airflow/dags/tasks/recsys_data_sync.py took 0.219 seconds
[2025-12-02T15:30:00.036+0000] {processor.py:157} INFO - Started process (PID=1500) to work on /opt/airflow/dags/tasks/recsys_data_sync.py
[2025-12-02T15:30:00.037+0000] {processor.py:829} INFO - Processing file /opt/airflow/dags/tasks/recsys_data_sync.py for tasks to queue
[2025-12-02T15:30:00.037+0000] {logging_mixin.py:154} INFO - [2025-12-02T15:30:00.037+0000] {dagbag.py:536} INFO - Filling up the DagBag from /opt/airflow/dags/tasks/recsys_data_sync.py
[2025-12-02T15:30:00.319+0000] {processor.py:841} WARNING - No viable dags retrieved from /opt/airflow/dags/tasks/recsys_data_sync.py
[2025-12-02T15:30:00.326+0000] {processor.py:179} INFO - Processing /opt/airflow/dags/tasks/recsys_data_sync.py took 0.293 seconds
[2025-12-02T15:30:30.484+0000] {processor.py:157} INFO - Started process (PID=1559) to work on /opt/airflow/dags/tasks/recsys_data_sync.py
[2025-12-02T15:30:30.485+0000] {processor.py:829} INFO - Processing file /opt/airflow/dags/tasks/recsys_data_sync.py for tasks to queue
[2025-12-02T15:30:30.486+0000] {logging_mixin.py:154} INFO - [2025-12-02T15:30:30.486+0000] {dagbag.py:536} INFO - Filling up the DagBag from /opt/airflow/dags/tasks/recsys_data_sync.py
[2025-12-02T15:30:30.648+0000] {processor.py:841} WARNING - No viable dags retrieved from /opt/airflow/dags/tasks/recsys_data_sync.py
[2025-12-02T15:30:30.658+0000] {processor.py:179} INFO - Processing /opt/airflow/dags/tasks/recsys_data_sync.py took 0.177 seconds
[2025-12-02T15:31:00.872+0000] {processor.py:157} INFO - Started process (PID=1618) to work on /opt/airflow/dags/tasks/recsys_data_sync.py
[2025-12-02T15:31:00.873+0000] {processor.py:829} INFO - Processing file /opt/airflow/dags/tasks/recsys_data_sync.py for tasks to queue
[2025-12-02T15:31:00.874+0000] {logging_mixin.py:154} INFO - [2025-12-02T15:31:00.874+0000] {dagbag.py:536} INFO - Filling up the DagBag from /opt/airflow/dags/tasks/recsys_data_sync.py
[2025-12-02T15:31:01.069+0000] {processor.py:841} WARNING - No viable dags retrieved from /opt/airflow/dags/tasks/recsys_data_sync.py
[2025-12-02T15:31:01.084+0000] {processor.py:179} INFO - Processing /opt/airflow/dags/tasks/recsys_data_sync.py took 0.216 seconds
[2025-12-02T15:31:31.275+0000] {processor.py:157} INFO - Started process (PID=1670) to work on /opt/airflow/dags/tasks/recsys_data_sync.py
[2025-12-02T15:31:31.277+0000] {processor.py:829} INFO - Processing file /opt/airflow/dags/tasks/recsys_data_sync.py for tasks to queue
[2025-12-02T15:31:31.277+0000] {logging_mixin.py:154} INFO - [2025-12-02T15:31:31.277+0000] {dagbag.py:536} INFO - Filling up the DagBag from /opt/airflow/dags/tasks/recsys_data_sync.py
[2025-12-02T15:31:31.542+0000] {processor.py:841} WARNING - No viable dags retrieved from /opt/airflow/dags/tasks/recsys_data_sync.py
[2025-12-02T15:31:31.551+0000] {processor.py:179} INFO - Processing /opt/airflow/dags/tasks/recsys_data_sync.py took 0.278 seconds
[2025-12-02T15:32:01.742+0000] {processor.py:157} INFO - Started process (PID=1729) to work on /opt/airflow/dags/tasks/recsys_data_sync.py
[2025-12-02T15:32:01.743+0000] {processor.py:829} INFO - Processing file /opt/airflow/dags/tasks/recsys_data_sync.py for tasks to queue
[2025-12-02T15:32:01.744+0000] {logging_mixin.py:154} INFO - [2025-12-02T15:32:01.744+0000] {dagbag.py:536} INFO - Filling up the DagBag from /opt/airflow/dags/tasks/recsys_data_sync.py
[2025-12-02T15:32:01.902+0000] {processor.py:841} WARNING - No viable dags retrieved from /opt/airflow/dags/tasks/recsys_data_sync.py
[2025-12-02T15:32:01.913+0000] {processor.py:179} INFO - Processing /opt/airflow/dags/tasks/recsys_data_sync.py took 0.173 seconds
[2025-12-02T15:32:32.103+0000] {processor.py:157} INFO - Started process (PID=1788) to work on /opt/airflow/dags/tasks/recsys_data_sync.py
[2025-12-02T15:32:32.105+0000] {processor.py:829} INFO - Processing file /opt/airflow/dags/tasks/recsys_data_sync.py for tasks to queue
[2025-12-02T15:32:32.105+0000] {logging_mixin.py:154} INFO - [2025-12-02T15:32:32.105+0000] {dagbag.py:536} INFO - Filling up the DagBag from /opt/airflow/dags/tasks/recsys_data_sync.py
[2025-12-02T15:32:32.253+0000] {processor.py:841} WARNING - No viable dags retrieved from /opt/airflow/dags/tasks/recsys_data_sync.py
[2025-12-02T15:32:32.262+0000] {processor.py:179} INFO - Processing /opt/airflow/dags/tasks/recsys_data_sync.py took 0.161 seconds
[2025-12-02T15:33:02.437+0000] {processor.py:157} INFO - Started process (PID=1840) to work on /opt/airflow/dags/tasks/recsys_data_sync.py
[2025-12-02T15:33:02.445+0000] {processor.py:829} INFO - Processing file /opt/airflow/dags/tasks/recsys_data_sync.py for tasks to queue
[2025-12-02T15:33:02.445+0000] {logging_mixin.py:154} INFO - [2025-12-02T15:33:02.445+0000] {dagbag.py:536} INFO - Filling up the DagBag from /opt/airflow/dags/tasks/recsys_data_sync.py
[2025-12-02T15:33:02.600+0000] {processor.py:841} WARNING - No viable dags retrieved from /opt/airflow/dags/tasks/recsys_data_sync.py
[2025-12-02T15:33:02.610+0000] {processor.py:179} INFO - Processing /opt/airflow/dags/tasks/recsys_data_sync.py took 0.176 seconds
[2025-12-02T15:33:32.804+0000] {processor.py:157} INFO - Started process (PID=2001) to work on /opt/airflow/dags/tasks/recsys_data_sync.py
[2025-12-02T15:33:32.805+0000] {processor.py:829} INFO - Processing file /opt/airflow/dags/tasks/recsys_data_sync.py for tasks to queue
[2025-12-02T15:33:32.808+0000] {logging_mixin.py:154} INFO - [2025-12-02T15:33:32.805+0000] {dagbag.py:536} INFO - Filling up the DagBag from /opt/airflow/dags/tasks/recsys_data_sync.py
[2025-12-02T15:33:33.191+0000] {processor.py:841} WARNING - No viable dags retrieved from /opt/airflow/dags/tasks/recsys_data_sync.py
[2025-12-02T15:33:33.202+0000] {processor.py:179} INFO - Processing /opt/airflow/dags/tasks/recsys_data_sync.py took 0.402 seconds
[2025-12-02T15:34:03.441+0000] {processor.py:157} INFO - Started process (PID=2256) to work on /opt/airflow/dags/tasks/recsys_data_sync.py
[2025-12-02T15:34:03.442+0000] {processor.py:829} INFO - Processing file /opt/airflow/dags/tasks/recsys_data_sync.py for tasks to queue
[2025-12-02T15:34:03.442+0000] {logging_mixin.py:154} INFO - [2025-12-02T15:34:03.442+0000] {dagbag.py:536} INFO - Filling up the DagBag from /opt/airflow/dags/tasks/recsys_data_sync.py
[2025-12-02T15:34:03.717+0000] {processor.py:841} WARNING - No viable dags retrieved from /opt/airflow/dags/tasks/recsys_data_sync.py
[2025-12-02T15:34:03.725+0000] {processor.py:179} INFO - Processing /opt/airflow/dags/tasks/recsys_data_sync.py took 0.288 seconds
[2025-12-02T15:34:33.929+0000] {processor.py:157} INFO - Started process (PID=2308) to work on /opt/airflow/dags/tasks/recsys_data_sync.py
[2025-12-02T15:34:33.930+0000] {processor.py:829} INFO - Processing file /opt/airflow/dags/tasks/recsys_data_sync.py for tasks to queue
[2025-12-02T15:34:33.931+0000] {logging_mixin.py:154} INFO - [2025-12-02T15:34:33.931+0000] {dagbag.py:536} INFO - Filling up the DagBag from /opt/airflow/dags/tasks/recsys_data_sync.py
[2025-12-02T15:34:34.096+0000] {processor.py:841} WARNING - No viable dags retrieved from /opt/airflow/dags/tasks/recsys_data_sync.py
[2025-12-02T15:34:34.105+0000] {processor.py:179} INFO - Processing /opt/airflow/dags/tasks/recsys_data_sync.py took 0.179 seconds
[2025-12-02T15:35:04.288+0000] {processor.py:157} INFO - Started process (PID=2367) to work on /opt/airflow/dags/tasks/recsys_data_sync.py
[2025-12-02T15:35:04.289+0000] {processor.py:829} INFO - Processing file /opt/airflow/dags/tasks/recsys_data_sync.py for tasks to queue
[2025-12-02T15:35:04.290+0000] {logging_mixin.py:154} INFO - [2025-12-02T15:35:04.290+0000] {dagbag.py:536} INFO - Filling up the DagBag from /opt/airflow/dags/tasks/recsys_data_sync.py
[2025-12-02T15:35:04.470+0000] {processor.py:841} WARNING - No viable dags retrieved from /opt/airflow/dags/tasks/recsys_data_sync.py
[2025-12-02T15:35:04.479+0000] {processor.py:179} INFO - Processing /opt/airflow/dags/tasks/recsys_data_sync.py took 0.194 seconds
[2025-12-02T15:35:34.555+0000] {processor.py:157} INFO - Started process (PID=2426) to work on /opt/airflow/dags/tasks/recsys_data_sync.py
[2025-12-02T15:35:34.556+0000] {processor.py:829} INFO - Processing file /opt/airflow/dags/tasks/recsys_data_sync.py for tasks to queue
[2025-12-02T15:35:34.557+0000] {logging_mixin.py:154} INFO - [2025-12-02T15:35:34.557+0000] {dagbag.py:536} INFO - Filling up the DagBag from /opt/airflow/dags/tasks/recsys_data_sync.py
[2025-12-02T15:35:34.842+0000] {processor.py:841} WARNING - No viable dags retrieved from /opt/airflow/dags/tasks/recsys_data_sync.py
[2025-12-02T15:35:34.851+0000] {processor.py:179} INFO - Processing /opt/airflow/dags/tasks/recsys_data_sync.py took 0.298 seconds
[2025-12-02T15:36:05.049+0000] {processor.py:157} INFO - Started process (PID=2520) to work on /opt/airflow/dags/tasks/recsys_data_sync.py
[2025-12-02T15:36:05.050+0000] {processor.py:829} INFO - Processing file /opt/airflow/dags/tasks/recsys_data_sync.py for tasks to queue
[2025-12-02T15:36:05.051+0000] {logging_mixin.py:154} INFO - [2025-12-02T15:36:05.051+0000] {dagbag.py:536} INFO - Filling up the DagBag from /opt/airflow/dags/tasks/recsys_data_sync.py
[2025-12-02T15:36:05.383+0000] {processor.py:841} WARNING - No viable dags retrieved from /opt/airflow/dags/tasks/recsys_data_sync.py
[2025-12-02T15:36:05.391+0000] {processor.py:179} INFO - Processing /opt/airflow/dags/tasks/recsys_data_sync.py took 0.345 seconds
[2025-12-02T15:36:36.255+0000] {processor.py:157} INFO - Started process (PID=2818) to work on /opt/airflow/dags/tasks/recsys_data_sync.py
[2025-12-02T15:36:36.256+0000] {processor.py:829} INFO - Processing file /opt/airflow/dags/tasks/recsys_data_sync.py for tasks to queue
[2025-12-02T15:36:36.256+0000] {logging_mixin.py:154} INFO - [2025-12-02T15:36:36.256+0000] {dagbag.py:536} INFO - Filling up the DagBag from /opt/airflow/dags/tasks/recsys_data_sync.py
[2025-12-02T15:36:36.431+0000] {processor.py:841} WARNING - No viable dags retrieved from /opt/airflow/dags/tasks/recsys_data_sync.py
[2025-12-02T15:36:36.442+0000] {processor.py:179} INFO - Processing /opt/airflow/dags/tasks/recsys_data_sync.py took 0.191 seconds
[2025-12-02T15:37:06.656+0000] {processor.py:157} INFO - Started process (PID=2865) to work on /opt/airflow/dags/tasks/recsys_data_sync.py
[2025-12-02T15:37:06.657+0000] {processor.py:829} INFO - Processing file /opt/airflow/dags/tasks/recsys_data_sync.py for tasks to queue
[2025-12-02T15:37:06.657+0000] {logging_mixin.py:154} INFO - [2025-12-02T15:37:06.657+0000] {dagbag.py:536} INFO - Filling up the DagBag from /opt/airflow/dags/tasks/recsys_data_sync.py
[2025-12-02T15:37:06.826+0000] {processor.py:841} WARNING - No viable dags retrieved from /opt/airflow/dags/tasks/recsys_data_sync.py
[2025-12-02T15:37:06.838+0000] {processor.py:179} INFO - Processing /opt/airflow/dags/tasks/recsys_data_sync.py took 0.185 seconds
[2025-12-02T15:37:37.041+0000] {processor.py:157} INFO - Started process (PID=2914) to work on /opt/airflow/dags/tasks/recsys_data_sync.py
[2025-12-02T15:37:37.042+0000] {processor.py:829} INFO - Processing file /opt/airflow/dags/tasks/recsys_data_sync.py for tasks to queue
[2025-12-02T15:37:37.042+0000] {logging_mixin.py:154} INFO - [2025-12-02T15:37:37.042+0000] {dagbag.py:536} INFO - Filling up the DagBag from /opt/airflow/dags/tasks/recsys_data_sync.py
[2025-12-02T15:37:37.301+0000] {processor.py:841} WARNING - No viable dags retrieved from /opt/airflow/dags/tasks/recsys_data_sync.py
[2025-12-02T15:37:37.309+0000] {processor.py:179} INFO - Processing /opt/airflow/dags/tasks/recsys_data_sync.py took 0.271 seconds
[2025-12-02T15:38:08.259+0000] {processor.py:157} INFO - Started process (PID=2973) to work on /opt/airflow/dags/tasks/recsys_data_sync.py
[2025-12-02T15:38:08.260+0000] {processor.py:829} INFO - Processing file /opt/airflow/dags/tasks/recsys_data_sync.py for tasks to queue
[2025-12-02T15:38:08.260+0000] {logging_mixin.py:154} INFO - [2025-12-02T15:38:08.260+0000] {dagbag.py:536} INFO - Filling up the DagBag from /opt/airflow/dags/tasks/recsys_data_sync.py
[2025-12-02T15:38:08.532+0000] {processor.py:841} WARNING - No viable dags retrieved from /opt/airflow/dags/tasks/recsys_data_sync.py
[2025-12-02T15:38:08.540+0000] {processor.py:179} INFO - Processing /opt/airflow/dags/tasks/recsys_data_sync.py took 0.284 seconds
[2025-12-02T15:38:38.717+0000] {processor.py:157} INFO - Started process (PID=3032) to work on /opt/airflow/dags/tasks/recsys_data_sync.py
[2025-12-02T15:38:38.718+0000] {processor.py:829} INFO - Processing file /opt/airflow/dags/tasks/recsys_data_sync.py for tasks to queue
[2025-12-02T15:38:38.718+0000] {logging_mixin.py:154} INFO - [2025-12-02T15:38:38.718+0000] {dagbag.py:536} INFO - Filling up the DagBag from /opt/airflow/dags/tasks/recsys_data_sync.py
[2025-12-02T15:38:38.904+0000] {processor.py:841} WARNING - No viable dags retrieved from /opt/airflow/dags/tasks/recsys_data_sync.py
[2025-12-02T15:38:38.914+0000] {processor.py:179} INFO - Processing /opt/airflow/dags/tasks/recsys_data_sync.py took 0.200 seconds
[2025-12-02T15:39:09.115+0000] {processor.py:157} INFO - Started process (PID=3091) to work on /opt/airflow/dags/tasks/recsys_data_sync.py
[2025-12-02T15:39:09.116+0000] {processor.py:829} INFO - Processing file /opt/airflow/dags/tasks/recsys_data_sync.py for tasks to queue
[2025-12-02T15:39:09.117+0000] {logging_mixin.py:154} INFO - [2025-12-02T15:39:09.117+0000] {dagbag.py:536} INFO - Filling up the DagBag from /opt/airflow/dags/tasks/recsys_data_sync.py
[2025-12-02T15:39:09.288+0000] {processor.py:841} WARNING - No viable dags retrieved from /opt/airflow/dags/tasks/recsys_data_sync.py
[2025-12-02T15:39:09.298+0000] {processor.py:179} INFO - Processing /opt/airflow/dags/tasks/recsys_data_sync.py took 0.186 seconds
[2025-12-02T15:39:39.496+0000] {processor.py:157} INFO - Started process (PID=3143) to work on /opt/airflow/dags/tasks/recsys_data_sync.py
[2025-12-02T15:39:39.497+0000] {processor.py:829} INFO - Processing file /opt/airflow/dags/tasks/recsys_data_sync.py for tasks to queue
[2025-12-02T15:39:39.498+0000] {logging_mixin.py:154} INFO - [2025-12-02T15:39:39.497+0000] {dagbag.py:536} INFO - Filling up the DagBag from /opt/airflow/dags/tasks/recsys_data_sync.py
[2025-12-02T15:39:39.776+0000] {processor.py:841} WARNING - No viable dags retrieved from /opt/airflow/dags/tasks/recsys_data_sync.py
[2025-12-02T15:39:39.785+0000] {processor.py:179} INFO - Processing /opt/airflow/dags/tasks/recsys_data_sync.py took 0.292 seconds
[2025-12-02T15:40:09.995+0000] {processor.py:157} INFO - Started process (PID=3202) to work on /opt/airflow/dags/tasks/recsys_data_sync.py
[2025-12-02T15:40:09.996+0000] {processor.py:829} INFO - Processing file /opt/airflow/dags/tasks/recsys_data_sync.py for tasks to queue
[2025-12-02T15:40:09.997+0000] {logging_mixin.py:154} INFO - [2025-12-02T15:40:09.996+0000] {dagbag.py:536} INFO - Filling up the DagBag from /opt/airflow/dags/tasks/recsys_data_sync.py
[2025-12-02T15:40:10.160+0000] {processor.py:841} WARNING - No viable dags retrieved from /opt/airflow/dags/tasks/recsys_data_sync.py
[2025-12-02T15:40:10.171+0000] {processor.py:179} INFO - Processing /opt/airflow/dags/tasks/recsys_data_sync.py took 0.179 seconds
[2025-12-02T15:40:40.374+0000] {processor.py:157} INFO - Started process (PID=3261) to work on /opt/airflow/dags/tasks/recsys_data_sync.py
[2025-12-02T15:40:40.375+0000] {processor.py:829} INFO - Processing file /opt/airflow/dags/tasks/recsys_data_sync.py for tasks to queue
[2025-12-02T15:40:40.375+0000] {logging_mixin.py:154} INFO - [2025-12-02T15:40:40.375+0000] {dagbag.py:536} INFO - Filling up the DagBag from /opt/airflow/dags/tasks/recsys_data_sync.py
[2025-12-02T15:40:40.552+0000] {processor.py:841} WARNING - No viable dags retrieved from /opt/airflow/dags/tasks/recsys_data_sync.py
[2025-12-02T15:40:40.563+0000] {processor.py:179} INFO - Processing /opt/airflow/dags/tasks/recsys_data_sync.py took 0.192 seconds
[2025-12-02T15:41:10.766+0000] {processor.py:157} INFO - Started process (PID=3313) to work on /opt/airflow/dags/tasks/recsys_data_sync.py
[2025-12-02T15:41:10.767+0000] {processor.py:829} INFO - Processing file /opt/airflow/dags/tasks/recsys_data_sync.py for tasks to queue
[2025-12-02T15:41:10.768+0000] {logging_mixin.py:154} INFO - [2025-12-02T15:41:10.768+0000] {dagbag.py:536} INFO - Filling up the DagBag from /opt/airflow/dags/tasks/recsys_data_sync.py
[2025-12-02T15:41:11.037+0000] {processor.py:841} WARNING - No viable dags retrieved from /opt/airflow/dags/tasks/recsys_data_sync.py
[2025-12-02T15:41:11.044+0000] {processor.py:179} INFO - Processing /opt/airflow/dags/tasks/recsys_data_sync.py took 0.281 seconds
[2025-12-02T15:41:41.966+0000] {processor.py:157} INFO - Started process (PID=3372) to work on /opt/airflow/dags/tasks/recsys_data_sync.py
[2025-12-02T15:41:41.967+0000] {processor.py:829} INFO - Processing file /opt/airflow/dags/tasks/recsys_data_sync.py for tasks to queue
[2025-12-02T15:41:41.968+0000] {logging_mixin.py:154} INFO - [2025-12-02T15:41:41.968+0000] {dagbag.py:536} INFO - Filling up the DagBag from /opt/airflow/dags/tasks/recsys_data_sync.py
[2025-12-02T15:41:42.258+0000] {processor.py:841} WARNING - No viable dags retrieved from /opt/airflow/dags/tasks/recsys_data_sync.py
[2025-12-02T15:41:42.267+0000] {processor.py:179} INFO - Processing /opt/airflow/dags/tasks/recsys_data_sync.py took 0.304 seconds
[2025-12-02T15:42:13.172+0000] {processor.py:157} INFO - Started process (PID=3431) to work on /opt/airflow/dags/tasks/recsys_data_sync.py
[2025-12-02T15:42:13.173+0000] {processor.py:829} INFO - Processing file /opt/airflow/dags/tasks/recsys_data_sync.py for tasks to queue
[2025-12-02T15:42:13.173+0000] {logging_mixin.py:154} INFO - [2025-12-02T15:42:13.173+0000] {dagbag.py:536} INFO - Filling up the DagBag from /opt/airflow/dags/tasks/recsys_data_sync.py
[2025-12-02T15:42:13.339+0000] {processor.py:841} WARNING - No viable dags retrieved from /opt/airflow/dags/tasks/recsys_data_sync.py
[2025-12-02T15:42:13.348+0000] {processor.py:179} INFO - Processing /opt/airflow/dags/tasks/recsys_data_sync.py took 0.180 seconds
[2025-12-02T15:42:43.539+0000] {processor.py:157} INFO - Started process (PID=3483) to work on /opt/airflow/dags/tasks/recsys_data_sync.py
[2025-12-02T15:42:43.540+0000] {processor.py:829} INFO - Processing file /opt/airflow/dags/tasks/recsys_data_sync.py for tasks to queue
[2025-12-02T15:42:43.540+0000] {logging_mixin.py:154} INFO - [2025-12-02T15:42:43.540+0000] {dagbag.py:536} INFO - Filling up the DagBag from /opt/airflow/dags/tasks/recsys_data_sync.py
[2025-12-02T15:42:43.693+0000] {processor.py:841} WARNING - No viable dags retrieved from /opt/airflow/dags/tasks/recsys_data_sync.py
[2025-12-02T15:42:43.703+0000] {processor.py:179} INFO - Processing /opt/airflow/dags/tasks/recsys_data_sync.py took 0.166 seconds
[2025-12-02T15:43:13.899+0000] {processor.py:157} INFO - Started process (PID=3542) to work on /opt/airflow/dags/tasks/recsys_data_sync.py
[2025-12-02T15:43:13.901+0000] {processor.py:829} INFO - Processing file /opt/airflow/dags/tasks/recsys_data_sync.py for tasks to queue
[2025-12-02T15:43:13.901+0000] {logging_mixin.py:154} INFO - [2025-12-02T15:43:13.901+0000] {dagbag.py:536} INFO - Filling up the DagBag from /opt/airflow/dags/tasks/recsys_data_sync.py
[2025-12-02T15:43:14.175+0000] {processor.py:841} WARNING - No viable dags retrieved from /opt/airflow/dags/tasks/recsys_data_sync.py
[2025-12-02T15:43:14.184+0000] {processor.py:179} INFO - Processing /opt/airflow/dags/tasks/recsys_data_sync.py took 0.287 seconds
[2025-12-02T15:43:44.394+0000] {processor.py:157} INFO - Started process (PID=3601) to work on /opt/airflow/dags/tasks/recsys_data_sync.py
[2025-12-02T15:43:44.395+0000] {processor.py:829} INFO - Processing file /opt/airflow/dags/tasks/recsys_data_sync.py for tasks to queue
[2025-12-02T15:43:44.396+0000] {logging_mixin.py:154} INFO - [2025-12-02T15:43:44.395+0000] {dagbag.py:536} INFO - Filling up the DagBag from /opt/airflow/dags/tasks/recsys_data_sync.py
[2025-12-02T15:43:44.684+0000] {processor.py:841} WARNING - No viable dags retrieved from /opt/airflow/dags/tasks/recsys_data_sync.py
[2025-12-02T15:43:44.693+0000] {processor.py:179} INFO - Processing /opt/airflow/dags/tasks/recsys_data_sync.py took 0.301 seconds
[2025-12-02T15:44:14.888+0000] {processor.py:157} INFO - Started process (PID=3660) to work on /opt/airflow/dags/tasks/recsys_data_sync.py
[2025-12-02T15:44:14.889+0000] {processor.py:829} INFO - Processing file /opt/airflow/dags/tasks/recsys_data_sync.py for tasks to queue
[2025-12-02T15:44:14.890+0000] {logging_mixin.py:154} INFO - [2025-12-02T15:44:14.889+0000] {dagbag.py:536} INFO - Filling up the DagBag from /opt/airflow/dags/tasks/recsys_data_sync.py
[2025-12-02T15:44:15.202+0000] {processor.py:841} WARNING - No viable dags retrieved from /opt/airflow/dags/tasks/recsys_data_sync.py
[2025-12-02T15:44:15.211+0000] {processor.py:179} INFO - Processing /opt/airflow/dags/tasks/recsys_data_sync.py took 0.326 seconds
[2025-12-02T15:44:45.384+0000] {processor.py:157} INFO - Started process (PID=3712) to work on /opt/airflow/dags/tasks/recsys_data_sync.py
[2025-12-02T15:44:45.386+0000] {processor.py:829} INFO - Processing file /opt/airflow/dags/tasks/recsys_data_sync.py for tasks to queue
[2025-12-02T15:44:45.386+0000] {logging_mixin.py:154} INFO - [2025-12-02T15:44:45.386+0000] {dagbag.py:536} INFO - Filling up the DagBag from /opt/airflow/dags/tasks/recsys_data_sync.py
[2025-12-02T15:44:45.694+0000] {processor.py:841} WARNING - No viable dags retrieved from /opt/airflow/dags/tasks/recsys_data_sync.py
[2025-12-02T15:44:45.702+0000] {processor.py:179} INFO - Processing /opt/airflow/dags/tasks/recsys_data_sync.py took 0.320 seconds
