[2025-10-28T00:39:48.485+0000] {taskinstance.py:1159} INFO - Dependencies all met for dep_context=non-requeueable deps ti=<TaskInstance: hiring_dynamic.decide_download scheduled__2024-10-05T15:00:00+00:00 [queued]>
[2025-10-28T00:39:48.488+0000] {taskinstance.py:1159} INFO - Dependencies all met for dep_context=requeueable deps ti=<TaskInstance: hiring_dynamic.decide_download scheduled__2024-10-05T15:00:00+00:00 [queued]>
[2025-10-28T00:39:48.488+0000] {taskinstance.py:1361} INFO - Starting attempt 1 of 1
[2025-10-28T00:39:48.494+0000] {taskinstance.py:1382} INFO - Executing <Task(BranchPythonOperator): decide_download> on 2024-10-05 15:00:00+00:00
[2025-10-28T00:39:48.497+0000] {standard_task_runner.py:57} INFO - Started process 199 to run task
[2025-10-28T00:39:48.501+0000] {standard_task_runner.py:84} INFO - Running: ['airflow', 'tasks', 'run', 'hiring_dynamic', 'decide_download', 'scheduled__2024-10-05T15:00:00+00:00', '--job-id', '5', '--raw', '--subdir', 'DAGS_FOLDER/dag_dynamic.py', '--cfg-path', '/tmp/tmp718l3hlz']
[2025-10-28T00:39:48.502+0000] {standard_task_runner.py:85} INFO - Job 5: Subtask decide_download
[2025-10-28T00:39:48.520+0000] {task_command.py:416} INFO - Running <TaskInstance: hiring_dynamic.decide_download scheduled__2024-10-05T15:00:00+00:00 [running]> on host d1f69dfe6243
[2025-10-28T00:39:48.547+0000] {taskinstance.py:1662} INFO - Exporting env vars: AIRFLOW_CTX_DAG_OWNER='airflow' AIRFLOW_CTX_DAG_ID='hiring_dynamic' AIRFLOW_CTX_TASK_ID='decide_download' AIRFLOW_CTX_EXECUTION_DATE='2024-10-05T15:00:00+00:00' AIRFLOW_CTX_TRY_NUMBER='1' AIRFLOW_CTX_DAG_RUN_ID='scheduled__2024-10-05T15:00:00+00:00'
[2025-10-28T00:39:48.548+0000] {logging_mixin.py:154} INFO - Fecha 2024-10-05 < 2024-11-01: descargando solo data_1
[2025-10-28T00:39:48.548+0000] {python.py:194} INFO - Done. Returned value was: download_data_1_only
[2025-10-28T00:39:48.548+0000] {python.py:227} INFO - Branch callable return download_data_1_only
[2025-10-28T00:39:48.548+0000] {skipmixin.py:173} INFO - Following branch download_data_1_only
[2025-10-28T00:39:48.553+0000] {skipmixin.py:239} INFO - Skipping tasks [('download_data_2', -1), ('download_data_1', -1)]
[2025-10-28T00:39:48.564+0000] {taskinstance.py:1400} INFO - Marking task as SUCCESS. dag_id=hiring_dynamic, task_id=decide_download, execution_date=20241005T150000, start_date=20251028T003948, end_date=20251028T003948
[2025-10-28T00:39:48.603+0000] {local_task_job_runner.py:228} INFO - Task exited with return code 0
[2025-10-28T00:39:48.617+0000] {taskinstance.py:2778} INFO - 1 downstream tasks scheduled from follow-on schedule check
[2025-10-28T01:26:42.698+0000] {taskinstance.py:1159} INFO - Dependencies all met for dep_context=non-requeueable deps ti=<TaskInstance: hiring_dynamic.decide_download scheduled__2024-10-05T15:00:00+00:00 [queued]>
[2025-10-28T01:26:42.701+0000] {taskinstance.py:1159} INFO - Dependencies all met for dep_context=requeueable deps ti=<TaskInstance: hiring_dynamic.decide_download scheduled__2024-10-05T15:00:00+00:00 [queued]>
[2025-10-28T01:26:42.702+0000] {taskinstance.py:1361} INFO - Starting attempt 1 of 1
[2025-10-28T01:26:42.707+0000] {taskinstance.py:1382} INFO - Executing <Task(BranchPythonOperator): decide_download> on 2024-10-05 15:00:00+00:00
[2025-10-28T01:26:42.711+0000] {standard_task_runner.py:57} INFO - Started process 425 to run task
[2025-10-28T01:26:42.717+0000] {standard_task_runner.py:84} INFO - Running: ['airflow', 'tasks', 'run', 'hiring_dynamic', 'decide_download', 'scheduled__2024-10-05T15:00:00+00:00', '--job-id', '4', '--raw', '--subdir', 'DAGS_FOLDER/dag_dynamic.py', '--cfg-path', '/tmp/tmp38krzjbg']
[2025-10-28T01:26:42.718+0000] {standard_task_runner.py:85} INFO - Job 4: Subtask decide_download
[2025-10-28T01:26:42.861+0000] {task_command.py:416} INFO - Running <TaskInstance: hiring_dynamic.decide_download scheduled__2024-10-05T15:00:00+00:00 [running]> on host c46dbfd34b1f
[2025-10-28T01:26:42.962+0000] {taskinstance.py:1662} INFO - Exporting env vars: AIRFLOW_CTX_DAG_OWNER='airflow' AIRFLOW_CTX_DAG_ID='hiring_dynamic' AIRFLOW_CTX_TASK_ID='decide_download' AIRFLOW_CTX_EXECUTION_DATE='2024-10-05T15:00:00+00:00' AIRFLOW_CTX_TRY_NUMBER='1' AIRFLOW_CTX_DAG_RUN_ID='scheduled__2024-10-05T15:00:00+00:00'
[2025-10-28T01:26:42.967+0000] {logging_mixin.py:154} INFO - Fecha 2024-10-05 < 2024-11-01: descargando solo data_1
[2025-10-28T01:26:42.967+0000] {python.py:194} INFO - Done. Returned value was: download_data_1_only
[2025-10-28T01:26:42.967+0000] {python.py:227} INFO - Branch callable return download_data_1_only
[2025-10-28T01:26:42.967+0000] {skipmixin.py:173} INFO - Following branch download_data_1_only
[2025-10-28T01:26:42.972+0000] {skipmixin.py:239} INFO - Skipping tasks [('download_data_2', -1), ('download_data_1', -1)]
[2025-10-28T01:26:42.994+0000] {taskinstance.py:1400} INFO - Marking task as SUCCESS. dag_id=hiring_dynamic, task_id=decide_download, execution_date=20241005T150000, start_date=20251028T012642, end_date=20251028T012642
[2025-10-28T01:26:43.036+0000] {local_task_job_runner.py:228} INFO - Task exited with return code 0
[2025-10-28T01:26:43.052+0000] {taskinstance.py:2778} INFO - 1 downstream tasks scheduled from follow-on schedule check
