[2025-10-28T00:43:17.453+0000] {taskinstance.py:1159} INFO - Dependencies all met for dep_context=non-requeueable deps ti=<TaskInstance: hiring_dynamic.download_data_2 scheduled__2025-06-05T15:00:00+00:00 [queued]>
[2025-10-28T00:43:17.456+0000] {taskinstance.py:1159} INFO - Dependencies all met for dep_context=requeueable deps ti=<TaskInstance: hiring_dynamic.download_data_2 scheduled__2025-06-05T15:00:00+00:00 [queued]>
[2025-10-28T00:43:17.456+0000] {taskinstance.py:1361} INFO - Starting attempt 1 of 1
[2025-10-28T00:43:17.462+0000] {taskinstance.py:1382} INFO - Executing <Task(BashOperator): download_data_2> on 2025-06-05 15:00:00+00:00
[2025-10-28T00:43:17.465+0000] {standard_task_runner.py:57} INFO - Started process 1704 to run task
[2025-10-28T00:43:17.468+0000] {standard_task_runner.py:84} INFO - Running: ['airflow', 'tasks', 'run', 'hiring_dynamic', 'download_data_2', 'scheduled__2025-06-05T15:00:00+00:00', '--job-id', '75', '--raw', '--subdir', 'DAGS_FOLDER/dag_dynamic.py', '--cfg-path', '/tmp/tmpuzzftwp6']
[2025-10-28T00:43:17.468+0000] {standard_task_runner.py:85} INFO - Job 75: Subtask download_data_2
[2025-10-28T00:43:17.485+0000] {task_command.py:416} INFO - Running <TaskInstance: hiring_dynamic.download_data_2 scheduled__2025-06-05T15:00:00+00:00 [running]> on host d1f69dfe6243
[2025-10-28T00:43:17.511+0000] {taskinstance.py:1662} INFO - Exporting env vars: AIRFLOW_CTX_DAG_OWNER='airflow' AIRFLOW_CTX_DAG_ID='hiring_dynamic' AIRFLOW_CTX_TASK_ID='download_data_2' AIRFLOW_CTX_EXECUTION_DATE='2025-06-05T15:00:00+00:00' AIRFLOW_CTX_TRY_NUMBER='1' AIRFLOW_CTX_DAG_RUN_ID='scheduled__2025-06-05T15:00:00+00:00'
[2025-10-28T00:43:17.511+0000] {subprocess.py:63} INFO - Tmp dir root location: /tmp
[2025-10-28T00:43:17.512+0000] {subprocess.py:75} INFO - Running command: ['/bin/bash', '-c', '\n        RAW_DIR="/opt/airflow/data/dynamic/2025-06-05/raw"\n        mkdir -p "$RAW_DIR"\n        curl -L -f -o "$RAW_DIR/data_2.csv" https://gitlab.com/eduardomoyab/laboratorio-13/-/raw/main/files/data_2.csv\n        echo \'✅ Archivo data_2.csv descargado exitosamente\'\n        ls -lh "$RAW_DIR/data_2.csv"\n    ']
[2025-10-28T00:43:17.517+0000] {subprocess.py:86} INFO - Output:
[2025-10-28T00:43:17.523+0000] {subprocess.py:93} INFO -   % Total    % Received % Xferd  Average Speed   Time    Time     Time  Current
[2025-10-28T00:43:17.523+0000] {subprocess.py:93} INFO -                                  Dload  Upload   Total   Spent    Left  Speed
[2025-10-28T00:43:17.603+0000] {subprocess.py:93} INFO -   0     0    0     0    0     0      0      0 --:--:-- --:--:-- --:--:--     0100 32687  100 32687    0     0   399k      0 --:--:-- --:--:-- --:--:--  399k
[2025-10-28T00:43:17.605+0000] {subprocess.py:93} INFO - ✅ Archivo data_2.csv descargado exitosamente
[2025-10-28T00:43:17.607+0000] {subprocess.py:93} INFO - -rw-r--r-- 1 airflow root 32K Oct 28 00:43 /opt/airflow/data/dynamic/2025-06-05/raw/data_2.csv
[2025-10-28T00:43:17.607+0000] {subprocess.py:97} INFO - Command exited with return code 0
[2025-10-28T00:43:17.618+0000] {taskinstance.py:1400} INFO - Marking task as SUCCESS. dag_id=hiring_dynamic, task_id=download_data_2, execution_date=20250605T150000, start_date=20251028T004317, end_date=20251028T004317
[2025-10-28T00:43:17.655+0000] {local_task_job_runner.py:228} INFO - Task exited with return code 0
[2025-10-28T00:43:17.667+0000] {taskinstance.py:2778} INFO - 0 downstream tasks scheduled from follow-on schedule check
[2025-10-28T01:30:00.723+0000] {taskinstance.py:1159} INFO - Dependencies all met for dep_context=non-requeueable deps ti=<TaskInstance: hiring_dynamic.download_data_2 scheduled__2025-06-05T15:00:00+00:00 [queued]>
[2025-10-28T01:30:00.727+0000] {taskinstance.py:1159} INFO - Dependencies all met for dep_context=requeueable deps ti=<TaskInstance: hiring_dynamic.download_data_2 scheduled__2025-06-05T15:00:00+00:00 [queued]>
[2025-10-28T01:30:00.727+0000] {taskinstance.py:1361} INFO - Starting attempt 1 of 1
[2025-10-28T01:30:00.732+0000] {taskinstance.py:1382} INFO - Executing <Task(BashOperator): download_data_2> on 2025-06-05 15:00:00+00:00
[2025-10-28T01:30:00.737+0000] {standard_task_runner.py:57} INFO - Started process 1731 to run task
[2025-10-28T01:30:00.740+0000] {standard_task_runner.py:84} INFO - Running: ['airflow', 'tasks', 'run', 'hiring_dynamic', 'download_data_2', 'scheduled__2025-06-05T15:00:00+00:00', '--job-id', '65', '--raw', '--subdir', 'DAGS_FOLDER/dag_dynamic.py', '--cfg-path', '/tmp/tmp0rw5zfdy']
[2025-10-28T01:30:00.740+0000] {standard_task_runner.py:85} INFO - Job 65: Subtask download_data_2
[2025-10-28T01:30:00.756+0000] {task_command.py:416} INFO - Running <TaskInstance: hiring_dynamic.download_data_2 scheduled__2025-06-05T15:00:00+00:00 [running]> on host c46dbfd34b1f
[2025-10-28T01:30:00.783+0000] {taskinstance.py:1662} INFO - Exporting env vars: AIRFLOW_CTX_DAG_OWNER='airflow' AIRFLOW_CTX_DAG_ID='hiring_dynamic' AIRFLOW_CTX_TASK_ID='download_data_2' AIRFLOW_CTX_EXECUTION_DATE='2025-06-05T15:00:00+00:00' AIRFLOW_CTX_TRY_NUMBER='1' AIRFLOW_CTX_DAG_RUN_ID='scheduled__2025-06-05T15:00:00+00:00'
[2025-10-28T01:30:00.784+0000] {subprocess.py:63} INFO - Tmp dir root location: /tmp
[2025-10-28T01:30:00.784+0000] {subprocess.py:75} INFO - Running command: ['/bin/bash', '-c', '\n        RAW_DIR="/opt/airflow/data/dynamic/2025-06-05/raw"\n        mkdir -p "$RAW_DIR"\n        curl -L -f -o "$RAW_DIR/data_2.csv" https://gitlab.com/eduardomoyab/laboratorio-13/-/raw/main/files/data_2.csv\n        echo \'✅ Archivo data_2.csv descargado exitosamente\'\n        ls -lh "$RAW_DIR/data_2.csv"\n    ']
[2025-10-28T01:30:00.794+0000] {subprocess.py:86} INFO - Output:
[2025-10-28T01:30:00.801+0000] {subprocess.py:93} INFO -   % Total    % Received % Xferd  Average Speed   Time    Time     Time  Current
[2025-10-28T01:30:00.801+0000] {subprocess.py:93} INFO -                                  Dload  Upload   Total   Spent    Left  Speed
[2025-10-28T01:30:00.885+0000] {subprocess.py:93} INFO -   0     0    0     0    0     0      0      0 --:--:-- --:--:-- --:--:--     0100 32687  100 32687    0     0   380k      0 --:--:-- --:--:-- --:--:--  380k
[2025-10-28T01:30:00.887+0000] {subprocess.py:93} INFO - ✅ Archivo data_2.csv descargado exitosamente
[2025-10-28T01:30:00.889+0000] {subprocess.py:93} INFO - -rw-r--r-- 1 airflow root 32K Oct 28 01:30 /opt/airflow/data/dynamic/2025-06-05/raw/data_2.csv
[2025-10-28T01:30:00.889+0000] {subprocess.py:97} INFO - Command exited with return code 0
[2025-10-28T01:30:00.901+0000] {taskinstance.py:1400} INFO - Marking task as SUCCESS. dag_id=hiring_dynamic, task_id=download_data_2, execution_date=20250605T150000, start_date=20251028T013000, end_date=20251028T013000
[2025-10-28T01:30:00.924+0000] {local_task_job_runner.py:228} INFO - Task exited with return code 0
[2025-10-28T01:30:00.936+0000] {taskinstance.py:2778} INFO - 0 downstream tasks scheduled from follow-on schedule check
