[2025-11-17T16:07:26.086+0000] {taskinstance.py:1159} INFO - Dependencies all met for dep_context=non-requeueable deps ti=<TaskInstance: sodai_drinks_production_pipeline.extract_data manual__2025-11-17T16:07:24.438293+00:00 [queued]>
[2025-11-17T16:07:26.090+0000] {taskinstance.py:1159} INFO - Dependencies all met for dep_context=requeueable deps ti=<TaskInstance: sodai_drinks_production_pipeline.extract_data manual__2025-11-17T16:07:24.438293+00:00 [queued]>
[2025-11-17T16:07:26.091+0000] {taskinstance.py:1361} INFO - Starting attempt 1 of 2
[2025-11-17T16:07:26.099+0000] {taskinstance.py:1382} INFO - Executing <Task(PythonOperator): extract_data> on 2025-11-17 16:07:24.438293+00:00
[2025-11-17T16:07:26.108+0000] {standard_task_runner.py:57} INFO - Started process 13306 to run task
[2025-11-17T16:07:26.112+0000] {standard_task_runner.py:84} INFO - Running: ['***', 'tasks', 'run', 'sodai_drinks_production_pipeline', 'extract_data', 'manual__2025-11-17T16:07:24.438293+00:00', '--job-id', '6', '--raw', '--subdir', 'DAGS_FOLDER/pipeline_productivo.py', '--cfg-path', '/tmp/tmp2lflrfla']
[2025-11-17T16:07:26.115+0000] {standard_task_runner.py:85} INFO - Job 6: Subtask extract_data
[2025-11-17T16:07:26.154+0000] {task_command.py:416} INFO - Running <TaskInstance: sodai_drinks_production_pipeline.extract_data manual__2025-11-17T16:07:24.438293+00:00 [running]> on host d1f907c36040
[2025-11-17T16:07:26.205+0000] {taskinstance.py:1662} INFO - Exporting env vars: AIRFLOW_CTX_DAG_EMAIL='team@sodaidrinks.com' AIRFLOW_CTX_DAG_OWNER='sodai_drinks_team' AIRFLOW_CTX_DAG_ID='sodai_drinks_production_pipeline' AIRFLOW_CTX_TASK_ID='extract_data' AIRFLOW_CTX_EXECUTION_DATE='2025-11-17T16:07:24.438293+00:00' AIRFLOW_CTX_TRY_NUMBER='1' AIRFLOW_CTX_DAG_RUN_ID='manual__2025-11-17T16:07:24.438293+00:00'
[2025-11-17T16:07:26.206+0000] {data_extraction.py:25} INFO - Iniciando extracción de datos...
[2025-11-17T16:07:26.259+0000] {data_extraction.py:47} INFO - Datos base cargados - Transacciones totales: 254936
[2025-11-17T16:07:26.493+0000] {taskinstance.py:1937} ERROR - Task failed with exception
Traceback (most recent call last):
  File "/home/airflow/.local/lib/python3.10/site-packages/airflow/operators/python.py", line 192, in execute
    return_value = self.execute_callable()
  File "/home/airflow/.local/lib/python3.10/site-packages/airflow/operators/python.py", line 209, in execute_callable
    return self.python_callable(*self.op_args, **self.op_kwargs)
  File "/opt/airflow/dags/tasks/data_extraction.py", line 53, in extract_data
    fecha_primera_semana = fecha_minima + timedelta(days=7)
NameError: name 'timedelta' is not defined
[2025-11-17T16:07:26.501+0000] {taskinstance.py:1400} INFO - Marking task as UP_FOR_RETRY. dag_id=sodai_drinks_production_pipeline, task_id=extract_data, execution_date=20251117T160724, start_date=20251117T160726, end_date=20251117T160726
[2025-11-17T16:07:26.508+0000] {standard_task_runner.py:104} ERROR - Failed to execute job 6 for task extract_data (name 'timedelta' is not defined; 13306)
[2025-11-17T16:07:26.571+0000] {local_task_job_runner.py:228} INFO - Task exited with return code 1
[2025-11-17T16:07:26.591+0000] {taskinstance.py:2778} INFO - 0 downstream tasks scheduled from follow-on schedule check
