[2025-12-05T03:30:12.121+0000] {taskinstance.py:1159} INFO - Dependencies all met for dep_context=non-requeueable deps ti=<TaskInstance: sodai_drinks_production_pipeline.detect_drift manual__2025-12-05T03:30:03+00:00 [queued]>
[2025-12-05T03:30:12.127+0000] {taskinstance.py:1159} INFO - Dependencies all met for dep_context=requeueable deps ti=<TaskInstance: sodai_drinks_production_pipeline.detect_drift manual__2025-12-05T03:30:03+00:00 [queued]>
[2025-12-05T03:30:12.127+0000] {taskinstance.py:1361} INFO - Starting attempt 1 of 2
[2025-12-05T03:30:12.135+0000] {taskinstance.py:1382} INFO - Executing <Task(PythonOperator): detect_drift> on 2025-12-05 03:30:03+00:00
[2025-12-05T03:30:12.145+0000] {standard_task_runner.py:57} INFO - Started process 2912 to run task
[2025-12-05T03:30:12.148+0000] {standard_task_runner.py:84} INFO - Running: ['***', 'tasks', 'run', 'sodai_drinks_production_pipeline', 'detect_drift', 'manual__2025-12-05T03:30:03+00:00', '--job-id', '32', '--raw', '--subdir', 'DAGS_FOLDER/pipeline_productivo.py', '--cfg-path', '/tmp/tmpw2kkjg8s']
[2025-12-05T03:30:12.150+0000] {standard_task_runner.py:85} INFO - Job 32: Subtask detect_drift
[2025-12-05T03:30:12.186+0000] {task_command.py:416} INFO - Running <TaskInstance: sodai_drinks_production_pipeline.detect_drift manual__2025-12-05T03:30:03+00:00 [running]> on host d63631a18ada
[2025-12-05T03:30:12.242+0000] {taskinstance.py:1662} INFO - Exporting env vars: AIRFLOW_CTX_DAG_EMAIL='team@sodaidrinks.com' AIRFLOW_CTX_DAG_OWNER='sodai_drinks_team' AIRFLOW_CTX_DAG_ID='sodai_drinks_production_pipeline' AIRFLOW_CTX_TASK_ID='detect_drift' AIRFLOW_CTX_EXECUTION_DATE='2025-12-05T03:30:03+00:00' AIRFLOW_CTX_TRY_NUMBER='1' AIRFLOW_CTX_DAG_RUN_ID='manual__2025-12-05T03:30:03+00:00'
[2025-12-05T03:30:12.244+0000] {drift_detection.py:80} INFO - Iniciando detección de drift...
[2025-12-05T03:30:12.492+0000] {drift_detection.py:110} INFO - Datos de referencia: 10206 registros
[2025-12-05T03:30:12.492+0000] {drift_detection.py:111} INFO - Datos actuales: 9844 registros
[2025-12-05T03:30:12.494+0000] {drift_detection.py:119} INFO - Analizando drift en 15 features numéricas
[2025-12-05T03:30:12.499+0000] {drift_detection.py:30} INFO - KS Test - Statistic: 0.1167, P-value: 0.0000
[2025-12-05T03:30:12.501+0000] {drift_detection.py:65} INFO - PSI: 0.1627
[2025-12-05T03:30:12.501+0000] {drift_detection.py:153} WARNING - Drift detectado en feature 'Y' - PSI: 0.1627, KS p-value: 0.0000
[2025-12-05T03:30:12.505+0000] {drift_detection.py:30} INFO - KS Test - Statistic: 0.1440, P-value: 0.0000
[2025-12-05T03:30:12.507+0000] {drift_detection.py:65} INFO - PSI: 0.0080
[2025-12-05T03:30:12.507+0000] {drift_detection.py:153} WARNING - Drift detectado en feature 'X' - PSI: 0.0080, KS p-value: 0.0000
[2025-12-05T03:30:12.512+0000] {drift_detection.py:30} INFO - KS Test - Statistic: 0.0221, P-value: 0.0147
[2025-12-05T03:30:12.513+0000] {drift_detection.py:65} INFO - PSI: 0.0070
[2025-12-05T03:30:12.513+0000] {drift_detection.py:153} WARNING - Drift detectado en feature 'size' - PSI: 0.0070, KS p-value: 0.0147
[2025-12-05T03:30:12.514+0000] {drift_detection.py:30} INFO - KS Test - Statistic: 0.8203, P-value: 0.0000
[2025-12-05T03:30:12.514+0000] {drift_detection.py:65} INFO - PSI: 0.0016
[2025-12-05T03:30:12.515+0000] {drift_detection.py:153} WARNING - Drift detectado en feature 'num_deliver_per_week' - PSI: 0.0016, KS p-value: 0.0000
[2025-12-05T03:30:12.519+0000] {drift_detection.py:30} INFO - KS Test - Statistic: 0.0039, P-value: 1.0000
[2025-12-05T03:30:12.520+0000] {drift_detection.py:65} INFO - PSI: 0.0000
[2025-12-05T03:30:12.539+0000] {drift_detection.py:165} WARNING - DRIFT DETECTADO - Se recomienda reentrenamiento del modelo
[2025-12-05T03:30:12.547+0000] {python.py:194} INFO - Done. Returned value was: {'status': 'success', 'has_drift': True, 'features_analyzed': 15, 'drift_results': {'Y': {'ks_statistic': 0.1167208451848842, 'ks_p_value': 6.187476772147856e-60, 'ks_drift': True, 'psi': 0.16268586297178633, 'psi_drift': True}, 'X': {'ks_statistic': 0.1440329218106996, 'ks_p_value': 3.5275015130779957e-91, 'ks_drift': True, 'psi': 0.007950918730937603, 'psi_drift': False}, 'size': {'ks_statistic': 0.022101335806243516, 'ks_p_value': 0.014737793055213364, 'ks_drift': True, 'psi': 0.0069592322402563436, 'psi_drift': False}, 'num_deliver_per_week': {'ks_statistic': 0.8203145634707631, 'ks_p_value': 0.0, 'ks_drift': True, 'psi': 0.0016332435940587574, 'psi_drift': False}, 'segment': {'ks_statistic': 0.003941280168950345, 'ks_p_value': 0.9999984897515113, 'ks_drift': False, 'psi': 1.97215226305253e-31, 'psi_drift': False}}}
[2025-12-05T03:30:12.560+0000] {taskinstance.py:1400} INFO - Marking task as SUCCESS. dag_id=sodai_drinks_production_pipeline, task_id=detect_drift, execution_date=20251205T033003, start_date=20251205T033012, end_date=20251205T033012
[2025-12-05T03:30:12.603+0000] {local_task_job_runner.py:228} INFO - Task exited with return code 0
[2025-12-05T03:30:12.624+0000] {taskinstance.py:2778} INFO - 1 downstream tasks scheduled from follow-on schedule check
