[2025-10-28T00:40:04.191+0000] {taskinstance.py:1159} INFO - Dependencies all met for dep_context=non-requeueable deps ti=<TaskInstance: hiring_dynamic.decide_download scheduled__2024-12-05T15:00:00+00:00 [queued]>
[2025-10-28T00:40:04.194+0000] {taskinstance.py:1159} INFO - Dependencies all met for dep_context=requeueable deps ti=<TaskInstance: hiring_dynamic.decide_download scheduled__2024-12-05T15:00:00+00:00 [queued]>
[2025-10-28T00:40:04.195+0000] {taskinstance.py:1361} INFO - Starting attempt 1 of 1
[2025-10-28T00:40:04.204+0000] {taskinstance.py:1382} INFO - Executing <Task(BranchPythonOperator): decide_download> on 2024-12-05 15:00:00+00:00
[2025-10-28T00:40:04.221+0000] {standard_task_runner.py:57} INFO - Started process 306 to run task
[2025-10-28T00:40:04.228+0000] {standard_task_runner.py:84} INFO - Running: ['airflow', 'tasks', 'run', 'hiring_dynamic', 'decide_download', 'scheduled__2024-12-05T15:00:00+00:00', '--job-id', '11', '--raw', '--subdir', 'DAGS_FOLDER/dag_dynamic.py', '--cfg-path', '/tmp/tmp976e0196']
[2025-10-28T00:40:04.229+0000] {standard_task_runner.py:85} INFO - Job 11: Subtask decide_download
[2025-10-28T00:40:04.266+0000] {task_command.py:416} INFO - Running <TaskInstance: hiring_dynamic.decide_download scheduled__2024-12-05T15:00:00+00:00 [running]> on host d1f69dfe6243
[2025-10-28T00:40:04.310+0000] {taskinstance.py:1662} INFO - Exporting env vars: AIRFLOW_CTX_DAG_OWNER='airflow' AIRFLOW_CTX_DAG_ID='hiring_dynamic' AIRFLOW_CTX_TASK_ID='decide_download' AIRFLOW_CTX_EXECUTION_DATE='2024-12-05T15:00:00+00:00' AIRFLOW_CTX_TRY_NUMBER='1' AIRFLOW_CTX_DAG_RUN_ID='scheduled__2024-12-05T15:00:00+00:00'
[2025-10-28T00:40:04.311+0000] {logging_mixin.py:154} INFO - Fecha 2024-12-05 >= 2024-11-01: descargando data_1 y data_2
[2025-10-28T00:40:04.312+0000] {python.py:194} INFO - Done. Returned value was: ['download_data_1', 'download_data_2']
[2025-10-28T00:40:04.312+0000] {python.py:227} INFO - Branch callable return ['download_data_1', 'download_data_2']
[2025-10-28T00:40:04.312+0000] {skipmixin.py:173} INFO - Following branch ['download_data_1', 'download_data_2']
[2025-10-28T00:40:04.316+0000] {skipmixin.py:239} INFO - Skipping tasks [('download_data_1_only', -1)]
[2025-10-28T00:40:04.329+0000] {taskinstance.py:1400} INFO - Marking task as SUCCESS. dag_id=hiring_dynamic, task_id=decide_download, execution_date=20241205T150000, start_date=20251028T004004, end_date=20251028T004004
[2025-10-28T00:40:04.375+0000] {local_task_job_runner.py:228} INFO - Task exited with return code 0
[2025-10-28T00:40:04.394+0000] {taskinstance.py:2778} INFO - 2 downstream tasks scheduled from follow-on schedule check
[2025-10-28T01:26:57.034+0000] {taskinstance.py:1159} INFO - Dependencies all met for dep_context=non-requeueable deps ti=<TaskInstance: hiring_dynamic.decide_download scheduled__2024-12-05T15:00:00+00:00 [queued]>
[2025-10-28T01:26:57.038+0000] {taskinstance.py:1159} INFO - Dependencies all met for dep_context=requeueable deps ti=<TaskInstance: hiring_dynamic.decide_download scheduled__2024-12-05T15:00:00+00:00 [queued]>
[2025-10-28T01:26:57.038+0000] {taskinstance.py:1361} INFO - Starting attempt 1 of 1
[2025-10-28T01:26:57.044+0000] {taskinstance.py:1382} INFO - Executing <Task(BranchPythonOperator): decide_download> on 2024-12-05 15:00:00+00:00
[2025-10-28T01:26:57.051+0000] {standard_task_runner.py:57} INFO - Started process 524 to run task
[2025-10-28T01:26:57.054+0000] {standard_task_runner.py:84} INFO - Running: ['airflow', 'tasks', 'run', 'hiring_dynamic', 'decide_download', 'scheduled__2024-12-05T15:00:00+00:00', '--job-id', '9', '--raw', '--subdir', 'DAGS_FOLDER/dag_dynamic.py', '--cfg-path', '/tmp/tmpzhqv_w1t']
[2025-10-28T01:26:57.055+0000] {standard_task_runner.py:85} INFO - Job 9: Subtask decide_download
[2025-10-28T01:26:57.077+0000] {task_command.py:416} INFO - Running <TaskInstance: hiring_dynamic.decide_download scheduled__2024-12-05T15:00:00+00:00 [running]> on host c46dbfd34b1f
[2025-10-28T01:26:57.100+0000] {taskinstance.py:1662} INFO - Exporting env vars: AIRFLOW_CTX_DAG_OWNER='airflow' AIRFLOW_CTX_DAG_ID='hiring_dynamic' AIRFLOW_CTX_TASK_ID='decide_download' AIRFLOW_CTX_EXECUTION_DATE='2024-12-05T15:00:00+00:00' AIRFLOW_CTX_TRY_NUMBER='1' AIRFLOW_CTX_DAG_RUN_ID='scheduled__2024-12-05T15:00:00+00:00'
[2025-10-28T01:26:57.101+0000] {logging_mixin.py:154} INFO - Fecha 2024-12-05 >= 2024-11-01: descargando data_1 y data_2
[2025-10-28T01:26:57.101+0000] {python.py:194} INFO - Done. Returned value was: ['download_data_1', 'download_data_2']
[2025-10-28T01:26:57.101+0000] {python.py:227} INFO - Branch callable return ['download_data_1', 'download_data_2']
[2025-10-28T01:26:57.101+0000] {skipmixin.py:173} INFO - Following branch ['download_data_1', 'download_data_2']
[2025-10-28T01:26:57.105+0000] {skipmixin.py:239} INFO - Skipping tasks [('download_data_1_only', -1)]
[2025-10-28T01:26:57.118+0000] {taskinstance.py:1400} INFO - Marking task as SUCCESS. dag_id=hiring_dynamic, task_id=decide_download, execution_date=20241205T150000, start_date=20251028T012657, end_date=20251028T012657
[2025-10-28T01:26:57.153+0000] {local_task_job_runner.py:228} INFO - Task exited with return code 0
[2025-10-28T01:26:57.169+0000] {taskinstance.py:2778} INFO - 2 downstream tasks scheduled from follow-on schedule check
