[2025-10-28T00:40:49.106+0000] {taskinstance.py:1159} INFO - Dependencies all met for dep_context=non-requeueable deps ti=<TaskInstance: hiring_dynamic.decide_download scheduled__2025-03-05T15:00:00+00:00 [queued]>
[2025-10-28T00:40:49.109+0000] {taskinstance.py:1159} INFO - Dependencies all met for dep_context=requeueable deps ti=<TaskInstance: hiring_dynamic.decide_download scheduled__2025-03-05T15:00:00+00:00 [queued]>
[2025-10-28T00:40:49.109+0000] {taskinstance.py:1361} INFO - Starting attempt 1 of 1
[2025-10-28T00:40:49.114+0000] {taskinstance.py:1382} INFO - Executing <Task(BranchPythonOperator): decide_download> on 2025-03-05 15:00:00+00:00
[2025-10-28T00:40:49.131+0000] {standard_task_runner.py:57} INFO - Started process 679 to run task
[2025-10-28T00:40:49.133+0000] {standard_task_runner.py:84} INFO - Running: ['airflow', 'tasks', 'run', 'hiring_dynamic', 'decide_download', 'scheduled__2025-03-05T15:00:00+00:00', '--job-id', '29', '--raw', '--subdir', 'DAGS_FOLDER/dag_dynamic.py', '--cfg-path', '/tmp/tmpl36kk25x']
[2025-10-28T00:40:49.134+0000] {standard_task_runner.py:85} INFO - Job 29: Subtask decide_download
[2025-10-28T00:40:49.150+0000] {task_command.py:416} INFO - Running <TaskInstance: hiring_dynamic.decide_download scheduled__2025-03-05T15:00:00+00:00 [running]> on host d1f69dfe6243
[2025-10-28T00:40:49.173+0000] {taskinstance.py:1662} INFO - Exporting env vars: AIRFLOW_CTX_DAG_OWNER='airflow' AIRFLOW_CTX_DAG_ID='hiring_dynamic' AIRFLOW_CTX_TASK_ID='decide_download' AIRFLOW_CTX_EXECUTION_DATE='2025-03-05T15:00:00+00:00' AIRFLOW_CTX_TRY_NUMBER='1' AIRFLOW_CTX_DAG_RUN_ID='scheduled__2025-03-05T15:00:00+00:00'
[2025-10-28T00:40:49.174+0000] {logging_mixin.py:154} INFO - Fecha 2025-03-05 >= 2024-11-01: descargando data_1 y data_2
[2025-10-28T00:40:49.174+0000] {python.py:194} INFO - Done. Returned value was: ['download_data_1', 'download_data_2']
[2025-10-28T00:40:49.174+0000] {python.py:227} INFO - Branch callable return ['download_data_1', 'download_data_2']
[2025-10-28T00:40:49.174+0000] {skipmixin.py:173} INFO - Following branch ['download_data_1', 'download_data_2']
[2025-10-28T00:40:49.178+0000] {skipmixin.py:239} INFO - Skipping tasks [('download_data_1_only', -1)]
[2025-10-28T00:40:49.187+0000] {taskinstance.py:1400} INFO - Marking task as SUCCESS. dag_id=hiring_dynamic, task_id=decide_download, execution_date=20250305T150000, start_date=20251028T004049, end_date=20251028T004049
[2025-10-28T00:40:49.195+0000] {local_task_job_runner.py:228} INFO - Task exited with return code 0
[2025-10-28T00:40:49.210+0000] {taskinstance.py:2778} INFO - 2 downstream tasks scheduled from follow-on schedule check
[2025-10-28T01:27:37.593+0000] {taskinstance.py:1159} INFO - Dependencies all met for dep_context=non-requeueable deps ti=<TaskInstance: hiring_dynamic.decide_download scheduled__2025-03-05T15:00:00+00:00 [queued]>
[2025-10-28T01:27:37.596+0000] {taskinstance.py:1159} INFO - Dependencies all met for dep_context=requeueable deps ti=<TaskInstance: hiring_dynamic.decide_download scheduled__2025-03-05T15:00:00+00:00 [queued]>
[2025-10-28T01:27:37.597+0000] {taskinstance.py:1361} INFO - Starting attempt 1 of 1
[2025-10-28T01:27:37.603+0000] {taskinstance.py:1382} INFO - Executing <Task(BranchPythonOperator): decide_download> on 2025-03-05 15:00:00+00:00
[2025-10-28T01:27:37.614+0000] {standard_task_runner.py:57} INFO - Started process 827 to run task
[2025-10-28T01:27:37.618+0000] {standard_task_runner.py:84} INFO - Running: ['airflow', 'tasks', 'run', 'hiring_dynamic', 'decide_download', 'scheduled__2025-03-05T15:00:00+00:00', '--job-id', '24', '--raw', '--subdir', 'DAGS_FOLDER/dag_dynamic.py', '--cfg-path', '/tmp/tmp5s3nj_3g']
[2025-10-28T01:27:37.619+0000] {standard_task_runner.py:85} INFO - Job 24: Subtask decide_download
[2025-10-28T01:27:37.642+0000] {task_command.py:416} INFO - Running <TaskInstance: hiring_dynamic.decide_download scheduled__2025-03-05T15:00:00+00:00 [running]> on host c46dbfd34b1f
[2025-10-28T01:27:37.669+0000] {taskinstance.py:1662} INFO - Exporting env vars: AIRFLOW_CTX_DAG_OWNER='airflow' AIRFLOW_CTX_DAG_ID='hiring_dynamic' AIRFLOW_CTX_TASK_ID='decide_download' AIRFLOW_CTX_EXECUTION_DATE='2025-03-05T15:00:00+00:00' AIRFLOW_CTX_TRY_NUMBER='1' AIRFLOW_CTX_DAG_RUN_ID='scheduled__2025-03-05T15:00:00+00:00'
[2025-10-28T01:27:37.670+0000] {logging_mixin.py:154} INFO - Fecha 2025-03-05 >= 2024-11-01: descargando data_1 y data_2
[2025-10-28T01:27:37.671+0000] {python.py:194} INFO - Done. Returned value was: ['download_data_1', 'download_data_2']
[2025-10-28T01:27:37.671+0000] {python.py:227} INFO - Branch callable return ['download_data_1', 'download_data_2']
[2025-10-28T01:27:37.671+0000] {skipmixin.py:173} INFO - Following branch ['download_data_1', 'download_data_2']
[2025-10-28T01:27:37.675+0000] {skipmixin.py:239} INFO - Skipping tasks [('download_data_1_only', -1)]
[2025-10-28T01:27:37.696+0000] {taskinstance.py:1400} INFO - Marking task as SUCCESS. dag_id=hiring_dynamic, task_id=decide_download, execution_date=20250305T150000, start_date=20251028T012737, end_date=20251028T012737
[2025-10-28T01:27:37.717+0000] {local_task_job_runner.py:228} INFO - Task exited with return code 0
[2025-10-28T01:27:37.742+0000] {taskinstance.py:2778} INFO - 2 downstream tasks scheduled from follow-on schedule check
