[2025-12-07T03:15:56.198+0000] {taskinstance.py:1159} INFO - Dependencies all met for dep_context=non-requeueable deps ti=<TaskInstance: sodai_drinks_production_pipeline.detect_drift manual__2025-12-07T03:10:41+00:00 [queued]>
[2025-12-07T03:15:56.202+0000] {taskinstance.py:1159} INFO - Dependencies all met for dep_context=requeueable deps ti=<TaskInstance: sodai_drinks_production_pipeline.detect_drift manual__2025-12-07T03:10:41+00:00 [queued]>
[2025-12-07T03:15:56.202+0000] {taskinstance.py:1361} INFO - Starting attempt 1 of 2
[2025-12-07T03:15:56.210+0000] {taskinstance.py:1382} INFO - Executing <Task(PythonOperator): detect_drift> on 2025-12-07 03:10:41+00:00
[2025-12-07T03:15:56.220+0000] {standard_task_runner.py:57} INFO - Started process 2590 to run task
[2025-12-07T03:15:56.223+0000] {standard_task_runner.py:84} INFO - Running: ['***', 'tasks', 'run', 'sodai_drinks_production_pipeline', 'detect_drift', 'manual__2025-12-07T03:10:41+00:00', '--job-id', '64', '--raw', '--subdir', 'DAGS_FOLDER/pipeline_productivo.py', '--cfg-path', '/tmp/tmpnd6y5aja']
[2025-12-07T03:15:56.225+0000] {standard_task_runner.py:85} INFO - Job 64: Subtask detect_drift
[2025-12-07T03:15:56.257+0000] {task_command.py:416} INFO - Running <TaskInstance: sodai_drinks_production_pipeline.detect_drift manual__2025-12-07T03:10:41+00:00 [running]> on host d63631a18ada
[2025-12-07T03:15:56.307+0000] {taskinstance.py:1662} INFO - Exporting env vars: AIRFLOW_CTX_DAG_EMAIL='team@sodaidrinks.com' AIRFLOW_CTX_DAG_OWNER='sodai_drinks_team' AIRFLOW_CTX_DAG_ID='sodai_drinks_production_pipeline' AIRFLOW_CTX_TASK_ID='detect_drift' AIRFLOW_CTX_EXECUTION_DATE='2025-12-07T03:10:41+00:00' AIRFLOW_CTX_TRY_NUMBER='1' AIRFLOW_CTX_DAG_RUN_ID='manual__2025-12-07T03:10:41+00:00'
[2025-12-07T03:15:56.308+0000] {drift_detection.py:80} INFO - Iniciando detección de drift...
[2025-12-07T03:15:56.345+0000] {drift_detection.py:110} INFO - Datos de referencia: 9732 registros
[2025-12-07T03:15:56.345+0000] {drift_detection.py:111} INFO - Datos actuales: 9732 registros
[2025-12-07T03:15:56.347+0000] {drift_detection.py:119} INFO - Analizando drift en 15 features numéricas
[2025-12-07T03:15:56.349+0000] {drift_detection.py:30} INFO - KS Test - Statistic: 0.0000, P-value: 1.0000
[2025-12-07T03:15:56.351+0000] {drift_detection.py:65} INFO - PSI: 0.0000
[2025-12-07T03:15:56.352+0000] {drift_detection.py:30} INFO - KS Test - Statistic: 0.0000, P-value: 1.0000
[2025-12-07T03:15:56.353+0000] {drift_detection.py:65} INFO - PSI: 0.0000
[2025-12-07T03:15:56.354+0000] {drift_detection.py:30} INFO - KS Test - Statistic: 0.0000, P-value: 1.0000
[2025-12-07T03:15:56.355+0000] {drift_detection.py:65} INFO - PSI: 0.0000
[2025-12-07T03:15:56.356+0000] {drift_detection.py:30} INFO - KS Test - Statistic: 0.0000, P-value: 1.0000
[2025-12-07T03:15:56.357+0000] {drift_detection.py:65} INFO - PSI: 0.0000
[2025-12-07T03:15:56.357+0000] {drift_detection.py:30} INFO - KS Test - Statistic: 0.0000, P-value: 1.0000
[2025-12-07T03:15:56.358+0000] {drift_detection.py:65} INFO - PSI: 0.0000
[2025-12-07T03:15:56.375+0000] {drift_detection.py:168} INFO - No se detectó drift significativo en los datos
[2025-12-07T03:15:56.382+0000] {python.py:194} INFO - Done. Returned value was: {'status': 'success', 'has_drift': False, 'features_analyzed': 15, 'drift_results': {'Y': {'ks_statistic': 0.0, 'ks_p_value': 1.0, 'ks_drift': False, 'psi': 0.0, 'psi_drift': False}, 'X': {'ks_statistic': 0.0, 'ks_p_value': 1.0, 'ks_drift': False, 'psi': 0.0, 'psi_drift': False}, 'size': {'ks_statistic': 0.0, 'ks_p_value': 1.0, 'ks_drift': False, 'psi': 0.0, 'psi_drift': False}, 'num_deliver_per_week': {'ks_statistic': 0.0, 'ks_p_value': 1.0, 'ks_drift': False, 'psi': 0.0, 'psi_drift': False}, 'segment': {'ks_statistic': 0.0, 'ks_p_value': 1.0, 'ks_drift': False, 'psi': 0.0, 'psi_drift': False}}}
[2025-12-07T03:15:56.395+0000] {taskinstance.py:1400} INFO - Marking task as SUCCESS. dag_id=sodai_drinks_production_pipeline, task_id=detect_drift, execution_date=20251207T031041, start_date=20251207T031556, end_date=20251207T031556
[2025-12-07T03:15:56.435+0000] {local_task_job_runner.py:228} INFO - Task exited with return code 0
[2025-12-07T03:15:56.453+0000] {taskinstance.py:2778} INFO - 1 downstream tasks scheduled from follow-on schedule check
