[2025-10-28T00:46:41.279+0000] {taskinstance.py:1159} INFO - Dependencies all met for dep_context=non-requeueable deps ti=<TaskInstance: hiring_dynamic.train_gradient_boosting scheduled__2025-09-05T15:00:00+00:00 [queued]>
[2025-10-28T00:46:41.282+0000] {taskinstance.py:1159} INFO - Dependencies all met for dep_context=requeueable deps ti=<TaskInstance: hiring_dynamic.train_gradient_boosting scheduled__2025-09-05T15:00:00+00:00 [queued]>
[2025-10-28T00:46:41.282+0000] {taskinstance.py:1361} INFO - Starting attempt 1 of 1
[2025-10-28T00:46:41.287+0000] {taskinstance.py:1382} INFO - Executing <Task(PythonOperator): train_gradient_boosting> on 2025-09-05 15:00:00+00:00
[2025-10-28T00:46:41.299+0000] {standard_task_runner.py:57} INFO - Started process 2986 to run task
[2025-10-28T00:46:41.302+0000] {standard_task_runner.py:84} INFO - Running: ['airflow', 'tasks', 'run', 'hiring_dynamic', 'train_gradient_boosting', 'scheduled__2025-09-05T15:00:00+00:00', '--job-id', '128', '--raw', '--subdir', 'DAGS_FOLDER/dag_dynamic.py', '--cfg-path', '/tmp/tmp25cr5x7m']
[2025-10-28T00:46:41.303+0000] {standard_task_runner.py:85} INFO - Job 128: Subtask train_gradient_boosting
[2025-10-28T00:46:41.329+0000] {task_command.py:416} INFO - Running <TaskInstance: hiring_dynamic.train_gradient_boosting scheduled__2025-09-05T15:00:00+00:00 [running]> on host d1f69dfe6243
[2025-10-28T00:46:41.374+0000] {taskinstance.py:1662} INFO - Exporting env vars: AIRFLOW_CTX_DAG_OWNER='airflow' AIRFLOW_CTX_DAG_ID='hiring_dynamic' AIRFLOW_CTX_TASK_ID='train_gradient_boosting' AIRFLOW_CTX_EXECUTION_DATE='2025-09-05T15:00:00+00:00' AIRFLOW_CTX_TRY_NUMBER='1' AIRFLOW_CTX_DAG_RUN_ID='scheduled__2025-09-05T15:00:00+00:00'
[2025-10-28T00:46:41.399+0000] {logging_mixin.py:154} INFO - Entrenando modelo: gradient_boosting
[2025-10-28T00:46:41.686+0000] {logging_mixin.py:154} INFO - Modelo gradient_boosting guardado en: /opt/airflow/data/dynamic/2025-09-05/models/gradient_boosting.joblib
[2025-10-28T00:46:41.691+0000] {python.py:194} INFO - Done. Returned value was: None
[2025-10-28T00:46:41.693+0000] {taskinstance.py:1400} INFO - Marking task as SUCCESS. dag_id=hiring_dynamic, task_id=train_gradient_boosting, execution_date=20250905T150000, start_date=20251028T004641, end_date=20251028T004641
[2025-10-28T00:46:41.733+0000] {local_task_job_runner.py:228} INFO - Task exited with return code 0
[2025-10-28T00:46:41.743+0000] {taskinstance.py:2778} INFO - 0 downstream tasks scheduled from follow-on schedule check
[2025-10-28T01:33:31.673+0000] {taskinstance.py:1159} INFO - Dependencies all met for dep_context=non-requeueable deps ti=<TaskInstance: hiring_dynamic.train_gradient_boosting scheduled__2025-09-05T15:00:00+00:00 [queued]>
[2025-10-28T01:33:31.677+0000] {taskinstance.py:1159} INFO - Dependencies all met for dep_context=requeueable deps ti=<TaskInstance: hiring_dynamic.train_gradient_boosting scheduled__2025-09-05T15:00:00+00:00 [queued]>
[2025-10-28T01:33:31.677+0000] {taskinstance.py:1361} INFO - Starting attempt 1 of 1
[2025-10-28T01:33:31.683+0000] {taskinstance.py:1382} INFO - Executing <Task(PythonOperator): train_gradient_boosting> on 2025-09-05 15:00:00+00:00
[2025-10-28T01:33:31.692+0000] {standard_task_runner.py:57} INFO - Started process 2976 to run task
[2025-10-28T01:33:31.695+0000] {standard_task_runner.py:84} INFO - Running: ['airflow', 'tasks', 'run', 'hiring_dynamic', 'train_gradient_boosting', 'scheduled__2025-09-05T15:00:00+00:00', '--job-id', '117', '--raw', '--subdir', 'DAGS_FOLDER/dag_dynamic.py', '--cfg-path', '/tmp/tmpdx8zozq8']
[2025-10-28T01:33:31.696+0000] {standard_task_runner.py:85} INFO - Job 117: Subtask train_gradient_boosting
[2025-10-28T01:33:31.718+0000] {task_command.py:416} INFO - Running <TaskInstance: hiring_dynamic.train_gradient_boosting scheduled__2025-09-05T15:00:00+00:00 [running]> on host c46dbfd34b1f
[2025-10-28T01:33:31.748+0000] {taskinstance.py:1662} INFO - Exporting env vars: AIRFLOW_CTX_DAG_OWNER='airflow' AIRFLOW_CTX_DAG_ID='hiring_dynamic' AIRFLOW_CTX_TASK_ID='train_gradient_boosting' AIRFLOW_CTX_EXECUTION_DATE='2025-09-05T15:00:00+00:00' AIRFLOW_CTX_TRY_NUMBER='1' AIRFLOW_CTX_DAG_RUN_ID='scheduled__2025-09-05T15:00:00+00:00'
[2025-10-28T01:33:31.755+0000] {logging_mixin.py:154} INFO - Entrenando modelo: gradient_boosting
[2025-10-28T01:33:32.035+0000] {logging_mixin.py:154} INFO - Modelo gradient_boosting guardado en: /opt/airflow/data/dynamic/2025-09-05/models/gradient_boosting.joblib
[2025-10-28T01:33:32.040+0000] {python.py:194} INFO - Done. Returned value was: None
[2025-10-28T01:33:32.042+0000] {taskinstance.py:1400} INFO - Marking task as SUCCESS. dag_id=hiring_dynamic, task_id=train_gradient_boosting, execution_date=20250905T150000, start_date=20251028T013331, end_date=20251028T013332
[2025-10-28T01:33:32.082+0000] {local_task_job_runner.py:228} INFO - Task exited with return code 0
[2025-10-28T01:33:32.095+0000] {taskinstance.py:2778} INFO - 0 downstream tasks scheduled from follow-on schedule check
