[2025-10-28T22:36:16.656+0000] {taskinstance.py:1159} INFO - Dependencies all met for dep_context=non-requeueable deps ti=<TaskInstance: sodai_drinks_production_pipeline.generate_predictions scheduled__2025-10-19T00:00:00+00:00 [queued]>
[2025-10-28T22:36:16.660+0000] {taskinstance.py:1159} INFO - Dependencies all met for dep_context=requeueable deps ti=<TaskInstance: sodai_drinks_production_pipeline.generate_predictions scheduled__2025-10-19T00:00:00+00:00 [queued]>
[2025-10-28T22:36:16.660+0000] {taskinstance.py:1361} INFO - Starting attempt 1 of 2
[2025-10-28T22:36:16.666+0000] {taskinstance.py:1382} INFO - Executing <Task(PythonOperator): generate_predictions> on 2025-10-19 00:00:00+00:00
[2025-10-28T22:36:16.677+0000] {standard_task_runner.py:57} INFO - Started process 404 to run task
[2025-10-28T22:36:16.680+0000] {standard_task_runner.py:84} INFO - Running: ['***', 'tasks', 'run', 'sodai_drinks_production_pipeline', 'generate_predictions', 'scheduled__2025-10-19T00:00:00+00:00', '--job-id', '50', '--raw', '--subdir', 'DAGS_FOLDER/pipeline_productivo.py', '--cfg-path', '/tmp/tmpzwqp5v4u']
[2025-10-28T22:36:16.683+0000] {standard_task_runner.py:85} INFO - Job 50: Subtask generate_predictions
[2025-10-28T22:36:16.723+0000] {task_command.py:416} INFO - Running <TaskInstance: sodai_drinks_production_pipeline.generate_predictions scheduled__2025-10-19T00:00:00+00:00 [running]> on host ee70ee0df05e
[2025-10-28T22:36:16.776+0000] {taskinstance.py:1662} INFO - Exporting env vars: AIRFLOW_CTX_DAG_EMAIL='team@sodaidrinks.com' AIRFLOW_CTX_DAG_OWNER='sodai_drinks_team' AIRFLOW_CTX_DAG_ID='sodai_drinks_production_pipeline' AIRFLOW_CTX_TASK_ID='generate_predictions' AIRFLOW_CTX_EXECUTION_DATE='2025-10-19T00:00:00+00:00' AIRFLOW_CTX_TRY_NUMBER='1' AIRFLOW_CTX_DAG_RUN_ID='scheduled__2025-10-19T00:00:00+00:00'
[2025-10-28T22:36:16.777+0000] {prediction_generation.py:26} INFO - Iniciando generación de predicciones...
[2025-10-28T22:36:17.032+0000] {taskinstance.py:1937} ERROR - Task failed with exception
Traceback (most recent call last):
  File "/home/airflow/.local/lib/python3.10/site-packages/airflow/operators/python.py", line 192, in execute
    return_value = self.execute_callable()
  File "/home/airflow/.local/lib/python3.10/site-packages/airflow/operators/python.py", line 209, in execute_callable
    return self.python_callable(*self.op_args, **self.op_kwargs)
  File "/opt/airflow/dags/tasks/prediction_generation.py", line 37, in generate_predictions
    with open(model_path, 'rb') as f:
TypeError: expected str, bytes or os.PathLike object, not NoneType
[2025-10-28T22:36:17.055+0000] {taskinstance.py:1400} INFO - Marking task as UP_FOR_RETRY. dag_id=sodai_drinks_production_pipeline, task_id=generate_predictions, execution_date=20251019T000000, start_date=20251028T223616, end_date=20251028T223617
[2025-10-28T22:36:17.065+0000] {standard_task_runner.py:104} ERROR - Failed to execute job 50 for task generate_predictions (expected str, bytes or os.PathLike object, not NoneType; 404)
[2025-10-28T22:36:17.112+0000] {local_task_job_runner.py:228} INFO - Task exited with return code 1
[2025-10-28T22:36:17.141+0000] {taskinstance.py:2778} INFO - 0 downstream tasks scheduled from follow-on schedule check
[2025-10-28T23:24:03.185+0000] {taskinstance.py:1159} INFO - Dependencies all met for dep_context=non-requeueable deps ti=<TaskInstance: sodai_drinks_production_pipeline.generate_predictions scheduled__2025-10-19T00:00:00+00:00 [queued]>
[2025-10-28T23:24:03.194+0000] {taskinstance.py:1159} INFO - Dependencies all met for dep_context=requeueable deps ti=<TaskInstance: sodai_drinks_production_pipeline.generate_predictions scheduled__2025-10-19T00:00:00+00:00 [queued]>
[2025-10-28T23:24:03.194+0000] {taskinstance.py:1361} INFO - Starting attempt 1 of 2
[2025-10-28T23:24:03.206+0000] {taskinstance.py:1382} INFO - Executing <Task(PythonOperator): generate_predictions> on 2025-10-19 00:00:00+00:00
[2025-10-28T23:24:03.216+0000] {standard_task_runner.py:57} INFO - Started process 566 to run task
[2025-10-28T23:24:03.221+0000] {standard_task_runner.py:84} INFO - Running: ['***', 'tasks', 'run', 'sodai_drinks_production_pipeline', 'generate_predictions', 'scheduled__2025-10-19T00:00:00+00:00', '--job-id', '92', '--raw', '--subdir', 'DAGS_FOLDER/pipeline_productivo.py', '--cfg-path', '/tmp/tmpvymkptq2']
[2025-10-28T23:24:03.225+0000] {standard_task_runner.py:85} INFO - Job 92: Subtask generate_predictions
[2025-10-28T23:24:03.257+0000] {task_command.py:416} INFO - Running <TaskInstance: sodai_drinks_production_pipeline.generate_predictions scheduled__2025-10-19T00:00:00+00:00 [running]> on host ee70ee0df05e
[2025-10-28T23:24:03.301+0000] {taskinstance.py:1662} INFO - Exporting env vars: AIRFLOW_CTX_DAG_EMAIL='team@sodaidrinks.com' AIRFLOW_CTX_DAG_OWNER='sodai_drinks_team' AIRFLOW_CTX_DAG_ID='sodai_drinks_production_pipeline' AIRFLOW_CTX_TASK_ID='generate_predictions' AIRFLOW_CTX_EXECUTION_DATE='2025-10-19T00:00:00+00:00' AIRFLOW_CTX_TRY_NUMBER='1' AIRFLOW_CTX_DAG_RUN_ID='scheduled__2025-10-19T00:00:00+00:00'
[2025-10-28T23:24:03.302+0000] {prediction_generation.py:26} INFO - Iniciando generación de predicciones...
[2025-10-28T23:24:03.317+0000] {prediction_generation.py:38} INFO - No hay modelo nuevo en XCom. Usando modelo existente: /opt/***/models/best_model.pkl
[2025-10-28T23:24:03.317+0000] {taskinstance.py:1937} ERROR - Task failed with exception
Traceback (most recent call last):
  File "/home/airflow/.local/lib/python3.10/site-packages/airflow/operators/python.py", line 192, in execute
    return_value = self.execute_callable()
  File "/home/airflow/.local/lib/python3.10/site-packages/airflow/operators/python.py", line 209, in execute_callable
    return self.python_callable(*self.op_args, **self.op_kwargs)
  File "/opt/airflow/dags/tasks/prediction_generation.py", line 41, in generate_predictions
    raise FileNotFoundError(
FileNotFoundError: No se encontró ningún modelo. Debe entrenar un modelo primero o verificar que existe best_model.pkl en /opt/***/models/
[2025-10-28T23:24:03.323+0000] {taskinstance.py:1400} INFO - Marking task as UP_FOR_RETRY. dag_id=sodai_drinks_production_pipeline, task_id=generate_predictions, execution_date=20251019T000000, start_date=20251028T232403, end_date=20251028T232403
[2025-10-28T23:24:03.332+0000] {standard_task_runner.py:104} ERROR - Failed to execute job 92 for task generate_predictions (No se encontró ningún modelo. Debe entrenar un modelo primero o verificar que existe best_model.pkl en /opt/***/models/; 566)
[2025-10-28T23:24:03.362+0000] {local_task_job_runner.py:228} INFO - Task exited with return code 1
[2025-10-28T23:24:03.377+0000] {taskinstance.py:2778} INFO - 0 downstream tasks scheduled from follow-on schedule check
[2025-10-29T02:08:19.658+0000] {taskinstance.py:1159} INFO - Dependencies all met for dep_context=non-requeueable deps ti=<TaskInstance: sodai_drinks_production_pipeline.generate_predictions scheduled__2025-10-19T00:00:00+00:00 [queued]>
[2025-10-29T02:08:19.663+0000] {taskinstance.py:1159} INFO - Dependencies all met for dep_context=requeueable deps ti=<TaskInstance: sodai_drinks_production_pipeline.generate_predictions scheduled__2025-10-19T00:00:00+00:00 [queued]>
[2025-10-29T02:08:19.663+0000] {taskinstance.py:1361} INFO - Starting attempt 1 of 2
[2025-10-29T02:08:19.670+0000] {taskinstance.py:1382} INFO - Executing <Task(PythonOperator): generate_predictions> on 2025-10-19 00:00:00+00:00
[2025-10-29T02:08:19.684+0000] {standard_task_runner.py:57} INFO - Started process 7148 to run task
[2025-10-29T02:08:19.686+0000] {standard_task_runner.py:84} INFO - Running: ['***', 'tasks', 'run', 'sodai_drinks_production_pipeline', 'generate_predictions', 'scheduled__2025-10-19T00:00:00+00:00', '--job-id', '120', '--raw', '--subdir', 'DAGS_FOLDER/pipeline_productivo.py', '--cfg-path', '/tmp/tmp11wwkgg9']
[2025-10-29T02:08:19.690+0000] {standard_task_runner.py:85} INFO - Job 120: Subtask generate_predictions
[2025-10-29T02:08:19.728+0000] {task_command.py:416} INFO - Running <TaskInstance: sodai_drinks_production_pipeline.generate_predictions scheduled__2025-10-19T00:00:00+00:00 [running]> on host ee70ee0df05e
[2025-10-29T02:08:19.769+0000] {taskinstance.py:1662} INFO - Exporting env vars: AIRFLOW_CTX_DAG_EMAIL='team@sodaidrinks.com' AIRFLOW_CTX_DAG_OWNER='sodai_drinks_team' AIRFLOW_CTX_DAG_ID='sodai_drinks_production_pipeline' AIRFLOW_CTX_TASK_ID='generate_predictions' AIRFLOW_CTX_EXECUTION_DATE='2025-10-19T00:00:00+00:00' AIRFLOW_CTX_TRY_NUMBER='1' AIRFLOW_CTX_DAG_RUN_ID='scheduled__2025-10-19T00:00:00+00:00'
[2025-10-29T02:08:19.770+0000] {prediction_generation.py:26} INFO - Iniciando generación de predicciones...
[2025-10-29T02:08:19.783+0000] {prediction_generation.py:47} INFO - Usando modelo del XCom: /opt/***/models/best_model.pkl
[2025-10-29T02:08:20.335+0000] {prediction_generation.py:53} INFO - Cargando modelo desde: /opt/***/models/best_model.pkl
[2025-10-29T02:08:21.071+0000] {prediction_generation.py:73} INFO - Generando predicciones para 619380 combinaciones cliente-producto...
[2025-10-29T02:08:29.339+0000] {prediction_generation.py:94} INFO - Predicciones positivas: 215977 de 619380
[2025-10-29T02:08:29.341+0000] {prediction_generation.py:95} INFO - Tasa de predicciones positivas: 34.87%
[2025-10-29T02:08:30.122+0000] {prediction_generation.py:119} INFO - Top 20 clientes con más compras predichas:
[2025-10-29T02:08:30.126+0000] {prediction_generation.py:120} INFO - 
      customer_id  predicted_purchases  avg_probability
439        186174                 1142         0.854213
401        183105                 1129         0.869057
757        206748                 1032         0.867190
466        187806                  970         0.843389
475        188331                  964         0.856478
526        194229                  953         0.847500
2           25749                  951         0.841151
355        176403                  909         0.833964
551        197286                  898         0.864951
1112       225393                  883         0.839893
462        187707                  863         0.838898
403        183213                  845         0.805533
549        196845                  823         0.856552
944        211527                  801         0.839660
966        212220                  744         0.783035
1055       220269                  740         0.814624
1031       217782                  729         0.808561
97          72930                  723         0.869512
717        206346                  718         0.837759
82          71271                  716         0.771604
[2025-10-29T02:08:30.131+0000] {prediction_generation.py:130} INFO - Top 20 productos con más compradores predichos:
[2025-10-29T02:08:30.131+0000] {prediction_generation.py:131} INFO - 
     product_id  predicted_buyers  avg_probability
3          1370             28759         0.869560
9         11262             22824         0.899854
2          1304             18047         0.787799
67        56714             16149         0.817262
12        30500              9148         0.725942
68        57414              8306         0.707192
41        50716              8209         0.726669
83        61542              7734         0.780868
4          1372              7128         0.714467
33        48574              6119         0.706355
15        33886              5600         0.731463
6         10652              4507         0.721067
102       63188              3920         0.704579
75        59822              3212         0.744527
17        35732              3119         0.663807
92        62376              3054         0.820607
81        61364              3018         0.706520
88        62074              3014         0.732429
23        39186              2838         0.680487
77        60978              2694         0.711388
[2025-10-29T02:08:30.161+0000] {prediction_generation.py:150} INFO - Generación de predicciones completada exitosamente
[2025-10-29T02:08:30.173+0000] {python.py:194} INFO - Done. Returned value was: {'status': 'success', 'total_predictions': 619380, 'positive_predictions': 215977, 'predictions_file': '/opt/***/data/predictions/predictions_20251029_020829.parquet'}
[2025-10-29T02:08:30.187+0000] {taskinstance.py:1400} INFO - Marking task as SUCCESS. dag_id=sodai_drinks_production_pipeline, task_id=generate_predictions, execution_date=20251019T000000, start_date=20251029T020819, end_date=20251029T020830
[2025-10-29T02:08:30.248+0000] {local_task_job_runner.py:228} INFO - Task exited with return code 0
[2025-10-29T02:08:30.276+0000] {taskinstance.py:2778} INFO - 0 downstream tasks scheduled from follow-on schedule check
