[2025-10-28T22:06:37.545+0000] {taskinstance.py:1159} INFO - Dependencies all met for dep_context=non-requeueable deps ti=<TaskInstance: sodai_drinks_production_pipeline.preprocess_data scheduled__2025-10-19T00:00:00+00:00 [queued]>
[2025-10-28T22:06:37.553+0000] {taskinstance.py:1159} INFO - Dependencies all met for dep_context=requeueable deps ti=<TaskInstance: sodai_drinks_production_pipeline.preprocess_data scheduled__2025-10-19T00:00:00+00:00 [queued]>
[2025-10-28T22:06:37.555+0000] {taskinstance.py:1361} INFO - Starting attempt 3 of 4
[2025-10-28T22:06:37.568+0000] {taskinstance.py:1382} INFO - Executing <Task(PythonOperator): preprocess_data> on 2025-10-19 00:00:00+00:00
[2025-10-28T22:06:37.586+0000] {standard_task_runner.py:57} INFO - Started process 1010 to run task
[2025-10-28T22:06:37.593+0000] {standard_task_runner.py:84} INFO - Running: ['***', 'tasks', 'run', 'sodai_drinks_production_pipeline', 'preprocess_data', 'scheduled__2025-10-19T00:00:00+00:00', '--job-id', '33', '--raw', '--subdir', 'DAGS_FOLDER/pipeline_productivo.py', '--cfg-path', '/tmp/tmp6x2ylcb1']
[2025-10-28T22:06:37.598+0000] {standard_task_runner.py:85} INFO - Job 33: Subtask preprocess_data
[2025-10-28T22:06:37.670+0000] {task_command.py:416} INFO - Running <TaskInstance: sodai_drinks_production_pipeline.preprocess_data scheduled__2025-10-19T00:00:00+00:00 [running]> on host ee70ee0df05e
[2025-10-28T22:06:37.744+0000] {taskinstance.py:1662} INFO - Exporting env vars: AIRFLOW_CTX_DAG_EMAIL='team@sodaidrinks.com' AIRFLOW_CTX_DAG_OWNER='sodai_drinks_team' AIRFLOW_CTX_DAG_ID='sodai_drinks_production_pipeline' AIRFLOW_CTX_TASK_ID='preprocess_data' AIRFLOW_CTX_EXECUTION_DATE='2025-10-19T00:00:00+00:00' AIRFLOW_CTX_TRY_NUMBER='3' AIRFLOW_CTX_DAG_RUN_ID='scheduled__2025-10-19T00:00:00+00:00'
[2025-10-28T22:06:37.746+0000] {data_preprocessing.py:141} INFO - Iniciando preprocessing de datos (Entrega 1 compatible)...
[2025-10-28T22:06:37.940+0000] {data_preprocessing.py:153} INFO - Datos cargados - Transacciones: 254936, Clientes: 1569, Productos: 971
[2025-10-28T22:06:37.942+0000] {data_preprocessing.py:72} INFO - Creando variable target...
[2025-10-28T22:06:46.877+0000] {data_preprocessing.py:89} INFO - Ejemplos positivos (compraron): 206460
[2025-10-28T22:06:47.103+0000] {data_preprocessing.py:104} INFO - Generando 412920 ejemplos negativos...
[2025-10-28T22:06:58.393+0000] {data_preprocessing.py:130} INFO - Target balanceado - Positivos: 206460, Negativos: 412920
[2025-10-28T22:06:59.955+0000] {data_preprocessing.py:163} INFO - Dataset merged: (619380, 17)
[2025-10-28T22:07:00.789+0000] {data_preprocessing.py:174} INFO - Features: ['customer_type', 'Y', 'X', 'num_deliver_per_week', 'brand', 'category', 'sub_category', 'segment', 'package', 'size']
[2025-10-28T22:07:00.824+0000] {data_preprocessing.py:175} INFO - Distribución de clases - 0: 412920, 1: 206460
[2025-10-28T22:07:03.930+0000] {data_preprocessing.py:223} INFO - Ajustando preprocessor...
[2025-10-28T22:07:07.702+0000] {data_preprocessing.py:249} INFO - Datos transformados: (619380, 22)
[2025-10-28T22:07:07.721+0000] {data_preprocessing.py:250} INFO - Verificación de clases - 0: 412920, 1: 206460
[2025-10-28T22:07:07.743+0000] {taskinstance.py:1937} ERROR - Task failed with exception
Traceback (most recent call last):
  File "/home/airflow/.local/lib/python3.10/site-packages/airflow/operators/python.py", line 192, in execute
    return_value = self.execute_callable()
  File "/home/airflow/.local/lib/python3.10/site-packages/airflow/operators/python.py", line 209, in execute_callable
    return self.python_callable(*self.op_args, **self.op_kwargs)
  File "/opt/airflow/dags/tasks/data_preprocessing.py", line 258, in preprocess_data
    df_final.to_parquet(processed_path, index=False)
  File "/home/airflow/.local/lib/python3.10/site-packages/pandas/core/frame.py", line 2889, in to_parquet
    return to_parquet(
  File "/home/airflow/.local/lib/python3.10/site-packages/pandas/io/parquet.py", line 411, in to_parquet
    impl.write(
  File "/home/airflow/.local/lib/python3.10/site-packages/pandas/io/parquet.py", line 159, in write
    table = self.api.Table.from_pandas(df, **from_pandas_kwargs)
  File "pyarrow/table.pxi", line 3762, in pyarrow.lib.Table.from_pandas
  File "/home/airflow/.local/lib/python3.10/site-packages/pyarrow/pandas_compat.py", line 570, in dataframe_to_arrays
    convert_fields) = _get_columns_to_convert(df, schema, preserve_index,
  File "/home/airflow/.local/lib/python3.10/site-packages/pyarrow/pandas_compat.py", line 352, in _get_columns_to_convert
    raise ValueError(
ValueError: Duplicate column names found: ['size', 'Y', 'X', 'Y', 'X', 'size', 'num_deliver_per_week', 'segment', 'customer_type_CANAL FRIO', 'customer_type_MAYORISTA', 'customer_type_MINIMARKET', 'customer_type_RESTAURANT', 'customer_type_SUPERMERCADO', 'customer_type_TIENDA DE CONVENIENCIA', 'sub_category_GASEOSAS', 'package_KEG', 'package_LATA', 'brand', 'brand_num', 'compra_semanal', 'customer_id', 'product_id']
[2025-10-28T22:07:07.819+0000] {taskinstance.py:1400} INFO - Marking task as UP_FOR_RETRY. dag_id=sodai_drinks_production_pipeline, task_id=preprocess_data, execution_date=20251019T000000, start_date=20251028T220637, end_date=20251028T220707
[2025-10-28T22:07:07.952+0000] {standard_task_runner.py:104} ERROR - Failed to execute job 33 for task preprocess_data (Duplicate column names found: ['size', 'Y', 'X', 'Y', 'X', 'size', 'num_deliver_per_week', 'segment', 'customer_type_CANAL FRIO', 'customer_type_MAYORISTA', 'customer_type_MINIMARKET', 'customer_type_RESTAURANT', 'customer_type_SUPERMERCADO', 'customer_type_TIENDA DE CONVENIENCIA', 'sub_category_GASEOSAS', 'package_KEG', 'package_LATA', 'brand', 'brand_num', 'compra_semanal', 'customer_id', 'product_id']; 1010)
[2025-10-28T22:07:08.129+0000] {local_task_job_runner.py:228} INFO - Task exited with return code 1
[2025-10-28T22:07:08.220+0000] {taskinstance.py:2778} INFO - 0 downstream tasks scheduled from follow-on schedule check
[2025-10-28T22:35:44.764+0000] {taskinstance.py:1159} INFO - Dependencies all met for dep_context=non-requeueable deps ti=<TaskInstance: sodai_drinks_production_pipeline.preprocess_data scheduled__2025-10-19T00:00:00+00:00 [queued]>
[2025-10-28T22:35:44.772+0000] {taskinstance.py:1159} INFO - Dependencies all met for dep_context=requeueable deps ti=<TaskInstance: sodai_drinks_production_pipeline.preprocess_data scheduled__2025-10-19T00:00:00+00:00 [queued]>
[2025-10-28T22:35:44.772+0000] {taskinstance.py:1361} INFO - Starting attempt 3 of 4
[2025-10-28T22:35:44.782+0000] {taskinstance.py:1382} INFO - Executing <Task(PythonOperator): preprocess_data> on 2025-10-19 00:00:00+00:00
[2025-10-28T22:35:44.795+0000] {standard_task_runner.py:57} INFO - Started process 267 to run task
[2025-10-28T22:35:44.807+0000] {standard_task_runner.py:84} INFO - Running: ['***', 'tasks', 'run', 'sodai_drinks_production_pipeline', 'preprocess_data', 'scheduled__2025-10-19T00:00:00+00:00', '--job-id', '47', '--raw', '--subdir', 'DAGS_FOLDER/pipeline_productivo.py', '--cfg-path', '/tmp/tmpm12lxndy']
[2025-10-28T22:35:44.812+0000] {standard_task_runner.py:85} INFO - Job 47: Subtask preprocess_data
[2025-10-28T22:35:44.852+0000] {task_command.py:416} INFO - Running <TaskInstance: sodai_drinks_production_pipeline.preprocess_data scheduled__2025-10-19T00:00:00+00:00 [running]> on host ee70ee0df05e
[2025-10-28T22:35:44.916+0000] {taskinstance.py:1662} INFO - Exporting env vars: AIRFLOW_CTX_DAG_EMAIL='team@sodaidrinks.com' AIRFLOW_CTX_DAG_OWNER='sodai_drinks_team' AIRFLOW_CTX_DAG_ID='sodai_drinks_production_pipeline' AIRFLOW_CTX_TASK_ID='preprocess_data' AIRFLOW_CTX_EXECUTION_DATE='2025-10-19T00:00:00+00:00' AIRFLOW_CTX_TRY_NUMBER='3' AIRFLOW_CTX_DAG_RUN_ID='scheduled__2025-10-19T00:00:00+00:00'
[2025-10-28T22:35:44.918+0000] {data_preprocessing.py:141} INFO - Iniciando preprocessing de datos (Entrega 1 compatible)...
[2025-10-28T22:35:45.093+0000] {data_preprocessing.py:153} INFO - Datos cargados - Transacciones: 254936, Clientes: 1569, Productos: 971
[2025-10-28T22:35:45.094+0000] {data_preprocessing.py:72} INFO - Creando variable target...
[2025-10-28T22:35:47.157+0000] {data_preprocessing.py:89} INFO - Ejemplos positivos (compraron): 206460
[2025-10-28T22:35:47.244+0000] {data_preprocessing.py:104} INFO - Generando 412920 ejemplos negativos...
[2025-10-28T22:35:56.180+0000] {data_preprocessing.py:130} INFO - Target balanceado - Positivos: 206460, Negativos: 412920
[2025-10-28T22:35:57.329+0000] {data_preprocessing.py:163} INFO - Dataset merged: (619380, 17)
[2025-10-28T22:35:57.963+0000] {data_preprocessing.py:174} INFO - Features: ['customer_type', 'Y', 'X', 'num_deliver_per_week', 'brand', 'category', 'sub_category', 'segment', 'package', 'size']
[2025-10-28T22:35:57.973+0000] {data_preprocessing.py:175} INFO - Distribución de clases - 0: 412920, 1: 206460
[2025-10-28T22:36:00.544+0000] {data_preprocessing.py:230} INFO - Ajustando preprocessor...
[2025-10-28T22:36:04.406+0000] {data_preprocessing.py:262} INFO - Datos transformados: (619380, 19)
[2025-10-28T22:36:04.420+0000] {data_preprocessing.py:263} INFO - Verificación de clases - 0: 412920, 1: 206460
[2025-10-28T22:36:06.644+0000] {data_preprocessing.py:289} INFO - Preprocessing completado exitosamente
[2025-10-28T22:36:07.638+0000] {python.py:194} INFO - Done. Returned value was: {'status': 'success', 'processed_records': 619380, 'num_features': 16, 'positive_class': 206460, 'negative_class': 412920}
[2025-10-28T22:36:07.691+0000] {taskinstance.py:1400} INFO - Marking task as SUCCESS. dag_id=sodai_drinks_production_pipeline, task_id=preprocess_data, execution_date=20251019T000000, start_date=20251028T223544, end_date=20251028T223607
[2025-10-28T22:36:07.786+0000] {local_task_job_runner.py:228} INFO - Task exited with return code 0
[2025-10-28T22:36:07.880+0000] {taskinstance.py:2778} INFO - 1 downstream tasks scheduled from follow-on schedule check
