[2025-10-28T23:16:18.145+0000] {taskinstance.py:1159} INFO - Dependencies all met for dep_context=non-requeueable deps ti=<TaskInstance: sodai_drinks_production_pipeline.preprocess_data scheduled__2025-10-19T00:00:00+00:00 [queued]>
[2025-10-28T23:16:18.151+0000] {taskinstance.py:1159} INFO - Dependencies all met for dep_context=requeueable deps ti=<TaskInstance: sodai_drinks_production_pipeline.preprocess_data scheduled__2025-10-19T00:00:00+00:00 [queued]>
[2025-10-28T23:16:18.152+0000] {taskinstance.py:1361} INFO - Starting attempt 6 of 7
[2025-10-28T23:16:18.162+0000] {taskinstance.py:1382} INFO - Executing <Task(PythonOperator): preprocess_data> on 2025-10-19 00:00:00+00:00
[2025-10-28T23:16:18.180+0000] {standard_task_runner.py:57} INFO - Started process 268 to run task
[2025-10-28T23:16:18.186+0000] {standard_task_runner.py:84} INFO - Running: ['***', 'tasks', 'run', 'sodai_drinks_production_pipeline', 'preprocess_data', 'scheduled__2025-10-19T00:00:00+00:00', '--job-id', '83', '--raw', '--subdir', 'DAGS_FOLDER/pipeline_productivo.py', '--cfg-path', '/tmp/tmpzztzywe2']
[2025-10-28T23:16:18.189+0000] {standard_task_runner.py:85} INFO - Job 83: Subtask preprocess_data
[2025-10-28T23:16:18.239+0000] {task_command.py:416} INFO - Running <TaskInstance: sodai_drinks_production_pipeline.preprocess_data scheduled__2025-10-19T00:00:00+00:00 [running]> on host ee70ee0df05e
[2025-10-28T23:16:18.303+0000] {taskinstance.py:1662} INFO - Exporting env vars: AIRFLOW_CTX_DAG_EMAIL='team@sodaidrinks.com' AIRFLOW_CTX_DAG_OWNER='sodai_drinks_team' AIRFLOW_CTX_DAG_ID='sodai_drinks_production_pipeline' AIRFLOW_CTX_TASK_ID='preprocess_data' AIRFLOW_CTX_EXECUTION_DATE='2025-10-19T00:00:00+00:00' AIRFLOW_CTX_TRY_NUMBER='6' AIRFLOW_CTX_DAG_RUN_ID='scheduled__2025-10-19T00:00:00+00:00'
[2025-10-28T23:16:18.304+0000] {data_preprocessing.py:141} INFO - Iniciando preprocessing de datos (Entrega 1 compatible)...
[2025-10-28T23:16:18.572+0000] {data_preprocessing.py:153} INFO - Datos cargados - Transacciones: 254936, Clientes: 1569, Productos: 971
[2025-10-28T23:16:18.990+0000] {data_preprocessing.py:160} INFO - Predicción para semana: 2025-01
[2025-10-28T23:16:18.994+0000] {data_preprocessing.py:72} INFO - Creando variable target...
[2025-10-28T23:16:22.498+0000] {data_preprocessing.py:89} INFO - Ejemplos positivos (compraron): 206460
[2025-10-28T23:16:22.729+0000] {data_preprocessing.py:104} INFO - Generando 412920 ejemplos negativos...
[2025-10-28T23:16:31.755+0000] {data_preprocessing.py:130} INFO - Target balanceado - Positivos: 206460, Negativos: 412920
[2025-10-28T23:16:32.583+0000] {data_preprocessing.py:169} INFO - Dataset merged: (619380, 17)
[2025-10-28T23:16:33.141+0000] {data_preprocessing.py:180} INFO - Features: ['customer_type', 'Y', 'X', 'num_deliver_per_week', 'brand', 'category', 'sub_category', 'segment', 'package', 'size']
[2025-10-28T23:16:33.147+0000] {data_preprocessing.py:181} INFO - Distribución de clases - 0: 412920, 1: 206460
[2025-10-28T23:16:37.589+0000] {data_preprocessing.py:236} INFO - Ajustando preprocessor...
[2025-10-28T23:16:44.739+0000] {data_preprocessing.py:268} INFO - Datos transformados: (619380, 19)
[2025-10-28T23:16:44.834+0000] {data_preprocessing.py:269} INFO - Verificación de clases - 0: 412920, 1: 206460
[2025-10-28T23:16:53.529+0000] {data_preprocessing.py:296} INFO - Preprocessing completado exitosamente
[2025-10-28T23:16:54.735+0000] {python.py:194} INFO - Done. Returned value was: {'status': 'success', 'processed_records': 619380, 'num_features': 16, 'positive_class': 206460, 'negative_class': 412920, 'prediction_week': '2025-01-07T00:00:00'}
[2025-10-28T23:16:54.828+0000] {taskinstance.py:1400} INFO - Marking task as SUCCESS. dag_id=sodai_drinks_production_pipeline, task_id=preprocess_data, execution_date=20251019T000000, start_date=20251028T231618, end_date=20251028T231654
[2025-10-28T23:16:54.936+0000] {local_task_job_runner.py:228} INFO - Task exited with return code 0
[2025-10-28T23:16:55.058+0000] {taskinstance.py:2778} INFO - 0 downstream tasks scheduled from follow-on schedule check
