[2025-10-28T22:12:11.750+0000] {taskinstance.py:1159} INFO - Dependencies all met for dep_context=non-requeueable deps ti=<TaskInstance: sodai_drinks_production_pipeline.preprocess_data scheduled__2025-10-19T00:00:00+00:00 [queued]>
[2025-10-28T22:12:11.763+0000] {taskinstance.py:1159} INFO - Dependencies all met for dep_context=requeueable deps ti=<TaskInstance: sodai_drinks_production_pipeline.preprocess_data scheduled__2025-10-19T00:00:00+00:00 [queued]>
[2025-10-28T22:12:11.765+0000] {taskinstance.py:1361} INFO - Starting attempt 4 of 4
[2025-10-28T22:12:11.779+0000] {taskinstance.py:1382} INFO - Executing <Task(PythonOperator): preprocess_data> on 2025-10-19 00:00:00+00:00
[2025-10-28T22:12:11.801+0000] {standard_task_runner.py:57} INFO - Started process 1624 to run task
[2025-10-28T22:12:11.818+0000] {standard_task_runner.py:84} INFO - Running: ['***', 'tasks', 'run', 'sodai_drinks_production_pipeline', 'preprocess_data', 'scheduled__2025-10-19T00:00:00+00:00', '--job-id', '35', '--raw', '--subdir', 'DAGS_FOLDER/pipeline_productivo.py', '--cfg-path', '/tmp/tmpff1t77zv']
[2025-10-28T22:12:11.832+0000] {standard_task_runner.py:85} INFO - Job 35: Subtask preprocess_data
[2025-10-28T22:12:11.946+0000] {task_command.py:416} INFO - Running <TaskInstance: sodai_drinks_production_pipeline.preprocess_data scheduled__2025-10-19T00:00:00+00:00 [running]> on host ee70ee0df05e
[2025-10-28T22:12:12.055+0000] {taskinstance.py:1662} INFO - Exporting env vars: AIRFLOW_CTX_DAG_EMAIL='team@sodaidrinks.com' AIRFLOW_CTX_DAG_OWNER='sodai_drinks_team' AIRFLOW_CTX_DAG_ID='sodai_drinks_production_pipeline' AIRFLOW_CTX_TASK_ID='preprocess_data' AIRFLOW_CTX_EXECUTION_DATE='2025-10-19T00:00:00+00:00' AIRFLOW_CTX_TRY_NUMBER='4' AIRFLOW_CTX_DAG_RUN_ID='scheduled__2025-10-19T00:00:00+00:00'
[2025-10-28T22:12:12.058+0000] {data_preprocessing.py:141} INFO - Iniciando preprocessing de datos (Entrega 1 compatible)...
[2025-10-28T22:12:12.410+0000] {data_preprocessing.py:153} INFO - Datos cargados - Transacciones: 254936, Clientes: 1569, Productos: 971
[2025-10-28T22:12:12.414+0000] {data_preprocessing.py:72} INFO - Creando variable target...
[2025-10-28T22:12:18.078+0000] {data_preprocessing.py:89} INFO - Ejemplos positivos (compraron): 206460
[2025-10-28T22:12:18.202+0000] {data_preprocessing.py:104} INFO - Generando 412920 ejemplos negativos...
[2025-10-28T22:12:28.460+0000] {data_preprocessing.py:130} INFO - Target balanceado - Positivos: 206460, Negativos: 412920
[2025-10-28T22:12:29.278+0000] {local_task_job_runner.py:228} INFO - Task exited with return code -9
[2025-10-28T22:12:29.419+0000] {taskinstance.py:2778} INFO - 0 downstream tasks scheduled from follow-on schedule check
[2025-10-28T22:52:40.240+0000] {taskinstance.py:1159} INFO - Dependencies all met for dep_context=non-requeueable deps ti=<TaskInstance: sodai_drinks_production_pipeline.preprocess_data scheduled__2025-10-19T00:00:00+00:00 [queued]>
[2025-10-28T22:52:40.261+0000] {taskinstance.py:1159} INFO - Dependencies all met for dep_context=requeueable deps ti=<TaskInstance: sodai_drinks_production_pipeline.preprocess_data scheduled__2025-10-19T00:00:00+00:00 [queued]>
[2025-10-28T22:52:40.262+0000] {taskinstance.py:1361} INFO - Starting attempt 4 of 5
[2025-10-28T22:52:40.291+0000] {taskinstance.py:1382} INFO - Executing <Task(PythonOperator): preprocess_data> on 2025-10-19 00:00:00+00:00
[2025-10-28T22:52:40.336+0000] {standard_task_runner.py:57} INFO - Started process 318 to run task
[2025-10-28T22:52:40.353+0000] {standard_task_runner.py:84} INFO - Running: ['***', 'tasks', 'run', 'sodai_drinks_production_pipeline', 'preprocess_data', 'scheduled__2025-10-19T00:00:00+00:00', '--job-id', '60', '--raw', '--subdir', 'DAGS_FOLDER/pipeline_productivo.py', '--cfg-path', '/tmp/tmp58lqbtqy']
[2025-10-28T22:52:40.362+0000] {standard_task_runner.py:85} INFO - Job 60: Subtask preprocess_data
[2025-10-28T22:52:40.438+0000] {task_command.py:416} INFO - Running <TaskInstance: sodai_drinks_production_pipeline.preprocess_data scheduled__2025-10-19T00:00:00+00:00 [running]> on host ee70ee0df05e
[2025-10-28T22:52:40.515+0000] {taskinstance.py:1662} INFO - Exporting env vars: AIRFLOW_CTX_DAG_EMAIL='team@sodaidrinks.com' AIRFLOW_CTX_DAG_OWNER='sodai_drinks_team' AIRFLOW_CTX_DAG_ID='sodai_drinks_production_pipeline' AIRFLOW_CTX_TASK_ID='preprocess_data' AIRFLOW_CTX_EXECUTION_DATE='2025-10-19T00:00:00+00:00' AIRFLOW_CTX_TRY_NUMBER='4' AIRFLOW_CTX_DAG_RUN_ID='scheduled__2025-10-19T00:00:00+00:00'
[2025-10-28T22:52:40.517+0000] {data_preprocessing.py:141} INFO - Iniciando preprocessing de datos (Entrega 1 compatible)...
[2025-10-28T22:52:40.720+0000] {data_preprocessing.py:153} INFO - Datos cargados - Transacciones: 254936, Clientes: 1569, Productos: 971
[2025-10-28T22:52:40.751+0000] {data_preprocessing.py:160} INFO - Predicción para semana: 2025-01
[2025-10-28T22:52:40.751+0000] {data_preprocessing.py:72} INFO - Creando variable target...
[2025-10-28T22:52:43.484+0000] {data_preprocessing.py:89} INFO - Ejemplos positivos (compraron): 206460
[2025-10-28T22:52:43.849+0000] {data_preprocessing.py:104} INFO - Generando 412920 ejemplos negativos...
[2025-10-28T22:52:57.371+0000] {data_preprocessing.py:130} INFO - Target balanceado - Positivos: 206460, Negativos: 412920
[2025-10-28T22:52:58.871+0000] {data_preprocessing.py:169} INFO - Dataset merged: (619380, 17)
[2025-10-28T22:53:00.575+0000] {data_preprocessing.py:180} INFO - Features: ['customer_type', 'Y', 'X', 'num_deliver_per_week', 'brand', 'category', 'sub_category', 'segment', 'package', 'size']
[2025-10-28T22:53:00.594+0000] {data_preprocessing.py:181} INFO - Distribución de clases - 0: 412920, 1: 206460
[2025-10-28T22:53:04.248+0000] {data_preprocessing.py:236} INFO - Ajustando preprocessor...
[2025-10-28T22:53:11.224+0000] {data_preprocessing.py:268} INFO - Datos transformados: (619380, 19)
[2025-10-28T22:53:11.262+0000] {data_preprocessing.py:269} INFO - Verificación de clases - 0: 412920, 1: 206460
[2025-10-28T22:53:14.724+0000] {data_preprocessing.py:296} INFO - Preprocessing completado exitosamente
[2025-10-28T22:53:15.857+0000] {python.py:194} INFO - Done. Returned value was: {'status': 'success', 'processed_records': 619380, 'num_features': 16, 'positive_class': 206460, 'negative_class': 412920, 'prediction_week': '2025-01-07T00:00:00'}
[2025-10-28T22:53:15.962+0000] {taskinstance.py:1400} INFO - Marking task as SUCCESS. dag_id=sodai_drinks_production_pipeline, task_id=preprocess_data, execution_date=20251019T000000, start_date=20251028T225240, end_date=20251028T225315
[2025-10-28T22:53:16.072+0000] {local_task_job_runner.py:228} INFO - Task exited with return code 0
[2025-10-28T22:53:16.196+0000] {taskinstance.py:2778} INFO - 1 downstream tasks scheduled from follow-on schedule check
