[2025-10-28T00:41:27.599+0000] {taskinstance.py:1159} INFO - Dependencies all met for dep_context=non-requeueable deps ti=<TaskInstance: hiring_dynamic.train_gradient_boosting scheduled__2024-11-05T15:00:00+00:00 [queued]>
[2025-10-28T00:41:27.602+0000] {taskinstance.py:1159} INFO - Dependencies all met for dep_context=requeueable deps ti=<TaskInstance: hiring_dynamic.train_gradient_boosting scheduled__2024-11-05T15:00:00+00:00 [queued]>
[2025-10-28T00:41:27.602+0000] {taskinstance.py:1361} INFO - Starting attempt 1 of 1
[2025-10-28T00:41:27.608+0000] {taskinstance.py:1382} INFO - Executing <Task(PythonOperator): train_gradient_boosting> on 2024-11-05 15:00:00+00:00
[2025-10-28T00:41:27.612+0000] {standard_task_runner.py:57} INFO - Started process 1009 to run task
[2025-10-28T00:41:27.614+0000] {standard_task_runner.py:84} INFO - Running: ['airflow', 'tasks', 'run', 'hiring_dynamic', 'train_gradient_boosting', 'scheduled__2024-11-05T15:00:00+00:00', '--job-id', '45', '--raw', '--subdir', 'DAGS_FOLDER/dag_dynamic.py', '--cfg-path', '/tmp/tmp3p5w3o51']
[2025-10-28T00:41:27.615+0000] {standard_task_runner.py:85} INFO - Job 45: Subtask train_gradient_boosting
[2025-10-28T00:41:27.635+0000] {task_command.py:416} INFO - Running <TaskInstance: hiring_dynamic.train_gradient_boosting scheduled__2024-11-05T15:00:00+00:00 [running]> on host d1f69dfe6243
[2025-10-28T00:41:27.662+0000] {taskinstance.py:1662} INFO - Exporting env vars: AIRFLOW_CTX_DAG_OWNER='airflow' AIRFLOW_CTX_DAG_ID='hiring_dynamic' AIRFLOW_CTX_TASK_ID='train_gradient_boosting' AIRFLOW_CTX_EXECUTION_DATE='2024-11-05T15:00:00+00:00' AIRFLOW_CTX_TRY_NUMBER='1' AIRFLOW_CTX_DAG_RUN_ID='scheduled__2024-11-05T15:00:00+00:00'
[2025-10-28T00:41:27.668+0000] {logging_mixin.py:154} INFO - Entrenando modelo: gradient_boosting
[2025-10-28T00:41:27.944+0000] {logging_mixin.py:154} INFO - Modelo gradient_boosting guardado en: /opt/airflow/data/dynamic/2024-11-05/models/gradient_boosting.joblib
[2025-10-28T00:41:27.948+0000] {python.py:194} INFO - Done. Returned value was: None
[2025-10-28T00:41:27.951+0000] {taskinstance.py:1400} INFO - Marking task as SUCCESS. dag_id=hiring_dynamic, task_id=train_gradient_boosting, execution_date=20241105T150000, start_date=20251028T004127, end_date=20251028T004127
[2025-10-28T00:41:27.984+0000] {local_task_job_runner.py:228} INFO - Task exited with return code 0
[2025-10-28T00:41:27.995+0000] {taskinstance.py:2778} INFO - 0 downstream tasks scheduled from follow-on schedule check
[2025-10-28T01:28:19.849+0000] {taskinstance.py:1159} INFO - Dependencies all met for dep_context=non-requeueable deps ti=<TaskInstance: hiring_dynamic.train_gradient_boosting scheduled__2024-11-05T15:00:00+00:00 [queued]>
[2025-10-28T01:28:19.852+0000] {taskinstance.py:1159} INFO - Dependencies all met for dep_context=requeueable deps ti=<TaskInstance: hiring_dynamic.train_gradient_boosting scheduled__2024-11-05T15:00:00+00:00 [queued]>
[2025-10-28T01:28:19.853+0000] {taskinstance.py:1361} INFO - Starting attempt 1 of 1
[2025-10-28T01:28:19.861+0000] {taskinstance.py:1382} INFO - Executing <Task(PythonOperator): train_gradient_boosting> on 2024-11-05 15:00:00+00:00
[2025-10-28T01:28:19.868+0000] {standard_task_runner.py:57} INFO - Started process 1140 to run task
[2025-10-28T01:28:19.871+0000] {standard_task_runner.py:84} INFO - Running: ['airflow', 'tasks', 'run', 'hiring_dynamic', 'train_gradient_boosting', 'scheduled__2024-11-05T15:00:00+00:00', '--job-id', '39', '--raw', '--subdir', 'DAGS_FOLDER/dag_dynamic.py', '--cfg-path', '/tmp/tmprei8ok26']
[2025-10-28T01:28:19.872+0000] {standard_task_runner.py:85} INFO - Job 39: Subtask train_gradient_boosting
[2025-10-28T01:28:19.895+0000] {task_command.py:416} INFO - Running <TaskInstance: hiring_dynamic.train_gradient_boosting scheduled__2024-11-05T15:00:00+00:00 [running]> on host c46dbfd34b1f
[2025-10-28T01:28:19.921+0000] {taskinstance.py:1662} INFO - Exporting env vars: AIRFLOW_CTX_DAG_OWNER='airflow' AIRFLOW_CTX_DAG_ID='hiring_dynamic' AIRFLOW_CTX_TASK_ID='train_gradient_boosting' AIRFLOW_CTX_EXECUTION_DATE='2024-11-05T15:00:00+00:00' AIRFLOW_CTX_TRY_NUMBER='1' AIRFLOW_CTX_DAG_RUN_ID='scheduled__2024-11-05T15:00:00+00:00'
[2025-10-28T01:28:19.929+0000] {logging_mixin.py:154} INFO - Entrenando modelo: gradient_boosting
[2025-10-28T01:28:20.361+0000] {logging_mixin.py:154} INFO - Modelo gradient_boosting guardado en: /opt/airflow/data/dynamic/2024-11-05/models/gradient_boosting.joblib
[2025-10-28T01:28:20.373+0000] {python.py:194} INFO - Done. Returned value was: None
[2025-10-28T01:28:20.376+0000] {taskinstance.py:1400} INFO - Marking task as SUCCESS. dag_id=hiring_dynamic, task_id=train_gradient_boosting, execution_date=20241105T150000, start_date=20251028T012819, end_date=20251028T012820
[2025-10-28T01:28:20.402+0000] {local_task_job_runner.py:228} INFO - Task exited with return code 0
[2025-10-28T01:28:20.420+0000] {taskinstance.py:2778} INFO - 0 downstream tasks scheduled from follow-on schedule check
