[2025-10-28T00:44:20.077+0000] {taskinstance.py:1159} INFO - Dependencies all met for dep_context=non-requeueable deps ti=<TaskInstance: hiring_dynamic.download_data_1 scheduled__2025-08-05T15:00:00+00:00 [queued]>
[2025-10-28T00:44:20.082+0000] {taskinstance.py:1159} INFO - Dependencies all met for dep_context=requeueable deps ti=<TaskInstance: hiring_dynamic.download_data_1 scheduled__2025-08-05T15:00:00+00:00 [queued]>
[2025-10-28T00:44:20.083+0000] {taskinstance.py:1361} INFO - Starting attempt 1 of 1
[2025-10-28T00:44:20.090+0000] {taskinstance.py:1382} INFO - Executing <Task(BashOperator): download_data_1> on 2025-08-05 15:00:00+00:00
[2025-10-28T00:44:20.106+0000] {standard_task_runner.py:57} INFO - Started process 2081 to run task
[2025-10-28T00:44:20.111+0000] {standard_task_runner.py:84} INFO - Running: ['airflow', 'tasks', 'run', 'hiring_dynamic', 'download_data_1', 'scheduled__2025-08-05T15:00:00+00:00', '--job-id', '91', '--raw', '--subdir', 'DAGS_FOLDER/dag_dynamic.py', '--cfg-path', '/tmp/tmpxtnkuoig']
[2025-10-28T00:44:20.111+0000] {standard_task_runner.py:85} INFO - Job 91: Subtask download_data_1
[2025-10-28T00:44:20.137+0000] {task_command.py:416} INFO - Running <TaskInstance: hiring_dynamic.download_data_1 scheduled__2025-08-05T15:00:00+00:00 [running]> on host d1f69dfe6243
[2025-10-28T00:44:20.170+0000] {taskinstance.py:1662} INFO - Exporting env vars: AIRFLOW_CTX_DAG_OWNER='airflow' AIRFLOW_CTX_DAG_ID='hiring_dynamic' AIRFLOW_CTX_TASK_ID='download_data_1' AIRFLOW_CTX_EXECUTION_DATE='2025-08-05T15:00:00+00:00' AIRFLOW_CTX_TRY_NUMBER='1' AIRFLOW_CTX_DAG_RUN_ID='scheduled__2025-08-05T15:00:00+00:00'
[2025-10-28T00:44:20.171+0000] {subprocess.py:63} INFO - Tmp dir root location: /tmp
[2025-10-28T00:44:20.172+0000] {subprocess.py:75} INFO - Running command: ['/bin/bash', '-c', '\n        RAW_DIR="/opt/airflow/data/dynamic/2025-08-05/raw"\n        mkdir -p "$RAW_DIR"\n        curl -L -f -o "$RAW_DIR/data_1.csv" https://gitlab.com/eduardomoyab/laboratorio-13/-/raw/main/files/data_1.csv\n        echo \'✅ Archivo data_1.csv descargado exitosamente\'\n        ls -lh "$RAW_DIR/data_1.csv"\n    ']
[2025-10-28T00:44:20.178+0000] {subprocess.py:86} INFO - Output:
[2025-10-28T00:44:20.188+0000] {subprocess.py:93} INFO -   % Total    % Received % Xferd  Average Speed   Time    Time     Time  Current
[2025-10-28T00:44:20.188+0000] {subprocess.py:93} INFO -                                  Dload  Upload   Total   Spent    Left  Speed
[2025-10-28T00:44:20.313+0000] {subprocess.py:93} INFO -   0     0    0     0    0     0      0      0 --:--:-- --:--:-- --:--:--     0100 32735  100 32735    0     0   255k      0 --:--:-- --:--:-- --:--:--  255k
[2025-10-28T00:44:20.314+0000] {subprocess.py:93} INFO - ✅ Archivo data_1.csv descargado exitosamente
[2025-10-28T00:44:20.316+0000] {subprocess.py:93} INFO - -rw-r--r-- 1 airflow root 32K Oct 28 00:44 /opt/airflow/data/dynamic/2025-08-05/raw/data_1.csv
[2025-10-28T00:44:20.316+0000] {subprocess.py:97} INFO - Command exited with return code 0
[2025-10-28T00:44:20.326+0000] {taskinstance.py:1400} INFO - Marking task as SUCCESS. dag_id=hiring_dynamic, task_id=download_data_1, execution_date=20250805T150000, start_date=20251028T004420, end_date=20251028T004420
[2025-10-28T00:44:20.335+0000] {local_task_job_runner.py:228} INFO - Task exited with return code 0
[2025-10-28T00:44:20.348+0000] {taskinstance.py:2778} INFO - 0 downstream tasks scheduled from follow-on schedule check
[2025-10-28T01:31:08.020+0000] {taskinstance.py:1159} INFO - Dependencies all met for dep_context=non-requeueable deps ti=<TaskInstance: hiring_dynamic.download_data_1 scheduled__2025-08-05T15:00:00+00:00 [queued]>
[2025-10-28T01:31:08.027+0000] {taskinstance.py:1159} INFO - Dependencies all met for dep_context=requeueable deps ti=<TaskInstance: hiring_dynamic.download_data_1 scheduled__2025-08-05T15:00:00+00:00 [queued]>
[2025-10-28T01:31:08.029+0000] {taskinstance.py:1361} INFO - Starting attempt 1 of 1
[2025-10-28T01:31:08.037+0000] {taskinstance.py:1382} INFO - Executing <Task(BashOperator): download_data_1> on 2025-08-05 15:00:00+00:00
[2025-10-28T01:31:08.049+0000] {standard_task_runner.py:57} INFO - Started process 2142 to run task
[2025-10-28T01:31:08.053+0000] {standard_task_runner.py:84} INFO - Running: ['airflow', 'tasks', 'run', 'hiring_dynamic', 'download_data_1', 'scheduled__2025-08-05T15:00:00+00:00', '--job-id', '83', '--raw', '--subdir', 'DAGS_FOLDER/dag_dynamic.py', '--cfg-path', '/tmp/tmpynpm_us6']
[2025-10-28T01:31:08.053+0000] {standard_task_runner.py:85} INFO - Job 83: Subtask download_data_1
[2025-10-28T01:31:08.077+0000] {task_command.py:416} INFO - Running <TaskInstance: hiring_dynamic.download_data_1 scheduled__2025-08-05T15:00:00+00:00 [running]> on host c46dbfd34b1f
[2025-10-28T01:31:08.108+0000] {taskinstance.py:1662} INFO - Exporting env vars: AIRFLOW_CTX_DAG_OWNER='airflow' AIRFLOW_CTX_DAG_ID='hiring_dynamic' AIRFLOW_CTX_TASK_ID='download_data_1' AIRFLOW_CTX_EXECUTION_DATE='2025-08-05T15:00:00+00:00' AIRFLOW_CTX_TRY_NUMBER='1' AIRFLOW_CTX_DAG_RUN_ID='scheduled__2025-08-05T15:00:00+00:00'
[2025-10-28T01:31:08.109+0000] {subprocess.py:63} INFO - Tmp dir root location: /tmp
[2025-10-28T01:31:08.109+0000] {subprocess.py:75} INFO - Running command: ['/bin/bash', '-c', '\n        RAW_DIR="/opt/airflow/data/dynamic/2025-08-05/raw"\n        mkdir -p "$RAW_DIR"\n        curl -L -f -o "$RAW_DIR/data_1.csv" https://gitlab.com/eduardomoyab/laboratorio-13/-/raw/main/files/data_1.csv\n        echo \'✅ Archivo data_1.csv descargado exitosamente\'\n        ls -lh "$RAW_DIR/data_1.csv"\n    ']
[2025-10-28T01:31:08.121+0000] {subprocess.py:86} INFO - Output:
[2025-10-28T01:31:08.135+0000] {subprocess.py:93} INFO -   % Total    % Received % Xferd  Average Speed   Time    Time     Time  Current
[2025-10-28T01:31:08.136+0000] {subprocess.py:93} INFO -                                  Dload  Upload   Total   Spent    Left  Speed
[2025-10-28T01:31:08.328+0000] {subprocess.py:93} INFO -   0     0    0     0    0     0      0      0 --:--:-- --:--:-- --:--:--     0100 32735  100 32735    0     0   166k      0 --:--:-- --:--:-- --:--:--  166k
[2025-10-28T01:31:08.330+0000] {subprocess.py:93} INFO - ✅ Archivo data_1.csv descargado exitosamente
[2025-10-28T01:31:08.334+0000] {subprocess.py:93} INFO - -rw-r--r-- 1 airflow root 32K Oct 28 01:31 /opt/airflow/data/dynamic/2025-08-05/raw/data_1.csv
[2025-10-28T01:31:08.343+0000] {subprocess.py:97} INFO - Command exited with return code 0
[2025-10-28T01:31:08.445+0000] {taskinstance.py:1400} INFO - Marking task as SUCCESS. dag_id=hiring_dynamic, task_id=download_data_1, execution_date=20250805T150000, start_date=20251028T013108, end_date=20251028T013108
[2025-10-28T01:31:08.509+0000] {local_task_job_runner.py:228} INFO - Task exited with return code 0
[2025-10-28T01:31:08.530+0000] {taskinstance.py:2778} INFO - 0 downstream tasks scheduled from follow-on schedule check
