[2025-11-18T00:02:56.291+0000] {processor.py:157} INFO - Started process (PID=201) to work on /opt/airflow/dags/utils/__init__.py
[2025-11-18T00:02:56.292+0000] {processor.py:829} INFO - Processing file /opt/airflow/dags/utils/__init__.py for tasks to queue
[2025-11-18T00:02:56.292+0000] {logging_mixin.py:154} INFO - [2025-11-18T00:02:56.292+0000] {dagbag.py:536} INFO - Filling up the DagBag from /opt/airflow/dags/utils/__init__.py
[2025-11-18T00:02:56.294+0000] {processor.py:841} WARNING - No viable dags retrieved from /opt/airflow/dags/utils/__init__.py
[2025-11-18T00:02:56.306+0000] {processor.py:179} INFO - Processing /opt/airflow/dags/utils/__init__.py took 0.018 seconds
[2025-11-18T00:03:26.813+0000] {processor.py:157} INFO - Started process (PID=267) to work on /opt/airflow/dags/utils/__init__.py
[2025-11-18T00:03:26.814+0000] {processor.py:829} INFO - Processing file /opt/airflow/dags/utils/__init__.py for tasks to queue
[2025-11-18T00:03:26.814+0000] {logging_mixin.py:154} INFO - [2025-11-18T00:03:26.814+0000] {dagbag.py:536} INFO - Filling up the DagBag from /opt/airflow/dags/utils/__init__.py
[2025-11-18T00:03:26.816+0000] {processor.py:841} WARNING - No viable dags retrieved from /opt/airflow/dags/utils/__init__.py
[2025-11-18T00:03:26.827+0000] {processor.py:179} INFO - Processing /opt/airflow/dags/utils/__init__.py took 0.017 seconds
[2025-11-18T00:11:57.429+0000] {processor.py:157} INFO - Started process (PID=201) to work on /opt/airflow/dags/utils/__init__.py
[2025-11-18T00:11:57.429+0000] {processor.py:829} INFO - Processing file /opt/airflow/dags/utils/__init__.py for tasks to queue
[2025-11-18T00:11:57.430+0000] {logging_mixin.py:154} INFO - [2025-11-18T00:11:57.430+0000] {dagbag.py:536} INFO - Filling up the DagBag from /opt/airflow/dags/utils/__init__.py
[2025-11-18T00:11:57.432+0000] {processor.py:841} WARNING - No viable dags retrieved from /opt/airflow/dags/utils/__init__.py
[2025-11-18T00:11:57.445+0000] {processor.py:179} INFO - Processing /opt/airflow/dags/utils/__init__.py took 0.020 seconds
[2025-11-18T00:12:27.914+0000] {processor.py:157} INFO - Started process (PID=251) to work on /opt/airflow/dags/utils/__init__.py
[2025-11-18T00:12:27.914+0000] {processor.py:829} INFO - Processing file /opt/airflow/dags/utils/__init__.py for tasks to queue
[2025-11-18T00:12:27.915+0000] {logging_mixin.py:154} INFO - [2025-11-18T00:12:27.915+0000] {dagbag.py:536} INFO - Filling up the DagBag from /opt/airflow/dags/utils/__init__.py
[2025-11-18T00:12:27.917+0000] {processor.py:841} WARNING - No viable dags retrieved from /opt/airflow/dags/utils/__init__.py
[2025-11-18T00:12:27.929+0000] {processor.py:179} INFO - Processing /opt/airflow/dags/utils/__init__.py took 0.019 seconds
[2025-11-18T00:12:58.332+0000] {processor.py:157} INFO - Started process (PID=318) to work on /opt/airflow/dags/utils/__init__.py
[2025-11-18T00:12:58.332+0000] {processor.py:829} INFO - Processing file /opt/airflow/dags/utils/__init__.py for tasks to queue
[2025-11-18T00:12:58.333+0000] {logging_mixin.py:154} INFO - [2025-11-18T00:12:58.333+0000] {dagbag.py:536} INFO - Filling up the DagBag from /opt/airflow/dags/utils/__init__.py
[2025-11-18T00:12:58.334+0000] {processor.py:841} WARNING - No viable dags retrieved from /opt/airflow/dags/utils/__init__.py
[2025-11-18T00:12:58.344+0000] {processor.py:179} INFO - Processing /opt/airflow/dags/utils/__init__.py took 0.015 seconds
[2025-11-18T00:13:28.746+0000] {processor.py:157} INFO - Started process (PID=381) to work on /opt/airflow/dags/utils/__init__.py
[2025-11-18T00:13:28.747+0000] {processor.py:829} INFO - Processing file /opt/airflow/dags/utils/__init__.py for tasks to queue
[2025-11-18T00:13:28.748+0000] {logging_mixin.py:154} INFO - [2025-11-18T00:13:28.747+0000] {dagbag.py:536} INFO - Filling up the DagBag from /opt/airflow/dags/utils/__init__.py
[2025-11-18T00:13:28.749+0000] {processor.py:841} WARNING - No viable dags retrieved from /opt/airflow/dags/utils/__init__.py
[2025-11-18T00:13:28.760+0000] {processor.py:179} INFO - Processing /opt/airflow/dags/utils/__init__.py took 0.016 seconds
[2025-11-18T00:13:59.469+0000] {processor.py:157} INFO - Started process (PID=503) to work on /opt/airflow/dags/utils/__init__.py
[2025-11-18T00:13:59.469+0000] {processor.py:829} INFO - Processing file /opt/airflow/dags/utils/__init__.py for tasks to queue
[2025-11-18T00:13:59.470+0000] {logging_mixin.py:154} INFO - [2025-11-18T00:13:59.470+0000] {dagbag.py:536} INFO - Filling up the DagBag from /opt/airflow/dags/utils/__init__.py
[2025-11-18T00:13:59.471+0000] {processor.py:841} WARNING - No viable dags retrieved from /opt/airflow/dags/utils/__init__.py
[2025-11-18T00:13:59.482+0000] {processor.py:179} INFO - Processing /opt/airflow/dags/utils/__init__.py took 0.015 seconds
[2025-11-18T00:14:29.995+0000] {processor.py:157} INFO - Started process (PID=663) to work on /opt/airflow/dags/utils/__init__.py
[2025-11-18T00:14:29.996+0000] {processor.py:829} INFO - Processing file /opt/airflow/dags/utils/__init__.py for tasks to queue
[2025-11-18T00:14:29.997+0000] {logging_mixin.py:154} INFO - [2025-11-18T00:14:29.996+0000] {dagbag.py:536} INFO - Filling up the DagBag from /opt/airflow/dags/utils/__init__.py
[2025-11-18T00:14:29.998+0000] {processor.py:841} WARNING - No viable dags retrieved from /opt/airflow/dags/utils/__init__.py
[2025-11-18T00:14:30.028+0000] {processor.py:179} INFO - Processing /opt/airflow/dags/utils/__init__.py took 0.039 seconds
[2025-11-18T00:15:00.140+0000] {processor.py:157} INFO - Started process (PID=835) to work on /opt/airflow/dags/utils/__init__.py
[2025-11-18T00:15:00.141+0000] {processor.py:829} INFO - Processing file /opt/airflow/dags/utils/__init__.py for tasks to queue
[2025-11-18T00:15:00.142+0000] {logging_mixin.py:154} INFO - [2025-11-18T00:15:00.141+0000] {dagbag.py:536} INFO - Filling up the DagBag from /opt/airflow/dags/utils/__init__.py
[2025-11-18T00:15:00.143+0000] {processor.py:841} WARNING - No viable dags retrieved from /opt/airflow/dags/utils/__init__.py
[2025-11-18T00:15:00.156+0000] {processor.py:179} INFO - Processing /opt/airflow/dags/utils/__init__.py took 0.018 seconds
[2025-11-18T00:15:30.521+0000] {processor.py:157} INFO - Started process (PID=899) to work on /opt/airflow/dags/utils/__init__.py
[2025-11-18T00:15:30.522+0000] {processor.py:829} INFO - Processing file /opt/airflow/dags/utils/__init__.py for tasks to queue
[2025-11-18T00:15:30.522+0000] {logging_mixin.py:154} INFO - [2025-11-18T00:15:30.522+0000] {dagbag.py:536} INFO - Filling up the DagBag from /opt/airflow/dags/utils/__init__.py
[2025-11-18T00:15:30.524+0000] {processor.py:841} WARNING - No viable dags retrieved from /opt/airflow/dags/utils/__init__.py
[2025-11-18T00:15:30.536+0000] {processor.py:179} INFO - Processing /opt/airflow/dags/utils/__init__.py took 0.018 seconds
[2025-11-18T00:16:00.925+0000] {processor.py:157} INFO - Started process (PID=957) to work on /opt/airflow/dags/utils/__init__.py
[2025-11-18T00:16:00.925+0000] {processor.py:829} INFO - Processing file /opt/airflow/dags/utils/__init__.py for tasks to queue
[2025-11-18T00:16:00.926+0000] {logging_mixin.py:154} INFO - [2025-11-18T00:16:00.926+0000] {dagbag.py:536} INFO - Filling up the DagBag from /opt/airflow/dags/utils/__init__.py
[2025-11-18T00:16:00.927+0000] {processor.py:841} WARNING - No viable dags retrieved from /opt/airflow/dags/utils/__init__.py
[2025-11-18T00:16:00.938+0000] {processor.py:179} INFO - Processing /opt/airflow/dags/utils/__init__.py took 0.016 seconds
[2025-11-18T00:16:31.175+0000] {processor.py:157} INFO - Started process (PID=1017) to work on /opt/airflow/dags/utils/__init__.py
[2025-11-18T00:16:31.175+0000] {processor.py:829} INFO - Processing file /opt/airflow/dags/utils/__init__.py for tasks to queue
[2025-11-18T00:16:31.176+0000] {logging_mixin.py:154} INFO - [2025-11-18T00:16:31.176+0000] {dagbag.py:536} INFO - Filling up the DagBag from /opt/airflow/dags/utils/__init__.py
[2025-11-18T00:16:31.177+0000] {processor.py:841} WARNING - No viable dags retrieved from /opt/airflow/dags/utils/__init__.py
[2025-11-18T00:16:31.188+0000] {processor.py:179} INFO - Processing /opt/airflow/dags/utils/__init__.py took 0.016 seconds
[2025-11-18T00:17:01.908+0000] {processor.py:157} INFO - Started process (PID=1087) to work on /opt/airflow/dags/utils/__init__.py
[2025-11-18T00:17:01.909+0000] {processor.py:829} INFO - Processing file /opt/airflow/dags/utils/__init__.py for tasks to queue
[2025-11-18T00:17:01.909+0000] {logging_mixin.py:154} INFO - [2025-11-18T00:17:01.909+0000] {dagbag.py:536} INFO - Filling up the DagBag from /opt/airflow/dags/utils/__init__.py
[2025-11-18T00:17:01.911+0000] {processor.py:841} WARNING - No viable dags retrieved from /opt/airflow/dags/utils/__init__.py
[2025-11-18T00:17:01.922+0000] {processor.py:179} INFO - Processing /opt/airflow/dags/utils/__init__.py took 0.016 seconds
[2025-11-18T00:17:32.277+0000] {processor.py:157} INFO - Started process (PID=1158) to work on /opt/airflow/dags/utils/__init__.py
[2025-11-18T00:17:32.278+0000] {processor.py:829} INFO - Processing file /opt/airflow/dags/utils/__init__.py for tasks to queue
[2025-11-18T00:17:32.278+0000] {logging_mixin.py:154} INFO - [2025-11-18T00:17:32.278+0000] {dagbag.py:536} INFO - Filling up the DagBag from /opt/airflow/dags/utils/__init__.py
[2025-11-18T00:17:32.280+0000] {processor.py:841} WARNING - No viable dags retrieved from /opt/airflow/dags/utils/__init__.py
[2025-11-18T00:17:32.291+0000] {processor.py:179} INFO - Processing /opt/airflow/dags/utils/__init__.py took 0.018 seconds
[2025-11-18T00:18:02.673+0000] {processor.py:157} INFO - Started process (PID=1223) to work on /opt/airflow/dags/utils/__init__.py
[2025-11-18T00:18:02.673+0000] {processor.py:829} INFO - Processing file /opt/airflow/dags/utils/__init__.py for tasks to queue
[2025-11-18T00:18:02.674+0000] {logging_mixin.py:154} INFO - [2025-11-18T00:18:02.674+0000] {dagbag.py:536} INFO - Filling up the DagBag from /opt/airflow/dags/utils/__init__.py
[2025-11-18T00:18:02.676+0000] {processor.py:841} WARNING - No viable dags retrieved from /opt/airflow/dags/utils/__init__.py
[2025-11-18T00:18:02.686+0000] {processor.py:179} INFO - Processing /opt/airflow/dags/utils/__init__.py took 0.016 seconds
[2025-11-18T00:18:33.048+0000] {processor.py:157} INFO - Started process (PID=1281) to work on /opt/airflow/dags/utils/__init__.py
[2025-11-18T00:18:33.049+0000] {processor.py:829} INFO - Processing file /opt/airflow/dags/utils/__init__.py for tasks to queue
[2025-11-18T00:18:33.049+0000] {logging_mixin.py:154} INFO - [2025-11-18T00:18:33.049+0000] {dagbag.py:536} INFO - Filling up the DagBag from /opt/airflow/dags/utils/__init__.py
[2025-11-18T00:18:33.051+0000] {processor.py:841} WARNING - No viable dags retrieved from /opt/airflow/dags/utils/__init__.py
[2025-11-18T00:18:33.062+0000] {processor.py:179} INFO - Processing /opt/airflow/dags/utils/__init__.py took 0.017 seconds
[2025-11-18T00:43:15.592+0000] {processor.py:157} INFO - Started process (PID=200) to work on /opt/airflow/dags/utils/__init__.py
[2025-11-18T00:43:15.593+0000] {processor.py:829} INFO - Processing file /opt/airflow/dags/utils/__init__.py for tasks to queue
[2025-11-18T00:43:15.594+0000] {logging_mixin.py:154} INFO - [2025-11-18T00:43:15.594+0000] {dagbag.py:536} INFO - Filling up the DagBag from /opt/airflow/dags/utils/__init__.py
[2025-11-18T00:43:15.595+0000] {processor.py:841} WARNING - No viable dags retrieved from /opt/airflow/dags/utils/__init__.py
[2025-11-18T00:43:15.607+0000] {processor.py:179} INFO - Processing /opt/airflow/dags/utils/__init__.py took 0.017 seconds
[2025-11-18T00:43:46.233+0000] {processor.py:157} INFO - Started process (PID=264) to work on /opt/airflow/dags/utils/__init__.py
[2025-11-18T00:43:46.233+0000] {processor.py:829} INFO - Processing file /opt/airflow/dags/utils/__init__.py for tasks to queue
[2025-11-18T00:43:46.234+0000] {logging_mixin.py:154} INFO - [2025-11-18T00:43:46.234+0000] {dagbag.py:536} INFO - Filling up the DagBag from /opt/airflow/dags/utils/__init__.py
[2025-11-18T00:43:46.235+0000] {processor.py:841} WARNING - No viable dags retrieved from /opt/airflow/dags/utils/__init__.py
[2025-11-18T00:43:46.247+0000] {processor.py:179} INFO - Processing /opt/airflow/dags/utils/__init__.py took 0.018 seconds
[2025-11-18T00:44:17.208+0000] {processor.py:157} INFO - Started process (PID=364) to work on /opt/airflow/dags/utils/__init__.py
[2025-11-18T00:44:17.208+0000] {processor.py:829} INFO - Processing file /opt/airflow/dags/utils/__init__.py for tasks to queue
[2025-11-18T00:44:17.209+0000] {logging_mixin.py:154} INFO - [2025-11-18T00:44:17.209+0000] {dagbag.py:536} INFO - Filling up the DagBag from /opt/airflow/dags/utils/__init__.py
[2025-11-18T00:44:17.210+0000] {processor.py:841} WARNING - No viable dags retrieved from /opt/airflow/dags/utils/__init__.py
[2025-11-18T00:44:17.220+0000] {processor.py:179} INFO - Processing /opt/airflow/dags/utils/__init__.py took 0.015 seconds
[2025-11-18T00:44:48.152+0000] {processor.py:157} INFO - Started process (PID=608) to work on /opt/airflow/dags/utils/__init__.py
[2025-11-18T00:44:48.153+0000] {processor.py:829} INFO - Processing file /opt/airflow/dags/utils/__init__.py for tasks to queue
[2025-11-18T00:44:48.154+0000] {logging_mixin.py:154} INFO - [2025-11-18T00:44:48.153+0000] {dagbag.py:536} INFO - Filling up the DagBag from /opt/airflow/dags/utils/__init__.py
[2025-11-18T00:44:48.156+0000] {processor.py:841} WARNING - No viable dags retrieved from /opt/airflow/dags/utils/__init__.py
[2025-11-18T00:44:48.170+0000] {processor.py:179} INFO - Processing /opt/airflow/dags/utils/__init__.py took 0.022 seconds
[2025-11-18T00:45:19.323+0000] {processor.py:157} INFO - Started process (PID=715) to work on /opt/airflow/dags/utils/__init__.py
[2025-11-18T00:45:19.323+0000] {processor.py:829} INFO - Processing file /opt/airflow/dags/utils/__init__.py for tasks to queue
[2025-11-18T00:45:19.324+0000] {logging_mixin.py:154} INFO - [2025-11-18T00:45:19.324+0000] {dagbag.py:536} INFO - Filling up the DagBag from /opt/airflow/dags/utils/__init__.py
[2025-11-18T00:45:19.326+0000] {processor.py:841} WARNING - No viable dags retrieved from /opt/airflow/dags/utils/__init__.py
[2025-11-18T00:45:19.336+0000] {processor.py:179} INFO - Processing /opt/airflow/dags/utils/__init__.py took 0.016 seconds
[2025-11-18T00:45:49.863+0000] {processor.py:157} INFO - Started process (PID=860) to work on /opt/airflow/dags/utils/__init__.py
[2025-11-18T00:45:49.864+0000] {processor.py:829} INFO - Processing file /opt/airflow/dags/utils/__init__.py for tasks to queue
[2025-11-18T00:45:49.864+0000] {logging_mixin.py:154} INFO - [2025-11-18T00:45:49.864+0000] {dagbag.py:536} INFO - Filling up the DagBag from /opt/airflow/dags/utils/__init__.py
[2025-11-18T00:45:49.866+0000] {processor.py:841} WARNING - No viable dags retrieved from /opt/airflow/dags/utils/__init__.py
[2025-11-18T00:45:49.877+0000] {processor.py:179} INFO - Processing /opt/airflow/dags/utils/__init__.py took 0.017 seconds
[2025-11-18T00:46:20.489+0000] {processor.py:157} INFO - Started process (PID=942) to work on /opt/airflow/dags/utils/__init__.py
[2025-11-18T00:46:20.490+0000] {processor.py:829} INFO - Processing file /opt/airflow/dags/utils/__init__.py for tasks to queue
[2025-11-18T00:46:20.490+0000] {logging_mixin.py:154} INFO - [2025-11-18T00:46:20.490+0000] {dagbag.py:536} INFO - Filling up the DagBag from /opt/airflow/dags/utils/__init__.py
[2025-11-18T00:46:20.492+0000] {processor.py:841} WARNING - No viable dags retrieved from /opt/airflow/dags/utils/__init__.py
[2025-11-18T00:46:20.502+0000] {processor.py:179} INFO - Processing /opt/airflow/dags/utils/__init__.py took 0.017 seconds
[2025-11-18T00:46:51.112+0000] {processor.py:157} INFO - Started process (PID=1009) to work on /opt/airflow/dags/utils/__init__.py
[2025-11-18T00:46:51.113+0000] {processor.py:829} INFO - Processing file /opt/airflow/dags/utils/__init__.py for tasks to queue
[2025-11-18T00:46:51.114+0000] {logging_mixin.py:154} INFO - [2025-11-18T00:46:51.113+0000] {dagbag.py:536} INFO - Filling up the DagBag from /opt/airflow/dags/utils/__init__.py
[2025-11-18T00:46:51.115+0000] {processor.py:841} WARNING - No viable dags retrieved from /opt/airflow/dags/utils/__init__.py
[2025-11-18T00:46:51.126+0000] {processor.py:179} INFO - Processing /opt/airflow/dags/utils/__init__.py took 0.017 seconds
[2025-11-18T00:47:21.729+0000] {processor.py:157} INFO - Started process (PID=1073) to work on /opt/airflow/dags/utils/__init__.py
[2025-11-18T00:47:21.730+0000] {processor.py:829} INFO - Processing file /opt/airflow/dags/utils/__init__.py for tasks to queue
[2025-11-18T00:47:21.730+0000] {logging_mixin.py:154} INFO - [2025-11-18T00:47:21.730+0000] {dagbag.py:536} INFO - Filling up the DagBag from /opt/airflow/dags/utils/__init__.py
[2025-11-18T00:47:21.732+0000] {processor.py:841} WARNING - No viable dags retrieved from /opt/airflow/dags/utils/__init__.py
[2025-11-18T00:47:21.743+0000] {processor.py:179} INFO - Processing /opt/airflow/dags/utils/__init__.py took 0.016 seconds
[2025-11-18T00:47:52.458+0000] {processor.py:157} INFO - Started process (PID=1131) to work on /opt/airflow/dags/utils/__init__.py
[2025-11-18T00:47:52.459+0000] {processor.py:829} INFO - Processing file /opt/airflow/dags/utils/__init__.py for tasks to queue
[2025-11-18T00:47:52.459+0000] {logging_mixin.py:154} INFO - [2025-11-18T00:47:52.459+0000] {dagbag.py:536} INFO - Filling up the DagBag from /opt/airflow/dags/utils/__init__.py
[2025-11-18T00:47:52.461+0000] {processor.py:841} WARNING - No viable dags retrieved from /opt/airflow/dags/utils/__init__.py
[2025-11-18T00:47:52.471+0000] {processor.py:179} INFO - Processing /opt/airflow/dags/utils/__init__.py took 0.016 seconds
[2025-11-18T00:48:23.067+0000] {processor.py:157} INFO - Started process (PID=1198) to work on /opt/airflow/dags/utils/__init__.py
[2025-11-18T00:48:23.067+0000] {processor.py:829} INFO - Processing file /opt/airflow/dags/utils/__init__.py for tasks to queue
[2025-11-18T00:48:23.068+0000] {logging_mixin.py:154} INFO - [2025-11-18T00:48:23.068+0000] {dagbag.py:536} INFO - Filling up the DagBag from /opt/airflow/dags/utils/__init__.py
[2025-11-18T00:48:23.071+0000] {processor.py:841} WARNING - No viable dags retrieved from /opt/airflow/dags/utils/__init__.py
[2025-11-18T00:48:23.083+0000] {processor.py:179} INFO - Processing /opt/airflow/dags/utils/__init__.py took 0.020 seconds
[2025-11-18T00:48:53.596+0000] {processor.py:157} INFO - Started process (PID=1263) to work on /opt/airflow/dags/utils/__init__.py
[2025-11-18T00:48:53.596+0000] {processor.py:829} INFO - Processing file /opt/airflow/dags/utils/__init__.py for tasks to queue
[2025-11-18T00:48:53.597+0000] {logging_mixin.py:154} INFO - [2025-11-18T00:48:53.597+0000] {dagbag.py:536} INFO - Filling up the DagBag from /opt/airflow/dags/utils/__init__.py
[2025-11-18T00:48:53.599+0000] {processor.py:841} WARNING - No viable dags retrieved from /opt/airflow/dags/utils/__init__.py
[2025-11-18T00:48:53.610+0000] {processor.py:179} INFO - Processing /opt/airflow/dags/utils/__init__.py took 0.016 seconds
[2025-11-18T00:49:24.215+0000] {processor.py:157} INFO - Started process (PID=1328) to work on /opt/airflow/dags/utils/__init__.py
[2025-11-18T00:49:24.215+0000] {processor.py:829} INFO - Processing file /opt/airflow/dags/utils/__init__.py for tasks to queue
[2025-11-18T00:49:24.216+0000] {logging_mixin.py:154} INFO - [2025-11-18T00:49:24.216+0000] {dagbag.py:536} INFO - Filling up the DagBag from /opt/airflow/dags/utils/__init__.py
[2025-11-18T00:49:24.217+0000] {processor.py:841} WARNING - No viable dags retrieved from /opt/airflow/dags/utils/__init__.py
[2025-11-18T00:49:24.228+0000] {processor.py:179} INFO - Processing /opt/airflow/dags/utils/__init__.py took 0.017 seconds
[2025-11-18T00:49:54.901+0000] {processor.py:157} INFO - Started process (PID=1391) to work on /opt/airflow/dags/utils/__init__.py
[2025-11-18T00:49:54.902+0000] {processor.py:829} INFO - Processing file /opt/airflow/dags/utils/__init__.py for tasks to queue
[2025-11-18T00:49:54.902+0000] {logging_mixin.py:154} INFO - [2025-11-18T00:49:54.902+0000] {dagbag.py:536} INFO - Filling up the DagBag from /opt/airflow/dags/utils/__init__.py
[2025-11-18T00:49:54.904+0000] {processor.py:841} WARNING - No viable dags retrieved from /opt/airflow/dags/utils/__init__.py
[2025-11-18T00:49:54.914+0000] {processor.py:179} INFO - Processing /opt/airflow/dags/utils/__init__.py took 0.016 seconds
[2025-11-18T00:50:25.460+0000] {processor.py:157} INFO - Started process (PID=1451) to work on /opt/airflow/dags/utils/__init__.py
[2025-11-18T00:50:25.461+0000] {processor.py:829} INFO - Processing file /opt/airflow/dags/utils/__init__.py for tasks to queue
[2025-11-18T00:50:25.461+0000] {logging_mixin.py:154} INFO - [2025-11-18T00:50:25.461+0000] {dagbag.py:536} INFO - Filling up the DagBag from /opt/airflow/dags/utils/__init__.py
[2025-11-18T00:50:25.463+0000] {processor.py:841} WARNING - No viable dags retrieved from /opt/airflow/dags/utils/__init__.py
[2025-11-18T00:50:25.474+0000] {processor.py:179} INFO - Processing /opt/airflow/dags/utils/__init__.py took 0.017 seconds
[2025-11-18T00:50:56.365+0000] {processor.py:157} INFO - Started process (PID=1516) to work on /opt/airflow/dags/utils/__init__.py
[2025-11-18T00:50:56.365+0000] {processor.py:829} INFO - Processing file /opt/airflow/dags/utils/__init__.py for tasks to queue
[2025-11-18T00:50:56.366+0000] {logging_mixin.py:154} INFO - [2025-11-18T00:50:56.365+0000] {dagbag.py:536} INFO - Filling up the DagBag from /opt/airflow/dags/utils/__init__.py
[2025-11-18T00:50:56.367+0000] {processor.py:841} WARNING - No viable dags retrieved from /opt/airflow/dags/utils/__init__.py
[2025-11-18T00:50:56.378+0000] {processor.py:179} INFO - Processing /opt/airflow/dags/utils/__init__.py took 0.016 seconds
[2025-11-18T00:51:26.870+0000] {processor.py:157} INFO - Started process (PID=1581) to work on /opt/airflow/dags/utils/__init__.py
[2025-11-18T00:51:26.870+0000] {processor.py:829} INFO - Processing file /opt/airflow/dags/utils/__init__.py for tasks to queue
[2025-11-18T00:51:26.871+0000] {logging_mixin.py:154} INFO - [2025-11-18T00:51:26.870+0000] {dagbag.py:536} INFO - Filling up the DagBag from /opt/airflow/dags/utils/__init__.py
[2025-11-18T00:51:26.872+0000] {processor.py:841} WARNING - No viable dags retrieved from /opt/airflow/dags/utils/__init__.py
[2025-11-18T00:51:26.884+0000] {processor.py:179} INFO - Processing /opt/airflow/dags/utils/__init__.py took 0.017 seconds
[2025-11-18T00:51:57.502+0000] {processor.py:157} INFO - Started process (PID=1646) to work on /opt/airflow/dags/utils/__init__.py
[2025-11-18T00:51:57.503+0000] {processor.py:829} INFO - Processing file /opt/airflow/dags/utils/__init__.py for tasks to queue
[2025-11-18T00:51:57.504+0000] {logging_mixin.py:154} INFO - [2025-11-18T00:51:57.503+0000] {dagbag.py:536} INFO - Filling up the DagBag from /opt/airflow/dags/utils/__init__.py
[2025-11-18T00:51:57.505+0000] {processor.py:841} WARNING - No viable dags retrieved from /opt/airflow/dags/utils/__init__.py
[2025-11-18T00:51:57.516+0000] {processor.py:179} INFO - Processing /opt/airflow/dags/utils/__init__.py took 0.017 seconds
[2025-11-18T00:52:28.150+0000] {processor.py:157} INFO - Started process (PID=1711) to work on /opt/airflow/dags/utils/__init__.py
[2025-11-18T00:52:28.150+0000] {processor.py:829} INFO - Processing file /opt/airflow/dags/utils/__init__.py for tasks to queue
[2025-11-18T00:52:28.151+0000] {logging_mixin.py:154} INFO - [2025-11-18T00:52:28.151+0000] {dagbag.py:536} INFO - Filling up the DagBag from /opt/airflow/dags/utils/__init__.py
[2025-11-18T00:52:28.152+0000] {processor.py:841} WARNING - No viable dags retrieved from /opt/airflow/dags/utils/__init__.py
[2025-11-18T00:52:28.163+0000] {processor.py:179} INFO - Processing /opt/airflow/dags/utils/__init__.py took 0.016 seconds
[2025-11-18T00:52:58.756+0000] {processor.py:157} INFO - Started process (PID=1776) to work on /opt/airflow/dags/utils/__init__.py
[2025-11-18T00:52:58.757+0000] {processor.py:829} INFO - Processing file /opt/airflow/dags/utils/__init__.py for tasks to queue
[2025-11-18T00:52:58.757+0000] {logging_mixin.py:154} INFO - [2025-11-18T00:52:58.757+0000] {dagbag.py:536} INFO - Filling up the DagBag from /opt/airflow/dags/utils/__init__.py
[2025-11-18T00:52:58.759+0000] {processor.py:841} WARNING - No viable dags retrieved from /opt/airflow/dags/utils/__init__.py
[2025-11-18T00:52:58.769+0000] {processor.py:179} INFO - Processing /opt/airflow/dags/utils/__init__.py took 0.016 seconds
[2025-11-18T00:53:29.502+0000] {processor.py:157} INFO - Started process (PID=1834) to work on /opt/airflow/dags/utils/__init__.py
[2025-11-18T00:53:29.503+0000] {processor.py:829} INFO - Processing file /opt/airflow/dags/utils/__init__.py for tasks to queue
[2025-11-18T00:53:29.503+0000] {logging_mixin.py:154} INFO - [2025-11-18T00:53:29.503+0000] {dagbag.py:536} INFO - Filling up the DagBag from /opt/airflow/dags/utils/__init__.py
[2025-11-18T00:53:29.505+0000] {processor.py:841} WARNING - No viable dags retrieved from /opt/airflow/dags/utils/__init__.py
[2025-11-18T00:53:29.515+0000] {processor.py:179} INFO - Processing /opt/airflow/dags/utils/__init__.py took 0.016 seconds
[2025-11-18T00:54:00.171+0000] {processor.py:157} INFO - Started process (PID=1897) to work on /opt/airflow/dags/utils/__init__.py
[2025-11-18T00:54:00.172+0000] {processor.py:829} INFO - Processing file /opt/airflow/dags/utils/__init__.py for tasks to queue
[2025-11-18T00:54:00.172+0000] {logging_mixin.py:154} INFO - [2025-11-18T00:54:00.172+0000] {dagbag.py:536} INFO - Filling up the DagBag from /opt/airflow/dags/utils/__init__.py
[2025-11-18T00:54:00.174+0000] {processor.py:841} WARNING - No viable dags retrieved from /opt/airflow/dags/utils/__init__.py
[2025-11-18T00:54:00.183+0000] {processor.py:179} INFO - Processing /opt/airflow/dags/utils/__init__.py took 0.015 seconds
[2025-11-18T00:54:30.669+0000] {processor.py:157} INFO - Started process (PID=1964) to work on /opt/airflow/dags/utils/__init__.py
[2025-11-18T00:54:30.670+0000] {processor.py:829} INFO - Processing file /opt/airflow/dags/utils/__init__.py for tasks to queue
[2025-11-18T00:54:30.670+0000] {logging_mixin.py:154} INFO - [2025-11-18T00:54:30.670+0000] {dagbag.py:536} INFO - Filling up the DagBag from /opt/airflow/dags/utils/__init__.py
[2025-11-18T00:54:30.672+0000] {processor.py:841} WARNING - No viable dags retrieved from /opt/airflow/dags/utils/__init__.py
[2025-11-18T00:54:30.683+0000] {processor.py:179} INFO - Processing /opt/airflow/dags/utils/__init__.py took 0.016 seconds
[2025-11-18T00:55:01.419+0000] {processor.py:157} INFO - Started process (PID=2029) to work on /opt/airflow/dags/utils/__init__.py
[2025-11-18T00:55:01.419+0000] {processor.py:829} INFO - Processing file /opt/airflow/dags/utils/__init__.py for tasks to queue
[2025-11-18T00:55:01.420+0000] {logging_mixin.py:154} INFO - [2025-11-18T00:55:01.419+0000] {dagbag.py:536} INFO - Filling up the DagBag from /opt/airflow/dags/utils/__init__.py
[2025-11-18T00:55:01.421+0000] {processor.py:841} WARNING - No viable dags retrieved from /opt/airflow/dags/utils/__init__.py
[2025-11-18T00:55:01.432+0000] {processor.py:179} INFO - Processing /opt/airflow/dags/utils/__init__.py took 0.016 seconds
[2025-11-18T00:55:32.056+0000] {processor.py:157} INFO - Started process (PID=2094) to work on /opt/airflow/dags/utils/__init__.py
[2025-11-18T00:55:32.056+0000] {processor.py:829} INFO - Processing file /opt/airflow/dags/utils/__init__.py for tasks to queue
[2025-11-18T00:55:32.057+0000] {logging_mixin.py:154} INFO - [2025-11-18T00:55:32.057+0000] {dagbag.py:536} INFO - Filling up the DagBag from /opt/airflow/dags/utils/__init__.py
[2025-11-18T00:55:32.059+0000] {processor.py:841} WARNING - No viable dags retrieved from /opt/airflow/dags/utils/__init__.py
[2025-11-18T00:55:32.069+0000] {processor.py:179} INFO - Processing /opt/airflow/dags/utils/__init__.py took 0.016 seconds
[2025-11-18T00:56:02.930+0000] {processor.py:157} INFO - Started process (PID=2152) to work on /opt/airflow/dags/utils/__init__.py
[2025-11-18T00:56:02.930+0000] {processor.py:829} INFO - Processing file /opt/airflow/dags/utils/__init__.py for tasks to queue
[2025-11-18T00:56:02.931+0000] {logging_mixin.py:154} INFO - [2025-11-18T00:56:02.930+0000] {dagbag.py:536} INFO - Filling up the DagBag from /opt/airflow/dags/utils/__init__.py
[2025-11-18T00:56:02.932+0000] {processor.py:841} WARNING - No viable dags retrieved from /opt/airflow/dags/utils/__init__.py
[2025-11-18T00:56:02.943+0000] {processor.py:179} INFO - Processing /opt/airflow/dags/utils/__init__.py took 0.017 seconds
[2025-11-18T00:56:33.759+0000] {processor.py:157} INFO - Started process (PID=2217) to work on /opt/airflow/dags/utils/__init__.py
[2025-11-18T00:56:33.759+0000] {processor.py:829} INFO - Processing file /opt/airflow/dags/utils/__init__.py for tasks to queue
[2025-11-18T00:56:33.760+0000] {logging_mixin.py:154} INFO - [2025-11-18T00:56:33.760+0000] {dagbag.py:536} INFO - Filling up the DagBag from /opt/airflow/dags/utils/__init__.py
[2025-11-18T00:56:33.762+0000] {processor.py:841} WARNING - No viable dags retrieved from /opt/airflow/dags/utils/__init__.py
[2025-11-18T00:56:33.774+0000] {processor.py:179} INFO - Processing /opt/airflow/dags/utils/__init__.py took 0.018 seconds
[2025-11-18T00:57:04.696+0000] {processor.py:157} INFO - Started process (PID=2282) to work on /opt/airflow/dags/utils/__init__.py
[2025-11-18T00:57:04.696+0000] {processor.py:829} INFO - Processing file /opt/airflow/dags/utils/__init__.py for tasks to queue
[2025-11-18T00:57:04.697+0000] {logging_mixin.py:154} INFO - [2025-11-18T00:57:04.697+0000] {dagbag.py:536} INFO - Filling up the DagBag from /opt/airflow/dags/utils/__init__.py
[2025-11-18T00:57:04.699+0000] {processor.py:841} WARNING - No viable dags retrieved from /opt/airflow/dags/utils/__init__.py
[2025-11-18T00:57:04.712+0000] {processor.py:179} INFO - Processing /opt/airflow/dags/utils/__init__.py took 0.019 seconds
[2025-11-18T00:57:35.546+0000] {processor.py:157} INFO - Started process (PID=2348) to work on /opt/airflow/dags/utils/__init__.py
[2025-11-18T00:57:35.546+0000] {processor.py:829} INFO - Processing file /opt/airflow/dags/utils/__init__.py for tasks to queue
[2025-11-18T00:57:35.547+0000] {logging_mixin.py:154} INFO - [2025-11-18T00:57:35.547+0000] {dagbag.py:536} INFO - Filling up the DagBag from /opt/airflow/dags/utils/__init__.py
[2025-11-18T00:57:35.548+0000] {processor.py:841} WARNING - No viable dags retrieved from /opt/airflow/dags/utils/__init__.py
[2025-11-18T00:57:35.559+0000] {processor.py:179} INFO - Processing /opt/airflow/dags/utils/__init__.py took 0.016 seconds
[2025-11-18T00:58:06.790+0000] {processor.py:157} INFO - Started process (PID=2411) to work on /opt/airflow/dags/utils/__init__.py
[2025-11-18T00:58:06.790+0000] {processor.py:829} INFO - Processing file /opt/airflow/dags/utils/__init__.py for tasks to queue
[2025-11-18T00:58:06.791+0000] {logging_mixin.py:154} INFO - [2025-11-18T00:58:06.790+0000] {dagbag.py:536} INFO - Filling up the DagBag from /opt/airflow/dags/utils/__init__.py
[2025-11-18T00:58:06.793+0000] {processor.py:841} WARNING - No viable dags retrieved from /opt/airflow/dags/utils/__init__.py
[2025-11-18T00:58:06.804+0000] {processor.py:179} INFO - Processing /opt/airflow/dags/utils/__init__.py took 0.017 seconds
[2025-11-18T00:58:37.054+0000] {processor.py:157} INFO - Started process (PID=2458) to work on /opt/airflow/dags/utils/__init__.py
[2025-11-18T00:58:37.055+0000] {processor.py:829} INFO - Processing file /opt/airflow/dags/utils/__init__.py for tasks to queue
[2025-11-18T00:58:37.055+0000] {logging_mixin.py:154} INFO - [2025-11-18T00:58:37.055+0000] {dagbag.py:536} INFO - Filling up the DagBag from /opt/airflow/dags/utils/__init__.py
[2025-11-18T00:58:37.057+0000] {processor.py:841} WARNING - No viable dags retrieved from /opt/airflow/dags/utils/__init__.py
[2025-11-18T00:58:37.067+0000] {processor.py:179} INFO - Processing /opt/airflow/dags/utils/__init__.py took 0.016 seconds
[2025-11-18T00:59:07.162+0000] {processor.py:157} INFO - Started process (PID=2510) to work on /opt/airflow/dags/utils/__init__.py
[2025-11-18T00:59:07.162+0000] {processor.py:829} INFO - Processing file /opt/airflow/dags/utils/__init__.py for tasks to queue
[2025-11-18T00:59:07.162+0000] {logging_mixin.py:154} INFO - [2025-11-18T00:59:07.162+0000] {dagbag.py:536} INFO - Filling up the DagBag from /opt/airflow/dags/utils/__init__.py
[2025-11-18T00:59:07.164+0000] {processor.py:841} WARNING - No viable dags retrieved from /opt/airflow/dags/utils/__init__.py
[2025-11-18T00:59:07.175+0000] {processor.py:179} INFO - Processing /opt/airflow/dags/utils/__init__.py took 0.016 seconds
[2025-11-18T00:59:37.654+0000] {processor.py:157} INFO - Started process (PID=2575) to work on /opt/airflow/dags/utils/__init__.py
[2025-11-18T00:59:37.655+0000] {processor.py:829} INFO - Processing file /opt/airflow/dags/utils/__init__.py for tasks to queue
[2025-11-18T00:59:37.656+0000] {logging_mixin.py:154} INFO - [2025-11-18T00:59:37.655+0000] {dagbag.py:536} INFO - Filling up the DagBag from /opt/airflow/dags/utils/__init__.py
[2025-11-18T00:59:37.657+0000] {processor.py:841} WARNING - No viable dags retrieved from /opt/airflow/dags/utils/__init__.py
[2025-11-18T00:59:37.669+0000] {processor.py:179} INFO - Processing /opt/airflow/dags/utils/__init__.py took 0.017 seconds
[2025-11-18T01:00:07.753+0000] {processor.py:157} INFO - Started process (PID=2635) to work on /opt/airflow/dags/utils/__init__.py
[2025-11-18T01:00:07.764+0000] {processor.py:829} INFO - Processing file /opt/airflow/dags/utils/__init__.py for tasks to queue
[2025-11-18T01:00:07.765+0000] {logging_mixin.py:154} INFO - [2025-11-18T01:00:07.765+0000] {dagbag.py:536} INFO - Filling up the DagBag from /opt/airflow/dags/utils/__init__.py
[2025-11-18T01:00:07.766+0000] {processor.py:841} WARNING - No viable dags retrieved from /opt/airflow/dags/utils/__init__.py
[2025-11-18T01:00:07.776+0000] {processor.py:179} INFO - Processing /opt/airflow/dags/utils/__init__.py took 0.025 seconds
[2025-11-18T01:00:37.956+0000] {processor.py:157} INFO - Started process (PID=2700) to work on /opt/airflow/dags/utils/__init__.py
[2025-11-18T01:00:37.956+0000] {processor.py:829} INFO - Processing file /opt/airflow/dags/utils/__init__.py for tasks to queue
[2025-11-18T01:00:37.956+0000] {logging_mixin.py:154} INFO - [2025-11-18T01:00:37.956+0000] {dagbag.py:536} INFO - Filling up the DagBag from /opt/airflow/dags/utils/__init__.py
[2025-11-18T01:00:37.958+0000] {processor.py:841} WARNING - No viable dags retrieved from /opt/airflow/dags/utils/__init__.py
[2025-11-18T01:00:37.968+0000] {processor.py:179} INFO - Processing /opt/airflow/dags/utils/__init__.py took 0.015 seconds
[2025-11-18T01:01:08.220+0000] {processor.py:157} INFO - Started process (PID=2758) to work on /opt/airflow/dags/utils/__init__.py
[2025-11-18T01:01:08.221+0000] {processor.py:829} INFO - Processing file /opt/airflow/dags/utils/__init__.py for tasks to queue
[2025-11-18T01:01:08.222+0000] {logging_mixin.py:154} INFO - [2025-11-18T01:01:08.221+0000] {dagbag.py:536} INFO - Filling up the DagBag from /opt/airflow/dags/utils/__init__.py
[2025-11-18T01:01:08.223+0000] {processor.py:841} WARNING - No viable dags retrieved from /opt/airflow/dags/utils/__init__.py
[2025-11-18T01:01:08.233+0000] {processor.py:179} INFO - Processing /opt/airflow/dags/utils/__init__.py took 0.015 seconds
[2025-11-18T01:01:38.408+0000] {processor.py:157} INFO - Started process (PID=2823) to work on /opt/airflow/dags/utils/__init__.py
[2025-11-18T01:01:38.408+0000] {processor.py:829} INFO - Processing file /opt/airflow/dags/utils/__init__.py for tasks to queue
[2025-11-18T01:01:38.409+0000] {logging_mixin.py:154} INFO - [2025-11-18T01:01:38.409+0000] {dagbag.py:536} INFO - Filling up the DagBag from /opt/airflow/dags/utils/__init__.py
[2025-11-18T01:01:38.411+0000] {processor.py:841} WARNING - No viable dags retrieved from /opt/airflow/dags/utils/__init__.py
[2025-11-18T01:01:38.421+0000] {processor.py:179} INFO - Processing /opt/airflow/dags/utils/__init__.py took 0.016 seconds
[2025-11-18T01:02:08.567+0000] {processor.py:157} INFO - Started process (PID=2888) to work on /opt/airflow/dags/utils/__init__.py
[2025-11-18T01:02:08.567+0000] {processor.py:829} INFO - Processing file /opt/airflow/dags/utils/__init__.py for tasks to queue
[2025-11-18T01:02:08.567+0000] {logging_mixin.py:154} INFO - [2025-11-18T01:02:08.567+0000] {dagbag.py:536} INFO - Filling up the DagBag from /opt/airflow/dags/utils/__init__.py
[2025-11-18T01:02:08.569+0000] {processor.py:841} WARNING - No viable dags retrieved from /opt/airflow/dags/utils/__init__.py
[2025-11-18T01:02:08.579+0000] {processor.py:179} INFO - Processing /opt/airflow/dags/utils/__init__.py took 0.015 seconds
[2025-11-18T01:02:38.727+0000] {processor.py:157} INFO - Started process (PID=2953) to work on /opt/airflow/dags/utils/__init__.py
[2025-11-18T01:02:38.728+0000] {processor.py:829} INFO - Processing file /opt/airflow/dags/utils/__init__.py for tasks to queue
[2025-11-18T01:02:38.729+0000] {logging_mixin.py:154} INFO - [2025-11-18T01:02:38.729+0000] {dagbag.py:536} INFO - Filling up the DagBag from /opt/airflow/dags/utils/__init__.py
[2025-11-18T01:02:38.731+0000] {processor.py:841} WARNING - No viable dags retrieved from /opt/airflow/dags/utils/__init__.py
[2025-11-18T01:02:38.744+0000] {processor.py:179} INFO - Processing /opt/airflow/dags/utils/__init__.py took 0.019 seconds
[2025-11-18T01:03:08.924+0000] {processor.py:157} INFO - Started process (PID=3018) to work on /opt/airflow/dags/utils/__init__.py
[2025-11-18T01:03:08.925+0000] {processor.py:829} INFO - Processing file /opt/airflow/dags/utils/__init__.py for tasks to queue
[2025-11-18T01:03:08.925+0000] {logging_mixin.py:154} INFO - [2025-11-18T01:03:08.925+0000] {dagbag.py:536} INFO - Filling up the DagBag from /opt/airflow/dags/utils/__init__.py
[2025-11-18T01:03:08.927+0000] {processor.py:841} WARNING - No viable dags retrieved from /opt/airflow/dags/utils/__init__.py
[2025-11-18T01:03:08.937+0000] {processor.py:179} INFO - Processing /opt/airflow/dags/utils/__init__.py took 0.015 seconds
[2025-11-18T01:03:39.154+0000] {processor.py:157} INFO - Started process (PID=3076) to work on /opt/airflow/dags/utils/__init__.py
[2025-11-18T01:03:39.155+0000] {processor.py:829} INFO - Processing file /opt/airflow/dags/utils/__init__.py for tasks to queue
[2025-11-18T01:03:39.155+0000] {logging_mixin.py:154} INFO - [2025-11-18T01:03:39.155+0000] {dagbag.py:536} INFO - Filling up the DagBag from /opt/airflow/dags/utils/__init__.py
[2025-11-18T01:03:39.157+0000] {processor.py:841} WARNING - No viable dags retrieved from /opt/airflow/dags/utils/__init__.py
[2025-11-18T01:03:39.167+0000] {processor.py:179} INFO - Processing /opt/airflow/dags/utils/__init__.py took 0.016 seconds
[2025-11-18T01:04:09.303+0000] {processor.py:157} INFO - Started process (PID=3141) to work on /opt/airflow/dags/utils/__init__.py
[2025-11-18T01:04:09.303+0000] {processor.py:829} INFO - Processing file /opt/airflow/dags/utils/__init__.py for tasks to queue
[2025-11-18T01:04:09.304+0000] {logging_mixin.py:154} INFO - [2025-11-18T01:04:09.303+0000] {dagbag.py:536} INFO - Filling up the DagBag from /opt/airflow/dags/utils/__init__.py
[2025-11-18T01:04:09.305+0000] {processor.py:841} WARNING - No viable dags retrieved from /opt/airflow/dags/utils/__init__.py
[2025-11-18T01:04:09.316+0000] {processor.py:179} INFO - Processing /opt/airflow/dags/utils/__init__.py took 0.016 seconds
[2025-11-18T01:04:39.488+0000] {processor.py:157} INFO - Started process (PID=3206) to work on /opt/airflow/dags/utils/__init__.py
[2025-11-18T01:04:39.488+0000] {processor.py:829} INFO - Processing file /opt/airflow/dags/utils/__init__.py for tasks to queue
[2025-11-18T01:04:39.489+0000] {logging_mixin.py:154} INFO - [2025-11-18T01:04:39.489+0000] {dagbag.py:536} INFO - Filling up the DagBag from /opt/airflow/dags/utils/__init__.py
[2025-11-18T01:04:39.491+0000] {processor.py:841} WARNING - No viable dags retrieved from /opt/airflow/dags/utils/__init__.py
[2025-11-18T01:04:39.500+0000] {processor.py:179} INFO - Processing /opt/airflow/dags/utils/__init__.py took 0.015 seconds
[2025-11-18T01:05:09.674+0000] {processor.py:157} INFO - Started process (PID=3271) to work on /opt/airflow/dags/utils/__init__.py
[2025-11-18T01:05:09.675+0000] {processor.py:829} INFO - Processing file /opt/airflow/dags/utils/__init__.py for tasks to queue
[2025-11-18T01:05:09.675+0000] {logging_mixin.py:154} INFO - [2025-11-18T01:05:09.675+0000] {dagbag.py:536} INFO - Filling up the DagBag from /opt/airflow/dags/utils/__init__.py
[2025-11-18T01:05:09.677+0000] {processor.py:841} WARNING - No viable dags retrieved from /opt/airflow/dags/utils/__init__.py
[2025-11-18T01:05:09.686+0000] {processor.py:179} INFO - Processing /opt/airflow/dags/utils/__init__.py took 0.014 seconds
[2025-11-18T01:05:39.799+0000] {processor.py:157} INFO - Started process (PID=3329) to work on /opt/airflow/dags/utils/__init__.py
[2025-11-18T01:05:39.799+0000] {processor.py:829} INFO - Processing file /opt/airflow/dags/utils/__init__.py for tasks to queue
[2025-11-18T01:05:39.800+0000] {logging_mixin.py:154} INFO - [2025-11-18T01:05:39.800+0000] {dagbag.py:536} INFO - Filling up the DagBag from /opt/airflow/dags/utils/__init__.py
[2025-11-18T01:05:39.802+0000] {processor.py:841} WARNING - No viable dags retrieved from /opt/airflow/dags/utils/__init__.py
[2025-11-18T01:05:39.812+0000] {processor.py:179} INFO - Processing /opt/airflow/dags/utils/__init__.py took 0.016 seconds
[2025-11-18T01:06:09.975+0000] {processor.py:157} INFO - Started process (PID=3394) to work on /opt/airflow/dags/utils/__init__.py
[2025-11-18T01:06:09.975+0000] {processor.py:829} INFO - Processing file /opt/airflow/dags/utils/__init__.py for tasks to queue
[2025-11-18T01:06:09.975+0000] {logging_mixin.py:154} INFO - [2025-11-18T01:06:09.975+0000] {dagbag.py:536} INFO - Filling up the DagBag from /opt/airflow/dags/utils/__init__.py
[2025-11-18T01:06:09.977+0000] {processor.py:841} WARNING - No viable dags retrieved from /opt/airflow/dags/utils/__init__.py
[2025-11-18T01:06:09.986+0000] {processor.py:179} INFO - Processing /opt/airflow/dags/utils/__init__.py took 0.014 seconds
[2025-11-18T01:06:40.146+0000] {processor.py:157} INFO - Started process (PID=3460) to work on /opt/airflow/dags/utils/__init__.py
[2025-11-18T01:06:40.147+0000] {processor.py:829} INFO - Processing file /opt/airflow/dags/utils/__init__.py for tasks to queue
[2025-11-18T01:06:40.148+0000] {logging_mixin.py:154} INFO - [2025-11-18T01:06:40.148+0000] {dagbag.py:536} INFO - Filling up the DagBag from /opt/airflow/dags/utils/__init__.py
[2025-11-18T01:06:40.150+0000] {processor.py:841} WARNING - No viable dags retrieved from /opt/airflow/dags/utils/__init__.py
[2025-11-18T01:06:40.165+0000] {processor.py:179} INFO - Processing /opt/airflow/dags/utils/__init__.py took 0.022 seconds
[2025-11-18T01:07:10.622+0000] {processor.py:157} INFO - Started process (PID=3525) to work on /opt/airflow/dags/utils/__init__.py
[2025-11-18T01:07:10.623+0000] {processor.py:829} INFO - Processing file /opt/airflow/dags/utils/__init__.py for tasks to queue
[2025-11-18T01:07:10.623+0000] {logging_mixin.py:154} INFO - [2025-11-18T01:07:10.623+0000] {dagbag.py:536} INFO - Filling up the DagBag from /opt/airflow/dags/utils/__init__.py
[2025-11-18T01:07:10.625+0000] {processor.py:841} WARNING - No viable dags retrieved from /opt/airflow/dags/utils/__init__.py
[2025-11-18T01:07:10.635+0000] {processor.py:179} INFO - Processing /opt/airflow/dags/utils/__init__.py took 0.015 seconds
[2025-11-18T01:07:40.742+0000] {processor.py:157} INFO - Started process (PID=3589) to work on /opt/airflow/dags/utils/__init__.py
[2025-11-18T01:07:40.743+0000] {processor.py:829} INFO - Processing file /opt/airflow/dags/utils/__init__.py for tasks to queue
[2025-11-18T01:07:40.744+0000] {logging_mixin.py:154} INFO - [2025-11-18T01:07:40.743+0000] {dagbag.py:536} INFO - Filling up the DagBag from /opt/airflow/dags/utils/__init__.py
[2025-11-18T01:07:40.745+0000] {processor.py:841} WARNING - No viable dags retrieved from /opt/airflow/dags/utils/__init__.py
[2025-11-18T01:07:40.756+0000] {processor.py:179} INFO - Processing /opt/airflow/dags/utils/__init__.py took 0.016 seconds
[2025-11-18T01:08:10.923+0000] {processor.py:157} INFO - Started process (PID=3648) to work on /opt/airflow/dags/utils/__init__.py
[2025-11-18T01:08:10.923+0000] {processor.py:829} INFO - Processing file /opt/airflow/dags/utils/__init__.py for tasks to queue
[2025-11-18T01:08:10.924+0000] {logging_mixin.py:154} INFO - [2025-11-18T01:08:10.924+0000] {dagbag.py:536} INFO - Filling up the DagBag from /opt/airflow/dags/utils/__init__.py
[2025-11-18T01:08:10.925+0000] {processor.py:841} WARNING - No viable dags retrieved from /opt/airflow/dags/utils/__init__.py
[2025-11-18T01:08:10.937+0000] {processor.py:179} INFO - Processing /opt/airflow/dags/utils/__init__.py took 0.016 seconds
[2025-11-18T01:08:41.442+0000] {processor.py:157} INFO - Started process (PID=3701) to work on /opt/airflow/dags/utils/__init__.py
[2025-11-18T01:08:41.443+0000] {processor.py:829} INFO - Processing file /opt/airflow/dags/utils/__init__.py for tasks to queue
[2025-11-18T01:08:41.443+0000] {logging_mixin.py:154} INFO - [2025-11-18T01:08:41.443+0000] {dagbag.py:536} INFO - Filling up the DagBag from /opt/airflow/dags/utils/__init__.py
[2025-11-18T01:08:41.445+0000] {processor.py:841} WARNING - No viable dags retrieved from /opt/airflow/dags/utils/__init__.py
[2025-11-18T01:08:41.456+0000] {processor.py:179} INFO - Processing /opt/airflow/dags/utils/__init__.py took 0.017 seconds
[2025-11-18T01:09:11.606+0000] {processor.py:157} INFO - Started process (PID=3761) to work on /opt/airflow/dags/utils/__init__.py
[2025-11-18T01:09:11.606+0000] {processor.py:829} INFO - Processing file /opt/airflow/dags/utils/__init__.py for tasks to queue
[2025-11-18T01:09:11.607+0000] {logging_mixin.py:154} INFO - [2025-11-18T01:09:11.607+0000] {dagbag.py:536} INFO - Filling up the DagBag from /opt/airflow/dags/utils/__init__.py
[2025-11-18T01:09:11.609+0000] {processor.py:841} WARNING - No viable dags retrieved from /opt/airflow/dags/utils/__init__.py
[2025-11-18T01:09:11.619+0000] {processor.py:179} INFO - Processing /opt/airflow/dags/utils/__init__.py took 0.016 seconds
[2025-11-18T01:09:42.423+0000] {processor.py:157} INFO - Started process (PID=3826) to work on /opt/airflow/dags/utils/__init__.py
[2025-11-18T01:09:42.423+0000] {processor.py:829} INFO - Processing file /opt/airflow/dags/utils/__init__.py for tasks to queue
[2025-11-18T01:09:42.424+0000] {logging_mixin.py:154} INFO - [2025-11-18T01:09:42.424+0000] {dagbag.py:536} INFO - Filling up the DagBag from /opt/airflow/dags/utils/__init__.py
[2025-11-18T01:09:42.425+0000] {processor.py:841} WARNING - No viable dags retrieved from /opt/airflow/dags/utils/__init__.py
[2025-11-18T01:09:42.435+0000] {processor.py:179} INFO - Processing /opt/airflow/dags/utils/__init__.py took 0.015 seconds
[2025-11-18T01:10:13.004+0000] {processor.py:157} INFO - Started process (PID=3884) to work on /opt/airflow/dags/utils/__init__.py
[2025-11-18T01:10:13.005+0000] {processor.py:829} INFO - Processing file /opt/airflow/dags/utils/__init__.py for tasks to queue
[2025-11-18T01:10:13.005+0000] {logging_mixin.py:154} INFO - [2025-11-18T01:10:13.005+0000] {dagbag.py:536} INFO - Filling up the DagBag from /opt/airflow/dags/utils/__init__.py
[2025-11-18T01:10:13.007+0000] {processor.py:841} WARNING - No viable dags retrieved from /opt/airflow/dags/utils/__init__.py
[2025-11-18T01:10:13.016+0000] {processor.py:179} INFO - Processing /opt/airflow/dags/utils/__init__.py took 0.015 seconds
[2025-11-18T01:10:43.159+0000] {processor.py:157} INFO - Started process (PID=3949) to work on /opt/airflow/dags/utils/__init__.py
[2025-11-18T01:10:43.160+0000] {processor.py:829} INFO - Processing file /opt/airflow/dags/utils/__init__.py for tasks to queue
[2025-11-18T01:10:43.160+0000] {logging_mixin.py:154} INFO - [2025-11-18T01:10:43.160+0000] {dagbag.py:536} INFO - Filling up the DagBag from /opt/airflow/dags/utils/__init__.py
[2025-11-18T01:10:43.162+0000] {processor.py:841} WARNING - No viable dags retrieved from /opt/airflow/dags/utils/__init__.py
[2025-11-18T01:10:43.174+0000] {processor.py:179} INFO - Processing /opt/airflow/dags/utils/__init__.py took 0.019 seconds
[2025-11-18T01:11:13.309+0000] {processor.py:157} INFO - Started process (PID=4015) to work on /opt/airflow/dags/utils/__init__.py
[2025-11-18T01:11:13.310+0000] {processor.py:829} INFO - Processing file /opt/airflow/dags/utils/__init__.py for tasks to queue
[2025-11-18T01:11:13.310+0000] {logging_mixin.py:154} INFO - [2025-11-18T01:11:13.310+0000] {dagbag.py:536} INFO - Filling up the DagBag from /opt/airflow/dags/utils/__init__.py
[2025-11-18T01:11:13.312+0000] {processor.py:841} WARNING - No viable dags retrieved from /opt/airflow/dags/utils/__init__.py
[2025-11-18T01:11:13.324+0000] {processor.py:179} INFO - Processing /opt/airflow/dags/utils/__init__.py took 0.019 seconds
[2025-11-18T01:11:43.516+0000] {processor.py:157} INFO - Started process (PID=4080) to work on /opt/airflow/dags/utils/__init__.py
[2025-11-18T01:11:43.516+0000] {processor.py:829} INFO - Processing file /opt/airflow/dags/utils/__init__.py for tasks to queue
[2025-11-18T01:11:43.517+0000] {logging_mixin.py:154} INFO - [2025-11-18T01:11:43.516+0000] {dagbag.py:536} INFO - Filling up the DagBag from /opt/airflow/dags/utils/__init__.py
[2025-11-18T01:11:43.518+0000] {processor.py:841} WARNING - No viable dags retrieved from /opt/airflow/dags/utils/__init__.py
[2025-11-18T01:11:43.529+0000] {processor.py:179} INFO - Processing /opt/airflow/dags/utils/__init__.py took 0.016 seconds
[2025-11-18T01:12:14.283+0000] {processor.py:157} INFO - Started process (PID=4138) to work on /opt/airflow/dags/utils/__init__.py
[2025-11-18T01:12:14.284+0000] {processor.py:829} INFO - Processing file /opt/airflow/dags/utils/__init__.py for tasks to queue
[2025-11-18T01:12:14.285+0000] {logging_mixin.py:154} INFO - [2025-11-18T01:12:14.284+0000] {dagbag.py:536} INFO - Filling up the DagBag from /opt/airflow/dags/utils/__init__.py
[2025-11-18T01:12:14.286+0000] {processor.py:841} WARNING - No viable dags retrieved from /opt/airflow/dags/utils/__init__.py
[2025-11-18T01:12:14.296+0000] {processor.py:179} INFO - Processing /opt/airflow/dags/utils/__init__.py took 0.016 seconds
[2025-11-18T01:12:44.925+0000] {processor.py:157} INFO - Started process (PID=4203) to work on /opt/airflow/dags/utils/__init__.py
[2025-11-18T01:12:44.925+0000] {processor.py:829} INFO - Processing file /opt/airflow/dags/utils/__init__.py for tasks to queue
[2025-11-18T01:12:44.926+0000] {logging_mixin.py:154} INFO - [2025-11-18T01:12:44.926+0000] {dagbag.py:536} INFO - Filling up the DagBag from /opt/airflow/dags/utils/__init__.py
[2025-11-18T01:12:44.927+0000] {processor.py:841} WARNING - No viable dags retrieved from /opt/airflow/dags/utils/__init__.py
[2025-11-18T01:12:44.936+0000] {processor.py:179} INFO - Processing /opt/airflow/dags/utils/__init__.py took 0.014 seconds
[2025-11-18T01:13:15.257+0000] {processor.py:157} INFO - Started process (PID=4268) to work on /opt/airflow/dags/utils/__init__.py
[2025-11-18T01:13:15.257+0000] {processor.py:829} INFO - Processing file /opt/airflow/dags/utils/__init__.py for tasks to queue
[2025-11-18T01:13:15.258+0000] {logging_mixin.py:154} INFO - [2025-11-18T01:13:15.258+0000] {dagbag.py:536} INFO - Filling up the DagBag from /opt/airflow/dags/utils/__init__.py
[2025-11-18T01:13:15.259+0000] {processor.py:841} WARNING - No viable dags retrieved from /opt/airflow/dags/utils/__init__.py
[2025-11-18T01:13:15.270+0000] {processor.py:179} INFO - Processing /opt/airflow/dags/utils/__init__.py took 0.016 seconds
[2025-11-18T01:13:45.311+0000] {processor.py:157} INFO - Started process (PID=4333) to work on /opt/airflow/dags/utils/__init__.py
[2025-11-18T01:13:45.311+0000] {processor.py:829} INFO - Processing file /opt/airflow/dags/utils/__init__.py for tasks to queue
[2025-11-18T01:13:45.312+0000] {logging_mixin.py:154} INFO - [2025-11-18T01:13:45.312+0000] {dagbag.py:536} INFO - Filling up the DagBag from /opt/airflow/dags/utils/__init__.py
[2025-11-18T01:13:45.314+0000] {processor.py:841} WARNING - No viable dags retrieved from /opt/airflow/dags/utils/__init__.py
[2025-11-18T01:13:45.326+0000] {processor.py:179} INFO - Processing /opt/airflow/dags/utils/__init__.py took 0.018 seconds
[2025-11-18T01:14:15.843+0000] {processor.py:157} INFO - Started process (PID=4398) to work on /opt/airflow/dags/utils/__init__.py
[2025-11-18T01:14:15.843+0000] {processor.py:829} INFO - Processing file /opt/airflow/dags/utils/__init__.py for tasks to queue
[2025-11-18T01:14:15.844+0000] {logging_mixin.py:154} INFO - [2025-11-18T01:14:15.843+0000] {dagbag.py:536} INFO - Filling up the DagBag from /opt/airflow/dags/utils/__init__.py
[2025-11-18T01:14:15.845+0000] {processor.py:841} WARNING - No viable dags retrieved from /opt/airflow/dags/utils/__init__.py
[2025-11-18T01:14:15.857+0000] {processor.py:179} INFO - Processing /opt/airflow/dags/utils/__init__.py took 0.018 seconds
[2025-11-18T01:14:46.427+0000] {processor.py:157} INFO - Started process (PID=4456) to work on /opt/airflow/dags/utils/__init__.py
[2025-11-18T01:14:46.427+0000] {processor.py:829} INFO - Processing file /opt/airflow/dags/utils/__init__.py for tasks to queue
[2025-11-18T01:14:46.428+0000] {logging_mixin.py:154} INFO - [2025-11-18T01:14:46.428+0000] {dagbag.py:536} INFO - Filling up the DagBag from /opt/airflow/dags/utils/__init__.py
[2025-11-18T01:14:46.429+0000] {processor.py:841} WARNING - No viable dags retrieved from /opt/airflow/dags/utils/__init__.py
[2025-11-18T01:14:46.440+0000] {processor.py:179} INFO - Processing /opt/airflow/dags/utils/__init__.py took 0.016 seconds
[2025-11-18T01:15:17.249+0000] {processor.py:157} INFO - Started process (PID=4521) to work on /opt/airflow/dags/utils/__init__.py
[2025-11-18T01:15:17.249+0000] {processor.py:829} INFO - Processing file /opt/airflow/dags/utils/__init__.py for tasks to queue
[2025-11-18T01:15:17.250+0000] {logging_mixin.py:154} INFO - [2025-11-18T01:15:17.250+0000] {dagbag.py:536} INFO - Filling up the DagBag from /opt/airflow/dags/utils/__init__.py
[2025-11-18T01:15:17.251+0000] {processor.py:841} WARNING - No viable dags retrieved from /opt/airflow/dags/utils/__init__.py
[2025-11-18T01:15:17.262+0000] {processor.py:179} INFO - Processing /opt/airflow/dags/utils/__init__.py took 0.016 seconds
[2025-11-18T01:15:47.428+0000] {processor.py:157} INFO - Started process (PID=4586) to work on /opt/airflow/dags/utils/__init__.py
[2025-11-18T01:15:47.428+0000] {processor.py:829} INFO - Processing file /opt/airflow/dags/utils/__init__.py for tasks to queue
[2025-11-18T01:15:47.429+0000] {logging_mixin.py:154} INFO - [2025-11-18T01:15:47.429+0000] {dagbag.py:536} INFO - Filling up the DagBag from /opt/airflow/dags/utils/__init__.py
[2025-11-18T01:15:47.431+0000] {processor.py:841} WARNING - No viable dags retrieved from /opt/airflow/dags/utils/__init__.py
[2025-11-18T01:15:47.442+0000] {processor.py:179} INFO - Processing /opt/airflow/dags/utils/__init__.py took 0.017 seconds
[2025-11-18T01:16:17.598+0000] {processor.py:157} INFO - Started process (PID=4652) to work on /opt/airflow/dags/utils/__init__.py
[2025-11-18T01:16:17.598+0000] {processor.py:829} INFO - Processing file /opt/airflow/dags/utils/__init__.py for tasks to queue
[2025-11-18T01:16:17.599+0000] {logging_mixin.py:154} INFO - [2025-11-18T01:16:17.599+0000] {dagbag.py:536} INFO - Filling up the DagBag from /opt/airflow/dags/utils/__init__.py
[2025-11-18T01:16:17.601+0000] {processor.py:841} WARNING - No viable dags retrieved from /opt/airflow/dags/utils/__init__.py
[2025-11-18T01:16:17.612+0000] {processor.py:179} INFO - Processing /opt/airflow/dags/utils/__init__.py took 0.018 seconds
[2025-11-18T01:16:47.645+0000] {processor.py:157} INFO - Started process (PID=4710) to work on /opt/airflow/dags/utils/__init__.py
[2025-11-18T01:16:47.645+0000] {processor.py:829} INFO - Processing file /opt/airflow/dags/utils/__init__.py for tasks to queue
[2025-11-18T01:16:47.646+0000] {logging_mixin.py:154} INFO - [2025-11-18T01:16:47.646+0000] {dagbag.py:536} INFO - Filling up the DagBag from /opt/airflow/dags/utils/__init__.py
[2025-11-18T01:16:47.648+0000] {processor.py:841} WARNING - No viable dags retrieved from /opt/airflow/dags/utils/__init__.py
[2025-11-18T01:16:47.658+0000] {processor.py:179} INFO - Processing /opt/airflow/dags/utils/__init__.py took 0.015 seconds
[2025-11-18T01:17:18.455+0000] {processor.py:157} INFO - Started process (PID=4775) to work on /opt/airflow/dags/utils/__init__.py
[2025-11-18T01:17:18.456+0000] {processor.py:829} INFO - Processing file /opt/airflow/dags/utils/__init__.py for tasks to queue
[2025-11-18T01:17:18.456+0000] {logging_mixin.py:154} INFO - [2025-11-18T01:17:18.456+0000] {dagbag.py:536} INFO - Filling up the DagBag from /opt/airflow/dags/utils/__init__.py
[2025-11-18T01:17:18.458+0000] {processor.py:841} WARNING - No viable dags retrieved from /opt/airflow/dags/utils/__init__.py
[2025-11-18T01:17:18.470+0000] {processor.py:179} INFO - Processing /opt/airflow/dags/utils/__init__.py took 0.018 seconds
[2025-11-18T01:17:48.549+0000] {processor.py:157} INFO - Started process (PID=4840) to work on /opt/airflow/dags/utils/__init__.py
[2025-11-18T01:17:48.550+0000] {processor.py:829} INFO - Processing file /opt/airflow/dags/utils/__init__.py for tasks to queue
[2025-11-18T01:17:48.550+0000] {logging_mixin.py:154} INFO - [2025-11-18T01:17:48.550+0000] {dagbag.py:536} INFO - Filling up the DagBag from /opt/airflow/dags/utils/__init__.py
[2025-11-18T01:17:48.552+0000] {processor.py:841} WARNING - No viable dags retrieved from /opt/airflow/dags/utils/__init__.py
[2025-11-18T01:17:48.566+0000] {processor.py:179} INFO - Processing /opt/airflow/dags/utils/__init__.py took 0.019 seconds
[2025-11-18T01:18:19.194+0000] {processor.py:157} INFO - Started process (PID=4898) to work on /opt/airflow/dags/utils/__init__.py
[2025-11-18T01:18:19.195+0000] {processor.py:829} INFO - Processing file /opt/airflow/dags/utils/__init__.py for tasks to queue
[2025-11-18T01:18:19.195+0000] {logging_mixin.py:154} INFO - [2025-11-18T01:18:19.195+0000] {dagbag.py:536} INFO - Filling up the DagBag from /opt/airflow/dags/utils/__init__.py
[2025-11-18T01:18:19.197+0000] {processor.py:841} WARNING - No viable dags retrieved from /opt/airflow/dags/utils/__init__.py
[2025-11-18T01:18:19.217+0000] {processor.py:179} INFO - Processing /opt/airflow/dags/utils/__init__.py took 0.029 seconds
[2025-11-18T01:18:49.552+0000] {processor.py:157} INFO - Started process (PID=4946) to work on /opt/airflow/dags/utils/__init__.py
[2025-11-18T01:18:49.554+0000] {processor.py:829} INFO - Processing file /opt/airflow/dags/utils/__init__.py for tasks to queue
[2025-11-18T01:18:49.555+0000] {logging_mixin.py:154} INFO - [2025-11-18T01:18:49.554+0000] {dagbag.py:536} INFO - Filling up the DagBag from /opt/airflow/dags/utils/__init__.py
[2025-11-18T01:18:49.563+0000] {processor.py:841} WARNING - No viable dags retrieved from /opt/airflow/dags/utils/__init__.py
[2025-11-18T01:18:49.580+0000] {processor.py:179} INFO - Processing /opt/airflow/dags/utils/__init__.py took 0.042 seconds
[2025-11-18T01:19:19.756+0000] {processor.py:157} INFO - Started process (PID=5012) to work on /opt/airflow/dags/utils/__init__.py
[2025-11-18T01:19:19.757+0000] {processor.py:829} INFO - Processing file /opt/airflow/dags/utils/__init__.py for tasks to queue
[2025-11-18T01:19:19.757+0000] {logging_mixin.py:154} INFO - [2025-11-18T01:19:19.757+0000] {dagbag.py:536} INFO - Filling up the DagBag from /opt/airflow/dags/utils/__init__.py
[2025-11-18T01:19:19.759+0000] {processor.py:841} WARNING - No viable dags retrieved from /opt/airflow/dags/utils/__init__.py
[2025-11-18T01:19:19.771+0000] {processor.py:179} INFO - Processing /opt/airflow/dags/utils/__init__.py took 0.019 seconds
[2025-11-18T01:19:50.086+0000] {processor.py:157} INFO - Started process (PID=5069) to work on /opt/airflow/dags/utils/__init__.py
[2025-11-18T01:19:50.087+0000] {processor.py:829} INFO - Processing file /opt/airflow/dags/utils/__init__.py for tasks to queue
[2025-11-18T01:19:50.087+0000] {logging_mixin.py:154} INFO - [2025-11-18T01:19:50.087+0000] {dagbag.py:536} INFO - Filling up the DagBag from /opt/airflow/dags/utils/__init__.py
[2025-11-18T01:19:50.089+0000] {processor.py:841} WARNING - No viable dags retrieved from /opt/airflow/dags/utils/__init__.py
[2025-11-18T01:19:50.098+0000] {processor.py:179} INFO - Processing /opt/airflow/dags/utils/__init__.py took 0.014 seconds
[2025-11-18T01:20:20.618+0000] {processor.py:157} INFO - Started process (PID=5135) to work on /opt/airflow/dags/utils/__init__.py
[2025-11-18T01:20:20.618+0000] {processor.py:829} INFO - Processing file /opt/airflow/dags/utils/__init__.py for tasks to queue
[2025-11-18T01:20:20.619+0000] {logging_mixin.py:154} INFO - [2025-11-18T01:20:20.619+0000] {dagbag.py:536} INFO - Filling up the DagBag from /opt/airflow/dags/utils/__init__.py
[2025-11-18T01:20:20.622+0000] {processor.py:841} WARNING - No viable dags retrieved from /opt/airflow/dags/utils/__init__.py
[2025-11-18T01:20:20.635+0000] {processor.py:179} INFO - Processing /opt/airflow/dags/utils/__init__.py took 0.021 seconds
[2025-11-18T01:20:50.850+0000] {processor.py:157} INFO - Started process (PID=5200) to work on /opt/airflow/dags/utils/__init__.py
[2025-11-18T01:20:50.851+0000] {processor.py:829} INFO - Processing file /opt/airflow/dags/utils/__init__.py for tasks to queue
[2025-11-18T01:20:50.852+0000] {logging_mixin.py:154} INFO - [2025-11-18T01:20:50.852+0000] {dagbag.py:536} INFO - Filling up the DagBag from /opt/airflow/dags/utils/__init__.py
[2025-11-18T01:20:50.854+0000] {processor.py:841} WARNING - No viable dags retrieved from /opt/airflow/dags/utils/__init__.py
[2025-11-18T01:20:50.870+0000] {processor.py:179} INFO - Processing /opt/airflow/dags/utils/__init__.py took 0.023 seconds
[2025-11-18T01:21:21.019+0000] {processor.py:157} INFO - Started process (PID=5258) to work on /opt/airflow/dags/utils/__init__.py
[2025-11-18T01:21:21.020+0000] {processor.py:829} INFO - Processing file /opt/airflow/dags/utils/__init__.py for tasks to queue
[2025-11-18T01:21:21.020+0000] {logging_mixin.py:154} INFO - [2025-11-18T01:21:21.020+0000] {dagbag.py:536} INFO - Filling up the DagBag from /opt/airflow/dags/utils/__init__.py
[2025-11-18T01:21:21.022+0000] {processor.py:841} WARNING - No viable dags retrieved from /opt/airflow/dags/utils/__init__.py
[2025-11-18T01:21:21.034+0000] {processor.py:179} INFO - Processing /opt/airflow/dags/utils/__init__.py took 0.018 seconds
[2025-11-18T01:21:51.835+0000] {processor.py:157} INFO - Started process (PID=5323) to work on /opt/airflow/dags/utils/__init__.py
[2025-11-18T01:21:51.836+0000] {processor.py:829} INFO - Processing file /opt/airflow/dags/utils/__init__.py for tasks to queue
[2025-11-18T01:21:51.837+0000] {logging_mixin.py:154} INFO - [2025-11-18T01:21:51.837+0000] {dagbag.py:536} INFO - Filling up the DagBag from /opt/airflow/dags/utils/__init__.py
[2025-11-18T01:21:51.839+0000] {processor.py:841} WARNING - No viable dags retrieved from /opt/airflow/dags/utils/__init__.py
[2025-11-18T01:21:51.857+0000] {processor.py:179} INFO - Processing /opt/airflow/dags/utils/__init__.py took 0.026 seconds
[2025-11-18T01:22:22.188+0000] {processor.py:157} INFO - Started process (PID=5388) to work on /opt/airflow/dags/utils/__init__.py
[2025-11-18T01:22:22.189+0000] {processor.py:829} INFO - Processing file /opt/airflow/dags/utils/__init__.py for tasks to queue
[2025-11-18T01:22:22.190+0000] {logging_mixin.py:154} INFO - [2025-11-18T01:22:22.189+0000] {dagbag.py:536} INFO - Filling up the DagBag from /opt/airflow/dags/utils/__init__.py
[2025-11-18T01:22:22.192+0000] {processor.py:841} WARNING - No viable dags retrieved from /opt/airflow/dags/utils/__init__.py
[2025-11-18T01:22:22.206+0000] {processor.py:179} INFO - Processing /opt/airflow/dags/utils/__init__.py took 0.022 seconds
[2025-11-18T01:22:52.791+0000] {processor.py:157} INFO - Started process (PID=5446) to work on /opt/airflow/dags/utils/__init__.py
[2025-11-18T01:22:52.791+0000] {processor.py:829} INFO - Processing file /opt/airflow/dags/utils/__init__.py for tasks to queue
[2025-11-18T01:22:52.792+0000] {logging_mixin.py:154} INFO - [2025-11-18T01:22:52.792+0000] {dagbag.py:536} INFO - Filling up the DagBag from /opt/airflow/dags/utils/__init__.py
[2025-11-18T01:22:52.793+0000] {processor.py:841} WARNING - No viable dags retrieved from /opt/airflow/dags/utils/__init__.py
[2025-11-18T01:22:52.805+0000] {processor.py:179} INFO - Processing /opt/airflow/dags/utils/__init__.py took 0.017 seconds
[2025-11-18T01:23:23.007+0000] {processor.py:157} INFO - Started process (PID=5511) to work on /opt/airflow/dags/utils/__init__.py
[2025-11-18T01:23:23.008+0000] {processor.py:829} INFO - Processing file /opt/airflow/dags/utils/__init__.py for tasks to queue
[2025-11-18T01:23:23.009+0000] {logging_mixin.py:154} INFO - [2025-11-18T01:23:23.008+0000] {dagbag.py:536} INFO - Filling up the DagBag from /opt/airflow/dags/utils/__init__.py
[2025-11-18T01:23:22.408+0000] {processor.py:841} WARNING - No viable dags retrieved from /opt/airflow/dags/utils/__init__.py
[2025-11-18T01:23:22.420+0000] {processor.py:179} INFO - Processing /opt/airflow/dags/utils/__init__.py took 0.018 seconds
[2025-11-18T01:23:52.910+0000] {processor.py:157} INFO - Started process (PID=5576) to work on /opt/airflow/dags/utils/__init__.py
[2025-11-18T01:23:52.911+0000] {processor.py:829} INFO - Processing file /opt/airflow/dags/utils/__init__.py for tasks to queue
[2025-11-18T01:23:52.911+0000] {logging_mixin.py:154} INFO - [2025-11-18T01:23:52.911+0000] {dagbag.py:536} INFO - Filling up the DagBag from /opt/airflow/dags/utils/__init__.py
[2025-11-18T01:23:52.913+0000] {processor.py:841} WARNING - No viable dags retrieved from /opt/airflow/dags/utils/__init__.py
[2025-11-18T01:23:52.924+0000] {processor.py:179} INFO - Processing /opt/airflow/dags/utils/__init__.py took 0.017 seconds
[2025-11-18T01:24:23.166+0000] {processor.py:157} INFO - Started process (PID=5641) to work on /opt/airflow/dags/utils/__init__.py
[2025-11-18T01:24:23.167+0000] {processor.py:829} INFO - Processing file /opt/airflow/dags/utils/__init__.py for tasks to queue
[2025-11-18T01:24:23.168+0000] {logging_mixin.py:154} INFO - [2025-11-18T01:24:23.167+0000] {dagbag.py:536} INFO - Filling up the DagBag from /opt/airflow/dags/utils/__init__.py
[2025-11-18T01:24:23.176+0000] {processor.py:841} WARNING - No viable dags retrieved from /opt/airflow/dags/utils/__init__.py
[2025-11-18T01:24:23.201+0000] {processor.py:179} INFO - Processing /opt/airflow/dags/utils/__init__.py took 0.037 seconds
[2025-11-18T01:24:53.284+0000] {processor.py:157} INFO - Started process (PID=5699) to work on /opt/airflow/dags/utils/__init__.py
[2025-11-18T01:24:53.285+0000] {processor.py:829} INFO - Processing file /opt/airflow/dags/utils/__init__.py for tasks to queue
[2025-11-18T01:24:53.285+0000] {logging_mixin.py:154} INFO - [2025-11-18T01:24:53.285+0000] {dagbag.py:536} INFO - Filling up the DagBag from /opt/airflow/dags/utils/__init__.py
[2025-11-18T01:24:53.287+0000] {processor.py:841} WARNING - No viable dags retrieved from /opt/airflow/dags/utils/__init__.py
[2025-11-18T01:24:53.298+0000] {processor.py:179} INFO - Processing /opt/airflow/dags/utils/__init__.py took 0.016 seconds
[2025-11-18T01:25:24.165+0000] {processor.py:157} INFO - Started process (PID=5764) to work on /opt/airflow/dags/utils/__init__.py
[2025-11-18T01:25:24.165+0000] {processor.py:829} INFO - Processing file /opt/airflow/dags/utils/__init__.py for tasks to queue
[2025-11-18T01:25:24.166+0000] {logging_mixin.py:154} INFO - [2025-11-18T01:25:24.166+0000] {dagbag.py:536} INFO - Filling up the DagBag from /opt/airflow/dags/utils/__init__.py
[2025-11-18T01:25:24.168+0000] {processor.py:841} WARNING - No viable dags retrieved from /opt/airflow/dags/utils/__init__.py
[2025-11-18T01:25:24.180+0000] {processor.py:179} INFO - Processing /opt/airflow/dags/utils/__init__.py took 0.018 seconds
[2025-11-18T01:25:54.974+0000] {processor.py:157} INFO - Started process (PID=5829) to work on /opt/airflow/dags/utils/__init__.py
[2025-11-18T01:25:54.975+0000] {processor.py:829} INFO - Processing file /opt/airflow/dags/utils/__init__.py for tasks to queue
[2025-11-18T01:25:54.975+0000] {logging_mixin.py:154} INFO - [2025-11-18T01:25:54.975+0000] {dagbag.py:536} INFO - Filling up the DagBag from /opt/airflow/dags/utils/__init__.py
[2025-11-18T01:25:54.977+0000] {processor.py:841} WARNING - No viable dags retrieved from /opt/airflow/dags/utils/__init__.py
[2025-11-18T01:25:54.985+0000] {processor.py:179} INFO - Processing /opt/airflow/dags/utils/__init__.py took 0.013 seconds
[2025-11-18T01:26:25.264+0000] {processor.py:157} INFO - Started process (PID=5894) to work on /opt/airflow/dags/utils/__init__.py
[2025-11-18T01:26:25.265+0000] {processor.py:829} INFO - Processing file /opt/airflow/dags/utils/__init__.py for tasks to queue
[2025-11-18T01:26:25.265+0000] {logging_mixin.py:154} INFO - [2025-11-18T01:26:25.265+0000] {dagbag.py:536} INFO - Filling up the DagBag from /opt/airflow/dags/utils/__init__.py
[2025-11-18T01:26:25.267+0000] {processor.py:841} WARNING - No viable dags retrieved from /opt/airflow/dags/utils/__init__.py
[2025-11-18T01:26:25.277+0000] {processor.py:179} INFO - Processing /opt/airflow/dags/utils/__init__.py took 0.016 seconds
[2025-11-18T01:26:55.859+0000] {processor.py:157} INFO - Started process (PID=5952) to work on /opt/airflow/dags/utils/__init__.py
[2025-11-18T01:26:55.859+0000] {processor.py:829} INFO - Processing file /opt/airflow/dags/utils/__init__.py for tasks to queue
[2025-11-18T01:26:55.860+0000] {logging_mixin.py:154} INFO - [2025-11-18T01:26:55.859+0000] {dagbag.py:536} INFO - Filling up the DagBag from /opt/airflow/dags/utils/__init__.py
[2025-11-18T01:26:55.861+0000] {processor.py:841} WARNING - No viable dags retrieved from /opt/airflow/dags/utils/__init__.py
[2025-11-18T01:26:55.872+0000] {processor.py:179} INFO - Processing /opt/airflow/dags/utils/__init__.py took 0.017 seconds
[2025-11-18T01:27:26.103+0000] {processor.py:157} INFO - Started process (PID=5999) to work on /opt/airflow/dags/utils/__init__.py
[2025-11-18T01:27:26.104+0000] {processor.py:829} INFO - Processing file /opt/airflow/dags/utils/__init__.py for tasks to queue
[2025-11-18T01:27:26.105+0000] {logging_mixin.py:154} INFO - [2025-11-18T01:27:26.104+0000] {dagbag.py:536} INFO - Filling up the DagBag from /opt/airflow/dags/utils/__init__.py
[2025-11-18T01:27:26.106+0000] {processor.py:841} WARNING - No viable dags retrieved from /opt/airflow/dags/utils/__init__.py
[2025-11-18T01:27:26.117+0000] {processor.py:179} INFO - Processing /opt/airflow/dags/utils/__init__.py took 0.017 seconds
[2025-11-18T01:27:56.227+0000] {processor.py:157} INFO - Started process (PID=6058) to work on /opt/airflow/dags/utils/__init__.py
[2025-11-18T01:27:56.227+0000] {processor.py:829} INFO - Processing file /opt/airflow/dags/utils/__init__.py for tasks to queue
[2025-11-18T01:27:56.228+0000] {logging_mixin.py:154} INFO - [2025-11-18T01:27:56.228+0000] {dagbag.py:536} INFO - Filling up the DagBag from /opt/airflow/dags/utils/__init__.py
[2025-11-18T01:27:56.230+0000] {processor.py:841} WARNING - No viable dags retrieved from /opt/airflow/dags/utils/__init__.py
[2025-11-18T01:27:56.241+0000] {processor.py:179} INFO - Processing /opt/airflow/dags/utils/__init__.py took 0.017 seconds
[2025-11-18T01:28:26.640+0000] {processor.py:157} INFO - Started process (PID=6123) to work on /opt/airflow/dags/utils/__init__.py
[2025-11-18T01:28:26.640+0000] {processor.py:829} INFO - Processing file /opt/airflow/dags/utils/__init__.py for tasks to queue
[2025-11-18T01:28:26.641+0000] {logging_mixin.py:154} INFO - [2025-11-18T01:28:26.641+0000] {dagbag.py:536} INFO - Filling up the DagBag from /opt/airflow/dags/utils/__init__.py
[2025-11-18T01:28:26.643+0000] {processor.py:841} WARNING - No viable dags retrieved from /opt/airflow/dags/utils/__init__.py
[2025-11-18T01:28:26.653+0000] {processor.py:179} INFO - Processing /opt/airflow/dags/utils/__init__.py took 0.017 seconds
[2025-11-18T01:28:57.046+0000] {processor.py:157} INFO - Started process (PID=6188) to work on /opt/airflow/dags/utils/__init__.py
[2025-11-18T01:28:57.046+0000] {processor.py:829} INFO - Processing file /opt/airflow/dags/utils/__init__.py for tasks to queue
[2025-11-18T01:28:57.047+0000] {logging_mixin.py:154} INFO - [2025-11-18T01:28:57.047+0000] {dagbag.py:536} INFO - Filling up the DagBag from /opt/airflow/dags/utils/__init__.py
[2025-11-18T01:28:57.048+0000] {processor.py:841} WARNING - No viable dags retrieved from /opt/airflow/dags/utils/__init__.py
[2025-11-18T01:28:57.059+0000] {processor.py:179} INFO - Processing /opt/airflow/dags/utils/__init__.py took 0.016 seconds
[2025-11-18T01:29:27.519+0000] {processor.py:157} INFO - Started process (PID=6246) to work on /opt/airflow/dags/utils/__init__.py
[2025-11-18T01:29:27.520+0000] {processor.py:829} INFO - Processing file /opt/airflow/dags/utils/__init__.py for tasks to queue
[2025-11-18T01:29:27.520+0000] {logging_mixin.py:154} INFO - [2025-11-18T01:29:27.520+0000] {dagbag.py:536} INFO - Filling up the DagBag from /opt/airflow/dags/utils/__init__.py
[2025-11-18T01:29:27.522+0000] {processor.py:841} WARNING - No viable dags retrieved from /opt/airflow/dags/utils/__init__.py
[2025-11-18T01:29:27.533+0000] {processor.py:179} INFO - Processing /opt/airflow/dags/utils/__init__.py took 0.017 seconds
[2025-11-18T01:29:58.042+0000] {processor.py:157} INFO - Started process (PID=6311) to work on /opt/airflow/dags/utils/__init__.py
[2025-11-18T01:29:58.042+0000] {processor.py:829} INFO - Processing file /opt/airflow/dags/utils/__init__.py for tasks to queue
[2025-11-18T01:29:58.043+0000] {logging_mixin.py:154} INFO - [2025-11-18T01:29:58.043+0000] {dagbag.py:536} INFO - Filling up the DagBag from /opt/airflow/dags/utils/__init__.py
[2025-11-18T01:29:58.045+0000] {processor.py:841} WARNING - No viable dags retrieved from /opt/airflow/dags/utils/__init__.py
[2025-11-18T01:29:58.056+0000] {processor.py:179} INFO - Processing /opt/airflow/dags/utils/__init__.py took 0.017 seconds
[2025-11-18T01:30:28.439+0000] {processor.py:157} INFO - Started process (PID=6377) to work on /opt/airflow/dags/utils/__init__.py
[2025-11-18T01:30:28.440+0000] {processor.py:829} INFO - Processing file /opt/airflow/dags/utils/__init__.py for tasks to queue
[2025-11-18T01:30:28.440+0000] {logging_mixin.py:154} INFO - [2025-11-18T01:30:28.440+0000] {dagbag.py:536} INFO - Filling up the DagBag from /opt/airflow/dags/utils/__init__.py
[2025-11-18T01:30:28.442+0000] {processor.py:841} WARNING - No viable dags retrieved from /opt/airflow/dags/utils/__init__.py
[2025-11-18T01:30:28.452+0000] {processor.py:179} INFO - Processing /opt/airflow/dags/utils/__init__.py took 0.016 seconds
[2025-11-18T01:30:58.819+0000] {processor.py:157} INFO - Started process (PID=6442) to work on /opt/airflow/dags/utils/__init__.py
[2025-11-18T01:30:58.819+0000] {processor.py:829} INFO - Processing file /opt/airflow/dags/utils/__init__.py for tasks to queue
[2025-11-18T01:30:58.820+0000] {logging_mixin.py:154} INFO - [2025-11-18T01:30:58.819+0000] {dagbag.py:536} INFO - Filling up the DagBag from /opt/airflow/dags/utils/__init__.py
[2025-11-18T01:30:58.821+0000] {processor.py:841} WARNING - No viable dags retrieved from /opt/airflow/dags/utils/__init__.py
[2025-11-18T01:30:58.832+0000] {processor.py:179} INFO - Processing /opt/airflow/dags/utils/__init__.py took 0.015 seconds
[2025-11-18T01:31:29.182+0000] {processor.py:157} INFO - Started process (PID=6506) to work on /opt/airflow/dags/utils/__init__.py
[2025-11-18T01:31:29.183+0000] {processor.py:829} INFO - Processing file /opt/airflow/dags/utils/__init__.py for tasks to queue
[2025-11-18T01:31:29.183+0000] {logging_mixin.py:154} INFO - [2025-11-18T01:31:29.183+0000] {dagbag.py:536} INFO - Filling up the DagBag from /opt/airflow/dags/utils/__init__.py
[2025-11-18T01:31:29.185+0000] {processor.py:841} WARNING - No viable dags retrieved from /opt/airflow/dags/utils/__init__.py
[2025-11-18T01:31:29.196+0000] {processor.py:179} INFO - Processing /opt/airflow/dags/utils/__init__.py took 0.017 seconds
[2025-11-18T01:31:59.262+0000] {processor.py:157} INFO - Started process (PID=6604) to work on /opt/airflow/dags/utils/__init__.py
[2025-11-18T01:31:59.262+0000] {processor.py:829} INFO - Processing file /opt/airflow/dags/utils/__init__.py for tasks to queue
[2025-11-18T01:31:59.263+0000] {logging_mixin.py:154} INFO - [2025-11-18T01:31:59.263+0000] {dagbag.py:536} INFO - Filling up the DagBag from /opt/airflow/dags/utils/__init__.py
[2025-11-18T01:31:59.264+0000] {processor.py:841} WARNING - No viable dags retrieved from /opt/airflow/dags/utils/__init__.py
[2025-11-18T01:31:59.276+0000] {processor.py:179} INFO - Processing /opt/airflow/dags/utils/__init__.py took 0.017 seconds
[2025-11-18T01:32:30.172+0000] {processor.py:157} INFO - Started process (PID=6856) to work on /opt/airflow/dags/utils/__init__.py
[2025-11-18T01:32:30.176+0000] {processor.py:829} INFO - Processing file /opt/airflow/dags/utils/__init__.py for tasks to queue
[2025-11-18T01:32:30.177+0000] {logging_mixin.py:154} INFO - [2025-11-18T01:32:30.176+0000] {dagbag.py:536} INFO - Filling up the DagBag from /opt/airflow/dags/utils/__init__.py
[2025-11-18T01:32:30.179+0000] {processor.py:841} WARNING - No viable dags retrieved from /opt/airflow/dags/utils/__init__.py
[2025-11-18T01:32:30.197+0000] {processor.py:179} INFO - Processing /opt/airflow/dags/utils/__init__.py took 0.028 seconds
[2025-11-18T01:33:00.534+0000] {processor.py:157} INFO - Started process (PID=7036) to work on /opt/airflow/dags/utils/__init__.py
[2025-11-18T01:33:00.534+0000] {processor.py:829} INFO - Processing file /opt/airflow/dags/utils/__init__.py for tasks to queue
[2025-11-18T01:33:00.534+0000] {logging_mixin.py:154} INFO - [2025-11-18T01:33:00.534+0000] {dagbag.py:536} INFO - Filling up the DagBag from /opt/airflow/dags/utils/__init__.py
[2025-11-18T01:33:00.536+0000] {processor.py:841} WARNING - No viable dags retrieved from /opt/airflow/dags/utils/__init__.py
[2025-11-18T01:33:00.547+0000] {processor.py:179} INFO - Processing /opt/airflow/dags/utils/__init__.py took 0.016 seconds
[2025-11-18T01:33:31.421+0000] {processor.py:157} INFO - Started process (PID=7109) to work on /opt/airflow/dags/utils/__init__.py
[2025-11-18T01:33:31.422+0000] {processor.py:829} INFO - Processing file /opt/airflow/dags/utils/__init__.py for tasks to queue
[2025-11-18T01:33:31.423+0000] {logging_mixin.py:154} INFO - [2025-11-18T01:33:31.423+0000] {dagbag.py:536} INFO - Filling up the DagBag from /opt/airflow/dags/utils/__init__.py
[2025-11-18T01:33:31.425+0000] {processor.py:841} WARNING - No viable dags retrieved from /opt/airflow/dags/utils/__init__.py
[2025-11-18T01:33:31.436+0000] {processor.py:179} INFO - Processing /opt/airflow/dags/utils/__init__.py took 0.017 seconds
[2025-11-18T01:34:01.554+0000] {processor.py:157} INFO - Started process (PID=7170) to work on /opt/airflow/dags/utils/__init__.py
[2025-11-18T01:34:01.554+0000] {processor.py:829} INFO - Processing file /opt/airflow/dags/utils/__init__.py for tasks to queue
[2025-11-18T01:34:01.555+0000] {logging_mixin.py:154} INFO - [2025-11-18T01:34:01.555+0000] {dagbag.py:536} INFO - Filling up the DagBag from /opt/airflow/dags/utils/__init__.py
[2025-11-18T01:34:01.557+0000] {processor.py:841} WARNING - No viable dags retrieved from /opt/airflow/dags/utils/__init__.py
[2025-11-18T01:34:01.571+0000] {processor.py:179} INFO - Processing /opt/airflow/dags/utils/__init__.py took 0.021 seconds
[2025-11-18T01:34:32.016+0000] {processor.py:157} INFO - Started process (PID=7235) to work on /opt/airflow/dags/utils/__init__.py
[2025-11-18T01:34:32.017+0000] {processor.py:829} INFO - Processing file /opt/airflow/dags/utils/__init__.py for tasks to queue
[2025-11-18T01:34:32.018+0000] {logging_mixin.py:154} INFO - [2025-11-18T01:34:32.017+0000] {dagbag.py:536} INFO - Filling up the DagBag from /opt/airflow/dags/utils/__init__.py
[2025-11-18T01:34:32.019+0000] {processor.py:841} WARNING - No viable dags retrieved from /opt/airflow/dags/utils/__init__.py
[2025-11-18T01:34:32.032+0000] {processor.py:179} INFO - Processing /opt/airflow/dags/utils/__init__.py took 0.020 seconds
[2025-11-18T01:35:02.425+0000] {processor.py:157} INFO - Started process (PID=7301) to work on /opt/airflow/dags/utils/__init__.py
[2025-11-18T01:35:02.425+0000] {processor.py:829} INFO - Processing file /opt/airflow/dags/utils/__init__.py for tasks to queue
[2025-11-18T01:35:02.426+0000] {logging_mixin.py:154} INFO - [2025-11-18T01:35:02.426+0000] {dagbag.py:536} INFO - Filling up the DagBag from /opt/airflow/dags/utils/__init__.py
[2025-11-18T01:35:02.427+0000] {processor.py:841} WARNING - No viable dags retrieved from /opt/airflow/dags/utils/__init__.py
[2025-11-18T01:35:02.439+0000] {processor.py:179} INFO - Processing /opt/airflow/dags/utils/__init__.py took 0.016 seconds
[2025-11-18T01:35:32.833+0000] {processor.py:157} INFO - Started process (PID=7366) to work on /opt/airflow/dags/utils/__init__.py
[2025-11-18T01:35:32.833+0000] {processor.py:829} INFO - Processing file /opt/airflow/dags/utils/__init__.py for tasks to queue
[2025-11-18T01:35:32.834+0000] {logging_mixin.py:154} INFO - [2025-11-18T01:35:32.834+0000] {dagbag.py:536} INFO - Filling up the DagBag from /opt/airflow/dags/utils/__init__.py
[2025-11-18T01:35:32.836+0000] {processor.py:841} WARNING - No viable dags retrieved from /opt/airflow/dags/utils/__init__.py
[2025-11-18T01:35:32.846+0000] {processor.py:179} INFO - Processing /opt/airflow/dags/utils/__init__.py took 0.017 seconds
[2025-11-18T01:36:03.271+0000] {processor.py:157} INFO - Started process (PID=7431) to work on /opt/airflow/dags/utils/__init__.py
[2025-11-18T01:36:03.271+0000] {processor.py:829} INFO - Processing file /opt/airflow/dags/utils/__init__.py for tasks to queue
[2025-11-18T01:36:03.272+0000] {logging_mixin.py:154} INFO - [2025-11-18T01:36:03.271+0000] {dagbag.py:536} INFO - Filling up the DagBag from /opt/airflow/dags/utils/__init__.py
[2025-11-18T01:36:03.273+0000] {processor.py:841} WARNING - No viable dags retrieved from /opt/airflow/dags/utils/__init__.py
[2025-11-18T01:36:03.284+0000] {processor.py:179} INFO - Processing /opt/airflow/dags/utils/__init__.py took 0.016 seconds
[2025-11-18T01:36:33.682+0000] {processor.py:157} INFO - Started process (PID=7489) to work on /opt/airflow/dags/utils/__init__.py
[2025-11-18T01:36:33.683+0000] {processor.py:829} INFO - Processing file /opt/airflow/dags/utils/__init__.py for tasks to queue
[2025-11-18T01:36:33.683+0000] {logging_mixin.py:154} INFO - [2025-11-18T01:36:33.683+0000] {dagbag.py:536} INFO - Filling up the DagBag from /opt/airflow/dags/utils/__init__.py
[2025-11-18T01:36:33.685+0000] {processor.py:841} WARNING - No viable dags retrieved from /opt/airflow/dags/utils/__init__.py
[2025-11-18T01:36:33.696+0000] {processor.py:179} INFO - Processing /opt/airflow/dags/utils/__init__.py took 0.017 seconds
[2025-11-18T01:37:04.088+0000] {processor.py:157} INFO - Started process (PID=7553) to work on /opt/airflow/dags/utils/__init__.py
[2025-11-18T01:37:04.089+0000] {processor.py:829} INFO - Processing file /opt/airflow/dags/utils/__init__.py for tasks to queue
[2025-11-18T01:37:04.089+0000] {logging_mixin.py:154} INFO - [2025-11-18T01:37:04.089+0000] {dagbag.py:536} INFO - Filling up the DagBag from /opt/airflow/dags/utils/__init__.py
[2025-11-18T01:37:04.090+0000] {processor.py:841} WARNING - No viable dags retrieved from /opt/airflow/dags/utils/__init__.py
[2025-11-18T01:37:04.101+0000] {processor.py:179} INFO - Processing /opt/airflow/dags/utils/__init__.py took 0.016 seconds
[2025-11-18T01:37:34.477+0000] {processor.py:157} INFO - Started process (PID=7618) to work on /opt/airflow/dags/utils/__init__.py
[2025-11-18T01:37:34.477+0000] {processor.py:829} INFO - Processing file /opt/airflow/dags/utils/__init__.py for tasks to queue
[2025-11-18T01:37:34.478+0000] {logging_mixin.py:154} INFO - [2025-11-18T01:37:34.477+0000] {dagbag.py:536} INFO - Filling up the DagBag from /opt/airflow/dags/utils/__init__.py
[2025-11-18T01:37:34.479+0000] {processor.py:841} WARNING - No viable dags retrieved from /opt/airflow/dags/utils/__init__.py
[2025-11-18T01:37:34.492+0000] {processor.py:179} INFO - Processing /opt/airflow/dags/utils/__init__.py took 0.018 seconds
[2025-11-18T01:38:04.523+0000] {processor.py:157} INFO - Started process (PID=7680) to work on /opt/airflow/dags/utils/__init__.py
[2025-11-18T01:38:04.524+0000] {processor.py:829} INFO - Processing file /opt/airflow/dags/utils/__init__.py for tasks to queue
[2025-11-18T01:38:04.524+0000] {logging_mixin.py:154} INFO - [2025-11-18T01:38:04.524+0000] {dagbag.py:536} INFO - Filling up the DagBag from /opt/airflow/dags/utils/__init__.py
[2025-11-18T01:38:04.526+0000] {processor.py:841} WARNING - No viable dags retrieved from /opt/airflow/dags/utils/__init__.py
[2025-11-18T01:38:04.535+0000] {processor.py:179} INFO - Processing /opt/airflow/dags/utils/__init__.py took 0.015 seconds
[2025-11-18T01:38:34.696+0000] {processor.py:157} INFO - Started process (PID=7736) to work on /opt/airflow/dags/utils/__init__.py
[2025-11-18T01:38:34.696+0000] {processor.py:829} INFO - Processing file /opt/airflow/dags/utils/__init__.py for tasks to queue
[2025-11-18T01:38:34.697+0000] {logging_mixin.py:154} INFO - [2025-11-18T01:38:34.697+0000] {dagbag.py:536} INFO - Filling up the DagBag from /opt/airflow/dags/utils/__init__.py
[2025-11-18T01:38:34.698+0000] {processor.py:841} WARNING - No viable dags retrieved from /opt/airflow/dags/utils/__init__.py
[2025-11-18T01:38:34.710+0000] {processor.py:179} INFO - Processing /opt/airflow/dags/utils/__init__.py took 0.018 seconds
[2025-11-18T01:39:05.243+0000] {processor.py:157} INFO - Started process (PID=7789) to work on /opt/airflow/dags/utils/__init__.py
[2025-11-18T01:39:05.244+0000] {processor.py:829} INFO - Processing file /opt/airflow/dags/utils/__init__.py for tasks to queue
[2025-11-18T01:39:05.244+0000] {logging_mixin.py:154} INFO - [2025-11-18T01:39:05.244+0000] {dagbag.py:536} INFO - Filling up the DagBag from /opt/airflow/dags/utils/__init__.py
[2025-11-18T01:39:05.246+0000] {processor.py:841} WARNING - No viable dags retrieved from /opt/airflow/dags/utils/__init__.py
[2025-11-18T01:39:05.257+0000] {processor.py:179} INFO - Processing /opt/airflow/dags/utils/__init__.py took 0.017 seconds
[2025-11-18T01:39:35.424+0000] {processor.py:157} INFO - Started process (PID=7849) to work on /opt/airflow/dags/utils/__init__.py
[2025-11-18T01:39:35.424+0000] {processor.py:829} INFO - Processing file /opt/airflow/dags/utils/__init__.py for tasks to queue
[2025-11-18T01:39:35.425+0000] {logging_mixin.py:154} INFO - [2025-11-18T01:39:35.425+0000] {dagbag.py:536} INFO - Filling up the DagBag from /opt/airflow/dags/utils/__init__.py
[2025-11-18T01:39:35.427+0000] {processor.py:841} WARNING - No viable dags retrieved from /opt/airflow/dags/utils/__init__.py
[2025-11-18T01:39:35.439+0000] {processor.py:179} INFO - Processing /opt/airflow/dags/utils/__init__.py took 0.019 seconds
[2025-11-18T01:40:05.584+0000] {processor.py:157} INFO - Started process (PID=7914) to work on /opt/airflow/dags/utils/__init__.py
[2025-11-18T01:40:05.585+0000] {processor.py:829} INFO - Processing file /opt/airflow/dags/utils/__init__.py for tasks to queue
[2025-11-18T01:40:05.585+0000] {logging_mixin.py:154} INFO - [2025-11-18T01:40:05.585+0000] {dagbag.py:536} INFO - Filling up the DagBag from /opt/airflow/dags/utils/__init__.py
[2025-11-18T01:40:05.587+0000] {processor.py:841} WARNING - No viable dags retrieved from /opt/airflow/dags/utils/__init__.py
[2025-11-18T01:40:05.598+0000] {processor.py:179} INFO - Processing /opt/airflow/dags/utils/__init__.py took 0.017 seconds
[2025-11-18T01:40:36.078+0000] {processor.py:157} INFO - Started process (PID=7979) to work on /opt/airflow/dags/utils/__init__.py
[2025-11-18T01:40:36.079+0000] {processor.py:829} INFO - Processing file /opt/airflow/dags/utils/__init__.py for tasks to queue
[2025-11-18T01:40:36.079+0000] {logging_mixin.py:154} INFO - [2025-11-18T01:40:36.079+0000] {dagbag.py:536} INFO - Filling up the DagBag from /opt/airflow/dags/utils/__init__.py
[2025-11-18T01:40:36.081+0000] {processor.py:841} WARNING - No viable dags retrieved from /opt/airflow/dags/utils/__init__.py
[2025-11-18T01:40:36.092+0000] {processor.py:179} INFO - Processing /opt/airflow/dags/utils/__init__.py took 0.016 seconds
[2025-11-18T01:41:06.151+0000] {processor.py:157} INFO - Started process (PID=8037) to work on /opt/airflow/dags/utils/__init__.py
[2025-11-18T01:41:06.152+0000] {processor.py:829} INFO - Processing file /opt/airflow/dags/utils/__init__.py for tasks to queue
[2025-11-18T01:41:06.152+0000] {logging_mixin.py:154} INFO - [2025-11-18T01:41:06.152+0000] {dagbag.py:536} INFO - Filling up the DagBag from /opt/airflow/dags/utils/__init__.py
[2025-11-18T01:41:06.154+0000] {processor.py:841} WARNING - No viable dags retrieved from /opt/airflow/dags/utils/__init__.py
[2025-11-18T01:41:06.165+0000] {processor.py:179} INFO - Processing /opt/airflow/dags/utils/__init__.py took 0.016 seconds
