[2025-11-18T00:02:56.250+0000] {processor.py:157} INFO - Started process (PID=196) to work on /opt/airflow/dags/utils/helpers.py
[2025-11-18T00:02:56.250+0000] {processor.py:829} INFO - Processing file /opt/airflow/dags/utils/helpers.py for tasks to queue
[2025-11-18T00:02:56.251+0000] {logging_mixin.py:154} INFO - [2025-11-18T00:02:56.251+0000] {dagbag.py:536} INFO - Filling up the DagBag from /opt/airflow/dags/utils/helpers.py
[2025-11-18T00:02:56.253+0000] {processor.py:841} WARNING - No viable dags retrieved from /opt/airflow/dags/utils/helpers.py
[2025-11-18T00:02:56.265+0000] {processor.py:179} INFO - Processing /opt/airflow/dags/utils/helpers.py took 0.018 seconds
[2025-11-18T00:03:26.775+0000] {processor.py:157} INFO - Started process (PID=262) to work on /opt/airflow/dags/utils/helpers.py
[2025-11-18T00:03:26.776+0000] {processor.py:829} INFO - Processing file /opt/airflow/dags/utils/helpers.py for tasks to queue
[2025-11-18T00:03:26.777+0000] {logging_mixin.py:154} INFO - [2025-11-18T00:03:26.776+0000] {dagbag.py:536} INFO - Filling up the DagBag from /opt/airflow/dags/utils/helpers.py
[2025-11-18T00:03:26.778+0000] {processor.py:841} WARNING - No viable dags retrieved from /opt/airflow/dags/utils/helpers.py
[2025-11-18T00:03:26.790+0000] {processor.py:179} INFO - Processing /opt/airflow/dags/utils/helpers.py took 0.017 seconds
[2025-11-18T00:11:57.384+0000] {processor.py:157} INFO - Started process (PID=196) to work on /opt/airflow/dags/utils/helpers.py
[2025-11-18T00:11:57.384+0000] {processor.py:829} INFO - Processing file /opt/airflow/dags/utils/helpers.py for tasks to queue
[2025-11-18T00:11:57.385+0000] {logging_mixin.py:154} INFO - [2025-11-18T00:11:57.385+0000] {dagbag.py:536} INFO - Filling up the DagBag from /opt/airflow/dags/utils/helpers.py
[2025-11-18T00:11:57.387+0000] {processor.py:841} WARNING - No viable dags retrieved from /opt/airflow/dags/utils/helpers.py
[2025-11-18T00:11:57.398+0000] {processor.py:179} INFO - Processing /opt/airflow/dags/utils/helpers.py took 0.017 seconds
[2025-11-18T00:12:27.898+0000] {processor.py:157} INFO - Started process (PID=248) to work on /opt/airflow/dags/utils/helpers.py
[2025-11-18T00:12:27.899+0000] {processor.py:829} INFO - Processing file /opt/airflow/dags/utils/helpers.py for tasks to queue
[2025-11-18T00:12:27.899+0000] {logging_mixin.py:154} INFO - [2025-11-18T00:12:27.899+0000] {dagbag.py:536} INFO - Filling up the DagBag from /opt/airflow/dags/utils/helpers.py
[2025-11-18T00:12:27.901+0000] {processor.py:841} WARNING - No viable dags retrieved from /opt/airflow/dags/utils/helpers.py
[2025-11-18T00:12:27.912+0000] {processor.py:179} INFO - Processing /opt/airflow/dags/utils/helpers.py took 0.017 seconds
[2025-11-18T00:12:58.296+0000] {processor.py:157} INFO - Started process (PID=313) to work on /opt/airflow/dags/utils/helpers.py
[2025-11-18T00:12:58.297+0000] {processor.py:829} INFO - Processing file /opt/airflow/dags/utils/helpers.py for tasks to queue
[2025-11-18T00:12:58.297+0000] {logging_mixin.py:154} INFO - [2025-11-18T00:12:58.297+0000] {dagbag.py:536} INFO - Filling up the DagBag from /opt/airflow/dags/utils/helpers.py
[2025-11-18T00:12:58.299+0000] {processor.py:841} WARNING - No viable dags retrieved from /opt/airflow/dags/utils/helpers.py
[2025-11-18T00:12:58.310+0000] {processor.py:179} INFO - Processing /opt/airflow/dags/utils/helpers.py took 0.017 seconds
[2025-11-18T00:13:28.742+0000] {processor.py:157} INFO - Started process (PID=378) to work on /opt/airflow/dags/utils/helpers.py
[2025-11-18T00:13:28.743+0000] {processor.py:829} INFO - Processing file /opt/airflow/dags/utils/helpers.py for tasks to queue
[2025-11-18T00:13:28.743+0000] {logging_mixin.py:154} INFO - [2025-11-18T00:13:28.743+0000] {dagbag.py:536} INFO - Filling up the DagBag from /opt/airflow/dags/utils/helpers.py
[2025-11-18T00:13:28.745+0000] {processor.py:841} WARNING - No viable dags retrieved from /opt/airflow/dags/utils/helpers.py
[2025-11-18T00:13:28.757+0000] {processor.py:179} INFO - Processing /opt/airflow/dags/utils/helpers.py took 0.018 seconds
[2025-11-18T00:13:59.433+0000] {processor.py:157} INFO - Started process (PID=498) to work on /opt/airflow/dags/utils/helpers.py
[2025-11-18T00:13:59.435+0000] {processor.py:829} INFO - Processing file /opt/airflow/dags/utils/helpers.py for tasks to queue
[2025-11-18T00:13:59.435+0000] {logging_mixin.py:154} INFO - [2025-11-18T00:13:59.435+0000] {dagbag.py:536} INFO - Filling up the DagBag from /opt/airflow/dags/utils/helpers.py
[2025-11-18T00:13:59.437+0000] {processor.py:841} WARNING - No viable dags retrieved from /opt/airflow/dags/utils/helpers.py
[2025-11-18T00:13:59.448+0000] {processor.py:179} INFO - Processing /opt/airflow/dags/utils/helpers.py took 0.018 seconds
[2025-11-18T00:14:29.933+0000] {processor.py:157} INFO - Started process (PID=658) to work on /opt/airflow/dags/utils/helpers.py
[2025-11-18T00:14:29.933+0000] {processor.py:829} INFO - Processing file /opt/airflow/dags/utils/helpers.py for tasks to queue
[2025-11-18T00:14:29.934+0000] {logging_mixin.py:154} INFO - [2025-11-18T00:14:29.934+0000] {dagbag.py:536} INFO - Filling up the DagBag from /opt/airflow/dags/utils/helpers.py
[2025-11-18T00:14:29.936+0000] {processor.py:841} WARNING - No viable dags retrieved from /opt/airflow/dags/utils/helpers.py
[2025-11-18T00:14:29.948+0000] {processor.py:179} INFO - Processing /opt/airflow/dags/utils/helpers.py took 0.019 seconds
[2025-11-18T00:15:00.080+0000] {processor.py:157} INFO - Started process (PID=830) to work on /opt/airflow/dags/utils/helpers.py
[2025-11-18T00:15:00.099+0000] {processor.py:829} INFO - Processing file /opt/airflow/dags/utils/helpers.py for tasks to queue
[2025-11-18T00:15:00.100+0000] {logging_mixin.py:154} INFO - [2025-11-18T00:15:00.099+0000] {dagbag.py:536} INFO - Filling up the DagBag from /opt/airflow/dags/utils/helpers.py
[2025-11-18T00:15:00.102+0000] {processor.py:841} WARNING - No viable dags retrieved from /opt/airflow/dags/utils/helpers.py
[2025-11-18T00:15:00.117+0000] {processor.py:179} INFO - Processing /opt/airflow/dags/utils/helpers.py took 0.040 seconds
[2025-11-18T00:15:30.483+0000] {processor.py:157} INFO - Started process (PID=894) to work on /opt/airflow/dags/utils/helpers.py
[2025-11-18T00:15:30.484+0000] {processor.py:829} INFO - Processing file /opt/airflow/dags/utils/helpers.py for tasks to queue
[2025-11-18T00:15:30.484+0000] {logging_mixin.py:154} INFO - [2025-11-18T00:15:30.484+0000] {dagbag.py:536} INFO - Filling up the DagBag from /opt/airflow/dags/utils/helpers.py
[2025-11-18T00:15:30.486+0000] {processor.py:841} WARNING - No viable dags retrieved from /opt/airflow/dags/utils/helpers.py
[2025-11-18T00:15:30.497+0000] {processor.py:179} INFO - Processing /opt/airflow/dags/utils/helpers.py took 0.017 seconds
[2025-11-18T00:16:00.889+0000] {processor.py:157} INFO - Started process (PID=952) to work on /opt/airflow/dags/utils/helpers.py
[2025-11-18T00:16:00.890+0000] {processor.py:829} INFO - Processing file /opt/airflow/dags/utils/helpers.py for tasks to queue
[2025-11-18T00:16:00.890+0000] {logging_mixin.py:154} INFO - [2025-11-18T00:16:00.890+0000] {dagbag.py:536} INFO - Filling up the DagBag from /opt/airflow/dags/utils/helpers.py
[2025-11-18T00:16:00.892+0000] {processor.py:841} WARNING - No viable dags retrieved from /opt/airflow/dags/utils/helpers.py
[2025-11-18T00:16:00.903+0000] {processor.py:179} INFO - Processing /opt/airflow/dags/utils/helpers.py took 0.016 seconds
[2025-11-18T00:16:31.169+0000] {processor.py:157} INFO - Started process (PID=1014) to work on /opt/airflow/dags/utils/helpers.py
[2025-11-18T00:16:31.170+0000] {processor.py:829} INFO - Processing file /opt/airflow/dags/utils/helpers.py for tasks to queue
[2025-11-18T00:16:31.171+0000] {logging_mixin.py:154} INFO - [2025-11-18T00:16:31.170+0000] {dagbag.py:536} INFO - Filling up the DagBag from /opt/airflow/dags/utils/helpers.py
[2025-11-18T00:16:31.172+0000] {processor.py:841} WARNING - No viable dags retrieved from /opt/airflow/dags/utils/helpers.py
[2025-11-18T00:16:31.184+0000] {processor.py:179} INFO - Processing /opt/airflow/dags/utils/helpers.py took 0.017 seconds
[2025-11-18T00:17:01.872+0000] {processor.py:157} INFO - Started process (PID=1082) to work on /opt/airflow/dags/utils/helpers.py
[2025-11-18T00:17:01.872+0000] {processor.py:829} INFO - Processing file /opt/airflow/dags/utils/helpers.py for tasks to queue
[2025-11-18T00:17:01.873+0000] {logging_mixin.py:154} INFO - [2025-11-18T00:17:01.872+0000] {dagbag.py:536} INFO - Filling up the DagBag from /opt/airflow/dags/utils/helpers.py
[2025-11-18T00:17:01.874+0000] {processor.py:841} WARNING - No viable dags retrieved from /opt/airflow/dags/utils/helpers.py
[2025-11-18T00:17:01.885+0000] {processor.py:179} INFO - Processing /opt/airflow/dags/utils/helpers.py took 0.016 seconds
[2025-11-18T00:17:32.235+0000] {processor.py:157} INFO - Started process (PID=1153) to work on /opt/airflow/dags/utils/helpers.py
[2025-11-18T00:17:32.236+0000] {processor.py:829} INFO - Processing file /opt/airflow/dags/utils/helpers.py for tasks to queue
[2025-11-18T00:17:32.236+0000] {logging_mixin.py:154} INFO - [2025-11-18T00:17:32.236+0000] {dagbag.py:536} INFO - Filling up the DagBag from /opt/airflow/dags/utils/helpers.py
[2025-11-18T00:17:32.238+0000] {processor.py:841} WARNING - No viable dags retrieved from /opt/airflow/dags/utils/helpers.py
[2025-11-18T00:17:32.250+0000] {processor.py:179} INFO - Processing /opt/airflow/dags/utils/helpers.py took 0.017 seconds
[2025-11-18T00:18:02.637+0000] {processor.py:157} INFO - Started process (PID=1218) to work on /opt/airflow/dags/utils/helpers.py
[2025-11-18T00:18:02.638+0000] {processor.py:829} INFO - Processing file /opt/airflow/dags/utils/helpers.py for tasks to queue
[2025-11-18T00:18:02.638+0000] {logging_mixin.py:154} INFO - [2025-11-18T00:18:02.638+0000] {dagbag.py:536} INFO - Filling up the DagBag from /opt/airflow/dags/utils/helpers.py
[2025-11-18T00:18:02.640+0000] {processor.py:841} WARNING - No viable dags retrieved from /opt/airflow/dags/utils/helpers.py
[2025-11-18T00:18:02.650+0000] {processor.py:179} INFO - Processing /opt/airflow/dags/utils/helpers.py took 0.016 seconds
[2025-11-18T00:18:33.011+0000] {processor.py:157} INFO - Started process (PID=1276) to work on /opt/airflow/dags/utils/helpers.py
[2025-11-18T00:18:33.011+0000] {processor.py:829} INFO - Processing file /opt/airflow/dags/utils/helpers.py for tasks to queue
[2025-11-18T00:18:33.012+0000] {logging_mixin.py:154} INFO - [2025-11-18T00:18:33.011+0000] {dagbag.py:536} INFO - Filling up the DagBag from /opt/airflow/dags/utils/helpers.py
[2025-11-18T00:18:33.013+0000] {processor.py:841} WARNING - No viable dags retrieved from /opt/airflow/dags/utils/helpers.py
[2025-11-18T00:18:33.024+0000] {processor.py:179} INFO - Processing /opt/airflow/dags/utils/helpers.py took 0.016 seconds
[2025-11-18T00:43:15.556+0000] {processor.py:157} INFO - Started process (PID=195) to work on /opt/airflow/dags/utils/helpers.py
[2025-11-18T00:43:15.556+0000] {processor.py:829} INFO - Processing file /opt/airflow/dags/utils/helpers.py for tasks to queue
[2025-11-18T00:43:15.557+0000] {logging_mixin.py:154} INFO - [2025-11-18T00:43:15.557+0000] {dagbag.py:536} INFO - Filling up the DagBag from /opt/airflow/dags/utils/helpers.py
[2025-11-18T00:43:15.559+0000] {processor.py:841} WARNING - No viable dags retrieved from /opt/airflow/dags/utils/helpers.py
[2025-11-18T00:43:15.570+0000] {processor.py:179} INFO - Processing /opt/airflow/dags/utils/helpers.py took 0.017 seconds
[2025-11-18T00:43:46.198+0000] {processor.py:157} INFO - Started process (PID=259) to work on /opt/airflow/dags/utils/helpers.py
[2025-11-18T00:43:46.198+0000] {processor.py:829} INFO - Processing file /opt/airflow/dags/utils/helpers.py for tasks to queue
[2025-11-18T00:43:46.199+0000] {logging_mixin.py:154} INFO - [2025-11-18T00:43:46.198+0000] {dagbag.py:536} INFO - Filling up the DagBag from /opt/airflow/dags/utils/helpers.py
[2025-11-18T00:43:46.200+0000] {processor.py:841} WARNING - No viable dags retrieved from /opt/airflow/dags/utils/helpers.py
[2025-11-18T00:43:46.211+0000] {processor.py:179} INFO - Processing /opt/airflow/dags/utils/helpers.py took 0.016 seconds
[2025-11-18T00:44:17.196+0000] {processor.py:157} INFO - Started process (PID=361) to work on /opt/airflow/dags/utils/helpers.py
[2025-11-18T00:44:17.196+0000] {processor.py:829} INFO - Processing file /opt/airflow/dags/utils/helpers.py for tasks to queue
[2025-11-18T00:44:17.197+0000] {logging_mixin.py:154} INFO - [2025-11-18T00:44:17.197+0000] {dagbag.py:536} INFO - Filling up the DagBag from /opt/airflow/dags/utils/helpers.py
[2025-11-18T00:44:17.198+0000] {processor.py:841} WARNING - No viable dags retrieved from /opt/airflow/dags/utils/helpers.py
[2025-11-18T00:44:17.208+0000] {processor.py:179} INFO - Processing /opt/airflow/dags/utils/helpers.py took 0.014 seconds
[2025-11-18T00:44:48.082+0000] {processor.py:157} INFO - Started process (PID=601) to work on /opt/airflow/dags/utils/helpers.py
[2025-11-18T00:44:48.086+0000] {processor.py:829} INFO - Processing file /opt/airflow/dags/utils/helpers.py for tasks to queue
[2025-11-18T00:44:48.086+0000] {logging_mixin.py:154} INFO - [2025-11-18T00:44:48.086+0000] {dagbag.py:536} INFO - Filling up the DagBag from /opt/airflow/dags/utils/helpers.py
[2025-11-18T00:44:48.089+0000] {processor.py:841} WARNING - No viable dags retrieved from /opt/airflow/dags/utils/helpers.py
[2025-11-18T00:44:48.101+0000] {processor.py:179} INFO - Processing /opt/airflow/dags/utils/helpers.py took 0.023 seconds
[2025-11-18T00:45:19.294+0000] {processor.py:157} INFO - Started process (PID=709) to work on /opt/airflow/dags/utils/helpers.py
[2025-11-18T00:45:19.294+0000] {processor.py:829} INFO - Processing file /opt/airflow/dags/utils/helpers.py for tasks to queue
[2025-11-18T00:45:19.295+0000] {logging_mixin.py:154} INFO - [2025-11-18T00:45:19.295+0000] {dagbag.py:536} INFO - Filling up the DagBag from /opt/airflow/dags/utils/helpers.py
[2025-11-18T00:45:19.297+0000] {processor.py:841} WARNING - No viable dags retrieved from /opt/airflow/dags/utils/helpers.py
[2025-11-18T00:45:19.308+0000] {processor.py:179} INFO - Processing /opt/airflow/dags/utils/helpers.py took 0.018 seconds
[2025-11-18T00:45:49.840+0000] {processor.py:157} INFO - Started process (PID=857) to work on /opt/airflow/dags/utils/helpers.py
[2025-11-18T00:45:49.853+0000] {processor.py:829} INFO - Processing file /opt/airflow/dags/utils/helpers.py for tasks to queue
[2025-11-18T00:45:49.853+0000] {logging_mixin.py:154} INFO - [2025-11-18T00:45:49.853+0000] {dagbag.py:536} INFO - Filling up the DagBag from /opt/airflow/dags/utils/helpers.py
[2025-11-18T00:45:49.855+0000] {processor.py:841} WARNING - No viable dags retrieved from /opt/airflow/dags/utils/helpers.py
[2025-11-18T00:45:49.865+0000] {processor.py:179} INFO - Processing /opt/airflow/dags/utils/helpers.py took 0.028 seconds
[2025-11-18T00:46:20.484+0000] {processor.py:157} INFO - Started process (PID=939) to work on /opt/airflow/dags/utils/helpers.py
[2025-11-18T00:46:20.485+0000] {processor.py:829} INFO - Processing file /opt/airflow/dags/utils/helpers.py for tasks to queue
[2025-11-18T00:46:20.485+0000] {logging_mixin.py:154} INFO - [2025-11-18T00:46:20.485+0000] {dagbag.py:536} INFO - Filling up the DagBag from /opt/airflow/dags/utils/helpers.py
[2025-11-18T00:46:20.488+0000] {processor.py:841} WARNING - No viable dags retrieved from /opt/airflow/dags/utils/helpers.py
[2025-11-18T00:46:20.499+0000] {processor.py:179} INFO - Processing /opt/airflow/dags/utils/helpers.py took 0.019 seconds
[2025-11-18T00:46:51.076+0000] {processor.py:157} INFO - Started process (PID=1004) to work on /opt/airflow/dags/utils/helpers.py
[2025-11-18T00:46:51.077+0000] {processor.py:829} INFO - Processing file /opt/airflow/dags/utils/helpers.py for tasks to queue
[2025-11-18T00:46:51.078+0000] {logging_mixin.py:154} INFO - [2025-11-18T00:46:51.077+0000] {dagbag.py:536} INFO - Filling up the DagBag from /opt/airflow/dags/utils/helpers.py
[2025-11-18T00:46:51.079+0000] {processor.py:841} WARNING - No viable dags retrieved from /opt/airflow/dags/utils/helpers.py
[2025-11-18T00:46:51.090+0000] {processor.py:179} INFO - Processing /opt/airflow/dags/utils/helpers.py took 0.017 seconds
[2025-11-18T00:47:21.711+0000] {processor.py:157} INFO - Started process (PID=1070) to work on /opt/airflow/dags/utils/helpers.py
[2025-11-18T00:47:21.712+0000] {processor.py:829} INFO - Processing file /opt/airflow/dags/utils/helpers.py for tasks to queue
[2025-11-18T00:47:21.712+0000] {logging_mixin.py:154} INFO - [2025-11-18T00:47:21.712+0000] {dagbag.py:536} INFO - Filling up the DagBag from /opt/airflow/dags/utils/helpers.py
[2025-11-18T00:47:21.714+0000] {processor.py:841} WARNING - No viable dags retrieved from /opt/airflow/dags/utils/helpers.py
[2025-11-18T00:47:21.724+0000] {processor.py:179} INFO - Processing /opt/airflow/dags/utils/helpers.py took 0.016 seconds
[2025-11-18T00:47:52.448+0000] {processor.py:157} INFO - Started process (PID=1128) to work on /opt/airflow/dags/utils/helpers.py
[2025-11-18T00:47:52.448+0000] {processor.py:829} INFO - Processing file /opt/airflow/dags/utils/helpers.py for tasks to queue
[2025-11-18T00:47:52.449+0000] {logging_mixin.py:154} INFO - [2025-11-18T00:47:52.449+0000] {dagbag.py:536} INFO - Filling up the DagBag from /opt/airflow/dags/utils/helpers.py
[2025-11-18T00:47:52.450+0000] {processor.py:841} WARNING - No viable dags retrieved from /opt/airflow/dags/utils/helpers.py
[2025-11-18T00:47:52.460+0000] {processor.py:179} INFO - Processing /opt/airflow/dags/utils/helpers.py took 0.015 seconds
[2025-11-18T00:48:23.026+0000] {processor.py:157} INFO - Started process (PID=1193) to work on /opt/airflow/dags/utils/helpers.py
[2025-11-18T00:48:23.026+0000] {processor.py:829} INFO - Processing file /opt/airflow/dags/utils/helpers.py for tasks to queue
[2025-11-18T00:48:23.027+0000] {logging_mixin.py:154} INFO - [2025-11-18T00:48:23.026+0000] {dagbag.py:536} INFO - Filling up the DagBag from /opt/airflow/dags/utils/helpers.py
[2025-11-18T00:48:23.028+0000] {processor.py:841} WARNING - No viable dags retrieved from /opt/airflow/dags/utils/helpers.py
[2025-11-18T00:48:23.041+0000] {processor.py:179} INFO - Processing /opt/airflow/dags/utils/helpers.py took 0.018 seconds
[2025-11-18T00:48:53.561+0000] {processor.py:157} INFO - Started process (PID=1258) to work on /opt/airflow/dags/utils/helpers.py
[2025-11-18T00:48:53.561+0000] {processor.py:829} INFO - Processing file /opt/airflow/dags/utils/helpers.py for tasks to queue
[2025-11-18T00:48:53.562+0000] {logging_mixin.py:154} INFO - [2025-11-18T00:48:53.562+0000] {dagbag.py:536} INFO - Filling up the DagBag from /opt/airflow/dags/utils/helpers.py
[2025-11-18T00:48:53.564+0000] {processor.py:841} WARNING - No viable dags retrieved from /opt/airflow/dags/utils/helpers.py
[2025-11-18T00:48:53.575+0000] {processor.py:179} INFO - Processing /opt/airflow/dags/utils/helpers.py took 0.017 seconds
[2025-11-18T00:49:24.179+0000] {processor.py:157} INFO - Started process (PID=1323) to work on /opt/airflow/dags/utils/helpers.py
[2025-11-18T00:49:24.179+0000] {processor.py:829} INFO - Processing file /opt/airflow/dags/utils/helpers.py for tasks to queue
[2025-11-18T00:49:24.179+0000] {logging_mixin.py:154} INFO - [2025-11-18T00:49:24.179+0000] {dagbag.py:536} INFO - Filling up the DagBag from /opt/airflow/dags/utils/helpers.py
[2025-11-18T00:49:24.181+0000] {processor.py:841} WARNING - No viable dags retrieved from /opt/airflow/dags/utils/helpers.py
[2025-11-18T00:49:24.191+0000] {processor.py:179} INFO - Processing /opt/airflow/dags/utils/helpers.py took 0.016 seconds
[2025-11-18T00:49:54.884+0000] {processor.py:157} INFO - Started process (PID=1388) to work on /opt/airflow/dags/utils/helpers.py
[2025-11-18T00:49:54.884+0000] {processor.py:829} INFO - Processing file /opt/airflow/dags/utils/helpers.py for tasks to queue
[2025-11-18T00:49:54.885+0000] {logging_mixin.py:154} INFO - [2025-11-18T00:49:54.885+0000] {dagbag.py:536} INFO - Filling up the DagBag from /opt/airflow/dags/utils/helpers.py
[2025-11-18T00:49:54.887+0000] {processor.py:841} WARNING - No viable dags retrieved from /opt/airflow/dags/utils/helpers.py
[2025-11-18T00:49:54.898+0000] {processor.py:179} INFO - Processing /opt/airflow/dags/utils/helpers.py took 0.017 seconds
[2025-11-18T00:50:25.424+0000] {processor.py:157} INFO - Started process (PID=1446) to work on /opt/airflow/dags/utils/helpers.py
[2025-11-18T00:50:25.424+0000] {processor.py:829} INFO - Processing file /opt/airflow/dags/utils/helpers.py for tasks to queue
[2025-11-18T00:50:25.425+0000] {logging_mixin.py:154} INFO - [2025-11-18T00:50:25.424+0000] {dagbag.py:536} INFO - Filling up the DagBag from /opt/airflow/dags/utils/helpers.py
[2025-11-18T00:50:25.426+0000] {processor.py:841} WARNING - No viable dags retrieved from /opt/airflow/dags/utils/helpers.py
[2025-11-18T00:50:25.437+0000] {processor.py:179} INFO - Processing /opt/airflow/dags/utils/helpers.py took 0.016 seconds
[2025-11-18T00:50:56.329+0000] {processor.py:157} INFO - Started process (PID=1511) to work on /opt/airflow/dags/utils/helpers.py
[2025-11-18T00:50:56.329+0000] {processor.py:829} INFO - Processing file /opt/airflow/dags/utils/helpers.py for tasks to queue
[2025-11-18T00:50:56.330+0000] {logging_mixin.py:154} INFO - [2025-11-18T00:50:56.330+0000] {dagbag.py:536} INFO - Filling up the DagBag from /opt/airflow/dags/utils/helpers.py
[2025-11-18T00:50:56.332+0000] {processor.py:841} WARNING - No viable dags retrieved from /opt/airflow/dags/utils/helpers.py
[2025-11-18T00:50:56.342+0000] {processor.py:179} INFO - Processing /opt/airflow/dags/utils/helpers.py took 0.016 seconds
[2025-11-18T00:51:26.833+0000] {processor.py:157} INFO - Started process (PID=1576) to work on /opt/airflow/dags/utils/helpers.py
[2025-11-18T00:51:26.833+0000] {processor.py:829} INFO - Processing file /opt/airflow/dags/utils/helpers.py for tasks to queue
[2025-11-18T00:51:26.834+0000] {logging_mixin.py:154} INFO - [2025-11-18T00:51:26.833+0000] {dagbag.py:536} INFO - Filling up the DagBag from /opt/airflow/dags/utils/helpers.py
[2025-11-18T00:51:26.835+0000] {processor.py:841} WARNING - No viable dags retrieved from /opt/airflow/dags/utils/helpers.py
[2025-11-18T00:51:26.846+0000] {processor.py:179} INFO - Processing /opt/airflow/dags/utils/helpers.py took 0.016 seconds
[2025-11-18T00:51:57.468+0000] {processor.py:157} INFO - Started process (PID=1641) to work on /opt/airflow/dags/utils/helpers.py
[2025-11-18T00:51:57.469+0000] {processor.py:829} INFO - Processing file /opt/airflow/dags/utils/helpers.py for tasks to queue
[2025-11-18T00:51:57.469+0000] {logging_mixin.py:154} INFO - [2025-11-18T00:51:57.469+0000] {dagbag.py:536} INFO - Filling up the DagBag from /opt/airflow/dags/utils/helpers.py
[2025-11-18T00:51:57.471+0000] {processor.py:841} WARNING - No viable dags retrieved from /opt/airflow/dags/utils/helpers.py
[2025-11-18T00:51:57.482+0000] {processor.py:179} INFO - Processing /opt/airflow/dags/utils/helpers.py took 0.016 seconds
[2025-11-18T00:52:28.116+0000] {processor.py:157} INFO - Started process (PID=1706) to work on /opt/airflow/dags/utils/helpers.py
[2025-11-18T00:52:28.116+0000] {processor.py:829} INFO - Processing file /opt/airflow/dags/utils/helpers.py for tasks to queue
[2025-11-18T00:52:28.117+0000] {logging_mixin.py:154} INFO - [2025-11-18T00:52:28.116+0000] {dagbag.py:536} INFO - Filling up the DagBag from /opt/airflow/dags/utils/helpers.py
[2025-11-18T00:52:28.118+0000] {processor.py:841} WARNING - No viable dags retrieved from /opt/airflow/dags/utils/helpers.py
[2025-11-18T00:52:28.129+0000] {processor.py:179} INFO - Processing /opt/airflow/dags/utils/helpers.py took 0.016 seconds
[2025-11-18T00:52:58.723+0000] {processor.py:157} INFO - Started process (PID=1771) to work on /opt/airflow/dags/utils/helpers.py
[2025-11-18T00:52:58.723+0000] {processor.py:829} INFO - Processing file /opt/airflow/dags/utils/helpers.py for tasks to queue
[2025-11-18T00:52:58.724+0000] {logging_mixin.py:154} INFO - [2025-11-18T00:52:58.724+0000] {dagbag.py:536} INFO - Filling up the DagBag from /opt/airflow/dags/utils/helpers.py
[2025-11-18T00:52:58.726+0000] {processor.py:841} WARNING - No viable dags retrieved from /opt/airflow/dags/utils/helpers.py
[2025-11-18T00:52:58.736+0000] {processor.py:179} INFO - Processing /opt/airflow/dags/utils/helpers.py took 0.015 seconds
[2025-11-18T00:53:29.468+0000] {processor.py:157} INFO - Started process (PID=1829) to work on /opt/airflow/dags/utils/helpers.py
[2025-11-18T00:53:29.469+0000] {processor.py:829} INFO - Processing file /opt/airflow/dags/utils/helpers.py for tasks to queue
[2025-11-18T00:53:29.470+0000] {logging_mixin.py:154} INFO - [2025-11-18T00:53:29.469+0000] {dagbag.py:536} INFO - Filling up the DagBag from /opt/airflow/dags/utils/helpers.py
[2025-11-18T00:53:29.471+0000] {processor.py:841} WARNING - No viable dags retrieved from /opt/airflow/dags/utils/helpers.py
[2025-11-18T00:53:29.481+0000] {processor.py:179} INFO - Processing /opt/airflow/dags/utils/helpers.py took 0.016 seconds
[2025-11-18T00:54:00.159+0000] {processor.py:157} INFO - Started process (PID=1894) to work on /opt/airflow/dags/utils/helpers.py
[2025-11-18T00:54:00.160+0000] {processor.py:829} INFO - Processing file /opt/airflow/dags/utils/helpers.py for tasks to queue
[2025-11-18T00:54:00.160+0000] {logging_mixin.py:154} INFO - [2025-11-18T00:54:00.160+0000] {dagbag.py:536} INFO - Filling up the DagBag from /opt/airflow/dags/utils/helpers.py
[2025-11-18T00:54:00.162+0000] {processor.py:841} WARNING - No viable dags retrieved from /opt/airflow/dags/utils/helpers.py
[2025-11-18T00:54:00.172+0000] {processor.py:179} INFO - Processing /opt/airflow/dags/utils/helpers.py took 0.015 seconds
[2025-11-18T00:54:30.635+0000] {processor.py:157} INFO - Started process (PID=1959) to work on /opt/airflow/dags/utils/helpers.py
[2025-11-18T00:54:30.635+0000] {processor.py:829} INFO - Processing file /opt/airflow/dags/utils/helpers.py for tasks to queue
[2025-11-18T00:54:30.636+0000] {logging_mixin.py:154} INFO - [2025-11-18T00:54:30.636+0000] {dagbag.py:536} INFO - Filling up the DagBag from /opt/airflow/dags/utils/helpers.py
[2025-11-18T00:54:30.638+0000] {processor.py:841} WARNING - No viable dags retrieved from /opt/airflow/dags/utils/helpers.py
[2025-11-18T00:54:30.648+0000] {processor.py:179} INFO - Processing /opt/airflow/dags/utils/helpers.py took 0.016 seconds
[2025-11-18T00:55:01.383+0000] {processor.py:157} INFO - Started process (PID=2024) to work on /opt/airflow/dags/utils/helpers.py
[2025-11-18T00:55:01.384+0000] {processor.py:829} INFO - Processing file /opt/airflow/dags/utils/helpers.py for tasks to queue
[2025-11-18T00:55:01.384+0000] {logging_mixin.py:154} INFO - [2025-11-18T00:55:01.384+0000] {dagbag.py:536} INFO - Filling up the DagBag from /opt/airflow/dags/utils/helpers.py
[2025-11-18T00:55:01.386+0000] {processor.py:841} WARNING - No viable dags retrieved from /opt/airflow/dags/utils/helpers.py
[2025-11-18T00:55:01.397+0000] {processor.py:179} INFO - Processing /opt/airflow/dags/utils/helpers.py took 0.017 seconds
[2025-11-18T00:55:32.022+0000] {processor.py:157} INFO - Started process (PID=2089) to work on /opt/airflow/dags/utils/helpers.py
[2025-11-18T00:55:32.022+0000] {processor.py:829} INFO - Processing file /opt/airflow/dags/utils/helpers.py for tasks to queue
[2025-11-18T00:55:32.023+0000] {logging_mixin.py:154} INFO - [2025-11-18T00:55:32.023+0000] {dagbag.py:536} INFO - Filling up the DagBag from /opt/airflow/dags/utils/helpers.py
[2025-11-18T00:55:32.025+0000] {processor.py:841} WARNING - No viable dags retrieved from /opt/airflow/dags/utils/helpers.py
[2025-11-18T00:55:32.035+0000] {processor.py:179} INFO - Processing /opt/airflow/dags/utils/helpers.py took 0.016 seconds
[2025-11-18T00:56:02.894+0000] {processor.py:157} INFO - Started process (PID=2147) to work on /opt/airflow/dags/utils/helpers.py
[2025-11-18T00:56:02.895+0000] {processor.py:829} INFO - Processing file /opt/airflow/dags/utils/helpers.py for tasks to queue
[2025-11-18T00:56:02.895+0000] {logging_mixin.py:154} INFO - [2025-11-18T00:56:02.895+0000] {dagbag.py:536} INFO - Filling up the DagBag from /opt/airflow/dags/utils/helpers.py
[2025-11-18T00:56:02.897+0000] {processor.py:841} WARNING - No viable dags retrieved from /opt/airflow/dags/utils/helpers.py
[2025-11-18T00:56:02.908+0000] {processor.py:179} INFO - Processing /opt/airflow/dags/utils/helpers.py took 0.016 seconds
[2025-11-18T00:56:33.721+0000] {processor.py:157} INFO - Started process (PID=2212) to work on /opt/airflow/dags/utils/helpers.py
[2025-11-18T00:56:33.722+0000] {processor.py:829} INFO - Processing file /opt/airflow/dags/utils/helpers.py for tasks to queue
[2025-11-18T00:56:33.722+0000] {logging_mixin.py:154} INFO - [2025-11-18T00:56:33.722+0000] {dagbag.py:536} INFO - Filling up the DagBag from /opt/airflow/dags/utils/helpers.py
[2025-11-18T00:56:33.724+0000] {processor.py:841} WARNING - No viable dags retrieved from /opt/airflow/dags/utils/helpers.py
[2025-11-18T00:56:33.736+0000] {processor.py:179} INFO - Processing /opt/airflow/dags/utils/helpers.py took 0.018 seconds
[2025-11-18T00:57:04.658+0000] {processor.py:157} INFO - Started process (PID=2277) to work on /opt/airflow/dags/utils/helpers.py
[2025-11-18T00:57:04.659+0000] {processor.py:829} INFO - Processing file /opt/airflow/dags/utils/helpers.py for tasks to queue
[2025-11-18T00:57:04.659+0000] {logging_mixin.py:154} INFO - [2025-11-18T00:57:04.659+0000] {dagbag.py:536} INFO - Filling up the DagBag from /opt/airflow/dags/utils/helpers.py
[2025-11-18T00:57:04.661+0000] {processor.py:841} WARNING - No viable dags retrieved from /opt/airflow/dags/utils/helpers.py
[2025-11-18T00:57:04.672+0000] {processor.py:179} INFO - Processing /opt/airflow/dags/utils/helpers.py took 0.017 seconds
[2025-11-18T00:57:35.497+0000] {processor.py:157} INFO - Started process (PID=2343) to work on /opt/airflow/dags/utils/helpers.py
[2025-11-18T00:57:35.507+0000] {processor.py:829} INFO - Processing file /opt/airflow/dags/utils/helpers.py for tasks to queue
[2025-11-18T00:57:35.508+0000] {logging_mixin.py:154} INFO - [2025-11-18T00:57:35.508+0000] {dagbag.py:536} INFO - Filling up the DagBag from /opt/airflow/dags/utils/helpers.py
[2025-11-18T00:57:35.510+0000] {processor.py:841} WARNING - No viable dags retrieved from /opt/airflow/dags/utils/helpers.py
[2025-11-18T00:57:35.522+0000] {processor.py:179} INFO - Processing /opt/airflow/dags/utils/helpers.py took 0.028 seconds
[2025-11-18T00:58:06.753+0000] {processor.py:157} INFO - Started process (PID=2406) to work on /opt/airflow/dags/utils/helpers.py
[2025-11-18T00:58:06.754+0000] {processor.py:829} INFO - Processing file /opt/airflow/dags/utils/helpers.py for tasks to queue
[2025-11-18T00:58:06.754+0000] {logging_mixin.py:154} INFO - [2025-11-18T00:58:06.754+0000] {dagbag.py:536} INFO - Filling up the DagBag from /opt/airflow/dags/utils/helpers.py
[2025-11-18T00:58:06.756+0000] {processor.py:841} WARNING - No viable dags retrieved from /opt/airflow/dags/utils/helpers.py
[2025-11-18T00:58:06.767+0000] {processor.py:179} INFO - Processing /opt/airflow/dags/utils/helpers.py took 0.017 seconds
[2025-11-18T00:58:37.016+0000] {processor.py:157} INFO - Started process (PID=2453) to work on /opt/airflow/dags/utils/helpers.py
[2025-11-18T00:58:37.016+0000] {processor.py:829} INFO - Processing file /opt/airflow/dags/utils/helpers.py for tasks to queue
[2025-11-18T00:58:37.017+0000] {logging_mixin.py:154} INFO - [2025-11-18T00:58:37.017+0000] {dagbag.py:536} INFO - Filling up the DagBag from /opt/airflow/dags/utils/helpers.py
[2025-11-18T00:58:37.018+0000] {processor.py:841} WARNING - No viable dags retrieved from /opt/airflow/dags/utils/helpers.py
[2025-11-18T00:58:37.029+0000] {processor.py:179} INFO - Processing /opt/airflow/dags/utils/helpers.py took 0.016 seconds
[2025-11-18T00:59:07.126+0000] {processor.py:157} INFO - Started process (PID=2505) to work on /opt/airflow/dags/utils/helpers.py
[2025-11-18T00:59:07.127+0000] {processor.py:829} INFO - Processing file /opt/airflow/dags/utils/helpers.py for tasks to queue
[2025-11-18T00:59:07.127+0000] {logging_mixin.py:154} INFO - [2025-11-18T00:59:07.127+0000] {dagbag.py:536} INFO - Filling up the DagBag from /opt/airflow/dags/utils/helpers.py
[2025-11-18T00:59:07.129+0000] {processor.py:841} WARNING - No viable dags retrieved from /opt/airflow/dags/utils/helpers.py
[2025-11-18T00:59:07.139+0000] {processor.py:179} INFO - Processing /opt/airflow/dags/utils/helpers.py took 0.016 seconds
[2025-11-18T00:59:37.618+0000] {processor.py:157} INFO - Started process (PID=2570) to work on /opt/airflow/dags/utils/helpers.py
[2025-11-18T00:59:37.619+0000] {processor.py:829} INFO - Processing file /opt/airflow/dags/utils/helpers.py for tasks to queue
[2025-11-18T00:59:37.620+0000] {logging_mixin.py:154} INFO - [2025-11-18T00:59:37.619+0000] {dagbag.py:536} INFO - Filling up the DagBag from /opt/airflow/dags/utils/helpers.py
[2025-11-18T00:59:37.621+0000] {processor.py:841} WARNING - No viable dags retrieved from /opt/airflow/dags/utils/helpers.py
[2025-11-18T00:59:37.632+0000] {processor.py:179} INFO - Processing /opt/airflow/dags/utils/helpers.py took 0.017 seconds
[2025-11-18T01:00:07.748+0000] {processor.py:157} INFO - Started process (PID=2632) to work on /opt/airflow/dags/utils/helpers.py
[2025-11-18T01:00:07.764+0000] {processor.py:829} INFO - Processing file /opt/airflow/dags/utils/helpers.py for tasks to queue
[2025-11-18T01:00:07.765+0000] {logging_mixin.py:154} INFO - [2025-11-18T01:00:07.765+0000] {dagbag.py:536} INFO - Filling up the DagBag from /opt/airflow/dags/utils/helpers.py
[2025-11-18T01:00:07.766+0000] {processor.py:841} WARNING - No viable dags retrieved from /opt/airflow/dags/utils/helpers.py
[2025-11-18T01:00:07.777+0000] {processor.py:179} INFO - Processing /opt/airflow/dags/utils/helpers.py took 0.031 seconds
[2025-11-18T01:00:37.952+0000] {processor.py:157} INFO - Started process (PID=2697) to work on /opt/airflow/dags/utils/helpers.py
[2025-11-18T01:00:37.952+0000] {processor.py:829} INFO - Processing file /opt/airflow/dags/utils/helpers.py for tasks to queue
[2025-11-18T01:00:37.952+0000] {logging_mixin.py:154} INFO - [2025-11-18T01:00:37.952+0000] {dagbag.py:536} INFO - Filling up the DagBag from /opt/airflow/dags/utils/helpers.py
[2025-11-18T01:00:37.954+0000] {processor.py:841} WARNING - No viable dags retrieved from /opt/airflow/dags/utils/helpers.py
[2025-11-18T01:00:37.965+0000] {processor.py:179} INFO - Processing /opt/airflow/dags/utils/helpers.py took 0.016 seconds
[2025-11-18T01:01:08.215+0000] {processor.py:157} INFO - Started process (PID=2755) to work on /opt/airflow/dags/utils/helpers.py
[2025-11-18T01:01:08.216+0000] {processor.py:829} INFO - Processing file /opt/airflow/dags/utils/helpers.py for tasks to queue
[2025-11-18T01:01:08.216+0000] {logging_mixin.py:154} INFO - [2025-11-18T01:01:08.216+0000] {dagbag.py:536} INFO - Filling up the DagBag from /opt/airflow/dags/utils/helpers.py
[2025-11-18T01:01:08.218+0000] {processor.py:841} WARNING - No viable dags retrieved from /opt/airflow/dags/utils/helpers.py
[2025-11-18T01:01:08.229+0000] {processor.py:179} INFO - Processing /opt/airflow/dags/utils/helpers.py took 0.017 seconds
[2025-11-18T01:01:38.403+0000] {processor.py:157} INFO - Started process (PID=2820) to work on /opt/airflow/dags/utils/helpers.py
[2025-11-18T01:01:38.403+0000] {processor.py:829} INFO - Processing file /opt/airflow/dags/utils/helpers.py for tasks to queue
[2025-11-18T01:01:38.404+0000] {logging_mixin.py:154} INFO - [2025-11-18T01:01:38.404+0000] {dagbag.py:536} INFO - Filling up the DagBag from /opt/airflow/dags/utils/helpers.py
[2025-11-18T01:01:38.406+0000] {processor.py:841} WARNING - No viable dags retrieved from /opt/airflow/dags/utils/helpers.py
[2025-11-18T01:01:38.417+0000] {processor.py:179} INFO - Processing /opt/airflow/dags/utils/helpers.py took 0.017 seconds
[2025-11-18T01:02:08.562+0000] {processor.py:157} INFO - Started process (PID=2885) to work on /opt/airflow/dags/utils/helpers.py
[2025-11-18T01:02:08.562+0000] {processor.py:829} INFO - Processing file /opt/airflow/dags/utils/helpers.py for tasks to queue
[2025-11-18T01:02:08.563+0000] {logging_mixin.py:154} INFO - [2025-11-18T01:02:08.563+0000] {dagbag.py:536} INFO - Filling up the DagBag from /opt/airflow/dags/utils/helpers.py
[2025-11-18T01:02:08.565+0000] {processor.py:841} WARNING - No viable dags retrieved from /opt/airflow/dags/utils/helpers.py
[2025-11-18T01:02:08.576+0000] {processor.py:179} INFO - Processing /opt/airflow/dags/utils/helpers.py took 0.016 seconds
[2025-11-18T01:02:38.721+0000] {processor.py:157} INFO - Started process (PID=2950) to work on /opt/airflow/dags/utils/helpers.py
[2025-11-18T01:02:38.723+0000] {processor.py:829} INFO - Processing file /opt/airflow/dags/utils/helpers.py for tasks to queue
[2025-11-18T01:02:38.726+0000] {logging_mixin.py:154} INFO - [2025-11-18T01:02:38.725+0000] {dagbag.py:536} INFO - Filling up the DagBag from /opt/airflow/dags/utils/helpers.py
[2025-11-18T01:02:38.731+0000] {processor.py:841} WARNING - No viable dags retrieved from /opt/airflow/dags/utils/helpers.py
[2025-11-18T01:02:38.744+0000] {processor.py:179} INFO - Processing /opt/airflow/dags/utils/helpers.py took 0.026 seconds
[2025-11-18T01:03:08.919+0000] {processor.py:157} INFO - Started process (PID=3015) to work on /opt/airflow/dags/utils/helpers.py
[2025-11-18T01:03:08.920+0000] {processor.py:829} INFO - Processing file /opt/airflow/dags/utils/helpers.py for tasks to queue
[2025-11-18T01:03:08.920+0000] {logging_mixin.py:154} INFO - [2025-11-18T01:03:08.920+0000] {dagbag.py:536} INFO - Filling up the DagBag from /opt/airflow/dags/utils/helpers.py
[2025-11-18T01:03:08.922+0000] {processor.py:841} WARNING - No viable dags retrieved from /opt/airflow/dags/utils/helpers.py
[2025-11-18T01:03:08.932+0000] {processor.py:179} INFO - Processing /opt/airflow/dags/utils/helpers.py took 0.015 seconds
[2025-11-18T01:03:39.149+0000] {processor.py:157} INFO - Started process (PID=3073) to work on /opt/airflow/dags/utils/helpers.py
[2025-11-18T01:03:39.149+0000] {processor.py:829} INFO - Processing file /opt/airflow/dags/utils/helpers.py for tasks to queue
[2025-11-18T01:03:39.150+0000] {logging_mixin.py:154} INFO - [2025-11-18T01:03:39.150+0000] {dagbag.py:536} INFO - Filling up the DagBag from /opt/airflow/dags/utils/helpers.py
[2025-11-18T01:03:39.151+0000] {processor.py:841} WARNING - No viable dags retrieved from /opt/airflow/dags/utils/helpers.py
[2025-11-18T01:03:39.162+0000] {processor.py:179} INFO - Processing /opt/airflow/dags/utils/helpers.py took 0.016 seconds
[2025-11-18T01:04:09.297+0000] {processor.py:157} INFO - Started process (PID=3138) to work on /opt/airflow/dags/utils/helpers.py
[2025-11-18T01:04:09.297+0000] {processor.py:829} INFO - Processing file /opt/airflow/dags/utils/helpers.py for tasks to queue
[2025-11-18T01:04:09.298+0000] {logging_mixin.py:154} INFO - [2025-11-18T01:04:09.297+0000] {dagbag.py:536} INFO - Filling up the DagBag from /opt/airflow/dags/utils/helpers.py
[2025-11-18T01:04:09.299+0000] {processor.py:841} WARNING - No viable dags retrieved from /opt/airflow/dags/utils/helpers.py
[2025-11-18T01:04:09.310+0000] {processor.py:179} INFO - Processing /opt/airflow/dags/utils/helpers.py took 0.017 seconds
[2025-11-18T01:04:39.483+0000] {processor.py:157} INFO - Started process (PID=3203) to work on /opt/airflow/dags/utils/helpers.py
[2025-11-18T01:04:39.484+0000] {processor.py:829} INFO - Processing file /opt/airflow/dags/utils/helpers.py for tasks to queue
[2025-11-18T01:04:39.485+0000] {logging_mixin.py:154} INFO - [2025-11-18T01:04:39.484+0000] {dagbag.py:536} INFO - Filling up the DagBag from /opt/airflow/dags/utils/helpers.py
[2025-11-18T01:04:39.487+0000] {processor.py:841} WARNING - No viable dags retrieved from /opt/airflow/dags/utils/helpers.py
[2025-11-18T01:04:39.497+0000] {processor.py:179} INFO - Processing /opt/airflow/dags/utils/helpers.py took 0.016 seconds
[2025-11-18T01:05:09.670+0000] {processor.py:157} INFO - Started process (PID=3268) to work on /opt/airflow/dags/utils/helpers.py
[2025-11-18T01:05:09.670+0000] {processor.py:829} INFO - Processing file /opt/airflow/dags/utils/helpers.py for tasks to queue
[2025-11-18T01:05:09.670+0000] {logging_mixin.py:154} INFO - [2025-11-18T01:05:09.670+0000] {dagbag.py:536} INFO - Filling up the DagBag from /opt/airflow/dags/utils/helpers.py
[2025-11-18T01:05:09.672+0000] {processor.py:841} WARNING - No viable dags retrieved from /opt/airflow/dags/utils/helpers.py
[2025-11-18T01:05:09.682+0000] {processor.py:179} INFO - Processing /opt/airflow/dags/utils/helpers.py took 0.015 seconds
[2025-11-18T01:05:39.794+0000] {processor.py:157} INFO - Started process (PID=3326) to work on /opt/airflow/dags/utils/helpers.py
[2025-11-18T01:05:39.795+0000] {processor.py:829} INFO - Processing file /opt/airflow/dags/utils/helpers.py for tasks to queue
[2025-11-18T01:05:39.795+0000] {logging_mixin.py:154} INFO - [2025-11-18T01:05:39.795+0000] {dagbag.py:536} INFO - Filling up the DagBag from /opt/airflow/dags/utils/helpers.py
[2025-11-18T01:05:39.797+0000] {processor.py:841} WARNING - No viable dags retrieved from /opt/airflow/dags/utils/helpers.py
[2025-11-18T01:05:39.809+0000] {processor.py:179} INFO - Processing /opt/airflow/dags/utils/helpers.py took 0.019 seconds
[2025-11-18T01:06:09.970+0000] {processor.py:157} INFO - Started process (PID=3391) to work on /opt/airflow/dags/utils/helpers.py
[2025-11-18T01:06:09.970+0000] {processor.py:829} INFO - Processing file /opt/airflow/dags/utils/helpers.py for tasks to queue
[2025-11-18T01:06:09.971+0000] {logging_mixin.py:154} INFO - [2025-11-18T01:06:09.971+0000] {dagbag.py:536} INFO - Filling up the DagBag from /opt/airflow/dags/utils/helpers.py
[2025-11-18T01:06:09.973+0000] {processor.py:841} WARNING - No viable dags retrieved from /opt/airflow/dags/utils/helpers.py
[2025-11-18T01:06:09.983+0000] {processor.py:179} INFO - Processing /opt/airflow/dags/utils/helpers.py took 0.016 seconds
[2025-11-18T01:06:40.140+0000] {processor.py:157} INFO - Started process (PID=3457) to work on /opt/airflow/dags/utils/helpers.py
[2025-11-18T01:06:40.141+0000] {processor.py:829} INFO - Processing file /opt/airflow/dags/utils/helpers.py for tasks to queue
[2025-11-18T01:06:40.141+0000] {logging_mixin.py:154} INFO - [2025-11-18T01:06:40.141+0000] {dagbag.py:536} INFO - Filling up the DagBag from /opt/airflow/dags/utils/helpers.py
[2025-11-18T01:06:40.143+0000] {processor.py:841} WARNING - No viable dags retrieved from /opt/airflow/dags/utils/helpers.py
[2025-11-18T01:06:40.160+0000] {processor.py:179} INFO - Processing /opt/airflow/dags/utils/helpers.py took 0.024 seconds
[2025-11-18T01:07:10.617+0000] {processor.py:157} INFO - Started process (PID=3522) to work on /opt/airflow/dags/utils/helpers.py
[2025-11-18T01:07:10.617+0000] {processor.py:829} INFO - Processing file /opt/airflow/dags/utils/helpers.py for tasks to queue
[2025-11-18T01:07:10.618+0000] {logging_mixin.py:154} INFO - [2025-11-18T01:07:10.617+0000] {dagbag.py:536} INFO - Filling up the DagBag from /opt/airflow/dags/utils/helpers.py
[2025-11-18T01:07:10.619+0000] {processor.py:841} WARNING - No viable dags retrieved from /opt/airflow/dags/utils/helpers.py
[2025-11-18T01:07:10.630+0000] {processor.py:179} INFO - Processing /opt/airflow/dags/utils/helpers.py took 0.016 seconds
[2025-11-18T01:07:40.737+0000] {processor.py:157} INFO - Started process (PID=3586) to work on /opt/airflow/dags/utils/helpers.py
[2025-11-18T01:07:40.739+0000] {processor.py:829} INFO - Processing file /opt/airflow/dags/utils/helpers.py for tasks to queue
[2025-11-18T01:07:40.739+0000] {logging_mixin.py:154} INFO - [2025-11-18T01:07:40.739+0000] {dagbag.py:536} INFO - Filling up the DagBag from /opt/airflow/dags/utils/helpers.py
[2025-11-18T01:07:40.741+0000] {processor.py:841} WARNING - No viable dags retrieved from /opt/airflow/dags/utils/helpers.py
[2025-11-18T01:07:40.753+0000] {processor.py:179} INFO - Processing /opt/airflow/dags/utils/helpers.py took 0.018 seconds
[2025-11-18T01:08:10.888+0000] {processor.py:157} INFO - Started process (PID=3643) to work on /opt/airflow/dags/utils/helpers.py
[2025-11-18T01:08:10.888+0000] {processor.py:829} INFO - Processing file /opt/airflow/dags/utils/helpers.py for tasks to queue
[2025-11-18T01:08:10.889+0000] {logging_mixin.py:154} INFO - [2025-11-18T01:08:10.889+0000] {dagbag.py:536} INFO - Filling up the DagBag from /opt/airflow/dags/utils/helpers.py
[2025-11-18T01:08:10.890+0000] {processor.py:841} WARNING - No viable dags retrieved from /opt/airflow/dags/utils/helpers.py
[2025-11-18T01:08:10.901+0000] {processor.py:179} INFO - Processing /opt/airflow/dags/utils/helpers.py took 0.016 seconds
[2025-11-18T01:08:41.405+0000] {processor.py:157} INFO - Started process (PID=3696) to work on /opt/airflow/dags/utils/helpers.py
[2025-11-18T01:08:41.406+0000] {processor.py:829} INFO - Processing file /opt/airflow/dags/utils/helpers.py for tasks to queue
[2025-11-18T01:08:41.406+0000] {logging_mixin.py:154} INFO - [2025-11-18T01:08:41.406+0000] {dagbag.py:536} INFO - Filling up the DagBag from /opt/airflow/dags/utils/helpers.py
[2025-11-18T01:08:41.408+0000] {processor.py:841} WARNING - No viable dags retrieved from /opt/airflow/dags/utils/helpers.py
[2025-11-18T01:08:41.420+0000] {processor.py:179} INFO - Processing /opt/airflow/dags/utils/helpers.py took 0.017 seconds
[2025-11-18T01:09:11.601+0000] {processor.py:157} INFO - Started process (PID=3758) to work on /opt/airflow/dags/utils/helpers.py
[2025-11-18T01:09:11.602+0000] {processor.py:829} INFO - Processing file /opt/airflow/dags/utils/helpers.py for tasks to queue
[2025-11-18T01:09:11.602+0000] {logging_mixin.py:154} INFO - [2025-11-18T01:09:11.602+0000] {dagbag.py:536} INFO - Filling up the DagBag from /opt/airflow/dags/utils/helpers.py
[2025-11-18T01:09:11.604+0000] {processor.py:841} WARNING - No viable dags retrieved from /opt/airflow/dags/utils/helpers.py
[2025-11-18T01:09:11.615+0000] {processor.py:179} INFO - Processing /opt/airflow/dags/utils/helpers.py took 0.016 seconds
[2025-11-18T01:09:42.418+0000] {processor.py:157} INFO - Started process (PID=3823) to work on /opt/airflow/dags/utils/helpers.py
[2025-11-18T01:09:42.419+0000] {processor.py:829} INFO - Processing file /opt/airflow/dags/utils/helpers.py for tasks to queue
[2025-11-18T01:09:42.419+0000] {logging_mixin.py:154} INFO - [2025-11-18T01:09:42.419+0000] {dagbag.py:536} INFO - Filling up the DagBag from /opt/airflow/dags/utils/helpers.py
[2025-11-18T01:09:42.422+0000] {processor.py:841} WARNING - No viable dags retrieved from /opt/airflow/dags/utils/helpers.py
[2025-11-18T01:09:42.434+0000] {processor.py:179} INFO - Processing /opt/airflow/dags/utils/helpers.py took 0.019 seconds
[2025-11-18T01:10:12.999+0000] {processor.py:157} INFO - Started process (PID=3881) to work on /opt/airflow/dags/utils/helpers.py
[2025-11-18T01:10:13.000+0000] {processor.py:829} INFO - Processing file /opt/airflow/dags/utils/helpers.py for tasks to queue
[2025-11-18T01:10:13.001+0000] {logging_mixin.py:154} INFO - [2025-11-18T01:10:13.001+0000] {dagbag.py:536} INFO - Filling up the DagBag from /opt/airflow/dags/utils/helpers.py
[2025-11-18T01:10:13.003+0000] {processor.py:841} WARNING - No viable dags retrieved from /opt/airflow/dags/utils/helpers.py
[2025-11-18T01:10:13.013+0000] {processor.py:179} INFO - Processing /opt/airflow/dags/utils/helpers.py took 0.017 seconds
[2025-11-18T01:10:43.152+0000] {processor.py:157} INFO - Started process (PID=3946) to work on /opt/airflow/dags/utils/helpers.py
[2025-11-18T01:10:43.152+0000] {processor.py:829} INFO - Processing file /opt/airflow/dags/utils/helpers.py for tasks to queue
[2025-11-18T01:10:43.153+0000] {logging_mixin.py:154} INFO - [2025-11-18T01:10:43.153+0000] {dagbag.py:536} INFO - Filling up the DagBag from /opt/airflow/dags/utils/helpers.py
[2025-11-18T01:10:43.156+0000] {processor.py:841} WARNING - No viable dags retrieved from /opt/airflow/dags/utils/helpers.py
[2025-11-18T01:10:43.170+0000] {processor.py:179} INFO - Processing /opt/airflow/dags/utils/helpers.py took 0.021 seconds
[2025-11-18T01:11:13.303+0000] {processor.py:157} INFO - Started process (PID=4012) to work on /opt/airflow/dags/utils/helpers.py
[2025-11-18T01:11:13.304+0000] {processor.py:829} INFO - Processing file /opt/airflow/dags/utils/helpers.py for tasks to queue
[2025-11-18T01:11:13.305+0000] {logging_mixin.py:154} INFO - [2025-11-18T01:11:13.304+0000] {dagbag.py:536} INFO - Filling up the DagBag from /opt/airflow/dags/utils/helpers.py
[2025-11-18T01:11:13.307+0000] {processor.py:841} WARNING - No viable dags retrieved from /opt/airflow/dags/utils/helpers.py
[2025-11-18T01:11:13.319+0000] {processor.py:179} INFO - Processing /opt/airflow/dags/utils/helpers.py took 0.019 seconds
[2025-11-18T01:11:43.510+0000] {processor.py:157} INFO - Started process (PID=4077) to work on /opt/airflow/dags/utils/helpers.py
[2025-11-18T01:11:43.510+0000] {processor.py:829} INFO - Processing file /opt/airflow/dags/utils/helpers.py for tasks to queue
[2025-11-18T01:11:43.511+0000] {logging_mixin.py:154} INFO - [2025-11-18T01:11:43.511+0000] {dagbag.py:536} INFO - Filling up the DagBag from /opt/airflow/dags/utils/helpers.py
[2025-11-18T01:11:43.513+0000] {processor.py:841} WARNING - No viable dags retrieved from /opt/airflow/dags/utils/helpers.py
[2025-11-18T01:11:43.525+0000] {processor.py:179} INFO - Processing /opt/airflow/dags/utils/helpers.py took 0.018 seconds
[2025-11-18T01:12:14.277+0000] {processor.py:157} INFO - Started process (PID=4135) to work on /opt/airflow/dags/utils/helpers.py
[2025-11-18T01:12:14.278+0000] {processor.py:829} INFO - Processing file /opt/airflow/dags/utils/helpers.py for tasks to queue
[2025-11-18T01:12:14.279+0000] {logging_mixin.py:154} INFO - [2025-11-18T01:12:14.279+0000] {dagbag.py:536} INFO - Filling up the DagBag from /opt/airflow/dags/utils/helpers.py
[2025-11-18T01:12:14.281+0000] {processor.py:841} WARNING - No viable dags retrieved from /opt/airflow/dags/utils/helpers.py
[2025-11-18T01:12:14.293+0000] {processor.py:179} INFO - Processing /opt/airflow/dags/utils/helpers.py took 0.020 seconds
[2025-11-18T01:12:44.921+0000] {processor.py:157} INFO - Started process (PID=4200) to work on /opt/airflow/dags/utils/helpers.py
[2025-11-18T01:12:44.921+0000] {processor.py:829} INFO - Processing file /opt/airflow/dags/utils/helpers.py for tasks to queue
[2025-11-18T01:12:44.922+0000] {logging_mixin.py:154} INFO - [2025-11-18T01:12:44.921+0000] {dagbag.py:536} INFO - Filling up the DagBag from /opt/airflow/dags/utils/helpers.py
[2025-11-18T01:12:44.923+0000] {processor.py:841} WARNING - No viable dags retrieved from /opt/airflow/dags/utils/helpers.py
[2025-11-18T01:12:44.935+0000] {processor.py:179} INFO - Processing /opt/airflow/dags/utils/helpers.py took 0.017 seconds
[2025-11-18T01:13:15.251+0000] {processor.py:157} INFO - Started process (PID=4265) to work on /opt/airflow/dags/utils/helpers.py
[2025-11-18T01:13:15.251+0000] {processor.py:829} INFO - Processing file /opt/airflow/dags/utils/helpers.py for tasks to queue
[2025-11-18T01:13:15.252+0000] {logging_mixin.py:154} INFO - [2025-11-18T01:13:15.252+0000] {dagbag.py:536} INFO - Filling up the DagBag from /opt/airflow/dags/utils/helpers.py
[2025-11-18T01:13:15.254+0000] {processor.py:841} WARNING - No viable dags retrieved from /opt/airflow/dags/utils/helpers.py
[2025-11-18T01:13:15.265+0000] {processor.py:179} INFO - Processing /opt/airflow/dags/utils/helpers.py took 0.017 seconds
[2025-11-18T01:13:45.304+0000] {processor.py:157} INFO - Started process (PID=4330) to work on /opt/airflow/dags/utils/helpers.py
[2025-11-18T01:13:45.304+0000] {processor.py:829} INFO - Processing file /opt/airflow/dags/utils/helpers.py for tasks to queue
[2025-11-18T01:13:45.305+0000] {logging_mixin.py:154} INFO - [2025-11-18T01:13:45.305+0000] {dagbag.py:536} INFO - Filling up the DagBag from /opt/airflow/dags/utils/helpers.py
[2025-11-18T01:13:45.307+0000] {processor.py:841} WARNING - No viable dags retrieved from /opt/airflow/dags/utils/helpers.py
[2025-11-18T01:13:45.321+0000] {processor.py:179} INFO - Processing /opt/airflow/dags/utils/helpers.py took 0.020 seconds
[2025-11-18T01:14:15.836+0000] {processor.py:157} INFO - Started process (PID=4395) to work on /opt/airflow/dags/utils/helpers.py
[2025-11-18T01:14:15.838+0000] {processor.py:829} INFO - Processing file /opt/airflow/dags/utils/helpers.py for tasks to queue
[2025-11-18T01:14:15.839+0000] {logging_mixin.py:154} INFO - [2025-11-18T01:14:15.838+0000] {dagbag.py:536} INFO - Filling up the DagBag from /opt/airflow/dags/utils/helpers.py
[2025-11-18T01:14:15.841+0000] {processor.py:841} WARNING - No viable dags retrieved from /opt/airflow/dags/utils/helpers.py
[2025-11-18T01:14:15.852+0000] {processor.py:179} INFO - Processing /opt/airflow/dags/utils/helpers.py took 0.018 seconds
[2025-11-18T01:14:46.421+0000] {processor.py:157} INFO - Started process (PID=4453) to work on /opt/airflow/dags/utils/helpers.py
[2025-11-18T01:14:46.422+0000] {processor.py:829} INFO - Processing file /opt/airflow/dags/utils/helpers.py for tasks to queue
[2025-11-18T01:14:46.422+0000] {logging_mixin.py:154} INFO - [2025-11-18T01:14:46.422+0000] {dagbag.py:536} INFO - Filling up the DagBag from /opt/airflow/dags/utils/helpers.py
[2025-11-18T01:14:46.424+0000] {processor.py:841} WARNING - No viable dags retrieved from /opt/airflow/dags/utils/helpers.py
[2025-11-18T01:14:46.434+0000] {processor.py:179} INFO - Processing /opt/airflow/dags/utils/helpers.py took 0.016 seconds
[2025-11-18T01:15:17.243+0000] {processor.py:157} INFO - Started process (PID=4518) to work on /opt/airflow/dags/utils/helpers.py
[2025-11-18T01:15:17.244+0000] {processor.py:829} INFO - Processing file /opt/airflow/dags/utils/helpers.py for tasks to queue
[2025-11-18T01:15:17.245+0000] {logging_mixin.py:154} INFO - [2025-11-18T01:15:17.244+0000] {dagbag.py:536} INFO - Filling up the DagBag from /opt/airflow/dags/utils/helpers.py
[2025-11-18T01:15:17.246+0000] {processor.py:841} WARNING - No viable dags retrieved from /opt/airflow/dags/utils/helpers.py
[2025-11-18T01:15:17.257+0000] {processor.py:179} INFO - Processing /opt/airflow/dags/utils/helpers.py took 0.017 seconds
[2025-11-18T01:15:47.423+0000] {processor.py:157} INFO - Started process (PID=4583) to work on /opt/airflow/dags/utils/helpers.py
[2025-11-18T01:15:47.423+0000] {processor.py:829} INFO - Processing file /opt/airflow/dags/utils/helpers.py for tasks to queue
[2025-11-18T01:15:47.424+0000] {logging_mixin.py:154} INFO - [2025-11-18T01:15:47.423+0000] {dagbag.py:536} INFO - Filling up the DagBag from /opt/airflow/dags/utils/helpers.py
[2025-11-18T01:15:47.425+0000] {processor.py:841} WARNING - No viable dags retrieved from /opt/airflow/dags/utils/helpers.py
[2025-11-18T01:15:47.439+0000] {processor.py:179} INFO - Processing /opt/airflow/dags/utils/helpers.py took 0.020 seconds
[2025-11-18T01:16:17.592+0000] {processor.py:157} INFO - Started process (PID=4649) to work on /opt/airflow/dags/utils/helpers.py
[2025-11-18T01:16:17.593+0000] {processor.py:829} INFO - Processing file /opt/airflow/dags/utils/helpers.py for tasks to queue
[2025-11-18T01:16:17.593+0000] {logging_mixin.py:154} INFO - [2025-11-18T01:16:17.593+0000] {dagbag.py:536} INFO - Filling up the DagBag from /opt/airflow/dags/utils/helpers.py
[2025-11-18T01:16:17.595+0000] {processor.py:841} WARNING - No viable dags retrieved from /opt/airflow/dags/utils/helpers.py
[2025-11-18T01:16:17.606+0000] {processor.py:179} INFO - Processing /opt/airflow/dags/utils/helpers.py took 0.018 seconds
[2025-11-18T01:16:47.640+0000] {processor.py:157} INFO - Started process (PID=4707) to work on /opt/airflow/dags/utils/helpers.py
[2025-11-18T01:16:47.640+0000] {processor.py:829} INFO - Processing file /opt/airflow/dags/utils/helpers.py for tasks to queue
[2025-11-18T01:16:47.641+0000] {logging_mixin.py:154} INFO - [2025-11-18T01:16:47.641+0000] {dagbag.py:536} INFO - Filling up the DagBag from /opt/airflow/dags/utils/helpers.py
[2025-11-18T01:16:47.643+0000] {processor.py:841} WARNING - No viable dags retrieved from /opt/airflow/dags/utils/helpers.py
[2025-11-18T01:16:47.654+0000] {processor.py:179} INFO - Processing /opt/airflow/dags/utils/helpers.py took 0.016 seconds
[2025-11-18T01:17:18.449+0000] {processor.py:157} INFO - Started process (PID=4772) to work on /opt/airflow/dags/utils/helpers.py
[2025-11-18T01:17:18.450+0000] {processor.py:829} INFO - Processing file /opt/airflow/dags/utils/helpers.py for tasks to queue
[2025-11-18T01:17:18.451+0000] {logging_mixin.py:154} INFO - [2025-11-18T01:17:18.450+0000] {dagbag.py:536} INFO - Filling up the DagBag from /opt/airflow/dags/utils/helpers.py
[2025-11-18T01:17:18.452+0000] {processor.py:841} WARNING - No viable dags retrieved from /opt/airflow/dags/utils/helpers.py
[2025-11-18T01:17:18.465+0000] {processor.py:179} INFO - Processing /opt/airflow/dags/utils/helpers.py took 0.018 seconds
[2025-11-18T01:17:48.544+0000] {processor.py:157} INFO - Started process (PID=4837) to work on /opt/airflow/dags/utils/helpers.py
[2025-11-18T01:17:48.544+0000] {processor.py:829} INFO - Processing file /opt/airflow/dags/utils/helpers.py for tasks to queue
[2025-11-18T01:17:48.545+0000] {logging_mixin.py:154} INFO - [2025-11-18T01:17:48.545+0000] {dagbag.py:536} INFO - Filling up the DagBag from /opt/airflow/dags/utils/helpers.py
[2025-11-18T01:17:48.547+0000] {processor.py:841} WARNING - No viable dags retrieved from /opt/airflow/dags/utils/helpers.py
[2025-11-18T01:17:48.560+0000] {processor.py:179} INFO - Processing /opt/airflow/dags/utils/helpers.py took 0.020 seconds
[2025-11-18T01:18:19.136+0000] {processor.py:157} INFO - Started process (PID=4893) to work on /opt/airflow/dags/utils/helpers.py
[2025-11-18T01:18:19.137+0000] {processor.py:829} INFO - Processing file /opt/airflow/dags/utils/helpers.py for tasks to queue
[2025-11-18T01:18:19.138+0000] {logging_mixin.py:154} INFO - [2025-11-18T01:18:19.137+0000] {dagbag.py:536} INFO - Filling up the DagBag from /opt/airflow/dags/utils/helpers.py
[2025-11-18T01:18:19.142+0000] {processor.py:841} WARNING - No viable dags retrieved from /opt/airflow/dags/utils/helpers.py
[2025-11-18T01:18:19.161+0000] {processor.py:179} INFO - Processing /opt/airflow/dags/utils/helpers.py took 0.029 seconds
[2025-11-18T01:18:49.523+0000] {processor.py:157} INFO - Started process (PID=4944) to work on /opt/airflow/dags/utils/helpers.py
[2025-11-18T01:18:49.523+0000] {processor.py:829} INFO - Processing file /opt/airflow/dags/utils/helpers.py for tasks to queue
[2025-11-18T01:18:49.524+0000] {logging_mixin.py:154} INFO - [2025-11-18T01:18:49.524+0000] {dagbag.py:536} INFO - Filling up the DagBag from /opt/airflow/dags/utils/helpers.py
[2025-11-18T01:18:49.527+0000] {processor.py:841} WARNING - No viable dags retrieved from /opt/airflow/dags/utils/helpers.py
[2025-11-18T01:18:49.552+0000] {processor.py:179} INFO - Processing /opt/airflow/dags/utils/helpers.py took 0.037 seconds
[2025-11-18T01:19:19.749+0000] {processor.py:157} INFO - Started process (PID=5009) to work on /opt/airflow/dags/utils/helpers.py
[2025-11-18T01:19:19.749+0000] {processor.py:829} INFO - Processing file /opt/airflow/dags/utils/helpers.py for tasks to queue
[2025-11-18T01:19:19.750+0000] {logging_mixin.py:154} INFO - [2025-11-18T01:19:19.750+0000] {dagbag.py:536} INFO - Filling up the DagBag from /opt/airflow/dags/utils/helpers.py
[2025-11-18T01:19:19.752+0000] {processor.py:841} WARNING - No viable dags retrieved from /opt/airflow/dags/utils/helpers.py
[2025-11-18T01:19:19.766+0000] {processor.py:179} INFO - Processing /opt/airflow/dags/utils/helpers.py took 0.021 seconds
[2025-11-18T01:19:50.079+0000] {processor.py:157} INFO - Started process (PID=5066) to work on /opt/airflow/dags/utils/helpers.py
[2025-11-18T01:19:50.080+0000] {processor.py:829} INFO - Processing file /opt/airflow/dags/utils/helpers.py for tasks to queue
[2025-11-18T01:19:50.080+0000] {logging_mixin.py:154} INFO - [2025-11-18T01:19:50.080+0000] {dagbag.py:536} INFO - Filling up the DagBag from /opt/airflow/dags/utils/helpers.py
[2025-11-18T01:19:50.083+0000] {processor.py:841} WARNING - No viable dags retrieved from /opt/airflow/dags/utils/helpers.py
[2025-11-18T01:19:50.094+0000] {processor.py:179} INFO - Processing /opt/airflow/dags/utils/helpers.py took 0.017 seconds
[2025-11-18T01:20:20.611+0000] {processor.py:157} INFO - Started process (PID=5132) to work on /opt/airflow/dags/utils/helpers.py
[2025-11-18T01:20:20.611+0000] {processor.py:829} INFO - Processing file /opt/airflow/dags/utils/helpers.py for tasks to queue
[2025-11-18T01:20:20.612+0000] {logging_mixin.py:154} INFO - [2025-11-18T01:20:20.612+0000] {dagbag.py:536} INFO - Filling up the DagBag from /opt/airflow/dags/utils/helpers.py
[2025-11-18T01:20:20.613+0000] {processor.py:841} WARNING - No viable dags retrieved from /opt/airflow/dags/utils/helpers.py
[2025-11-18T01:20:20.625+0000] {processor.py:179} INFO - Processing /opt/airflow/dags/utils/helpers.py took 0.018 seconds
[2025-11-18T01:20:50.841+0000] {processor.py:157} INFO - Started process (PID=5197) to work on /opt/airflow/dags/utils/helpers.py
[2025-11-18T01:20:50.842+0000] {processor.py:829} INFO - Processing file /opt/airflow/dags/utils/helpers.py for tasks to queue
[2025-11-18T01:20:50.842+0000] {logging_mixin.py:154} INFO - [2025-11-18T01:20:50.842+0000] {dagbag.py:536} INFO - Filling up the DagBag from /opt/airflow/dags/utils/helpers.py
[2025-11-18T01:20:50.845+0000] {processor.py:841} WARNING - No viable dags retrieved from /opt/airflow/dags/utils/helpers.py
[2025-11-18T01:20:50.861+0000] {processor.py:179} INFO - Processing /opt/airflow/dags/utils/helpers.py took 0.024 seconds
[2025-11-18T01:21:21.014+0000] {processor.py:157} INFO - Started process (PID=5255) to work on /opt/airflow/dags/utils/helpers.py
[2025-11-18T01:21:21.014+0000] {processor.py:829} INFO - Processing file /opt/airflow/dags/utils/helpers.py for tasks to queue
[2025-11-18T01:21:21.015+0000] {logging_mixin.py:154} INFO - [2025-11-18T01:21:21.015+0000] {dagbag.py:536} INFO - Filling up the DagBag from /opt/airflow/dags/utils/helpers.py
[2025-11-18T01:21:21.017+0000] {processor.py:841} WARNING - No viable dags retrieved from /opt/airflow/dags/utils/helpers.py
[2025-11-18T01:21:21.031+0000] {processor.py:179} INFO - Processing /opt/airflow/dags/utils/helpers.py took 0.021 seconds
[2025-11-18T01:21:51.822+0000] {processor.py:157} INFO - Started process (PID=5320) to work on /opt/airflow/dags/utils/helpers.py
[2025-11-18T01:21:51.823+0000] {processor.py:829} INFO - Processing file /opt/airflow/dags/utils/helpers.py for tasks to queue
[2025-11-18T01:21:51.824+0000] {logging_mixin.py:154} INFO - [2025-11-18T01:21:51.823+0000] {dagbag.py:536} INFO - Filling up the DagBag from /opt/airflow/dags/utils/helpers.py
[2025-11-18T01:21:51.827+0000] {processor.py:841} WARNING - No viable dags retrieved from /opt/airflow/dags/utils/helpers.py
[2025-11-18T01:21:51.852+0000] {processor.py:179} INFO - Processing /opt/airflow/dags/utils/helpers.py took 0.036 seconds
[2025-11-18T01:22:22.181+0000] {processor.py:157} INFO - Started process (PID=5385) to work on /opt/airflow/dags/utils/helpers.py
[2025-11-18T01:22:22.181+0000] {processor.py:829} INFO - Processing file /opt/airflow/dags/utils/helpers.py for tasks to queue
[2025-11-18T01:22:22.182+0000] {logging_mixin.py:154} INFO - [2025-11-18T01:22:22.182+0000] {dagbag.py:536} INFO - Filling up the DagBag from /opt/airflow/dags/utils/helpers.py
[2025-11-18T01:22:22.185+0000] {processor.py:841} WARNING - No viable dags retrieved from /opt/airflow/dags/utils/helpers.py
[2025-11-18T01:22:22.200+0000] {processor.py:179} INFO - Processing /opt/airflow/dags/utils/helpers.py took 0.024 seconds
[2025-11-18T01:22:52.787+0000] {processor.py:157} INFO - Started process (PID=5443) to work on /opt/airflow/dags/utils/helpers.py
[2025-11-18T01:22:52.788+0000] {processor.py:829} INFO - Processing file /opt/airflow/dags/utils/helpers.py for tasks to queue
[2025-11-18T01:22:52.789+0000] {logging_mixin.py:154} INFO - [2025-11-18T01:22:52.788+0000] {dagbag.py:536} INFO - Filling up the DagBag from /opt/airflow/dags/utils/helpers.py
[2025-11-18T01:22:52.790+0000] {processor.py:841} WARNING - No viable dags retrieved from /opt/airflow/dags/utils/helpers.py
[2025-11-18T01:22:52.802+0000] {processor.py:179} INFO - Processing /opt/airflow/dags/utils/helpers.py took 0.018 seconds
[2025-11-18T01:23:23.001+0000] {processor.py:157} INFO - Started process (PID=5508) to work on /opt/airflow/dags/utils/helpers.py
[2025-11-18T01:23:23.002+0000] {processor.py:829} INFO - Processing file /opt/airflow/dags/utils/helpers.py for tasks to queue
[2025-11-18T01:23:23.002+0000] {logging_mixin.py:154} INFO - [2025-11-18T01:23:23.002+0000] {dagbag.py:536} INFO - Filling up the DagBag from /opt/airflow/dags/utils/helpers.py
[2025-11-18T01:23:23.004+0000] {processor.py:841} WARNING - No viable dags retrieved from /opt/airflow/dags/utils/helpers.py
[2025-11-18T01:23:22.414+0000] {processor.py:179} INFO - Processing /opt/airflow/dags/utils/helpers.py took 0.019 seconds
[2025-11-18T01:23:52.902+0000] {processor.py:157} INFO - Started process (PID=5573) to work on /opt/airflow/dags/utils/helpers.py
[2025-11-18T01:23:52.902+0000] {processor.py:829} INFO - Processing file /opt/airflow/dags/utils/helpers.py for tasks to queue
[2025-11-18T01:23:52.903+0000] {logging_mixin.py:154} INFO - [2025-11-18T01:23:52.903+0000] {dagbag.py:536} INFO - Filling up the DagBag from /opt/airflow/dags/utils/helpers.py
[2025-11-18T01:23:52.905+0000] {processor.py:841} WARNING - No viable dags retrieved from /opt/airflow/dags/utils/helpers.py
[2025-11-18T01:23:52.916+0000] {processor.py:179} INFO - Processing /opt/airflow/dags/utils/helpers.py took 0.017 seconds
[2025-11-18T01:24:23.160+0000] {processor.py:157} INFO - Started process (PID=5638) to work on /opt/airflow/dags/utils/helpers.py
[2025-11-18T01:24:23.161+0000] {processor.py:829} INFO - Processing file /opt/airflow/dags/utils/helpers.py for tasks to queue
[2025-11-18T01:24:23.161+0000] {logging_mixin.py:154} INFO - [2025-11-18T01:24:23.161+0000] {dagbag.py:536} INFO - Filling up the DagBag from /opt/airflow/dags/utils/helpers.py
[2025-11-18T01:24:23.163+0000] {processor.py:841} WARNING - No viable dags retrieved from /opt/airflow/dags/utils/helpers.py
[2025-11-18T01:24:23.188+0000] {processor.py:179} INFO - Processing /opt/airflow/dags/utils/helpers.py took 0.031 seconds
[2025-11-18T01:24:53.279+0000] {processor.py:157} INFO - Started process (PID=5696) to work on /opt/airflow/dags/utils/helpers.py
[2025-11-18T01:24:53.279+0000] {processor.py:829} INFO - Processing file /opt/airflow/dags/utils/helpers.py for tasks to queue
[2025-11-18T01:24:53.280+0000] {logging_mixin.py:154} INFO - [2025-11-18T01:24:53.279+0000] {dagbag.py:536} INFO - Filling up the DagBag from /opt/airflow/dags/utils/helpers.py
[2025-11-18T01:24:53.281+0000] {processor.py:841} WARNING - No viable dags retrieved from /opt/airflow/dags/utils/helpers.py
[2025-11-18T01:24:53.293+0000] {processor.py:179} INFO - Processing /opt/airflow/dags/utils/helpers.py took 0.017 seconds
[2025-11-18T01:25:24.160+0000] {processor.py:157} INFO - Started process (PID=5761) to work on /opt/airflow/dags/utils/helpers.py
[2025-11-18T01:25:24.161+0000] {processor.py:829} INFO - Processing file /opt/airflow/dags/utils/helpers.py for tasks to queue
[2025-11-18T01:25:24.162+0000] {logging_mixin.py:154} INFO - [2025-11-18T01:25:24.161+0000] {dagbag.py:536} INFO - Filling up the DagBag from /opt/airflow/dags/utils/helpers.py
[2025-11-18T01:25:24.164+0000] {processor.py:841} WARNING - No viable dags retrieved from /opt/airflow/dags/utils/helpers.py
[2025-11-18T01:25:24.176+0000] {processor.py:179} INFO - Processing /opt/airflow/dags/utils/helpers.py took 0.019 seconds
[2025-11-18T01:25:54.970+0000] {processor.py:157} INFO - Started process (PID=5826) to work on /opt/airflow/dags/utils/helpers.py
[2025-11-18T01:25:54.970+0000] {processor.py:829} INFO - Processing file /opt/airflow/dags/utils/helpers.py for tasks to queue
[2025-11-18T01:25:54.971+0000] {logging_mixin.py:154} INFO - [2025-11-18T01:25:54.971+0000] {dagbag.py:536} INFO - Filling up the DagBag from /opt/airflow/dags/utils/helpers.py
[2025-11-18T01:25:54.972+0000] {processor.py:841} WARNING - No viable dags retrieved from /opt/airflow/dags/utils/helpers.py
[2025-11-18T01:25:54.983+0000] {processor.py:179} INFO - Processing /opt/airflow/dags/utils/helpers.py took 0.016 seconds
[2025-11-18T01:26:25.258+0000] {processor.py:157} INFO - Started process (PID=5891) to work on /opt/airflow/dags/utils/helpers.py
[2025-11-18T01:26:25.258+0000] {processor.py:829} INFO - Processing file /opt/airflow/dags/utils/helpers.py for tasks to queue
[2025-11-18T01:26:25.259+0000] {logging_mixin.py:154} INFO - [2025-11-18T01:26:25.258+0000] {dagbag.py:536} INFO - Filling up the DagBag from /opt/airflow/dags/utils/helpers.py
[2025-11-18T01:26:25.260+0000] {processor.py:841} WARNING - No viable dags retrieved from /opt/airflow/dags/utils/helpers.py
[2025-11-18T01:26:25.271+0000] {processor.py:179} INFO - Processing /opt/airflow/dags/utils/helpers.py took 0.017 seconds
[2025-11-18T01:26:55.815+0000] {processor.py:157} INFO - Started process (PID=5947) to work on /opt/airflow/dags/utils/helpers.py
[2025-11-18T01:26:55.815+0000] {processor.py:829} INFO - Processing file /opt/airflow/dags/utils/helpers.py for tasks to queue
[2025-11-18T01:26:55.816+0000] {logging_mixin.py:154} INFO - [2025-11-18T01:26:55.816+0000] {dagbag.py:536} INFO - Filling up the DagBag from /opt/airflow/dags/utils/helpers.py
[2025-11-18T01:26:55.820+0000] {processor.py:841} WARNING - No viable dags retrieved from /opt/airflow/dags/utils/helpers.py
[2025-11-18T01:26:55.833+0000] {processor.py:179} INFO - Processing /opt/airflow/dags/utils/helpers.py took 0.022 seconds
[2025-11-18T01:27:26.066+0000] {processor.py:157} INFO - Started process (PID=5994) to work on /opt/airflow/dags/utils/helpers.py
[2025-11-18T01:27:26.067+0000] {processor.py:829} INFO - Processing file /opt/airflow/dags/utils/helpers.py for tasks to queue
[2025-11-18T01:27:26.068+0000] {logging_mixin.py:154} INFO - [2025-11-18T01:27:26.067+0000] {dagbag.py:536} INFO - Filling up the DagBag from /opt/airflow/dags/utils/helpers.py
[2025-11-18T01:27:26.069+0000] {processor.py:841} WARNING - No viable dags retrieved from /opt/airflow/dags/utils/helpers.py
[2025-11-18T01:27:26.080+0000] {processor.py:179} INFO - Processing /opt/airflow/dags/utils/helpers.py took 0.016 seconds
[2025-11-18T01:27:56.191+0000] {processor.py:157} INFO - Started process (PID=6053) to work on /opt/airflow/dags/utils/helpers.py
[2025-11-18T01:27:56.192+0000] {processor.py:829} INFO - Processing file /opt/airflow/dags/utils/helpers.py for tasks to queue
[2025-11-18T01:27:56.192+0000] {logging_mixin.py:154} INFO - [2025-11-18T01:27:56.192+0000] {dagbag.py:536} INFO - Filling up the DagBag from /opt/airflow/dags/utils/helpers.py
[2025-11-18T01:27:56.194+0000] {processor.py:841} WARNING - No viable dags retrieved from /opt/airflow/dags/utils/helpers.py
[2025-11-18T01:27:56.204+0000] {processor.py:179} INFO - Processing /opt/airflow/dags/utils/helpers.py took 0.016 seconds
[2025-11-18T01:28:26.602+0000] {processor.py:157} INFO - Started process (PID=6118) to work on /opt/airflow/dags/utils/helpers.py
[2025-11-18T01:28:26.603+0000] {processor.py:829} INFO - Processing file /opt/airflow/dags/utils/helpers.py for tasks to queue
[2025-11-18T01:28:26.603+0000] {logging_mixin.py:154} INFO - [2025-11-18T01:28:26.603+0000] {dagbag.py:536} INFO - Filling up the DagBag from /opt/airflow/dags/utils/helpers.py
[2025-11-18T01:28:26.605+0000] {processor.py:841} WARNING - No viable dags retrieved from /opt/airflow/dags/utils/helpers.py
[2025-11-18T01:28:26.616+0000] {processor.py:179} INFO - Processing /opt/airflow/dags/utils/helpers.py took 0.016 seconds
[2025-11-18T01:28:57.009+0000] {processor.py:157} INFO - Started process (PID=6183) to work on /opt/airflow/dags/utils/helpers.py
[2025-11-18T01:28:57.010+0000] {processor.py:829} INFO - Processing file /opt/airflow/dags/utils/helpers.py for tasks to queue
[2025-11-18T01:28:57.010+0000] {logging_mixin.py:154} INFO - [2025-11-18T01:28:57.010+0000] {dagbag.py:536} INFO - Filling up the DagBag from /opt/airflow/dags/utils/helpers.py
[2025-11-18T01:28:57.012+0000] {processor.py:841} WARNING - No viable dags retrieved from /opt/airflow/dags/utils/helpers.py
[2025-11-18T01:28:57.023+0000] {processor.py:179} INFO - Processing /opt/airflow/dags/utils/helpers.py took 0.016 seconds
[2025-11-18T01:29:27.478+0000] {processor.py:157} INFO - Started process (PID=6241) to work on /opt/airflow/dags/utils/helpers.py
[2025-11-18T01:29:27.479+0000] {processor.py:829} INFO - Processing file /opt/airflow/dags/utils/helpers.py for tasks to queue
[2025-11-18T01:29:27.479+0000] {logging_mixin.py:154} INFO - [2025-11-18T01:29:27.479+0000] {dagbag.py:536} INFO - Filling up the DagBag from /opt/airflow/dags/utils/helpers.py
[2025-11-18T01:29:27.481+0000] {processor.py:841} WARNING - No viable dags retrieved from /opt/airflow/dags/utils/helpers.py
[2025-11-18T01:29:27.493+0000] {processor.py:179} INFO - Processing /opt/airflow/dags/utils/helpers.py took 0.017 seconds
[2025-11-18T01:29:58.004+0000] {processor.py:157} INFO - Started process (PID=6306) to work on /opt/airflow/dags/utils/helpers.py
[2025-11-18T01:29:58.004+0000] {processor.py:829} INFO - Processing file /opt/airflow/dags/utils/helpers.py for tasks to queue
[2025-11-18T01:29:58.005+0000] {logging_mixin.py:154} INFO - [2025-11-18T01:29:58.005+0000] {dagbag.py:536} INFO - Filling up the DagBag from /opt/airflow/dags/utils/helpers.py
[2025-11-18T01:29:58.007+0000] {processor.py:841} WARNING - No viable dags retrieved from /opt/airflow/dags/utils/helpers.py
[2025-11-18T01:29:58.018+0000] {processor.py:179} INFO - Processing /opt/airflow/dags/utils/helpers.py took 0.017 seconds
[2025-11-18T01:30:28.400+0000] {processor.py:157} INFO - Started process (PID=6372) to work on /opt/airflow/dags/utils/helpers.py
[2025-11-18T01:30:28.401+0000] {processor.py:829} INFO - Processing file /opt/airflow/dags/utils/helpers.py for tasks to queue
[2025-11-18T01:30:28.402+0000] {logging_mixin.py:154} INFO - [2025-11-18T01:30:28.401+0000] {dagbag.py:536} INFO - Filling up the DagBag from /opt/airflow/dags/utils/helpers.py
[2025-11-18T01:30:28.404+0000] {processor.py:841} WARNING - No viable dags retrieved from /opt/airflow/dags/utils/helpers.py
[2025-11-18T01:30:28.415+0000] {processor.py:179} INFO - Processing /opt/airflow/dags/utils/helpers.py took 0.017 seconds
[2025-11-18T01:30:58.783+0000] {processor.py:157} INFO - Started process (PID=6437) to work on /opt/airflow/dags/utils/helpers.py
[2025-11-18T01:30:58.783+0000] {processor.py:829} INFO - Processing file /opt/airflow/dags/utils/helpers.py for tasks to queue
[2025-11-18T01:30:58.783+0000] {logging_mixin.py:154} INFO - [2025-11-18T01:30:58.783+0000] {dagbag.py:536} INFO - Filling up the DagBag from /opt/airflow/dags/utils/helpers.py
[2025-11-18T01:30:58.785+0000] {processor.py:841} WARNING - No viable dags retrieved from /opt/airflow/dags/utils/helpers.py
[2025-11-18T01:30:58.796+0000] {processor.py:179} INFO - Processing /opt/airflow/dags/utils/helpers.py took 0.016 seconds
[2025-11-18T01:31:29.147+0000] {processor.py:157} INFO - Started process (PID=6501) to work on /opt/airflow/dags/utils/helpers.py
[2025-11-18T01:31:29.148+0000] {processor.py:829} INFO - Processing file /opt/airflow/dags/utils/helpers.py for tasks to queue
[2025-11-18T01:31:29.148+0000] {logging_mixin.py:154} INFO - [2025-11-18T01:31:29.148+0000] {dagbag.py:536} INFO - Filling up the DagBag from /opt/airflow/dags/utils/helpers.py
[2025-11-18T01:31:29.150+0000] {processor.py:841} WARNING - No viable dags retrieved from /opt/airflow/dags/utils/helpers.py
[2025-11-18T01:31:29.162+0000] {processor.py:179} INFO - Processing /opt/airflow/dags/utils/helpers.py took 0.018 seconds
[2025-11-18T01:31:59.224+0000] {processor.py:157} INFO - Started process (PID=6597) to work on /opt/airflow/dags/utils/helpers.py
[2025-11-18T01:31:59.224+0000] {processor.py:829} INFO - Processing file /opt/airflow/dags/utils/helpers.py for tasks to queue
[2025-11-18T01:31:59.225+0000] {logging_mixin.py:154} INFO - [2025-11-18T01:31:59.225+0000] {dagbag.py:536} INFO - Filling up the DagBag from /opt/airflow/dags/utils/helpers.py
[2025-11-18T01:31:59.227+0000] {processor.py:841} WARNING - No viable dags retrieved from /opt/airflow/dags/utils/helpers.py
[2025-11-18T01:31:59.239+0000] {processor.py:179} INFO - Processing /opt/airflow/dags/utils/helpers.py took 0.018 seconds
[2025-11-18T01:32:30.116+0000] {processor.py:157} INFO - Started process (PID=6851) to work on /opt/airflow/dags/utils/helpers.py
[2025-11-18T01:32:30.121+0000] {processor.py:829} INFO - Processing file /opt/airflow/dags/utils/helpers.py for tasks to queue
[2025-11-18T01:32:30.122+0000] {logging_mixin.py:154} INFO - [2025-11-18T01:32:30.121+0000] {dagbag.py:536} INFO - Filling up the DagBag from /opt/airflow/dags/utils/helpers.py
[2025-11-18T01:32:30.124+0000] {processor.py:841} WARNING - No viable dags retrieved from /opt/airflow/dags/utils/helpers.py
[2025-11-18T01:32:30.141+0000] {processor.py:179} INFO - Processing /opt/airflow/dags/utils/helpers.py took 0.029 seconds
[2025-11-18T01:33:00.526+0000] {processor.py:157} INFO - Started process (PID=7033) to work on /opt/airflow/dags/utils/helpers.py
[2025-11-18T01:33:00.527+0000] {processor.py:829} INFO - Processing file /opt/airflow/dags/utils/helpers.py for tasks to queue
[2025-11-18T01:33:00.527+0000] {logging_mixin.py:154} INFO - [2025-11-18T01:33:00.527+0000] {dagbag.py:536} INFO - Filling up the DagBag from /opt/airflow/dags/utils/helpers.py
[2025-11-18T01:33:00.529+0000] {processor.py:841} WARNING - No viable dags retrieved from /opt/airflow/dags/utils/helpers.py
[2025-11-18T01:33:00.541+0000] {processor.py:179} INFO - Processing /opt/airflow/dags/utils/helpers.py took 0.017 seconds
[2025-11-18T01:33:31.064+0000] {processor.py:157} INFO - Started process (PID=7101) to work on /opt/airflow/dags/utils/helpers.py
[2025-11-18T01:33:31.064+0000] {processor.py:829} INFO - Processing file /opt/airflow/dags/utils/helpers.py for tasks to queue
[2025-11-18T01:33:31.065+0000] {logging_mixin.py:154} INFO - [2025-11-18T01:33:31.065+0000] {dagbag.py:536} INFO - Filling up the DagBag from /opt/airflow/dags/utils/helpers.py
[2025-11-18T01:33:31.067+0000] {processor.py:841} WARNING - No viable dags retrieved from /opt/airflow/dags/utils/helpers.py
[2025-11-18T01:33:31.079+0000] {processor.py:179} INFO - Processing /opt/airflow/dags/utils/helpers.py took 0.019 seconds
[2025-11-18T01:34:01.512+0000] {processor.py:157} INFO - Started process (PID=7165) to work on /opt/airflow/dags/utils/helpers.py
[2025-11-18T01:34:01.513+0000] {processor.py:829} INFO - Processing file /opt/airflow/dags/utils/helpers.py for tasks to queue
[2025-11-18T01:34:01.513+0000] {logging_mixin.py:154} INFO - [2025-11-18T01:34:01.513+0000] {dagbag.py:536} INFO - Filling up the DagBag from /opt/airflow/dags/utils/helpers.py
[2025-11-18T01:34:01.515+0000] {processor.py:841} WARNING - No viable dags retrieved from /opt/airflow/dags/utils/helpers.py
[2025-11-18T01:34:01.526+0000] {processor.py:179} INFO - Processing /opt/airflow/dags/utils/helpers.py took 0.017 seconds
[2025-11-18T01:34:31.969+0000] {processor.py:157} INFO - Started process (PID=7230) to work on /opt/airflow/dags/utils/helpers.py
[2025-11-18T01:34:31.978+0000] {processor.py:829} INFO - Processing file /opt/airflow/dags/utils/helpers.py for tasks to queue
[2025-11-18T01:34:31.978+0000] {logging_mixin.py:154} INFO - [2025-11-18T01:34:31.978+0000] {dagbag.py:536} INFO - Filling up the DagBag from /opt/airflow/dags/utils/helpers.py
[2025-11-18T01:34:31.980+0000] {processor.py:841} WARNING - No viable dags retrieved from /opt/airflow/dags/utils/helpers.py
[2025-11-18T01:34:31.992+0000] {processor.py:179} INFO - Processing /opt/airflow/dags/utils/helpers.py took 0.026 seconds
[2025-11-18T01:35:02.388+0000] {processor.py:157} INFO - Started process (PID=7296) to work on /opt/airflow/dags/utils/helpers.py
[2025-11-18T01:35:02.388+0000] {processor.py:829} INFO - Processing file /opt/airflow/dags/utils/helpers.py for tasks to queue
[2025-11-18T01:35:02.389+0000] {logging_mixin.py:154} INFO - [2025-11-18T01:35:02.389+0000] {dagbag.py:536} INFO - Filling up the DagBag from /opt/airflow/dags/utils/helpers.py
[2025-11-18T01:35:02.391+0000] {processor.py:841} WARNING - No viable dags retrieved from /opt/airflow/dags/utils/helpers.py
[2025-11-18T01:35:02.401+0000] {processor.py:179} INFO - Processing /opt/airflow/dags/utils/helpers.py took 0.016 seconds
[2025-11-18T01:35:32.795+0000] {processor.py:157} INFO - Started process (PID=7361) to work on /opt/airflow/dags/utils/helpers.py
[2025-11-18T01:35:32.795+0000] {processor.py:829} INFO - Processing file /opt/airflow/dags/utils/helpers.py for tasks to queue
[2025-11-18T01:35:32.796+0000] {logging_mixin.py:154} INFO - [2025-11-18T01:35:32.796+0000] {dagbag.py:536} INFO - Filling up the DagBag from /opt/airflow/dags/utils/helpers.py
[2025-11-18T01:35:32.797+0000] {processor.py:841} WARNING - No viable dags retrieved from /opt/airflow/dags/utils/helpers.py
[2025-11-18T01:35:32.808+0000] {processor.py:179} INFO - Processing /opt/airflow/dags/utils/helpers.py took 0.016 seconds
[2025-11-18T01:36:03.234+0000] {processor.py:157} INFO - Started process (PID=7426) to work on /opt/airflow/dags/utils/helpers.py
[2025-11-18T01:36:03.235+0000] {processor.py:829} INFO - Processing file /opt/airflow/dags/utils/helpers.py for tasks to queue
[2025-11-18T01:36:03.235+0000] {logging_mixin.py:154} INFO - [2025-11-18T01:36:03.235+0000] {dagbag.py:536} INFO - Filling up the DagBag from /opt/airflow/dags/utils/helpers.py
[2025-11-18T01:36:03.237+0000] {processor.py:841} WARNING - No viable dags retrieved from /opt/airflow/dags/utils/helpers.py
[2025-11-18T01:36:03.247+0000] {processor.py:179} INFO - Processing /opt/airflow/dags/utils/helpers.py took 0.015 seconds
[2025-11-18T01:36:33.643+0000] {processor.py:157} INFO - Started process (PID=7484) to work on /opt/airflow/dags/utils/helpers.py
[2025-11-18T01:36:33.643+0000] {processor.py:829} INFO - Processing file /opt/airflow/dags/utils/helpers.py for tasks to queue
[2025-11-18T01:36:33.644+0000] {logging_mixin.py:154} INFO - [2025-11-18T01:36:33.644+0000] {dagbag.py:536} INFO - Filling up the DagBag from /opt/airflow/dags/utils/helpers.py
[2025-11-18T01:36:33.646+0000] {processor.py:841} WARNING - No viable dags retrieved from /opt/airflow/dags/utils/helpers.py
[2025-11-18T01:36:33.657+0000] {processor.py:179} INFO - Processing /opt/airflow/dags/utils/helpers.py took 0.017 seconds
[2025-11-18T01:37:04.049+0000] {processor.py:157} INFO - Started process (PID=7548) to work on /opt/airflow/dags/utils/helpers.py
[2025-11-18T01:37:04.050+0000] {processor.py:829} INFO - Processing file /opt/airflow/dags/utils/helpers.py for tasks to queue
[2025-11-18T01:37:04.050+0000] {logging_mixin.py:154} INFO - [2025-11-18T01:37:04.050+0000] {dagbag.py:536} INFO - Filling up the DagBag from /opt/airflow/dags/utils/helpers.py
[2025-11-18T01:37:04.052+0000] {processor.py:841} WARNING - No viable dags retrieved from /opt/airflow/dags/utils/helpers.py
[2025-11-18T01:37:04.063+0000] {processor.py:179} INFO - Processing /opt/airflow/dags/utils/helpers.py took 0.016 seconds
[2025-11-18T01:37:34.437+0000] {processor.py:157} INFO - Started process (PID=7613) to work on /opt/airflow/dags/utils/helpers.py
[2025-11-18T01:37:34.437+0000] {processor.py:829} INFO - Processing file /opt/airflow/dags/utils/helpers.py for tasks to queue
[2025-11-18T01:37:34.438+0000] {logging_mixin.py:154} INFO - [2025-11-18T01:37:34.438+0000] {dagbag.py:536} INFO - Filling up the DagBag from /opt/airflow/dags/utils/helpers.py
[2025-11-18T01:37:34.440+0000] {processor.py:841} WARNING - No viable dags retrieved from /opt/airflow/dags/utils/helpers.py
[2025-11-18T01:37:34.451+0000] {processor.py:179} INFO - Processing /opt/airflow/dags/utils/helpers.py took 0.018 seconds
[2025-11-18T01:38:04.497+0000] {processor.py:157} INFO - Started process (PID=7675) to work on /opt/airflow/dags/utils/helpers.py
[2025-11-18T01:38:04.497+0000] {processor.py:829} INFO - Processing file /opt/airflow/dags/utils/helpers.py for tasks to queue
[2025-11-18T01:38:04.498+0000] {logging_mixin.py:154} INFO - [2025-11-18T01:38:04.498+0000] {dagbag.py:536} INFO - Filling up the DagBag from /opt/airflow/dags/utils/helpers.py
[2025-11-18T01:38:04.500+0000] {processor.py:841} WARNING - No viable dags retrieved from /opt/airflow/dags/utils/helpers.py
[2025-11-18T01:38:04.511+0000] {processor.py:179} INFO - Processing /opt/airflow/dags/utils/helpers.py took 0.017 seconds
[2025-11-18T01:38:34.660+0000] {processor.py:157} INFO - Started process (PID=7731) to work on /opt/airflow/dags/utils/helpers.py
[2025-11-18T01:38:34.661+0000] {processor.py:829} INFO - Processing file /opt/airflow/dags/utils/helpers.py for tasks to queue
[2025-11-18T01:38:34.661+0000] {logging_mixin.py:154} INFO - [2025-11-18T01:38:34.661+0000] {dagbag.py:536} INFO - Filling up the DagBag from /opt/airflow/dags/utils/helpers.py
[2025-11-18T01:38:34.663+0000] {processor.py:841} WARNING - No viable dags retrieved from /opt/airflow/dags/utils/helpers.py
[2025-11-18T01:38:34.673+0000] {processor.py:179} INFO - Processing /opt/airflow/dags/utils/helpers.py took 0.015 seconds
[2025-11-18T01:39:05.207+0000] {processor.py:157} INFO - Started process (PID=7784) to work on /opt/airflow/dags/utils/helpers.py
[2025-11-18T01:39:05.207+0000] {processor.py:829} INFO - Processing file /opt/airflow/dags/utils/helpers.py for tasks to queue
[2025-11-18T01:39:05.208+0000] {logging_mixin.py:154} INFO - [2025-11-18T01:39:05.208+0000] {dagbag.py:536} INFO - Filling up the DagBag from /opt/airflow/dags/utils/helpers.py
[2025-11-18T01:39:05.210+0000] {processor.py:841} WARNING - No viable dags retrieved from /opt/airflow/dags/utils/helpers.py
[2025-11-18T01:39:05.221+0000] {processor.py:179} INFO - Processing /opt/airflow/dags/utils/helpers.py took 0.017 seconds
[2025-11-18T01:39:35.416+0000] {processor.py:157} INFO - Started process (PID=7846) to work on /opt/airflow/dags/utils/helpers.py
[2025-11-18T01:39:35.418+0000] {processor.py:829} INFO - Processing file /opt/airflow/dags/utils/helpers.py for tasks to queue
[2025-11-18T01:39:35.419+0000] {logging_mixin.py:154} INFO - [2025-11-18T01:39:35.418+0000] {dagbag.py:536} INFO - Filling up the DagBag from /opt/airflow/dags/utils/helpers.py
[2025-11-18T01:39:35.421+0000] {processor.py:841} WARNING - No viable dags retrieved from /opt/airflow/dags/utils/helpers.py
[2025-11-18T01:39:35.434+0000] {processor.py:179} INFO - Processing /opt/airflow/dags/utils/helpers.py took 0.020 seconds
[2025-11-18T01:40:05.578+0000] {processor.py:157} INFO - Started process (PID=7911) to work on /opt/airflow/dags/utils/helpers.py
[2025-11-18T01:40:05.578+0000] {processor.py:829} INFO - Processing file /opt/airflow/dags/utils/helpers.py for tasks to queue
[2025-11-18T01:40:05.579+0000] {logging_mixin.py:154} INFO - [2025-11-18T01:40:05.579+0000] {dagbag.py:536} INFO - Filling up the DagBag from /opt/airflow/dags/utils/helpers.py
[2025-11-18T01:40:05.580+0000] {processor.py:841} WARNING - No viable dags retrieved from /opt/airflow/dags/utils/helpers.py
[2025-11-18T01:40:05.592+0000] {processor.py:179} INFO - Processing /opt/airflow/dags/utils/helpers.py took 0.017 seconds
[2025-11-18T01:40:36.074+0000] {processor.py:157} INFO - Started process (PID=7976) to work on /opt/airflow/dags/utils/helpers.py
[2025-11-18T01:40:36.075+0000] {processor.py:829} INFO - Processing file /opt/airflow/dags/utils/helpers.py for tasks to queue
[2025-11-18T01:40:36.075+0000] {logging_mixin.py:154} INFO - [2025-11-18T01:40:36.075+0000] {dagbag.py:536} INFO - Filling up the DagBag from /opt/airflow/dags/utils/helpers.py
[2025-11-18T01:40:36.077+0000] {processor.py:841} WARNING - No viable dags retrieved from /opt/airflow/dags/utils/helpers.py
[2025-11-18T01:40:36.088+0000] {processor.py:179} INFO - Processing /opt/airflow/dags/utils/helpers.py took 0.018 seconds
[2025-11-18T01:41:06.146+0000] {processor.py:157} INFO - Started process (PID=8034) to work on /opt/airflow/dags/utils/helpers.py
[2025-11-18T01:41:06.146+0000] {processor.py:829} INFO - Processing file /opt/airflow/dags/utils/helpers.py for tasks to queue
[2025-11-18T01:41:06.146+0000] {logging_mixin.py:154} INFO - [2025-11-18T01:41:06.146+0000] {dagbag.py:536} INFO - Filling up the DagBag from /opt/airflow/dags/utils/helpers.py
[2025-11-18T01:41:06.148+0000] {processor.py:841} WARNING - No viable dags retrieved from /opt/airflow/dags/utils/helpers.py
[2025-11-18T01:41:06.160+0000] {processor.py:179} INFO - Processing /opt/airflow/dags/utils/helpers.py took 0.017 seconds
