[2025-10-28T22:41:37.751+0000] {taskinstance.py:1159} INFO - Dependencies all met for dep_context=non-requeueable deps ti=<TaskInstance: sodai_drinks_production_pipeline.generate_predictions manual__2025-10-28T22:25:33.221789+00:00 [queued]>
[2025-10-28T22:41:37.755+0000] {taskinstance.py:1159} INFO - Dependencies all met for dep_context=requeueable deps ti=<TaskInstance: sodai_drinks_production_pipeline.generate_predictions manual__2025-10-28T22:25:33.221789+00:00 [queued]>
[2025-10-28T22:41:37.755+0000] {taskinstance.py:1361} INFO - Starting attempt 1 of 2
[2025-10-28T22:41:37.760+0000] {taskinstance.py:1382} INFO - Executing <Task(PythonOperator): generate_predictions> on 2025-10-28 22:25:33.221789+00:00
[2025-10-28T22:41:37.765+0000] {standard_task_runner.py:57} INFO - Started process 1053 to run task
[2025-10-28T22:41:37.768+0000] {standard_task_runner.py:84} INFO - Running: ['***', 'tasks', 'run', 'sodai_drinks_production_pipeline', 'generate_predictions', 'manual__2025-10-28T22:25:33.221789+00:00', '--job-id', '55', '--raw', '--subdir', 'DAGS_FOLDER/pipeline_productivo.py', '--cfg-path', '/tmp/tmpz_7nylmj']
[2025-10-28T22:41:37.772+0000] {standard_task_runner.py:85} INFO - Job 55: Subtask generate_predictions
[2025-10-28T22:41:37.804+0000] {task_command.py:416} INFO - Running <TaskInstance: sodai_drinks_production_pipeline.generate_predictions manual__2025-10-28T22:25:33.221789+00:00 [running]> on host ee70ee0df05e
[2025-10-28T22:41:37.837+0000] {taskinstance.py:1662} INFO - Exporting env vars: AIRFLOW_CTX_DAG_EMAIL='team@sodaidrinks.com' AIRFLOW_CTX_DAG_OWNER='sodai_drinks_team' AIRFLOW_CTX_DAG_ID='sodai_drinks_production_pipeline' AIRFLOW_CTX_TASK_ID='generate_predictions' AIRFLOW_CTX_EXECUTION_DATE='2025-10-28T22:25:33.221789+00:00' AIRFLOW_CTX_TRY_NUMBER='1' AIRFLOW_CTX_DAG_RUN_ID='manual__2025-10-28T22:25:33.221789+00:00'
[2025-10-28T22:41:37.837+0000] {prediction_generation.py:26} INFO - Iniciando generación de predicciones...
[2025-10-28T22:41:38.018+0000] {taskinstance.py:1937} ERROR - Task failed with exception
Traceback (most recent call last):
  File "/home/airflow/.local/lib/python3.10/site-packages/airflow/operators/python.py", line 192, in execute
    return_value = self.execute_callable()
  File "/home/airflow/.local/lib/python3.10/site-packages/airflow/operators/python.py", line 209, in execute_callable
    return self.python_callable(*self.op_args, **self.op_kwargs)
  File "/opt/airflow/dags/tasks/prediction_generation.py", line 37, in generate_predictions
    with open(model_path, 'rb') as f:
TypeError: expected str, bytes or os.PathLike object, not NoneType
[2025-10-28T22:41:38.032+0000] {taskinstance.py:1400} INFO - Marking task as UP_FOR_RETRY. dag_id=sodai_drinks_production_pipeline, task_id=generate_predictions, execution_date=20251028T222533, start_date=20251028T224137, end_date=20251028T224138
[2025-10-28T22:41:38.042+0000] {standard_task_runner.py:104} ERROR - Failed to execute job 55 for task generate_predictions (expected str, bytes or os.PathLike object, not NoneType; 1053)
[2025-10-28T22:41:38.074+0000] {local_task_job_runner.py:228} INFO - Task exited with return code 1
[2025-10-28T22:41:38.096+0000] {taskinstance.py:2778} INFO - 0 downstream tasks scheduled from follow-on schedule check
