[2025-10-28T00:40:57.221+0000] {taskinstance.py:1159} INFO - Dependencies all met for dep_context=non-requeueable deps ti=<TaskInstance: hiring_dynamic.split_data scheduled__2024-11-05T15:00:00+00:00 [queued]>
[2025-10-28T00:40:57.224+0000] {taskinstance.py:1159} INFO - Dependencies all met for dep_context=requeueable deps ti=<TaskInstance: hiring_dynamic.split_data scheduled__2024-11-05T15:00:00+00:00 [queued]>
[2025-10-28T00:40:57.224+0000] {taskinstance.py:1361} INFO - Starting attempt 1 of 1
[2025-10-28T00:40:57.229+0000] {taskinstance.py:1382} INFO - Executing <Task(PythonOperator): split_data> on 2024-11-05 15:00:00+00:00
[2025-10-28T00:40:57.233+0000] {standard_task_runner.py:57} INFO - Started process 757 to run task
[2025-10-28T00:40:57.235+0000] {standard_task_runner.py:84} INFO - Running: ['airflow', 'tasks', 'run', 'hiring_dynamic', 'split_data', 'scheduled__2024-11-05T15:00:00+00:00', '--job-id', '33', '--raw', '--subdir', 'DAGS_FOLDER/dag_dynamic.py', '--cfg-path', '/tmp/tmpm7v2b9bc']
[2025-10-28T00:40:57.236+0000] {standard_task_runner.py:85} INFO - Job 33: Subtask split_data
[2025-10-28T00:40:57.259+0000] {task_command.py:416} INFO - Running <TaskInstance: hiring_dynamic.split_data scheduled__2024-11-05T15:00:00+00:00 [running]> on host d1f69dfe6243
[2025-10-28T00:40:57.285+0000] {taskinstance.py:1662} INFO - Exporting env vars: AIRFLOW_CTX_DAG_OWNER='airflow' AIRFLOW_CTX_DAG_ID='hiring_dynamic' AIRFLOW_CTX_TASK_ID='split_data' AIRFLOW_CTX_EXECUTION_DATE='2024-11-05T15:00:00+00:00' AIRFLOW_CTX_TRY_NUMBER='1' AIRFLOW_CTX_DAG_RUN_ID='scheduled__2024-11-05T15:00:00+00:00'
[2025-10-28T00:40:57.299+0000] {logging_mixin.py:154} INFO - Train guardado en: /opt/airflow/data/dynamic/2024-11-05/splits/train.csv - Shape: (1200, 10)
[2025-10-28T00:40:57.299+0000] {logging_mixin.py:154} INFO - Test guardado en: /opt/airflow/data/dynamic/2024-11-05/splits/test.csv - Shape: (300, 10)
[2025-10-28T00:40:57.305+0000] {python.py:194} INFO - Done. Returned value was: None
[2025-10-28T00:40:57.307+0000] {taskinstance.py:1400} INFO - Marking task as SUCCESS. dag_id=hiring_dynamic, task_id=split_data, execution_date=20241105T150000, start_date=20251028T004057, end_date=20251028T004057
[2025-10-28T00:40:57.337+0000] {local_task_job_runner.py:228} INFO - Task exited with return code 0
[2025-10-28T00:40:57.349+0000] {taskinstance.py:2778} INFO - 3 downstream tasks scheduled from follow-on schedule check
[2025-10-28T01:27:46.463+0000] {taskinstance.py:1159} INFO - Dependencies all met for dep_context=non-requeueable deps ti=<TaskInstance: hiring_dynamic.split_data scheduled__2024-11-05T15:00:00+00:00 [queued]>
[2025-10-28T01:27:46.470+0000] {taskinstance.py:1159} INFO - Dependencies all met for dep_context=requeueable deps ti=<TaskInstance: hiring_dynamic.split_data scheduled__2024-11-05T15:00:00+00:00 [queued]>
[2025-10-28T01:27:46.470+0000] {taskinstance.py:1361} INFO - Starting attempt 1 of 1
[2025-10-28T01:27:46.487+0000] {taskinstance.py:1382} INFO - Executing <Task(PythonOperator): split_data> on 2024-11-05 15:00:00+00:00
[2025-10-28T01:27:46.502+0000] {standard_task_runner.py:57} INFO - Started process 905 to run task
[2025-10-28T01:27:46.506+0000] {standard_task_runner.py:84} INFO - Running: ['airflow', 'tasks', 'run', 'hiring_dynamic', 'split_data', 'scheduled__2024-11-05T15:00:00+00:00', '--job-id', '28', '--raw', '--subdir', 'DAGS_FOLDER/dag_dynamic.py', '--cfg-path', '/tmp/tmp0sixvgyn']
[2025-10-28T01:27:46.507+0000] {standard_task_runner.py:85} INFO - Job 28: Subtask split_data
[2025-10-28T01:27:46.535+0000] {task_command.py:416} INFO - Running <TaskInstance: hiring_dynamic.split_data scheduled__2024-11-05T15:00:00+00:00 [running]> on host c46dbfd34b1f
[2025-10-28T01:27:46.571+0000] {taskinstance.py:1662} INFO - Exporting env vars: AIRFLOW_CTX_DAG_OWNER='airflow' AIRFLOW_CTX_DAG_ID='hiring_dynamic' AIRFLOW_CTX_TASK_ID='split_data' AIRFLOW_CTX_EXECUTION_DATE='2024-11-05T15:00:00+00:00' AIRFLOW_CTX_TRY_NUMBER='1' AIRFLOW_CTX_DAG_RUN_ID='scheduled__2024-11-05T15:00:00+00:00'
[2025-10-28T01:27:46.588+0000] {logging_mixin.py:154} INFO - Train guardado en: /opt/airflow/data/dynamic/2024-11-05/splits/train.csv - Shape: (1200, 10)
[2025-10-28T01:27:46.588+0000] {logging_mixin.py:154} INFO - Test guardado en: /opt/airflow/data/dynamic/2024-11-05/splits/test.csv - Shape: (300, 10)
[2025-10-28T01:27:46.597+0000] {python.py:194} INFO - Done. Returned value was: None
[2025-10-28T01:27:46.599+0000] {taskinstance.py:1400} INFO - Marking task as SUCCESS. dag_id=hiring_dynamic, task_id=split_data, execution_date=20241105T150000, start_date=20251028T012746, end_date=20251028T012746
[2025-10-28T01:27:46.650+0000] {local_task_job_runner.py:228} INFO - Task exited with return code 0
[2025-10-28T01:27:46.664+0000] {taskinstance.py:2778} INFO - 3 downstream tasks scheduled from follow-on schedule check
