[2025-12-05T02:52:40.627+0000] {taskinstance.py:1159} INFO - Dependencies all met for dep_context=non-requeueable deps ti=<TaskInstance: sodai_drinks_production_pipeline.detect_drift scheduled__2025-11-23T00:00:00+00:00 [queued]>
[2025-12-05T02:52:40.633+0000] {taskinstance.py:1159} INFO - Dependencies all met for dep_context=requeueable deps ti=<TaskInstance: sodai_drinks_production_pipeline.detect_drift scheduled__2025-11-23T00:00:00+00:00 [queued]>
[2025-12-05T02:52:40.634+0000] {taskinstance.py:1361} INFO - Starting attempt 1 of 2
[2025-12-05T02:52:40.641+0000] {taskinstance.py:1382} INFO - Executing <Task(PythonOperator): detect_drift> on 2025-11-23 00:00:00+00:00
[2025-12-05T02:52:40.651+0000] {standard_task_runner.py:57} INFO - Started process 594 to run task
[2025-12-05T02:52:40.655+0000] {standard_task_runner.py:84} INFO - Running: ['***', 'tasks', 'run', 'sodai_drinks_production_pipeline', 'detect_drift', 'scheduled__2025-11-23T00:00:00+00:00', '--job-id', '6', '--raw', '--subdir', 'DAGS_FOLDER/pipeline_productivo.py', '--cfg-path', '/tmp/tmpbh53x8sc']
[2025-12-05T02:52:40.659+0000] {standard_task_runner.py:85} INFO - Job 6: Subtask detect_drift
[2025-12-05T02:52:40.698+0000] {task_command.py:416} INFO - Running <TaskInstance: sodai_drinks_production_pipeline.detect_drift scheduled__2025-11-23T00:00:00+00:00 [running]> on host 77cc39016fd2
[2025-12-05T02:52:40.758+0000] {taskinstance.py:1662} INFO - Exporting env vars: AIRFLOW_CTX_DAG_EMAIL='team@sodaidrinks.com' AIRFLOW_CTX_DAG_OWNER='sodai_drinks_team' AIRFLOW_CTX_DAG_ID='sodai_drinks_production_pipeline' AIRFLOW_CTX_TASK_ID='detect_drift' AIRFLOW_CTX_EXECUTION_DATE='2025-11-23T00:00:00+00:00' AIRFLOW_CTX_TRY_NUMBER='1' AIRFLOW_CTX_DAG_RUN_ID='scheduled__2025-11-23T00:00:00+00:00'
[2025-12-05T02:52:40.759+0000] {drift_detection.py:80} INFO - Iniciando detección de drift...
[2025-12-05T02:52:41.026+0000] {drift_detection.py:110} INFO - Datos de referencia: 13920 registros
[2025-12-05T02:52:41.026+0000] {drift_detection.py:111} INFO - Datos actuales: 13920 registros
[2025-12-05T02:52:41.029+0000] {drift_detection.py:119} INFO - Analizando drift en 15 features numéricas
[2025-12-05T02:52:41.031+0000] {drift_detection.py:30} INFO - KS Test - Statistic: 0.0000, P-value: 1.0000
[2025-12-05T02:52:41.033+0000] {drift_detection.py:65} INFO - PSI: 0.0000
[2025-12-05T02:52:41.036+0000] {drift_detection.py:30} INFO - KS Test - Statistic: 0.0000, P-value: 1.0000
[2025-12-05T02:52:41.037+0000] {drift_detection.py:65} INFO - PSI: 0.0000
[2025-12-05T02:52:41.039+0000] {drift_detection.py:30} INFO - KS Test - Statistic: 0.0000, P-value: 1.0000
[2025-12-05T02:52:41.040+0000] {drift_detection.py:65} INFO - PSI: 0.0000
[2025-12-05T02:52:41.041+0000] {drift_detection.py:30} INFO - KS Test - Statistic: 0.0000, P-value: 1.0000
[2025-12-05T02:52:41.042+0000] {drift_detection.py:65} INFO - PSI: 0.0000
[2025-12-05T02:52:41.043+0000] {drift_detection.py:30} INFO - KS Test - Statistic: 0.0000, P-value: 1.0000
[2025-12-05T02:52:41.044+0000] {drift_detection.py:65} INFO - PSI: 0.0000
[2025-12-05T02:52:41.065+0000] {drift_detection.py:168} INFO - No se detectó drift significativo en los datos
[2025-12-05T02:52:41.074+0000] {python.py:194} INFO - Done. Returned value was: {'status': 'success', 'has_drift': False, 'features_analyzed': 15, 'drift_results': {'Y': {'ks_statistic': 0.0, 'ks_p_value': 1.0, 'ks_drift': False, 'psi': 0.0, 'psi_drift': False}, 'X': {'ks_statistic': 0.0, 'ks_p_value': 1.0, 'ks_drift': False, 'psi': 0.0, 'psi_drift': False}, 'size': {'ks_statistic': 0.0, 'ks_p_value': 1.0, 'ks_drift': False, 'psi': 0.0, 'psi_drift': False}, 'num_deliver_per_week': {'ks_statistic': 0.0, 'ks_p_value': 1.0, 'ks_drift': False, 'psi': 0.0, 'psi_drift': False}, 'segment': {'ks_statistic': 0.0, 'ks_p_value': 1.0, 'ks_drift': False, 'psi': 0.0, 'psi_drift': False}}}
[2025-12-05T02:52:41.088+0000] {taskinstance.py:1400} INFO - Marking task as SUCCESS. dag_id=sodai_drinks_production_pipeline, task_id=detect_drift, execution_date=20251123T000000, start_date=20251205T025240, end_date=20251205T025241
[2025-12-05T02:52:41.156+0000] {local_task_job_runner.py:228} INFO - Task exited with return code 0
[2025-12-05T02:52:41.177+0000] {taskinstance.py:2778} INFO - 1 downstream tasks scheduled from follow-on schedule check
[2025-12-05T02:58:18.808+0000] {taskinstance.py:1159} INFO - Dependencies all met for dep_context=non-requeueable deps ti=<TaskInstance: sodai_drinks_production_pipeline.detect_drift scheduled__2025-11-23T00:00:00+00:00 [queued]>
[2025-12-05T02:58:18.815+0000] {taskinstance.py:1159} INFO - Dependencies all met for dep_context=requeueable deps ti=<TaskInstance: sodai_drinks_production_pipeline.detect_drift scheduled__2025-11-23T00:00:00+00:00 [queued]>
[2025-12-05T02:58:18.815+0000] {taskinstance.py:1361} INFO - Starting attempt 1 of 2
[2025-12-05T02:58:18.822+0000] {taskinstance.py:1382} INFO - Executing <Task(PythonOperator): detect_drift> on 2025-11-23 00:00:00+00:00
[2025-12-05T02:58:18.831+0000] {standard_task_runner.py:57} INFO - Started process 472 to run task
[2025-12-05T02:58:18.835+0000] {standard_task_runner.py:84} INFO - Running: ['***', 'tasks', 'run', 'sodai_drinks_production_pipeline', 'detect_drift', 'scheduled__2025-11-23T00:00:00+00:00', '--job-id', '7', '--raw', '--subdir', 'DAGS_FOLDER/pipeline_productivo.py', '--cfg-path', '/tmp/tmp44tqkj5y']
[2025-12-05T02:58:18.837+0000] {standard_task_runner.py:85} INFO - Job 7: Subtask detect_drift
[2025-12-05T02:58:18.872+0000] {task_command.py:416} INFO - Running <TaskInstance: sodai_drinks_production_pipeline.detect_drift scheduled__2025-11-23T00:00:00+00:00 [running]> on host 5c90aa578e5c
[2025-12-05T02:58:18.921+0000] {taskinstance.py:1662} INFO - Exporting env vars: AIRFLOW_CTX_DAG_EMAIL='team@sodaidrinks.com' AIRFLOW_CTX_DAG_OWNER='sodai_drinks_team' AIRFLOW_CTX_DAG_ID='sodai_drinks_production_pipeline' AIRFLOW_CTX_TASK_ID='detect_drift' AIRFLOW_CTX_EXECUTION_DATE='2025-11-23T00:00:00+00:00' AIRFLOW_CTX_TRY_NUMBER='1' AIRFLOW_CTX_DAG_RUN_ID='scheduled__2025-11-23T00:00:00+00:00'
[2025-12-05T02:58:18.922+0000] {drift_detection.py:80} INFO - Iniciando detección de drift...
[2025-12-05T02:58:19.156+0000] {drift_detection.py:110} INFO - Datos de referencia: 13920 registros
[2025-12-05T02:58:19.157+0000] {drift_detection.py:111} INFO - Datos actuales: 13920 registros
[2025-12-05T02:58:19.159+0000] {drift_detection.py:119} INFO - Analizando drift en 15 features numéricas
[2025-12-05T02:58:19.162+0000] {drift_detection.py:30} INFO - KS Test - Statistic: 0.0000, P-value: 1.0000
[2025-12-05T02:58:19.164+0000] {drift_detection.py:65} INFO - PSI: 0.0000
[2025-12-05T02:58:19.167+0000] {drift_detection.py:30} INFO - KS Test - Statistic: 0.0000, P-value: 1.0000
[2025-12-05T02:58:19.168+0000] {drift_detection.py:65} INFO - PSI: 0.0000
[2025-12-05T02:58:19.170+0000] {drift_detection.py:30} INFO - KS Test - Statistic: 0.0000, P-value: 1.0000
[2025-12-05T02:58:19.171+0000] {drift_detection.py:65} INFO - PSI: 0.0000
[2025-12-05T02:58:19.172+0000] {drift_detection.py:30} INFO - KS Test - Statistic: 0.0000, P-value: 1.0000
[2025-12-05T02:58:19.173+0000] {drift_detection.py:65} INFO - PSI: 0.0000
[2025-12-05T02:58:19.174+0000] {drift_detection.py:30} INFO - KS Test - Statistic: 0.0000, P-value: 1.0000
[2025-12-05T02:58:19.175+0000] {drift_detection.py:65} INFO - PSI: 0.0000
[2025-12-05T02:58:19.192+0000] {drift_detection.py:168} INFO - No se detectó drift significativo en los datos
[2025-12-05T02:58:19.199+0000] {python.py:194} INFO - Done. Returned value was: {'status': 'success', 'has_drift': False, 'features_analyzed': 15, 'drift_results': {'Y': {'ks_statistic': 0.0, 'ks_p_value': 1.0, 'ks_drift': False, 'psi': 0.0, 'psi_drift': False}, 'X': {'ks_statistic': 0.0, 'ks_p_value': 1.0, 'ks_drift': False, 'psi': 0.0, 'psi_drift': False}, 'size': {'ks_statistic': 0.0, 'ks_p_value': 1.0, 'ks_drift': False, 'psi': 0.0, 'psi_drift': False}, 'num_deliver_per_week': {'ks_statistic': 0.0, 'ks_p_value': 1.0, 'ks_drift': False, 'psi': 0.0, 'psi_drift': False}, 'segment': {'ks_statistic': 0.0, 'ks_p_value': 1.0, 'ks_drift': False, 'psi': 0.0, 'psi_drift': False}}}
[2025-12-05T02:58:19.212+0000] {taskinstance.py:1400} INFO - Marking task as SUCCESS. dag_id=sodai_drinks_production_pipeline, task_id=detect_drift, execution_date=20251123T000000, start_date=20251205T025818, end_date=20251205T025819
[2025-12-05T02:58:19.253+0000] {local_task_job_runner.py:228} INFO - Task exited with return code 0
[2025-12-05T02:58:19.274+0000] {taskinstance.py:2778} INFO - 1 downstream tasks scheduled from follow-on schedule check
[2025-12-05T03:08:32.521+0000] {taskinstance.py:1159} INFO - Dependencies all met for dep_context=non-requeueable deps ti=<TaskInstance: sodai_drinks_production_pipeline.detect_drift scheduled__2025-11-23T00:00:00+00:00 [queued]>
[2025-12-05T03:08:32.528+0000] {taskinstance.py:1159} INFO - Dependencies all met for dep_context=requeueable deps ti=<TaskInstance: sodai_drinks_production_pipeline.detect_drift scheduled__2025-11-23T00:00:00+00:00 [queued]>
[2025-12-05T03:08:32.528+0000] {taskinstance.py:1361} INFO - Starting attempt 1 of 2
[2025-12-05T03:08:32.535+0000] {taskinstance.py:1382} INFO - Executing <Task(PythonOperator): detect_drift> on 2025-11-23 00:00:00+00:00
[2025-12-05T03:08:32.546+0000] {standard_task_runner.py:57} INFO - Started process 560 to run task
[2025-12-05T03:08:32.549+0000] {standard_task_runner.py:84} INFO - Running: ['***', 'tasks', 'run', 'sodai_drinks_production_pipeline', 'detect_drift', 'scheduled__2025-11-23T00:00:00+00:00', '--job-id', '6', '--raw', '--subdir', 'DAGS_FOLDER/pipeline_productivo.py', '--cfg-path', '/tmp/tmpl8pypf3k']
[2025-12-05T03:08:32.552+0000] {standard_task_runner.py:85} INFO - Job 6: Subtask detect_drift
[2025-12-05T03:08:32.586+0000] {task_command.py:416} INFO - Running <TaskInstance: sodai_drinks_production_pipeline.detect_drift scheduled__2025-11-23T00:00:00+00:00 [running]> on host a9e85da0c338
[2025-12-05T03:08:32.638+0000] {taskinstance.py:1662} INFO - Exporting env vars: AIRFLOW_CTX_DAG_EMAIL='team@sodaidrinks.com' AIRFLOW_CTX_DAG_OWNER='sodai_drinks_team' AIRFLOW_CTX_DAG_ID='sodai_drinks_production_pipeline' AIRFLOW_CTX_TASK_ID='detect_drift' AIRFLOW_CTX_EXECUTION_DATE='2025-11-23T00:00:00+00:00' AIRFLOW_CTX_TRY_NUMBER='1' AIRFLOW_CTX_DAG_RUN_ID='scheduled__2025-11-23T00:00:00+00:00'
[2025-12-05T03:08:32.640+0000] {drift_detection.py:80} INFO - Iniciando detección de drift...
[2025-12-05T03:08:32.899+0000] {drift_detection.py:110} INFO - Datos de referencia: 13920 registros
[2025-12-05T03:08:32.899+0000] {drift_detection.py:111} INFO - Datos actuales: 13920 registros
[2025-12-05T03:08:32.902+0000] {drift_detection.py:119} INFO - Analizando drift en 15 features numéricas
[2025-12-05T03:08:32.905+0000] {drift_detection.py:30} INFO - KS Test - Statistic: 0.0000, P-value: 1.0000
[2025-12-05T03:08:32.907+0000] {drift_detection.py:65} INFO - PSI: 0.0000
[2025-12-05T03:08:32.909+0000] {drift_detection.py:30} INFO - KS Test - Statistic: 0.0000, P-value: 1.0000
[2025-12-05T03:08:32.910+0000] {drift_detection.py:65} INFO - PSI: 0.0000
[2025-12-05T03:08:32.912+0000] {drift_detection.py:30} INFO - KS Test - Statistic: 0.0000, P-value: 1.0000
[2025-12-05T03:08:32.914+0000] {drift_detection.py:65} INFO - PSI: 0.0000
[2025-12-05T03:08:32.915+0000] {drift_detection.py:30} INFO - KS Test - Statistic: 0.0000, P-value: 1.0000
[2025-12-05T03:08:32.916+0000] {drift_detection.py:65} INFO - PSI: 0.0000
[2025-12-05T03:08:32.917+0000] {drift_detection.py:30} INFO - KS Test - Statistic: 0.0000, P-value: 1.0000
[2025-12-05T03:08:32.918+0000] {drift_detection.py:65} INFO - PSI: 0.0000
[2025-12-05T03:08:32.945+0000] {drift_detection.py:168} INFO - No se detectó drift significativo en los datos
[2025-12-05T03:08:32.953+0000] {python.py:194} INFO - Done. Returned value was: {'status': 'success', 'has_drift': False, 'features_analyzed': 15, 'drift_results': {'Y': {'ks_statistic': 0.0, 'ks_p_value': 1.0, 'ks_drift': False, 'psi': 0.0, 'psi_drift': False}, 'X': {'ks_statistic': 0.0, 'ks_p_value': 1.0, 'ks_drift': False, 'psi': 0.0, 'psi_drift': False}, 'size': {'ks_statistic': 0.0, 'ks_p_value': 1.0, 'ks_drift': False, 'psi': 0.0, 'psi_drift': False}, 'num_deliver_per_week': {'ks_statistic': 0.0, 'ks_p_value': 1.0, 'ks_drift': False, 'psi': 0.0, 'psi_drift': False}, 'segment': {'ks_statistic': 0.0, 'ks_p_value': 1.0, 'ks_drift': False, 'psi': 0.0, 'psi_drift': False}}}
[2025-12-05T03:08:32.965+0000] {taskinstance.py:1400} INFO - Marking task as SUCCESS. dag_id=sodai_drinks_production_pipeline, task_id=detect_drift, execution_date=20251123T000000, start_date=20251205T030832, end_date=20251205T030832
[2025-12-05T03:08:33.005+0000] {local_task_job_runner.py:228} INFO - Task exited with return code 0
[2025-12-05T03:08:33.024+0000] {taskinstance.py:2778} INFO - 1 downstream tasks scheduled from follow-on schedule check
[2025-12-05T03:14:26.364+0000] {taskinstance.py:1159} INFO - Dependencies all met for dep_context=non-requeueable deps ti=<TaskInstance: sodai_drinks_production_pipeline.detect_drift scheduled__2025-11-23T00:00:00+00:00 [queued]>
[2025-12-05T03:14:26.371+0000] {taskinstance.py:1159} INFO - Dependencies all met for dep_context=requeueable deps ti=<TaskInstance: sodai_drinks_production_pipeline.detect_drift scheduled__2025-11-23T00:00:00+00:00 [queued]>
[2025-12-05T03:14:26.371+0000] {taskinstance.py:1361} INFO - Starting attempt 1 of 2
[2025-12-05T03:14:26.379+0000] {taskinstance.py:1382} INFO - Executing <Task(PythonOperator): detect_drift> on 2025-11-23 00:00:00+00:00
[2025-12-05T03:14:26.389+0000] {standard_task_runner.py:57} INFO - Started process 887 to run task
[2025-12-05T03:14:26.393+0000] {standard_task_runner.py:84} INFO - Running: ['***', 'tasks', 'run', 'sodai_drinks_production_pipeline', 'detect_drift', 'scheduled__2025-11-23T00:00:00+00:00', '--job-id', '4', '--raw', '--subdir', 'DAGS_FOLDER/pipeline_productivo.py', '--cfg-path', '/tmp/tmphmd8hywe']
[2025-12-05T03:14:26.396+0000] {standard_task_runner.py:85} INFO - Job 4: Subtask detect_drift
[2025-12-05T03:14:26.436+0000] {task_command.py:416} INFO - Running <TaskInstance: sodai_drinks_production_pipeline.detect_drift scheduled__2025-11-23T00:00:00+00:00 [running]> on host 3a77f8ebbc0f
[2025-12-05T03:14:26.493+0000] {taskinstance.py:1662} INFO - Exporting env vars: AIRFLOW_CTX_DAG_EMAIL='team@sodaidrinks.com' AIRFLOW_CTX_DAG_OWNER='sodai_drinks_team' AIRFLOW_CTX_DAG_ID='sodai_drinks_production_pipeline' AIRFLOW_CTX_TASK_ID='detect_drift' AIRFLOW_CTX_EXECUTION_DATE='2025-11-23T00:00:00+00:00' AIRFLOW_CTX_TRY_NUMBER='1' AIRFLOW_CTX_DAG_RUN_ID='scheduled__2025-11-23T00:00:00+00:00'
[2025-12-05T03:14:26.495+0000] {drift_detection.py:80} INFO - Iniciando detección de drift...
[2025-12-05T03:14:26.741+0000] {drift_detection.py:110} INFO - Datos de referencia: 13920 registros
[2025-12-05T03:14:26.741+0000] {drift_detection.py:111} INFO - Datos actuales: 13920 registros
[2025-12-05T03:14:26.743+0000] {drift_detection.py:119} INFO - Analizando drift en 15 features numéricas
[2025-12-05T03:14:26.746+0000] {drift_detection.py:30} INFO - KS Test - Statistic: 0.0000, P-value: 1.0000
[2025-12-05T03:14:26.748+0000] {drift_detection.py:65} INFO - PSI: 0.0000
[2025-12-05T03:14:26.750+0000] {drift_detection.py:30} INFO - KS Test - Statistic: 0.0000, P-value: 1.0000
[2025-12-05T03:14:26.752+0000] {drift_detection.py:65} INFO - PSI: 0.0000
[2025-12-05T03:14:26.753+0000] {drift_detection.py:30} INFO - KS Test - Statistic: 0.0000, P-value: 1.0000
[2025-12-05T03:14:26.754+0000] {drift_detection.py:65} INFO - PSI: 0.0000
[2025-12-05T03:14:26.755+0000] {drift_detection.py:30} INFO - KS Test - Statistic: 0.0000, P-value: 1.0000
[2025-12-05T03:14:26.756+0000] {drift_detection.py:65} INFO - PSI: 0.0000
[2025-12-05T03:14:26.757+0000] {drift_detection.py:30} INFO - KS Test - Statistic: 0.0000, P-value: 1.0000
[2025-12-05T03:14:26.758+0000] {drift_detection.py:65} INFO - PSI: 0.0000
[2025-12-05T03:14:26.775+0000] {drift_detection.py:168} INFO - No se detectó drift significativo en los datos
[2025-12-05T03:14:26.782+0000] {python.py:194} INFO - Done. Returned value was: {'status': 'success', 'has_drift': False, 'features_analyzed': 15, 'drift_results': {'Y': {'ks_statistic': 0.0, 'ks_p_value': 1.0, 'ks_drift': False, 'psi': 0.0, 'psi_drift': False}, 'X': {'ks_statistic': 0.0, 'ks_p_value': 1.0, 'ks_drift': False, 'psi': 0.0, 'psi_drift': False}, 'size': {'ks_statistic': 0.0, 'ks_p_value': 1.0, 'ks_drift': False, 'psi': 0.0, 'psi_drift': False}, 'num_deliver_per_week': {'ks_statistic': 0.0, 'ks_p_value': 1.0, 'ks_drift': False, 'psi': 0.0, 'psi_drift': False}, 'segment': {'ks_statistic': 0.0, 'ks_p_value': 1.0, 'ks_drift': False, 'psi': 0.0, 'psi_drift': False}}}
[2025-12-05T03:14:26.796+0000] {taskinstance.py:1400} INFO - Marking task as SUCCESS. dag_id=sodai_drinks_production_pipeline, task_id=detect_drift, execution_date=20251123T000000, start_date=20251205T031426, end_date=20251205T031426
[2025-12-05T03:14:26.849+0000] {local_task_job_runner.py:228} INFO - Task exited with return code 0
[2025-12-05T03:14:26.868+0000] {taskinstance.py:2778} INFO - 1 downstream tasks scheduled from follow-on schedule check
[2025-12-05T03:16:32.953+0000] {taskinstance.py:1159} INFO - Dependencies all met for dep_context=non-requeueable deps ti=<TaskInstance: sodai_drinks_production_pipeline.detect_drift scheduled__2025-11-23T00:00:00+00:00 [queued]>
[2025-12-05T03:16:32.959+0000] {taskinstance.py:1159} INFO - Dependencies all met for dep_context=requeueable deps ti=<TaskInstance: sodai_drinks_production_pipeline.detect_drift scheduled__2025-11-23T00:00:00+00:00 [queued]>
[2025-12-05T03:16:32.959+0000] {taskinstance.py:1361} INFO - Starting attempt 1 of 2
[2025-12-05T03:16:32.966+0000] {taskinstance.py:1382} INFO - Executing <Task(PythonOperator): detect_drift> on 2025-11-23 00:00:00+00:00
[2025-12-05T03:16:32.976+0000] {standard_task_runner.py:57} INFO - Started process 535 to run task
[2025-12-05T03:16:32.979+0000] {standard_task_runner.py:84} INFO - Running: ['***', 'tasks', 'run', 'sodai_drinks_production_pipeline', 'detect_drift', 'scheduled__2025-11-23T00:00:00+00:00', '--job-id', '7', '--raw', '--subdir', 'DAGS_FOLDER/pipeline_productivo.py', '--cfg-path', '/tmp/tmp4mnm01mw']
[2025-12-05T03:16:32.982+0000] {standard_task_runner.py:85} INFO - Job 7: Subtask detect_drift
[2025-12-05T03:16:33.019+0000] {task_command.py:416} INFO - Running <TaskInstance: sodai_drinks_production_pipeline.detect_drift scheduled__2025-11-23T00:00:00+00:00 [running]> on host 7f6fe514df37
[2025-12-05T03:16:33.069+0000] {taskinstance.py:1662} INFO - Exporting env vars: AIRFLOW_CTX_DAG_EMAIL='team@sodaidrinks.com' AIRFLOW_CTX_DAG_OWNER='sodai_drinks_team' AIRFLOW_CTX_DAG_ID='sodai_drinks_production_pipeline' AIRFLOW_CTX_TASK_ID='detect_drift' AIRFLOW_CTX_EXECUTION_DATE='2025-11-23T00:00:00+00:00' AIRFLOW_CTX_TRY_NUMBER='1' AIRFLOW_CTX_DAG_RUN_ID='scheduled__2025-11-23T00:00:00+00:00'
[2025-12-05T03:16:33.070+0000] {drift_detection.py:80} INFO - Iniciando detección de drift...
[2025-12-05T03:16:33.301+0000] {drift_detection.py:110} INFO - Datos de referencia: 13920 registros
[2025-12-05T03:16:33.302+0000] {drift_detection.py:111} INFO - Datos actuales: 13920 registros
[2025-12-05T03:16:33.303+0000] {drift_detection.py:119} INFO - Analizando drift en 15 features numéricas
[2025-12-05T03:16:33.306+0000] {drift_detection.py:30} INFO - KS Test - Statistic: 0.0000, P-value: 1.0000
[2025-12-05T03:16:33.308+0000] {drift_detection.py:65} INFO - PSI: 0.0000
[2025-12-05T03:16:33.310+0000] {drift_detection.py:30} INFO - KS Test - Statistic: 0.0000, P-value: 1.0000
[2025-12-05T03:16:33.311+0000] {drift_detection.py:65} INFO - PSI: 0.0000
[2025-12-05T03:16:33.312+0000] {drift_detection.py:30} INFO - KS Test - Statistic: 0.0000, P-value: 1.0000
[2025-12-05T03:16:33.314+0000] {drift_detection.py:65} INFO - PSI: 0.0000
[2025-12-05T03:16:33.315+0000] {drift_detection.py:30} INFO - KS Test - Statistic: 0.0000, P-value: 1.0000
[2025-12-05T03:16:33.316+0000] {drift_detection.py:65} INFO - PSI: 0.0000
[2025-12-05T03:16:33.317+0000] {drift_detection.py:30} INFO - KS Test - Statistic: 0.0000, P-value: 1.0000
[2025-12-05T03:16:33.318+0000] {drift_detection.py:65} INFO - PSI: 0.0000
[2025-12-05T03:16:33.335+0000] {drift_detection.py:168} INFO - No se detectó drift significativo en los datos
[2025-12-05T03:16:33.342+0000] {python.py:194} INFO - Done. Returned value was: {'status': 'success', 'has_drift': False, 'features_analyzed': 15, 'drift_results': {'Y': {'ks_statistic': 0.0, 'ks_p_value': 1.0, 'ks_drift': False, 'psi': 0.0, 'psi_drift': False}, 'X': {'ks_statistic': 0.0, 'ks_p_value': 1.0, 'ks_drift': False, 'psi': 0.0, 'psi_drift': False}, 'size': {'ks_statistic': 0.0, 'ks_p_value': 1.0, 'ks_drift': False, 'psi': 0.0, 'psi_drift': False}, 'num_deliver_per_week': {'ks_statistic': 0.0, 'ks_p_value': 1.0, 'ks_drift': False, 'psi': 0.0, 'psi_drift': False}, 'segment': {'ks_statistic': 0.0, 'ks_p_value': 1.0, 'ks_drift': False, 'psi': 0.0, 'psi_drift': False}}}
[2025-12-05T03:16:33.354+0000] {taskinstance.py:1400} INFO - Marking task as SUCCESS. dag_id=sodai_drinks_production_pipeline, task_id=detect_drift, execution_date=20251123T000000, start_date=20251205T031632, end_date=20251205T031633
[2025-12-05T03:16:33.406+0000] {local_task_job_runner.py:228} INFO - Task exited with return code 0
[2025-12-05T03:16:33.426+0000] {taskinstance.py:2778} INFO - 1 downstream tasks scheduled from follow-on schedule check
