[2025-11-17T21:00:24.689+0000] {taskinstance.py:1159} INFO - Dependencies all met for dep_context=non-requeueable deps ti=<TaskInstance: sodai_drinks_production_pipeline.sync_recsys_data manual__2025-11-17T20:59:07.033360+00:00 [queued]>
[2025-11-17T21:00:24.694+0000] {taskinstance.py:1159} INFO - Dependencies all met for dep_context=requeueable deps ti=<TaskInstance: sodai_drinks_production_pipeline.sync_recsys_data manual__2025-11-17T20:59:07.033360+00:00 [queued]>
[2025-11-17T21:00:24.694+0000] {taskinstance.py:1361} INFO - Starting attempt 1 of 2
[2025-11-17T21:00:24.701+0000] {taskinstance.py:1382} INFO - Executing <Task(PythonOperator): sync_recsys_data> on 2025-11-17 20:59:07.033360+00:00
[2025-11-17T21:00:24.711+0000] {standard_task_runner.py:57} INFO - Started process 1942 to run task
[2025-11-17T21:00:24.715+0000] {standard_task_runner.py:84} INFO - Running: ['***', 'tasks', 'run', 'sodai_drinks_production_pipeline', 'sync_recsys_data', 'manual__2025-11-17T20:59:07.033360+00:00', '--job-id', '54', '--raw', '--subdir', 'DAGS_FOLDER/pipeline_productivo.py', '--cfg-path', '/tmp/tmplg3bc_mg']
[2025-11-17T21:00:24.717+0000] {standard_task_runner.py:85} INFO - Job 54: Subtask sync_recsys_data
[2025-11-17T21:00:24.750+0000] {task_command.py:416} INFO - Running <TaskInstance: sodai_drinks_production_pipeline.sync_recsys_data manual__2025-11-17T20:59:07.033360+00:00 [running]> on host d1f907c36040
[2025-11-17T21:00:24.802+0000] {taskinstance.py:1662} INFO - Exporting env vars: AIRFLOW_CTX_DAG_EMAIL='team@sodaidrinks.com' AIRFLOW_CTX_DAG_OWNER='sodai_drinks_team' AIRFLOW_CTX_DAG_ID='sodai_drinks_production_pipeline' AIRFLOW_CTX_TASK_ID='sync_recsys_data' AIRFLOW_CTX_EXECUTION_DATE='2025-11-17T20:59:07.033360+00:00' AIRFLOW_CTX_TRY_NUMBER='1' AIRFLOW_CTX_DAG_RUN_ID='manual__2025-11-17T20:59:07.033360+00:00'
[2025-11-17T21:00:24.803+0000] {recsys_data_sync.py:26} INFO - 🔄 Iniciando sincronización con RecSys backend...
[2025-11-17T21:00:24.820+0000] {recsys_data_sync.py:40} INFO - 📂 Directorio destino RecSys: /opt/***/shared_data/recsys
[2025-11-17T21:00:24.821+0000] {recsys_data_sync.py:53} INFO - ✅ Copiado transacciones: /opt/***/data/raw/transacciones_subsample.parquet → /opt/***/shared_data/recsys/transacciones_subsample.parquet
[2025-11-17T21:00:24.850+0000] {recsys_data_sync.py:57} INFO -    📊 Registros en transacciones: 4565
[2025-11-17T21:00:24.851+0000] {recsys_data_sync.py:53} INFO - ✅ Copiado clientes: /opt/***/data/raw/clientes.parquet → /opt/***/shared_data/recsys/clientes.parquet
[2025-11-17T21:00:24.855+0000] {recsys_data_sync.py:57} INFO -    📊 Registros en clientes: 1569
[2025-11-17T21:00:24.855+0000] {recsys_data_sync.py:53} INFO - ✅ Copiado productos: /opt/***/data/raw/productos.parquet → /opt/***/shared_data/recsys/productos.parquet
[2025-11-17T21:00:24.858+0000] {recsys_data_sync.py:57} INFO -    📊 Registros en productos: 971
[2025-11-17T21:00:24.858+0000] {recsys_data_sync.py:68} INFO - 🔄 Llamando a RecSys retrain endpoint (intento 1/3)...
[2025-11-17T21:00:25.337+0000] {recsys_data_sync.py:73} INFO - ✅ RecSys reentrenado exitosamente!
[2025-11-17T21:00:25.337+0000] {recsys_data_sync.py:74} INFO -    📊 Clientes: 1490
[2025-11-17T21:00:25.337+0000] {recsys_data_sync.py:75} INFO -    📊 Productos: 114
[2025-11-17T21:00:25.337+0000] {recsys_data_sync.py:76} INFO -    📊 Ratings: 30514
[2025-11-17T21:00:25.355+0000] {python.py:194} INFO - Done. Returned value was: {'status': 'success', 'recsys_retrained': True, 'num_customers': 1490, 'num_products': 114, 'num_ratings': 30514}
[2025-11-17T21:00:25.368+0000] {taskinstance.py:1400} INFO - Marking task as SUCCESS. dag_id=sodai_drinks_production_pipeline, task_id=sync_recsys_data, execution_date=20251117T205907, start_date=20251117T210024, end_date=20251117T210025
[2025-11-17T21:00:25.410+0000] {local_task_job_runner.py:228} INFO - Task exited with return code 0
[2025-11-17T21:00:25.425+0000] {taskinstance.py:2778} INFO - 0 downstream tasks scheduled from follow-on schedule check
