[2025-10-28T00:40:12.408+0000] {taskinstance.py:1159} INFO - Dependencies all met for dep_context=non-requeueable deps ti=<TaskInstance: hiring_dynamic.download_data_1 manual__2025-10-28T00:39:37.435468+00:00 [queued]>
[2025-10-28T00:40:12.412+0000] {taskinstance.py:1159} INFO - Dependencies all met for dep_context=requeueable deps ti=<TaskInstance: hiring_dynamic.download_data_1 manual__2025-10-28T00:39:37.435468+00:00 [queued]>
[2025-10-28T00:40:12.413+0000] {taskinstance.py:1361} INFO - Starting attempt 1 of 1
[2025-10-28T00:40:12.418+0000] {taskinstance.py:1382} INFO - Executing <Task(BashOperator): download_data_1> on 2025-10-28 00:39:37.435468+00:00
[2025-10-28T00:40:12.423+0000] {standard_task_runner.py:57} INFO - Started process 367 to run task
[2025-10-28T00:40:12.429+0000] {standard_task_runner.py:84} INFO - Running: ['airflow', 'tasks', 'run', 'hiring_dynamic', 'download_data_1', 'manual__2025-10-28T00:39:37.435468+00:00', '--job-id', '14', '--raw', '--subdir', 'DAGS_FOLDER/dag_dynamic.py', '--cfg-path', '/tmp/tmphx111bxi']
[2025-10-28T00:40:12.429+0000] {standard_task_runner.py:85} INFO - Job 14: Subtask download_data_1
[2025-10-28T00:40:12.460+0000] {task_command.py:416} INFO - Running <TaskInstance: hiring_dynamic.download_data_1 manual__2025-10-28T00:39:37.435468+00:00 [running]> on host d1f69dfe6243
[2025-10-28T00:40:12.488+0000] {taskinstance.py:1662} INFO - Exporting env vars: AIRFLOW_CTX_DAG_OWNER='airflow' AIRFLOW_CTX_DAG_ID='hiring_dynamic' AIRFLOW_CTX_TASK_ID='download_data_1' AIRFLOW_CTX_EXECUTION_DATE='2025-10-28T00:39:37.435468+00:00' AIRFLOW_CTX_TRY_NUMBER='1' AIRFLOW_CTX_DAG_RUN_ID='manual__2025-10-28T00:39:37.435468+00:00'
[2025-10-28T00:40:12.488+0000] {subprocess.py:63} INFO - Tmp dir root location: /tmp
[2025-10-28T00:40:12.489+0000] {subprocess.py:75} INFO - Running command: ['/bin/bash', '-c', '\n        RAW_DIR="/opt/airflow/data/dynamic/2025-10-28/raw"\n        mkdir -p "$RAW_DIR"\n        curl -L -f -o "$RAW_DIR/data_1.csv" https://gitlab.com/eduardomoyab/laboratorio-13/-/raw/main/files/data_1.csv\n        echo \'✅ Archivo data_1.csv descargado exitosamente\'\n        ls -lh "$RAW_DIR/data_1.csv"\n    ']
[2025-10-28T00:40:12.495+0000] {subprocess.py:86} INFO - Output:
[2025-10-28T00:40:12.504+0000] {subprocess.py:93} INFO -   % Total    % Received % Xferd  Average Speed   Time    Time     Time  Current
[2025-10-28T00:40:12.505+0000] {subprocess.py:93} INFO -                                  Dload  Upload   Total   Spent    Left  Speed
[2025-10-28T00:40:12.637+0000] {subprocess.py:93} INFO -   0     0    0     0    0     0      0      0 --:--:-- --:--:-- --:--:--     0100 32735  100 32735    0     0   242k      0 --:--:-- --:--:-- --:--:--  242k
[2025-10-28T00:40:12.640+0000] {subprocess.py:93} INFO - ✅ Archivo data_1.csv descargado exitosamente
[2025-10-28T00:40:12.646+0000] {subprocess.py:93} INFO - -rw-r--r-- 1 airflow root 32K Oct 28 00:40 /opt/airflow/data/dynamic/2025-10-28/raw/data_1.csv
[2025-10-28T00:40:12.647+0000] {subprocess.py:97} INFO - Command exited with return code 0
[2025-10-28T00:40:12.664+0000] {taskinstance.py:1400} INFO - Marking task as SUCCESS. dag_id=hiring_dynamic, task_id=download_data_1, execution_date=20251028T003937, start_date=20251028T004012, end_date=20251028T004012
[2025-10-28T00:40:12.695+0000] {local_task_job_runner.py:228} INFO - Task exited with return code 0
[2025-10-28T00:40:12.707+0000] {taskinstance.py:2778} INFO - 0 downstream tasks scheduled from follow-on schedule check
