[2025-10-28T00:44:58.757+0000] {taskinstance.py:1159} INFO - Dependencies all met for dep_context=non-requeueable deps ti=<TaskInstance: hiring_dynamic.train_gradient_boosting scheduled__2025-05-05T15:00:00+00:00 [queued]>
[2025-10-28T00:44:58.760+0000] {taskinstance.py:1159} INFO - Dependencies all met for dep_context=requeueable deps ti=<TaskInstance: hiring_dynamic.train_gradient_boosting scheduled__2025-05-05T15:00:00+00:00 [queued]>
[2025-10-28T00:44:58.760+0000] {taskinstance.py:1361} INFO - Starting attempt 1 of 1
[2025-10-28T00:44:58.765+0000] {taskinstance.py:1382} INFO - Executing <Task(PythonOperator): train_gradient_boosting> on 2025-05-05 15:00:00+00:00
[2025-10-28T00:44:58.769+0000] {standard_task_runner.py:57} INFO - Started process 2351 to run task
[2025-10-28T00:44:58.771+0000] {standard_task_runner.py:84} INFO - Running: ['airflow', 'tasks', 'run', 'hiring_dynamic', 'train_gradient_boosting', 'scheduled__2025-05-05T15:00:00+00:00', '--job-id', '103', '--raw', '--subdir', 'DAGS_FOLDER/dag_dynamic.py', '--cfg-path', '/tmp/tmp7d61egk8']
[2025-10-28T00:44:58.771+0000] {standard_task_runner.py:85} INFO - Job 103: Subtask train_gradient_boosting
[2025-10-28T00:44:58.786+0000] {task_command.py:416} INFO - Running <TaskInstance: hiring_dynamic.train_gradient_boosting scheduled__2025-05-05T15:00:00+00:00 [running]> on host d1f69dfe6243
[2025-10-28T00:44:58.813+0000] {taskinstance.py:1662} INFO - Exporting env vars: AIRFLOW_CTX_DAG_OWNER='airflow' AIRFLOW_CTX_DAG_ID='hiring_dynamic' AIRFLOW_CTX_TASK_ID='train_gradient_boosting' AIRFLOW_CTX_EXECUTION_DATE='2025-05-05T15:00:00+00:00' AIRFLOW_CTX_TRY_NUMBER='1' AIRFLOW_CTX_DAG_RUN_ID='scheduled__2025-05-05T15:00:00+00:00'
[2025-10-28T00:44:58.818+0000] {logging_mixin.py:154} INFO - Entrenando modelo: gradient_boosting
[2025-10-28T00:44:59.092+0000] {logging_mixin.py:154} INFO - Modelo gradient_boosting guardado en: /opt/airflow/data/dynamic/2025-05-05/models/gradient_boosting.joblib
[2025-10-28T00:44:59.096+0000] {python.py:194} INFO - Done. Returned value was: None
[2025-10-28T00:44:59.098+0000] {taskinstance.py:1400} INFO - Marking task as SUCCESS. dag_id=hiring_dynamic, task_id=train_gradient_boosting, execution_date=20250505T150000, start_date=20251028T004458, end_date=20251028T004459
[2025-10-28T00:44:59.117+0000] {local_task_job_runner.py:228} INFO - Task exited with return code 0
[2025-10-28T00:44:59.126+0000] {taskinstance.py:2778} INFO - 0 downstream tasks scheduled from follow-on schedule check
[2025-10-28T01:31:52.527+0000] {taskinstance.py:1159} INFO - Dependencies all met for dep_context=non-requeueable deps ti=<TaskInstance: hiring_dynamic.train_gradient_boosting scheduled__2025-05-05T15:00:00+00:00 [queued]>
[2025-10-28T01:31:52.532+0000] {taskinstance.py:1159} INFO - Dependencies all met for dep_context=requeueable deps ti=<TaskInstance: hiring_dynamic.train_gradient_boosting scheduled__2025-05-05T15:00:00+00:00 [queued]>
[2025-10-28T01:31:52.532+0000] {taskinstance.py:1361} INFO - Starting attempt 1 of 1
[2025-10-28T01:31:52.543+0000] {taskinstance.py:1382} INFO - Executing <Task(PythonOperator): train_gradient_boosting> on 2025-05-05 15:00:00+00:00
[2025-10-28T01:31:52.577+0000] {standard_task_runner.py:57} INFO - Started process 2439 to run task
[2025-10-28T01:31:52.588+0000] {standard_task_runner.py:84} INFO - Running: ['airflow', 'tasks', 'run', 'hiring_dynamic', 'train_gradient_boosting', 'scheduled__2025-05-05T15:00:00+00:00', '--job-id', '96', '--raw', '--subdir', 'DAGS_FOLDER/dag_dynamic.py', '--cfg-path', '/tmp/tmpjlgh6m8a']
[2025-10-28T01:31:52.593+0000] {standard_task_runner.py:85} INFO - Job 96: Subtask train_gradient_boosting
[2025-10-28T01:31:52.625+0000] {task_command.py:416} INFO - Running <TaskInstance: hiring_dynamic.train_gradient_boosting scheduled__2025-05-05T15:00:00+00:00 [running]> on host c46dbfd34b1f
[2025-10-28T01:31:52.792+0000] {taskinstance.py:1662} INFO - Exporting env vars: AIRFLOW_CTX_DAG_OWNER='airflow' AIRFLOW_CTX_DAG_ID='hiring_dynamic' AIRFLOW_CTX_TASK_ID='train_gradient_boosting' AIRFLOW_CTX_EXECUTION_DATE='2025-05-05T15:00:00+00:00' AIRFLOW_CTX_TRY_NUMBER='1' AIRFLOW_CTX_DAG_RUN_ID='scheduled__2025-05-05T15:00:00+00:00'
[2025-10-28T01:31:52.806+0000] {logging_mixin.py:154} INFO - Entrenando modelo: gradient_boosting
[2025-10-28T01:31:53.294+0000] {logging_mixin.py:154} INFO - Modelo gradient_boosting guardado en: /opt/airflow/data/dynamic/2025-05-05/models/gradient_boosting.joblib
[2025-10-28T01:31:53.304+0000] {python.py:194} INFO - Done. Returned value was: None
[2025-10-28T01:31:53.309+0000] {taskinstance.py:1400} INFO - Marking task as SUCCESS. dag_id=hiring_dynamic, task_id=train_gradient_boosting, execution_date=20250505T150000, start_date=20251028T013152, end_date=20251028T013153
[2025-10-28T01:31:53.362+0000] {local_task_job_runner.py:228} INFO - Task exited with return code 0
[2025-10-28T01:31:53.377+0000] {taskinstance.py:2778} INFO - 0 downstream tasks scheduled from follow-on schedule check
