[2025-12-05T02:47:44.016+0000] {taskinstance.py:1159} INFO - Dependencies all met for dep_context=non-requeueable deps ti=<TaskInstance: sodai_drinks_production_pipeline.sync_recsys_data manual__2025-12-05T02:46:47+00:00 [queued]>
[2025-12-05T02:47:44.022+0000] {taskinstance.py:1159} INFO - Dependencies all met for dep_context=requeueable deps ti=<TaskInstance: sodai_drinks_production_pipeline.sync_recsys_data manual__2025-12-05T02:46:47+00:00 [queued]>
[2025-12-05T02:47:44.022+0000] {taskinstance.py:1361} INFO - Starting attempt 1 of 2
[2025-12-05T02:47:44.031+0000] {taskinstance.py:1382} INFO - Executing <Task(PythonOperator): sync_recsys_data> on 2025-12-05 02:46:47+00:00
[2025-12-05T02:47:44.042+0000] {standard_task_runner.py:57} INFO - Started process 3323 to run task
[2025-12-05T02:47:44.045+0000] {standard_task_runner.py:84} INFO - Running: ['***', 'tasks', 'run', 'sodai_drinks_production_pipeline', 'sync_recsys_data', 'manual__2025-12-05T02:46:47+00:00', '--job-id', '22', '--raw', '--subdir', 'DAGS_FOLDER/pipeline_productivo.py', '--cfg-path', '/tmp/tmpzgg5y65p']
[2025-12-05T02:47:44.048+0000] {standard_task_runner.py:85} INFO - Job 22: Subtask sync_recsys_data
[2025-12-05T02:47:44.087+0000] {task_command.py:416} INFO - Running <TaskInstance: sodai_drinks_production_pipeline.sync_recsys_data manual__2025-12-05T02:46:47+00:00 [running]> on host 7d9d64e391de
[2025-12-05T02:47:44.146+0000] {taskinstance.py:1662} INFO - Exporting env vars: AIRFLOW_CTX_DAG_EMAIL='team@sodaidrinks.com' AIRFLOW_CTX_DAG_OWNER='sodai_drinks_team' AIRFLOW_CTX_DAG_ID='sodai_drinks_production_pipeline' AIRFLOW_CTX_TASK_ID='sync_recsys_data' AIRFLOW_CTX_EXECUTION_DATE='2025-12-05T02:46:47+00:00' AIRFLOW_CTX_TRY_NUMBER='1' AIRFLOW_CTX_DAG_RUN_ID='manual__2025-12-05T02:46:47+00:00'
[2025-12-05T02:47:44.147+0000] {recsys_data_sync.py:26} INFO - 🔄 Iniciando sincronización con RecSys backend...
[2025-12-05T02:47:44.398+0000] {recsys_data_sync.py:40} INFO - 📂 Directorio destino RecSys: /opt/***/shared_data/recsys
[2025-12-05T02:47:44.399+0000] {recsys_data_sync.py:53} INFO - ✅ Copiado transacciones: /opt/***/data/raw/current_batch_2024-W51_train.parquet → /opt/***/shared_data/recsys/current_batch_2024-W51_train.parquet
[2025-12-05T02:47:44.463+0000] {recsys_data_sync.py:57} INFO -    📊 Registros en transacciones: 10075
[2025-12-05T02:47:44.464+0000] {recsys_data_sync.py:53} INFO - ✅ Copiado clientes: /opt/***/data/raw/clientes.parquet → /opt/***/shared_data/recsys/clientes.parquet
[2025-12-05T02:47:44.470+0000] {recsys_data_sync.py:57} INFO -    📊 Registros en clientes: 1569
[2025-12-05T02:47:44.470+0000] {recsys_data_sync.py:53} INFO - ✅ Copiado productos: /opt/***/data/raw/productos.parquet → /opt/***/shared_data/recsys/productos.parquet
[2025-12-05T02:47:44.473+0000] {recsys_data_sync.py:57} INFO -    📊 Registros en productos: 971
[2025-12-05T02:47:44.473+0000] {recsys_data_sync.py:68} INFO - 🔄 Llamando a RecSys retrain endpoint (intento 1/3)...
[2025-12-05T02:47:47.179+0000] {recsys_data_sync.py:98} WARNING - ⚠️ No se pudo conectar con RecSys backend: HTTPConnectionPool(host='sodai-recsys-backend', port=8001): Max retries exceeded with url: /api/v1/retrain (Caused by NewConnectionError('<urllib3.connection.HTTPConnection object at 0x7b74707728c0>: Failed to establish a new connection: [Errno -2] Name or service not known'))
[2025-12-05T02:47:47.179+0000] {recsys_data_sync.py:100} INFO - Reintentando en 5 segundos...
[2025-12-05T02:47:52.181+0000] {recsys_data_sync.py:68} INFO - 🔄 Llamando a RecSys retrain endpoint (intento 2/3)...
[2025-12-05T02:47:52.574+0000] {recsys_data_sync.py:98} WARNING - ⚠️ No se pudo conectar con RecSys backend: HTTPConnectionPool(host='sodai-recsys-backend', port=8001): Max retries exceeded with url: /api/v1/retrain (Caused by NewConnectionError('<urllib3.connection.HTTPConnection object at 0x7b7470772890>: Failed to establish a new connection: [Errno -2] Name or service not known'))
[2025-12-05T02:47:52.574+0000] {recsys_data_sync.py:100} INFO - Reintentando en 5 segundos...
[2025-12-05T02:47:57.613+0000] {recsys_data_sync.py:68} INFO - 🔄 Llamando a RecSys retrain endpoint (intento 3/3)...
[2025-12-05T02:48:00.315+0000] {recsys_data_sync.py:98} WARNING - ⚠️ No se pudo conectar con RecSys backend: HTTPConnectionPool(host='sodai-recsys-backend', port=8001): Max retries exceeded with url: /api/v1/retrain (Caused by NewConnectionError('<urllib3.connection.HTTPConnection object at 0x7b74707728f0>: Failed to establish a new connection: [Errno -2] Name or service not known'))
[2025-12-05T02:48:00.315+0000] {recsys_data_sync.py:103} ERROR - ❌ RecSys backend no disponible después de múltiples intentos
[2025-12-05T02:48:00.329+0000] {python.py:194} INFO - Done. Returned value was: {'status': 'warning', 'recsys_retrained': False, 'message': 'RecSys backend no disponible'}
[2025-12-05T02:48:00.353+0000] {taskinstance.py:1400} INFO - Marking task as SUCCESS. dag_id=sodai_drinks_production_pipeline, task_id=sync_recsys_data, execution_date=20251205T024647, start_date=20251205T024744, end_date=20251205T024800
[2025-12-05T02:48:00.414+0000] {local_task_job_runner.py:228} INFO - Task exited with return code 0
[2025-12-05T02:48:00.433+0000] {taskinstance.py:2778} INFO - 0 downstream tasks scheduled from follow-on schedule check
