[2025-10-28T00:46:15.099+0000] {taskinstance.py:1159} INFO - Dependencies all met for dep_context=non-requeueable deps ti=<TaskInstance: hiring_dynamic.train_gradient_boosting scheduled__2025-08-05T15:00:00+00:00 [queued]>
[2025-10-28T00:46:15.102+0000] {taskinstance.py:1159} INFO - Dependencies all met for dep_context=requeueable deps ti=<TaskInstance: hiring_dynamic.train_gradient_boosting scheduled__2025-08-05T15:00:00+00:00 [queued]>
[2025-10-28T00:46:15.103+0000] {taskinstance.py:1361} INFO - Starting attempt 1 of 1
[2025-10-28T00:46:15.108+0000] {taskinstance.py:1382} INFO - Executing <Task(PythonOperator): train_gradient_boosting> on 2025-08-05 15:00:00+00:00
[2025-10-28T00:46:15.113+0000] {standard_task_runner.py:57} INFO - Started process 2802 to run task
[2025-10-28T00:46:15.115+0000] {standard_task_runner.py:84} INFO - Running: ['airflow', 'tasks', 'run', 'hiring_dynamic', 'train_gradient_boosting', 'scheduled__2025-08-05T15:00:00+00:00', '--job-id', '121', '--raw', '--subdir', 'DAGS_FOLDER/dag_dynamic.py', '--cfg-path', '/tmp/tmpzbk36a3r']
[2025-10-28T00:46:15.116+0000] {standard_task_runner.py:85} INFO - Job 121: Subtask train_gradient_boosting
[2025-10-28T00:46:15.133+0000] {task_command.py:416} INFO - Running <TaskInstance: hiring_dynamic.train_gradient_boosting scheduled__2025-08-05T15:00:00+00:00 [running]> on host d1f69dfe6243
[2025-10-28T00:46:15.161+0000] {taskinstance.py:1662} INFO - Exporting env vars: AIRFLOW_CTX_DAG_OWNER='airflow' AIRFLOW_CTX_DAG_ID='hiring_dynamic' AIRFLOW_CTX_TASK_ID='train_gradient_boosting' AIRFLOW_CTX_EXECUTION_DATE='2025-08-05T15:00:00+00:00' AIRFLOW_CTX_TRY_NUMBER='1' AIRFLOW_CTX_DAG_RUN_ID='scheduled__2025-08-05T15:00:00+00:00'
[2025-10-28T00:46:15.166+0000] {logging_mixin.py:154} INFO - Entrenando modelo: gradient_boosting
[2025-10-28T00:46:15.445+0000] {logging_mixin.py:154} INFO - Modelo gradient_boosting guardado en: /opt/airflow/data/dynamic/2025-08-05/models/gradient_boosting.joblib
[2025-10-28T00:46:15.449+0000] {python.py:194} INFO - Done. Returned value was: None
[2025-10-28T00:46:15.454+0000] {taskinstance.py:1400} INFO - Marking task as SUCCESS. dag_id=hiring_dynamic, task_id=train_gradient_boosting, execution_date=20250805T150000, start_date=20251028T004615, end_date=20251028T004615
[2025-10-28T00:46:15.490+0000] {local_task_job_runner.py:228} INFO - Task exited with return code 0
[2025-10-28T00:46:15.500+0000] {taskinstance.py:2778} INFO - 0 downstream tasks scheduled from follow-on schedule check
[2025-10-28T01:33:10.561+0000] {taskinstance.py:1159} INFO - Dependencies all met for dep_context=non-requeueable deps ti=<TaskInstance: hiring_dynamic.train_gradient_boosting scheduled__2025-08-05T15:00:00+00:00 [queued]>
[2025-10-28T01:33:10.564+0000] {taskinstance.py:1159} INFO - Dependencies all met for dep_context=requeueable deps ti=<TaskInstance: hiring_dynamic.train_gradient_boosting scheduled__2025-08-05T15:00:00+00:00 [queued]>
[2025-10-28T01:33:10.564+0000] {taskinstance.py:1361} INFO - Starting attempt 1 of 1
[2025-10-28T01:33:10.571+0000] {taskinstance.py:1382} INFO - Executing <Task(PythonOperator): train_gradient_boosting> on 2025-08-05 15:00:00+00:00
[2025-10-28T01:33:10.578+0000] {standard_task_runner.py:57} INFO - Started process 2863 to run task
[2025-10-28T01:33:10.583+0000] {standard_task_runner.py:84} INFO - Running: ['airflow', 'tasks', 'run', 'hiring_dynamic', 'train_gradient_boosting', 'scheduled__2025-08-05T15:00:00+00:00', '--job-id', '113', '--raw', '--subdir', 'DAGS_FOLDER/dag_dynamic.py', '--cfg-path', '/tmp/tmpggeyria_']
[2025-10-28T01:33:10.584+0000] {standard_task_runner.py:85} INFO - Job 113: Subtask train_gradient_boosting
[2025-10-28T01:33:10.605+0000] {task_command.py:416} INFO - Running <TaskInstance: hiring_dynamic.train_gradient_boosting scheduled__2025-08-05T15:00:00+00:00 [running]> on host c46dbfd34b1f
[2025-10-28T01:33:10.641+0000] {taskinstance.py:1662} INFO - Exporting env vars: AIRFLOW_CTX_DAG_OWNER='airflow' AIRFLOW_CTX_DAG_ID='hiring_dynamic' AIRFLOW_CTX_TASK_ID='train_gradient_boosting' AIRFLOW_CTX_EXECUTION_DATE='2025-08-05T15:00:00+00:00' AIRFLOW_CTX_TRY_NUMBER='1' AIRFLOW_CTX_DAG_RUN_ID='scheduled__2025-08-05T15:00:00+00:00'
[2025-10-28T01:33:10.648+0000] {logging_mixin.py:154} INFO - Entrenando modelo: gradient_boosting
[2025-10-28T01:33:10.964+0000] {logging_mixin.py:154} INFO - Modelo gradient_boosting guardado en: /opt/airflow/data/dynamic/2025-08-05/models/gradient_boosting.joblib
[2025-10-28T01:33:10.976+0000] {python.py:194} INFO - Done. Returned value was: None
[2025-10-28T01:33:10.982+0000] {taskinstance.py:1400} INFO - Marking task as SUCCESS. dag_id=hiring_dynamic, task_id=train_gradient_boosting, execution_date=20250805T150000, start_date=20251028T013310, end_date=20251028T013310
[2025-10-28T01:33:11.072+0000] {local_task_job_runner.py:228} INFO - Task exited with return code 0
[2025-10-28T01:33:11.104+0000] {taskinstance.py:2778} INFO - 0 downstream tasks scheduled from follow-on schedule check
